Command line invocation:
    /Applications/Xcode-beta.app/Contents/Developer/usr/bin/xcodebuild -workspace CodeLooper.xcworkspace -scheme CodeLooper -configuration Debug clean build

Resolve Package Graph


Resolved source packages:
  swift-numerics: https://github.com/apple/swift-numerics.git @ 1.0.3
  OpenAI: https://github.com/MacPaw/OpenAI @ 0.4.3
  AXpector: /Users/steipete/Projects/CodeLooper/AXpector
  swift-log: https://github.com/apple/swift-log.git @ 1.6.3
  Ollama: /Users/steipete/Projects/ollama-swift
  swift-testing: https://github.com/apple/swift-testing.git @ 0.99.0
  swift-system: https://github.com/apple/swift-system.git @ 1.5.0
  swift-nio: https://github.com/apple/swift-nio.git @ 2.83.0
  swift-service-context: https://github.com/apple/swift-service-context.git @ 1.2.1
  swift-nio-ssl: https://github.com/apple/swift-nio-ssl.git @ 2.31.0
  swift-service-lifecycle: https://github.com/swift-server/swift-service-lifecycle.git @ 2.8.0
  Demark: https://github.com/steipete/Demark @ 1.0.0
  swift-algorithms: https://github.com/apple/swift-algorithms.git @ 1.2.1
  swift-asn1: https://github.com/apple/swift-asn1.git @ 1.3.2
  swift-distributed-tracing: https://github.com/apple/swift-distributed-tracing.git @ 1.2.0
  swift-collections: https://github.com/apple/swift-collections.git @ 1.2.0
  swift-argument-parser: https://github.com/apple/swift-argument-parser.git @ 1.5.0
  swift-crypto: https://github.com/apple/swift-crypto.git @ 3.12.3
  hummingbird: https://github.com/hummingbird-project/hummingbird.git @ 2.14.1
  swift-async-algorithms: https://github.com/apple/swift-async-algorithms.git @ 1.0.4
  swift-nio-http2: https://github.com/apple/swift-nio-http2.git @ 1.36.0
  swift-atomics: https://github.com/apple/swift-atomics.git @ 1.3.0
  swift-http-types: https://github.com/apple/swift-http-types @ 1.4.0
  swift-certificates: https://github.com/apple/swift-certificates.git @ 1.10.0
  swift-syntax: https://github.com/swiftlang/swift-syntax @ 600.0.1
  KeychainAccess: https://github.com/kishikawakatsumi/KeychainAccess.git @ 4.2.2
  swiftui-introspect: https://github.com/siteline/SwiftUI-Introspect.git @ 0.12.0
  Defaults: https://github.com/sindresorhus/Defaults @ 9.0.2
  Sparkle: https://github.com/sparkle-project/Sparkle.git @ 2.7.0
  KeyboardShortcuts: https://github.com/sindresorhus/KeyboardShortcuts @ 2.3.0
  swift-openapi-runtime: https://github.com/apple/swift-openapi-runtime @ 1.8.2
  async-http-client: https://github.com/swift-server/async-http-client.git @ 1.26.1
  swift-nio-transport-services: https://github.com/apple/swift-nio-transport-services.git @ 1.24.0
  DesignSystem: /Users/steipete/Projects/CodeLooper/DesignSystem
  swift-metrics: https://github.com/apple/swift-metrics.git @ 2.7.0
  axPackage: /Users/steipete/Projects/CodeLooper/AXorcist
  swift-nio-extras: https://github.com/apple/swift-nio-extras.git @ 1.28.0
  MenuBarExtraAccess: https://github.com/orchetect/MenuBarExtraAccess.git @ 1.2.1
  swift-http-structured-headers: https://github.com/apple/swift-http-structured-headers.git @ 1.3.0

--- xcodebuild: WARNING: Using the first of multiple matching destinations:
{ platform:macOS, arch:arm64, id:00006041-001C10A20150801C, name:My Mac }
{ platform:macOS, arch:x86_64, id:00006041-001C10A20150801C, name:My Mac }
{ platform:macOS, name:Any Mac }
CreateBuildRequest

SendProjectDescription

CreateBuildOperation

** CLEAN SUCCEEDED **

--- xcodebuild: WARNING: Using the first of multiple matching destinations:
{ platform:macOS, arch:arm64, id:00006041-001C10A20150801C, name:My Mac }
{ platform:macOS, arch:x86_64, id:00006041-001C10A20150801C, name:My Mac }
{ platform:macOS, name:Any Mac }
ComputePackagePrebuildTargetDependencyGraph

Prepare packages

CreateBuildRequest

SendProjectDescription

CreateBuildOperation

ComputeTargetDependencyGraph
note: Building targets in dependency order
note: Target dependency graph (97 targets)
    Target 'CodeLooper' in project 'CodeLooper'
        ➜ Explicit dependency on target 'Diagnostics' in project 'CodeLooper'
        ➜ Explicit dependency on target 'Defaults' in project 'Defaults'
        ➜ Explicit dependency on target 'KeychainAccess' in project 'KeychainAccess'
        ➜ Explicit dependency on target 'SwiftUIIntrospect' in project 'swiftui-introspect'
        ➜ Explicit dependency on target 'Logging' in project 'swift-log'
        ➜ Explicit dependency on target 'AXorcist' in project 'axPackage'
        ➜ Explicit dependency on target 'AXpector' in project 'AXpector'
        ➜ Explicit dependency on target 'Sparkle' in project 'Sparkle'
        ➜ Explicit dependency on target 'KeyboardShortcuts' in project 'KeyboardShortcuts'
        ➜ Explicit dependency on target 'DesignSystem' in project 'DesignSystem'
        ➜ Explicit dependency on target 'MenuBarExtraAccess' in project 'MenuBarExtraAccess'
        ➜ Explicit dependency on target 'OpenAI' in project 'OpenAI'
        ➜ Explicit dependency on target 'Ollama' in project 'Ollama'
        ➜ Explicit dependency on target 'Demark' in project 'Demark'
        ➜ Explicit dependency on target 'Hummingbird' in project 'hummingbird'
    Target 'Hummingbird' in project 'hummingbird'
        ➜ Explicit dependency on target 'Hummingbird' in project 'hummingbird'
        ➜ Explicit dependency on target 'HummingbirdCore' in project 'hummingbird'
        ➜ Explicit dependency on target 'AsyncAlgorithms' in project 'swift-async-algorithms'
        ➜ Explicit dependency on target 'Collections' in project 'swift-collections'
        ➜ Explicit dependency on target 'HTTPTypes' in project 'swift-http-types'
        ➜ Explicit dependency on target 'Logging' in project 'swift-log'
        ➜ Explicit dependency on target 'NIOCore' in project 'swift-nio'
        ➜ Explicit dependency on target 'NIOConcurrencyHelpers' in project 'swift-nio'
        ➜ Explicit dependency on target 'NIOHTTPTypes' in project 'swift-nio-extras'
        ➜ Explicit dependency on target 'NIOHTTPTypesHTTP1' in project 'swift-nio-extras'
        ➜ Explicit dependency on target 'NIOExtras' in project 'swift-nio-extras'
        ➜ Explicit dependency on target 'NIOPosix' in project 'swift-nio'
        ➜ Explicit dependency on target 'NIOTransportServices' in project 'swift-nio-transport-services'
        ➜ Explicit dependency on target 'ServiceLifecycle' in project 'swift-service-lifecycle'
        ➜ Explicit dependency on target 'Atomics' in project 'swift-atomics'
        ➜ Explicit dependency on target 'Metrics' in project 'swift-metrics'
        ➜ Explicit dependency on target 'Tracing' in project 'swift-distributed-tracing'
    Target 'Hummingbird' in project 'hummingbird'
        ➜ Explicit dependency on target 'HummingbirdCore' in project 'hummingbird'
        ➜ Explicit dependency on target 'AsyncAlgorithms' in project 'swift-async-algorithms'
        ➜ Explicit dependency on target 'Collections' in project 'swift-collections'
        ➜ Explicit dependency on target 'HTTPTypes' in project 'swift-http-types'
        ➜ Explicit dependency on target 'Logging' in project 'swift-log'
        ➜ Explicit dependency on target 'NIOCore' in project 'swift-nio'
        ➜ Explicit dependency on target 'NIOConcurrencyHelpers' in project 'swift-nio'
        ➜ Explicit dependency on target 'NIOHTTPTypes' in project 'swift-nio-extras'
        ➜ Explicit dependency on target 'NIOHTTPTypesHTTP1' in project 'swift-nio-extras'
        ➜ Explicit dependency on target 'NIOExtras' in project 'swift-nio-extras'
        ➜ Explicit dependency on target 'NIOPosix' in project 'swift-nio'
        ➜ Explicit dependency on target 'NIOTransportServices' in project 'swift-nio-transport-services'
        ➜ Explicit dependency on target 'ServiceLifecycle' in project 'swift-service-lifecycle'
        ➜ Explicit dependency on target 'Atomics' in project 'swift-atomics'
        ➜ Explicit dependency on target 'Metrics' in project 'swift-metrics'
        ➜ Explicit dependency on target 'Tracing' in project 'swift-distributed-tracing'
    Target 'Tracing' in project 'swift-distributed-tracing'
        ➜ Explicit dependency on target 'Tracing' in project 'swift-distributed-tracing'
        ➜ Explicit dependency on target 'Instrumentation' in project 'swift-distributed-tracing'
        ➜ Explicit dependency on target 'ServiceContextModule' in project 'swift-service-context'
    Target 'Tracing' in project 'swift-distributed-tracing'
        ➜ Explicit dependency on target 'Instrumentation' in project 'swift-distributed-tracing'
        ➜ Explicit dependency on target 'ServiceContextModule' in project 'swift-service-context'
    Target 'Instrumentation' in project 'swift-distributed-tracing'
        ➜ Explicit dependency on target 'ServiceContextModule' in project 'swift-service-context'
    Target 'ServiceContextModule' in project 'swift-service-context'
        ➜ Explicit dependency on target 'ServiceContextModule' in project 'swift-service-context'
    Target 'ServiceContextModule' in project 'swift-service-context' (no dependencies)
    Target 'Metrics' in project 'swift-metrics'
        ➜ Explicit dependency on target 'Metrics' in project 'swift-metrics'
        ➜ Explicit dependency on target 'CoreMetrics' in project 'swift-metrics'
    Target 'Metrics' in project 'swift-metrics'
        ➜ Explicit dependency on target 'CoreMetrics' in project 'swift-metrics'
    Target 'CoreMetrics' in project 'swift-metrics' (no dependencies)
    Target 'HummingbirdCore' in project 'hummingbird'
        ➜ Explicit dependency on target 'AsyncAlgorithms' in project 'swift-async-algorithms'
        ➜ Explicit dependency on target 'Collections' in project 'swift-collections'
        ➜ Explicit dependency on target 'HTTPTypes' in project 'swift-http-types'
        ➜ Explicit dependency on target 'Logging' in project 'swift-log'
        ➜ Explicit dependency on target 'NIOCore' in project 'swift-nio'
        ➜ Explicit dependency on target 'NIOConcurrencyHelpers' in project 'swift-nio'
        ➜ Explicit dependency on target 'NIOHTTPTypes' in project 'swift-nio-extras'
        ➜ Explicit dependency on target 'NIOHTTPTypesHTTP1' in project 'swift-nio-extras'
        ➜ Explicit dependency on target 'NIOExtras' in project 'swift-nio-extras'
        ➜ Explicit dependency on target 'NIOPosix' in project 'swift-nio'
        ➜ Explicit dependency on target 'NIOTransportServices' in project 'swift-nio-transport-services'
        ➜ Explicit dependency on target 'ServiceLifecycle' in project 'swift-service-lifecycle'
    Target 'ServiceLifecycle' in project 'swift-service-lifecycle'
        ➜ Explicit dependency on target 'ServiceLifecycle' in project 'swift-service-lifecycle'
        ➜ Explicit dependency on target 'ConcurrencyHelpers' in project 'swift-service-lifecycle'
        ➜ Explicit dependency on target 'UnixSignals' in project 'swift-service-lifecycle'
        ➜ Explicit dependency on target 'Logging' in project 'swift-log'
        ➜ Explicit dependency on target 'AsyncAlgorithms' in project 'swift-async-algorithms'
    Target 'ServiceLifecycle' in project 'swift-service-lifecycle'
        ➜ Explicit dependency on target 'ConcurrencyHelpers' in project 'swift-service-lifecycle'
        ➜ Explicit dependency on target 'UnixSignals' in project 'swift-service-lifecycle'
        ➜ Explicit dependency on target 'Logging' in project 'swift-log'
        ➜ Explicit dependency on target 'AsyncAlgorithms' in project 'swift-async-algorithms'
    Target 'UnixSignals' in project 'swift-service-lifecycle'
        ➜ Explicit dependency on target 'ConcurrencyHelpers' in project 'swift-service-lifecycle'
    Target 'ConcurrencyHelpers' in project 'swift-service-lifecycle' (no dependencies)
    Target 'NIOTransportServices' in project 'swift-nio-transport-services'
        ➜ Explicit dependency on target 'NIOTransportServices' in project 'swift-nio-transport-services'
        ➜ Explicit dependency on target 'NIO' in project 'swift-nio'
        ➜ Explicit dependency on target 'NIOCore' in project 'swift-nio'
        ➜ Explicit dependency on target 'NIOFoundationCompat' in project 'swift-nio'
        ➜ Explicit dependency on target 'NIOTLS' in project 'swift-nio'
        ➜ Explicit dependency on target 'Atomics' in project 'swift-atomics'
    Target 'NIOTransportServices' in project 'swift-nio-transport-services'
        ➜ Explicit dependency on target 'NIO' in project 'swift-nio'
        ➜ Explicit dependency on target 'NIOCore' in project 'swift-nio'
        ➜ Explicit dependency on target 'NIOFoundationCompat' in project 'swift-nio'
        ➜ Explicit dependency on target 'NIOTLS' in project 'swift-nio'
        ➜ Explicit dependency on target 'Atomics' in project 'swift-atomics'
    Target 'NIOTLS' in project 'swift-nio'
        ➜ Explicit dependency on target 'NIOTLS' in project 'swift-nio'
        ➜ Explicit dependency on target 'CNIOAtomics' in project 'swift-nio'
        ➜ Explicit dependency on target 'NIOConcurrencyHelpers' in project 'swift-nio'
        ➜ Explicit dependency on target '_NIOBase64' in project 'swift-nio'
        ➜ Explicit dependency on target 'CNIODarwin' in project 'swift-nio'
        ➜ Explicit dependency on target 'CNIOLinux' in project 'swift-nio'
        ➜ Explicit dependency on target 'CNIOWindows' in project 'swift-nio'
        ➜ Explicit dependency on target 'CNIOWASI' in project 'swift-nio'
        ➜ Explicit dependency on target '_NIODataStructures' in project 'swift-nio'
        ➜ Explicit dependency on target 'NIOCore' in project 'swift-nio'
        ➜ Explicit dependency on target 'NIOEmbedded' in project 'swift-nio'
        ➜ Explicit dependency on target 'NIOPosix' in project 'swift-nio'
        ➜ Explicit dependency on target 'NIO' in project 'swift-nio'
        ➜ Explicit dependency on target 'DequeModule' in project 'swift-collections'
        ➜ Explicit dependency on target 'Atomics' in project 'swift-atomics'
    Target 'NIOTLS' in project 'swift-nio'
        ➜ Explicit dependency on target 'CNIOAtomics' in project 'swift-nio'
        ➜ Explicit dependency on target 'NIOConcurrencyHelpers' in project 'swift-nio'
        ➜ Explicit dependency on target '_NIOBase64' in project 'swift-nio'
        ➜ Explicit dependency on target 'CNIODarwin' in project 'swift-nio'
        ➜ Explicit dependency on target 'CNIOLinux' in project 'swift-nio'
        ➜ Explicit dependency on target 'CNIOWindows' in project 'swift-nio'
        ➜ Explicit dependency on target 'CNIOWASI' in project 'swift-nio'
        ➜ Explicit dependency on target '_NIODataStructures' in project 'swift-nio'
        ➜ Explicit dependency on target 'NIOCore' in project 'swift-nio'
        ➜ Explicit dependency on target 'NIOEmbedded' in project 'swift-nio'
        ➜ Explicit dependency on target 'NIOPosix' in project 'swift-nio'
        ➜ Explicit dependency on target 'NIO' in project 'swift-nio'
        ➜ Explicit dependency on target 'DequeModule' in project 'swift-collections'
        ➜ Explicit dependency on target 'Atomics' in project 'swift-atomics'
    Target 'NIOFoundationCompat' in project 'swift-nio'
        ➜ Explicit dependency on target 'NIOFoundationCompat' in project 'swift-nio'
        ➜ Explicit dependency on target 'CNIOAtomics' in project 'swift-nio'
        ➜ Explicit dependency on target 'NIOConcurrencyHelpers' in project 'swift-nio'
        ➜ Explicit dependency on target '_NIOBase64' in project 'swift-nio'
        ➜ Explicit dependency on target 'CNIODarwin' in project 'swift-nio'
        ➜ Explicit dependency on target 'CNIOLinux' in project 'swift-nio'
        ➜ Explicit dependency on target 'CNIOWindows' in project 'swift-nio'
        ➜ Explicit dependency on target 'CNIOWASI' in project 'swift-nio'
        ➜ Explicit dependency on target '_NIODataStructures' in project 'swift-nio'
        ➜ Explicit dependency on target 'NIOCore' in project 'swift-nio'
        ➜ Explicit dependency on target 'NIOEmbedded' in project 'swift-nio'
        ➜ Explicit dependency on target 'NIOPosix' in project 'swift-nio'
        ➜ Explicit dependency on target 'NIO' in project 'swift-nio'
        ➜ Explicit dependency on target 'DequeModule' in project 'swift-collections'
        ➜ Explicit dependency on target 'Atomics' in project 'swift-atomics'
    Target 'NIOFoundationCompat' in project 'swift-nio'
        ➜ Explicit dependency on target 'CNIOAtomics' in project 'swift-nio'
        ➜ Explicit dependency on target 'NIOConcurrencyHelpers' in project 'swift-nio'
        ➜ Explicit dependency on target '_NIOBase64' in project 'swift-nio'
        ➜ Explicit dependency on target 'CNIODarwin' in project 'swift-nio'
        ➜ Explicit dependency on target 'CNIOLinux' in project 'swift-nio'
        ➜ Explicit dependency on target 'CNIOWindows' in project 'swift-nio'
        ➜ Explicit dependency on target 'CNIOWASI' in project 'swift-nio'
        ➜ Explicit dependency on target '_NIODataStructures' in project 'swift-nio'
        ➜ Explicit dependency on target 'NIOCore' in project 'swift-nio'
        ➜ Explicit dependency on target 'NIOEmbedded' in project 'swift-nio'
        ➜ Explicit dependency on target 'NIOPosix' in project 'swift-nio'
        ➜ Explicit dependency on target 'NIO' in project 'swift-nio'
        ➜ Explicit dependency on target 'DequeModule' in project 'swift-collections'
        ➜ Explicit dependency on target 'Atomics' in project 'swift-atomics'
    Target 'NIOPosix' in project 'swift-nio'
        ➜ Explicit dependency on target 'NIOPosix' in project 'swift-nio'
        ➜ Explicit dependency on target 'swift-nio_NIOPosix' in project 'swift-nio'
        ➜ Explicit dependency on target 'CNIOLinux' in project 'swift-nio'
        ➜ Explicit dependency on target 'CNIODarwin' in project 'swift-nio'
        ➜ Explicit dependency on target 'CNIOWindows' in project 'swift-nio'
        ➜ Explicit dependency on target 'CNIOAtomics' in project 'swift-nio'
        ➜ Explicit dependency on target 'NIOConcurrencyHelpers' in project 'swift-nio'
        ➜ Explicit dependency on target '_NIOBase64' in project 'swift-nio'
        ➜ Explicit dependency on target 'CNIOWASI' in project 'swift-nio'
        ➜ Explicit dependency on target '_NIODataStructures' in project 'swift-nio'
        ➜ Explicit dependency on target 'NIOCore' in project 'swift-nio'
        ➜ Explicit dependency on target 'DequeModule' in project 'swift-collections'
        ➜ Explicit dependency on target 'Atomics' in project 'swift-atomics'
    Target 'NIOExtras' in project 'swift-nio-extras'
        ➜ Explicit dependency on target 'NIOExtras' in project 'swift-nio-extras'
        ➜ Explicit dependency on target 'NIO' in project 'swift-nio'
        ➜ Explicit dependency on target 'NIOCore' in project 'swift-nio'
        ➜ Explicit dependency on target 'NIOHTTP1' in project 'swift-nio'
    Target 'NIOExtras' in project 'swift-nio-extras'
        ➜ Explicit dependency on target 'NIO' in project 'swift-nio'
        ➜ Explicit dependency on target 'NIOCore' in project 'swift-nio'
        ➜ Explicit dependency on target 'NIOHTTP1' in project 'swift-nio'
    Target 'NIO' in project 'swift-nio'
        ➜ Explicit dependency on target 'NIO' in project 'swift-nio'
        ➜ Explicit dependency on target 'CNIOAtomics' in project 'swift-nio'
        ➜ Explicit dependency on target 'NIOConcurrencyHelpers' in project 'swift-nio'
        ➜ Explicit dependency on target '_NIOBase64' in project 'swift-nio'
        ➜ Explicit dependency on target 'CNIODarwin' in project 'swift-nio'
        ➜ Explicit dependency on target 'CNIOLinux' in project 'swift-nio'
        ➜ Explicit dependency on target 'CNIOWindows' in project 'swift-nio'
        ➜ Explicit dependency on target 'CNIOWASI' in project 'swift-nio'
        ➜ Explicit dependency on target '_NIODataStructures' in project 'swift-nio'
        ➜ Explicit dependency on target 'NIOCore' in project 'swift-nio'
        ➜ Explicit dependency on target 'NIOEmbedded' in project 'swift-nio'
        ➜ Explicit dependency on target 'NIOPosix' in project 'swift-nio'
        ➜ Explicit dependency on target 'DequeModule' in project 'swift-collections'
        ➜ Explicit dependency on target 'Atomics' in project 'swift-atomics'
    Target 'NIOHTTPTypesHTTP1' in project 'swift-nio-extras'
        ➜ Explicit dependency on target 'NIOHTTPTypesHTTP1' in project 'swift-nio-extras'
        ➜ Explicit dependency on target 'NIOHTTPTypes' in project 'swift-nio-extras'
        ➜ Explicit dependency on target 'HTTPTypes' in project 'swift-http-types'
        ➜ Explicit dependency on target 'NIOCore' in project 'swift-nio'
        ➜ Explicit dependency on target 'NIOHTTP1' in project 'swift-nio'
    Target 'NIOHTTPTypesHTTP1' in project 'swift-nio-extras'
        ➜ Explicit dependency on target 'NIOHTTPTypes' in project 'swift-nio-extras'
        ➜ Explicit dependency on target 'HTTPTypes' in project 'swift-http-types'
        ➜ Explicit dependency on target 'NIOCore' in project 'swift-nio'
        ➜ Explicit dependency on target 'NIOHTTP1' in project 'swift-nio'
    Target 'NIOHTTP1' in project 'swift-nio'
        ➜ Explicit dependency on target 'NIOHTTP1' in project 'swift-nio'
        ➜ Explicit dependency on target 'CNIOAtomics' in project 'swift-nio'
        ➜ Explicit dependency on target 'NIOConcurrencyHelpers' in project 'swift-nio'
        ➜ Explicit dependency on target '_NIOBase64' in project 'swift-nio'
        ➜ Explicit dependency on target 'CNIODarwin' in project 'swift-nio'
        ➜ Explicit dependency on target 'CNIOLinux' in project 'swift-nio'
        ➜ Explicit dependency on target 'CNIOWindows' in project 'swift-nio'
        ➜ Explicit dependency on target 'CNIOWASI' in project 'swift-nio'
        ➜ Explicit dependency on target '_NIODataStructures' in project 'swift-nio'
        ➜ Explicit dependency on target 'NIOCore' in project 'swift-nio'
        ➜ Explicit dependency on target 'NIOEmbedded' in project 'swift-nio'
        ➜ Explicit dependency on target 'NIOPosix' in project 'swift-nio'
        ➜ Explicit dependency on target 'NIO' in project 'swift-nio'
        ➜ Explicit dependency on target 'CNIOLLHTTP' in project 'swift-nio'
        ➜ Explicit dependency on target 'DequeModule' in project 'swift-collections'
        ➜ Explicit dependency on target 'Atomics' in project 'swift-atomics'
    Target 'NIOHTTP1' in project 'swift-nio'
        ➜ Explicit dependency on target 'CNIOAtomics' in project 'swift-nio'
        ➜ Explicit dependency on target 'NIOConcurrencyHelpers' in project 'swift-nio'
        ➜ Explicit dependency on target '_NIOBase64' in project 'swift-nio'
        ➜ Explicit dependency on target 'CNIODarwin' in project 'swift-nio'
        ➜ Explicit dependency on target 'CNIOLinux' in project 'swift-nio'
        ➜ Explicit dependency on target 'CNIOWindows' in project 'swift-nio'
        ➜ Explicit dependency on target 'CNIOWASI' in project 'swift-nio'
        ➜ Explicit dependency on target '_NIODataStructures' in project 'swift-nio'
        ➜ Explicit dependency on target 'NIOCore' in project 'swift-nio'
        ➜ Explicit dependency on target 'NIOEmbedded' in project 'swift-nio'
        ➜ Explicit dependency on target 'NIOPosix' in project 'swift-nio'
        ➜ Explicit dependency on target 'NIO' in project 'swift-nio'
        ➜ Explicit dependency on target 'CNIOLLHTTP' in project 'swift-nio'
        ➜ Explicit dependency on target 'DequeModule' in project 'swift-collections'
        ➜ Explicit dependency on target 'Atomics' in project 'swift-atomics'
    Target 'CNIOLLHTTP' in project 'swift-nio' (no dependencies)
    Target 'NIO' in project 'swift-nio'
        ➜ Explicit dependency on target 'CNIOAtomics' in project 'swift-nio'
        ➜ Explicit dependency on target 'NIOConcurrencyHelpers' in project 'swift-nio'
        ➜ Explicit dependency on target '_NIOBase64' in project 'swift-nio'
        ➜ Explicit dependency on target 'CNIODarwin' in project 'swift-nio'
        ➜ Explicit dependency on target 'CNIOLinux' in project 'swift-nio'
        ➜ Explicit dependency on target 'CNIOWindows' in project 'swift-nio'
        ➜ Explicit dependency on target 'CNIOWASI' in project 'swift-nio'
        ➜ Explicit dependency on target '_NIODataStructures' in project 'swift-nio'
        ➜ Explicit dependency on target 'NIOCore' in project 'swift-nio'
        ➜ Explicit dependency on target 'NIOEmbedded' in project 'swift-nio'
        ➜ Explicit dependency on target 'NIOPosix' in project 'swift-nio'
        ➜ Explicit dependency on target 'DequeModule' in project 'swift-collections'
        ➜ Explicit dependency on target 'Atomics' in project 'swift-atomics'
    Target 'NIOPosix' in project 'swift-nio'
        ➜ Explicit dependency on target 'swift-nio_NIOPosix' in project 'swift-nio'
        ➜ Explicit dependency on target 'CNIOLinux' in project 'swift-nio'
        ➜ Explicit dependency on target 'CNIODarwin' in project 'swift-nio'
        ➜ Explicit dependency on target 'CNIOWindows' in project 'swift-nio'
        ➜ Explicit dependency on target 'CNIOAtomics' in project 'swift-nio'
        ➜ Explicit dependency on target 'NIOConcurrencyHelpers' in project 'swift-nio'
        ➜ Explicit dependency on target '_NIOBase64' in project 'swift-nio'
        ➜ Explicit dependency on target 'CNIOWASI' in project 'swift-nio'
        ➜ Explicit dependency on target '_NIODataStructures' in project 'swift-nio'
        ➜ Explicit dependency on target 'NIOCore' in project 'swift-nio'
        ➜ Explicit dependency on target 'DequeModule' in project 'swift-collections'
        ➜ Explicit dependency on target 'Atomics' in project 'swift-atomics'
    Target 'swift-nio_NIOPosix' in project 'swift-nio' (no dependencies)
    Target 'NIOEmbedded' in project 'swift-nio'
        ➜ Explicit dependency on target 'CNIOAtomics' in project 'swift-nio'
        ➜ Explicit dependency on target 'NIOConcurrencyHelpers' in project 'swift-nio'
        ➜ Explicit dependency on target '_NIOBase64' in project 'swift-nio'
        ➜ Explicit dependency on target 'CNIODarwin' in project 'swift-nio'
        ➜ Explicit dependency on target 'CNIOLinux' in project 'swift-nio'
        ➜ Explicit dependency on target 'CNIOWindows' in project 'swift-nio'
        ➜ Explicit dependency on target 'CNIOWASI' in project 'swift-nio'
        ➜ Explicit dependency on target '_NIODataStructures' in project 'swift-nio'
        ➜ Explicit dependency on target 'NIOCore' in project 'swift-nio'
        ➜ Explicit dependency on target 'DequeModule' in project 'swift-collections'
        ➜ Explicit dependency on target 'Atomics' in project 'swift-atomics'
    Target 'NIOHTTPTypes' in project 'swift-nio-extras'
        ➜ Explicit dependency on target 'NIOHTTPTypes' in project 'swift-nio-extras'
        ➜ Explicit dependency on target 'HTTPTypes' in project 'swift-http-types'
        ➜ Explicit dependency on target 'NIOCore' in project 'swift-nio'
    Target 'NIOHTTPTypes' in project 'swift-nio-extras'
        ➜ Explicit dependency on target 'HTTPTypes' in project 'swift-http-types'
        ➜ Explicit dependency on target 'NIOCore' in project 'swift-nio'
    Target 'NIOConcurrencyHelpers' in project 'swift-nio'
        ➜ Explicit dependency on target 'NIOConcurrencyHelpers' in project 'swift-nio'
        ➜ Explicit dependency on target 'CNIOAtomics' in project 'swift-nio'
    Target 'NIOCore' in project 'swift-nio'
        ➜ Explicit dependency on target 'NIOCore' in project 'swift-nio'
        ➜ Explicit dependency on target 'CNIOAtomics' in project 'swift-nio'
        ➜ Explicit dependency on target 'NIOConcurrencyHelpers' in project 'swift-nio'
        ➜ Explicit dependency on target '_NIOBase64' in project 'swift-nio'
        ➜ Explicit dependency on target 'CNIODarwin' in project 'swift-nio'
        ➜ Explicit dependency on target 'CNIOLinux' in project 'swift-nio'
        ➜ Explicit dependency on target 'CNIOWindows' in project 'swift-nio'
        ➜ Explicit dependency on target 'CNIOWASI' in project 'swift-nio'
        ➜ Explicit dependency on target '_NIODataStructures' in project 'swift-nio'
        ➜ Explicit dependency on target 'DequeModule' in project 'swift-collections'
        ➜ Explicit dependency on target 'Atomics' in project 'swift-atomics'
    Target 'NIOCore' in project 'swift-nio'
        ➜ Explicit dependency on target 'CNIOAtomics' in project 'swift-nio'
        ➜ Explicit dependency on target 'NIOConcurrencyHelpers' in project 'swift-nio'
        ➜ Explicit dependency on target '_NIOBase64' in project 'swift-nio'
        ➜ Explicit dependency on target 'CNIODarwin' in project 'swift-nio'
        ➜ Explicit dependency on target 'CNIOLinux' in project 'swift-nio'
        ➜ Explicit dependency on target 'CNIOWindows' in project 'swift-nio'
        ➜ Explicit dependency on target 'CNIOWASI' in project 'swift-nio'
        ➜ Explicit dependency on target '_NIODataStructures' in project 'swift-nio'
        ➜ Explicit dependency on target 'DequeModule' in project 'swift-collections'
        ➜ Explicit dependency on target 'Atomics' in project 'swift-atomics'
    Target 'Atomics' in project 'swift-atomics'
        ➜ Explicit dependency on target 'Atomics' in project 'swift-atomics'
        ➜ Explicit dependency on target '_AtomicsShims' in project 'swift-atomics'
    Target 'Atomics' in project 'swift-atomics'
        ➜ Explicit dependency on target '_AtomicsShims' in project 'swift-atomics'
    Target '_AtomicsShims' in project 'swift-atomics' (no dependencies)
    Target '_NIODataStructures' in project 'swift-nio' (no dependencies)
    Target 'CNIOWASI' in project 'swift-nio' (no dependencies)
    Target 'CNIOWindows' in project 'swift-nio' (no dependencies)
    Target 'CNIOLinux' in project 'swift-nio' (no dependencies)
    Target 'CNIODarwin' in project 'swift-nio' (no dependencies)
    Target '_NIOBase64' in project 'swift-nio' (no dependencies)
    Target 'NIOConcurrencyHelpers' in project 'swift-nio'
        ➜ Explicit dependency on target 'CNIOAtomics' in project 'swift-nio'
    Target 'CNIOAtomics' in project 'swift-nio' (no dependencies)
    Target 'Collections' in project 'swift-collections'
        ➜ Explicit dependency on target 'Collections' in project 'swift-collections'
        ➜ Explicit dependency on target 'InternalCollectionsUtilities' in project 'swift-collections'
        ➜ Explicit dependency on target 'BitCollections' in project 'swift-collections'
        ➜ Explicit dependency on target 'DequeModule' in project 'swift-collections'
        ➜ Explicit dependency on target 'HashTreeCollections' in project 'swift-collections'
        ➜ Explicit dependency on target 'HeapModule' in project 'swift-collections'
        ➜ Explicit dependency on target 'OrderedCollections' in project 'swift-collections'
        ➜ Explicit dependency on target '_RopeModule' in project 'swift-collections'
    Target 'Collections' in project 'swift-collections'
        ➜ Explicit dependency on target 'InternalCollectionsUtilities' in project 'swift-collections'
        ➜ Explicit dependency on target 'BitCollections' in project 'swift-collections'
        ➜ Explicit dependency on target 'DequeModule' in project 'swift-collections'
        ➜ Explicit dependency on target 'HashTreeCollections' in project 'swift-collections'
        ➜ Explicit dependency on target 'HeapModule' in project 'swift-collections'
        ➜ Explicit dependency on target 'OrderedCollections' in project 'swift-collections'
        ➜ Explicit dependency on target '_RopeModule' in project 'swift-collections'
    Target '_RopeModule' in project 'swift-collections'
        ➜ Explicit dependency on target 'InternalCollectionsUtilities' in project 'swift-collections'
    Target 'HeapModule' in project 'swift-collections'
        ➜ Explicit dependency on target 'InternalCollectionsUtilities' in project 'swift-collections'
    Target 'HashTreeCollections' in project 'swift-collections'
        ➜ Explicit dependency on target 'InternalCollectionsUtilities' in project 'swift-collections'
    Target 'BitCollections' in project 'swift-collections'
        ➜ Explicit dependency on target 'InternalCollectionsUtilities' in project 'swift-collections'
    Target 'AsyncAlgorithms' in project 'swift-async-algorithms'
        ➜ Explicit dependency on target 'AsyncAlgorithms' in project 'swift-async-algorithms'
        ➜ Explicit dependency on target 'OrderedCollections' in project 'swift-collections'
        ➜ Explicit dependency on target 'DequeModule' in project 'swift-collections'
    Target 'AsyncAlgorithms' in project 'swift-async-algorithms'
        ➜ Explicit dependency on target 'OrderedCollections' in project 'swift-collections'
        ➜ Explicit dependency on target 'DequeModule' in project 'swift-collections'
    Target 'DequeModule' in project 'swift-collections'
        ➜ Explicit dependency on target 'DequeModule' in project 'swift-collections'
        ➜ Explicit dependency on target 'InternalCollectionsUtilities' in project 'swift-collections'
    Target 'DequeModule' in project 'swift-collections'
        ➜ Explicit dependency on target 'InternalCollectionsUtilities' in project 'swift-collections'
    Target 'OrderedCollections' in project 'swift-collections'
        ➜ Explicit dependency on target 'OrderedCollections' in project 'swift-collections'
        ➜ Explicit dependency on target 'InternalCollectionsUtilities' in project 'swift-collections'
    Target 'OrderedCollections' in project 'swift-collections'
        ➜ Explicit dependency on target 'InternalCollectionsUtilities' in project 'swift-collections'
    Target 'InternalCollectionsUtilities' in project 'swift-collections' (no dependencies)
    Target 'Demark' in project 'Demark'
        ➜ Explicit dependency on target 'Demark' in project 'Demark'
        ➜ Explicit dependency on target 'Demark_Demark' in project 'Demark'
    Target 'Demark' in project 'Demark'
        ➜ Explicit dependency on target 'Demark_Demark' in project 'Demark'
    Target 'Demark_Demark' in project 'Demark' (no dependencies)
    Target 'Ollama' in project 'Ollama'
        ➜ Explicit dependency on target 'Ollama' in project 'Ollama'
    Target 'Ollama' in project 'Ollama' (no dependencies)
    Target 'OpenAI' in project 'OpenAI'
        ➜ Explicit dependency on target 'OpenAI' in project 'OpenAI'
        ➜ Explicit dependency on target 'OpenAPIRuntime' in project 'swift-openapi-runtime'
    Target 'OpenAI' in project 'OpenAI'
        ➜ Explicit dependency on target 'OpenAPIRuntime' in project 'swift-openapi-runtime'
    Target 'OpenAPIRuntime' in project 'swift-openapi-runtime'
        ➜ Explicit dependency on target 'OpenAPIRuntime' in project 'swift-openapi-runtime'
        ➜ Explicit dependency on target 'HTTPTypes' in project 'swift-http-types'
    Target 'OpenAPIRuntime' in project 'swift-openapi-runtime'
        ➜ Explicit dependency on target 'HTTPTypes' in project 'swift-http-types'
    Target 'HTTPTypes' in project 'swift-http-types'
        ➜ Explicit dependency on target 'HTTPTypes' in project 'swift-http-types'
    Target 'HTTPTypes' in project 'swift-http-types' (no dependencies)
    Target 'MenuBarExtraAccess' in project 'MenuBarExtraAccess'
        ➜ Explicit dependency on target 'MenuBarExtraAccess' in project 'MenuBarExtraAccess'
    Target 'MenuBarExtraAccess' in project 'MenuBarExtraAccess' (no dependencies)
    Target 'KeyboardShortcuts' in project 'KeyboardShortcuts'
        ➜ Explicit dependency on target 'KeyboardShortcuts' in project 'KeyboardShortcuts'
        ➜ Explicit dependency on target 'KeyboardShortcuts_KeyboardShortcuts' in project 'KeyboardShortcuts'
    Target 'KeyboardShortcuts' in project 'KeyboardShortcuts'
        ➜ Explicit dependency on target 'KeyboardShortcuts_KeyboardShortcuts' in project 'KeyboardShortcuts'
    Target 'KeyboardShortcuts_KeyboardShortcuts' in project 'KeyboardShortcuts' (no dependencies)
    Target 'Sparkle' in project 'Sparkle' (no dependencies)
    Target 'AXpector' in project 'AXpector'
        ➜ Explicit dependency on target 'AXpector' in project 'AXpector'
        ➜ Explicit dependency on target 'AXorcist' in project 'axPackage'
        ➜ Explicit dependency on target 'DesignSystem' in project 'DesignSystem'
        ➜ Explicit dependency on target 'Defaults' in project 'Defaults'
    Target 'AXpector' in project 'AXpector'
        ➜ Explicit dependency on target 'AXorcist' in project 'axPackage'
        ➜ Explicit dependency on target 'DesignSystem' in project 'DesignSystem'
        ➜ Explicit dependency on target 'Defaults' in project 'Defaults'
    Target 'DesignSystem' in project 'DesignSystem'
        ➜ Explicit dependency on target 'DesignSystem' in project 'DesignSystem'
    Target 'DesignSystem' in project 'DesignSystem' (no dependencies)
    Target 'SwiftUIIntrospect' in project 'swiftui-introspect'
        ➜ Explicit dependency on target 'SwiftUIIntrospect' in project 'swiftui-introspect'
    Target 'SwiftUIIntrospect' in project 'swiftui-introspect' (no dependencies)
    Target 'KeychainAccess' in project 'KeychainAccess'
        ➜ Explicit dependency on target 'KeychainAccess' in project 'KeychainAccess'
    Target 'KeychainAccess' in project 'KeychainAccess' (no dependencies)
    Target 'Defaults' in project 'Defaults'
        ➜ Explicit dependency on target 'Defaults' in project 'Defaults'
        ➜ Explicit dependency on target 'Defaults_Defaults' in project 'Defaults'
    Target 'Defaults' in project 'Defaults'
        ➜ Explicit dependency on target 'Defaults_Defaults' in project 'Defaults'
    Target 'Defaults_Defaults' in project 'Defaults' (no dependencies)
    Target 'Diagnostics' in project 'CodeLooper'
        ➜ Explicit dependency on target 'Logging' in project 'swift-log'
        ➜ Explicit dependency on target 'AXorcist' in project 'axPackage'
    Target 'AXorcist' in project 'axPackage'
        ➜ Explicit dependency on target 'AXorcist' in project 'axPackage'
        ➜ Explicit dependency on target 'Logging' in project 'swift-log'
    Target 'AXorcist' in project 'axPackage'
        ➜ Explicit dependency on target 'Logging' in project 'swift-log'
    Target 'Logging' in project 'swift-log'
        ➜ Explicit dependency on target 'Logging' in project 'swift-log'
    Target 'Logging' in project 'swift-log' (no dependencies)

GatherProvisioningInputs

CreateBuildDescription

ExecuteExternalTool /Applications/Xcode-beta.app/Contents/Developer/Toolchains/XcodeDefault.xctoolchain/usr/bin/swiftc --version

ExecuteExternalTool /Applications/Xcode-beta.app/Contents/Developer/Toolchains/XcodeDefault.xctoolchain/usr/bin/clang -v -E -dM -arch arm64 -isysroot /Applications/Xcode-beta.app/Contents/Developer/Platforms/MacOSX.platform/Developer/SDKs/MacOSX26.0.sdk -x c -c /dev/null

ExecuteExternalTool /Applications/Xcode-beta.app/Contents/Developer/Toolchains/XcodeDefault.xctoolchain/usr/bin/clang -v -E -dM -isysroot /Applications/Xcode-beta.app/Contents/Developer/Platforms/MacOSX.platform/Developer/SDKs/MacOSX26.0.sdk -x c -c /dev/null

ExecuteExternalTool /Applications/Xcode-beta.app/Contents/Developer/usr/bin/ibtool --version --output-format xml1

ExecuteExternalTool /Applications/Xcode-beta.app/Contents/Developer/usr/bin/actool --version --output-format xml1

ExecuteExternalTool /Applications/Xcode-beta.app/Contents/Developer/Toolchains/XcodeDefault.xctoolchain/usr/bin/ld -version_details

ReadFileContents /Applications/Xcode-beta.app/Contents/Developer/Toolchains/XcodeDefault.xctoolchain/usr/share/docc/features.json

ExecuteExternalTool /Applications/Xcode-beta.app/Contents/Developer/Toolchains/XcodeDefault.xctoolchain/usr/bin/libtool -V

Build description signature: f87a03b82ec17cf30945a9a0e7866ee3
Build description path: /Users/steipete/Library/Developer/Xcode/DerivedData/CodeLooper-crrddjihwjtfkwegrjrymctnfixv/Build/Intermediates.noindex/XCBuildData/f87a03b82ec17cf30945a9a0e7866ee3.xcbuilddata
ClangStatCache /Applications/Xcode-beta.app/Contents/Developer/Toolchains/XcodeDefault.xctoolchain/usr/bin/clang-stat-cache /Applications/Xcode-beta.app/Contents/Developer/Platforms/MacOSX.platform/Developer/SDKs/MacOSX26.0.sdk /Users/steipete/Library/Developer/Xcode/DerivedData/SDKStatCaches.noindex/macosx26.0-25A5279m-5d9328ff1a6613a11d359de947506b52.sdkstatcache
    cd /Users/steipete/Projects/CodeLooper
    /Applications/Xcode-beta.app/Contents/Developer/Toolchains/XcodeDefault.xctoolchain/usr/bin/clang-stat-cache /Applications/Xcode-beta.app/Contents/Developer/Platforms/MacOSX.platform/Developer/SDKs/MacOSX26.0.sdk -o /Users/steipete/Library/Developer/Xcode/DerivedData/SDKStatCaches.noindex/macosx26.0-25A5279m-5d9328ff1a6613a11d359de947506b52.sdkstatcache

CreateBuildDirectory /Users/steipete/Library/Developer/Xcode/DerivedData/CodeLooper-crrddjihwjtfkwegrjrymctnfixv/Build/Products
    cd /Users/steipete/Projects/CodeLooper
    builtin-create-build-directory /Users/steipete/Library/Developer/Xcode/DerivedData/CodeLooper-crrddjihwjtfkwegrjrymctnfixv/Build/Products

CreateBuildDirectory /Users/steipete/Library/Developer/Xcode/DerivedData/CodeLooper-crrddjihwjtfkwegrjrymctnfixv/Build/Intermediates.noindex
    cd /Users/steipete/Projects/CodeLooper
    builtin-create-build-directory /Users/steipete/Library/Developer/Xcode/DerivedData/CodeLooper-crrddjihwjtfkwegrjrymctnfixv/Build/Intermediates.noindex

CreateBuildDirectory /Users/steipete/Library/Developer/Xcode/DerivedData/CodeLooper-crrddjihwjtfkwegrjrymctnfixv/Build/Products/Debug
    cd /Users/steipete/Projects/CodeLooper
    builtin-create-build-directory /Users/steipete/Library/Developer/Xcode/DerivedData/CodeLooper-crrddjihwjtfkwegrjrymctnfixv/Build/Products/Debug

CreateBuildDirectory /Users/steipete/Library/Developer/Xcode/DerivedData/CodeLooper-crrddjihwjtfkwegrjrymctnfixv/Build/Intermediates.noindex/EagerLinkingTBDs/Debug
    cd /Users/steipete/Projects/CodeLooper
    builtin-create-build-directory /Users/steipete/Library/Developer/Xcode/DerivedData/CodeLooper-crrddjihwjtfkwegrjrymctnfixv/Build/Intermediates.noindex/EagerLinkingTBDs/Debug

WriteAuxiliaryFile /Users/steipete/Library/Developer/Xcode/DerivedData/CodeLooper-crrddjihwjtfkwegrjrymctnfixv/Build/Intermediates.noindex/CodeLooper.build/Debug/CodeLooper-de2ef41cd89caf5bcf7af683064774d7-VFS/all-product-headers.yaml
    cd /Users/steipete/Projects/CodeLooper
    write-file /Users/steipete/Library/Developer/Xcode/DerivedData/CodeLooper-crrddjihwjtfkwegrjrymctnfixv/Build/Intermediates.noindex/CodeLooper.build/Debug/CodeLooper-de2ef41cd89caf5bcf7af683064774d7-VFS/all-product-headers.yaml

CreateBuildDirectory /Users/steipete/Library/Developer/Xcode/DerivedData/CodeLooper-crrddjihwjtfkwegrjrymctnfixv/Build/Products/Debug/PackageFrameworks
    cd /Users/steipete/Projects/CodeLooper
    builtin-create-build-directory /Users/steipete/Library/Developer/Xcode/DerivedData/CodeLooper-crrddjihwjtfkwegrjrymctnfixv/Build/Products/Debug/PackageFrameworks

WriteAuxiliaryFile /Users/steipete/Library/Developer/Xcode/DerivedData/CodeLooper-crrddjihwjtfkwegrjrymctnfixv/Build/Intermediates.noindex/swift-nio.build/Debug/CNIOWASI.build/CNIOWASI.DependencyStaticMetadataFileList (in target 'CNIOWASI' from project 'swift-nio')
    cd /Users/steipete/Library/Developer/Xcode/DerivedData/CodeLooper-crrddjihwjtfkwegrjrymctnfixv/SourcePackages/checkouts/swift-nio
    write-file /Users/steipete/Library/Developer/Xcode/DerivedData/CodeLooper-crrddjihwjtfkwegrjrymctnfixv/Build/Intermediates.noindex/swift-nio.build/Debug/CNIOWASI.build/CNIOWASI.DependencyStaticMetadataFileList

WriteAuxiliaryFile /Users/steipete/Library/Developer/Xcode/DerivedData/CodeLooper-crrddjihwjtfkwegrjrymctnfixv/Build/Intermediates.noindex/swift-nio.build/Debug/CNIOWASI.build/CNIOWASI.DependencyMetadataFileList (in target 'CNIOWASI' from project 'swift-nio')
    cd /Users/steipete/Library/Developer/Xcode/DerivedData/CodeLooper-crrddjihwjtfkwegrjrymctnfixv/SourcePackages/checkouts/swift-nio
    write-file /Users/steipete/Library/Developer/Xcode/DerivedData/CodeLooper-crrddjihwjtfkwegrjrymctnfixv/Build/Intermediates.noindex/swift-nio.build/Debug/CNIOWASI.build/CNIOWASI.DependencyMetadataFileList

WriteAuxiliaryFile /Users/steipete/Library/Developer/Xcode/DerivedData/CodeLooper-crrddjihwjtfkwegrjrymctnfixv/Build/Intermediates.noindex/swift-nio.build/Debug/CNIOWASI.build/CNIOWASI.modulemap (in target 'CNIOWASI' from project 'swift-nio')
    cd /Users/steipete/Library/Developer/Xcode/DerivedData/CodeLooper-crrddjihwjtfkwegrjrymctnfixv/SourcePackages/checkouts/swift-nio
    write-file /Users/steipete/Library/Developer/Xcode/DerivedData/CodeLooper-crrddjihwjtfkwegrjrymctnfixv/Build/Intermediates.noindex/swift-nio.build/Debug/CNIOWASI.build/CNIOWASI.modulemap

WriteAuxiliaryFile /Users/steipete/Library/Developer/Xcode/DerivedData/CodeLooper-crrddjihwjtfkwegrjrymctnfixv/Build/Intermediates.noindex/swift-atomics.build/Debug/_AtomicsShims.build/_AtomicsShims.DependencyStaticMetadataFileList (in target '_AtomicsShims' from project 'swift-atomics')
    cd /Users/steipete/Library/Developer/Xcode/DerivedData/CodeLooper-crrddjihwjtfkwegrjrymctnfixv/SourcePackages/checkouts/swift-atomics
    write-file /Users/steipete/Library/Developer/Xcode/DerivedData/CodeLooper-crrddjihwjtfkwegrjrymctnfixv/Build/Intermediates.noindex/swift-atomics.build/Debug/_AtomicsShims.build/_AtomicsShims.DependencyStaticMetadataFileList

WriteAuxiliaryFile /Users/steipete/Library/Developer/Xcode/DerivedData/CodeLooper-crrddjihwjtfkwegrjrymctnfixv/Build/Intermediates.noindex/swift-atomics.build/Debug/_AtomicsShims.build/_AtomicsShims.DependencyMetadataFileList (in target '_AtomicsShims' from project 'swift-atomics')
    cd /Users/steipete/Library/Developer/Xcode/DerivedData/CodeLooper-crrddjihwjtfkwegrjrymctnfixv/SourcePackages/checkouts/swift-atomics
    write-file /Users/steipete/Library/Developer/Xcode/DerivedData/CodeLooper-crrddjihwjtfkwegrjrymctnfixv/Build/Intermediates.noindex/swift-atomics.build/Debug/_AtomicsShims.build/_AtomicsShims.DependencyMetadataFileList

WriteAuxiliaryFile /Users/steipete/Library/Developer/Xcode/DerivedData/CodeLooper-crrddjihwjtfkwegrjrymctnfixv/Build/Intermediates.noindex/swift-nio.build/Debug/CNIOWindows.build/CNIOWindows.DependencyStaticMetadataFileList (in target 'CNIOWindows' from project 'swift-nio')
    cd /Users/steipete/Library/Developer/Xcode/DerivedData/CodeLooper-crrddjihwjtfkwegrjrymctnfixv/SourcePackages/checkouts/swift-nio
    write-file /Users/steipete/Library/Developer/Xcode/DerivedData/CodeLooper-crrddjihwjtfkwegrjrymctnfixv/Build/Intermediates.noindex/swift-nio.build/Debug/CNIOWindows.build/CNIOWindows.DependencyStaticMetadataFileList

WriteAuxiliaryFile /Users/steipete/Library/Developer/Xcode/DerivedData/CodeLooper-crrddjihwjtfkwegrjrymctnfixv/Build/Intermediates.noindex/swift-nio.build/Debug/CNIOWindows.build/CNIOWindows.DependencyMetadataFileList (in target 'CNIOWindows' from project 'swift-nio')
    cd /Users/steipete/Library/Developer/Xcode/DerivedData/CodeLooper-crrddjihwjtfkwegrjrymctnfixv/SourcePackages/checkouts/swift-nio
    write-file /Users/steipete/Library/Developer/Xcode/DerivedData/CodeLooper-crrddjihwjtfkwegrjrymctnfixv/Build/Intermediates.noindex/swift-nio.build/Debug/CNIOWindows.build/CNIOWindows.DependencyMetadataFileList

WriteAuxiliaryFile /Users/steipete/Library/Developer/Xcode/DerivedData/CodeLooper-crrddjihwjtfkwegrjrymctnfixv/Build/Intermediates.noindex/swift-nio.build/Debug/CNIOWASI.build/Objects-normal/arm64/CNIOWASI.LinkFileList (in target 'CNIOWASI' from project 'swift-nio')
    cd /Users/steipete/Library/Developer/Xcode/DerivedData/CodeLooper-crrddjihwjtfkwegrjrymctnfixv/SourcePackages/checkouts/swift-nio
    write-file /Users/steipete/Library/Developer/Xcode/DerivedData/CodeLooper-crrddjihwjtfkwegrjrymctnfixv/Build/Intermediates.noindex/swift-nio.build/Debug/CNIOWASI.build/Objects-normal/arm64/CNIOWASI.LinkFileList

WriteAuxiliaryFile /Users/steipete/Library/Developer/Xcode/DerivedData/CodeLooper-crrddjihwjtfkwegrjrymctnfixv/Build/Intermediates.noindex/swift-nio.build/Debug/CNIOWASI.build/Objects-normal/arm64/7187679823f38a2a940e0043cdf9d637-common-args.resp (in target 'CNIOWASI' from project 'swift-nio')
    cd /Users/steipete/Library/Developer/Xcode/DerivedData/CodeLooper-crrddjihwjtfkwegrjrymctnfixv/SourcePackages/checkouts/swift-nio
    write-file /Users/steipete/Library/Developer/Xcode/DerivedData/CodeLooper-crrddjihwjtfkwegrjrymctnfixv/Build/Intermediates.noindex/swift-nio.build/Debug/CNIOWASI.build/Objects-normal/arm64/7187679823f38a2a940e0043cdf9d637-common-args.resp
-target arm64-apple-macos10.13 -fmodules -gmodules '-fmodules-cache-path=/Users/steipete/Library/Developer/Xcode/DerivedData/ModuleCache.noindex' '-fmodule-name=CNIOWASI' -fpascal-strings -O0 -DSWIFT_PACKAGE '-DDEBUG=1' -isysroot /Applications/Xcode-beta.app/Contents/Developer/Platforms/MacOSX.platform/Developer/SDKs/MacOSX26.0.sdk -g -fprofile-instr-generate -fcoverage-mapping -I/Users/steipete/Library/Developer/Xcode/DerivedData/CodeLooper-crrddjihwjtfkwegrjrymctnfixv/Build/Products/Debug/include -I/Users/steipete/Library/Developer/Xcode/DerivedData/CodeLooper-crrddjihwjtfkwegrjrymctnfixv/SourcePackages/checkouts/swift-nio/Sources/CNIOWASI/include -I/Users/steipete/Library/Developer/Xcode/DerivedData/CodeLooper-crrddjihwjtfkwegrjrymctnfixv/Build/Intermediates.noindex/swift-nio.build/Debug/CNIOWASI.build/DerivedSources-normal/arm64 -I/Users/steipete/Library/Developer/Xcode/DerivedData/CodeLooper-crrddjihwjtfkwegrjrymctnfixv/Build/Intermediates.noindex/swift-nio.build/Debug/CNIOWASI.build/DerivedSources/arm64 -I/Users/steipete/Library/Developer/Xcode/DerivedData/CodeLooper-crrddjihwjtfkwegrjrymctnfixv/Build/Intermediates.noindex/swift-nio.build/Debug/CNIOWASI.build/DerivedSources -F/Users/steipete/Library/Developer/Xcode/DerivedData/CodeLooper-crrddjihwjtfkwegrjrymctnfixv/Build/Products/Debug -iframework /Applications/Xcode-beta.app/Contents/Developer/Platforms/MacOSX.platform/Developer/Library/Frameworks -DXcode

WriteAuxiliaryFile /Users/steipete/Library/Developer/Xcode/DerivedData/CodeLooper-crrddjihwjtfkwegrjrymctnfixv/Build/Intermediates.noindex/swift-nio.build/Debug/CNIOWindows.build/Objects-normal/arm64/CNIOWindows.LinkFileList (in target 'CNIOWindows' from project 'swift-nio')
    cd /Users/steipete/Library/Developer/Xcode/DerivedData/CodeLooper-crrddjihwjtfkwegrjrymctnfixv/SourcePackages/checkouts/swift-nio
    write-file /Users/steipete/Library/Developer/Xcode/DerivedData/CodeLooper-crrddjihwjtfkwegrjrymctnfixv/Build/Intermediates.noindex/swift-nio.build/Debug/CNIOWindows.build/Objects-normal/arm64/CNIOWindows.LinkFileList

WriteAuxiliaryFile /Users/steipete/Library/Developer/Xcode/DerivedData/CodeLooper-crrddjihwjtfkwegrjrymctnfixv/Build/Intermediates.noindex/swift-nio.build/Debug/CNIOWindows.build/Objects-normal/arm64/7187679823f38a2a940e0043cdf9d637-common-args.resp (in target 'CNIOWindows' from project 'swift-nio')
    cd /Users/steipete/Library/Developer/Xcode/DerivedData/CodeLooper-crrddjihwjtfkwegrjrymctnfixv/SourcePackages/checkouts/swift-nio
    write-file /Users/steipete/Library/Developer/Xcode/DerivedData/CodeLooper-crrddjihwjtfkwegrjrymctnfixv/Build/Intermediates.noindex/swift-nio.build/Debug/CNIOWindows.build/Objects-normal/arm64/7187679823f38a2a940e0043cdf9d637-common-args.resp
-target arm64-apple-macos10.13 -fmodules -gmodules '-fmodules-cache-path=/Users/steipete/Library/Developer/Xcode/DerivedData/ModuleCache.noindex' '-fmodule-name=CNIOWindows' -fpascal-strings -O0 -DSWIFT_PACKAGE '-DDEBUG=1' -isysroot /Applications/Xcode-beta.app/Contents/Developer/Platforms/MacOSX.platform/Developer/SDKs/MacOSX26.0.sdk -g -fprofile-instr-generate -fcoverage-mapping -I/Users/steipete/Library/Developer/Xcode/DerivedData/CodeLooper-crrddjihwjtfkwegrjrymctnfixv/Build/Products/Debug/include -I/Users/steipete/Library/Developer/Xcode/DerivedData/CodeLooper-crrddjihwjtfkwegrjrymctnfixv/SourcePackages/checkouts/swift-nio/Sources/CNIOWindows/include -I/Users/steipete/Library/Developer/Xcode/DerivedData/CodeLooper-crrddjihwjtfkwegrjrymctnfixv/Build/Intermediates.noindex/swift-nio.build/Debug/CNIOWindows.build/DerivedSources-normal/arm64 -I/Users/steipete/Library/Developer/Xcode/DerivedData/CodeLooper-crrddjihwjtfkwegrjrymctnfixv/Build/Intermediates.noindex/swift-nio.build/Debug/CNIOWindows.build/DerivedSources/arm64 -I/Users/steipete/Library/Developer/Xcode/DerivedData/CodeLooper-crrddjihwjtfkwegrjrymctnfixv/Build/Intermediates.noindex/swift-nio.build/Debug/CNIOWindows.build/DerivedSources -F/Users/steipete/Library/Developer/Xcode/DerivedData/CodeLooper-crrddjihwjtfkwegrjrymctnfixv/Build/Products/Debug -iframework /Applications/Xcode-beta.app/Contents/Developer/Platforms/MacOSX.platform/Developer/Library/Frameworks -DXcode

WriteAuxiliaryFile /Users/steipete/Library/Developer/Xcode/DerivedData/CodeLooper-crrddjihwjtfkwegrjrymctnfixv/Build/Intermediates.noindex/swift-atomics.build/Debug/_AtomicsShims.build/Objects-normal/arm64/7187679823f38a2a940e0043cdf9d637-common-args.resp (in target '_AtomicsShims' from project 'swift-atomics')
    cd /Users/steipete/Library/Developer/Xcode/DerivedData/CodeLooper-crrddjihwjtfkwegrjrymctnfixv/SourcePackages/checkouts/swift-atomics
    write-file /Users/steipete/Library/Developer/Xcode/DerivedData/CodeLooper-crrddjihwjtfkwegrjrymctnfixv/Build/Intermediates.noindex/swift-atomics.build/Debug/_AtomicsShims.build/Objects-normal/arm64/7187679823f38a2a940e0043cdf9d637-common-args.resp
-target arm64-apple-macos10.13 -fmodules -gmodules '-fmodules-cache-path=/Users/steipete/Library/Developer/Xcode/DerivedData/ModuleCache.noindex' '-fmodule-name=_AtomicsShims' -fpascal-strings -O0 -DSWIFT_PACKAGE '-DDEBUG=1' -isysroot /Applications/Xcode-beta.app/Contents/Developer/Platforms/MacOSX.platform/Developer/SDKs/MacOSX26.0.sdk -g -fprofile-instr-generate -fcoverage-mapping -I/Users/steipete/Library/Developer/Xcode/DerivedData/CodeLooper-crrddjihwjtfkwegrjrymctnfixv/Build/Products/Debug/include -I/Users/steipete/Library/Developer/Xcode/DerivedData/CodeLooper-crrddjihwjtfkwegrjrymctnfixv/SourcePackages/checkouts/swift-atomics/Sources/_AtomicsShims/include -I/Users/steipete/Library/Developer/Xcode/DerivedData/CodeLooper-crrddjihwjtfkwegrjrymctnfixv/Build/Intermediates.noindex/swift-atomics.build/Debug/_AtomicsShims.build/DerivedSources-normal/arm64 -I/Users/steipete/Library/Developer/Xcode/DerivedData/CodeLooper-crrddjihwjtfkwegrjrymctnfixv/Build/Intermediates.noindex/swift-atomics.build/Debug/_AtomicsShims.build/DerivedSources/arm64 -I/Users/steipete/Library/Developer/Xcode/DerivedData/CodeLooper-crrddjihwjtfkwegrjrymctnfixv/Build/Intermediates.noindex/swift-atomics.build/Debug/_AtomicsShims.build/DerivedSources -F/Users/steipete/Library/Developer/Xcode/DerivedData/CodeLooper-crrddjihwjtfkwegrjrymctnfixv/Build/Products/Debug -iframework /Applications/Xcode-beta.app/Contents/Developer/Platforms/MacOSX.platform/Developer/Library/Frameworks -DXcode

WriteAuxiliaryFile /Users/steipete/Library/Developer/Xcode/DerivedData/CodeLooper-crrddjihwjtfkwegrjrymctnfixv/Build/Intermediates.noindex/swift-atomics.build/Debug/_AtomicsShims.build/Objects-normal/arm64/_AtomicsShims.LinkFileList (in target '_AtomicsShims' from project 'swift-atomics')
    cd /Users/steipete/Library/Developer/Xcode/DerivedData/CodeLooper-crrddjihwjtfkwegrjrymctnfixv/SourcePackages/checkouts/swift-atomics
    write-file /Users/steipete/Library/Developer/Xcode/DerivedData/CodeLooper-crrddjihwjtfkwegrjrymctnfixv/Build/Intermediates.noindex/swift-atomics.build/Debug/_AtomicsShims.build/Objects-normal/arm64/_AtomicsShims.LinkFileList

WriteAuxiliaryFile /Users/steipete/Library/Developer/Xcode/DerivedData/CodeLooper-crrddjihwjtfkwegrjrymctnfixv/Build/Intermediates.noindex/swift-nio.build/Debug/CNIOLinux.build/Objects-normal/arm64/CNIOLinux.LinkFileList (in target 'CNIOLinux' from project 'swift-nio')
    cd /Users/steipete/Library/Developer/Xcode/DerivedData/CodeLooper-crrddjihwjtfkwegrjrymctnfixv/SourcePackages/checkouts/swift-nio
    write-file /Users/steipete/Library/Developer/Xcode/DerivedData/CodeLooper-crrddjihwjtfkwegrjrymctnfixv/Build/Intermediates.noindex/swift-nio.build/Debug/CNIOLinux.build/Objects-normal/arm64/CNIOLinux.LinkFileList

WriteAuxiliaryFile /Users/steipete/Library/Developer/Xcode/DerivedData/CodeLooper-crrddjihwjtfkwegrjrymctnfixv/Build/Intermediates.noindex/swift-nio.build/Debug/CNIOAtomics.build/Objects-normal/arm64/CNIOAtomics.LinkFileList (in target 'CNIOAtomics' from project 'swift-nio')
    cd /Users/steipete/Library/Developer/Xcode/DerivedData/CodeLooper-crrddjihwjtfkwegrjrymctnfixv/SourcePackages/checkouts/swift-nio
    write-file /Users/steipete/Library/Developer/Xcode/DerivedData/CodeLooper-crrddjihwjtfkwegrjrymctnfixv/Build/Intermediates.noindex/swift-nio.build/Debug/CNIOAtomics.build/Objects-normal/arm64/CNIOAtomics.LinkFileList

WriteAuxiliaryFile /Users/steipete/Library/Developer/Xcode/DerivedData/CodeLooper-crrddjihwjtfkwegrjrymctnfixv/Build/Intermediates.noindex/swift-nio.build/Debug/swift-nio_NIOPosix.build/swift-nio_NIOPosix.DependencyMetadataFileList (in target 'swift-nio_NIOPosix' from project 'swift-nio')
    cd /Users/steipete/Library/Developer/Xcode/DerivedData/CodeLooper-crrddjihwjtfkwegrjrymctnfixv/SourcePackages/checkouts/swift-nio
    write-file /Users/steipete/Library/Developer/Xcode/DerivedData/CodeLooper-crrddjihwjtfkwegrjrymctnfixv/Build/Intermediates.noindex/swift-nio.build/Debug/swift-nio_NIOPosix.build/swift-nio_NIOPosix.DependencyMetadataFileList

WriteAuxiliaryFile /Users/steipete/Library/Developer/Xcode/DerivedData/CodeLooper-crrddjihwjtfkwegrjrymctnfixv/Build/Intermediates.noindex/swift-nio.build/Debug/swift-nio_NIOPosix.build/swift-nio_NIOPosix.DependencyStaticMetadataFileList (in target 'swift-nio_NIOPosix' from project 'swift-nio')
    cd /Users/steipete/Library/Developer/Xcode/DerivedData/CodeLooper-crrddjihwjtfkwegrjrymctnfixv/SourcePackages/checkouts/swift-nio
    write-file /Users/steipete/Library/Developer/Xcode/DerivedData/CodeLooper-crrddjihwjtfkwegrjrymctnfixv/Build/Intermediates.noindex/swift-nio.build/Debug/swift-nio_NIOPosix.build/swift-nio_NIOPosix.DependencyStaticMetadataFileList

WriteAuxiliaryFile /Users/steipete/Library/Developer/Xcode/DerivedData/CodeLooper-crrddjihwjtfkwegrjrymctnfixv/Build/Intermediates.noindex/swift-nio.build/Debug/swift-nio_NIOPosix.build/empty-swift-nio_NIOPosix.plist (in target 'swift-nio_NIOPosix' from project 'swift-nio')
    cd /Users/steipete/Library/Developer/Xcode/DerivedData/CodeLooper-crrddjihwjtfkwegrjrymctnfixv/SourcePackages/checkouts/swift-nio
    write-file /Users/steipete/Library/Developer/Xcode/DerivedData/CodeLooper-crrddjihwjtfkwegrjrymctnfixv/Build/Intermediates.noindex/swift-nio.build/Debug/swift-nio_NIOPosix.build/empty-swift-nio_NIOPosix.plist

WriteAuxiliaryFile /Users/steipete/Library/Developer/Xcode/DerivedData/CodeLooper-crrddjihwjtfkwegrjrymctnfixv/Build/Intermediates.noindex/swift-collections.build/Debug/_RopeModule.build/_RopeModule.DependencyStaticMetadataFileList (in target '_RopeModule' from project 'swift-collections')
    cd /Users/steipete/Library/Developer/Xcode/DerivedData/CodeLooper-crrddjihwjtfkwegrjrymctnfixv/SourcePackages/checkouts/swift-collections
    write-file /Users/steipete/Library/Developer/Xcode/DerivedData/CodeLooper-crrddjihwjtfkwegrjrymctnfixv/Build/Intermediates.noindex/swift-collections.build/Debug/_RopeModule.build/_RopeModule.DependencyStaticMetadataFileList

WriteAuxiliaryFile /Users/steipete/Library/Developer/Xcode/DerivedData/CodeLooper-crrddjihwjtfkwegrjrymctnfixv/Build/Intermediates.noindex/swift-nio.build/Debug/_NIODataStructures.build/_NIODataStructures.DependencyStaticMetadataFileList (in target '_NIODataStructures' from project 'swift-nio')
    cd /Users/steipete/Library/Developer/Xcode/DerivedData/CodeLooper-crrddjihwjtfkwegrjrymctnfixv/SourcePackages/checkouts/swift-nio
    write-file /Users/steipete/Library/Developer/Xcode/DerivedData/CodeLooper-crrddjihwjtfkwegrjrymctnfixv/Build/Intermediates.noindex/swift-nio.build/Debug/_NIODataStructures.build/_NIODataStructures.DependencyStaticMetadataFileList

WriteAuxiliaryFile /Users/steipete/Library/Developer/Xcode/DerivedData/CodeLooper-crrddjihwjtfkwegrjrymctnfixv/Build/Intermediates.noindex/swift-nio.build/Debug/_NIODataStructures.build/_NIODataStructures.modulemap (in target '_NIODataStructures' from project 'swift-nio')
    cd /Users/steipete/Library/Developer/Xcode/DerivedData/CodeLooper-crrddjihwjtfkwegrjrymctnfixv/SourcePackages/checkouts/swift-nio
    write-file /Users/steipete/Library/Developer/Xcode/DerivedData/CodeLooper-crrddjihwjtfkwegrjrymctnfixv/Build/Intermediates.noindex/swift-nio.build/Debug/_NIODataStructures.build/_NIODataStructures.modulemap

WriteAuxiliaryFile /Users/steipete/Library/Developer/Xcode/DerivedData/CodeLooper-crrddjihwjtfkwegrjrymctnfixv/Build/Intermediates.noindex/swift-collections.build/Debug/_RopeModule.build/_RopeModule.DependencyMetadataFileList (in target '_RopeModule' from project 'swift-collections')
    cd /Users/steipete/Library/Developer/Xcode/DerivedData/CodeLooper-crrddjihwjtfkwegrjrymctnfixv/SourcePackages/checkouts/swift-collections
    write-file /Users/steipete/Library/Developer/Xcode/DerivedData/CodeLooper-crrddjihwjtfkwegrjrymctnfixv/Build/Intermediates.noindex/swift-collections.build/Debug/_RopeModule.build/_RopeModule.DependencyMetadataFileList

WriteAuxiliaryFile /Users/steipete/Library/Developer/Xcode/DerivedData/CodeLooper-crrddjihwjtfkwegrjrymctnfixv/Build/Intermediates.noindex/swift-collections.build/Debug/_RopeModule.build/_RopeModule.modulemap (in target '_RopeModule' from project 'swift-collections')
    cd /Users/steipete/Library/Developer/Xcode/DerivedData/CodeLooper-crrddjihwjtfkwegrjrymctnfixv/SourcePackages/checkouts/swift-collections
    write-file /Users/steipete/Library/Developer/Xcode/DerivedData/CodeLooper-crrddjihwjtfkwegrjrymctnfixv/Build/Intermediates.noindex/swift-collections.build/Debug/_RopeModule.build/_RopeModule.modulemap

WriteAuxiliaryFile /Users/steipete/Library/Developer/Xcode/DerivedData/CodeLooper-crrddjihwjtfkwegrjrymctnfixv/Build/Intermediates.noindex/swift-collections.build/Debug/_RopeModule.build/Objects-normal/arm64/_RopeModule_const_extract_protocols.json (in target '_RopeModule' from project 'swift-collections')
    cd /Users/steipete/Library/Developer/Xcode/DerivedData/CodeLooper-crrddjihwjtfkwegrjrymctnfixv/SourcePackages/checkouts/swift-collections
    write-file /Users/steipete/Library/Developer/Xcode/DerivedData/CodeLooper-crrddjihwjtfkwegrjrymctnfixv/Build/Intermediates.noindex/swift-collections.build/Debug/_RopeModule.build/Objects-normal/arm64/_RopeModule_const_extract_protocols.json

WriteAuxiliaryFile /Users/steipete/Library/Developer/Xcode/DerivedData/CodeLooper-crrddjihwjtfkwegrjrymctnfixv/Build/Intermediates.noindex/swift-collections.build/Debug/_RopeModule.build/Objects-normal/arm64/_RopeModule-OutputFileMap.json (in target '_RopeModule' from project 'swift-collections')
    cd /Users/steipete/Library/Developer/Xcode/DerivedData/CodeLooper-crrddjihwjtfkwegrjrymctnfixv/SourcePackages/checkouts/swift-collections
    write-file /Users/steipete/Library/Developer/Xcode/DerivedData/CodeLooper-crrddjihwjtfkwegrjrymctnfixv/Build/Intermediates.noindex/swift-collections.build/Debug/_RopeModule.build/Objects-normal/arm64/_RopeModule-OutputFileMap.json

WriteAuxiliaryFile /Users/steipete/Library/Developer/Xcode/DerivedData/CodeLooper-crrddjihwjtfkwegrjrymctnfixv/Build/Intermediates.noindex/swift-collections.build/Debug/_RopeModule.build/Objects-normal/arm64/_RopeModule.SwiftConstValuesFileList (in target '_RopeModule' from project 'swift-collections')
    cd /Users/steipete/Library/Developer/Xcode/DerivedData/CodeLooper-crrddjihwjtfkwegrjrymctnfixv/SourcePackages/checkouts/swift-collections
    write-file /Users/steipete/Library/Developer/Xcode/DerivedData/CodeLooper-crrddjihwjtfkwegrjrymctnfixv/Build/Intermediates.noindex/swift-collections.build/Debug/_RopeModule.build/Objects-normal/arm64/_RopeModule.SwiftConstValuesFileList

WriteAuxiliaryFile /Users/steipete/Library/Developer/Xcode/DerivedData/CodeLooper-crrddjihwjtfkwegrjrymctnfixv/Build/Intermediates.noindex/swift-collections.build/Debug/_RopeModule.build/Objects-normal/arm64/_RopeModule.SwiftFileList (in target '_RopeModule' from project 'swift-collections')
    cd /Users/steipete/Library/Developer/Xcode/DerivedData/CodeLooper-crrddjihwjtfkwegrjrymctnfixv/SourcePackages/checkouts/swift-collections
    write-file /Users/steipete/Library/Developer/Xcode/DerivedData/CodeLooper-crrddjihwjtfkwegrjrymctnfixv/Build/Intermediates.noindex/swift-collections.build/Debug/_RopeModule.build/Objects-normal/arm64/_RopeModule.SwiftFileList

WriteAuxiliaryFile /Users/steipete/Library/Developer/Xcode/DerivedData/CodeLooper-crrddjihwjtfkwegrjrymctnfixv/Build/Intermediates.noindex/swift-collections.build/Debug/_RopeModule.build/Objects-normal/arm64/_RopeModule.LinkFileList (in target '_RopeModule' from project 'swift-collections')
    cd /Users/steipete/Library/Developer/Xcode/DerivedData/CodeLooper-crrddjihwjtfkwegrjrymctnfixv/SourcePackages/checkouts/swift-collections
    write-file /Users/steipete/Library/Developer/Xcode/DerivedData/CodeLooper-crrddjihwjtfkwegrjrymctnfixv/Build/Intermediates.noindex/swift-collections.build/Debug/_RopeModule.build/Objects-normal/arm64/_RopeModule.LinkFileList

WriteAuxiliaryFile /Users/steipete/Library/Developer/Xcode/DerivedData/CodeLooper-crrddjihwjtfkwegrjrymctnfixv/Build/Intermediates.noindex/swift-nio.build/Debug/_NIODataStructures.build/_NIODataStructures.DependencyMetadataFileList (in target '_NIODataStructures' from project 'swift-nio')
    cd /Users/steipete/Library/Developer/Xcode/DerivedData/CodeLooper-crrddjihwjtfkwegrjrymctnfixv/SourcePackages/checkouts/swift-nio
    write-file /Users/steipete/Library/Developer/Xcode/DerivedData/CodeLooper-crrddjihwjtfkwegrjrymctnfixv/Build/Intermediates.noindex/swift-nio.build/Debug/_NIODataStructures.build/_NIODataStructures.DependencyMetadataFileList

WriteAuxiliaryFile /Users/steipete/Library/Developer/Xcode/DerivedData/CodeLooper-crrddjihwjtfkwegrjrymctnfixv/Build/Intermediates.noindex/swift-nio.build/Debug/_NIODataStructures.build/Objects-normal/arm64/_NIODataStructures_const_extract_protocols.json (in target '_NIODataStructures' from project 'swift-nio')
    cd /Users/steipete/Library/Developer/Xcode/DerivedData/CodeLooper-crrddjihwjtfkwegrjrymctnfixv/SourcePackages/checkouts/swift-nio
    write-file /Users/steipete/Library/Developer/Xcode/DerivedData/CodeLooper-crrddjihwjtfkwegrjrymctnfixv/Build/Intermediates.noindex/swift-nio.build/Debug/_NIODataStructures.build/Objects-normal/arm64/_NIODataStructures_const_extract_protocols.json

WriteAuxiliaryFile /Users/steipete/Library/Developer/Xcode/DerivedData/CodeLooper-crrddjihwjtfkwegrjrymctnfixv/Build/Intermediates.noindex/swift-nio.build/Debug/_NIODataStructures.build/Objects-normal/arm64/_NIODataStructures.SwiftFileList (in target '_NIODataStructures' from project 'swift-nio')
    cd /Users/steipete/Library/Developer/Xcode/DerivedData/CodeLooper-crrddjihwjtfkwegrjrymctnfixv/SourcePackages/checkouts/swift-nio
    write-file /Users/steipete/Library/Developer/Xcode/DerivedData/CodeLooper-crrddjihwjtfkwegrjrymctnfixv/Build/Intermediates.noindex/swift-nio.build/Debug/_NIODataStructures.build/Objects-normal/arm64/_NIODataStructures.SwiftFileList

WriteAuxiliaryFile /Users/steipete/Library/Developer/Xcode/DerivedData/CodeLooper-crrddjihwjtfkwegrjrymctnfixv/Build/Intermediates.noindex/swift-nio.build/Debug/_NIODataStructures.build/Objects-normal/arm64/_NIODataStructures.LinkFileList (in target '_NIODataStructures' from project 'swift-nio')
    cd /Users/steipete/Library/Developer/Xcode/DerivedData/CodeLooper-crrddjihwjtfkwegrjrymctnfixv/SourcePackages/checkouts/swift-nio
    write-file /Users/steipete/Library/Developer/Xcode/DerivedData/CodeLooper-crrddjihwjtfkwegrjrymctnfixv/Build/Intermediates.noindex/swift-nio.build/Debug/_NIODataStructures.build/Objects-normal/arm64/_NIODataStructures.LinkFileList

WriteAuxiliaryFile /Users/steipete/Library/Developer/Xcode/DerivedData/CodeLooper-crrddjihwjtfkwegrjrymctnfixv/Build/Intermediates.noindex/swift-nio.build/Debug/_NIODataStructures.build/Objects-normal/arm64/_NIODataStructures.SwiftConstValuesFileList (in target '_NIODataStructures' from project 'swift-nio')
    cd /Users/steipete/Library/Developer/Xcode/DerivedData/CodeLooper-crrddjihwjtfkwegrjrymctnfixv/SourcePackages/checkouts/swift-nio
    write-file /Users/steipete/Library/Developer/Xcode/DerivedData/CodeLooper-crrddjihwjtfkwegrjrymctnfixv/Build/Intermediates.noindex/swift-nio.build/Debug/_NIODataStructures.build/Objects-normal/arm64/_NIODataStructures.SwiftConstValuesFileList

WriteAuxiliaryFile /Users/steipete/Library/Developer/Xcode/DerivedData/CodeLooper-crrddjihwjtfkwegrjrymctnfixv/Build/Intermediates.noindex/swift-nio.build/Debug/_NIODataStructures.build/Objects-normal/arm64/_NIODataStructures-OutputFileMap.json (in target '_NIODataStructures' from project 'swift-nio')
    cd /Users/steipete/Library/Developer/Xcode/DerivedData/CodeLooper-crrddjihwjtfkwegrjrymctnfixv/SourcePackages/checkouts/swift-nio
    write-file /Users/steipete/Library/Developer/Xcode/DerivedData/CodeLooper-crrddjihwjtfkwegrjrymctnfixv/Build/Intermediates.noindex/swift-nio.build/Debug/_NIODataStructures.build/Objects-normal/arm64/_NIODataStructures-OutputFileMap.json

WriteAuxiliaryFile /Users/steipete/Library/Developer/Xcode/DerivedData/CodeLooper-crrddjihwjtfkwegrjrymctnfixv/Build/Intermediates.noindex/swift-nio.build/Debug/_NIOBase64.build/_NIOBase64.DependencyMetadataFileList (in target '_NIOBase64' from project 'swift-nio')
    cd /Users/steipete/Library/Developer/Xcode/DerivedData/CodeLooper-crrddjihwjtfkwegrjrymctnfixv/SourcePackages/checkouts/swift-nio
    write-file /Users/steipete/Library/Developer/Xcode/DerivedData/CodeLooper-crrddjihwjtfkwegrjrymctnfixv/Build/Intermediates.noindex/swift-nio.build/Debug/_NIOBase64.build/_NIOBase64.DependencyMetadataFileList

WriteAuxiliaryFile /Users/steipete/Library/Developer/Xcode/DerivedData/CodeLooper-crrddjihwjtfkwegrjrymctnfixv/Build/Intermediates.noindex/swift-nio.build/Debug/_NIOBase64.build/_NIOBase64.DependencyStaticMetadataFileList (in target '_NIOBase64' from project 'swift-nio')
    cd /Users/steipete/Library/Developer/Xcode/DerivedData/CodeLooper-crrddjihwjtfkwegrjrymctnfixv/SourcePackages/checkouts/swift-nio
    write-file /Users/steipete/Library/Developer/Xcode/DerivedData/CodeLooper-crrddjihwjtfkwegrjrymctnfixv/Build/Intermediates.noindex/swift-nio.build/Debug/_NIOBase64.build/_NIOBase64.DependencyStaticMetadataFileList

WriteAuxiliaryFile /Users/steipete/Library/Developer/Xcode/DerivedData/CodeLooper-crrddjihwjtfkwegrjrymctnfixv/Build/Intermediates.noindex/swift-nio.build/Debug/_NIOBase64.build/_NIOBase64.modulemap (in target '_NIOBase64' from project 'swift-nio')
    cd /Users/steipete/Library/Developer/Xcode/DerivedData/CodeLooper-crrddjihwjtfkwegrjrymctnfixv/SourcePackages/checkouts/swift-nio
    write-file /Users/steipete/Library/Developer/Xcode/DerivedData/CodeLooper-crrddjihwjtfkwegrjrymctnfixv/Build/Intermediates.noindex/swift-nio.build/Debug/_NIOBase64.build/_NIOBase64.modulemap

WriteAuxiliaryFile /Users/steipete/Library/Developer/Xcode/DerivedData/CodeLooper-crrddjihwjtfkwegrjrymctnfixv/Build/Intermediates.noindex/swift-nio.build/Debug/_NIOBase64.build/Objects-normal/arm64/_NIOBase64_const_extract_protocols.json (in target '_NIOBase64' from project 'swift-nio')
    cd /Users/steipete/Library/Developer/Xcode/DerivedData/CodeLooper-crrddjihwjtfkwegrjrymctnfixv/SourcePackages/checkouts/swift-nio
    write-file /Users/steipete/Library/Developer/Xcode/DerivedData/CodeLooper-crrddjihwjtfkwegrjrymctnfixv/Build/Intermediates.noindex/swift-nio.build/Debug/_NIOBase64.build/Objects-normal/arm64/_NIOBase64_const_extract_protocols.json

WriteAuxiliaryFile /Users/steipete/Library/Developer/Xcode/DerivedData/CodeLooper-crrddjihwjtfkwegrjrymctnfixv/Build/Intermediates.noindex/swift-nio.build/Debug/_NIOBase64.build/Objects-normal/arm64/_NIOBase64.SwiftFileList (in target '_NIOBase64' from project 'swift-nio')
    cd /Users/steipete/Library/Developer/Xcode/DerivedData/CodeLooper-crrddjihwjtfkwegrjrymctnfixv/SourcePackages/checkouts/swift-nio
    write-file /Users/steipete/Library/Developer/Xcode/DerivedData/CodeLooper-crrddjihwjtfkwegrjrymctnfixv/Build/Intermediates.noindex/swift-nio.build/Debug/_NIOBase64.build/Objects-normal/arm64/_NIOBase64.SwiftFileList

WriteAuxiliaryFile /Users/steipete/Library/Developer/Xcode/DerivedData/CodeLooper-crrddjihwjtfkwegrjrymctnfixv/Build/Intermediates.noindex/swift-nio.build/Debug/_NIOBase64.build/Objects-normal/arm64/_NIOBase64.LinkFileList (in target '_NIOBase64' from project 'swift-nio')
    cd /Users/steipete/Library/Developer/Xcode/DerivedData/CodeLooper-crrddjihwjtfkwegrjrymctnfixv/SourcePackages/checkouts/swift-nio
    write-file /Users/steipete/Library/Developer/Xcode/DerivedData/CodeLooper-crrddjihwjtfkwegrjrymctnfixv/Build/Intermediates.noindex/swift-nio.build/Debug/_NIOBase64.build/Objects-normal/arm64/_NIOBase64.LinkFileList

WriteAuxiliaryFile /Users/steipete/Library/Developer/Xcode/DerivedData/CodeLooper-crrddjihwjtfkwegrjrymctnfixv/Build/Intermediates.noindex/swift-nio.build/Debug/_NIOBase64.build/Objects-normal/arm64/_NIOBase64.SwiftConstValuesFileList (in target '_NIOBase64' from project 'swift-nio')
    cd /Users/steipete/Library/Developer/Xcode/DerivedData/CodeLooper-crrddjihwjtfkwegrjrymctnfixv/SourcePackages/checkouts/swift-nio
    write-file /Users/steipete/Library/Developer/Xcode/DerivedData/CodeLooper-crrddjihwjtfkwegrjrymctnfixv/Build/Intermediates.noindex/swift-nio.build/Debug/_NIOBase64.build/Objects-normal/arm64/_NIOBase64.SwiftConstValuesFileList

WriteAuxiliaryFile /Users/steipete/Library/Developer/Xcode/DerivedData/CodeLooper-crrddjihwjtfkwegrjrymctnfixv/Build/Intermediates.noindex/swift-nio.build/Debug/_NIOBase64.build/Objects-normal/arm64/_NIOBase64-OutputFileMap.json (in target '_NIOBase64' from project 'swift-nio')
    cd /Users/steipete/Library/Developer/Xcode/DerivedData/CodeLooper-crrddjihwjtfkwegrjrymctnfixv/SourcePackages/checkouts/swift-nio
    write-file /Users/steipete/Library/Developer/Xcode/DerivedData/CodeLooper-crrddjihwjtfkwegrjrymctnfixv/Build/Intermediates.noindex/swift-nio.build/Debug/_NIOBase64.build/Objects-normal/arm64/_NIOBase64-OutputFileMap.json

WriteAuxiliaryFile /Users/steipete/Library/Developer/Xcode/DerivedData/CodeLooper-crrddjihwjtfkwegrjrymctnfixv/Build/Intermediates.noindex/swift-service-lifecycle.build/Debug/UnixSignals.build/UnixSignals.modulemap (in target 'UnixSignals' from project 'swift-service-lifecycle')
    cd /Users/steipete/Library/Developer/Xcode/DerivedData/CodeLooper-crrddjihwjtfkwegrjrymctnfixv/SourcePackages/checkouts/swift-service-lifecycle
    write-file /Users/steipete/Library/Developer/Xcode/DerivedData/CodeLooper-crrddjihwjtfkwegrjrymctnfixv/Build/Intermediates.noindex/swift-service-lifecycle.build/Debug/UnixSignals.build/UnixSignals.modulemap

WriteAuxiliaryFile /Users/steipete/Library/Developer/Xcode/DerivedData/CodeLooper-crrddjihwjtfkwegrjrymctnfixv/Build/Intermediates.noindex/swift-service-lifecycle.build/Debug/UnixSignals.build/UnixSignals.DependencyStaticMetadataFileList (in target 'UnixSignals' from project 'swift-service-lifecycle')
    cd /Users/steipete/Library/Developer/Xcode/DerivedData/CodeLooper-crrddjihwjtfkwegrjrymctnfixv/SourcePackages/checkouts/swift-service-lifecycle
    write-file /Users/steipete/Library/Developer/Xcode/DerivedData/CodeLooper-crrddjihwjtfkwegrjrymctnfixv/Build/Intermediates.noindex/swift-service-lifecycle.build/Debug/UnixSignals.build/UnixSignals.DependencyStaticMetadataFileList

WriteAuxiliaryFile /Users/steipete/Library/Developer/Xcode/DerivedData/CodeLooper-crrddjihwjtfkwegrjrymctnfixv/Build/Intermediates.noindex/swift-service-lifecycle.build/Debug/UnixSignals.build/UnixSignals.DependencyMetadataFileList (in target 'UnixSignals' from project 'swift-service-lifecycle')
    cd /Users/steipete/Library/Developer/Xcode/DerivedData/CodeLooper-crrddjihwjtfkwegrjrymctnfixv/SourcePackages/checkouts/swift-service-lifecycle
    write-file /Users/steipete/Library/Developer/Xcode/DerivedData/CodeLooper-crrddjihwjtfkwegrjrymctnfixv/Build/Intermediates.noindex/swift-service-lifecycle.build/Debug/UnixSignals.build/UnixSignals.DependencyMetadataFileList

WriteAuxiliaryFile /Users/steipete/Library/Developer/Xcode/DerivedData/CodeLooper-crrddjihwjtfkwegrjrymctnfixv/Build/Intermediates.noindex/swift-service-lifecycle.build/Debug/UnixSignals.build/Objects-normal/arm64/UnixSignals.SwiftFileList (in target 'UnixSignals' from project 'swift-service-lifecycle')
    cd /Users/steipete/Library/Developer/Xcode/DerivedData/CodeLooper-crrddjihwjtfkwegrjrymctnfixv/SourcePackages/checkouts/swift-service-lifecycle
    write-file /Users/steipete/Library/Developer/Xcode/DerivedData/CodeLooper-crrddjihwjtfkwegrjrymctnfixv/Build/Intermediates.noindex/swift-service-lifecycle.build/Debug/UnixSignals.build/Objects-normal/arm64/UnixSignals.SwiftFileList

WriteAuxiliaryFile /Users/steipete/Library/Developer/Xcode/DerivedData/CodeLooper-crrddjihwjtfkwegrjrymctnfixv/Build/Intermediates.noindex/swift-service-lifecycle.build/Debug/UnixSignals.build/Objects-normal/arm64/UnixSignals_const_extract_protocols.json (in target 'UnixSignals' from project 'swift-service-lifecycle')
    cd /Users/steipete/Library/Developer/Xcode/DerivedData/CodeLooper-crrddjihwjtfkwegrjrymctnfixv/SourcePackages/checkouts/swift-service-lifecycle
    write-file /Users/steipete/Library/Developer/Xcode/DerivedData/CodeLooper-crrddjihwjtfkwegrjrymctnfixv/Build/Intermediates.noindex/swift-service-lifecycle.build/Debug/UnixSignals.build/Objects-normal/arm64/UnixSignals_const_extract_protocols.json

WriteAuxiliaryFile /Users/steipete/Library/Developer/Xcode/DerivedData/CodeLooper-crrddjihwjtfkwegrjrymctnfixv/Build/Intermediates.noindex/swift-service-lifecycle.build/Debug/UnixSignals.build/Objects-normal/arm64/UnixSignals.SwiftConstValuesFileList (in target 'UnixSignals' from project 'swift-service-lifecycle')
    cd /Users/steipete/Library/Developer/Xcode/DerivedData/CodeLooper-crrddjihwjtfkwegrjrymctnfixv/SourcePackages/checkouts/swift-service-lifecycle
    write-file /Users/steipete/Library/Developer/Xcode/DerivedData/CodeLooper-crrddjihwjtfkwegrjrymctnfixv/Build/Intermediates.noindex/swift-service-lifecycle.build/Debug/UnixSignals.build/Objects-normal/arm64/UnixSignals.SwiftConstValuesFileList

WriteAuxiliaryFile /Users/steipete/Library/Developer/Xcode/DerivedData/CodeLooper-crrddjihwjtfkwegrjrymctnfixv/Build/Intermediates.noindex/swift-service-lifecycle.build/Debug/UnixSignals.build/Objects-normal/arm64/UnixSignals.LinkFileList (in target 'UnixSignals' from project 'swift-service-lifecycle')
    cd /Users/steipete/Library/Developer/Xcode/DerivedData/CodeLooper-crrddjihwjtfkwegrjrymctnfixv/SourcePackages/checkouts/swift-service-lifecycle
    write-file /Users/steipete/Library/Developer/Xcode/DerivedData/CodeLooper-crrddjihwjtfkwegrjrymctnfixv/Build/Intermediates.noindex/swift-service-lifecycle.build/Debug/UnixSignals.build/Objects-normal/arm64/UnixSignals.LinkFileList

WriteAuxiliaryFile /Users/steipete/Library/Developer/Xcode/DerivedData/CodeLooper-crrddjihwjtfkwegrjrymctnfixv/Build/Intermediates.noindex/swift-service-lifecycle.build/Debug/UnixSignals.build/Objects-normal/arm64/UnixSignals-OutputFileMap.json (in target 'UnixSignals' from project 'swift-service-lifecycle')
    cd /Users/steipete/Library/Developer/Xcode/DerivedData/CodeLooper-crrddjihwjtfkwegrjrymctnfixv/SourcePackages/checkouts/swift-service-lifecycle
    write-file /Users/steipete/Library/Developer/Xcode/DerivedData/CodeLooper-crrddjihwjtfkwegrjrymctnfixv/Build/Intermediates.noindex/swift-service-lifecycle.build/Debug/UnixSignals.build/Objects-normal/arm64/UnixSignals-OutputFileMap.json

WriteAuxiliaryFile /Users/steipete/Library/Developer/Xcode/DerivedData/CodeLooper-crrddjihwjtfkwegrjrymctnfixv/Build/Intermediates.noindex/swift-distributed-tracing.build/Debug/Tracing.build/Tracing.DependencyStaticMetadataFileList (in target 'Tracing' from project 'swift-distributed-tracing')
    cd /Users/steipete/Library/Developer/Xcode/DerivedData/CodeLooper-crrddjihwjtfkwegrjrymctnfixv/SourcePackages/checkouts/swift-distributed-tracing
    write-file /Users/steipete/Library/Developer/Xcode/DerivedData/CodeLooper-crrddjihwjtfkwegrjrymctnfixv/Build/Intermediates.noindex/swift-distributed-tracing.build/Debug/Tracing.build/Tracing.DependencyStaticMetadataFileList

WriteAuxiliaryFile /Users/steipete/Library/Developer/Xcode/DerivedData/CodeLooper-crrddjihwjtfkwegrjrymctnfixv/Build/Intermediates.noindex/swift-distributed-tracing.build/Debug/Tracing.build/Tracing.modulemap (in target 'Tracing' from project 'swift-distributed-tracing')
    cd /Users/steipete/Library/Developer/Xcode/DerivedData/CodeLooper-crrddjihwjtfkwegrjrymctnfixv/SourcePackages/checkouts/swift-distributed-tracing
    write-file /Users/steipete/Library/Developer/Xcode/DerivedData/CodeLooper-crrddjihwjtfkwegrjrymctnfixv/Build/Intermediates.noindex/swift-distributed-tracing.build/Debug/Tracing.build/Tracing.modulemap

WriteAuxiliaryFile /Users/steipete/Library/Developer/Xcode/DerivedData/CodeLooper-crrddjihwjtfkwegrjrymctnfixv/Build/Intermediates.noindex/swift-distributed-tracing.build/Debug/Tracing.build/Tracing.DependencyMetadataFileList (in target 'Tracing' from project 'swift-distributed-tracing')
    cd /Users/steipete/Library/Developer/Xcode/DerivedData/CodeLooper-crrddjihwjtfkwegrjrymctnfixv/SourcePackages/checkouts/swift-distributed-tracing
    write-file /Users/steipete/Library/Developer/Xcode/DerivedData/CodeLooper-crrddjihwjtfkwegrjrymctnfixv/Build/Intermediates.noindex/swift-distributed-tracing.build/Debug/Tracing.build/Tracing.DependencyMetadataFileList

WriteAuxiliaryFile /Users/steipete/Library/Developer/Xcode/DerivedData/CodeLooper-crrddjihwjtfkwegrjrymctnfixv/Build/Intermediates.noindex/swift-distributed-tracing.build/Debug/Tracing.build/Objects-normal/arm64/Tracing.SwiftConstValuesFileList (in target 'Tracing' from project 'swift-distributed-tracing')
    cd /Users/steipete/Library/Developer/Xcode/DerivedData/CodeLooper-crrddjihwjtfkwegrjrymctnfixv/SourcePackages/checkouts/swift-distributed-tracing
    write-file /Users/steipete/Library/Developer/Xcode/DerivedData/CodeLooper-crrddjihwjtfkwegrjrymctnfixv/Build/Intermediates.noindex/swift-distributed-tracing.build/Debug/Tracing.build/Objects-normal/arm64/Tracing.SwiftConstValuesFileList

WriteAuxiliaryFile /Users/steipete/Library/Developer/Xcode/DerivedData/CodeLooper-crrddjihwjtfkwegrjrymctnfixv/Build/Intermediates.noindex/swift-distributed-tracing.build/Debug/Tracing.build/Objects-normal/arm64/Tracing_const_extract_protocols.json (in target 'Tracing' from project 'swift-distributed-tracing')
    cd /Users/steipete/Library/Developer/Xcode/DerivedData/CodeLooper-crrddjihwjtfkwegrjrymctnfixv/SourcePackages/checkouts/swift-distributed-tracing
    write-file /Users/steipete/Library/Developer/Xcode/DerivedData/CodeLooper-crrddjihwjtfkwegrjrymctnfixv/Build/Intermediates.noindex/swift-distributed-tracing.build/Debug/Tracing.build/Objects-normal/arm64/Tracing_const_extract_protocols.json

WriteAuxiliaryFile /Users/steipete/Library/Developer/Xcode/DerivedData/CodeLooper-crrddjihwjtfkwegrjrymctnfixv/Build/Intermediates.noindex/swift-distributed-tracing.build/Debug/Tracing.build/Objects-normal/arm64/Tracing.SwiftFileList (in target 'Tracing' from project 'swift-distributed-tracing')
    cd /Users/steipete/Library/Developer/Xcode/DerivedData/CodeLooper-crrddjihwjtfkwegrjrymctnfixv/SourcePackages/checkouts/swift-distributed-tracing
    write-file /Users/steipete/Library/Developer/Xcode/DerivedData/CodeLooper-crrddjihwjtfkwegrjrymctnfixv/Build/Intermediates.noindex/swift-distributed-tracing.build/Debug/Tracing.build/Objects-normal/arm64/Tracing.SwiftFileList

WriteAuxiliaryFile /Users/steipete/Library/Developer/Xcode/DerivedData/CodeLooper-crrddjihwjtfkwegrjrymctnfixv/Build/Intermediates.noindex/swift-distributed-tracing.build/Debug/Tracing.build/Objects-normal/arm64/Tracing.LinkFileList (in target 'Tracing' from project 'swift-distributed-tracing')
    cd /Users/steipete/Library/Developer/Xcode/DerivedData/CodeLooper-crrddjihwjtfkwegrjrymctnfixv/SourcePackages/checkouts/swift-distributed-tracing
    write-file /Users/steipete/Library/Developer/Xcode/DerivedData/CodeLooper-crrddjihwjtfkwegrjrymctnfixv/Build/Intermediates.noindex/swift-distributed-tracing.build/Debug/Tracing.build/Objects-normal/arm64/Tracing.LinkFileList

WriteAuxiliaryFile /Users/steipete/Library/Developer/Xcode/DerivedData/CodeLooper-crrddjihwjtfkwegrjrymctnfixv/Build/Intermediates.noindex/swift-distributed-tracing.build/Debug/Tracing.build/Objects-normal/arm64/Tracing-OutputFileMap.json (in target 'Tracing' from project 'swift-distributed-tracing')
    cd /Users/steipete/Library/Developer/Xcode/DerivedData/CodeLooper-crrddjihwjtfkwegrjrymctnfixv/SourcePackages/checkouts/swift-distributed-tracing
    write-file /Users/steipete/Library/Developer/Xcode/DerivedData/CodeLooper-crrddjihwjtfkwegrjrymctnfixv/Build/Intermediates.noindex/swift-distributed-tracing.build/Debug/Tracing.build/Objects-normal/arm64/Tracing-OutputFileMap.json

WriteAuxiliaryFile /Users/steipete/Library/Developer/Xcode/DerivedData/CodeLooper-crrddjihwjtfkwegrjrymctnfixv/Build/Intermediates.noindex/swiftui-introspect.build/Debug/SwiftUIIntrospect.build/SwiftUIIntrospect.modulemap (in target 'SwiftUIIntrospect' from project 'swiftui-introspect')
    cd /Users/steipete/Library/Developer/Xcode/DerivedData/CodeLooper-crrddjihwjtfkwegrjrymctnfixv/SourcePackages/checkouts/SwiftUI-Introspect
    write-file /Users/steipete/Library/Developer/Xcode/DerivedData/CodeLooper-crrddjihwjtfkwegrjrymctnfixv/Build/Intermediates.noindex/swiftui-introspect.build/Debug/SwiftUIIntrospect.build/SwiftUIIntrospect.modulemap

WriteAuxiliaryFile /Users/steipete/Library/Developer/Xcode/DerivedData/CodeLooper-crrddjihwjtfkwegrjrymctnfixv/Build/Intermediates.noindex/swiftui-introspect.build/Debug/SwiftUIIntrospect.build/SwiftUIIntrospect.DependencyStaticMetadataFileList (in target 'SwiftUIIntrospect' from project 'swiftui-introspect')
    cd /Users/steipete/Library/Developer/Xcode/DerivedData/CodeLooper-crrddjihwjtfkwegrjrymctnfixv/SourcePackages/checkouts/SwiftUI-Introspect
    write-file /Users/steipete/Library/Developer/Xcode/DerivedData/CodeLooper-crrddjihwjtfkwegrjrymctnfixv/Build/Intermediates.noindex/swiftui-introspect.build/Debug/SwiftUIIntrospect.build/SwiftUIIntrospect.DependencyStaticMetadataFileList

WriteAuxiliaryFile /Users/steipete/Library/Developer/Xcode/DerivedData/CodeLooper-crrddjihwjtfkwegrjrymctnfixv/Build/Intermediates.noindex/swiftui-introspect.build/Debug/SwiftUIIntrospect.build/SwiftUIIntrospect.DependencyMetadataFileList (in target 'SwiftUIIntrospect' from project 'swiftui-introspect')
    cd /Users/steipete/Library/Developer/Xcode/DerivedData/CodeLooper-crrddjihwjtfkwegrjrymctnfixv/SourcePackages/checkouts/SwiftUI-Introspect
    write-file /Users/steipete/Library/Developer/Xcode/DerivedData/CodeLooper-crrddjihwjtfkwegrjrymctnfixv/Build/Intermediates.noindex/swiftui-introspect.build/Debug/SwiftUIIntrospect.build/SwiftUIIntrospect.DependencyMetadataFileList

WriteAuxiliaryFile /Users/steipete/Library/Developer/Xcode/DerivedData/CodeLooper-crrddjihwjtfkwegrjrymctnfixv/Build/Intermediates.noindex/swiftui-introspect.build/Debug/SwiftUIIntrospect.build/Objects-normal/arm64/SwiftUIIntrospect.SwiftFileList (in target 'SwiftUIIntrospect' from project 'swiftui-introspect')
    cd /Users/steipete/Library/Developer/Xcode/DerivedData/CodeLooper-crrddjihwjtfkwegrjrymctnfixv/SourcePackages/checkouts/SwiftUI-Introspect
    write-file /Users/steipete/Library/Developer/Xcode/DerivedData/CodeLooper-crrddjihwjtfkwegrjrymctnfixv/Build/Intermediates.noindex/swiftui-introspect.build/Debug/SwiftUIIntrospect.build/Objects-normal/arm64/SwiftUIIntrospect.SwiftFileList

WriteAuxiliaryFile /Users/steipete/Library/Developer/Xcode/DerivedData/CodeLooper-crrddjihwjtfkwegrjrymctnfixv/Build/Intermediates.noindex/swiftui-introspect.build/Debug/SwiftUIIntrospect.build/Objects-normal/arm64/SwiftUIIntrospect_const_extract_protocols.json (in target 'SwiftUIIntrospect' from project 'swiftui-introspect')
    cd /Users/steipete/Library/Developer/Xcode/DerivedData/CodeLooper-crrddjihwjtfkwegrjrymctnfixv/SourcePackages/checkouts/SwiftUI-Introspect
    write-file /Users/steipete/Library/Developer/Xcode/DerivedData/CodeLooper-crrddjihwjtfkwegrjrymctnfixv/Build/Intermediates.noindex/swiftui-introspect.build/Debug/SwiftUIIntrospect.build/Objects-normal/arm64/SwiftUIIntrospect_const_extract_protocols.json

WriteAuxiliaryFile /Users/steipete/Library/Developer/Xcode/DerivedData/CodeLooper-crrddjihwjtfkwegrjrymctnfixv/Build/Intermediates.noindex/swiftui-introspect.build/Debug/SwiftUIIntrospect.build/Objects-normal/arm64/SwiftUIIntrospect.LinkFileList (in target 'SwiftUIIntrospect' from project 'swiftui-introspect')
    cd /Users/steipete/Library/Developer/Xcode/DerivedData/CodeLooper-crrddjihwjtfkwegrjrymctnfixv/SourcePackages/checkouts/SwiftUI-Introspect
    write-file /Users/steipete/Library/Developer/Xcode/DerivedData/CodeLooper-crrddjihwjtfkwegrjrymctnfixv/Build/Intermediates.noindex/swiftui-introspect.build/Debug/SwiftUIIntrospect.build/Objects-normal/arm64/SwiftUIIntrospect.LinkFileList

WriteAuxiliaryFile /Users/steipete/Library/Developer/Xcode/DerivedData/CodeLooper-crrddjihwjtfkwegrjrymctnfixv/Build/Intermediates.noindex/swiftui-introspect.build/Debug/SwiftUIIntrospect.build/Objects-normal/arm64/SwiftUIIntrospect.SwiftConstValuesFileList (in target 'SwiftUIIntrospect' from project 'swiftui-introspect')
    cd /Users/steipete/Library/Developer/Xcode/DerivedData/CodeLooper-crrddjihwjtfkwegrjrymctnfixv/SourcePackages/checkouts/SwiftUI-Introspect
    write-file /Users/steipete/Library/Developer/Xcode/DerivedData/CodeLooper-crrddjihwjtfkwegrjrymctnfixv/Build/Intermediates.noindex/swiftui-introspect.build/Debug/SwiftUIIntrospect.build/Objects-normal/arm64/SwiftUIIntrospect.SwiftConstValuesFileList

WriteAuxiliaryFile /Users/steipete/Library/Developer/Xcode/DerivedData/CodeLooper-crrddjihwjtfkwegrjrymctnfixv/Build/Intermediates.noindex/swiftui-introspect.build/Debug/SwiftUIIntrospect.build/Objects-normal/arm64/SwiftUIIntrospect-OutputFileMap.json (in target 'SwiftUIIntrospect' from project 'swiftui-introspect')
    cd /Users/steipete/Library/Developer/Xcode/DerivedData/CodeLooper-crrddjihwjtfkwegrjrymctnfixv/SourcePackages/checkouts/SwiftUI-Introspect
    write-file /Users/steipete/Library/Developer/Xcode/DerivedData/CodeLooper-crrddjihwjtfkwegrjrymctnfixv/Build/Intermediates.noindex/swiftui-introspect.build/Debug/SwiftUIIntrospect.build/Objects-normal/arm64/SwiftUIIntrospect-OutputFileMap.json

WriteAuxiliaryFile /Users/steipete/Library/Developer/Xcode/DerivedData/CodeLooper-crrddjihwjtfkwegrjrymctnfixv/Build/Intermediates.noindex/swift-service-lifecycle.build/Debug/ServiceLifecycle.build/ServiceLifecycle.modulemap (in target 'ServiceLifecycle' from project 'swift-service-lifecycle')
    cd /Users/steipete/Library/Developer/Xcode/DerivedData/CodeLooper-crrddjihwjtfkwegrjrymctnfixv/SourcePackages/checkouts/swift-service-lifecycle
    write-file /Users/steipete/Library/Developer/Xcode/DerivedData/CodeLooper-crrddjihwjtfkwegrjrymctnfixv/Build/Intermediates.noindex/swift-service-lifecycle.build/Debug/ServiceLifecycle.build/ServiceLifecycle.modulemap

WriteAuxiliaryFile /Users/steipete/Library/Developer/Xcode/DerivedData/CodeLooper-crrddjihwjtfkwegrjrymctnfixv/Build/Intermediates.noindex/swift-service-lifecycle.build/Debug/ServiceLifecycle.build/ServiceLifecycle.DependencyStaticMetadataFileList (in target 'ServiceLifecycle' from project 'swift-service-lifecycle')
    cd /Users/steipete/Library/Developer/Xcode/DerivedData/CodeLooper-crrddjihwjtfkwegrjrymctnfixv/SourcePackages/checkouts/swift-service-lifecycle
    write-file /Users/steipete/Library/Developer/Xcode/DerivedData/CodeLooper-crrddjihwjtfkwegrjrymctnfixv/Build/Intermediates.noindex/swift-service-lifecycle.build/Debug/ServiceLifecycle.build/ServiceLifecycle.DependencyStaticMetadataFileList

WriteAuxiliaryFile /Users/steipete/Library/Developer/Xcode/DerivedData/CodeLooper-crrddjihwjtfkwegrjrymctnfixv/Build/Intermediates.noindex/swift-service-lifecycle.build/Debug/ServiceLifecycle.build/ServiceLifecycle.DependencyMetadataFileList (in target 'ServiceLifecycle' from project 'swift-service-lifecycle')
    cd /Users/steipete/Library/Developer/Xcode/DerivedData/CodeLooper-crrddjihwjtfkwegrjrymctnfixv/SourcePackages/checkouts/swift-service-lifecycle
    write-file /Users/steipete/Library/Developer/Xcode/DerivedData/CodeLooper-crrddjihwjtfkwegrjrymctnfixv/Build/Intermediates.noindex/swift-service-lifecycle.build/Debug/ServiceLifecycle.build/ServiceLifecycle.DependencyMetadataFileList

WriteAuxiliaryFile /Users/steipete/Library/Developer/Xcode/DerivedData/CodeLooper-crrddjihwjtfkwegrjrymctnfixv/Build/Intermediates.noindex/swift-service-lifecycle.build/Debug/ServiceLifecycle.build/Objects-normal/arm64/ServiceLifecycle_const_extract_protocols.json (in target 'ServiceLifecycle' from project 'swift-service-lifecycle')
    cd /Users/steipete/Library/Developer/Xcode/DerivedData/CodeLooper-crrddjihwjtfkwegrjrymctnfixv/SourcePackages/checkouts/swift-service-lifecycle
    write-file /Users/steipete/Library/Developer/Xcode/DerivedData/CodeLooper-crrddjihwjtfkwegrjrymctnfixv/Build/Intermediates.noindex/swift-service-lifecycle.build/Debug/ServiceLifecycle.build/Objects-normal/arm64/ServiceLifecycle_const_extract_protocols.json

WriteAuxiliaryFile /Users/steipete/Library/Developer/Xcode/DerivedData/CodeLooper-crrddjihwjtfkwegrjrymctnfixv/Build/Intermediates.noindex/swift-service-lifecycle.build/Debug/ServiceLifecycle.build/Objects-normal/arm64/ServiceLifecycle.SwiftConstValuesFileList (in target 'ServiceLifecycle' from project 'swift-service-lifecycle')
    cd /Users/steipete/Library/Developer/Xcode/DerivedData/CodeLooper-crrddjihwjtfkwegrjrymctnfixv/SourcePackages/checkouts/swift-service-lifecycle
    write-file /Users/steipete/Library/Developer/Xcode/DerivedData/CodeLooper-crrddjihwjtfkwegrjrymctnfixv/Build/Intermediates.noindex/swift-service-lifecycle.build/Debug/ServiceLifecycle.build/Objects-normal/arm64/ServiceLifecycle.SwiftConstValuesFileList

WriteAuxiliaryFile /Users/steipete/Library/Developer/Xcode/DerivedData/CodeLooper-crrddjihwjtfkwegrjrymctnfixv/Build/Intermediates.noindex/swift-service-lifecycle.build/Debug/ServiceLifecycle.build/Objects-normal/arm64/ServiceLifecycle.SwiftFileList (in target 'ServiceLifecycle' from project 'swift-service-lifecycle')
    cd /Users/steipete/Library/Developer/Xcode/DerivedData/CodeLooper-crrddjihwjtfkwegrjrymctnfixv/SourcePackages/checkouts/swift-service-lifecycle
    write-file /Users/steipete/Library/Developer/Xcode/DerivedData/CodeLooper-crrddjihwjtfkwegrjrymctnfixv/Build/Intermediates.noindex/swift-service-lifecycle.build/Debug/ServiceLifecycle.build/Objects-normal/arm64/ServiceLifecycle.SwiftFileList

WriteAuxiliaryFile /Users/steipete/Library/Developer/Xcode/DerivedData/CodeLooper-crrddjihwjtfkwegrjrymctnfixv/Build/Intermediates.noindex/swift-service-lifecycle.build/Debug/ServiceLifecycle.build/Objects-normal/arm64/ServiceLifecycle.LinkFileList (in target 'ServiceLifecycle' from project 'swift-service-lifecycle')
    cd /Users/steipete/Library/Developer/Xcode/DerivedData/CodeLooper-crrddjihwjtfkwegrjrymctnfixv/SourcePackages/checkouts/swift-service-lifecycle
    write-file /Users/steipete/Library/Developer/Xcode/DerivedData/CodeLooper-crrddjihwjtfkwegrjrymctnfixv/Build/Intermediates.noindex/swift-service-lifecycle.build/Debug/ServiceLifecycle.build/Objects-normal/arm64/ServiceLifecycle.LinkFileList

WriteAuxiliaryFile /Users/steipete/Library/Developer/Xcode/DerivedData/CodeLooper-crrddjihwjtfkwegrjrymctnfixv/Build/Intermediates.noindex/swift-service-lifecycle.build/Debug/ServiceLifecycle.build/Objects-normal/arm64/ServiceLifecycle-OutputFileMap.json (in target 'ServiceLifecycle' from project 'swift-service-lifecycle')
    cd /Users/steipete/Library/Developer/Xcode/DerivedData/CodeLooper-crrddjihwjtfkwegrjrymctnfixv/SourcePackages/checkouts/swift-service-lifecycle
    write-file /Users/steipete/Library/Developer/Xcode/DerivedData/CodeLooper-crrddjihwjtfkwegrjrymctnfixv/Build/Intermediates.noindex/swift-service-lifecycle.build/Debug/ServiceLifecycle.build/Objects-normal/arm64/ServiceLifecycle-OutputFileMap.json

WriteAuxiliaryFile /Users/steipete/Library/Developer/Xcode/DerivedData/CodeLooper-crrddjihwjtfkwegrjrymctnfixv/Build/Intermediates.noindex/swift-service-context.build/Debug/ServiceContextModule.build/ServiceContextModule.DependencyStaticMetadataFileList (in target 'ServiceContextModule' from project 'swift-service-context')
    cd /Users/steipete/Library/Developer/Xcode/DerivedData/CodeLooper-crrddjihwjtfkwegrjrymctnfixv/SourcePackages/checkouts/swift-service-context
    write-file /Users/steipete/Library/Developer/Xcode/DerivedData/CodeLooper-crrddjihwjtfkwegrjrymctnfixv/Build/Intermediates.noindex/swift-service-context.build/Debug/ServiceContextModule.build/ServiceContextModule.DependencyStaticMetadataFileList

WriteAuxiliaryFile /Users/steipete/Library/Developer/Xcode/DerivedData/CodeLooper-crrddjihwjtfkwegrjrymctnfixv/Build/Intermediates.noindex/swift-service-context.build/Debug/ServiceContextModule.build/ServiceContextModule.modulemap (in target 'ServiceContextModule' from project 'swift-service-context')
    cd /Users/steipete/Library/Developer/Xcode/DerivedData/CodeLooper-crrddjihwjtfkwegrjrymctnfixv/SourcePackages/checkouts/swift-service-context
    write-file /Users/steipete/Library/Developer/Xcode/DerivedData/CodeLooper-crrddjihwjtfkwegrjrymctnfixv/Build/Intermediates.noindex/swift-service-context.build/Debug/ServiceContextModule.build/ServiceContextModule.modulemap

WriteAuxiliaryFile /Users/steipete/Library/Developer/Xcode/DerivedData/CodeLooper-crrddjihwjtfkwegrjrymctnfixv/Build/Intermediates.noindex/swift-service-context.build/Debug/ServiceContextModule.build/ServiceContextModule.DependencyMetadataFileList (in target 'ServiceContextModule' from project 'swift-service-context')
    cd /Users/steipete/Library/Developer/Xcode/DerivedData/CodeLooper-crrddjihwjtfkwegrjrymctnfixv/SourcePackages/checkouts/swift-service-context
    write-file /Users/steipete/Library/Developer/Xcode/DerivedData/CodeLooper-crrddjihwjtfkwegrjrymctnfixv/Build/Intermediates.noindex/swift-service-context.build/Debug/ServiceContextModule.build/ServiceContextModule.DependencyMetadataFileList

WriteAuxiliaryFile /Users/steipete/Library/Developer/Xcode/DerivedData/CodeLooper-crrddjihwjtfkwegrjrymctnfixv/Build/Intermediates.noindex/swift-service-context.build/Debug/ServiceContextModule.build/Objects-normal/arm64/ServiceContextModule_const_extract_protocols.json (in target 'ServiceContextModule' from project 'swift-service-context')
    cd /Users/steipete/Library/Developer/Xcode/DerivedData/CodeLooper-crrddjihwjtfkwegrjrymctnfixv/SourcePackages/checkouts/swift-service-context
    write-file /Users/steipete/Library/Developer/Xcode/DerivedData/CodeLooper-crrddjihwjtfkwegrjrymctnfixv/Build/Intermediates.noindex/swift-service-context.build/Debug/ServiceContextModule.build/Objects-normal/arm64/ServiceContextModule_const_extract_protocols.json

WriteAuxiliaryFile /Users/steipete/Library/Developer/Xcode/DerivedData/CodeLooper-crrddjihwjtfkwegrjrymctnfixv/Build/Intermediates.noindex/swift-service-context.build/Debug/ServiceContextModule.build/Objects-normal/arm64/ServiceContextModule.SwiftFileList (in target 'ServiceContextModule' from project 'swift-service-context')
    cd /Users/steipete/Library/Developer/Xcode/DerivedData/CodeLooper-crrddjihwjtfkwegrjrymctnfixv/SourcePackages/checkouts/swift-service-context
    write-file /Users/steipete/Library/Developer/Xcode/DerivedData/CodeLooper-crrddjihwjtfkwegrjrymctnfixv/Build/Intermediates.noindex/swift-service-context.build/Debug/ServiceContextModule.build/Objects-normal/arm64/ServiceContextModule.SwiftFileList

WriteAuxiliaryFile /Users/steipete/Library/Developer/Xcode/DerivedData/CodeLooper-crrddjihwjtfkwegrjrymctnfixv/Build/Intermediates.noindex/swift-service-context.build/Debug/ServiceContextModule.build/Objects-normal/arm64/ServiceContextModule.LinkFileList (in target 'ServiceContextModule' from project 'swift-service-context')
    cd /Users/steipete/Library/Developer/Xcode/DerivedData/CodeLooper-crrddjihwjtfkwegrjrymctnfixv/SourcePackages/checkouts/swift-service-context
    write-file /Users/steipete/Library/Developer/Xcode/DerivedData/CodeLooper-crrddjihwjtfkwegrjrymctnfixv/Build/Intermediates.noindex/swift-service-context.build/Debug/ServiceContextModule.build/Objects-normal/arm64/ServiceContextModule.LinkFileList

WriteAuxiliaryFile /Users/steipete/Library/Developer/Xcode/DerivedData/CodeLooper-crrddjihwjtfkwegrjrymctnfixv/Build/Intermediates.noindex/swift-service-context.build/Debug/ServiceContextModule.build/Objects-normal/arm64/ServiceContextModule.SwiftConstValuesFileList (in target 'ServiceContextModule' from project 'swift-service-context')
    cd /Users/steipete/Library/Developer/Xcode/DerivedData/CodeLooper-crrddjihwjtfkwegrjrymctnfixv/SourcePackages/checkouts/swift-service-context
    write-file /Users/steipete/Library/Developer/Xcode/DerivedData/CodeLooper-crrddjihwjtfkwegrjrymctnfixv/Build/Intermediates.noindex/swift-service-context.build/Debug/ServiceContextModule.build/Objects-normal/arm64/ServiceContextModule.SwiftConstValuesFileList

WriteAuxiliaryFile /Users/steipete/Library/Developer/Xcode/DerivedData/CodeLooper-crrddjihwjtfkwegrjrymctnfixv/Build/Intermediates.noindex/swift-service-context.build/Debug/ServiceContextModule.build/Objects-normal/arm64/ServiceContextModule-OutputFileMap.json (in target 'ServiceContextModule' from project 'swift-service-context')
    cd /Users/steipete/Library/Developer/Xcode/DerivedData/CodeLooper-crrddjihwjtfkwegrjrymctnfixv/SourcePackages/checkouts/swift-service-context
    write-file /Users/steipete/Library/Developer/Xcode/DerivedData/CodeLooper-crrddjihwjtfkwegrjrymctnfixv/Build/Intermediates.noindex/swift-service-context.build/Debug/ServiceContextModule.build/Objects-normal/arm64/ServiceContextModule-OutputFileMap.json

WriteAuxiliaryFile /Users/steipete/Library/Developer/Xcode/DerivedData/CodeLooper-crrddjihwjtfkwegrjrymctnfixv/Build/Intermediates.noindex/swift-collections.build/Debug/OrderedCollections.build/OrderedCollections.modulemap (in target 'OrderedCollections' from project 'swift-collections')
    cd /Users/steipete/Library/Developer/Xcode/DerivedData/CodeLooper-crrddjihwjtfkwegrjrymctnfixv/SourcePackages/checkouts/swift-collections
    write-file /Users/steipete/Library/Developer/Xcode/DerivedData/CodeLooper-crrddjihwjtfkwegrjrymctnfixv/Build/Intermediates.noindex/swift-collections.build/Debug/OrderedCollections.build/OrderedCollections.modulemap

WriteAuxiliaryFile /Users/steipete/Library/Developer/Xcode/DerivedData/CodeLooper-crrddjihwjtfkwegrjrymctnfixv/Build/Intermediates.noindex/swift-collections.build/Debug/OrderedCollections.build/OrderedCollections.DependencyStaticMetadataFileList (in target 'OrderedCollections' from project 'swift-collections')
    cd /Users/steipete/Library/Developer/Xcode/DerivedData/CodeLooper-crrddjihwjtfkwegrjrymctnfixv/SourcePackages/checkouts/swift-collections
    write-file /Users/steipete/Library/Developer/Xcode/DerivedData/CodeLooper-crrddjihwjtfkwegrjrymctnfixv/Build/Intermediates.noindex/swift-collections.build/Debug/OrderedCollections.build/OrderedCollections.DependencyStaticMetadataFileList

WriteAuxiliaryFile /Users/steipete/Library/Developer/Xcode/DerivedData/CodeLooper-crrddjihwjtfkwegrjrymctnfixv/Build/Intermediates.noindex/swift-collections.build/Debug/OrderedCollections.build/OrderedCollections.DependencyMetadataFileList (in target 'OrderedCollections' from project 'swift-collections')
    cd /Users/steipete/Library/Developer/Xcode/DerivedData/CodeLooper-crrddjihwjtfkwegrjrymctnfixv/SourcePackages/checkouts/swift-collections
    write-file /Users/steipete/Library/Developer/Xcode/DerivedData/CodeLooper-crrddjihwjtfkwegrjrymctnfixv/Build/Intermediates.noindex/swift-collections.build/Debug/OrderedCollections.build/OrderedCollections.DependencyMetadataFileList

WriteAuxiliaryFile /Users/steipete/Library/Developer/Xcode/DerivedData/CodeLooper-crrddjihwjtfkwegrjrymctnfixv/Build/Intermediates.noindex/swift-collections.build/Debug/OrderedCollections.build/Objects-normal/arm64/OrderedCollections.SwiftFileList (in target 'OrderedCollections' from project 'swift-collections')
    cd /Users/steipete/Library/Developer/Xcode/DerivedData/CodeLooper-crrddjihwjtfkwegrjrymctnfixv/SourcePackages/checkouts/swift-collections
    write-file /Users/steipete/Library/Developer/Xcode/DerivedData/CodeLooper-crrddjihwjtfkwegrjrymctnfixv/Build/Intermediates.noindex/swift-collections.build/Debug/OrderedCollections.build/Objects-normal/arm64/OrderedCollections.SwiftFileList

WriteAuxiliaryFile /Users/steipete/Library/Developer/Xcode/DerivedData/CodeLooper-crrddjihwjtfkwegrjrymctnfixv/Build/Intermediates.noindex/swift-collections.build/Debug/OrderedCollections.build/Objects-normal/arm64/OrderedCollections.SwiftConstValuesFileList (in target 'OrderedCollections' from project 'swift-collections')
    cd /Users/steipete/Library/Developer/Xcode/DerivedData/CodeLooper-crrddjihwjtfkwegrjrymctnfixv/SourcePackages/checkouts/swift-collections
    write-file /Users/steipete/Library/Developer/Xcode/DerivedData/CodeLooper-crrddjihwjtfkwegrjrymctnfixv/Build/Intermediates.noindex/swift-collections.build/Debug/OrderedCollections.build/Objects-normal/arm64/OrderedCollections.SwiftConstValuesFileList

WriteAuxiliaryFile /Users/steipete/Library/Developer/Xcode/DerivedData/CodeLooper-crrddjihwjtfkwegrjrymctnfixv/Build/Intermediates.noindex/swift-collections.build/Debug/OrderedCollections.build/Objects-normal/arm64/OrderedCollections_const_extract_protocols.json (in target 'OrderedCollections' from project 'swift-collections')
    cd /Users/steipete/Library/Developer/Xcode/DerivedData/CodeLooper-crrddjihwjtfkwegrjrymctnfixv/SourcePackages/checkouts/swift-collections
    write-file /Users/steipete/Library/Developer/Xcode/DerivedData/CodeLooper-crrddjihwjtfkwegrjrymctnfixv/Build/Intermediates.noindex/swift-collections.build/Debug/OrderedCollections.build/Objects-normal/arm64/OrderedCollections_const_extract_protocols.json

WriteAuxiliaryFile /Users/steipete/Library/Developer/Xcode/DerivedData/CodeLooper-crrddjihwjtfkwegrjrymctnfixv/Build/Intermediates.noindex/swift-collections.build/Debug/OrderedCollections.build/Objects-normal/arm64/OrderedCollections.LinkFileList (in target 'OrderedCollections' from project 'swift-collections')
    cd /Users/steipete/Library/Developer/Xcode/DerivedData/CodeLooper-crrddjihwjtfkwegrjrymctnfixv/SourcePackages/checkouts/swift-collections
    write-file /Users/steipete/Library/Developer/Xcode/DerivedData/CodeLooper-crrddjihwjtfkwegrjrymctnfixv/Build/Intermediates.noindex/swift-collections.build/Debug/OrderedCollections.build/Objects-normal/arm64/OrderedCollections.LinkFileList

WriteAuxiliaryFile /Users/steipete/Library/Developer/Xcode/DerivedData/CodeLooper-crrddjihwjtfkwegrjrymctnfixv/Build/Intermediates.noindex/swift-collections.build/Debug/OrderedCollections.build/Objects-normal/arm64/OrderedCollections-OutputFileMap.json (in target 'OrderedCollections' from project 'swift-collections')
    cd /Users/steipete/Library/Developer/Xcode/DerivedData/CodeLooper-crrddjihwjtfkwegrjrymctnfixv/SourcePackages/checkouts/swift-collections
    write-file /Users/steipete/Library/Developer/Xcode/DerivedData/CodeLooper-crrddjihwjtfkwegrjrymctnfixv/Build/Intermediates.noindex/swift-collections.build/Debug/OrderedCollections.build/Objects-normal/arm64/OrderedCollections-OutputFileMap.json

WriteAuxiliaryFile /Users/steipete/Library/Developer/Xcode/DerivedData/CodeLooper-crrddjihwjtfkwegrjrymctnfixv/Build/Intermediates.noindex/swift-openapi-runtime.build/Debug/OpenAPIRuntime.build/OpenAPIRuntime.modulemap (in target 'OpenAPIRuntime' from project 'swift-openapi-runtime')
    cd /Users/steipete/Library/Developer/Xcode/DerivedData/CodeLooper-crrddjihwjtfkwegrjrymctnfixv/SourcePackages/checkouts/swift-openapi-runtime
    write-file /Users/steipete/Library/Developer/Xcode/DerivedData/CodeLooper-crrddjihwjtfkwegrjrymctnfixv/Build/Intermediates.noindex/swift-openapi-runtime.build/Debug/OpenAPIRuntime.build/OpenAPIRuntime.modulemap

Copy /Users/steipete/Library/Developer/Xcode/DerivedData/CodeLooper-crrddjihwjtfkwegrjrymctnfixv/Build/Intermediates.noindex/GeneratedModuleMaps/_RopeModule.modulemap /Users/steipete/Library/Developer/Xcode/DerivedData/CodeLooper-crrddjihwjtfkwegrjrymctnfixv/Build/Intermediates.noindex/swift-collections.build/Debug/_RopeModule.build/_RopeModule.modulemap (in target '_RopeModule' from project 'swift-collections')
    cd /Users/steipete/Library/Developer/Xcode/DerivedData/CodeLooper-crrddjihwjtfkwegrjrymctnfixv/SourcePackages/checkouts/swift-collections
    builtin-copy -exclude .DS_Store -exclude CVS -exclude .svn -exclude .git -exclude .hg -resolve-src-symlinks /Users/steipete/Library/Developer/Xcode/DerivedData/CodeLooper-crrddjihwjtfkwegrjrymctnfixv/Build/Intermediates.noindex/swift-collections.build/Debug/_RopeModule.build/_RopeModule.modulemap /Users/steipete/Library/Developer/Xcode/DerivedData/CodeLooper-crrddjihwjtfkwegrjrymctnfixv/Build/Intermediates.noindex/GeneratedModuleMaps

Copy /Users/steipete/Library/Developer/Xcode/DerivedData/CodeLooper-crrddjihwjtfkwegrjrymctnfixv/Build/Intermediates.noindex/GeneratedModuleMaps/_NIODataStructures.modulemap /Users/steipete/Library/Developer/Xcode/DerivedData/CodeLooper-crrddjihwjtfkwegrjrymctnfixv/Build/Intermediates.noindex/swift-nio.build/Debug/_NIODataStructures.build/_NIODataStructures.modulemap (in target '_NIODataStructures' from project 'swift-nio')
    cd /Users/steipete/Library/Developer/Xcode/DerivedData/CodeLooper-crrddjihwjtfkwegrjrymctnfixv/SourcePackages/checkouts/swift-nio
    builtin-copy -exclude .DS_Store -exclude CVS -exclude .svn -exclude .git -exclude .hg -resolve-src-symlinks /Users/steipete/Library/Developer/Xcode/DerivedData/CodeLooper-crrddjihwjtfkwegrjrymctnfixv/Build/Intermediates.noindex/swift-nio.build/Debug/_NIODataStructures.build/_NIODataStructures.modulemap /Users/steipete/Library/Developer/Xcode/DerivedData/CodeLooper-crrddjihwjtfkwegrjrymctnfixv/Build/Intermediates.noindex/GeneratedModuleMaps

WriteAuxiliaryFile /Users/steipete/Library/Developer/Xcode/DerivedData/CodeLooper-crrddjihwjtfkwegrjrymctnfixv/Build/Intermediates.noindex/swift-openapi-runtime.build/Debug/OpenAPIRuntime.build/OpenAPIRuntime.DependencyStaticMetadataFileList (in target 'OpenAPIRuntime' from project 'swift-openapi-runtime')
    cd /Users/steipete/Library/Developer/Xcode/DerivedData/CodeLooper-crrddjihwjtfkwegrjrymctnfixv/SourcePackages/checkouts/swift-openapi-runtime
    write-file /Users/steipete/Library/Developer/Xcode/DerivedData/CodeLooper-crrddjihwjtfkwegrjrymctnfixv/Build/Intermediates.noindex/swift-openapi-runtime.build/Debug/OpenAPIRuntime.build/OpenAPIRuntime.DependencyStaticMetadataFileList

WriteAuxiliaryFile /Users/steipete/Library/Developer/Xcode/DerivedData/CodeLooper-crrddjihwjtfkwegrjrymctnfixv/Build/Intermediates.noindex/swift-openapi-runtime.build/Debug/OpenAPIRuntime.build/OpenAPIRuntime.DependencyMetadataFileList (in target 'OpenAPIRuntime' from project 'swift-openapi-runtime')
    cd /Users/steipete/Library/Developer/Xcode/DerivedData/CodeLooper-crrddjihwjtfkwegrjrymctnfixv/SourcePackages/checkouts/swift-openapi-runtime
    write-file /Users/steipete/Library/Developer/Xcode/DerivedData/CodeLooper-crrddjihwjtfkwegrjrymctnfixv/Build/Intermediates.noindex/swift-openapi-runtime.build/Debug/OpenAPIRuntime.build/OpenAPIRuntime.DependencyMetadataFileList

WriteAuxiliaryFile /Users/steipete/Library/Developer/Xcode/DerivedData/CodeLooper-crrddjihwjtfkwegrjrymctnfixv/Build/Intermediates.noindex/swift-openapi-runtime.build/Debug/OpenAPIRuntime.build/Objects-normal/arm64/OpenAPIRuntime.SwiftFileList (in target 'OpenAPIRuntime' from project 'swift-openapi-runtime')
    cd /Users/steipete/Library/Developer/Xcode/DerivedData/CodeLooper-crrddjihwjtfkwegrjrymctnfixv/SourcePackages/checkouts/swift-openapi-runtime
    write-file /Users/steipete/Library/Developer/Xcode/DerivedData/CodeLooper-crrddjihwjtfkwegrjrymctnfixv/Build/Intermediates.noindex/swift-openapi-runtime.build/Debug/OpenAPIRuntime.build/Objects-normal/arm64/OpenAPIRuntime.SwiftFileList

WriteAuxiliaryFile /Users/steipete/Library/Developer/Xcode/DerivedData/CodeLooper-crrddjihwjtfkwegrjrymctnfixv/Build/Intermediates.noindex/swift-openapi-runtime.build/Debug/OpenAPIRuntime.build/Objects-normal/arm64/OpenAPIRuntime_const_extract_protocols.json (in target 'OpenAPIRuntime' from project 'swift-openapi-runtime')
    cd /Users/steipete/Library/Developer/Xcode/DerivedData/CodeLooper-crrddjihwjtfkwegrjrymctnfixv/SourcePackages/checkouts/swift-openapi-runtime
    write-file /Users/steipete/Library/Developer/Xcode/DerivedData/CodeLooper-crrddjihwjtfkwegrjrymctnfixv/Build/Intermediates.noindex/swift-openapi-runtime.build/Debug/OpenAPIRuntime.build/Objects-normal/arm64/OpenAPIRuntime_const_extract_protocols.json

WriteAuxiliaryFile /Users/steipete/Library/Developer/Xcode/DerivedData/CodeLooper-crrddjihwjtfkwegrjrymctnfixv/Build/Intermediates.noindex/swift-openapi-runtime.build/Debug/OpenAPIRuntime.build/Objects-normal/arm64/OpenAPIRuntime.SwiftConstValuesFileList (in target 'OpenAPIRuntime' from project 'swift-openapi-runtime')
    cd /Users/steipete/Library/Developer/Xcode/DerivedData/CodeLooper-crrddjihwjtfkwegrjrymctnfixv/SourcePackages/checkouts/swift-openapi-runtime
    write-file /Users/steipete/Library/Developer/Xcode/DerivedData/CodeLooper-crrddjihwjtfkwegrjrymctnfixv/Build/Intermediates.noindex/swift-openapi-runtime.build/Debug/OpenAPIRuntime.build/Objects-normal/arm64/OpenAPIRuntime.SwiftConstValuesFileList

WriteAuxiliaryFile /Users/steipete/Library/Developer/Xcode/DerivedData/CodeLooper-crrddjihwjtfkwegrjrymctnfixv/Build/Intermediates.noindex/swift-openapi-runtime.build/Debug/OpenAPIRuntime.build/Objects-normal/arm64/OpenAPIRuntime.LinkFileList (in target 'OpenAPIRuntime' from project 'swift-openapi-runtime')
    cd /Users/steipete/Library/Developer/Xcode/DerivedData/CodeLooper-crrddjihwjtfkwegrjrymctnfixv/SourcePackages/checkouts/swift-openapi-runtime
    write-file /Users/steipete/Library/Developer/Xcode/DerivedData/CodeLooper-crrddjihwjtfkwegrjrymctnfixv/Build/Intermediates.noindex/swift-openapi-runtime.build/Debug/OpenAPIRuntime.build/Objects-normal/arm64/OpenAPIRuntime.LinkFileList

WriteAuxiliaryFile /Users/steipete/Library/Developer/Xcode/DerivedData/CodeLooper-crrddjihwjtfkwegrjrymctnfixv/Build/Intermediates.noindex/swift-openapi-runtime.build/Debug/OpenAPIRuntime.build/Objects-normal/arm64/OpenAPIRuntime-OutputFileMap.json (in target 'OpenAPIRuntime' from project 'swift-openapi-runtime')
    cd /Users/steipete/Library/Developer/Xcode/DerivedData/CodeLooper-crrddjihwjtfkwegrjrymctnfixv/SourcePackages/checkouts/swift-openapi-runtime
    write-file /Users/steipete/Library/Developer/Xcode/DerivedData/CodeLooper-crrddjihwjtfkwegrjrymctnfixv/Build/Intermediates.noindex/swift-openapi-runtime.build/Debug/OpenAPIRuntime.build/Objects-normal/arm64/OpenAPIRuntime-OutputFileMap.json

WriteAuxiliaryFile /Users/steipete/Library/Developer/Xcode/DerivedData/CodeLooper-crrddjihwjtfkwegrjrymctnfixv/Build/Intermediates.noindex/OpenAI.build/Debug/OpenAI.build/OpenAI.modulemap (in target 'OpenAI' from project 'OpenAI')
    cd /Users/steipete/Library/Developer/Xcode/DerivedData/CodeLooper-crrddjihwjtfkwegrjrymctnfixv/SourcePackages/checkouts/OpenAI
    write-file /Users/steipete/Library/Developer/Xcode/DerivedData/CodeLooper-crrddjihwjtfkwegrjrymctnfixv/Build/Intermediates.noindex/OpenAI.build/Debug/OpenAI.build/OpenAI.modulemap

WriteAuxiliaryFile /Users/steipete/Library/Developer/Xcode/DerivedData/CodeLooper-crrddjihwjtfkwegrjrymctnfixv/Build/Intermediates.noindex/OpenAI.build/Debug/OpenAI.build/OpenAI.DependencyMetadataFileList (in target 'OpenAI' from project 'OpenAI')
    cd /Users/steipete/Library/Developer/Xcode/DerivedData/CodeLooper-crrddjihwjtfkwegrjrymctnfixv/SourcePackages/checkouts/OpenAI
    write-file /Users/steipete/Library/Developer/Xcode/DerivedData/CodeLooper-crrddjihwjtfkwegrjrymctnfixv/Build/Intermediates.noindex/OpenAI.build/Debug/OpenAI.build/OpenAI.DependencyMetadataFileList

WriteAuxiliaryFile /Users/steipete/Library/Developer/Xcode/DerivedData/CodeLooper-crrddjihwjtfkwegrjrymctnfixv/Build/Intermediates.noindex/OpenAI.build/Debug/OpenAI.build/OpenAI.DependencyStaticMetadataFileList (in target 'OpenAI' from project 'OpenAI')
    cd /Users/steipete/Library/Developer/Xcode/DerivedData/CodeLooper-crrddjihwjtfkwegrjrymctnfixv/SourcePackages/checkouts/OpenAI
    write-file /Users/steipete/Library/Developer/Xcode/DerivedData/CodeLooper-crrddjihwjtfkwegrjrymctnfixv/Build/Intermediates.noindex/OpenAI.build/Debug/OpenAI.build/OpenAI.DependencyStaticMetadataFileList

WriteAuxiliaryFile /Users/steipete/Library/Developer/Xcode/DerivedData/CodeLooper-crrddjihwjtfkwegrjrymctnfixv/Build/Intermediates.noindex/OpenAI.build/Debug/OpenAI.build/Objects-normal/arm64/OpenAI_const_extract_protocols.json (in target 'OpenAI' from project 'OpenAI')
    cd /Users/steipete/Library/Developer/Xcode/DerivedData/CodeLooper-crrddjihwjtfkwegrjrymctnfixv/SourcePackages/checkouts/OpenAI
    write-file /Users/steipete/Library/Developer/Xcode/DerivedData/CodeLooper-crrddjihwjtfkwegrjrymctnfixv/Build/Intermediates.noindex/OpenAI.build/Debug/OpenAI.build/Objects-normal/arm64/OpenAI_const_extract_protocols.json

WriteAuxiliaryFile /Users/steipete/Library/Developer/Xcode/DerivedData/CodeLooper-crrddjihwjtfkwegrjrymctnfixv/Build/Intermediates.noindex/OpenAI.build/Debug/OpenAI.build/Objects-normal/arm64/OpenAI.SwiftFileList (in target 'OpenAI' from project 'OpenAI')
    cd /Users/steipete/Library/Developer/Xcode/DerivedData/CodeLooper-crrddjihwjtfkwegrjrymctnfixv/SourcePackages/checkouts/OpenAI
    write-file /Users/steipete/Library/Developer/Xcode/DerivedData/CodeLooper-crrddjihwjtfkwegrjrymctnfixv/Build/Intermediates.noindex/OpenAI.build/Debug/OpenAI.build/Objects-normal/arm64/OpenAI.SwiftFileList

WriteAuxiliaryFile /Users/steipete/Library/Developer/Xcode/DerivedData/CodeLooper-crrddjihwjtfkwegrjrymctnfixv/Build/Intermediates.noindex/OpenAI.build/Debug/OpenAI.build/Objects-normal/arm64/OpenAI.SwiftConstValuesFileList (in target 'OpenAI' from project 'OpenAI')
    cd /Users/steipete/Library/Developer/Xcode/DerivedData/CodeLooper-crrddjihwjtfkwegrjrymctnfixv/SourcePackages/checkouts/OpenAI
    write-file /Users/steipete/Library/Developer/Xcode/DerivedData/CodeLooper-crrddjihwjtfkwegrjrymctnfixv/Build/Intermediates.noindex/OpenAI.build/Debug/OpenAI.build/Objects-normal/arm64/OpenAI.SwiftConstValuesFileList

WriteAuxiliaryFile /Users/steipete/Library/Developer/Xcode/DerivedData/CodeLooper-crrddjihwjtfkwegrjrymctnfixv/Build/Intermediates.noindex/OpenAI.build/Debug/OpenAI.build/Objects-normal/arm64/OpenAI.LinkFileList (in target 'OpenAI' from project 'OpenAI')
    cd /Users/steipete/Library/Developer/Xcode/DerivedData/CodeLooper-crrddjihwjtfkwegrjrymctnfixv/SourcePackages/checkouts/OpenAI
    write-file /Users/steipete/Library/Developer/Xcode/DerivedData/CodeLooper-crrddjihwjtfkwegrjrymctnfixv/Build/Intermediates.noindex/OpenAI.build/Debug/OpenAI.build/Objects-normal/arm64/OpenAI.LinkFileList

WriteAuxiliaryFile /Users/steipete/Library/Developer/Xcode/DerivedData/CodeLooper-crrddjihwjtfkwegrjrymctnfixv/Build/Intermediates.noindex/OpenAI.build/Debug/OpenAI.build/Objects-normal/arm64/OpenAI-OutputFileMap.json (in target 'OpenAI' from project 'OpenAI')
    cd /Users/steipete/Library/Developer/Xcode/DerivedData/CodeLooper-crrddjihwjtfkwegrjrymctnfixv/SourcePackages/checkouts/OpenAI
    write-file /Users/steipete/Library/Developer/Xcode/DerivedData/CodeLooper-crrddjihwjtfkwegrjrymctnfixv/Build/Intermediates.noindex/OpenAI.build/Debug/OpenAI.build/Objects-normal/arm64/OpenAI-OutputFileMap.json

WriteAuxiliaryFile /Users/steipete/Library/Developer/Xcode/DerivedData/CodeLooper-crrddjihwjtfkwegrjrymctnfixv/Build/Intermediates.noindex/Ollama.build/Debug/Ollama.build/Ollama.DependencyMetadataFileList (in target 'Ollama' from project 'Ollama')
    cd /Users/steipete/Projects/ollama-swift
    write-file /Users/steipete/Library/Developer/Xcode/DerivedData/CodeLooper-crrddjihwjtfkwegrjrymctnfixv/Build/Intermediates.noindex/Ollama.build/Debug/Ollama.build/Ollama.DependencyMetadataFileList

WriteAuxiliaryFile /Users/steipete/Library/Developer/Xcode/DerivedData/CodeLooper-crrddjihwjtfkwegrjrymctnfixv/Build/Intermediates.noindex/Ollama.build/Debug/Ollama.build/Ollama.DependencyStaticMetadataFileList (in target 'Ollama' from project 'Ollama')
    cd /Users/steipete/Projects/ollama-swift
    write-file /Users/steipete/Library/Developer/Xcode/DerivedData/CodeLooper-crrddjihwjtfkwegrjrymctnfixv/Build/Intermediates.noindex/Ollama.build/Debug/Ollama.build/Ollama.DependencyStaticMetadataFileList

WriteAuxiliaryFile /Users/steipete/Library/Developer/Xcode/DerivedData/CodeLooper-crrddjihwjtfkwegrjrymctnfixv/Build/Intermediates.noindex/Ollama.build/Debug/Ollama.build/Ollama.modulemap (in target 'Ollama' from project 'Ollama')
    cd /Users/steipete/Projects/ollama-swift
    write-file /Users/steipete/Library/Developer/Xcode/DerivedData/CodeLooper-crrddjihwjtfkwegrjrymctnfixv/Build/Intermediates.noindex/Ollama.build/Debug/Ollama.build/Ollama.modulemap

WriteAuxiliaryFile /Users/steipete/Library/Developer/Xcode/DerivedData/CodeLooper-crrddjihwjtfkwegrjrymctnfixv/Build/Intermediates.noindex/Ollama.build/Debug/Ollama.build/Objects-normal/arm64/Ollama_const_extract_protocols.json (in target 'Ollama' from project 'Ollama')
    cd /Users/steipete/Projects/ollama-swift
    write-file /Users/steipete/Library/Developer/Xcode/DerivedData/CodeLooper-crrddjihwjtfkwegrjrymctnfixv/Build/Intermediates.noindex/Ollama.build/Debug/Ollama.build/Objects-normal/arm64/Ollama_const_extract_protocols.json

WriteAuxiliaryFile /Users/steipete/Library/Developer/Xcode/DerivedData/CodeLooper-crrddjihwjtfkwegrjrymctnfixv/Build/Intermediates.noindex/Ollama.build/Debug/Ollama.build/Objects-normal/arm64/Ollama.SwiftFileList (in target 'Ollama' from project 'Ollama')
    cd /Users/steipete/Projects/ollama-swift
    write-file /Users/steipete/Library/Developer/Xcode/DerivedData/CodeLooper-crrddjihwjtfkwegrjrymctnfixv/Build/Intermediates.noindex/Ollama.build/Debug/Ollama.build/Objects-normal/arm64/Ollama.SwiftFileList

WriteAuxiliaryFile /Users/steipete/Library/Developer/Xcode/DerivedData/CodeLooper-crrddjihwjtfkwegrjrymctnfixv/Build/Intermediates.noindex/Ollama.build/Debug/Ollama.build/Objects-normal/arm64/Ollama.SwiftConstValuesFileList (in target 'Ollama' from project 'Ollama')
    cd /Users/steipete/Projects/ollama-swift
    write-file /Users/steipete/Library/Developer/Xcode/DerivedData/CodeLooper-crrddjihwjtfkwegrjrymctnfixv/Build/Intermediates.noindex/Ollama.build/Debug/Ollama.build/Objects-normal/arm64/Ollama.SwiftConstValuesFileList

WriteAuxiliaryFile /Users/steipete/Library/Developer/Xcode/DerivedData/CodeLooper-crrddjihwjtfkwegrjrymctnfixv/Build/Intermediates.noindex/Ollama.build/Debug/Ollama.build/Objects-normal/arm64/Ollama.LinkFileList (in target 'Ollama' from project 'Ollama')
    cd /Users/steipete/Projects/ollama-swift
    write-file /Users/steipete/Library/Developer/Xcode/DerivedData/CodeLooper-crrddjihwjtfkwegrjrymctnfixv/Build/Intermediates.noindex/Ollama.build/Debug/Ollama.build/Objects-normal/arm64/Ollama.LinkFileList

WriteAuxiliaryFile /Users/steipete/Library/Developer/Xcode/DerivedData/CodeLooper-crrddjihwjtfkwegrjrymctnfixv/Build/Intermediates.noindex/Ollama.build/Debug/Ollama.build/Objects-normal/arm64/Ollama-OutputFileMap.json (in target 'Ollama' from project 'Ollama')
    cd /Users/steipete/Projects/ollama-swift
    write-file /Users/steipete/Library/Developer/Xcode/DerivedData/CodeLooper-crrddjihwjtfkwegrjrymctnfixv/Build/Intermediates.noindex/Ollama.build/Debug/Ollama.build/Objects-normal/arm64/Ollama-OutputFileMap.json

WriteAuxiliaryFile /Users/steipete/Library/Developer/Xcode/DerivedData/CodeLooper-crrddjihwjtfkwegrjrymctnfixv/Build/Intermediates.noindex/swift-nio-transport-services.build/Debug/NIOTransportServices.build/Objects-normal/arm64/NIOTransportServices.SwiftFileList (in target 'NIOTransportServices' from project 'swift-nio-transport-services')
    cd /Users/steipete/Library/Developer/Xcode/DerivedData/CodeLooper-crrddjihwjtfkwegrjrymctnfixv/SourcePackages/checkouts/swift-nio-transport-services
    write-file /Users/steipete/Library/Developer/Xcode/DerivedData/CodeLooper-crrddjihwjtfkwegrjrymctnfixv/Build/Intermediates.noindex/swift-nio-transport-services.build/Debug/NIOTransportServices.build/Objects-normal/arm64/NIOTransportServices.SwiftFileList

WriteAuxiliaryFile /Users/steipete/Library/Developer/Xcode/DerivedData/CodeLooper-crrddjihwjtfkwegrjrymctnfixv/Build/Intermediates.noindex/swift-nio-transport-services.build/Debug/NIOTransportServices.build/Objects-normal/arm64/NIOTransportServices_const_extract_protocols.json (in target 'NIOTransportServices' from project 'swift-nio-transport-services')
    cd /Users/steipete/Library/Developer/Xcode/DerivedData/CodeLooper-crrddjihwjtfkwegrjrymctnfixv/SourcePackages/checkouts/swift-nio-transport-services
    write-file /Users/steipete/Library/Developer/Xcode/DerivedData/CodeLooper-crrddjihwjtfkwegrjrymctnfixv/Build/Intermediates.noindex/swift-nio-transport-services.build/Debug/NIOTransportServices.build/Objects-normal/arm64/NIOTransportServices_const_extract_protocols.json

WriteAuxiliaryFile /Users/steipete/Library/Developer/Xcode/DerivedData/CodeLooper-crrddjihwjtfkwegrjrymctnfixv/Build/Intermediates.noindex/swift-nio-transport-services.build/Debug/NIOTransportServices.build/Objects-normal/arm64/NIOTransportServices.SwiftConstValuesFileList (in target 'NIOTransportServices' from project 'swift-nio-transport-services')
    cd /Users/steipete/Library/Developer/Xcode/DerivedData/CodeLooper-crrddjihwjtfkwegrjrymctnfixv/SourcePackages/checkouts/swift-nio-transport-services
    write-file /Users/steipete/Library/Developer/Xcode/DerivedData/CodeLooper-crrddjihwjtfkwegrjrymctnfixv/Build/Intermediates.noindex/swift-nio-transport-services.build/Debug/NIOTransportServices.build/Objects-normal/arm64/NIOTransportServices.SwiftConstValuesFileList

WriteAuxiliaryFile /Users/steipete/Library/Developer/Xcode/DerivedData/CodeLooper-crrddjihwjtfkwegrjrymctnfixv/Build/Intermediates.noindex/swift-nio-transport-services.build/Debug/NIOTransportServices.build/Objects-normal/arm64/NIOTransportServices.LinkFileList (in target 'NIOTransportServices' from project 'swift-nio-transport-services')
    cd /Users/steipete/Library/Developer/Xcode/DerivedData/CodeLooper-crrddjihwjtfkwegrjrymctnfixv/SourcePackages/checkouts/swift-nio-transport-services
    write-file /Users/steipete/Library/Developer/Xcode/DerivedData/CodeLooper-crrddjihwjtfkwegrjrymctnfixv/Build/Intermediates.noindex/swift-nio-transport-services.build/Debug/NIOTransportServices.build/Objects-normal/arm64/NIOTransportServices.LinkFileList

WriteAuxiliaryFile /Users/steipete/Library/Developer/Xcode/DerivedData/CodeLooper-crrddjihwjtfkwegrjrymctnfixv/Build/Intermediates.noindex/swift-nio-transport-services.build/Debug/NIOTransportServices.build/Objects-normal/arm64/NIOTransportServices-OutputFileMap.json (in target 'NIOTransportServices' from project 'swift-nio-transport-services')
    cd /Users/steipete/Library/Developer/Xcode/DerivedData/CodeLooper-crrddjihwjtfkwegrjrymctnfixv/SourcePackages/checkouts/swift-nio-transport-services
    write-file /Users/steipete/Library/Developer/Xcode/DerivedData/CodeLooper-crrddjihwjtfkwegrjrymctnfixv/Build/Intermediates.noindex/swift-nio-transport-services.build/Debug/NIOTransportServices.build/Objects-normal/arm64/NIOTransportServices-OutputFileMap.json

WriteAuxiliaryFile /Users/steipete/Library/Developer/Xcode/DerivedData/CodeLooper-crrddjihwjtfkwegrjrymctnfixv/Build/Intermediates.noindex/swift-nio-transport-services.build/Debug/NIOTransportServices.build/NIOTransportServices.modulemap (in target 'NIOTransportServices' from project 'swift-nio-transport-services')
    cd /Users/steipete/Library/Developer/Xcode/DerivedData/CodeLooper-crrddjihwjtfkwegrjrymctnfixv/SourcePackages/checkouts/swift-nio-transport-services
    write-file /Users/steipete/Library/Developer/Xcode/DerivedData/CodeLooper-crrddjihwjtfkwegrjrymctnfixv/Build/Intermediates.noindex/swift-nio-transport-services.build/Debug/NIOTransportServices.build/NIOTransportServices.modulemap

WriteAuxiliaryFile /Users/steipete/Library/Developer/Xcode/DerivedData/CodeLooper-crrddjihwjtfkwegrjrymctnfixv/Build/Intermediates.noindex/swift-nio-transport-services.build/Debug/NIOTransportServices.build/NIOTransportServices.DependencyStaticMetadataFileList (in target 'NIOTransportServices' from project 'swift-nio-transport-services')
    cd /Users/steipete/Library/Developer/Xcode/DerivedData/CodeLooper-crrddjihwjtfkwegrjrymctnfixv/SourcePackages/checkouts/swift-nio-transport-services
    write-file /Users/steipete/Library/Developer/Xcode/DerivedData/CodeLooper-crrddjihwjtfkwegrjrymctnfixv/Build/Intermediates.noindex/swift-nio-transport-services.build/Debug/NIOTransportServices.build/NIOTransportServices.DependencyStaticMetadataFileList

WriteAuxiliaryFile /Users/steipete/Library/Developer/Xcode/DerivedData/CodeLooper-crrddjihwjtfkwegrjrymctnfixv/Build/Intermediates.noindex/swift-nio-transport-services.build/Debug/NIOTransportServices.build/NIOTransportServices.DependencyMetadataFileList (in target 'NIOTransportServices' from project 'swift-nio-transport-services')
    cd /Users/steipete/Library/Developer/Xcode/DerivedData/CodeLooper-crrddjihwjtfkwegrjrymctnfixv/SourcePackages/checkouts/swift-nio-transport-services
    write-file /Users/steipete/Library/Developer/Xcode/DerivedData/CodeLooper-crrddjihwjtfkwegrjrymctnfixv/Build/Intermediates.noindex/swift-nio-transport-services.build/Debug/NIOTransportServices.build/NIOTransportServices.DependencyMetadataFileList

WriteAuxiliaryFile /Users/steipete/Library/Developer/Xcode/DerivedData/CodeLooper-crrddjihwjtfkwegrjrymctnfixv/Build/Intermediates.noindex/swift-nio.build/Debug/NIOTLS.build/Objects-normal/arm64/NIOTLS.SwiftFileList (in target 'NIOTLS' from project 'swift-nio')
    cd /Users/steipete/Library/Developer/Xcode/DerivedData/CodeLooper-crrddjihwjtfkwegrjrymctnfixv/SourcePackages/checkouts/swift-nio
    write-file /Users/steipete/Library/Developer/Xcode/DerivedData/CodeLooper-crrddjihwjtfkwegrjrymctnfixv/Build/Intermediates.noindex/swift-nio.build/Debug/NIOTLS.build/Objects-normal/arm64/NIOTLS.SwiftFileList

WriteAuxiliaryFile /Users/steipete/Library/Developer/Xcode/DerivedData/CodeLooper-crrddjihwjtfkwegrjrymctnfixv/Build/Intermediates.noindex/swift-nio.build/Debug/NIOTLS.build/Objects-normal/arm64/NIOTLS_const_extract_protocols.json (in target 'NIOTLS' from project 'swift-nio')
    cd /Users/steipete/Library/Developer/Xcode/DerivedData/CodeLooper-crrddjihwjtfkwegrjrymctnfixv/SourcePackages/checkouts/swift-nio
    write-file /Users/steipete/Library/Developer/Xcode/DerivedData/CodeLooper-crrddjihwjtfkwegrjrymctnfixv/Build/Intermediates.noindex/swift-nio.build/Debug/NIOTLS.build/Objects-normal/arm64/NIOTLS_const_extract_protocols.json

WriteAuxiliaryFile /Users/steipete/Library/Developer/Xcode/DerivedData/CodeLooper-crrddjihwjtfkwegrjrymctnfixv/Build/Intermediates.noindex/swift-nio.build/Debug/NIOTLS.build/Objects-normal/arm64/NIOTLS.SwiftConstValuesFileList (in target 'NIOTLS' from project 'swift-nio')
    cd /Users/steipete/Library/Developer/Xcode/DerivedData/CodeLooper-crrddjihwjtfkwegrjrymctnfixv/SourcePackages/checkouts/swift-nio
    write-file /Users/steipete/Library/Developer/Xcode/DerivedData/CodeLooper-crrddjihwjtfkwegrjrymctnfixv/Build/Intermediates.noindex/swift-nio.build/Debug/NIOTLS.build/Objects-normal/arm64/NIOTLS.SwiftConstValuesFileList

WriteAuxiliaryFile /Users/steipete/Library/Developer/Xcode/DerivedData/CodeLooper-crrddjihwjtfkwegrjrymctnfixv/Build/Intermediates.noindex/swift-nio.build/Debug/NIOTLS.build/Objects-normal/arm64/NIOTLS-OutputFileMap.json (in target 'NIOTLS' from project 'swift-nio')
    cd /Users/steipete/Library/Developer/Xcode/DerivedData/CodeLooper-crrddjihwjtfkwegrjrymctnfixv/SourcePackages/checkouts/swift-nio
    write-file /Users/steipete/Library/Developer/Xcode/DerivedData/CodeLooper-crrddjihwjtfkwegrjrymctnfixv/Build/Intermediates.noindex/swift-nio.build/Debug/NIOTLS.build/Objects-normal/arm64/NIOTLS-OutputFileMap.json

WriteAuxiliaryFile /Users/steipete/Library/Developer/Xcode/DerivedData/CodeLooper-crrddjihwjtfkwegrjrymctnfixv/Build/Intermediates.noindex/swift-nio.build/Debug/NIOTLS.build/Objects-normal/arm64/NIOTLS.LinkFileList (in target 'NIOTLS' from project 'swift-nio')
    cd /Users/steipete/Library/Developer/Xcode/DerivedData/CodeLooper-crrddjihwjtfkwegrjrymctnfixv/SourcePackages/checkouts/swift-nio
    write-file /Users/steipete/Library/Developer/Xcode/DerivedData/CodeLooper-crrddjihwjtfkwegrjrymctnfixv/Build/Intermediates.noindex/swift-nio.build/Debug/NIOTLS.build/Objects-normal/arm64/NIOTLS.LinkFileList

WriteAuxiliaryFile /Users/steipete/Library/Developer/Xcode/DerivedData/CodeLooper-crrddjihwjtfkwegrjrymctnfixv/Build/Intermediates.noindex/swift-nio.build/Debug/NIOTLS.build/NIOTLS.modulemap (in target 'NIOTLS' from project 'swift-nio')
    cd /Users/steipete/Library/Developer/Xcode/DerivedData/CodeLooper-crrddjihwjtfkwegrjrymctnfixv/SourcePackages/checkouts/swift-nio
    write-file /Users/steipete/Library/Developer/Xcode/DerivedData/CodeLooper-crrddjihwjtfkwegrjrymctnfixv/Build/Intermediates.noindex/swift-nio.build/Debug/NIOTLS.build/NIOTLS.modulemap

WriteAuxiliaryFile /Users/steipete/Library/Developer/Xcode/DerivedData/CodeLooper-crrddjihwjtfkwegrjrymctnfixv/Build/Intermediates.noindex/swift-nio.build/Debug/NIOTLS.build/NIOTLS.DependencyStaticMetadataFileList (in target 'NIOTLS' from project 'swift-nio')
    cd /Users/steipete/Library/Developer/Xcode/DerivedData/CodeLooper-crrddjihwjtfkwegrjrymctnfixv/SourcePackages/checkouts/swift-nio
    write-file /Users/steipete/Library/Developer/Xcode/DerivedData/CodeLooper-crrddjihwjtfkwegrjrymctnfixv/Build/Intermediates.noindex/swift-nio.build/Debug/NIOTLS.build/NIOTLS.DependencyStaticMetadataFileList

WriteAuxiliaryFile /Users/steipete/Library/Developer/Xcode/DerivedData/CodeLooper-crrddjihwjtfkwegrjrymctnfixv/Build/Intermediates.noindex/swift-nio.build/Debug/NIOTLS.build/NIOTLS.DependencyMetadataFileList (in target 'NIOTLS' from project 'swift-nio')
    cd /Users/steipete/Library/Developer/Xcode/DerivedData/CodeLooper-crrddjihwjtfkwegrjrymctnfixv/SourcePackages/checkouts/swift-nio
    write-file /Users/steipete/Library/Developer/Xcode/DerivedData/CodeLooper-crrddjihwjtfkwegrjrymctnfixv/Build/Intermediates.noindex/swift-nio.build/Debug/NIOTLS.build/NIOTLS.DependencyMetadataFileList

WriteAuxiliaryFile /Users/steipete/Library/Developer/Xcode/DerivedData/CodeLooper-crrddjihwjtfkwegrjrymctnfixv/Build/Intermediates.noindex/swift-nio.build/Debug/NIOPosix.build/Objects-normal/arm64/NIOPosix_const_extract_protocols.json (in target 'NIOPosix' from project 'swift-nio')
    cd /Users/steipete/Library/Developer/Xcode/DerivedData/CodeLooper-crrddjihwjtfkwegrjrymctnfixv/SourcePackages/checkouts/swift-nio
    write-file /Users/steipete/Library/Developer/Xcode/DerivedData/CodeLooper-crrddjihwjtfkwegrjrymctnfixv/Build/Intermediates.noindex/swift-nio.build/Debug/NIOPosix.build/Objects-normal/arm64/NIOPosix_const_extract_protocols.json

WriteAuxiliaryFile /Users/steipete/Library/Developer/Xcode/DerivedData/CodeLooper-crrddjihwjtfkwegrjrymctnfixv/Build/Intermediates.noindex/swift-nio.build/Debug/NIOPosix.build/Objects-normal/arm64/NIOPosix.SwiftFileList (in target 'NIOPosix' from project 'swift-nio')
    cd /Users/steipete/Library/Developer/Xcode/DerivedData/CodeLooper-crrddjihwjtfkwegrjrymctnfixv/SourcePackages/checkouts/swift-nio
    write-file /Users/steipete/Library/Developer/Xcode/DerivedData/CodeLooper-crrddjihwjtfkwegrjrymctnfixv/Build/Intermediates.noindex/swift-nio.build/Debug/NIOPosix.build/Objects-normal/arm64/NIOPosix.SwiftFileList

WriteAuxiliaryFile /Users/steipete/Library/Developer/Xcode/DerivedData/CodeLooper-crrddjihwjtfkwegrjrymctnfixv/Build/Intermediates.noindex/swift-nio.build/Debug/NIOPosix.build/Objects-normal/arm64/NIOPosix.SwiftConstValuesFileList (in target 'NIOPosix' from project 'swift-nio')
    cd /Users/steipete/Library/Developer/Xcode/DerivedData/CodeLooper-crrddjihwjtfkwegrjrymctnfixv/SourcePackages/checkouts/swift-nio
    write-file /Users/steipete/Library/Developer/Xcode/DerivedData/CodeLooper-crrddjihwjtfkwegrjrymctnfixv/Build/Intermediates.noindex/swift-nio.build/Debug/NIOPosix.build/Objects-normal/arm64/NIOPosix.SwiftConstValuesFileList

WriteAuxiliaryFile /Users/steipete/Library/Developer/Xcode/DerivedData/CodeLooper-crrddjihwjtfkwegrjrymctnfixv/Build/Intermediates.noindex/swift-nio.build/Debug/NIOPosix.build/Objects-normal/arm64/NIOPosix.LinkFileList (in target 'NIOPosix' from project 'swift-nio')
    cd /Users/steipete/Library/Developer/Xcode/DerivedData/CodeLooper-crrddjihwjtfkwegrjrymctnfixv/SourcePackages/checkouts/swift-nio
    write-file /Users/steipete/Library/Developer/Xcode/DerivedData/CodeLooper-crrddjihwjtfkwegrjrymctnfixv/Build/Intermediates.noindex/swift-nio.build/Debug/NIOPosix.build/Objects-normal/arm64/NIOPosix.LinkFileList

WriteAuxiliaryFile /Users/steipete/Library/Developer/Xcode/DerivedData/CodeLooper-crrddjihwjtfkwegrjrymctnfixv/Build/Intermediates.noindex/swift-nio.build/Debug/NIOPosix.build/Objects-normal/arm64/NIOPosix-OutputFileMap.json (in target 'NIOPosix' from project 'swift-nio')
    cd /Users/steipete/Library/Developer/Xcode/DerivedData/CodeLooper-crrddjihwjtfkwegrjrymctnfixv/SourcePackages/checkouts/swift-nio
    write-file /Users/steipete/Library/Developer/Xcode/DerivedData/CodeLooper-crrddjihwjtfkwegrjrymctnfixv/Build/Intermediates.noindex/swift-nio.build/Debug/NIOPosix.build/Objects-normal/arm64/NIOPosix-OutputFileMap.json

WriteAuxiliaryFile /Users/steipete/Library/Developer/Xcode/DerivedData/CodeLooper-crrddjihwjtfkwegrjrymctnfixv/Build/Intermediates.noindex/swift-nio.build/Debug/NIOPosix.build/NIOPosix.modulemap (in target 'NIOPosix' from project 'swift-nio')
    cd /Users/steipete/Library/Developer/Xcode/DerivedData/CodeLooper-crrddjihwjtfkwegrjrymctnfixv/SourcePackages/checkouts/swift-nio
    write-file /Users/steipete/Library/Developer/Xcode/DerivedData/CodeLooper-crrddjihwjtfkwegrjrymctnfixv/Build/Intermediates.noindex/swift-nio.build/Debug/NIOPosix.build/NIOPosix.modulemap

WriteAuxiliaryFile /Users/steipete/Library/Developer/Xcode/DerivedData/CodeLooper-crrddjihwjtfkwegrjrymctnfixv/Build/Intermediates.noindex/swift-nio.build/Debug/NIOPosix.build/NIOPosix.DependencyStaticMetadataFileList (in target 'NIOPosix' from project 'swift-nio')
    cd /Users/steipete/Library/Developer/Xcode/DerivedData/CodeLooper-crrddjihwjtfkwegrjrymctnfixv/SourcePackages/checkouts/swift-nio
    write-file /Users/steipete/Library/Developer/Xcode/DerivedData/CodeLooper-crrddjihwjtfkwegrjrymctnfixv/Build/Intermediates.noindex/swift-nio.build/Debug/NIOPosix.build/NIOPosix.DependencyStaticMetadataFileList

WriteAuxiliaryFile /Users/steipete/Library/Developer/Xcode/DerivedData/CodeLooper-crrddjihwjtfkwegrjrymctnfixv/Build/Intermediates.noindex/swift-nio.build/Debug/NIOPosix.build/NIOPosix.DependencyMetadataFileList (in target 'NIOPosix' from project 'swift-nio')
    cd /Users/steipete/Library/Developer/Xcode/DerivedData/CodeLooper-crrddjihwjtfkwegrjrymctnfixv/SourcePackages/checkouts/swift-nio
    write-file /Users/steipete/Library/Developer/Xcode/DerivedData/CodeLooper-crrddjihwjtfkwegrjrymctnfixv/Build/Intermediates.noindex/swift-nio.build/Debug/NIOPosix.build/NIOPosix.DependencyMetadataFileList

WriteAuxiliaryFile /Users/steipete/Library/Developer/Xcode/DerivedData/CodeLooper-crrddjihwjtfkwegrjrymctnfixv/Build/Intermediates.noindex/swift-nio.build/Debug/NIOPosix.build/DerivedSources/resource_bundle_accessor.swift (in target 'NIOPosix' from project 'swift-nio')
    cd /Users/steipete/Library/Developer/Xcode/DerivedData/CodeLooper-crrddjihwjtfkwegrjrymctnfixv/SourcePackages/checkouts/swift-nio
    write-file /Users/steipete/Library/Developer/Xcode/DerivedData/CodeLooper-crrddjihwjtfkwegrjrymctnfixv/Build/Intermediates.noindex/swift-nio.build/Debug/NIOPosix.build/DerivedSources/resource_bundle_accessor.swift

WriteAuxiliaryFile /Users/steipete/Library/Developer/Xcode/DerivedData/CodeLooper-crrddjihwjtfkwegrjrymctnfixv/Build/Intermediates.noindex/swift-nio-extras.build/Debug/NIOHTTPTypesHTTP1.build/NIOHTTPTypesHTTP1.DependencyMetadataFileList (in target 'NIOHTTPTypesHTTP1' from project 'swift-nio-extras')
    cd /Users/steipete/Library/Developer/Xcode/DerivedData/CodeLooper-crrddjihwjtfkwegrjrymctnfixv/SourcePackages/checkouts/swift-nio-extras
    write-file /Users/steipete/Library/Developer/Xcode/DerivedData/CodeLooper-crrddjihwjtfkwegrjrymctnfixv/Build/Intermediates.noindex/swift-nio-extras.build/Debug/NIOHTTPTypesHTTP1.build/NIOHTTPTypesHTTP1.DependencyMetadataFileList

WriteAuxiliaryFile /Users/steipete/Library/Developer/Xcode/DerivedData/CodeLooper-crrddjihwjtfkwegrjrymctnfixv/Build/Intermediates.noindex/swift-nio-extras.build/Debug/NIOHTTPTypesHTTP1.build/NIOHTTPTypesHTTP1.DependencyStaticMetadataFileList (in target 'NIOHTTPTypesHTTP1' from project 'swift-nio-extras')
    cd /Users/steipete/Library/Developer/Xcode/DerivedData/CodeLooper-crrddjihwjtfkwegrjrymctnfixv/SourcePackages/checkouts/swift-nio-extras
    write-file /Users/steipete/Library/Developer/Xcode/DerivedData/CodeLooper-crrddjihwjtfkwegrjrymctnfixv/Build/Intermediates.noindex/swift-nio-extras.build/Debug/NIOHTTPTypesHTTP1.build/NIOHTTPTypesHTTP1.DependencyStaticMetadataFileList

WriteAuxiliaryFile /Users/steipete/Library/Developer/Xcode/DerivedData/CodeLooper-crrddjihwjtfkwegrjrymctnfixv/Build/Intermediates.noindex/swift-nio-extras.build/Debug/NIOHTTPTypesHTTP1.build/NIOHTTPTypesHTTP1.modulemap (in target 'NIOHTTPTypesHTTP1' from project 'swift-nio-extras')
    cd /Users/steipete/Library/Developer/Xcode/DerivedData/CodeLooper-crrddjihwjtfkwegrjrymctnfixv/SourcePackages/checkouts/swift-nio-extras
    write-file /Users/steipete/Library/Developer/Xcode/DerivedData/CodeLooper-crrddjihwjtfkwegrjrymctnfixv/Build/Intermediates.noindex/swift-nio-extras.build/Debug/NIOHTTPTypesHTTP1.build/NIOHTTPTypesHTTP1.modulemap

WriteAuxiliaryFile /Users/steipete/Library/Developer/Xcode/DerivedData/CodeLooper-crrddjihwjtfkwegrjrymctnfixv/Build/Intermediates.noindex/swift-nio-extras.build/Debug/NIOHTTPTypesHTTP1.build/Objects-normal/arm64/NIOHTTPTypesHTTP1-OutputFileMap.json (in target 'NIOHTTPTypesHTTP1' from project 'swift-nio-extras')
    cd /Users/steipete/Library/Developer/Xcode/DerivedData/CodeLooper-crrddjihwjtfkwegrjrymctnfixv/SourcePackages/checkouts/swift-nio-extras
    write-file /Users/steipete/Library/Developer/Xcode/DerivedData/CodeLooper-crrddjihwjtfkwegrjrymctnfixv/Build/Intermediates.noindex/swift-nio-extras.build/Debug/NIOHTTPTypesHTTP1.build/Objects-normal/arm64/NIOHTTPTypesHTTP1-OutputFileMap.json

WriteAuxiliaryFile /Users/steipete/Library/Developer/Xcode/DerivedData/CodeLooper-crrddjihwjtfkwegrjrymctnfixv/Build/Intermediates.noindex/swift-nio-extras.build/Debug/NIOHTTPTypesHTTP1.build/Objects-normal/arm64/NIOHTTPTypesHTTP1.SwiftFileList (in target 'NIOHTTPTypesHTTP1' from project 'swift-nio-extras')
    cd /Users/steipete/Library/Developer/Xcode/DerivedData/CodeLooper-crrddjihwjtfkwegrjrymctnfixv/SourcePackages/checkouts/swift-nio-extras
    write-file /Users/steipete/Library/Developer/Xcode/DerivedData/CodeLooper-crrddjihwjtfkwegrjrymctnfixv/Build/Intermediates.noindex/swift-nio-extras.build/Debug/NIOHTTPTypesHTTP1.build/Objects-normal/arm64/NIOHTTPTypesHTTP1.SwiftFileList

WriteAuxiliaryFile /Users/steipete/Library/Developer/Xcode/DerivedData/CodeLooper-crrddjihwjtfkwegrjrymctnfixv/Build/Intermediates.noindex/swift-nio-extras.build/Debug/NIOHTTPTypesHTTP1.build/Objects-normal/arm64/NIOHTTPTypesHTTP1_const_extract_protocols.json (in target 'NIOHTTPTypesHTTP1' from project 'swift-nio-extras')
    cd /Users/steipete/Library/Developer/Xcode/DerivedData/CodeLooper-crrddjihwjtfkwegrjrymctnfixv/SourcePackages/checkouts/swift-nio-extras
    write-file /Users/steipete/Library/Developer/Xcode/DerivedData/CodeLooper-crrddjihwjtfkwegrjrymctnfixv/Build/Intermediates.noindex/swift-nio-extras.build/Debug/NIOHTTPTypesHTTP1.build/Objects-normal/arm64/NIOHTTPTypesHTTP1_const_extract_protocols.json

WriteAuxiliaryFile /Users/steipete/Library/Developer/Xcode/DerivedData/CodeLooper-crrddjihwjtfkwegrjrymctnfixv/Build/Intermediates.noindex/swift-nio-extras.build/Debug/NIOHTTPTypesHTTP1.build/Objects-normal/arm64/NIOHTTPTypesHTTP1.LinkFileList (in target 'NIOHTTPTypesHTTP1' from project 'swift-nio-extras')
    cd /Users/steipete/Library/Developer/Xcode/DerivedData/CodeLooper-crrddjihwjtfkwegrjrymctnfixv/SourcePackages/checkouts/swift-nio-extras
    write-file /Users/steipete/Library/Developer/Xcode/DerivedData/CodeLooper-crrddjihwjtfkwegrjrymctnfixv/Build/Intermediates.noindex/swift-nio-extras.build/Debug/NIOHTTPTypesHTTP1.build/Objects-normal/arm64/NIOHTTPTypesHTTP1.LinkFileList

WriteAuxiliaryFile /Users/steipete/Library/Developer/Xcode/DerivedData/CodeLooper-crrddjihwjtfkwegrjrymctnfixv/Build/Intermediates.noindex/swift-nio-extras.build/Debug/NIOHTTPTypesHTTP1.build/Objects-normal/arm64/NIOHTTPTypesHTTP1.SwiftConstValuesFileList (in target 'NIOHTTPTypesHTTP1' from project 'swift-nio-extras')
    cd /Users/steipete/Library/Developer/Xcode/DerivedData/CodeLooper-crrddjihwjtfkwegrjrymctnfixv/SourcePackages/checkouts/swift-nio-extras
    write-file /Users/steipete/Library/Developer/Xcode/DerivedData/CodeLooper-crrddjihwjtfkwegrjrymctnfixv/Build/Intermediates.noindex/swift-nio-extras.build/Debug/NIOHTTPTypesHTTP1.build/Objects-normal/arm64/NIOHTTPTypesHTTP1.SwiftConstValuesFileList

WriteAuxiliaryFile /Users/steipete/Library/Developer/Xcode/DerivedData/CodeLooper-crrddjihwjtfkwegrjrymctnfixv/Build/Intermediates.noindex/swift-nio-extras.build/Debug/NIOHTTPTypes.build/NIOHTTPTypes.modulemap (in target 'NIOHTTPTypes' from project 'swift-nio-extras')
    cd /Users/steipete/Library/Developer/Xcode/DerivedData/CodeLooper-crrddjihwjtfkwegrjrymctnfixv/SourcePackages/checkouts/swift-nio-extras
    write-file /Users/steipete/Library/Developer/Xcode/DerivedData/CodeLooper-crrddjihwjtfkwegrjrymctnfixv/Build/Intermediates.noindex/swift-nio-extras.build/Debug/NIOHTTPTypes.build/NIOHTTPTypes.modulemap

WriteAuxiliaryFile /Users/steipete/Library/Developer/Xcode/DerivedData/CodeLooper-crrddjihwjtfkwegrjrymctnfixv/Build/Intermediates.noindex/swift-nio-extras.build/Debug/NIOHTTPTypes.build/NIOHTTPTypes.DependencyStaticMetadataFileList (in target 'NIOHTTPTypes' from project 'swift-nio-extras')
    cd /Users/steipete/Library/Developer/Xcode/DerivedData/CodeLooper-crrddjihwjtfkwegrjrymctnfixv/SourcePackages/checkouts/swift-nio-extras
    write-file /Users/steipete/Library/Developer/Xcode/DerivedData/CodeLooper-crrddjihwjtfkwegrjrymctnfixv/Build/Intermediates.noindex/swift-nio-extras.build/Debug/NIOHTTPTypes.build/NIOHTTPTypes.DependencyStaticMetadataFileList

WriteAuxiliaryFile /Users/steipete/Library/Developer/Xcode/DerivedData/CodeLooper-crrddjihwjtfkwegrjrymctnfixv/Build/Intermediates.noindex/swift-nio-extras.build/Debug/NIOHTTPTypes.build/NIOHTTPTypes.DependencyMetadataFileList (in target 'NIOHTTPTypes' from project 'swift-nio-extras')
    cd /Users/steipete/Library/Developer/Xcode/DerivedData/CodeLooper-crrddjihwjtfkwegrjrymctnfixv/SourcePackages/checkouts/swift-nio-extras
    write-file /Users/steipete/Library/Developer/Xcode/DerivedData/CodeLooper-crrddjihwjtfkwegrjrymctnfixv/Build/Intermediates.noindex/swift-nio-extras.build/Debug/NIOHTTPTypes.build/NIOHTTPTypes.DependencyMetadataFileList

WriteAuxiliaryFile /Users/steipete/Library/Developer/Xcode/DerivedData/CodeLooper-crrddjihwjtfkwegrjrymctnfixv/Build/Intermediates.noindex/swift-nio-extras.build/Debug/NIOHTTPTypes.build/Objects-normal/arm64/NIOHTTPTypes-OutputFileMap.json (in target 'NIOHTTPTypes' from project 'swift-nio-extras')
    cd /Users/steipete/Library/Developer/Xcode/DerivedData/CodeLooper-crrddjihwjtfkwegrjrymctnfixv/SourcePackages/checkouts/swift-nio-extras
    write-file /Users/steipete/Library/Developer/Xcode/DerivedData/CodeLooper-crrddjihwjtfkwegrjrymctnfixv/Build/Intermediates.noindex/swift-nio-extras.build/Debug/NIOHTTPTypes.build/Objects-normal/arm64/NIOHTTPTypes-OutputFileMap.json

WriteAuxiliaryFile /Users/steipete/Library/Developer/Xcode/DerivedData/CodeLooper-crrddjihwjtfkwegrjrymctnfixv/Build/Intermediates.noindex/swift-nio-extras.build/Debug/NIOHTTPTypes.build/Objects-normal/arm64/NIOHTTPTypes_const_extract_protocols.json (in target 'NIOHTTPTypes' from project 'swift-nio-extras')
    cd /Users/steipete/Library/Developer/Xcode/DerivedData/CodeLooper-crrddjihwjtfkwegrjrymctnfixv/SourcePackages/checkouts/swift-nio-extras
    write-file /Users/steipete/Library/Developer/Xcode/DerivedData/CodeLooper-crrddjihwjtfkwegrjrymctnfixv/Build/Intermediates.noindex/swift-nio-extras.build/Debug/NIOHTTPTypes.build/Objects-normal/arm64/NIOHTTPTypes_const_extract_protocols.json

WriteAuxiliaryFile /Users/steipete/Library/Developer/Xcode/DerivedData/CodeLooper-crrddjihwjtfkwegrjrymctnfixv/Build/Intermediates.noindex/swift-nio-extras.build/Debug/NIOHTTPTypes.build/Objects-normal/arm64/NIOHTTPTypes.SwiftFileList (in target 'NIOHTTPTypes' from project 'swift-nio-extras')
    cd /Users/steipete/Library/Developer/Xcode/DerivedData/CodeLooper-crrddjihwjtfkwegrjrymctnfixv/SourcePackages/checkouts/swift-nio-extras
    write-file /Users/steipete/Library/Developer/Xcode/DerivedData/CodeLooper-crrddjihwjtfkwegrjrymctnfixv/Build/Intermediates.noindex/swift-nio-extras.build/Debug/NIOHTTPTypes.build/Objects-normal/arm64/NIOHTTPTypes.SwiftFileList

WriteAuxiliaryFile /Users/steipete/Library/Developer/Xcode/DerivedData/CodeLooper-crrddjihwjtfkwegrjrymctnfixv/Build/Intermediates.noindex/swift-nio-extras.build/Debug/NIOHTTPTypes.build/Objects-normal/arm64/NIOHTTPTypes.LinkFileList (in target 'NIOHTTPTypes' from project 'swift-nio-extras')
    cd /Users/steipete/Library/Developer/Xcode/DerivedData/CodeLooper-crrddjihwjtfkwegrjrymctnfixv/SourcePackages/checkouts/swift-nio-extras
    write-file /Users/steipete/Library/Developer/Xcode/DerivedData/CodeLooper-crrddjihwjtfkwegrjrymctnfixv/Build/Intermediates.noindex/swift-nio-extras.build/Debug/NIOHTTPTypes.build/Objects-normal/arm64/NIOHTTPTypes.LinkFileList

WriteAuxiliaryFile /Users/steipete/Library/Developer/Xcode/DerivedData/CodeLooper-crrddjihwjtfkwegrjrymctnfixv/Build/Intermediates.noindex/swift-nio-extras.build/Debug/NIOHTTPTypes.build/Objects-normal/arm64/NIOHTTPTypes.SwiftConstValuesFileList (in target 'NIOHTTPTypes' from project 'swift-nio-extras')
    cd /Users/steipete/Library/Developer/Xcode/DerivedData/CodeLooper-crrddjihwjtfkwegrjrymctnfixv/SourcePackages/checkouts/swift-nio-extras
    write-file /Users/steipete/Library/Developer/Xcode/DerivedData/CodeLooper-crrddjihwjtfkwegrjrymctnfixv/Build/Intermediates.noindex/swift-nio-extras.build/Debug/NIOHTTPTypes.build/Objects-normal/arm64/NIOHTTPTypes.SwiftConstValuesFileList

WriteAuxiliaryFile /Users/steipete/Library/Developer/Xcode/DerivedData/CodeLooper-crrddjihwjtfkwegrjrymctnfixv/Build/Intermediates.noindex/swift-nio.build/Debug/NIOHTTP1.build/Objects-normal/arm64/NIOHTTP1.SwiftConstValuesFileList (in target 'NIOHTTP1' from project 'swift-nio')
    cd /Users/steipete/Library/Developer/Xcode/DerivedData/CodeLooper-crrddjihwjtfkwegrjrymctnfixv/SourcePackages/checkouts/swift-nio
    write-file /Users/steipete/Library/Developer/Xcode/DerivedData/CodeLooper-crrddjihwjtfkwegrjrymctnfixv/Build/Intermediates.noindex/swift-nio.build/Debug/NIOHTTP1.build/Objects-normal/arm64/NIOHTTP1.SwiftConstValuesFileList

WriteAuxiliaryFile /Users/steipete/Library/Developer/Xcode/DerivedData/CodeLooper-crrddjihwjtfkwegrjrymctnfixv/Build/Intermediates.noindex/swift-nio.build/Debug/NIOHTTP1.build/Objects-normal/arm64/NIOHTTP1.SwiftFileList (in target 'NIOHTTP1' from project 'swift-nio')
    cd /Users/steipete/Library/Developer/Xcode/DerivedData/CodeLooper-crrddjihwjtfkwegrjrymctnfixv/SourcePackages/checkouts/swift-nio
    write-file /Users/steipete/Library/Developer/Xcode/DerivedData/CodeLooper-crrddjihwjtfkwegrjrymctnfixv/Build/Intermediates.noindex/swift-nio.build/Debug/NIOHTTP1.build/Objects-normal/arm64/NIOHTTP1.SwiftFileList

WriteAuxiliaryFile /Users/steipete/Library/Developer/Xcode/DerivedData/CodeLooper-crrddjihwjtfkwegrjrymctnfixv/Build/Intermediates.noindex/swift-nio.build/Debug/NIOHTTP1.build/Objects-normal/arm64/NIOHTTP1_const_extract_protocols.json (in target 'NIOHTTP1' from project 'swift-nio')
    cd /Users/steipete/Library/Developer/Xcode/DerivedData/CodeLooper-crrddjihwjtfkwegrjrymctnfixv/SourcePackages/checkouts/swift-nio
    write-file /Users/steipete/Library/Developer/Xcode/DerivedData/CodeLooper-crrddjihwjtfkwegrjrymctnfixv/Build/Intermediates.noindex/swift-nio.build/Debug/NIOHTTP1.build/Objects-normal/arm64/NIOHTTP1_const_extract_protocols.json

WriteAuxiliaryFile /Users/steipete/Library/Developer/Xcode/DerivedData/CodeLooper-crrddjihwjtfkwegrjrymctnfixv/Build/Intermediates.noindex/swift-nio.build/Debug/NIOHTTP1.build/Objects-normal/arm64/NIOHTTP1.LinkFileList (in target 'NIOHTTP1' from project 'swift-nio')
    cd /Users/steipete/Library/Developer/Xcode/DerivedData/CodeLooper-crrddjihwjtfkwegrjrymctnfixv/SourcePackages/checkouts/swift-nio
    write-file /Users/steipete/Library/Developer/Xcode/DerivedData/CodeLooper-crrddjihwjtfkwegrjrymctnfixv/Build/Intermediates.noindex/swift-nio.build/Debug/NIOHTTP1.build/Objects-normal/arm64/NIOHTTP1.LinkFileList

WriteAuxiliaryFile /Users/steipete/Library/Developer/Xcode/DerivedData/CodeLooper-crrddjihwjtfkwegrjrymctnfixv/Build/Intermediates.noindex/swift-nio.build/Debug/NIOHTTP1.build/Objects-normal/arm64/NIOHTTP1-OutputFileMap.json (in target 'NIOHTTP1' from project 'swift-nio')
    cd /Users/steipete/Library/Developer/Xcode/DerivedData/CodeLooper-crrddjihwjtfkwegrjrymctnfixv/SourcePackages/checkouts/swift-nio
    write-file /Users/steipete/Library/Developer/Xcode/DerivedData/CodeLooper-crrddjihwjtfkwegrjrymctnfixv/Build/Intermediates.noindex/swift-nio.build/Debug/NIOHTTP1.build/Objects-normal/arm64/NIOHTTP1-OutputFileMap.json

WriteAuxiliaryFile /Users/steipete/Library/Developer/Xcode/DerivedData/CodeLooper-crrddjihwjtfkwegrjrymctnfixv/Build/Intermediates.noindex/swift-nio.build/Debug/NIOHTTP1.build/NIOHTTP1.modulemap (in target 'NIOHTTP1' from project 'swift-nio')
    cd /Users/steipete/Library/Developer/Xcode/DerivedData/CodeLooper-crrddjihwjtfkwegrjrymctnfixv/SourcePackages/checkouts/swift-nio
    write-file /Users/steipete/Library/Developer/Xcode/DerivedData/CodeLooper-crrddjihwjtfkwegrjrymctnfixv/Build/Intermediates.noindex/swift-nio.build/Debug/NIOHTTP1.build/NIOHTTP1.modulemap

Copy /Users/steipete/Library/Developer/Xcode/DerivedData/CodeLooper-crrddjihwjtfkwegrjrymctnfixv/Build/Intermediates.noindex/GeneratedModuleMaps/_NIOBase64.modulemap /Users/steipete/Library/Developer/Xcode/DerivedData/CodeLooper-crrddjihwjtfkwegrjrymctnfixv/Build/Intermediates.noindex/swift-nio.build/Debug/_NIOBase64.build/_NIOBase64.modulemap (in target '_NIOBase64' from project 'swift-nio')
    cd /Users/steipete/Library/Developer/Xcode/DerivedData/CodeLooper-crrddjihwjtfkwegrjrymctnfixv/SourcePackages/checkouts/swift-nio
    builtin-copy -exclude .DS_Store -exclude CVS -exclude .svn -exclude .git -exclude .hg -resolve-src-symlinks /Users/steipete/Library/Developer/Xcode/DerivedData/CodeLooper-crrddjihwjtfkwegrjrymctnfixv/Build/Intermediates.noindex/swift-nio.build/Debug/_NIOBase64.build/_NIOBase64.modulemap /Users/steipete/Library/Developer/Xcode/DerivedData/CodeLooper-crrddjihwjtfkwegrjrymctnfixv/Build/Intermediates.noindex/GeneratedModuleMaps

Copy /Users/steipete/Library/Developer/Xcode/DerivedData/CodeLooper-crrddjihwjtfkwegrjrymctnfixv/Build/Intermediates.noindex/GeneratedModuleMaps/UnixSignals.modulemap /Users/steipete/Library/Developer/Xcode/DerivedData/CodeLooper-crrddjihwjtfkwegrjrymctnfixv/Build/Intermediates.noindex/swift-service-lifecycle.build/Debug/UnixSignals.build/UnixSignals.modulemap (in target 'UnixSignals' from project 'swift-service-lifecycle')
    cd /Users/steipete/Library/Developer/Xcode/DerivedData/CodeLooper-crrddjihwjtfkwegrjrymctnfixv/SourcePackages/checkouts/swift-service-lifecycle
    builtin-copy -exclude .DS_Store -exclude CVS -exclude .svn -exclude .git -exclude .hg -resolve-src-symlinks /Users/steipete/Library/Developer/Xcode/DerivedData/CodeLooper-crrddjihwjtfkwegrjrymctnfixv/Build/Intermediates.noindex/swift-service-lifecycle.build/Debug/UnixSignals.build/UnixSignals.modulemap /Users/steipete/Library/Developer/Xcode/DerivedData/CodeLooper-crrddjihwjtfkwegrjrymctnfixv/Build/Intermediates.noindex/GeneratedModuleMaps

Copy /Users/steipete/Library/Developer/Xcode/DerivedData/CodeLooper-crrddjihwjtfkwegrjrymctnfixv/Build/Intermediates.noindex/GeneratedModuleMaps/Tracing.modulemap /Users/steipete/Library/Developer/Xcode/DerivedData/CodeLooper-crrddjihwjtfkwegrjrymctnfixv/Build/Intermediates.noindex/swift-distributed-tracing.build/Debug/Tracing.build/Tracing.modulemap (in target 'Tracing' from project 'swift-distributed-tracing')
    cd /Users/steipete/Library/Developer/Xcode/DerivedData/CodeLooper-crrddjihwjtfkwegrjrymctnfixv/SourcePackages/checkouts/swift-distributed-tracing
    builtin-copy -exclude .DS_Store -exclude CVS -exclude .svn -exclude .git -exclude .hg -resolve-src-symlinks /Users/steipete/Library/Developer/Xcode/DerivedData/CodeLooper-crrddjihwjtfkwegrjrymctnfixv/Build/Intermediates.noindex/swift-distributed-tracing.build/Debug/Tracing.build/Tracing.modulemap /Users/steipete/Library/Developer/Xcode/DerivedData/CodeLooper-crrddjihwjtfkwegrjrymctnfixv/Build/Intermediates.noindex/GeneratedModuleMaps

WriteAuxiliaryFile /Users/steipete/Library/Developer/Xcode/DerivedData/CodeLooper-crrddjihwjtfkwegrjrymctnfixv/Build/Intermediates.noindex/swift-nio.build/Debug/NIOHTTP1.build/NIOHTTP1.DependencyStaticMetadataFileList (in target 'NIOHTTP1' from project 'swift-nio')
    cd /Users/steipete/Library/Developer/Xcode/DerivedData/CodeLooper-crrddjihwjtfkwegrjrymctnfixv/SourcePackages/checkouts/swift-nio
    write-file /Users/steipete/Library/Developer/Xcode/DerivedData/CodeLooper-crrddjihwjtfkwegrjrymctnfixv/Build/Intermediates.noindex/swift-nio.build/Debug/NIOHTTP1.build/NIOHTTP1.DependencyStaticMetadataFileList

WriteAuxiliaryFile /Users/steipete/Library/Developer/Xcode/DerivedData/CodeLooper-crrddjihwjtfkwegrjrymctnfixv/Build/Intermediates.noindex/swift-nio.build/Debug/NIOHTTP1.build/NIOHTTP1.DependencyMetadataFileList (in target 'NIOHTTP1' from project 'swift-nio')
    cd /Users/steipete/Library/Developer/Xcode/DerivedData/CodeLooper-crrddjihwjtfkwegrjrymctnfixv/SourcePackages/checkouts/swift-nio
    write-file /Users/steipete/Library/Developer/Xcode/DerivedData/CodeLooper-crrddjihwjtfkwegrjrymctnfixv/Build/Intermediates.noindex/swift-nio.build/Debug/NIOHTTP1.build/NIOHTTP1.DependencyMetadataFileList

WriteAuxiliaryFile /Users/steipete/Library/Developer/Xcode/DerivedData/CodeLooper-crrddjihwjtfkwegrjrymctnfixv/Build/Intermediates.noindex/swift-nio.build/Debug/NIOFoundationCompat.build/NIOFoundationCompat.DependencyStaticMetadataFileList (in target 'NIOFoundationCompat' from project 'swift-nio')
    cd /Users/steipete/Library/Developer/Xcode/DerivedData/CodeLooper-crrddjihwjtfkwegrjrymctnfixv/SourcePackages/checkouts/swift-nio
    write-file /Users/steipete/Library/Developer/Xcode/DerivedData/CodeLooper-crrddjihwjtfkwegrjrymctnfixv/Build/Intermediates.noindex/swift-nio.build/Debug/NIOFoundationCompat.build/NIOFoundationCompat.DependencyStaticMetadataFileList

WriteAuxiliaryFile /Users/steipete/Library/Developer/Xcode/DerivedData/CodeLooper-crrddjihwjtfkwegrjrymctnfixv/Build/Intermediates.noindex/swift-nio.build/Debug/NIOFoundationCompat.build/NIOFoundationCompat.modulemap (in target 'NIOFoundationCompat' from project 'swift-nio')
    cd /Users/steipete/Library/Developer/Xcode/DerivedData/CodeLooper-crrddjihwjtfkwegrjrymctnfixv/SourcePackages/checkouts/swift-nio
    write-file /Users/steipete/Library/Developer/Xcode/DerivedData/CodeLooper-crrddjihwjtfkwegrjrymctnfixv/Build/Intermediates.noindex/swift-nio.build/Debug/NIOFoundationCompat.build/NIOFoundationCompat.modulemap

WriteAuxiliaryFile /Users/steipete/Library/Developer/Xcode/DerivedData/CodeLooper-crrddjihwjtfkwegrjrymctnfixv/Build/Intermediates.noindex/swift-nio.build/Debug/NIOFoundationCompat.build/Objects-normal/arm64/NIOFoundationCompat.SwiftFileList (in target 'NIOFoundationCompat' from project 'swift-nio')
    cd /Users/steipete/Library/Developer/Xcode/DerivedData/CodeLooper-crrddjihwjtfkwegrjrymctnfixv/SourcePackages/checkouts/swift-nio
    write-file /Users/steipete/Library/Developer/Xcode/DerivedData/CodeLooper-crrddjihwjtfkwegrjrymctnfixv/Build/Intermediates.noindex/swift-nio.build/Debug/NIOFoundationCompat.build/Objects-normal/arm64/NIOFoundationCompat.SwiftFileList

WriteAuxiliaryFile /Users/steipete/Library/Developer/Xcode/DerivedData/CodeLooper-crrddjihwjtfkwegrjrymctnfixv/Build/Intermediates.noindex/swift-nio.build/Debug/NIOFoundationCompat.build/Objects-normal/arm64/NIOFoundationCompat-OutputFileMap.json (in target 'NIOFoundationCompat' from project 'swift-nio')
    cd /Users/steipete/Library/Developer/Xcode/DerivedData/CodeLooper-crrddjihwjtfkwegrjrymctnfixv/SourcePackages/checkouts/swift-nio
    write-file /Users/steipete/Library/Developer/Xcode/DerivedData/CodeLooper-crrddjihwjtfkwegrjrymctnfixv/Build/Intermediates.noindex/swift-nio.build/Debug/NIOFoundationCompat.build/Objects-normal/arm64/NIOFoundationCompat-OutputFileMap.json

WriteAuxiliaryFile /Users/steipete/Library/Developer/Xcode/DerivedData/CodeLooper-crrddjihwjtfkwegrjrymctnfixv/Build/Intermediates.noindex/swift-nio.build/Debug/NIOFoundationCompat.build/Objects-normal/arm64/NIOFoundationCompat.LinkFileList (in target 'NIOFoundationCompat' from project 'swift-nio')
    cd /Users/steipete/Library/Developer/Xcode/DerivedData/CodeLooper-crrddjihwjtfkwegrjrymctnfixv/SourcePackages/checkouts/swift-nio
    write-file /Users/steipete/Library/Developer/Xcode/DerivedData/CodeLooper-crrddjihwjtfkwegrjrymctnfixv/Build/Intermediates.noindex/swift-nio.build/Debug/NIOFoundationCompat.build/Objects-normal/arm64/NIOFoundationCompat.LinkFileList

WriteAuxiliaryFile /Users/steipete/Library/Developer/Xcode/DerivedData/CodeLooper-crrddjihwjtfkwegrjrymctnfixv/Build/Intermediates.noindex/swift-nio.build/Debug/NIOFoundationCompat.build/Objects-normal/arm64/NIOFoundationCompat_const_extract_protocols.json (in target 'NIOFoundationCompat' from project 'swift-nio')
    cd /Users/steipete/Library/Developer/Xcode/DerivedData/CodeLooper-crrddjihwjtfkwegrjrymctnfixv/SourcePackages/checkouts/swift-nio
    write-file /Users/steipete/Library/Developer/Xcode/DerivedData/CodeLooper-crrddjihwjtfkwegrjrymctnfixv/Build/Intermediates.noindex/swift-nio.build/Debug/NIOFoundationCompat.build/Objects-normal/arm64/NIOFoundationCompat_const_extract_protocols.json

WriteAuxiliaryFile /Users/steipete/Library/Developer/Xcode/DerivedData/CodeLooper-crrddjihwjtfkwegrjrymctnfixv/Build/Intermediates.noindex/swift-nio.build/Debug/NIOFoundationCompat.build/Objects-normal/arm64/NIOFoundationCompat.SwiftConstValuesFileList (in target 'NIOFoundationCompat' from project 'swift-nio')
    cd /Users/steipete/Library/Developer/Xcode/DerivedData/CodeLooper-crrddjihwjtfkwegrjrymctnfixv/SourcePackages/checkouts/swift-nio
    write-file /Users/steipete/Library/Developer/Xcode/DerivedData/CodeLooper-crrddjihwjtfkwegrjrymctnfixv/Build/Intermediates.noindex/swift-nio.build/Debug/NIOFoundationCompat.build/Objects-normal/arm64/NIOFoundationCompat.SwiftConstValuesFileList

WriteAuxiliaryFile /Users/steipete/Library/Developer/Xcode/DerivedData/CodeLooper-crrddjihwjtfkwegrjrymctnfixv/Build/Intermediates.noindex/swift-nio.build/Debug/NIOFoundationCompat.build/NIOFoundationCompat.DependencyMetadataFileList (in target 'NIOFoundationCompat' from project 'swift-nio')
    cd /Users/steipete/Library/Developer/Xcode/DerivedData/CodeLooper-crrddjihwjtfkwegrjrymctnfixv/SourcePackages/checkouts/swift-nio
    write-file /Users/steipete/Library/Developer/Xcode/DerivedData/CodeLooper-crrddjihwjtfkwegrjrymctnfixv/Build/Intermediates.noindex/swift-nio.build/Debug/NIOFoundationCompat.build/NIOFoundationCompat.DependencyMetadataFileList

WriteAuxiliaryFile /Users/steipete/Library/Developer/Xcode/DerivedData/CodeLooper-crrddjihwjtfkwegrjrymctnfixv/Build/Intermediates.noindex/swift-nio-extras.build/Debug/NIOExtras.build/Objects-normal/arm64/NIOExtras_const_extract_protocols.json (in target 'NIOExtras' from project 'swift-nio-extras')
    cd /Users/steipete/Library/Developer/Xcode/DerivedData/CodeLooper-crrddjihwjtfkwegrjrymctnfixv/SourcePackages/checkouts/swift-nio-extras
    write-file /Users/steipete/Library/Developer/Xcode/DerivedData/CodeLooper-crrddjihwjtfkwegrjrymctnfixv/Build/Intermediates.noindex/swift-nio-extras.build/Debug/NIOExtras.build/Objects-normal/arm64/NIOExtras_const_extract_protocols.json

WriteAuxiliaryFile /Users/steipete/Library/Developer/Xcode/DerivedData/CodeLooper-crrddjihwjtfkwegrjrymctnfixv/Build/Intermediates.noindex/swift-nio-extras.build/Debug/NIOExtras.build/Objects-normal/arm64/NIOExtras.SwiftFileList (in target 'NIOExtras' from project 'swift-nio-extras')
    cd /Users/steipete/Library/Developer/Xcode/DerivedData/CodeLooper-crrddjihwjtfkwegrjrymctnfixv/SourcePackages/checkouts/swift-nio-extras
    write-file /Users/steipete/Library/Developer/Xcode/DerivedData/CodeLooper-crrddjihwjtfkwegrjrymctnfixv/Build/Intermediates.noindex/swift-nio-extras.build/Debug/NIOExtras.build/Objects-normal/arm64/NIOExtras.SwiftFileList

Copy /Users/steipete/Library/Developer/Xcode/DerivedData/CodeLooper-crrddjihwjtfkwegrjrymctnfixv/Build/Intermediates.noindex/GeneratedModuleMaps/SwiftUIIntrospect.modulemap /Users/steipete/Library/Developer/Xcode/DerivedData/CodeLooper-crrddjihwjtfkwegrjrymctnfixv/Build/Intermediates.noindex/swiftui-introspect.build/Debug/SwiftUIIntrospect.build/SwiftUIIntrospect.modulemap (in target 'SwiftUIIntrospect' from project 'swiftui-introspect')
    cd /Users/steipete/Library/Developer/Xcode/DerivedData/CodeLooper-crrddjihwjtfkwegrjrymctnfixv/SourcePackages/checkouts/SwiftUI-Introspect
    builtin-copy -exclude .DS_Store -exclude CVS -exclude .svn -exclude .git -exclude .hg -resolve-src-symlinks /Users/steipete/Library/Developer/Xcode/DerivedData/CodeLooper-crrddjihwjtfkwegrjrymctnfixv/Build/Intermediates.noindex/swiftui-introspect.build/Debug/SwiftUIIntrospect.build/SwiftUIIntrospect.modulemap /Users/steipete/Library/Developer/Xcode/DerivedData/CodeLooper-crrddjihwjtfkwegrjrymctnfixv/Build/Intermediates.noindex/GeneratedModuleMaps

WriteAuxiliaryFile /Users/steipete/Library/Developer/Xcode/DerivedData/CodeLooper-crrddjihwjtfkwegrjrymctnfixv/Build/Intermediates.noindex/swift-nio-extras.build/Debug/NIOExtras.build/Objects-normal/arm64/NIOExtras.SwiftConstValuesFileList (in target 'NIOExtras' from project 'swift-nio-extras')
    cd /Users/steipete/Library/Developer/Xcode/DerivedData/CodeLooper-crrddjihwjtfkwegrjrymctnfixv/SourcePackages/checkouts/swift-nio-extras
    write-file /Users/steipete/Library/Developer/Xcode/DerivedData/CodeLooper-crrddjihwjtfkwegrjrymctnfixv/Build/Intermediates.noindex/swift-nio-extras.build/Debug/NIOExtras.build/Objects-normal/arm64/NIOExtras.SwiftConstValuesFileList

WriteAuxiliaryFile /Users/steipete/Library/Developer/Xcode/DerivedData/CodeLooper-crrddjihwjtfkwegrjrymctnfixv/Build/Intermediates.noindex/swift-nio-extras.build/Debug/NIOExtras.build/Objects-normal/arm64/NIOExtras.LinkFileList (in target 'NIOExtras' from project 'swift-nio-extras')
    cd /Users/steipete/Library/Developer/Xcode/DerivedData/CodeLooper-crrddjihwjtfkwegrjrymctnfixv/SourcePackages/checkouts/swift-nio-extras
    write-file /Users/steipete/Library/Developer/Xcode/DerivedData/CodeLooper-crrddjihwjtfkwegrjrymctnfixv/Build/Intermediates.noindex/swift-nio-extras.build/Debug/NIOExtras.build/Objects-normal/arm64/NIOExtras.LinkFileList

WriteAuxiliaryFile /Users/steipete/Library/Developer/Xcode/DerivedData/CodeLooper-crrddjihwjtfkwegrjrymctnfixv/Build/Intermediates.noindex/swift-nio-extras.build/Debug/NIOExtras.build/Objects-normal/arm64/NIOExtras-OutputFileMap.json (in target 'NIOExtras' from project 'swift-nio-extras')
    cd /Users/steipete/Library/Developer/Xcode/DerivedData/CodeLooper-crrddjihwjtfkwegrjrymctnfixv/SourcePackages/checkouts/swift-nio-extras
    write-file /Users/steipete/Library/Developer/Xcode/DerivedData/CodeLooper-crrddjihwjtfkwegrjrymctnfixv/Build/Intermediates.noindex/swift-nio-extras.build/Debug/NIOExtras.build/Objects-normal/arm64/NIOExtras-OutputFileMap.json

WriteAuxiliaryFile /Users/steipete/Library/Developer/Xcode/DerivedData/CodeLooper-crrddjihwjtfkwegrjrymctnfixv/Build/Intermediates.noindex/swift-nio-extras.build/Debug/NIOExtras.build/NIOExtras.DependencyStaticMetadataFileList (in target 'NIOExtras' from project 'swift-nio-extras')
    cd /Users/steipete/Library/Developer/Xcode/DerivedData/CodeLooper-crrddjihwjtfkwegrjrymctnfixv/SourcePackages/checkouts/swift-nio-extras
    write-file /Users/steipete/Library/Developer/Xcode/DerivedData/CodeLooper-crrddjihwjtfkwegrjrymctnfixv/Build/Intermediates.noindex/swift-nio-extras.build/Debug/NIOExtras.build/NIOExtras.DependencyStaticMetadataFileList

WriteAuxiliaryFile /Users/steipete/Library/Developer/Xcode/DerivedData/CodeLooper-crrddjihwjtfkwegrjrymctnfixv/Build/Intermediates.noindex/swift-nio-extras.build/Debug/NIOExtras.build/NIOExtras.modulemap (in target 'NIOExtras' from project 'swift-nio-extras')
    cd /Users/steipete/Library/Developer/Xcode/DerivedData/CodeLooper-crrddjihwjtfkwegrjrymctnfixv/SourcePackages/checkouts/swift-nio-extras
    write-file /Users/steipete/Library/Developer/Xcode/DerivedData/CodeLooper-crrddjihwjtfkwegrjrymctnfixv/Build/Intermediates.noindex/swift-nio-extras.build/Debug/NIOExtras.build/NIOExtras.modulemap

WriteAuxiliaryFile /Users/steipete/Library/Developer/Xcode/DerivedData/CodeLooper-crrddjihwjtfkwegrjrymctnfixv/Build/Intermediates.noindex/swift-nio-extras.build/Debug/NIOExtras.build/NIOExtras.DependencyMetadataFileList (in target 'NIOExtras' from project 'swift-nio-extras')
    cd /Users/steipete/Library/Developer/Xcode/DerivedData/CodeLooper-crrddjihwjtfkwegrjrymctnfixv/SourcePackages/checkouts/swift-nio-extras
    write-file /Users/steipete/Library/Developer/Xcode/DerivedData/CodeLooper-crrddjihwjtfkwegrjrymctnfixv/Build/Intermediates.noindex/swift-nio-extras.build/Debug/NIOExtras.build/NIOExtras.DependencyMetadataFileList

WriteAuxiliaryFile /Users/steipete/Library/Developer/Xcode/DerivedData/CodeLooper-crrddjihwjtfkwegrjrymctnfixv/Build/Intermediates.noindex/swift-nio.build/Debug/NIOEmbedded.build/Objects-normal/arm64/NIOEmbedded_const_extract_protocols.json (in target 'NIOEmbedded' from project 'swift-nio')
    cd /Users/steipete/Library/Developer/Xcode/DerivedData/CodeLooper-crrddjihwjtfkwegrjrymctnfixv/SourcePackages/checkouts/swift-nio
    write-file /Users/steipete/Library/Developer/Xcode/DerivedData/CodeLooper-crrddjihwjtfkwegrjrymctnfixv/Build/Intermediates.noindex/swift-nio.build/Debug/NIOEmbedded.build/Objects-normal/arm64/NIOEmbedded_const_extract_protocols.json

WriteAuxiliaryFile /Users/steipete/Library/Developer/Xcode/DerivedData/CodeLooper-crrddjihwjtfkwegrjrymctnfixv/Build/Intermediates.noindex/swift-nio.build/Debug/NIOEmbedded.build/Objects-normal/arm64/NIOEmbedded.SwiftFileList (in target 'NIOEmbedded' from project 'swift-nio')
    cd /Users/steipete/Library/Developer/Xcode/DerivedData/CodeLooper-crrddjihwjtfkwegrjrymctnfixv/SourcePackages/checkouts/swift-nio
    write-file /Users/steipete/Library/Developer/Xcode/DerivedData/CodeLooper-crrddjihwjtfkwegrjrymctnfixv/Build/Intermediates.noindex/swift-nio.build/Debug/NIOEmbedded.build/Objects-normal/arm64/NIOEmbedded.SwiftFileList

Copy /Users/steipete/Library/Developer/Xcode/DerivedData/CodeLooper-crrddjihwjtfkwegrjrymctnfixv/Build/Intermediates.noindex/GeneratedModuleMaps/ServiceLifecycle.modulemap /Users/steipete/Library/Developer/Xcode/DerivedData/CodeLooper-crrddjihwjtfkwegrjrymctnfixv/Build/Intermediates.noindex/swift-service-lifecycle.build/Debug/ServiceLifecycle.build/ServiceLifecycle.modulemap (in target 'ServiceLifecycle' from project 'swift-service-lifecycle')
    cd /Users/steipete/Library/Developer/Xcode/DerivedData/CodeLooper-crrddjihwjtfkwegrjrymctnfixv/SourcePackages/checkouts/swift-service-lifecycle
    builtin-copy -exclude .DS_Store -exclude CVS -exclude .svn -exclude .git -exclude .hg -resolve-src-symlinks /Users/steipete/Library/Developer/Xcode/DerivedData/CodeLooper-crrddjihwjtfkwegrjrymctnfixv/Build/Intermediates.noindex/swift-service-lifecycle.build/Debug/ServiceLifecycle.build/ServiceLifecycle.modulemap /Users/steipete/Library/Developer/Xcode/DerivedData/CodeLooper-crrddjihwjtfkwegrjrymctnfixv/Build/Intermediates.noindex/GeneratedModuleMaps

WriteAuxiliaryFile /Users/steipete/Library/Developer/Xcode/DerivedData/CodeLooper-crrddjihwjtfkwegrjrymctnfixv/Build/Intermediates.noindex/swift-nio.build/Debug/NIOEmbedded.build/Objects-normal/arm64/NIOEmbedded.SwiftConstValuesFileList (in target 'NIOEmbedded' from project 'swift-nio')
    cd /Users/steipete/Library/Developer/Xcode/DerivedData/CodeLooper-crrddjihwjtfkwegrjrymctnfixv/SourcePackages/checkouts/swift-nio
    write-file /Users/steipete/Library/Developer/Xcode/DerivedData/CodeLooper-crrddjihwjtfkwegrjrymctnfixv/Build/Intermediates.noindex/swift-nio.build/Debug/NIOEmbedded.build/Objects-normal/arm64/NIOEmbedded.SwiftConstValuesFileList

WriteAuxiliaryFile /Users/steipete/Library/Developer/Xcode/DerivedData/CodeLooper-crrddjihwjtfkwegrjrymctnfixv/Build/Intermediates.noindex/swift-nio.build/Debug/NIOEmbedded.build/Objects-normal/arm64/NIOEmbedded.LinkFileList (in target 'NIOEmbedded' from project 'swift-nio')
    cd /Users/steipete/Library/Developer/Xcode/DerivedData/CodeLooper-crrddjihwjtfkwegrjrymctnfixv/SourcePackages/checkouts/swift-nio
    write-file /Users/steipete/Library/Developer/Xcode/DerivedData/CodeLooper-crrddjihwjtfkwegrjrymctnfixv/Build/Intermediates.noindex/swift-nio.build/Debug/NIOEmbedded.build/Objects-normal/arm64/NIOEmbedded.LinkFileList

WriteAuxiliaryFile /Users/steipete/Library/Developer/Xcode/DerivedData/CodeLooper-crrddjihwjtfkwegrjrymctnfixv/Build/Intermediates.noindex/swift-nio.build/Debug/NIOEmbedded.build/Objects-normal/arm64/NIOEmbedded-OutputFileMap.json (in target 'NIOEmbedded' from project 'swift-nio')
    cd /Users/steipete/Library/Developer/Xcode/DerivedData/CodeLooper-crrddjihwjtfkwegrjrymctnfixv/SourcePackages/checkouts/swift-nio
    write-file /Users/steipete/Library/Developer/Xcode/DerivedData/CodeLooper-crrddjihwjtfkwegrjrymctnfixv/Build/Intermediates.noindex/swift-nio.build/Debug/NIOEmbedded.build/Objects-normal/arm64/NIOEmbedded-OutputFileMap.json

WriteAuxiliaryFile /Users/steipete/Library/Developer/Xcode/DerivedData/CodeLooper-crrddjihwjtfkwegrjrymctnfixv/Build/Intermediates.noindex/swift-nio.build/Debug/NIOEmbedded.build/NIOEmbedded.modulemap (in target 'NIOEmbedded' from project 'swift-nio')
    cd /Users/steipete/Library/Developer/Xcode/DerivedData/CodeLooper-crrddjihwjtfkwegrjrymctnfixv/SourcePackages/checkouts/swift-nio
    write-file /Users/steipete/Library/Developer/Xcode/DerivedData/CodeLooper-crrddjihwjtfkwegrjrymctnfixv/Build/Intermediates.noindex/swift-nio.build/Debug/NIOEmbedded.build/NIOEmbedded.modulemap

WriteAuxiliaryFile /Users/steipete/Library/Developer/Xcode/DerivedData/CodeLooper-crrddjihwjtfkwegrjrymctnfixv/Build/Intermediates.noindex/swift-nio.build/Debug/NIOEmbedded.build/NIOEmbedded.DependencyStaticMetadataFileList (in target 'NIOEmbedded' from project 'swift-nio')
    cd /Users/steipete/Library/Developer/Xcode/DerivedData/CodeLooper-crrddjihwjtfkwegrjrymctnfixv/SourcePackages/checkouts/swift-nio
    write-file /Users/steipete/Library/Developer/Xcode/DerivedData/CodeLooper-crrddjihwjtfkwegrjrymctnfixv/Build/Intermediates.noindex/swift-nio.build/Debug/NIOEmbedded.build/NIOEmbedded.DependencyStaticMetadataFileList

WriteAuxiliaryFile /Users/steipete/Library/Developer/Xcode/DerivedData/CodeLooper-crrddjihwjtfkwegrjrymctnfixv/Build/Intermediates.noindex/swift-nio.build/Debug/NIOEmbedded.build/NIOEmbedded.DependencyMetadataFileList (in target 'NIOEmbedded' from project 'swift-nio')
    cd /Users/steipete/Library/Developer/Xcode/DerivedData/CodeLooper-crrddjihwjtfkwegrjrymctnfixv/SourcePackages/checkouts/swift-nio
    write-file /Users/steipete/Library/Developer/Xcode/DerivedData/CodeLooper-crrddjihwjtfkwegrjrymctnfixv/Build/Intermediates.noindex/swift-nio.build/Debug/NIOEmbedded.build/NIOEmbedded.DependencyMetadataFileList

WriteAuxiliaryFile /Users/steipete/Library/Developer/Xcode/DerivedData/CodeLooper-crrddjihwjtfkwegrjrymctnfixv/Build/Intermediates.noindex/swift-nio.build/Debug/NIOCore.build/Objects-normal/arm64/NIOCore.SwiftFileList (in target 'NIOCore' from project 'swift-nio')
    cd /Users/steipete/Library/Developer/Xcode/DerivedData/CodeLooper-crrddjihwjtfkwegrjrymctnfixv/SourcePackages/checkouts/swift-nio
    write-file /Users/steipete/Library/Developer/Xcode/DerivedData/CodeLooper-crrddjihwjtfkwegrjrymctnfixv/Build/Intermediates.noindex/swift-nio.build/Debug/NIOCore.build/Objects-normal/arm64/NIOCore.SwiftFileList

WriteAuxiliaryFile /Users/steipete/Library/Developer/Xcode/DerivedData/CodeLooper-crrddjihwjtfkwegrjrymctnfixv/Build/Intermediates.noindex/swift-nio.build/Debug/NIOCore.build/Objects-normal/arm64/NIOCore_const_extract_protocols.json (in target 'NIOCore' from project 'swift-nio')
    cd /Users/steipete/Library/Developer/Xcode/DerivedData/CodeLooper-crrddjihwjtfkwegrjrymctnfixv/SourcePackages/checkouts/swift-nio
    write-file /Users/steipete/Library/Developer/Xcode/DerivedData/CodeLooper-crrddjihwjtfkwegrjrymctnfixv/Build/Intermediates.noindex/swift-nio.build/Debug/NIOCore.build/Objects-normal/arm64/NIOCore_const_extract_protocols.json

Copy /Users/steipete/Library/Developer/Xcode/DerivedData/CodeLooper-crrddjihwjtfkwegrjrymctnfixv/Build/Intermediates.noindex/GeneratedModuleMaps/ServiceContextModule.modulemap /Users/steipete/Library/Developer/Xcode/DerivedData/CodeLooper-crrddjihwjtfkwegrjrymctnfixv/Build/Intermediates.noindex/swift-service-context.build/Debug/ServiceContextModule.build/ServiceContextModule.modulemap (in target 'ServiceContextModule' from project 'swift-service-context')
    cd /Users/steipete/Library/Developer/Xcode/DerivedData/CodeLooper-crrddjihwjtfkwegrjrymctnfixv/SourcePackages/checkouts/swift-service-context
    builtin-copy -exclude .DS_Store -exclude CVS -exclude .svn -exclude .git -exclude .hg -resolve-src-symlinks /Users/steipete/Library/Developer/Xcode/DerivedData/CodeLooper-crrddjihwjtfkwegrjrymctnfixv/Build/Intermediates.noindex/swift-service-context.build/Debug/ServiceContextModule.build/ServiceContextModule.modulemap /Users/steipete/Library/Developer/Xcode/DerivedData/CodeLooper-crrddjihwjtfkwegrjrymctnfixv/Build/Intermediates.noindex/GeneratedModuleMaps

WriteAuxiliaryFile /Users/steipete/Library/Developer/Xcode/DerivedData/CodeLooper-crrddjihwjtfkwegrjrymctnfixv/Build/Intermediates.noindex/swift-nio.build/Debug/NIOCore.build/Objects-normal/arm64/NIOCore.SwiftConstValuesFileList (in target 'NIOCore' from project 'swift-nio')
    cd /Users/steipete/Library/Developer/Xcode/DerivedData/CodeLooper-crrddjihwjtfkwegrjrymctnfixv/SourcePackages/checkouts/swift-nio
    write-file /Users/steipete/Library/Developer/Xcode/DerivedData/CodeLooper-crrddjihwjtfkwegrjrymctnfixv/Build/Intermediates.noindex/swift-nio.build/Debug/NIOCore.build/Objects-normal/arm64/NIOCore.SwiftConstValuesFileList

Copy /Users/steipete/Library/Developer/Xcode/DerivedData/CodeLooper-crrddjihwjtfkwegrjrymctnfixv/Build/Intermediates.noindex/GeneratedModuleMaps/OrderedCollections.modulemap /Users/steipete/Library/Developer/Xcode/DerivedData/CodeLooper-crrddjihwjtfkwegrjrymctnfixv/Build/Intermediates.noindex/swift-collections.build/Debug/OrderedCollections.build/OrderedCollections.modulemap (in target 'OrderedCollections' from project 'swift-collections')
    cd /Users/steipete/Library/Developer/Xcode/DerivedData/CodeLooper-crrddjihwjtfkwegrjrymctnfixv/SourcePackages/checkouts/swift-collections
    builtin-copy -exclude .DS_Store -exclude CVS -exclude .svn -exclude .git -exclude .hg -resolve-src-symlinks /Users/steipete/Library/Developer/Xcode/DerivedData/CodeLooper-crrddjihwjtfkwegrjrymctnfixv/Build/Intermediates.noindex/swift-collections.build/Debug/OrderedCollections.build/OrderedCollections.modulemap /Users/steipete/Library/Developer/Xcode/DerivedData/CodeLooper-crrddjihwjtfkwegrjrymctnfixv/Build/Intermediates.noindex/GeneratedModuleMaps

Copy /Users/steipete/Library/Developer/Xcode/DerivedData/CodeLooper-crrddjihwjtfkwegrjrymctnfixv/Build/Intermediates.noindex/GeneratedModuleMaps/OpenAPIRuntime.modulemap /Users/steipete/Library/Developer/Xcode/DerivedData/CodeLooper-crrddjihwjtfkwegrjrymctnfixv/Build/Intermediates.noindex/swift-openapi-runtime.build/Debug/OpenAPIRuntime.build/OpenAPIRuntime.modulemap (in target 'OpenAPIRuntime' from project 'swift-openapi-runtime')
    cd /Users/steipete/Library/Developer/Xcode/DerivedData/CodeLooper-crrddjihwjtfkwegrjrymctnfixv/SourcePackages/checkouts/swift-openapi-runtime
    builtin-copy -exclude .DS_Store -exclude CVS -exclude .svn -exclude .git -exclude .hg -resolve-src-symlinks /Users/steipete/Library/Developer/Xcode/DerivedData/CodeLooper-crrddjihwjtfkwegrjrymctnfixv/Build/Intermediates.noindex/swift-openapi-runtime.build/Debug/OpenAPIRuntime.build/OpenAPIRuntime.modulemap /Users/steipete/Library/Developer/Xcode/DerivedData/CodeLooper-crrddjihwjtfkwegrjrymctnfixv/Build/Intermediates.noindex/GeneratedModuleMaps

Copy /Users/steipete/Library/Developer/Xcode/DerivedData/CodeLooper-crrddjihwjtfkwegrjrymctnfixv/Build/Intermediates.noindex/GeneratedModuleMaps/OpenAI.modulemap /Users/steipete/Library/Developer/Xcode/DerivedData/CodeLooper-crrddjihwjtfkwegrjrymctnfixv/Build/Intermediates.noindex/OpenAI.build/Debug/OpenAI.build/OpenAI.modulemap (in target 'OpenAI' from project 'OpenAI')
    cd /Users/steipete/Library/Developer/Xcode/DerivedData/CodeLooper-crrddjihwjtfkwegrjrymctnfixv/SourcePackages/checkouts/OpenAI
    builtin-copy -exclude .DS_Store -exclude CVS -exclude .svn -exclude .git -exclude .hg -resolve-src-symlinks /Users/steipete/Library/Developer/Xcode/DerivedData/CodeLooper-crrddjihwjtfkwegrjrymctnfixv/Build/Intermediates.noindex/OpenAI.build/Debug/OpenAI.build/OpenAI.modulemap /Users/steipete/Library/Developer/Xcode/DerivedData/CodeLooper-crrddjihwjtfkwegrjrymctnfixv/Build/Intermediates.noindex/GeneratedModuleMaps

Copy /Users/steipete/Library/Developer/Xcode/DerivedData/CodeLooper-crrddjihwjtfkwegrjrymctnfixv/Build/Intermediates.noindex/GeneratedModuleMaps/Ollama.modulemap /Users/steipete/Library/Developer/Xcode/DerivedData/CodeLooper-crrddjihwjtfkwegrjrymctnfixv/Build/Intermediates.noindex/Ollama.build/Debug/Ollama.build/Ollama.modulemap (in target 'Ollama' from project 'Ollama')
    cd /Users/steipete/Projects/ollama-swift
    builtin-copy -exclude .DS_Store -exclude CVS -exclude .svn -exclude .git -exclude .hg -resolve-src-symlinks /Users/steipete/Library/Developer/Xcode/DerivedData/CodeLooper-crrddjihwjtfkwegrjrymctnfixv/Build/Intermediates.noindex/Ollama.build/Debug/Ollama.build/Ollama.modulemap /Users/steipete/Library/Developer/Xcode/DerivedData/CodeLooper-crrddjihwjtfkwegrjrymctnfixv/Build/Intermediates.noindex/GeneratedModuleMaps

Copy /Users/steipete/Library/Developer/Xcode/DerivedData/CodeLooper-crrddjihwjtfkwegrjrymctnfixv/Build/Intermediates.noindex/GeneratedModuleMaps/NIOTransportServices.modulemap /Users/steipete/Library/Developer/Xcode/DerivedData/CodeLooper-crrddjihwjtfkwegrjrymctnfixv/Build/Intermediates.noindex/swift-nio-transport-services.build/Debug/NIOTransportServices.build/NIOTransportServices.modulemap (in target 'NIOTransportServices' from project 'swift-nio-transport-services')
    cd /Users/steipete/Library/Developer/Xcode/DerivedData/CodeLooper-crrddjihwjtfkwegrjrymctnfixv/SourcePackages/checkouts/swift-nio-transport-services
    builtin-copy -exclude .DS_Store -exclude CVS -exclude .svn -exclude .git -exclude .hg -resolve-src-symlinks /Users/steipete/Library/Developer/Xcode/DerivedData/CodeLooper-crrddjihwjtfkwegrjrymctnfixv/Build/Intermediates.noindex/swift-nio-transport-services.build/Debug/NIOTransportServices.build/NIOTransportServices.modulemap /Users/steipete/Library/Developer/Xcode/DerivedData/CodeLooper-crrddjihwjtfkwegrjrymctnfixv/Build/Intermediates.noindex/GeneratedModuleMaps

Copy /Users/steipete/Library/Developer/Xcode/DerivedData/CodeLooper-crrddjihwjtfkwegrjrymctnfixv/Build/Intermediates.noindex/GeneratedModuleMaps/NIOTLS.modulemap /Users/steipete/Library/Developer/Xcode/DerivedData/CodeLooper-crrddjihwjtfkwegrjrymctnfixv/Build/Intermediates.noindex/swift-nio.build/Debug/NIOTLS.build/NIOTLS.modulemap (in target 'NIOTLS' from project 'swift-nio')
    cd /Users/steipete/Library/Developer/Xcode/DerivedData/CodeLooper-crrddjihwjtfkwegrjrymctnfixv/SourcePackages/checkouts/swift-nio
    builtin-copy -exclude .DS_Store -exclude CVS -exclude .svn -exclude .git -exclude .hg -resolve-src-symlinks /Users/steipete/Library/Developer/Xcode/DerivedData/CodeLooper-crrddjihwjtfkwegrjrymctnfixv/Build/Intermediates.noindex/swift-nio.build/Debug/NIOTLS.build/NIOTLS.modulemap /Users/steipete/Library/Developer/Xcode/DerivedData/CodeLooper-crrddjihwjtfkwegrjrymctnfixv/Build/Intermediates.noindex/GeneratedModuleMaps

Copy /Users/steipete/Library/Developer/Xcode/DerivedData/CodeLooper-crrddjihwjtfkwegrjrymctnfixv/Build/Intermediates.noindex/GeneratedModuleMaps/NIOPosix.modulemap /Users/steipete/Library/Developer/Xcode/DerivedData/CodeLooper-crrddjihwjtfkwegrjrymctnfixv/Build/Intermediates.noindex/swift-nio.build/Debug/NIOPosix.build/NIOPosix.modulemap (in target 'NIOPosix' from project 'swift-nio')
    cd /Users/steipete/Library/Developer/Xcode/DerivedData/CodeLooper-crrddjihwjtfkwegrjrymctnfixv/SourcePackages/checkouts/swift-nio
    builtin-copy -exclude .DS_Store -exclude CVS -exclude .svn -exclude .git -exclude .hg -resolve-src-symlinks /Users/steipete/Library/Developer/Xcode/DerivedData/CodeLooper-crrddjihwjtfkwegrjrymctnfixv/Build/Intermediates.noindex/swift-nio.build/Debug/NIOPosix.build/NIOPosix.modulemap /Users/steipete/Library/Developer/Xcode/DerivedData/CodeLooper-crrddjihwjtfkwegrjrymctnfixv/Build/Intermediates.noindex/GeneratedModuleMaps

Copy /Users/steipete/Library/Developer/Xcode/DerivedData/CodeLooper-crrddjihwjtfkwegrjrymctnfixv/Build/Intermediates.noindex/GeneratedModuleMaps/NIOHTTPTypesHTTP1.modulemap /Users/steipete/Library/Developer/Xcode/DerivedData/CodeLooper-crrddjihwjtfkwegrjrymctnfixv/Build/Intermediates.noindex/swift-nio-extras.build/Debug/NIOHTTPTypesHTTP1.build/NIOHTTPTypesHTTP1.modulemap (in target 'NIOHTTPTypesHTTP1' from project 'swift-nio-extras')
    cd /Users/steipete/Library/Developer/Xcode/DerivedData/CodeLooper-crrddjihwjtfkwegrjrymctnfixv/SourcePackages/checkouts/swift-nio-extras
    builtin-copy -exclude .DS_Store -exclude CVS -exclude .svn -exclude .git -exclude .hg -resolve-src-symlinks /Users/steipete/Library/Developer/Xcode/DerivedData/CodeLooper-crrddjihwjtfkwegrjrymctnfixv/Build/Intermediates.noindex/swift-nio-extras.build/Debug/NIOHTTPTypesHTTP1.build/NIOHTTPTypesHTTP1.modulemap /Users/steipete/Library/Developer/Xcode/DerivedData/CodeLooper-crrddjihwjtfkwegrjrymctnfixv/Build/Intermediates.noindex/GeneratedModuleMaps

Copy /Users/steipete/Library/Developer/Xcode/DerivedData/CodeLooper-crrddjihwjtfkwegrjrymctnfixv/Build/Intermediates.noindex/GeneratedModuleMaps/NIOHTTPTypes.modulemap /Users/steipete/Library/Developer/Xcode/DerivedData/CodeLooper-crrddjihwjtfkwegrjrymctnfixv/Build/Intermediates.noindex/swift-nio-extras.build/Debug/NIOHTTPTypes.build/NIOHTTPTypes.modulemap (in target 'NIOHTTPTypes' from project 'swift-nio-extras')
    cd /Users/steipete/Library/Developer/Xcode/DerivedData/CodeLooper-crrddjihwjtfkwegrjrymctnfixv/SourcePackages/checkouts/swift-nio-extras
    builtin-copy -exclude .DS_Store -exclude CVS -exclude .svn -exclude .git -exclude .hg -resolve-src-symlinks /Users/steipete/Library/Developer/Xcode/DerivedData/CodeLooper-crrddjihwjtfkwegrjrymctnfixv/Build/Intermediates.noindex/swift-nio-extras.build/Debug/NIOHTTPTypes.build/NIOHTTPTypes.modulemap /Users/steipete/Library/Developer/Xcode/DerivedData/CodeLooper-crrddjihwjtfkwegrjrymctnfixv/Build/Intermediates.noindex/GeneratedModuleMaps

Copy /Users/steipete/Library/Developer/Xcode/DerivedData/CodeLooper-crrddjihwjtfkwegrjrymctnfixv/Build/Intermediates.noindex/GeneratedModuleMaps/NIOHTTP1.modulemap /Users/steipete/Library/Developer/Xcode/DerivedData/CodeLooper-crrddjihwjtfkwegrjrymctnfixv/Build/Intermediates.noindex/swift-nio.build/Debug/NIOHTTP1.build/NIOHTTP1.modulemap (in target 'NIOHTTP1' from project 'swift-nio')
    cd /Users/steipete/Library/Developer/Xcode/DerivedData/CodeLooper-crrddjihwjtfkwegrjrymctnfixv/SourcePackages/checkouts/swift-nio
    builtin-copy -exclude .DS_Store -exclude CVS -exclude .svn -exclude .git -exclude .hg -resolve-src-symlinks /Users/steipete/Library/Developer/Xcode/DerivedData/CodeLooper-crrddjihwjtfkwegrjrymctnfixv/Build/Intermediates.noindex/swift-nio.build/Debug/NIOHTTP1.build/NIOHTTP1.modulemap /Users/steipete/Library/Developer/Xcode/DerivedData/CodeLooper-crrddjihwjtfkwegrjrymctnfixv/Build/Intermediates.noindex/GeneratedModuleMaps

Copy /Users/steipete/Library/Developer/Xcode/DerivedData/CodeLooper-crrddjihwjtfkwegrjrymctnfixv/Build/Intermediates.noindex/GeneratedModuleMaps/NIOFoundationCompat.modulemap /Users/steipete/Library/Developer/Xcode/DerivedData/CodeLooper-crrddjihwjtfkwegrjrymctnfixv/Build/Intermediates.noindex/swift-nio.build/Debug/NIOFoundationCompat.build/NIOFoundationCompat.modulemap (in target 'NIOFoundationCompat' from project 'swift-nio')
    cd /Users/steipete/Library/Developer/Xcode/DerivedData/CodeLooper-crrddjihwjtfkwegrjrymctnfixv/SourcePackages/checkouts/swift-nio
    builtin-copy -exclude .DS_Store -exclude CVS -exclude .svn -exclude .git -exclude .hg -resolve-src-symlinks /Users/steipete/Library/Developer/Xcode/DerivedData/CodeLooper-crrddjihwjtfkwegrjrymctnfixv/Build/Intermediates.noindex/swift-nio.build/Debug/NIOFoundationCompat.build/NIOFoundationCompat.modulemap /Users/steipete/Library/Developer/Xcode/DerivedData/CodeLooper-crrddjihwjtfkwegrjrymctnfixv/Build/Intermediates.noindex/GeneratedModuleMaps

WriteAuxiliaryFile /Users/steipete/Library/Developer/Xcode/DerivedData/CodeLooper-crrddjihwjtfkwegrjrymctnfixv/Build/Intermediates.noindex/swift-nio.build/Debug/NIOCore.build/Objects-normal/arm64/NIOCore.LinkFileList (in target 'NIOCore' from project 'swift-nio')
    cd /Users/steipete/Library/Developer/Xcode/DerivedData/CodeLooper-crrddjihwjtfkwegrjrymctnfixv/SourcePackages/checkouts/swift-nio
    write-file /Users/steipete/Library/Developer/Xcode/DerivedData/CodeLooper-crrddjihwjtfkwegrjrymctnfixv/Build/Intermediates.noindex/swift-nio.build/Debug/NIOCore.build/Objects-normal/arm64/NIOCore.LinkFileList

WriteAuxiliaryFile /Users/steipete/Library/Developer/Xcode/DerivedData/CodeLooper-crrddjihwjtfkwegrjrymctnfixv/Build/Intermediates.noindex/swift-nio.build/Debug/NIOCore.build/Objects-normal/arm64/NIOCore-OutputFileMap.json (in target 'NIOCore' from project 'swift-nio')
    cd /Users/steipete/Library/Developer/Xcode/DerivedData/CodeLooper-crrddjihwjtfkwegrjrymctnfixv/SourcePackages/checkouts/swift-nio
    write-file /Users/steipete/Library/Developer/Xcode/DerivedData/CodeLooper-crrddjihwjtfkwegrjrymctnfixv/Build/Intermediates.noindex/swift-nio.build/Debug/NIOCore.build/Objects-normal/arm64/NIOCore-OutputFileMap.json

WriteAuxiliaryFile /Users/steipete/Library/Developer/Xcode/DerivedData/CodeLooper-crrddjihwjtfkwegrjrymctnfixv/Build/Intermediates.noindex/swift-nio.build/Debug/NIOCore.build/NIOCore.modulemap (in target 'NIOCore' from project 'swift-nio')
    cd /Users/steipete/Library/Developer/Xcode/DerivedData/CodeLooper-crrddjihwjtfkwegrjrymctnfixv/SourcePackages/checkouts/swift-nio
    write-file /Users/steipete/Library/Developer/Xcode/DerivedData/CodeLooper-crrddjihwjtfkwegrjrymctnfixv/Build/Intermediates.noindex/swift-nio.build/Debug/NIOCore.build/NIOCore.modulemap

Copy /Users/steipete/Library/Developer/Xcode/DerivedData/CodeLooper-crrddjihwjtfkwegrjrymctnfixv/Build/Intermediates.noindex/GeneratedModuleMaps/NIOExtras.modulemap /Users/steipete/Library/Developer/Xcode/DerivedData/CodeLooper-crrddjihwjtfkwegrjrymctnfixv/Build/Intermediates.noindex/swift-nio-extras.build/Debug/NIOExtras.build/NIOExtras.modulemap (in target 'NIOExtras' from project 'swift-nio-extras')
    cd /Users/steipete/Library/Developer/Xcode/DerivedData/CodeLooper-crrddjihwjtfkwegrjrymctnfixv/SourcePackages/checkouts/swift-nio-extras
    builtin-copy -exclude .DS_Store -exclude CVS -exclude .svn -exclude .git -exclude .hg -resolve-src-symlinks /Users/steipete/Library/Developer/Xcode/DerivedData/CodeLooper-crrddjihwjtfkwegrjrymctnfixv/Build/Intermediates.noindex/swift-nio-extras.build/Debug/NIOExtras.build/NIOExtras.modulemap /Users/steipete/Library/Developer/Xcode/DerivedData/CodeLooper-crrddjihwjtfkwegrjrymctnfixv/Build/Intermediates.noindex/GeneratedModuleMaps

Copy /Users/steipete/Library/Developer/Xcode/DerivedData/CodeLooper-crrddjihwjtfkwegrjrymctnfixv/Build/Intermediates.noindex/GeneratedModuleMaps/NIOEmbedded.modulemap /Users/steipete/Library/Developer/Xcode/DerivedData/CodeLooper-crrddjihwjtfkwegrjrymctnfixv/Build/Intermediates.noindex/swift-nio.build/Debug/NIOEmbedded.build/NIOEmbedded.modulemap (in target 'NIOEmbedded' from project 'swift-nio')
    cd /Users/steipete/Library/Developer/Xcode/DerivedData/CodeLooper-crrddjihwjtfkwegrjrymctnfixv/SourcePackages/checkouts/swift-nio
    builtin-copy -exclude .DS_Store -exclude CVS -exclude .svn -exclude .git -exclude .hg -resolve-src-symlinks /Users/steipete/Library/Developer/Xcode/DerivedData/CodeLooper-crrddjihwjtfkwegrjrymctnfixv/Build/Intermediates.noindex/swift-nio.build/Debug/NIOEmbedded.build/NIOEmbedded.modulemap /Users/steipete/Library/Developer/Xcode/DerivedData/CodeLooper-crrddjihwjtfkwegrjrymctnfixv/Build/Intermediates.noindex/GeneratedModuleMaps

WriteAuxiliaryFile /Users/steipete/Library/Developer/Xcode/DerivedData/CodeLooper-crrddjihwjtfkwegrjrymctnfixv/Build/Intermediates.noindex/swift-nio.build/Debug/NIOCore.build/NIOCore.DependencyStaticMetadataFileList (in target 'NIOCore' from project 'swift-nio')
    cd /Users/steipete/Library/Developer/Xcode/DerivedData/CodeLooper-crrddjihwjtfkwegrjrymctnfixv/SourcePackages/checkouts/swift-nio
    write-file /Users/steipete/Library/Developer/Xcode/DerivedData/CodeLooper-crrddjihwjtfkwegrjrymctnfixv/Build/Intermediates.noindex/swift-nio.build/Debug/NIOCore.build/NIOCore.DependencyStaticMetadataFileList

WriteAuxiliaryFile /Users/steipete/Library/Developer/Xcode/DerivedData/CodeLooper-crrddjihwjtfkwegrjrymctnfixv/Build/Intermediates.noindex/swift-nio.build/Debug/NIOCore.build/NIOCore.DependencyMetadataFileList (in target 'NIOCore' from project 'swift-nio')
    cd /Users/steipete/Library/Developer/Xcode/DerivedData/CodeLooper-crrddjihwjtfkwegrjrymctnfixv/SourcePackages/checkouts/swift-nio
    write-file /Users/steipete/Library/Developer/Xcode/DerivedData/CodeLooper-crrddjihwjtfkwegrjrymctnfixv/Build/Intermediates.noindex/swift-nio.build/Debug/NIOCore.build/NIOCore.DependencyMetadataFileList

WriteAuxiliaryFile /Users/steipete/Library/Developer/Xcode/DerivedData/CodeLooper-crrddjihwjtfkwegrjrymctnfixv/Build/Intermediates.noindex/swift-nio.build/Debug/NIOConcurrencyHelpers.build/Objects-normal/arm64/NIOConcurrencyHelpers-OutputFileMap.json (in target 'NIOConcurrencyHelpers' from project 'swift-nio')
    cd /Users/steipete/Library/Developer/Xcode/DerivedData/CodeLooper-crrddjihwjtfkwegrjrymctnfixv/SourcePackages/checkouts/swift-nio
    write-file /Users/steipete/Library/Developer/Xcode/DerivedData/CodeLooper-crrddjihwjtfkwegrjrymctnfixv/Build/Intermediates.noindex/swift-nio.build/Debug/NIOConcurrencyHelpers.build/Objects-normal/arm64/NIOConcurrencyHelpers-OutputFileMap.json

WriteAuxiliaryFile /Users/steipete/Library/Developer/Xcode/DerivedData/CodeLooper-crrddjihwjtfkwegrjrymctnfixv/Build/Intermediates.noindex/swift-nio.build/Debug/NIOConcurrencyHelpers.build/NIOConcurrencyHelpers.modulemap (in target 'NIOConcurrencyHelpers' from project 'swift-nio')
    cd /Users/steipete/Library/Developer/Xcode/DerivedData/CodeLooper-crrddjihwjtfkwegrjrymctnfixv/SourcePackages/checkouts/swift-nio
    write-file /Users/steipete/Library/Developer/Xcode/DerivedData/CodeLooper-crrddjihwjtfkwegrjrymctnfixv/Build/Intermediates.noindex/swift-nio.build/Debug/NIOConcurrencyHelpers.build/NIOConcurrencyHelpers.modulemap

WriteAuxiliaryFile /Users/steipete/Library/Developer/Xcode/DerivedData/CodeLooper-crrddjihwjtfkwegrjrymctnfixv/Build/Intermediates.noindex/swift-nio.build/Debug/NIOConcurrencyHelpers.build/Objects-normal/arm64/NIOConcurrencyHelpers.SwiftFileList (in target 'NIOConcurrencyHelpers' from project 'swift-nio')
    cd /Users/steipete/Library/Developer/Xcode/DerivedData/CodeLooper-crrddjihwjtfkwegrjrymctnfixv/SourcePackages/checkouts/swift-nio
    write-file /Users/steipete/Library/Developer/Xcode/DerivedData/CodeLooper-crrddjihwjtfkwegrjrymctnfixv/Build/Intermediates.noindex/swift-nio.build/Debug/NIOConcurrencyHelpers.build/Objects-normal/arm64/NIOConcurrencyHelpers.SwiftFileList

WriteAuxiliaryFile /Users/steipete/Library/Developer/Xcode/DerivedData/CodeLooper-crrddjihwjtfkwegrjrymctnfixv/Build/Intermediates.noindex/swift-nio.build/Debug/NIOConcurrencyHelpers.build/Objects-normal/arm64/NIOConcurrencyHelpers_const_extract_protocols.json (in target 'NIOConcurrencyHelpers' from project 'swift-nio')
    cd /Users/steipete/Library/Developer/Xcode/DerivedData/CodeLooper-crrddjihwjtfkwegrjrymctnfixv/SourcePackages/checkouts/swift-nio
    write-file /Users/steipete/Library/Developer/Xcode/DerivedData/CodeLooper-crrddjihwjtfkwegrjrymctnfixv/Build/Intermediates.noindex/swift-nio.build/Debug/NIOConcurrencyHelpers.build/Objects-normal/arm64/NIOConcurrencyHelpers_const_extract_protocols.json

WriteAuxiliaryFile /Users/steipete/Library/Developer/Xcode/DerivedData/CodeLooper-crrddjihwjtfkwegrjrymctnfixv/Build/Intermediates.noindex/swift-nio.build/Debug/NIOConcurrencyHelpers.build/Objects-normal/arm64/NIOConcurrencyHelpers.LinkFileList (in target 'NIOConcurrencyHelpers' from project 'swift-nio')
    cd /Users/steipete/Library/Developer/Xcode/DerivedData/CodeLooper-crrddjihwjtfkwegrjrymctnfixv/SourcePackages/checkouts/swift-nio
    write-file /Users/steipete/Library/Developer/Xcode/DerivedData/CodeLooper-crrddjihwjtfkwegrjrymctnfixv/Build/Intermediates.noindex/swift-nio.build/Debug/NIOConcurrencyHelpers.build/Objects-normal/arm64/NIOConcurrencyHelpers.LinkFileList

WriteAuxiliaryFile /Users/steipete/Library/Developer/Xcode/DerivedData/CodeLooper-crrddjihwjtfkwegrjrymctnfixv/Build/Intermediates.noindex/swift-nio.build/Debug/NIOConcurrencyHelpers.build/Objects-normal/arm64/NIOConcurrencyHelpers.SwiftConstValuesFileList (in target 'NIOConcurrencyHelpers' from project 'swift-nio')
    cd /Users/steipete/Library/Developer/Xcode/DerivedData/CodeLooper-crrddjihwjtfkwegrjrymctnfixv/SourcePackages/checkouts/swift-nio
    write-file /Users/steipete/Library/Developer/Xcode/DerivedData/CodeLooper-crrddjihwjtfkwegrjrymctnfixv/Build/Intermediates.noindex/swift-nio.build/Debug/NIOConcurrencyHelpers.build/Objects-normal/arm64/NIOConcurrencyHelpers.SwiftConstValuesFileList

WriteAuxiliaryFile /Users/steipete/Library/Developer/Xcode/DerivedData/CodeLooper-crrddjihwjtfkwegrjrymctnfixv/Build/Intermediates.noindex/swift-nio.build/Debug/NIOConcurrencyHelpers.build/NIOConcurrencyHelpers.DependencyStaticMetadataFileList (in target 'NIOConcurrencyHelpers' from project 'swift-nio')
    cd /Users/steipete/Library/Developer/Xcode/DerivedData/CodeLooper-crrddjihwjtfkwegrjrymctnfixv/SourcePackages/checkouts/swift-nio
    write-file /Users/steipete/Library/Developer/Xcode/DerivedData/CodeLooper-crrddjihwjtfkwegrjrymctnfixv/Build/Intermediates.noindex/swift-nio.build/Debug/NIOConcurrencyHelpers.build/NIOConcurrencyHelpers.DependencyStaticMetadataFileList

WriteAuxiliaryFile /Users/steipete/Library/Developer/Xcode/DerivedData/CodeLooper-crrddjihwjtfkwegrjrymctnfixv/Build/Intermediates.noindex/swift-nio.build/Debug/NIOConcurrencyHelpers.build/NIOConcurrencyHelpers.DependencyMetadataFileList (in target 'NIOConcurrencyHelpers' from project 'swift-nio')
    cd /Users/steipete/Library/Developer/Xcode/DerivedData/CodeLooper-crrddjihwjtfkwegrjrymctnfixv/SourcePackages/checkouts/swift-nio
    write-file /Users/steipete/Library/Developer/Xcode/DerivedData/CodeLooper-crrddjihwjtfkwegrjrymctnfixv/Build/Intermediates.noindex/swift-nio.build/Debug/NIOConcurrencyHelpers.build/NIOConcurrencyHelpers.DependencyMetadataFileList

Copy /Users/steipete/Library/Developer/Xcode/DerivedData/CodeLooper-crrddjihwjtfkwegrjrymctnfixv/Build/Intermediates.noindex/GeneratedModuleMaps/NIOCore.modulemap /Users/steipete/Library/Developer/Xcode/DerivedData/CodeLooper-crrddjihwjtfkwegrjrymctnfixv/Build/Intermediates.noindex/swift-nio.build/Debug/NIOCore.build/NIOCore.modulemap (in target 'NIOCore' from project 'swift-nio')
    cd /Users/steipete/Library/Developer/Xcode/DerivedData/CodeLooper-crrddjihwjtfkwegrjrymctnfixv/SourcePackages/checkouts/swift-nio
    builtin-copy -exclude .DS_Store -exclude CVS -exclude .svn -exclude .git -exclude .hg -resolve-src-symlinks /Users/steipete/Library/Developer/Xcode/DerivedData/CodeLooper-crrddjihwjtfkwegrjrymctnfixv/Build/Intermediates.noindex/swift-nio.build/Debug/NIOCore.build/NIOCore.modulemap /Users/steipete/Library/Developer/Xcode/DerivedData/CodeLooper-crrddjihwjtfkwegrjrymctnfixv/Build/Intermediates.noindex/GeneratedModuleMaps

WriteAuxiliaryFile /Users/steipete/Library/Developer/Xcode/DerivedData/CodeLooper-crrddjihwjtfkwegrjrymctnfixv/Build/Intermediates.noindex/swift-nio.build/Debug/NIO.build/Objects-normal/arm64/NIO_const_extract_protocols.json (in target 'NIO' from project 'swift-nio')
    cd /Users/steipete/Library/Developer/Xcode/DerivedData/CodeLooper-crrddjihwjtfkwegrjrymctnfixv/SourcePackages/checkouts/swift-nio
    write-file /Users/steipete/Library/Developer/Xcode/DerivedData/CodeLooper-crrddjihwjtfkwegrjrymctnfixv/Build/Intermediates.noindex/swift-nio.build/Debug/NIO.build/Objects-normal/arm64/NIO_const_extract_protocols.json

WriteAuxiliaryFile /Users/steipete/Library/Developer/Xcode/DerivedData/CodeLooper-crrddjihwjtfkwegrjrymctnfixv/Build/Intermediates.noindex/swift-nio.build/Debug/NIO.build/Objects-normal/arm64/NIO.SwiftFileList (in target 'NIO' from project 'swift-nio')
    cd /Users/steipete/Library/Developer/Xcode/DerivedData/CodeLooper-crrddjihwjtfkwegrjrymctnfixv/SourcePackages/checkouts/swift-nio
    write-file /Users/steipete/Library/Developer/Xcode/DerivedData/CodeLooper-crrddjihwjtfkwegrjrymctnfixv/Build/Intermediates.noindex/swift-nio.build/Debug/NIO.build/Objects-normal/arm64/NIO.SwiftFileList

WriteAuxiliaryFile /Users/steipete/Library/Developer/Xcode/DerivedData/CodeLooper-crrddjihwjtfkwegrjrymctnfixv/Build/Intermediates.noindex/swift-nio.build/Debug/NIO.build/Objects-normal/arm64/NIO.SwiftConstValuesFileList (in target 'NIO' from project 'swift-nio')
    cd /Users/steipete/Library/Developer/Xcode/DerivedData/CodeLooper-crrddjihwjtfkwegrjrymctnfixv/SourcePackages/checkouts/swift-nio
    write-file /Users/steipete/Library/Developer/Xcode/DerivedData/CodeLooper-crrddjihwjtfkwegrjrymctnfixv/Build/Intermediates.noindex/swift-nio.build/Debug/NIO.build/Objects-normal/arm64/NIO.SwiftConstValuesFileList

WriteAuxiliaryFile /Users/steipete/Library/Developer/Xcode/DerivedData/CodeLooper-crrddjihwjtfkwegrjrymctnfixv/Build/Intermediates.noindex/swift-nio.build/Debug/NIO.build/Objects-normal/arm64/NIO.LinkFileList (in target 'NIO' from project 'swift-nio')
    cd /Users/steipete/Library/Developer/Xcode/DerivedData/CodeLooper-crrddjihwjtfkwegrjrymctnfixv/SourcePackages/checkouts/swift-nio
    write-file /Users/steipete/Library/Developer/Xcode/DerivedData/CodeLooper-crrddjihwjtfkwegrjrymctnfixv/Build/Intermediates.noindex/swift-nio.build/Debug/NIO.build/Objects-normal/arm64/NIO.LinkFileList

WriteAuxiliaryFile /Users/steipete/Library/Developer/Xcode/DerivedData/CodeLooper-crrddjihwjtfkwegrjrymctnfixv/Build/Intermediates.noindex/swift-nio.build/Debug/NIO.build/Objects-normal/arm64/NIO-OutputFileMap.json (in target 'NIO' from project 'swift-nio')
    cd /Users/steipete/Library/Developer/Xcode/DerivedData/CodeLooper-crrddjihwjtfkwegrjrymctnfixv/SourcePackages/checkouts/swift-nio
    write-file /Users/steipete/Library/Developer/Xcode/DerivedData/CodeLooper-crrddjihwjtfkwegrjrymctnfixv/Build/Intermediates.noindex/swift-nio.build/Debug/NIO.build/Objects-normal/arm64/NIO-OutputFileMap.json

WriteAuxiliaryFile /Users/steipete/Library/Developer/Xcode/DerivedData/CodeLooper-crrddjihwjtfkwegrjrymctnfixv/Build/Intermediates.noindex/swift-nio.build/Debug/NIO.build/NIO.modulemap (in target 'NIO' from project 'swift-nio')
    cd /Users/steipete/Library/Developer/Xcode/DerivedData/CodeLooper-crrddjihwjtfkwegrjrymctnfixv/SourcePackages/checkouts/swift-nio
    write-file /Users/steipete/Library/Developer/Xcode/DerivedData/CodeLooper-crrddjihwjtfkwegrjrymctnfixv/Build/Intermediates.noindex/swift-nio.build/Debug/NIO.build/NIO.modulemap

WriteAuxiliaryFile /Users/steipete/Library/Developer/Xcode/DerivedData/CodeLooper-crrddjihwjtfkwegrjrymctnfixv/Build/Intermediates.noindex/swift-nio.build/Debug/NIO.build/NIO.DependencyStaticMetadataFileList (in target 'NIO' from project 'swift-nio')
    cd /Users/steipete/Library/Developer/Xcode/DerivedData/CodeLooper-crrddjihwjtfkwegrjrymctnfixv/SourcePackages/checkouts/swift-nio
    write-file /Users/steipete/Library/Developer/Xcode/DerivedData/CodeLooper-crrddjihwjtfkwegrjrymctnfixv/Build/Intermediates.noindex/swift-nio.build/Debug/NIO.build/NIO.DependencyStaticMetadataFileList

WriteAuxiliaryFile /Users/steipete/Library/Developer/Xcode/DerivedData/CodeLooper-crrddjihwjtfkwegrjrymctnfixv/Build/Intermediates.noindex/swift-nio.build/Debug/NIO.build/NIO.DependencyMetadataFileList (in target 'NIO' from project 'swift-nio')
    cd /Users/steipete/Library/Developer/Xcode/DerivedData/CodeLooper-crrddjihwjtfkwegrjrymctnfixv/SourcePackages/checkouts/swift-nio
    write-file /Users/steipete/Library/Developer/Xcode/DerivedData/CodeLooper-crrddjihwjtfkwegrjrymctnfixv/Build/Intermediates.noindex/swift-nio.build/Debug/NIO.build/NIO.DependencyMetadataFileList

WriteAuxiliaryFile /Users/steipete/Library/Developer/Xcode/DerivedData/CodeLooper-crrddjihwjtfkwegrjrymctnfixv/Build/Intermediates.noindex/swift-metrics.build/Debug/Metrics.build/Metrics.modulemap (in target 'Metrics' from project 'swift-metrics')
    cd /Users/steipete/Library/Developer/Xcode/DerivedData/CodeLooper-crrddjihwjtfkwegrjrymctnfixv/SourcePackages/checkouts/swift-metrics
    write-file /Users/steipete/Library/Developer/Xcode/DerivedData/CodeLooper-crrddjihwjtfkwegrjrymctnfixv/Build/Intermediates.noindex/swift-metrics.build/Debug/Metrics.build/Metrics.modulemap

Copy /Users/steipete/Library/Developer/Xcode/DerivedData/CodeLooper-crrddjihwjtfkwegrjrymctnfixv/Build/Intermediates.noindex/GeneratedModuleMaps/NIOConcurrencyHelpers.modulemap /Users/steipete/Library/Developer/Xcode/DerivedData/CodeLooper-crrddjihwjtfkwegrjrymctnfixv/Build/Intermediates.noindex/swift-nio.build/Debug/NIOConcurrencyHelpers.build/NIOConcurrencyHelpers.modulemap (in target 'NIOConcurrencyHelpers' from project 'swift-nio')
    cd /Users/steipete/Library/Developer/Xcode/DerivedData/CodeLooper-crrddjihwjtfkwegrjrymctnfixv/SourcePackages/checkouts/swift-nio
    builtin-copy -exclude .DS_Store -exclude CVS -exclude .svn -exclude .git -exclude .hg -resolve-src-symlinks /Users/steipete/Library/Developer/Xcode/DerivedData/CodeLooper-crrddjihwjtfkwegrjrymctnfixv/Build/Intermediates.noindex/swift-nio.build/Debug/NIOConcurrencyHelpers.build/NIOConcurrencyHelpers.modulemap /Users/steipete/Library/Developer/Xcode/DerivedData/CodeLooper-crrddjihwjtfkwegrjrymctnfixv/Build/Intermediates.noindex/GeneratedModuleMaps

WriteAuxiliaryFile /Users/steipete/Library/Developer/Xcode/DerivedData/CodeLooper-crrddjihwjtfkwegrjrymctnfixv/Build/Intermediates.noindex/swift-metrics.build/Debug/Metrics.build/Objects-normal/arm64/Metrics.SwiftConstValuesFileList (in target 'Metrics' from project 'swift-metrics')
    cd /Users/steipete/Library/Developer/Xcode/DerivedData/CodeLooper-crrddjihwjtfkwegrjrymctnfixv/SourcePackages/checkouts/swift-metrics
    write-file /Users/steipete/Library/Developer/Xcode/DerivedData/CodeLooper-crrddjihwjtfkwegrjrymctnfixv/Build/Intermediates.noindex/swift-metrics.build/Debug/Metrics.build/Objects-normal/arm64/Metrics.SwiftConstValuesFileList

WriteAuxiliaryFile /Users/steipete/Library/Developer/Xcode/DerivedData/CodeLooper-crrddjihwjtfkwegrjrymctnfixv/Build/Intermediates.noindex/swift-metrics.build/Debug/Metrics.build/Objects-normal/arm64/Metrics.LinkFileList (in target 'Metrics' from project 'swift-metrics')
    cd /Users/steipete/Library/Developer/Xcode/DerivedData/CodeLooper-crrddjihwjtfkwegrjrymctnfixv/SourcePackages/checkouts/swift-metrics
    write-file /Users/steipete/Library/Developer/Xcode/DerivedData/CodeLooper-crrddjihwjtfkwegrjrymctnfixv/Build/Intermediates.noindex/swift-metrics.build/Debug/Metrics.build/Objects-normal/arm64/Metrics.LinkFileList

WriteAuxiliaryFile /Users/steipete/Library/Developer/Xcode/DerivedData/CodeLooper-crrddjihwjtfkwegrjrymctnfixv/Build/Intermediates.noindex/swift-metrics.build/Debug/Metrics.build/Objects-normal/arm64/Metrics-OutputFileMap.json (in target 'Metrics' from project 'swift-metrics')
    cd /Users/steipete/Library/Developer/Xcode/DerivedData/CodeLooper-crrddjihwjtfkwegrjrymctnfixv/SourcePackages/checkouts/swift-metrics
    write-file /Users/steipete/Library/Developer/Xcode/DerivedData/CodeLooper-crrddjihwjtfkwegrjrymctnfixv/Build/Intermediates.noindex/swift-metrics.build/Debug/Metrics.build/Objects-normal/arm64/Metrics-OutputFileMap.json

WriteAuxiliaryFile /Users/steipete/Library/Developer/Xcode/DerivedData/CodeLooper-crrddjihwjtfkwegrjrymctnfixv/Build/Intermediates.noindex/swift-metrics.build/Debug/Metrics.build/Objects-normal/arm64/Metrics.SwiftFileList (in target 'Metrics' from project 'swift-metrics')
    cd /Users/steipete/Library/Developer/Xcode/DerivedData/CodeLooper-crrddjihwjtfkwegrjrymctnfixv/SourcePackages/checkouts/swift-metrics
    write-file /Users/steipete/Library/Developer/Xcode/DerivedData/CodeLooper-crrddjihwjtfkwegrjrymctnfixv/Build/Intermediates.noindex/swift-metrics.build/Debug/Metrics.build/Objects-normal/arm64/Metrics.SwiftFileList

WriteAuxiliaryFile /Users/steipete/Library/Developer/Xcode/DerivedData/CodeLooper-crrddjihwjtfkwegrjrymctnfixv/Build/Intermediates.noindex/swift-metrics.build/Debug/Metrics.build/Objects-normal/arm64/Metrics_const_extract_protocols.json (in target 'Metrics' from project 'swift-metrics')
    cd /Users/steipete/Library/Developer/Xcode/DerivedData/CodeLooper-crrddjihwjtfkwegrjrymctnfixv/SourcePackages/checkouts/swift-metrics
    write-file /Users/steipete/Library/Developer/Xcode/DerivedData/CodeLooper-crrddjihwjtfkwegrjrymctnfixv/Build/Intermediates.noindex/swift-metrics.build/Debug/Metrics.build/Objects-normal/arm64/Metrics_const_extract_protocols.json

WriteAuxiliaryFile /Users/steipete/Library/Developer/Xcode/DerivedData/CodeLooper-crrddjihwjtfkwegrjrymctnfixv/Build/Intermediates.noindex/swift-metrics.build/Debug/Metrics.build/Metrics.DependencyStaticMetadataFileList (in target 'Metrics' from project 'swift-metrics')
    cd /Users/steipete/Library/Developer/Xcode/DerivedData/CodeLooper-crrddjihwjtfkwegrjrymctnfixv/SourcePackages/checkouts/swift-metrics
    write-file /Users/steipete/Library/Developer/Xcode/DerivedData/CodeLooper-crrddjihwjtfkwegrjrymctnfixv/Build/Intermediates.noindex/swift-metrics.build/Debug/Metrics.build/Metrics.DependencyStaticMetadataFileList

WriteAuxiliaryFile /Users/steipete/Library/Developer/Xcode/DerivedData/CodeLooper-crrddjihwjtfkwegrjrymctnfixv/Build/Intermediates.noindex/swift-metrics.build/Debug/Metrics.build/Metrics.DependencyMetadataFileList (in target 'Metrics' from project 'swift-metrics')
    cd /Users/steipete/Library/Developer/Xcode/DerivedData/CodeLooper-crrddjihwjtfkwegrjrymctnfixv/SourcePackages/checkouts/swift-metrics
    write-file /Users/steipete/Library/Developer/Xcode/DerivedData/CodeLooper-crrddjihwjtfkwegrjrymctnfixv/Build/Intermediates.noindex/swift-metrics.build/Debug/Metrics.build/Metrics.DependencyMetadataFileList

WriteAuxiliaryFile /Users/steipete/Library/Developer/Xcode/DerivedData/CodeLooper-crrddjihwjtfkwegrjrymctnfixv/Build/Intermediates.noindex/MenuBarExtraAccess.build/Debug/MenuBarExtraAccess.build/Objects-normal/arm64/MenuBarExtraAccess_const_extract_protocols.json (in target 'MenuBarExtraAccess' from project 'MenuBarExtraAccess')
    cd /Users/steipete/Library/Developer/Xcode/DerivedData/CodeLooper-crrddjihwjtfkwegrjrymctnfixv/SourcePackages/checkouts/MenuBarExtraAccess
    write-file /Users/steipete/Library/Developer/Xcode/DerivedData/CodeLooper-crrddjihwjtfkwegrjrymctnfixv/Build/Intermediates.noindex/MenuBarExtraAccess.build/Debug/MenuBarExtraAccess.build/Objects-normal/arm64/MenuBarExtraAccess_const_extract_protocols.json

WriteAuxiliaryFile /Users/steipete/Library/Developer/Xcode/DerivedData/CodeLooper-crrddjihwjtfkwegrjrymctnfixv/Build/Intermediates.noindex/MenuBarExtraAccess.build/Debug/MenuBarExtraAccess.build/Objects-normal/arm64/MenuBarExtraAccess.SwiftFileList (in target 'MenuBarExtraAccess' from project 'MenuBarExtraAccess')
    cd /Users/steipete/Library/Developer/Xcode/DerivedData/CodeLooper-crrddjihwjtfkwegrjrymctnfixv/SourcePackages/checkouts/MenuBarExtraAccess
    write-file /Users/steipete/Library/Developer/Xcode/DerivedData/CodeLooper-crrddjihwjtfkwegrjrymctnfixv/Build/Intermediates.noindex/MenuBarExtraAccess.build/Debug/MenuBarExtraAccess.build/Objects-normal/arm64/MenuBarExtraAccess.SwiftFileList

WriteAuxiliaryFile /Users/steipete/Library/Developer/Xcode/DerivedData/CodeLooper-crrddjihwjtfkwegrjrymctnfixv/Build/Intermediates.noindex/MenuBarExtraAccess.build/Debug/MenuBarExtraAccess.build/Objects-normal/arm64/MenuBarExtraAccess.SwiftConstValuesFileList (in target 'MenuBarExtraAccess' from project 'MenuBarExtraAccess')
    cd /Users/steipete/Library/Developer/Xcode/DerivedData/CodeLooper-crrddjihwjtfkwegrjrymctnfixv/SourcePackages/checkouts/MenuBarExtraAccess
    write-file /Users/steipete/Library/Developer/Xcode/DerivedData/CodeLooper-crrddjihwjtfkwegrjrymctnfixv/Build/Intermediates.noindex/MenuBarExtraAccess.build/Debug/MenuBarExtraAccess.build/Objects-normal/arm64/MenuBarExtraAccess.SwiftConstValuesFileList

WriteAuxiliaryFile /Users/steipete/Library/Developer/Xcode/DerivedData/CodeLooper-crrddjihwjtfkwegrjrymctnfixv/Build/Intermediates.noindex/MenuBarExtraAccess.build/Debug/MenuBarExtraAccess.build/Objects-normal/arm64/MenuBarExtraAccess.LinkFileList (in target 'MenuBarExtraAccess' from project 'MenuBarExtraAccess')
    cd /Users/steipete/Library/Developer/Xcode/DerivedData/CodeLooper-crrddjihwjtfkwegrjrymctnfixv/SourcePackages/checkouts/MenuBarExtraAccess
    write-file /Users/steipete/Library/Developer/Xcode/DerivedData/CodeLooper-crrddjihwjtfkwegrjrymctnfixv/Build/Intermediates.noindex/MenuBarExtraAccess.build/Debug/MenuBarExtraAccess.build/Objects-normal/arm64/MenuBarExtraAccess.LinkFileList

WriteAuxiliaryFile /Users/steipete/Library/Developer/Xcode/DerivedData/CodeLooper-crrddjihwjtfkwegrjrymctnfixv/Build/Intermediates.noindex/MenuBarExtraAccess.build/Debug/MenuBarExtraAccess.build/MenuBarExtraAccess.modulemap (in target 'MenuBarExtraAccess' from project 'MenuBarExtraAccess')
    cd /Users/steipete/Library/Developer/Xcode/DerivedData/CodeLooper-crrddjihwjtfkwegrjrymctnfixv/SourcePackages/checkouts/MenuBarExtraAccess
    write-file /Users/steipete/Library/Developer/Xcode/DerivedData/CodeLooper-crrddjihwjtfkwegrjrymctnfixv/Build/Intermediates.noindex/MenuBarExtraAccess.build/Debug/MenuBarExtraAccess.build/MenuBarExtraAccess.modulemap

WriteAuxiliaryFile /Users/steipete/Library/Developer/Xcode/DerivedData/CodeLooper-crrddjihwjtfkwegrjrymctnfixv/Build/Intermediates.noindex/MenuBarExtraAccess.build/Debug/MenuBarExtraAccess.build/Objects-normal/arm64/MenuBarExtraAccess-OutputFileMap.json (in target 'MenuBarExtraAccess' from project 'MenuBarExtraAccess')
    cd /Users/steipete/Library/Developer/Xcode/DerivedData/CodeLooper-crrddjihwjtfkwegrjrymctnfixv/SourcePackages/checkouts/MenuBarExtraAccess
    write-file /Users/steipete/Library/Developer/Xcode/DerivedData/CodeLooper-crrddjihwjtfkwegrjrymctnfixv/Build/Intermediates.noindex/MenuBarExtraAccess.build/Debug/MenuBarExtraAccess.build/Objects-normal/arm64/MenuBarExtraAccess-OutputFileMap.json

Copy /Users/steipete/Library/Developer/Xcode/DerivedData/CodeLooper-crrddjihwjtfkwegrjrymctnfixv/Build/Intermediates.noindex/GeneratedModuleMaps/NIO.modulemap /Users/steipete/Library/Developer/Xcode/DerivedData/CodeLooper-crrddjihwjtfkwegrjrymctnfixv/Build/Intermediates.noindex/swift-nio.build/Debug/NIO.build/NIO.modulemap (in target 'NIO' from project 'swift-nio')
    cd /Users/steipete/Library/Developer/Xcode/DerivedData/CodeLooper-crrddjihwjtfkwegrjrymctnfixv/SourcePackages/checkouts/swift-nio
    builtin-copy -exclude .DS_Store -exclude CVS -exclude .svn -exclude .git -exclude .hg -resolve-src-symlinks /Users/steipete/Library/Developer/Xcode/DerivedData/CodeLooper-crrddjihwjtfkwegrjrymctnfixv/Build/Intermediates.noindex/swift-nio.build/Debug/NIO.build/NIO.modulemap /Users/steipete/Library/Developer/Xcode/DerivedData/CodeLooper-crrddjihwjtfkwegrjrymctnfixv/Build/Intermediates.noindex/GeneratedModuleMaps

Copy /Users/steipete/Library/Developer/Xcode/DerivedData/CodeLooper-crrddjihwjtfkwegrjrymctnfixv/Build/Intermediates.noindex/GeneratedModuleMaps/Metrics.modulemap /Users/steipete/Library/Developer/Xcode/DerivedData/CodeLooper-crrddjihwjtfkwegrjrymctnfixv/Build/Intermediates.noindex/swift-metrics.build/Debug/Metrics.build/Metrics.modulemap (in target 'Metrics' from project 'swift-metrics')
    cd /Users/steipete/Library/Developer/Xcode/DerivedData/CodeLooper-crrddjihwjtfkwegrjrymctnfixv/SourcePackages/checkouts/swift-metrics
    builtin-copy -exclude .DS_Store -exclude CVS -exclude .svn -exclude .git -exclude .hg -resolve-src-symlinks /Users/steipete/Library/Developer/Xcode/DerivedData/CodeLooper-crrddjihwjtfkwegrjrymctnfixv/Build/Intermediates.noindex/swift-metrics.build/Debug/Metrics.build/Metrics.modulemap /Users/steipete/Library/Developer/Xcode/DerivedData/CodeLooper-crrddjihwjtfkwegrjrymctnfixv/Build/Intermediates.noindex/GeneratedModuleMaps

WriteAuxiliaryFile /Users/steipete/Library/Developer/Xcode/DerivedData/CodeLooper-crrddjihwjtfkwegrjrymctnfixv/Build/Intermediates.noindex/MenuBarExtraAccess.build/Debug/MenuBarExtraAccess.build/MenuBarExtraAccess.DependencyStaticMetadataFileList (in target 'MenuBarExtraAccess' from project 'MenuBarExtraAccess')
    cd /Users/steipete/Library/Developer/Xcode/DerivedData/CodeLooper-crrddjihwjtfkwegrjrymctnfixv/SourcePackages/checkouts/MenuBarExtraAccess
    write-file /Users/steipete/Library/Developer/Xcode/DerivedData/CodeLooper-crrddjihwjtfkwegrjrymctnfixv/Build/Intermediates.noindex/MenuBarExtraAccess.build/Debug/MenuBarExtraAccess.build/MenuBarExtraAccess.DependencyStaticMetadataFileList

WriteAuxiliaryFile /Users/steipete/Library/Developer/Xcode/DerivedData/CodeLooper-crrddjihwjtfkwegrjrymctnfixv/Build/Intermediates.noindex/MenuBarExtraAccess.build/Debug/MenuBarExtraAccess.build/MenuBarExtraAccess.DependencyMetadataFileList (in target 'MenuBarExtraAccess' from project 'MenuBarExtraAccess')
    cd /Users/steipete/Library/Developer/Xcode/DerivedData/CodeLooper-crrddjihwjtfkwegrjrymctnfixv/SourcePackages/checkouts/MenuBarExtraAccess
    write-file /Users/steipete/Library/Developer/Xcode/DerivedData/CodeLooper-crrddjihwjtfkwegrjrymctnfixv/Build/Intermediates.noindex/MenuBarExtraAccess.build/Debug/MenuBarExtraAccess.build/MenuBarExtraAccess.DependencyMetadataFileList

WriteAuxiliaryFile /Users/steipete/Library/Developer/Xcode/DerivedData/CodeLooper-crrddjihwjtfkwegrjrymctnfixv/Build/Intermediates.noindex/swift-log.build/Debug/Logging.build/Objects-normal/arm64/Logging_const_extract_protocols.json (in target 'Logging' from project 'swift-log')
    cd /Users/steipete/Library/Developer/Xcode/DerivedData/CodeLooper-crrddjihwjtfkwegrjrymctnfixv/SourcePackages/checkouts/swift-log
    write-file /Users/steipete/Library/Developer/Xcode/DerivedData/CodeLooper-crrddjihwjtfkwegrjrymctnfixv/Build/Intermediates.noindex/swift-log.build/Debug/Logging.build/Objects-normal/arm64/Logging_const_extract_protocols.json

WriteAuxiliaryFile /Users/steipete/Library/Developer/Xcode/DerivedData/CodeLooper-crrddjihwjtfkwegrjrymctnfixv/Build/Intermediates.noindex/swift-log.build/Debug/Logging.build/Objects-normal/arm64/Logging.SwiftFileList (in target 'Logging' from project 'swift-log')
    cd /Users/steipete/Library/Developer/Xcode/DerivedData/CodeLooper-crrddjihwjtfkwegrjrymctnfixv/SourcePackages/checkouts/swift-log
    write-file /Users/steipete/Library/Developer/Xcode/DerivedData/CodeLooper-crrddjihwjtfkwegrjrymctnfixv/Build/Intermediates.noindex/swift-log.build/Debug/Logging.build/Objects-normal/arm64/Logging.SwiftFileList

WriteAuxiliaryFile /Users/steipete/Library/Developer/Xcode/DerivedData/CodeLooper-crrddjihwjtfkwegrjrymctnfixv/Build/Intermediates.noindex/swift-log.build/Debug/Logging.build/Objects-normal/arm64/Logging.SwiftConstValuesFileList (in target 'Logging' from project 'swift-log')
    cd /Users/steipete/Library/Developer/Xcode/DerivedData/CodeLooper-crrddjihwjtfkwegrjrymctnfixv/SourcePackages/checkouts/swift-log
    write-file /Users/steipete/Library/Developer/Xcode/DerivedData/CodeLooper-crrddjihwjtfkwegrjrymctnfixv/Build/Intermediates.noindex/swift-log.build/Debug/Logging.build/Objects-normal/arm64/Logging.SwiftConstValuesFileList

WriteAuxiliaryFile /Users/steipete/Library/Developer/Xcode/DerivedData/CodeLooper-crrddjihwjtfkwegrjrymctnfixv/Build/Intermediates.noindex/swift-log.build/Debug/Logging.build/Objects-normal/arm64/Logging.LinkFileList (in target 'Logging' from project 'swift-log')
    cd /Users/steipete/Library/Developer/Xcode/DerivedData/CodeLooper-crrddjihwjtfkwegrjrymctnfixv/SourcePackages/checkouts/swift-log
    write-file /Users/steipete/Library/Developer/Xcode/DerivedData/CodeLooper-crrddjihwjtfkwegrjrymctnfixv/Build/Intermediates.noindex/swift-log.build/Debug/Logging.build/Objects-normal/arm64/Logging.LinkFileList

WriteAuxiliaryFile /Users/steipete/Library/Developer/Xcode/DerivedData/CodeLooper-crrddjihwjtfkwegrjrymctnfixv/Build/Intermediates.noindex/swift-log.build/Debug/Logging.build/Objects-normal/arm64/Logging-OutputFileMap.json (in target 'Logging' from project 'swift-log')
    cd /Users/steipete/Library/Developer/Xcode/DerivedData/CodeLooper-crrddjihwjtfkwegrjrymctnfixv/SourcePackages/checkouts/swift-log
    write-file /Users/steipete/Library/Developer/Xcode/DerivedData/CodeLooper-crrddjihwjtfkwegrjrymctnfixv/Build/Intermediates.noindex/swift-log.build/Debug/Logging.build/Objects-normal/arm64/Logging-OutputFileMap.json

WriteAuxiliaryFile /Users/steipete/Library/Developer/Xcode/DerivedData/CodeLooper-crrddjihwjtfkwegrjrymctnfixv/Build/Intermediates.noindex/swift-log.build/Debug/Logging.build/Logging.modulemap (in target 'Logging' from project 'swift-log')
    cd /Users/steipete/Library/Developer/Xcode/DerivedData/CodeLooper-crrddjihwjtfkwegrjrymctnfixv/SourcePackages/checkouts/swift-log
    write-file /Users/steipete/Library/Developer/Xcode/DerivedData/CodeLooper-crrddjihwjtfkwegrjrymctnfixv/Build/Intermediates.noindex/swift-log.build/Debug/Logging.build/Logging.modulemap

WriteAuxiliaryFile /Users/steipete/Library/Developer/Xcode/DerivedData/CodeLooper-crrddjihwjtfkwegrjrymctnfixv/Build/Intermediates.noindex/swift-log.build/Debug/Logging.build/Logging.DependencyMetadataFileList (in target 'Logging' from project 'swift-log')
    cd /Users/steipete/Library/Developer/Xcode/DerivedData/CodeLooper-crrddjihwjtfkwegrjrymctnfixv/SourcePackages/checkouts/swift-log
    write-file /Users/steipete/Library/Developer/Xcode/DerivedData/CodeLooper-crrddjihwjtfkwegrjrymctnfixv/Build/Intermediates.noindex/swift-log.build/Debug/Logging.build/Logging.DependencyMetadataFileList

WriteAuxiliaryFile /Users/steipete/Library/Developer/Xcode/DerivedData/CodeLooper-crrddjihwjtfkwegrjrymctnfixv/Build/Intermediates.noindex/swift-log.build/Debug/Logging.build/Logging.DependencyStaticMetadataFileList (in target 'Logging' from project 'swift-log')
    cd /Users/steipete/Library/Developer/Xcode/DerivedData/CodeLooper-crrddjihwjtfkwegrjrymctnfixv/SourcePackages/checkouts/swift-log
    write-file /Users/steipete/Library/Developer/Xcode/DerivedData/CodeLooper-crrddjihwjtfkwegrjrymctnfixv/Build/Intermediates.noindex/swift-log.build/Debug/Logging.build/Logging.DependencyStaticMetadataFileList

WriteAuxiliaryFile /Users/steipete/Library/Developer/Xcode/DerivedData/CodeLooper-crrddjihwjtfkwegrjrymctnfixv/Build/Intermediates.noindex/KeychainAccess.build/Debug/KeychainAccess.build/Objects-normal/arm64/KeychainAccess_const_extract_protocols.json (in target 'KeychainAccess' from project 'KeychainAccess')
    cd /Users/steipete/Library/Developer/Xcode/DerivedData/CodeLooper-crrddjihwjtfkwegrjrymctnfixv/SourcePackages/checkouts/KeychainAccess
    write-file /Users/steipete/Library/Developer/Xcode/DerivedData/CodeLooper-crrddjihwjtfkwegrjrymctnfixv/Build/Intermediates.noindex/KeychainAccess.build/Debug/KeychainAccess.build/Objects-normal/arm64/KeychainAccess_const_extract_protocols.json

WriteAuxiliaryFile /Users/steipete/Library/Developer/Xcode/DerivedData/CodeLooper-crrddjihwjtfkwegrjrymctnfixv/Build/Intermediates.noindex/KeychainAccess.build/Debug/KeychainAccess.build/Objects-normal/arm64/KeychainAccess.SwiftFileList (in target 'KeychainAccess' from project 'KeychainAccess')
    cd /Users/steipete/Library/Developer/Xcode/DerivedData/CodeLooper-crrddjihwjtfkwegrjrymctnfixv/SourcePackages/checkouts/KeychainAccess
    write-file /Users/steipete/Library/Developer/Xcode/DerivedData/CodeLooper-crrddjihwjtfkwegrjrymctnfixv/Build/Intermediates.noindex/KeychainAccess.build/Debug/KeychainAccess.build/Objects-normal/arm64/KeychainAccess.SwiftFileList

Copy /Users/steipete/Library/Developer/Xcode/DerivedData/CodeLooper-crrddjihwjtfkwegrjrymctnfixv/Build/Intermediates.noindex/GeneratedModuleMaps/MenuBarExtraAccess.modulemap /Users/steipete/Library/Developer/Xcode/DerivedData/CodeLooper-crrddjihwjtfkwegrjrymctnfixv/Build/Intermediates.noindex/MenuBarExtraAccess.build/Debug/MenuBarExtraAccess.build/MenuBarExtraAccess.modulemap (in target 'MenuBarExtraAccess' from project 'MenuBarExtraAccess')
    cd /Users/steipete/Library/Developer/Xcode/DerivedData/CodeLooper-crrddjihwjtfkwegrjrymctnfixv/SourcePackages/checkouts/MenuBarExtraAccess
    builtin-copy -exclude .DS_Store -exclude CVS -exclude .svn -exclude .git -exclude .hg -resolve-src-symlinks /Users/steipete/Library/Developer/Xcode/DerivedData/CodeLooper-crrddjihwjtfkwegrjrymctnfixv/Build/Intermediates.noindex/MenuBarExtraAccess.build/Debug/MenuBarExtraAccess.build/MenuBarExtraAccess.modulemap /Users/steipete/Library/Developer/Xcode/DerivedData/CodeLooper-crrddjihwjtfkwegrjrymctnfixv/Build/Intermediates.noindex/GeneratedModuleMaps

WriteAuxiliaryFile /Users/steipete/Library/Developer/Xcode/DerivedData/CodeLooper-crrddjihwjtfkwegrjrymctnfixv/Build/Intermediates.noindex/KeychainAccess.build/Debug/KeychainAccess.build/Objects-normal/arm64/KeychainAccess.SwiftConstValuesFileList (in target 'KeychainAccess' from project 'KeychainAccess')
    cd /Users/steipete/Library/Developer/Xcode/DerivedData/CodeLooper-crrddjihwjtfkwegrjrymctnfixv/SourcePackages/checkouts/KeychainAccess
    write-file /Users/steipete/Library/Developer/Xcode/DerivedData/CodeLooper-crrddjihwjtfkwegrjrymctnfixv/Build/Intermediates.noindex/KeychainAccess.build/Debug/KeychainAccess.build/Objects-normal/arm64/KeychainAccess.SwiftConstValuesFileList

WriteAuxiliaryFile /Users/steipete/Library/Developer/Xcode/DerivedData/CodeLooper-crrddjihwjtfkwegrjrymctnfixv/Build/Intermediates.noindex/KeychainAccess.build/Debug/KeychainAccess.build/Objects-normal/arm64/KeychainAccess-OutputFileMap.json (in target 'KeychainAccess' from project 'KeychainAccess')
    cd /Users/steipete/Library/Developer/Xcode/DerivedData/CodeLooper-crrddjihwjtfkwegrjrymctnfixv/SourcePackages/checkouts/KeychainAccess
    write-file /Users/steipete/Library/Developer/Xcode/DerivedData/CodeLooper-crrddjihwjtfkwegrjrymctnfixv/Build/Intermediates.noindex/KeychainAccess.build/Debug/KeychainAccess.build/Objects-normal/arm64/KeychainAccess-OutputFileMap.json

WriteAuxiliaryFile /Users/steipete/Library/Developer/Xcode/DerivedData/CodeLooper-crrddjihwjtfkwegrjrymctnfixv/Build/Intermediates.noindex/KeychainAccess.build/Debug/KeychainAccess.build/Objects-normal/arm64/KeychainAccess.LinkFileList (in target 'KeychainAccess' from project 'KeychainAccess')
    cd /Users/steipete/Library/Developer/Xcode/DerivedData/CodeLooper-crrddjihwjtfkwegrjrymctnfixv/SourcePackages/checkouts/KeychainAccess
    write-file /Users/steipete/Library/Developer/Xcode/DerivedData/CodeLooper-crrddjihwjtfkwegrjrymctnfixv/Build/Intermediates.noindex/KeychainAccess.build/Debug/KeychainAccess.build/Objects-normal/arm64/KeychainAccess.LinkFileList

WriteAuxiliaryFile /Users/steipete/Library/Developer/Xcode/DerivedData/CodeLooper-crrddjihwjtfkwegrjrymctnfixv/Build/Intermediates.noindex/KeychainAccess.build/Debug/KeychainAccess.build/KeychainAccess.modulemap (in target 'KeychainAccess' from project 'KeychainAccess')
    cd /Users/steipete/Library/Developer/Xcode/DerivedData/CodeLooper-crrddjihwjtfkwegrjrymctnfixv/SourcePackages/checkouts/KeychainAccess
    write-file /Users/steipete/Library/Developer/Xcode/DerivedData/CodeLooper-crrddjihwjtfkwegrjrymctnfixv/Build/Intermediates.noindex/KeychainAccess.build/Debug/KeychainAccess.build/KeychainAccess.modulemap

WriteAuxiliaryFile /Users/steipete/Library/Developer/Xcode/DerivedData/CodeLooper-crrddjihwjtfkwegrjrymctnfixv/Build/Intermediates.noindex/KeychainAccess.build/Debug/KeychainAccess.build/KeychainAccess.DependencyStaticMetadataFileList (in target 'KeychainAccess' from project 'KeychainAccess')
    cd /Users/steipete/Library/Developer/Xcode/DerivedData/CodeLooper-crrddjihwjtfkwegrjrymctnfixv/SourcePackages/checkouts/KeychainAccess
    write-file /Users/steipete/Library/Developer/Xcode/DerivedData/CodeLooper-crrddjihwjtfkwegrjrymctnfixv/Build/Intermediates.noindex/KeychainAccess.build/Debug/KeychainAccess.build/KeychainAccess.DependencyStaticMetadataFileList

WriteAuxiliaryFile /Users/steipete/Library/Developer/Xcode/DerivedData/CodeLooper-crrddjihwjtfkwegrjrymctnfixv/Build/Intermediates.noindex/KeychainAccess.build/Debug/KeychainAccess.build/KeychainAccess.DependencyMetadataFileList (in target 'KeychainAccess' from project 'KeychainAccess')
    cd /Users/steipete/Library/Developer/Xcode/DerivedData/CodeLooper-crrddjihwjtfkwegrjrymctnfixv/SourcePackages/checkouts/KeychainAccess
    write-file /Users/steipete/Library/Developer/Xcode/DerivedData/CodeLooper-crrddjihwjtfkwegrjrymctnfixv/Build/Intermediates.noindex/KeychainAccess.build/Debug/KeychainAccess.build/KeychainAccess.DependencyMetadataFileList

WriteAuxiliaryFile /Users/steipete/Library/Developer/Xcode/DerivedData/CodeLooper-crrddjihwjtfkwegrjrymctnfixv/Build/Intermediates.noindex/KeyboardShortcuts.build/Debug/KeyboardShortcuts_KeyboardShortcuts.build/KeyboardShortcuts_KeyboardShortcuts.DependencyStaticMetadataFileList (in target 'KeyboardShortcuts_KeyboardShortcuts' from project 'KeyboardShortcuts')
    cd /Users/steipete/Library/Developer/Xcode/DerivedData/CodeLooper-crrddjihwjtfkwegrjrymctnfixv/SourcePackages/checkouts/KeyboardShortcuts
    write-file /Users/steipete/Library/Developer/Xcode/DerivedData/CodeLooper-crrddjihwjtfkwegrjrymctnfixv/Build/Intermediates.noindex/KeyboardShortcuts.build/Debug/KeyboardShortcuts_KeyboardShortcuts.build/KeyboardShortcuts_KeyboardShortcuts.DependencyStaticMetadataFileList

WriteAuxiliaryFile /Users/steipete/Library/Developer/Xcode/DerivedData/CodeLooper-crrddjihwjtfkwegrjrymctnfixv/Build/Intermediates.noindex/KeyboardShortcuts.build/Debug/KeyboardShortcuts_KeyboardShortcuts.build/empty-KeyboardShortcuts_KeyboardShortcuts.plist (in target 'KeyboardShortcuts_KeyboardShortcuts' from project 'KeyboardShortcuts')
    cd /Users/steipete/Library/Developer/Xcode/DerivedData/CodeLooper-crrddjihwjtfkwegrjrymctnfixv/SourcePackages/checkouts/KeyboardShortcuts
    write-file /Users/steipete/Library/Developer/Xcode/DerivedData/CodeLooper-crrddjihwjtfkwegrjrymctnfixv/Build/Intermediates.noindex/KeyboardShortcuts.build/Debug/KeyboardShortcuts_KeyboardShortcuts.build/empty-KeyboardShortcuts_KeyboardShortcuts.plist

WriteAuxiliaryFile /Users/steipete/Library/Developer/Xcode/DerivedData/CodeLooper-crrddjihwjtfkwegrjrymctnfixv/Build/Intermediates.noindex/KeyboardShortcuts.build/Debug/KeyboardShortcuts_KeyboardShortcuts.build/KeyboardShortcuts_KeyboardShortcuts.DependencyMetadataFileList (in target 'KeyboardShortcuts_KeyboardShortcuts' from project 'KeyboardShortcuts')
    cd /Users/steipete/Library/Developer/Xcode/DerivedData/CodeLooper-crrddjihwjtfkwegrjrymctnfixv/SourcePackages/checkouts/KeyboardShortcuts
    write-file /Users/steipete/Library/Developer/Xcode/DerivedData/CodeLooper-crrddjihwjtfkwegrjrymctnfixv/Build/Intermediates.noindex/KeyboardShortcuts.build/Debug/KeyboardShortcuts_KeyboardShortcuts.build/KeyboardShortcuts_KeyboardShortcuts.DependencyMetadataFileList

WriteAuxiliaryFile /Users/steipete/Library/Developer/Xcode/DerivedData/CodeLooper-crrddjihwjtfkwegrjrymctnfixv/Build/Intermediates.noindex/KeyboardShortcuts.build/Debug/KeyboardShortcuts.build/Objects-normal/arm64/KeyboardShortcuts_const_extract_protocols.json (in target 'KeyboardShortcuts' from project 'KeyboardShortcuts')
    cd /Users/steipete/Library/Developer/Xcode/DerivedData/CodeLooper-crrddjihwjtfkwegrjrymctnfixv/SourcePackages/checkouts/KeyboardShortcuts
    write-file /Users/steipete/Library/Developer/Xcode/DerivedData/CodeLooper-crrddjihwjtfkwegrjrymctnfixv/Build/Intermediates.noindex/KeyboardShortcuts.build/Debug/KeyboardShortcuts.build/Objects-normal/arm64/KeyboardShortcuts_const_extract_protocols.json

Copy /Users/steipete/Library/Developer/Xcode/DerivedData/CodeLooper-crrddjihwjtfkwegrjrymctnfixv/Build/Intermediates.noindex/GeneratedModuleMaps/Logging.modulemap /Users/steipete/Library/Developer/Xcode/DerivedData/CodeLooper-crrddjihwjtfkwegrjrymctnfixv/Build/Intermediates.noindex/swift-log.build/Debug/Logging.build/Logging.modulemap (in target 'Logging' from project 'swift-log')
    cd /Users/steipete/Library/Developer/Xcode/DerivedData/CodeLooper-crrddjihwjtfkwegrjrymctnfixv/SourcePackages/checkouts/swift-log
    builtin-copy -exclude .DS_Store -exclude CVS -exclude .svn -exclude .git -exclude .hg -resolve-src-symlinks /Users/steipete/Library/Developer/Xcode/DerivedData/CodeLooper-crrddjihwjtfkwegrjrymctnfixv/Build/Intermediates.noindex/swift-log.build/Debug/Logging.build/Logging.modulemap /Users/steipete/Library/Developer/Xcode/DerivedData/CodeLooper-crrddjihwjtfkwegrjrymctnfixv/Build/Intermediates.noindex/GeneratedModuleMaps

WriteAuxiliaryFile /Users/steipete/Library/Developer/Xcode/DerivedData/CodeLooper-crrddjihwjtfkwegrjrymctnfixv/Build/Intermediates.noindex/KeyboardShortcuts.build/Debug/KeyboardShortcuts.build/Objects-normal/arm64/KeyboardShortcuts.SwiftFileList (in target 'KeyboardShortcuts' from project 'KeyboardShortcuts')
    cd /Users/steipete/Library/Developer/Xcode/DerivedData/CodeLooper-crrddjihwjtfkwegrjrymctnfixv/SourcePackages/checkouts/KeyboardShortcuts
    write-file /Users/steipete/Library/Developer/Xcode/DerivedData/CodeLooper-crrddjihwjtfkwegrjrymctnfixv/Build/Intermediates.noindex/KeyboardShortcuts.build/Debug/KeyboardShortcuts.build/Objects-normal/arm64/KeyboardShortcuts.SwiftFileList

WriteAuxiliaryFile /Users/steipete/Library/Developer/Xcode/DerivedData/CodeLooper-crrddjihwjtfkwegrjrymctnfixv/Build/Intermediates.noindex/KeyboardShortcuts.build/Debug/KeyboardShortcuts.build/Objects-normal/arm64/KeyboardShortcuts.SwiftConstValuesFileList (in target 'KeyboardShortcuts' from project 'KeyboardShortcuts')
    cd /Users/steipete/Library/Developer/Xcode/DerivedData/CodeLooper-crrddjihwjtfkwegrjrymctnfixv/SourcePackages/checkouts/KeyboardShortcuts
    write-file /Users/steipete/Library/Developer/Xcode/DerivedData/CodeLooper-crrddjihwjtfkwegrjrymctnfixv/Build/Intermediates.noindex/KeyboardShortcuts.build/Debug/KeyboardShortcuts.build/Objects-normal/arm64/KeyboardShortcuts.SwiftConstValuesFileList

WriteAuxiliaryFile /Users/steipete/Library/Developer/Xcode/DerivedData/CodeLooper-crrddjihwjtfkwegrjrymctnfixv/Build/Intermediates.noindex/KeyboardShortcuts.build/Debug/KeyboardShortcuts.build/Objects-normal/arm64/KeyboardShortcuts.LinkFileList (in target 'KeyboardShortcuts' from project 'KeyboardShortcuts')
    cd /Users/steipete/Library/Developer/Xcode/DerivedData/CodeLooper-crrddjihwjtfkwegrjrymctnfixv/SourcePackages/checkouts/KeyboardShortcuts
    write-file /Users/steipete/Library/Developer/Xcode/DerivedData/CodeLooper-crrddjihwjtfkwegrjrymctnfixv/Build/Intermediates.noindex/KeyboardShortcuts.build/Debug/KeyboardShortcuts.build/Objects-normal/arm64/KeyboardShortcuts.LinkFileList

WriteAuxiliaryFile /Users/steipete/Library/Developer/Xcode/DerivedData/CodeLooper-crrddjihwjtfkwegrjrymctnfixv/Build/Intermediates.noindex/KeyboardShortcuts.build/Debug/KeyboardShortcuts.build/Objects-normal/arm64/KeyboardShortcuts-OutputFileMap.json (in target 'KeyboardShortcuts' from project 'KeyboardShortcuts')
    cd /Users/steipete/Library/Developer/Xcode/DerivedData/CodeLooper-crrddjihwjtfkwegrjrymctnfixv/SourcePackages/checkouts/KeyboardShortcuts
    write-file /Users/steipete/Library/Developer/Xcode/DerivedData/CodeLooper-crrddjihwjtfkwegrjrymctnfixv/Build/Intermediates.noindex/KeyboardShortcuts.build/Debug/KeyboardShortcuts.build/Objects-normal/arm64/KeyboardShortcuts-OutputFileMap.json

WriteAuxiliaryFile /Users/steipete/Library/Developer/Xcode/DerivedData/CodeLooper-crrddjihwjtfkwegrjrymctnfixv/Build/Intermediates.noindex/KeyboardShortcuts.build/Debug/KeyboardShortcuts.build/KeyboardShortcuts.modulemap (in target 'KeyboardShortcuts' from project 'KeyboardShortcuts')
    cd /Users/steipete/Library/Developer/Xcode/DerivedData/CodeLooper-crrddjihwjtfkwegrjrymctnfixv/SourcePackages/checkouts/KeyboardShortcuts
    write-file /Users/steipete/Library/Developer/Xcode/DerivedData/CodeLooper-crrddjihwjtfkwegrjrymctnfixv/Build/Intermediates.noindex/KeyboardShortcuts.build/Debug/KeyboardShortcuts.build/KeyboardShortcuts.modulemap

WriteAuxiliaryFile /Users/steipete/Library/Developer/Xcode/DerivedData/CodeLooper-crrddjihwjtfkwegrjrymctnfixv/Build/Intermediates.noindex/KeyboardShortcuts.build/Debug/KeyboardShortcuts.build/KeyboardShortcuts.DependencyStaticMetadataFileList (in target 'KeyboardShortcuts' from project 'KeyboardShortcuts')
    cd /Users/steipete/Library/Developer/Xcode/DerivedData/CodeLooper-crrddjihwjtfkwegrjrymctnfixv/SourcePackages/checkouts/KeyboardShortcuts
    write-file /Users/steipete/Library/Developer/Xcode/DerivedData/CodeLooper-crrddjihwjtfkwegrjrymctnfixv/Build/Intermediates.noindex/KeyboardShortcuts.build/Debug/KeyboardShortcuts.build/KeyboardShortcuts.DependencyStaticMetadataFileList

WriteAuxiliaryFile /Users/steipete/Library/Developer/Xcode/DerivedData/CodeLooper-crrddjihwjtfkwegrjrymctnfixv/Build/Intermediates.noindex/KeyboardShortcuts.build/Debug/KeyboardShortcuts.build/KeyboardShortcuts.DependencyMetadataFileList (in target 'KeyboardShortcuts' from project 'KeyboardShortcuts')
    cd /Users/steipete/Library/Developer/Xcode/DerivedData/CodeLooper-crrddjihwjtfkwegrjrymctnfixv/SourcePackages/checkouts/KeyboardShortcuts
    write-file /Users/steipete/Library/Developer/Xcode/DerivedData/CodeLooper-crrddjihwjtfkwegrjrymctnfixv/Build/Intermediates.noindex/KeyboardShortcuts.build/Debug/KeyboardShortcuts.build/KeyboardShortcuts.DependencyMetadataFileList

WriteAuxiliaryFile /Users/steipete/Library/Developer/Xcode/DerivedData/CodeLooper-crrddjihwjtfkwegrjrymctnfixv/Build/Intermediates.noindex/KeyboardShortcuts.build/Debug/KeyboardShortcuts.build/DerivedSources/resource_bundle_accessor.swift (in target 'KeyboardShortcuts' from project 'KeyboardShortcuts')
    cd /Users/steipete/Library/Developer/Xcode/DerivedData/CodeLooper-crrddjihwjtfkwegrjrymctnfixv/SourcePackages/checkouts/KeyboardShortcuts
    write-file /Users/steipete/Library/Developer/Xcode/DerivedData/CodeLooper-crrddjihwjtfkwegrjrymctnfixv/Build/Intermediates.noindex/KeyboardShortcuts.build/Debug/KeyboardShortcuts.build/DerivedSources/resource_bundle_accessor.swift

Copy /Users/steipete/Library/Developer/Xcode/DerivedData/CodeLooper-crrddjihwjtfkwegrjrymctnfixv/Build/Intermediates.noindex/GeneratedModuleMaps/KeychainAccess.modulemap /Users/steipete/Library/Developer/Xcode/DerivedData/CodeLooper-crrddjihwjtfkwegrjrymctnfixv/Build/Intermediates.noindex/KeychainAccess.build/Debug/KeychainAccess.build/KeychainAccess.modulemap (in target 'KeychainAccess' from project 'KeychainAccess')
    cd /Users/steipete/Library/Developer/Xcode/DerivedData/CodeLooper-crrddjihwjtfkwegrjrymctnfixv/SourcePackages/checkouts/KeychainAccess
    builtin-copy -exclude .DS_Store -exclude CVS -exclude .svn -exclude .git -exclude .hg -resolve-src-symlinks /Users/steipete/Library/Developer/Xcode/DerivedData/CodeLooper-crrddjihwjtfkwegrjrymctnfixv/Build/Intermediates.noindex/KeychainAccess.build/Debug/KeychainAccess.build/KeychainAccess.modulemap /Users/steipete/Library/Developer/Xcode/DerivedData/CodeLooper-crrddjihwjtfkwegrjrymctnfixv/Build/Intermediates.noindex/GeneratedModuleMaps

WriteAuxiliaryFile /Users/steipete/Library/Developer/Xcode/DerivedData/CodeLooper-crrddjihwjtfkwegrjrymctnfixv/Build/Intermediates.noindex/swift-collections.build/Debug/InternalCollectionsUtilities.build/Objects-normal/arm64/InternalCollectionsUtilities.SwiftConstValuesFileList (in target 'InternalCollectionsUtilities' from project 'swift-collections')
    cd /Users/steipete/Library/Developer/Xcode/DerivedData/CodeLooper-crrddjihwjtfkwegrjrymctnfixv/SourcePackages/checkouts/swift-collections
    write-file /Users/steipete/Library/Developer/Xcode/DerivedData/CodeLooper-crrddjihwjtfkwegrjrymctnfixv/Build/Intermediates.noindex/swift-collections.build/Debug/InternalCollectionsUtilities.build/Objects-normal/arm64/InternalCollectionsUtilities.SwiftConstValuesFileList

WriteAuxiliaryFile /Users/steipete/Library/Developer/Xcode/DerivedData/CodeLooper-crrddjihwjtfkwegrjrymctnfixv/Build/Intermediates.noindex/swift-collections.build/Debug/InternalCollectionsUtilities.build/Objects-normal/arm64/InternalCollectionsUtilities_const_extract_protocols.json (in target 'InternalCollectionsUtilities' from project 'swift-collections')
    cd /Users/steipete/Library/Developer/Xcode/DerivedData/CodeLooper-crrddjihwjtfkwegrjrymctnfixv/SourcePackages/checkouts/swift-collections
    write-file /Users/steipete/Library/Developer/Xcode/DerivedData/CodeLooper-crrddjihwjtfkwegrjrymctnfixv/Build/Intermediates.noindex/swift-collections.build/Debug/InternalCollectionsUtilities.build/Objects-normal/arm64/InternalCollectionsUtilities_const_extract_protocols.json

WriteAuxiliaryFile /Users/steipete/Library/Developer/Xcode/DerivedData/CodeLooper-crrddjihwjtfkwegrjrymctnfixv/Build/Intermediates.noindex/swift-collections.build/Debug/InternalCollectionsUtilities.build/Objects-normal/arm64/InternalCollectionsUtilities.SwiftFileList (in target 'InternalCollectionsUtilities' from project 'swift-collections')
    cd /Users/steipete/Library/Developer/Xcode/DerivedData/CodeLooper-crrddjihwjtfkwegrjrymctnfixv/SourcePackages/checkouts/swift-collections
    write-file /Users/steipete/Library/Developer/Xcode/DerivedData/CodeLooper-crrddjihwjtfkwegrjrymctnfixv/Build/Intermediates.noindex/swift-collections.build/Debug/InternalCollectionsUtilities.build/Objects-normal/arm64/InternalCollectionsUtilities.SwiftFileList

WriteAuxiliaryFile /Users/steipete/Library/Developer/Xcode/DerivedData/CodeLooper-crrddjihwjtfkwegrjrymctnfixv/Build/Intermediates.noindex/swift-collections.build/Debug/InternalCollectionsUtilities.build/Objects-normal/arm64/InternalCollectionsUtilities.LinkFileList (in target 'InternalCollectionsUtilities' from project 'swift-collections')
    cd /Users/steipete/Library/Developer/Xcode/DerivedData/CodeLooper-crrddjihwjtfkwegrjrymctnfixv/SourcePackages/checkouts/swift-collections
    write-file /Users/steipete/Library/Developer/Xcode/DerivedData/CodeLooper-crrddjihwjtfkwegrjrymctnfixv/Build/Intermediates.noindex/swift-collections.build/Debug/InternalCollectionsUtilities.build/Objects-normal/arm64/InternalCollectionsUtilities.LinkFileList

WriteAuxiliaryFile /Users/steipete/Library/Developer/Xcode/DerivedData/CodeLooper-crrddjihwjtfkwegrjrymctnfixv/Build/Intermediates.noindex/swift-collections.build/Debug/InternalCollectionsUtilities.build/Objects-normal/arm64/InternalCollectionsUtilities-OutputFileMap.json (in target 'InternalCollectionsUtilities' from project 'swift-collections')
    cd /Users/steipete/Library/Developer/Xcode/DerivedData/CodeLooper-crrddjihwjtfkwegrjrymctnfixv/SourcePackages/checkouts/swift-collections
    write-file /Users/steipete/Library/Developer/Xcode/DerivedData/CodeLooper-crrddjihwjtfkwegrjrymctnfixv/Build/Intermediates.noindex/swift-collections.build/Debug/InternalCollectionsUtilities.build/Objects-normal/arm64/InternalCollectionsUtilities-OutputFileMap.json

WriteAuxiliaryFile /Users/steipete/Library/Developer/Xcode/DerivedData/CodeLooper-crrddjihwjtfkwegrjrymctnfixv/Build/Intermediates.noindex/swift-collections.build/Debug/InternalCollectionsUtilities.build/InternalCollectionsUtilities.modulemap (in target 'InternalCollectionsUtilities' from project 'swift-collections')
    cd /Users/steipete/Library/Developer/Xcode/DerivedData/CodeLooper-crrddjihwjtfkwegrjrymctnfixv/SourcePackages/checkouts/swift-collections
    write-file /Users/steipete/Library/Developer/Xcode/DerivedData/CodeLooper-crrddjihwjtfkwegrjrymctnfixv/Build/Intermediates.noindex/swift-collections.build/Debug/InternalCollectionsUtilities.build/InternalCollectionsUtilities.modulemap

WriteAuxiliaryFile /Users/steipete/Library/Developer/Xcode/DerivedData/CodeLooper-crrddjihwjtfkwegrjrymctnfixv/Build/Intermediates.noindex/swift-collections.build/Debug/InternalCollectionsUtilities.build/InternalCollectionsUtilities.DependencyStaticMetadataFileList (in target 'InternalCollectionsUtilities' from project 'swift-collections')
    cd /Users/steipete/Library/Developer/Xcode/DerivedData/CodeLooper-crrddjihwjtfkwegrjrymctnfixv/SourcePackages/checkouts/swift-collections
    write-file /Users/steipete/Library/Developer/Xcode/DerivedData/CodeLooper-crrddjihwjtfkwegrjrymctnfixv/Build/Intermediates.noindex/swift-collections.build/Debug/InternalCollectionsUtilities.build/InternalCollectionsUtilities.DependencyStaticMetadataFileList

WriteAuxiliaryFile /Users/steipete/Library/Developer/Xcode/DerivedData/CodeLooper-crrddjihwjtfkwegrjrymctnfixv/Build/Intermediates.noindex/swift-collections.build/Debug/InternalCollectionsUtilities.build/InternalCollectionsUtilities.DependencyMetadataFileList (in target 'InternalCollectionsUtilities' from project 'swift-collections')
    cd /Users/steipete/Library/Developer/Xcode/DerivedData/CodeLooper-crrddjihwjtfkwegrjrymctnfixv/SourcePackages/checkouts/swift-collections
    write-file /Users/steipete/Library/Developer/Xcode/DerivedData/CodeLooper-crrddjihwjtfkwegrjrymctnfixv/Build/Intermediates.noindex/swift-collections.build/Debug/InternalCollectionsUtilities.build/InternalCollectionsUtilities.DependencyMetadataFileList

WriteAuxiliaryFile /Users/steipete/Library/Developer/Xcode/DerivedData/CodeLooper-crrddjihwjtfkwegrjrymctnfixv/Build/Intermediates.noindex/swift-distributed-tracing.build/Debug/Instrumentation.build/Objects-normal/arm64/Instrumentation_const_extract_protocols.json (in target 'Instrumentation' from project 'swift-distributed-tracing')
    cd /Users/steipete/Library/Developer/Xcode/DerivedData/CodeLooper-crrddjihwjtfkwegrjrymctnfixv/SourcePackages/checkouts/swift-distributed-tracing
    write-file /Users/steipete/Library/Developer/Xcode/DerivedData/CodeLooper-crrddjihwjtfkwegrjrymctnfixv/Build/Intermediates.noindex/swift-distributed-tracing.build/Debug/Instrumentation.build/Objects-normal/arm64/Instrumentation_const_extract_protocols.json

WriteAuxiliaryFile /Users/steipete/Library/Developer/Xcode/DerivedData/CodeLooper-crrddjihwjtfkwegrjrymctnfixv/Build/Intermediates.noindex/swift-distributed-tracing.build/Debug/Instrumentation.build/Objects-normal/arm64/Instrumentation.SwiftFileList (in target 'Instrumentation' from project 'swift-distributed-tracing')
    cd /Users/steipete/Library/Developer/Xcode/DerivedData/CodeLooper-crrddjihwjtfkwegrjrymctnfixv/SourcePackages/checkouts/swift-distributed-tracing
    write-file /Users/steipete/Library/Developer/Xcode/DerivedData/CodeLooper-crrddjihwjtfkwegrjrymctnfixv/Build/Intermediates.noindex/swift-distributed-tracing.build/Debug/Instrumentation.build/Objects-normal/arm64/Instrumentation.SwiftFileList

WriteAuxiliaryFile /Users/steipete/Library/Developer/Xcode/DerivedData/CodeLooper-crrddjihwjtfkwegrjrymctnfixv/Build/Intermediates.noindex/swift-distributed-tracing.build/Debug/Instrumentation.build/Objects-normal/arm64/Instrumentation.SwiftConstValuesFileList (in target 'Instrumentation' from project 'swift-distributed-tracing')
    cd /Users/steipete/Library/Developer/Xcode/DerivedData/CodeLooper-crrddjihwjtfkwegrjrymctnfixv/SourcePackages/checkouts/swift-distributed-tracing
    write-file /Users/steipete/Library/Developer/Xcode/DerivedData/CodeLooper-crrddjihwjtfkwegrjrymctnfixv/Build/Intermediates.noindex/swift-distributed-tracing.build/Debug/Instrumentation.build/Objects-normal/arm64/Instrumentation.SwiftConstValuesFileList

Copy /Users/steipete/Library/Developer/Xcode/DerivedData/CodeLooper-crrddjihwjtfkwegrjrymctnfixv/Build/Intermediates.noindex/GeneratedModuleMaps/KeyboardShortcuts.modulemap /Users/steipete/Library/Developer/Xcode/DerivedData/CodeLooper-crrddjihwjtfkwegrjrymctnfixv/Build/Intermediates.noindex/KeyboardShortcuts.build/Debug/KeyboardShortcuts.build/KeyboardShortcuts.modulemap (in target 'KeyboardShortcuts' from project 'KeyboardShortcuts')
    cd /Users/steipete/Library/Developer/Xcode/DerivedData/CodeLooper-crrddjihwjtfkwegrjrymctnfixv/SourcePackages/checkouts/KeyboardShortcuts
    builtin-copy -exclude .DS_Store -exclude CVS -exclude .svn -exclude .git -exclude .hg -resolve-src-symlinks /Users/steipete/Library/Developer/Xcode/DerivedData/CodeLooper-crrddjihwjtfkwegrjrymctnfixv/Build/Intermediates.noindex/KeyboardShortcuts.build/Debug/KeyboardShortcuts.build/KeyboardShortcuts.modulemap /Users/steipete/Library/Developer/Xcode/DerivedData/CodeLooper-crrddjihwjtfkwegrjrymctnfixv/Build/Intermediates.noindex/GeneratedModuleMaps

WriteAuxiliaryFile /Users/steipete/Library/Developer/Xcode/DerivedData/CodeLooper-crrddjihwjtfkwegrjrymctnfixv/Build/Intermediates.noindex/swift-distributed-tracing.build/Debug/Instrumentation.build/Objects-normal/arm64/Instrumentation.LinkFileList (in target 'Instrumentation' from project 'swift-distributed-tracing')
    cd /Users/steipete/Library/Developer/Xcode/DerivedData/CodeLooper-crrddjihwjtfkwegrjrymctnfixv/SourcePackages/checkouts/swift-distributed-tracing
    write-file /Users/steipete/Library/Developer/Xcode/DerivedData/CodeLooper-crrddjihwjtfkwegrjrymctnfixv/Build/Intermediates.noindex/swift-distributed-tracing.build/Debug/Instrumentation.build/Objects-normal/arm64/Instrumentation.LinkFileList

WriteAuxiliaryFile /Users/steipete/Library/Developer/Xcode/DerivedData/CodeLooper-crrddjihwjtfkwegrjrymctnfixv/Build/Intermediates.noindex/swift-distributed-tracing.build/Debug/Instrumentation.build/Objects-normal/arm64/Instrumentation-OutputFileMap.json (in target 'Instrumentation' from project 'swift-distributed-tracing')
    cd /Users/steipete/Library/Developer/Xcode/DerivedData/CodeLooper-crrddjihwjtfkwegrjrymctnfixv/SourcePackages/checkouts/swift-distributed-tracing
    write-file /Users/steipete/Library/Developer/Xcode/DerivedData/CodeLooper-crrddjihwjtfkwegrjrymctnfixv/Build/Intermediates.noindex/swift-distributed-tracing.build/Debug/Instrumentation.build/Objects-normal/arm64/Instrumentation-OutputFileMap.json

WriteAuxiliaryFile /Users/steipete/Library/Developer/Xcode/DerivedData/CodeLooper-crrddjihwjtfkwegrjrymctnfixv/Build/Intermediates.noindex/swift-distributed-tracing.build/Debug/Instrumentation.build/Instrumentation.DependencyStaticMetadataFileList (in target 'Instrumentation' from project 'swift-distributed-tracing')
    cd /Users/steipete/Library/Developer/Xcode/DerivedData/CodeLooper-crrddjihwjtfkwegrjrymctnfixv/SourcePackages/checkouts/swift-distributed-tracing
    write-file /Users/steipete/Library/Developer/Xcode/DerivedData/CodeLooper-crrddjihwjtfkwegrjrymctnfixv/Build/Intermediates.noindex/swift-distributed-tracing.build/Debug/Instrumentation.build/Instrumentation.DependencyStaticMetadataFileList

WriteAuxiliaryFile /Users/steipete/Library/Developer/Xcode/DerivedData/CodeLooper-crrddjihwjtfkwegrjrymctnfixv/Build/Intermediates.noindex/swift-distributed-tracing.build/Debug/Instrumentation.build/Instrumentation.modulemap (in target 'Instrumentation' from project 'swift-distributed-tracing')
    cd /Users/steipete/Library/Developer/Xcode/DerivedData/CodeLooper-crrddjihwjtfkwegrjrymctnfixv/SourcePackages/checkouts/swift-distributed-tracing
    write-file /Users/steipete/Library/Developer/Xcode/DerivedData/CodeLooper-crrddjihwjtfkwegrjrymctnfixv/Build/Intermediates.noindex/swift-distributed-tracing.build/Debug/Instrumentation.build/Instrumentation.modulemap

WriteAuxiliaryFile /Users/steipete/Library/Developer/Xcode/DerivedData/CodeLooper-crrddjihwjtfkwegrjrymctnfixv/Build/Intermediates.noindex/swift-distributed-tracing.build/Debug/Instrumentation.build/Instrumentation.DependencyMetadataFileList (in target 'Instrumentation' from project 'swift-distributed-tracing')
    cd /Users/steipete/Library/Developer/Xcode/DerivedData/CodeLooper-crrddjihwjtfkwegrjrymctnfixv/SourcePackages/checkouts/swift-distributed-tracing
    write-file /Users/steipete/Library/Developer/Xcode/DerivedData/CodeLooper-crrddjihwjtfkwegrjrymctnfixv/Build/Intermediates.noindex/swift-distributed-tracing.build/Debug/Instrumentation.build/Instrumentation.DependencyMetadataFileList

WriteAuxiliaryFile /Users/steipete/Library/Developer/Xcode/DerivedData/CodeLooper-crrddjihwjtfkwegrjrymctnfixv/Build/Intermediates.noindex/hummingbird.build/Debug/HummingbirdCore.build/Objects-normal/arm64/HummingbirdCore.SwiftFileList (in target 'HummingbirdCore' from project 'hummingbird')
    cd /Users/steipete/Library/Developer/Xcode/DerivedData/CodeLooper-crrddjihwjtfkwegrjrymctnfixv/SourcePackages/checkouts/hummingbird
    write-file /Users/steipete/Library/Developer/Xcode/DerivedData/CodeLooper-crrddjihwjtfkwegrjrymctnfixv/Build/Intermediates.noindex/hummingbird.build/Debug/HummingbirdCore.build/Objects-normal/arm64/HummingbirdCore.SwiftFileList

WriteAuxiliaryFile /Users/steipete/Library/Developer/Xcode/DerivedData/CodeLooper-crrddjihwjtfkwegrjrymctnfixv/Build/Intermediates.noindex/hummingbird.build/Debug/HummingbirdCore.build/Objects-normal/arm64/HummingbirdCore_const_extract_protocols.json (in target 'HummingbirdCore' from project 'hummingbird')
    cd /Users/steipete/Library/Developer/Xcode/DerivedData/CodeLooper-crrddjihwjtfkwegrjrymctnfixv/SourcePackages/checkouts/hummingbird
    write-file /Users/steipete/Library/Developer/Xcode/DerivedData/CodeLooper-crrddjihwjtfkwegrjrymctnfixv/Build/Intermediates.noindex/hummingbird.build/Debug/HummingbirdCore.build/Objects-normal/arm64/HummingbirdCore_const_extract_protocols.json

WriteAuxiliaryFile /Users/steipete/Library/Developer/Xcode/DerivedData/CodeLooper-crrddjihwjtfkwegrjrymctnfixv/Build/Intermediates.noindex/hummingbird.build/Debug/HummingbirdCore.build/Objects-normal/arm64/HummingbirdCore.SwiftConstValuesFileList (in target 'HummingbirdCore' from project 'hummingbird')
    cd /Users/steipete/Library/Developer/Xcode/DerivedData/CodeLooper-crrddjihwjtfkwegrjrymctnfixv/SourcePackages/checkouts/hummingbird
    write-file /Users/steipete/Library/Developer/Xcode/DerivedData/CodeLooper-crrddjihwjtfkwegrjrymctnfixv/Build/Intermediates.noindex/hummingbird.build/Debug/HummingbirdCore.build/Objects-normal/arm64/HummingbirdCore.SwiftConstValuesFileList

WriteAuxiliaryFile /Users/steipete/Library/Developer/Xcode/DerivedData/CodeLooper-crrddjihwjtfkwegrjrymctnfixv/Build/Intermediates.noindex/hummingbird.build/Debug/HummingbirdCore.build/Objects-normal/arm64/HummingbirdCore.LinkFileList (in target 'HummingbirdCore' from project 'hummingbird')
    cd /Users/steipete/Library/Developer/Xcode/DerivedData/CodeLooper-crrddjihwjtfkwegrjrymctnfixv/SourcePackages/checkouts/hummingbird
    write-file /Users/steipete/Library/Developer/Xcode/DerivedData/CodeLooper-crrddjihwjtfkwegrjrymctnfixv/Build/Intermediates.noindex/hummingbird.build/Debug/HummingbirdCore.build/Objects-normal/arm64/HummingbirdCore.LinkFileList

WriteAuxiliaryFile /Users/steipete/Library/Developer/Xcode/DerivedData/CodeLooper-crrddjihwjtfkwegrjrymctnfixv/Build/Intermediates.noindex/hummingbird.build/Debug/HummingbirdCore.build/Objects-normal/arm64/HummingbirdCore-OutputFileMap.json (in target 'HummingbirdCore' from project 'hummingbird')
    cd /Users/steipete/Library/Developer/Xcode/DerivedData/CodeLooper-crrddjihwjtfkwegrjrymctnfixv/SourcePackages/checkouts/hummingbird
    write-file /Users/steipete/Library/Developer/Xcode/DerivedData/CodeLooper-crrddjihwjtfkwegrjrymctnfixv/Build/Intermediates.noindex/hummingbird.build/Debug/HummingbirdCore.build/Objects-normal/arm64/HummingbirdCore-OutputFileMap.json

WriteAuxiliaryFile /Users/steipete/Library/Developer/Xcode/DerivedData/CodeLooper-crrddjihwjtfkwegrjrymctnfixv/Build/Intermediates.noindex/hummingbird.build/Debug/HummingbirdCore.build/HummingbirdCore.modulemap (in target 'HummingbirdCore' from project 'hummingbird')
    cd /Users/steipete/Library/Developer/Xcode/DerivedData/CodeLooper-crrddjihwjtfkwegrjrymctnfixv/SourcePackages/checkouts/hummingbird
    write-file /Users/steipete/Library/Developer/Xcode/DerivedData/CodeLooper-crrddjihwjtfkwegrjrymctnfixv/Build/Intermediates.noindex/hummingbird.build/Debug/HummingbirdCore.build/HummingbirdCore.modulemap

Copy /Users/steipete/Library/Developer/Xcode/DerivedData/CodeLooper-crrddjihwjtfkwegrjrymctnfixv/Build/Intermediates.noindex/GeneratedModuleMaps/InternalCollectionsUtilities.modulemap /Users/steipete/Library/Developer/Xcode/DerivedData/CodeLooper-crrddjihwjtfkwegrjrymctnfixv/Build/Intermediates.noindex/swift-collections.build/Debug/InternalCollectionsUtilities.build/InternalCollectionsUtilities.modulemap (in target 'InternalCollectionsUtilities' from project 'swift-collections')
    cd /Users/steipete/Library/Developer/Xcode/DerivedData/CodeLooper-crrddjihwjtfkwegrjrymctnfixv/SourcePackages/checkouts/swift-collections
    builtin-copy -exclude .DS_Store -exclude CVS -exclude .svn -exclude .git -exclude .hg -resolve-src-symlinks /Users/steipete/Library/Developer/Xcode/DerivedData/CodeLooper-crrddjihwjtfkwegrjrymctnfixv/Build/Intermediates.noindex/swift-collections.build/Debug/InternalCollectionsUtilities.build/InternalCollectionsUtilities.modulemap /Users/steipete/Library/Developer/Xcode/DerivedData/CodeLooper-crrddjihwjtfkwegrjrymctnfixv/Build/Intermediates.noindex/GeneratedModuleMaps

WriteAuxiliaryFile /Users/steipete/Library/Developer/Xcode/DerivedData/CodeLooper-crrddjihwjtfkwegrjrymctnfixv/Build/Intermediates.noindex/hummingbird.build/Debug/HummingbirdCore.build/HummingbirdCore.DependencyMetadataFileList (in target 'HummingbirdCore' from project 'hummingbird')
    cd /Users/steipete/Library/Developer/Xcode/DerivedData/CodeLooper-crrddjihwjtfkwegrjrymctnfixv/SourcePackages/checkouts/hummingbird
    write-file /Users/steipete/Library/Developer/Xcode/DerivedData/CodeLooper-crrddjihwjtfkwegrjrymctnfixv/Build/Intermediates.noindex/hummingbird.build/Debug/HummingbirdCore.build/HummingbirdCore.DependencyMetadataFileList

WriteAuxiliaryFile /Users/steipete/Library/Developer/Xcode/DerivedData/CodeLooper-crrddjihwjtfkwegrjrymctnfixv/Build/Intermediates.noindex/hummingbird.build/Debug/HummingbirdCore.build/HummingbirdCore.DependencyStaticMetadataFileList (in target 'HummingbirdCore' from project 'hummingbird')
    cd /Users/steipete/Library/Developer/Xcode/DerivedData/CodeLooper-crrddjihwjtfkwegrjrymctnfixv/SourcePackages/checkouts/hummingbird
    write-file /Users/steipete/Library/Developer/Xcode/DerivedData/CodeLooper-crrddjihwjtfkwegrjrymctnfixv/Build/Intermediates.noindex/hummingbird.build/Debug/HummingbirdCore.build/HummingbirdCore.DependencyStaticMetadataFileList

WriteAuxiliaryFile /Users/steipete/Library/Developer/Xcode/DerivedData/CodeLooper-crrddjihwjtfkwegrjrymctnfixv/Build/Intermediates.noindex/hummingbird.build/Debug/Hummingbird.build/Objects-normal/arm64/Hummingbird_const_extract_protocols.json (in target 'Hummingbird' from project 'hummingbird')
    cd /Users/steipete/Library/Developer/Xcode/DerivedData/CodeLooper-crrddjihwjtfkwegrjrymctnfixv/SourcePackages/checkouts/hummingbird
    write-file /Users/steipete/Library/Developer/Xcode/DerivedData/CodeLooper-crrddjihwjtfkwegrjrymctnfixv/Build/Intermediates.noindex/hummingbird.build/Debug/Hummingbird.build/Objects-normal/arm64/Hummingbird_const_extract_protocols.json

WriteAuxiliaryFile /Users/steipete/Library/Developer/Xcode/DerivedData/CodeLooper-crrddjihwjtfkwegrjrymctnfixv/Build/Intermediates.noindex/hummingbird.build/Debug/Hummingbird.build/Objects-normal/arm64/Hummingbird.SwiftConstValuesFileList (in target 'Hummingbird' from project 'hummingbird')
    cd /Users/steipete/Library/Developer/Xcode/DerivedData/CodeLooper-crrddjihwjtfkwegrjrymctnfixv/SourcePackages/checkouts/hummingbird
    write-file /Users/steipete/Library/Developer/Xcode/DerivedData/CodeLooper-crrddjihwjtfkwegrjrymctnfixv/Build/Intermediates.noindex/hummingbird.build/Debug/Hummingbird.build/Objects-normal/arm64/Hummingbird.SwiftConstValuesFileList

WriteAuxiliaryFile /Users/steipete/Library/Developer/Xcode/DerivedData/CodeLooper-crrddjihwjtfkwegrjrymctnfixv/Build/Intermediates.noindex/hummingbird.build/Debug/Hummingbird.build/Objects-normal/arm64/Hummingbird.SwiftFileList (in target 'Hummingbird' from project 'hummingbird')
    cd /Users/steipete/Library/Developer/Xcode/DerivedData/CodeLooper-crrddjihwjtfkwegrjrymctnfixv/SourcePackages/checkouts/hummingbird
    write-file /Users/steipete/Library/Developer/Xcode/DerivedData/CodeLooper-crrddjihwjtfkwegrjrymctnfixv/Build/Intermediates.noindex/hummingbird.build/Debug/Hummingbird.build/Objects-normal/arm64/Hummingbird.SwiftFileList

WriteAuxiliaryFile /Users/steipete/Library/Developer/Xcode/DerivedData/CodeLooper-crrddjihwjtfkwegrjrymctnfixv/Build/Intermediates.noindex/hummingbird.build/Debug/Hummingbird.build/Objects-normal/arm64/Hummingbird.LinkFileList (in target 'Hummingbird' from project 'hummingbird')
    cd /Users/steipete/Library/Developer/Xcode/DerivedData/CodeLooper-crrddjihwjtfkwegrjrymctnfixv/SourcePackages/checkouts/hummingbird
    write-file /Users/steipete/Library/Developer/Xcode/DerivedData/CodeLooper-crrddjihwjtfkwegrjrymctnfixv/Build/Intermediates.noindex/hummingbird.build/Debug/Hummingbird.build/Objects-normal/arm64/Hummingbird.LinkFileList

WriteAuxiliaryFile /Users/steipete/Library/Developer/Xcode/DerivedData/CodeLooper-crrddjihwjtfkwegrjrymctnfixv/Build/Intermediates.noindex/hummingbird.build/Debug/Hummingbird.build/Objects-normal/arm64/Hummingbird-OutputFileMap.json (in target 'Hummingbird' from project 'hummingbird')
    cd /Users/steipete/Library/Developer/Xcode/DerivedData/CodeLooper-crrddjihwjtfkwegrjrymctnfixv/SourcePackages/checkouts/hummingbird
    write-file /Users/steipete/Library/Developer/Xcode/DerivedData/CodeLooper-crrddjihwjtfkwegrjrymctnfixv/Build/Intermediates.noindex/hummingbird.build/Debug/Hummingbird.build/Objects-normal/arm64/Hummingbird-OutputFileMap.json

Copy /Users/steipete/Library/Developer/Xcode/DerivedData/CodeLooper-crrddjihwjtfkwegrjrymctnfixv/Build/Intermediates.noindex/GeneratedModuleMaps/Instrumentation.modulemap /Users/steipete/Library/Developer/Xcode/DerivedData/CodeLooper-crrddjihwjtfkwegrjrymctnfixv/Build/Intermediates.noindex/swift-distributed-tracing.build/Debug/Instrumentation.build/Instrumentation.modulemap (in target 'Instrumentation' from project 'swift-distributed-tracing')
    cd /Users/steipete/Library/Developer/Xcode/DerivedData/CodeLooper-crrddjihwjtfkwegrjrymctnfixv/SourcePackages/checkouts/swift-distributed-tracing
    builtin-copy -exclude .DS_Store -exclude CVS -exclude .svn -exclude .git -exclude .hg -resolve-src-symlinks /Users/steipete/Library/Developer/Xcode/DerivedData/CodeLooper-crrddjihwjtfkwegrjrymctnfixv/Build/Intermediates.noindex/swift-distributed-tracing.build/Debug/Instrumentation.build/Instrumentation.modulemap /Users/steipete/Library/Developer/Xcode/DerivedData/CodeLooper-crrddjihwjtfkwegrjrymctnfixv/Build/Intermediates.noindex/GeneratedModuleMaps

WriteAuxiliaryFile /Users/steipete/Library/Developer/Xcode/DerivedData/CodeLooper-crrddjihwjtfkwegrjrymctnfixv/Build/Intermediates.noindex/hummingbird.build/Debug/Hummingbird.build/Hummingbird.DependencyStaticMetadataFileList (in target 'Hummingbird' from project 'hummingbird')
    cd /Users/steipete/Library/Developer/Xcode/DerivedData/CodeLooper-crrddjihwjtfkwegrjrymctnfixv/SourcePackages/checkouts/hummingbird
    write-file /Users/steipete/Library/Developer/Xcode/DerivedData/CodeLooper-crrddjihwjtfkwegrjrymctnfixv/Build/Intermediates.noindex/hummingbird.build/Debug/Hummingbird.build/Hummingbird.DependencyStaticMetadataFileList

WriteAuxiliaryFile /Users/steipete/Library/Developer/Xcode/DerivedData/CodeLooper-crrddjihwjtfkwegrjrymctnfixv/Build/Intermediates.noindex/hummingbird.build/Debug/Hummingbird.build/Hummingbird.modulemap (in target 'Hummingbird' from project 'hummingbird')
    cd /Users/steipete/Library/Developer/Xcode/DerivedData/CodeLooper-crrddjihwjtfkwegrjrymctnfixv/SourcePackages/checkouts/hummingbird
    write-file /Users/steipete/Library/Developer/Xcode/DerivedData/CodeLooper-crrddjihwjtfkwegrjrymctnfixv/Build/Intermediates.noindex/hummingbird.build/Debug/Hummingbird.build/Hummingbird.modulemap

WriteAuxiliaryFile /Users/steipete/Library/Developer/Xcode/DerivedData/CodeLooper-crrddjihwjtfkwegrjrymctnfixv/Build/Intermediates.noindex/hummingbird.build/Debug/Hummingbird.build/Hummingbird.DependencyMetadataFileList (in target 'Hummingbird' from project 'hummingbird')
    cd /Users/steipete/Library/Developer/Xcode/DerivedData/CodeLooper-crrddjihwjtfkwegrjrymctnfixv/SourcePackages/checkouts/hummingbird
    write-file /Users/steipete/Library/Developer/Xcode/DerivedData/CodeLooper-crrddjihwjtfkwegrjrymctnfixv/Build/Intermediates.noindex/hummingbird.build/Debug/Hummingbird.build/Hummingbird.DependencyMetadataFileList

WriteAuxiliaryFile /Users/steipete/Library/Developer/Xcode/DerivedData/CodeLooper-crrddjihwjtfkwegrjrymctnfixv/Build/Intermediates.noindex/swift-collections.build/Debug/HeapModule.build/Objects-normal/arm64/HeapModule_const_extract_protocols.json (in target 'HeapModule' from project 'swift-collections')
    cd /Users/steipete/Library/Developer/Xcode/DerivedData/CodeLooper-crrddjihwjtfkwegrjrymctnfixv/SourcePackages/checkouts/swift-collections
    write-file /Users/steipete/Library/Developer/Xcode/DerivedData/CodeLooper-crrddjihwjtfkwegrjrymctnfixv/Build/Intermediates.noindex/swift-collections.build/Debug/HeapModule.build/Objects-normal/arm64/HeapModule_const_extract_protocols.json

WriteAuxiliaryFile /Users/steipete/Library/Developer/Xcode/DerivedData/CodeLooper-crrddjihwjtfkwegrjrymctnfixv/Build/Intermediates.noindex/swift-collections.build/Debug/HeapModule.build/Objects-normal/arm64/HeapModule.SwiftFileList (in target 'HeapModule' from project 'swift-collections')
    cd /Users/steipete/Library/Developer/Xcode/DerivedData/CodeLooper-crrddjihwjtfkwegrjrymctnfixv/SourcePackages/checkouts/swift-collections
    write-file /Users/steipete/Library/Developer/Xcode/DerivedData/CodeLooper-crrddjihwjtfkwegrjrymctnfixv/Build/Intermediates.noindex/swift-collections.build/Debug/HeapModule.build/Objects-normal/arm64/HeapModule.SwiftFileList

WriteAuxiliaryFile /Users/steipete/Library/Developer/Xcode/DerivedData/CodeLooper-crrddjihwjtfkwegrjrymctnfixv/Build/Intermediates.noindex/swift-collections.build/Debug/HeapModule.build/Objects-normal/arm64/HeapModule.SwiftConstValuesFileList (in target 'HeapModule' from project 'swift-collections')
    cd /Users/steipete/Library/Developer/Xcode/DerivedData/CodeLooper-crrddjihwjtfkwegrjrymctnfixv/SourcePackages/checkouts/swift-collections
    write-file /Users/steipete/Library/Developer/Xcode/DerivedData/CodeLooper-crrddjihwjtfkwegrjrymctnfixv/Build/Intermediates.noindex/swift-collections.build/Debug/HeapModule.build/Objects-normal/arm64/HeapModule.SwiftConstValuesFileList

Copy /Users/steipete/Library/Developer/Xcode/DerivedData/CodeLooper-crrddjihwjtfkwegrjrymctnfixv/Build/Intermediates.noindex/GeneratedModuleMaps/HummingbirdCore.modulemap /Users/steipete/Library/Developer/Xcode/DerivedData/CodeLooper-crrddjihwjtfkwegrjrymctnfixv/Build/Intermediates.noindex/hummingbird.build/Debug/HummingbirdCore.build/HummingbirdCore.modulemap (in target 'HummingbirdCore' from project 'hummingbird')
    cd /Users/steipete/Library/Developer/Xcode/DerivedData/CodeLooper-crrddjihwjtfkwegrjrymctnfixv/SourcePackages/checkouts/hummingbird
    builtin-copy -exclude .DS_Store -exclude CVS -exclude .svn -exclude .git -exclude .hg -resolve-src-symlinks /Users/steipete/Library/Developer/Xcode/DerivedData/CodeLooper-crrddjihwjtfkwegrjrymctnfixv/Build/Intermediates.noindex/hummingbird.build/Debug/HummingbirdCore.build/HummingbirdCore.modulemap /Users/steipete/Library/Developer/Xcode/DerivedData/CodeLooper-crrddjihwjtfkwegrjrymctnfixv/Build/Intermediates.noindex/GeneratedModuleMaps

WriteAuxiliaryFile /Users/steipete/Library/Developer/Xcode/DerivedData/CodeLooper-crrddjihwjtfkwegrjrymctnfixv/Build/Intermediates.noindex/swift-collections.build/Debug/HeapModule.build/Objects-normal/arm64/HeapModule.LinkFileList (in target 'HeapModule' from project 'swift-collections')
    cd /Users/steipete/Library/Developer/Xcode/DerivedData/CodeLooper-crrddjihwjtfkwegrjrymctnfixv/SourcePackages/checkouts/swift-collections
    write-file /Users/steipete/Library/Developer/Xcode/DerivedData/CodeLooper-crrddjihwjtfkwegrjrymctnfixv/Build/Intermediates.noindex/swift-collections.build/Debug/HeapModule.build/Objects-normal/arm64/HeapModule.LinkFileList

WriteAuxiliaryFile /Users/steipete/Library/Developer/Xcode/DerivedData/CodeLooper-crrddjihwjtfkwegrjrymctnfixv/Build/Intermediates.noindex/swift-collections.build/Debug/HeapModule.build/Objects-normal/arm64/HeapModule-OutputFileMap.json (in target 'HeapModule' from project 'swift-collections')
    cd /Users/steipete/Library/Developer/Xcode/DerivedData/CodeLooper-crrddjihwjtfkwegrjrymctnfixv/SourcePackages/checkouts/swift-collections
    write-file /Users/steipete/Library/Developer/Xcode/DerivedData/CodeLooper-crrddjihwjtfkwegrjrymctnfixv/Build/Intermediates.noindex/swift-collections.build/Debug/HeapModule.build/Objects-normal/arm64/HeapModule-OutputFileMap.json

WriteAuxiliaryFile /Users/steipete/Library/Developer/Xcode/DerivedData/CodeLooper-crrddjihwjtfkwegrjrymctnfixv/Build/Intermediates.noindex/swift-collections.build/Debug/HeapModule.build/HeapModule.modulemap (in target 'HeapModule' from project 'swift-collections')
    cd /Users/steipete/Library/Developer/Xcode/DerivedData/CodeLooper-crrddjihwjtfkwegrjrymctnfixv/SourcePackages/checkouts/swift-collections
    write-file /Users/steipete/Library/Developer/Xcode/DerivedData/CodeLooper-crrddjihwjtfkwegrjrymctnfixv/Build/Intermediates.noindex/swift-collections.build/Debug/HeapModule.build/HeapModule.modulemap

WriteAuxiliaryFile /Users/steipete/Library/Developer/Xcode/DerivedData/CodeLooper-crrddjihwjtfkwegrjrymctnfixv/Build/Intermediates.noindex/swift-collections.build/Debug/HeapModule.build/HeapModule.DependencyStaticMetadataFileList (in target 'HeapModule' from project 'swift-collections')
    cd /Users/steipete/Library/Developer/Xcode/DerivedData/CodeLooper-crrddjihwjtfkwegrjrymctnfixv/SourcePackages/checkouts/swift-collections
    write-file /Users/steipete/Library/Developer/Xcode/DerivedData/CodeLooper-crrddjihwjtfkwegrjrymctnfixv/Build/Intermediates.noindex/swift-collections.build/Debug/HeapModule.build/HeapModule.DependencyStaticMetadataFileList

WriteAuxiliaryFile /Users/steipete/Library/Developer/Xcode/DerivedData/CodeLooper-crrddjihwjtfkwegrjrymctnfixv/Build/Intermediates.noindex/swift-collections.build/Debug/HeapModule.build/HeapModule.DependencyMetadataFileList (in target 'HeapModule' from project 'swift-collections')
    cd /Users/steipete/Library/Developer/Xcode/DerivedData/CodeLooper-crrddjihwjtfkwegrjrymctnfixv/SourcePackages/checkouts/swift-collections
    write-file /Users/steipete/Library/Developer/Xcode/DerivedData/CodeLooper-crrddjihwjtfkwegrjrymctnfixv/Build/Intermediates.noindex/swift-collections.build/Debug/HeapModule.build/HeapModule.DependencyMetadataFileList

WriteAuxiliaryFile /Users/steipete/Library/Developer/Xcode/DerivedData/CodeLooper-crrddjihwjtfkwegrjrymctnfixv/Build/Intermediates.noindex/swift-collections.build/Debug/HashTreeCollections.build/Objects-normal/arm64/HashTreeCollections_const_extract_protocols.json (in target 'HashTreeCollections' from project 'swift-collections')
    cd /Users/steipete/Library/Developer/Xcode/DerivedData/CodeLooper-crrddjihwjtfkwegrjrymctnfixv/SourcePackages/checkouts/swift-collections
    write-file /Users/steipete/Library/Developer/Xcode/DerivedData/CodeLooper-crrddjihwjtfkwegrjrymctnfixv/Build/Intermediates.noindex/swift-collections.build/Debug/HashTreeCollections.build/Objects-normal/arm64/HashTreeCollections_const_extract_protocols.json

WriteAuxiliaryFile /Users/steipete/Library/Developer/Xcode/DerivedData/CodeLooper-crrddjihwjtfkwegrjrymctnfixv/Build/Intermediates.noindex/swift-collections.build/Debug/HashTreeCollections.build/Objects-normal/arm64/HashTreeCollections.SwiftFileList (in target 'HashTreeCollections' from project 'swift-collections')
    cd /Users/steipete/Library/Developer/Xcode/DerivedData/CodeLooper-crrddjihwjtfkwegrjrymctnfixv/SourcePackages/checkouts/swift-collections
    write-file /Users/steipete/Library/Developer/Xcode/DerivedData/CodeLooper-crrddjihwjtfkwegrjrymctnfixv/Build/Intermediates.noindex/swift-collections.build/Debug/HashTreeCollections.build/Objects-normal/arm64/HashTreeCollections.SwiftFileList

WriteAuxiliaryFile /Users/steipete/Library/Developer/Xcode/DerivedData/CodeLooper-crrddjihwjtfkwegrjrymctnfixv/Build/Intermediates.noindex/swift-collections.build/Debug/HashTreeCollections.build/Objects-normal/arm64/HashTreeCollections.SwiftConstValuesFileList (in target 'HashTreeCollections' from project 'swift-collections')
    cd /Users/steipete/Library/Developer/Xcode/DerivedData/CodeLooper-crrddjihwjtfkwegrjrymctnfixv/SourcePackages/checkouts/swift-collections
    write-file /Users/steipete/Library/Developer/Xcode/DerivedData/CodeLooper-crrddjihwjtfkwegrjrymctnfixv/Build/Intermediates.noindex/swift-collections.build/Debug/HashTreeCollections.build/Objects-normal/arm64/HashTreeCollections.SwiftConstValuesFileList

WriteAuxiliaryFile /Users/steipete/Library/Developer/Xcode/DerivedData/CodeLooper-crrddjihwjtfkwegrjrymctnfixv/Build/Intermediates.noindex/swift-collections.build/Debug/HashTreeCollections.build/Objects-normal/arm64/HashTreeCollections.LinkFileList (in target 'HashTreeCollections' from project 'swift-collections')
    cd /Users/steipete/Library/Developer/Xcode/DerivedData/CodeLooper-crrddjihwjtfkwegrjrymctnfixv/SourcePackages/checkouts/swift-collections
    write-file /Users/steipete/Library/Developer/Xcode/DerivedData/CodeLooper-crrddjihwjtfkwegrjrymctnfixv/Build/Intermediates.noindex/swift-collections.build/Debug/HashTreeCollections.build/Objects-normal/arm64/HashTreeCollections.LinkFileList

Copy /Users/steipete/Library/Developer/Xcode/DerivedData/CodeLooper-crrddjihwjtfkwegrjrymctnfixv/Build/Intermediates.noindex/GeneratedModuleMaps/Hummingbird.modulemap /Users/steipete/Library/Developer/Xcode/DerivedData/CodeLooper-crrddjihwjtfkwegrjrymctnfixv/Build/Intermediates.noindex/hummingbird.build/Debug/Hummingbird.build/Hummingbird.modulemap (in target 'Hummingbird' from project 'hummingbird')
    cd /Users/steipete/Library/Developer/Xcode/DerivedData/CodeLooper-crrddjihwjtfkwegrjrymctnfixv/SourcePackages/checkouts/hummingbird
    builtin-copy -exclude .DS_Store -exclude CVS -exclude .svn -exclude .git -exclude .hg -resolve-src-symlinks /Users/steipete/Library/Developer/Xcode/DerivedData/CodeLooper-crrddjihwjtfkwegrjrymctnfixv/Build/Intermediates.noindex/hummingbird.build/Debug/Hummingbird.build/Hummingbird.modulemap /Users/steipete/Library/Developer/Xcode/DerivedData/CodeLooper-crrddjihwjtfkwegrjrymctnfixv/Build/Intermediates.noindex/GeneratedModuleMaps

WriteAuxiliaryFile /Users/steipete/Library/Developer/Xcode/DerivedData/CodeLooper-crrddjihwjtfkwegrjrymctnfixv/Build/Intermediates.noindex/swift-collections.build/Debug/HashTreeCollections.build/Objects-normal/arm64/HashTreeCollections-OutputFileMap.json (in target 'HashTreeCollections' from project 'swift-collections')
    cd /Users/steipete/Library/Developer/Xcode/DerivedData/CodeLooper-crrddjihwjtfkwegrjrymctnfixv/SourcePackages/checkouts/swift-collections
    write-file /Users/steipete/Library/Developer/Xcode/DerivedData/CodeLooper-crrddjihwjtfkwegrjrymctnfixv/Build/Intermediates.noindex/swift-collections.build/Debug/HashTreeCollections.build/Objects-normal/arm64/HashTreeCollections-OutputFileMap.json

WriteAuxiliaryFile /Users/steipete/Library/Developer/Xcode/DerivedData/CodeLooper-crrddjihwjtfkwegrjrymctnfixv/Build/Intermediates.noindex/swift-collections.build/Debug/HashTreeCollections.build/HashTreeCollections.modulemap (in target 'HashTreeCollections' from project 'swift-collections')
    cd /Users/steipete/Library/Developer/Xcode/DerivedData/CodeLooper-crrddjihwjtfkwegrjrymctnfixv/SourcePackages/checkouts/swift-collections
    write-file /Users/steipete/Library/Developer/Xcode/DerivedData/CodeLooper-crrddjihwjtfkwegrjrymctnfixv/Build/Intermediates.noindex/swift-collections.build/Debug/HashTreeCollections.build/HashTreeCollections.modulemap

WriteAuxiliaryFile /Users/steipete/Library/Developer/Xcode/DerivedData/CodeLooper-crrddjihwjtfkwegrjrymctnfixv/Build/Intermediates.noindex/swift-collections.build/Debug/HashTreeCollections.build/HashTreeCollections.DependencyStaticMetadataFileList (in target 'HashTreeCollections' from project 'swift-collections')
    cd /Users/steipete/Library/Developer/Xcode/DerivedData/CodeLooper-crrddjihwjtfkwegrjrymctnfixv/SourcePackages/checkouts/swift-collections
    write-file /Users/steipete/Library/Developer/Xcode/DerivedData/CodeLooper-crrddjihwjtfkwegrjrymctnfixv/Build/Intermediates.noindex/swift-collections.build/Debug/HashTreeCollections.build/HashTreeCollections.DependencyStaticMetadataFileList

WriteAuxiliaryFile /Users/steipete/Library/Developer/Xcode/DerivedData/CodeLooper-crrddjihwjtfkwegrjrymctnfixv/Build/Intermediates.noindex/swift-collections.build/Debug/HashTreeCollections.build/HashTreeCollections.DependencyMetadataFileList (in target 'HashTreeCollections' from project 'swift-collections')
    cd /Users/steipete/Library/Developer/Xcode/DerivedData/CodeLooper-crrddjihwjtfkwegrjrymctnfixv/SourcePackages/checkouts/swift-collections
    write-file /Users/steipete/Library/Developer/Xcode/DerivedData/CodeLooper-crrddjihwjtfkwegrjrymctnfixv/Build/Intermediates.noindex/swift-collections.build/Debug/HashTreeCollections.build/HashTreeCollections.DependencyMetadataFileList

WriteAuxiliaryFile /Users/steipete/Library/Developer/Xcode/DerivedData/CodeLooper-crrddjihwjtfkwegrjrymctnfixv/Build/Intermediates.noindex/swift-http-types.build/Debug/HTTPTypes.build/Objects-normal/arm64/HTTPTypes_const_extract_protocols.json (in target 'HTTPTypes' from project 'swift-http-types')
    cd /Users/steipete/Library/Developer/Xcode/DerivedData/CodeLooper-crrddjihwjtfkwegrjrymctnfixv/SourcePackages/checkouts/swift-http-types
    write-file /Users/steipete/Library/Developer/Xcode/DerivedData/CodeLooper-crrddjihwjtfkwegrjrymctnfixv/Build/Intermediates.noindex/swift-http-types.build/Debug/HTTPTypes.build/Objects-normal/arm64/HTTPTypes_const_extract_protocols.json

WriteAuxiliaryFile /Users/steipete/Library/Developer/Xcode/DerivedData/CodeLooper-crrddjihwjtfkwegrjrymctnfixv/Build/Intermediates.noindex/swift-http-types.build/Debug/HTTPTypes.build/Objects-normal/arm64/HTTPTypes.SwiftFileList (in target 'HTTPTypes' from project 'swift-http-types')
    cd /Users/steipete/Library/Developer/Xcode/DerivedData/CodeLooper-crrddjihwjtfkwegrjrymctnfixv/SourcePackages/checkouts/swift-http-types
    write-file /Users/steipete/Library/Developer/Xcode/DerivedData/CodeLooper-crrddjihwjtfkwegrjrymctnfixv/Build/Intermediates.noindex/swift-http-types.build/Debug/HTTPTypes.build/Objects-normal/arm64/HTTPTypes.SwiftFileList

WriteAuxiliaryFile /Users/steipete/Library/Developer/Xcode/DerivedData/CodeLooper-crrddjihwjtfkwegrjrymctnfixv/Build/Intermediates.noindex/swift-http-types.build/Debug/HTTPTypes.build/Objects-normal/arm64/HTTPTypes.SwiftConstValuesFileList (in target 'HTTPTypes' from project 'swift-http-types')
    cd /Users/steipete/Library/Developer/Xcode/DerivedData/CodeLooper-crrddjihwjtfkwegrjrymctnfixv/SourcePackages/checkouts/swift-http-types
    write-file /Users/steipete/Library/Developer/Xcode/DerivedData/CodeLooper-crrddjihwjtfkwegrjrymctnfixv/Build/Intermediates.noindex/swift-http-types.build/Debug/HTTPTypes.build/Objects-normal/arm64/HTTPTypes.SwiftConstValuesFileList

WriteAuxiliaryFile /Users/steipete/Library/Developer/Xcode/DerivedData/CodeLooper-crrddjihwjtfkwegrjrymctnfixv/Build/Intermediates.noindex/swift-http-types.build/Debug/HTTPTypes.build/Objects-normal/arm64/HTTPTypes.LinkFileList (in target 'HTTPTypes' from project 'swift-http-types')
    cd /Users/steipete/Library/Developer/Xcode/DerivedData/CodeLooper-crrddjihwjtfkwegrjrymctnfixv/SourcePackages/checkouts/swift-http-types
    write-file /Users/steipete/Library/Developer/Xcode/DerivedData/CodeLooper-crrddjihwjtfkwegrjrymctnfixv/Build/Intermediates.noindex/swift-http-types.build/Debug/HTTPTypes.build/Objects-normal/arm64/HTTPTypes.LinkFileList

Copy /Users/steipete/Library/Developer/Xcode/DerivedData/CodeLooper-crrddjihwjtfkwegrjrymctnfixv/Build/Intermediates.noindex/GeneratedModuleMaps/HeapModule.modulemap /Users/steipete/Library/Developer/Xcode/DerivedData/CodeLooper-crrddjihwjtfkwegrjrymctnfixv/Build/Intermediates.noindex/swift-collections.build/Debug/HeapModule.build/HeapModule.modulemap (in target 'HeapModule' from project 'swift-collections')
    cd /Users/steipete/Library/Developer/Xcode/DerivedData/CodeLooper-crrddjihwjtfkwegrjrymctnfixv/SourcePackages/checkouts/swift-collections
    builtin-copy -exclude .DS_Store -exclude CVS -exclude .svn -exclude .git -exclude .hg -resolve-src-symlinks /Users/steipete/Library/Developer/Xcode/DerivedData/CodeLooper-crrddjihwjtfkwegrjrymctnfixv/Build/Intermediates.noindex/swift-collections.build/Debug/HeapModule.build/HeapModule.modulemap /Users/steipete/Library/Developer/Xcode/DerivedData/CodeLooper-crrddjihwjtfkwegrjrymctnfixv/Build/Intermediates.noindex/GeneratedModuleMaps

WriteAuxiliaryFile /Users/steipete/Library/Developer/Xcode/DerivedData/CodeLooper-crrddjihwjtfkwegrjrymctnfixv/Build/Intermediates.noindex/swift-http-types.build/Debug/HTTPTypes.build/Objects-normal/arm64/HTTPTypes-OutputFileMap.json (in target 'HTTPTypes' from project 'swift-http-types')
    cd /Users/steipete/Library/Developer/Xcode/DerivedData/CodeLooper-crrddjihwjtfkwegrjrymctnfixv/SourcePackages/checkouts/swift-http-types
    write-file /Users/steipete/Library/Developer/Xcode/DerivedData/CodeLooper-crrddjihwjtfkwegrjrymctnfixv/Build/Intermediates.noindex/swift-http-types.build/Debug/HTTPTypes.build/Objects-normal/arm64/HTTPTypes-OutputFileMap.json

WriteAuxiliaryFile /Users/steipete/Library/Developer/Xcode/DerivedData/CodeLooper-crrddjihwjtfkwegrjrymctnfixv/Build/Intermediates.noindex/swift-http-types.build/Debug/HTTPTypes.build/HTTPTypes.modulemap (in target 'HTTPTypes' from project 'swift-http-types')
    cd /Users/steipete/Library/Developer/Xcode/DerivedData/CodeLooper-crrddjihwjtfkwegrjrymctnfixv/SourcePackages/checkouts/swift-http-types
    write-file /Users/steipete/Library/Developer/Xcode/DerivedData/CodeLooper-crrddjihwjtfkwegrjrymctnfixv/Build/Intermediates.noindex/swift-http-types.build/Debug/HTTPTypes.build/HTTPTypes.modulemap

WriteAuxiliaryFile /Users/steipete/Library/Developer/Xcode/DerivedData/CodeLooper-crrddjihwjtfkwegrjrymctnfixv/Build/Intermediates.noindex/swift-http-types.build/Debug/HTTPTypes.build/HTTPTypes.DependencyStaticMetadataFileList (in target 'HTTPTypes' from project 'swift-http-types')
    cd /Users/steipete/Library/Developer/Xcode/DerivedData/CodeLooper-crrddjihwjtfkwegrjrymctnfixv/SourcePackages/checkouts/swift-http-types
    write-file /Users/steipete/Library/Developer/Xcode/DerivedData/CodeLooper-crrddjihwjtfkwegrjrymctnfixv/Build/Intermediates.noindex/swift-http-types.build/Debug/HTTPTypes.build/HTTPTypes.DependencyStaticMetadataFileList

WriteAuxiliaryFile /Users/steipete/Library/Developer/Xcode/DerivedData/CodeLooper-crrddjihwjtfkwegrjrymctnfixv/Build/Intermediates.noindex/swift-http-types.build/Debug/HTTPTypes.build/HTTPTypes.DependencyMetadataFileList (in target 'HTTPTypes' from project 'swift-http-types')
    cd /Users/steipete/Library/Developer/Xcode/DerivedData/CodeLooper-crrddjihwjtfkwegrjrymctnfixv/SourcePackages/checkouts/swift-http-types
    write-file /Users/steipete/Library/Developer/Xcode/DerivedData/CodeLooper-crrddjihwjtfkwegrjrymctnfixv/Build/Intermediates.noindex/swift-http-types.build/Debug/HTTPTypes.build/HTTPTypes.DependencyMetadataFileList

WriteAuxiliaryFile /Users/steipete/Library/Developer/Xcode/DerivedData/CodeLooper-crrddjihwjtfkwegrjrymctnfixv/Build/Intermediates.noindex/CodeLooper.build/Debug/Diagnostics.build/module.modulemap (in target 'Diagnostics' from project 'CodeLooper')
    cd /Users/steipete/Projects/CodeLooper
    write-file /Users/steipete/Library/Developer/Xcode/DerivedData/CodeLooper-crrddjihwjtfkwegrjrymctnfixv/Build/Intermediates.noindex/CodeLooper.build/Debug/Diagnostics.build/module.modulemap

WriteAuxiliaryFile /Users/steipete/Library/Developer/Xcode/DerivedData/CodeLooper-crrddjihwjtfkwegrjrymctnfixv/Build/Intermediates.noindex/CodeLooper.build/Debug/Diagnostics.build/Objects-normal/arm64/Diagnostics_const_extract_protocols.json (in target 'Diagnostics' from project 'CodeLooper')
    cd /Users/steipete/Projects/CodeLooper
    write-file /Users/steipete/Library/Developer/Xcode/DerivedData/CodeLooper-crrddjihwjtfkwegrjrymctnfixv/Build/Intermediates.noindex/CodeLooper.build/Debug/Diagnostics.build/Objects-normal/arm64/Diagnostics_const_extract_protocols.json

WriteAuxiliaryFile /Users/steipete/Library/Developer/Xcode/DerivedData/CodeLooper-crrddjihwjtfkwegrjrymctnfixv/Build/Intermediates.noindex/CodeLooper.build/Debug/Diagnostics.build/Objects-normal/arm64/Diagnostics.SwiftFileList (in target 'Diagnostics' from project 'CodeLooper')
    cd /Users/steipete/Projects/CodeLooper
    write-file /Users/steipete/Library/Developer/Xcode/DerivedData/CodeLooper-crrddjihwjtfkwegrjrymctnfixv/Build/Intermediates.noindex/CodeLooper.build/Debug/Diagnostics.build/Objects-normal/arm64/Diagnostics.SwiftFileList

WriteAuxiliaryFile /Users/steipete/Library/Developer/Xcode/DerivedData/CodeLooper-crrddjihwjtfkwegrjrymctnfixv/Build/Intermediates.noindex/CodeLooper.build/Debug/Diagnostics.build/Objects-normal/arm64/Diagnostics.SwiftConstValuesFileList (in target 'Diagnostics' from project 'CodeLooper')
    cd /Users/steipete/Projects/CodeLooper
    write-file /Users/steipete/Library/Developer/Xcode/DerivedData/CodeLooper-crrddjihwjtfkwegrjrymctnfixv/Build/Intermediates.noindex/CodeLooper.build/Debug/Diagnostics.build/Objects-normal/arm64/Diagnostics.SwiftConstValuesFileList

Copy /Users/steipete/Library/Developer/Xcode/DerivedData/CodeLooper-crrddjihwjtfkwegrjrymctnfixv/Build/Intermediates.noindex/GeneratedModuleMaps/HashTreeCollections.modulemap /Users/steipete/Library/Developer/Xcode/DerivedData/CodeLooper-crrddjihwjtfkwegrjrymctnfixv/Build/Intermediates.noindex/swift-collections.build/Debug/HashTreeCollections.build/HashTreeCollections.modulemap (in target 'HashTreeCollections' from project 'swift-collections')
    cd /Users/steipete/Library/Developer/Xcode/DerivedData/CodeLooper-crrddjihwjtfkwegrjrymctnfixv/SourcePackages/checkouts/swift-collections
    builtin-copy -exclude .DS_Store -exclude CVS -exclude .svn -exclude .git -exclude .hg -resolve-src-symlinks /Users/steipete/Library/Developer/Xcode/DerivedData/CodeLooper-crrddjihwjtfkwegrjrymctnfixv/Build/Intermediates.noindex/swift-collections.build/Debug/HashTreeCollections.build/HashTreeCollections.modulemap /Users/steipete/Library/Developer/Xcode/DerivedData/CodeLooper-crrddjihwjtfkwegrjrymctnfixv/Build/Intermediates.noindex/GeneratedModuleMaps

WriteAuxiliaryFile /Users/steipete/Library/Developer/Xcode/DerivedData/CodeLooper-crrddjihwjtfkwegrjrymctnfixv/Build/Intermediates.noindex/CodeLooper.build/Debug/Diagnostics.build/Objects-normal/arm64/Diagnostics.LinkFileList (in target 'Diagnostics' from project 'CodeLooper')
    cd /Users/steipete/Projects/CodeLooper
    write-file /Users/steipete/Library/Developer/Xcode/DerivedData/CodeLooper-crrddjihwjtfkwegrjrymctnfixv/Build/Intermediates.noindex/CodeLooper.build/Debug/Diagnostics.build/Objects-normal/arm64/Diagnostics.LinkFileList

WriteAuxiliaryFile /Users/steipete/Library/Developer/Xcode/DerivedData/CodeLooper-crrddjihwjtfkwegrjrymctnfixv/Build/Intermediates.noindex/CodeLooper.build/Debug/Diagnostics.build/Objects-normal/arm64/Diagnostics-OutputFileMap.json (in target 'Diagnostics' from project 'CodeLooper')
    cd /Users/steipete/Projects/CodeLooper
    write-file /Users/steipete/Library/Developer/Xcode/DerivedData/CodeLooper-crrddjihwjtfkwegrjrymctnfixv/Build/Intermediates.noindex/CodeLooper.build/Debug/Diagnostics.build/Objects-normal/arm64/Diagnostics-OutputFileMap.json

WriteAuxiliaryFile /Users/steipete/Library/Developer/Xcode/DerivedData/CodeLooper-crrddjihwjtfkwegrjrymctnfixv/Build/Intermediates.noindex/CodeLooper.build/Debug/Diagnostics.build/Objects-normal/arm64/7187679823f38a2a940e0043cdf9d637-common-args.resp (in target 'Diagnostics' from project 'CodeLooper')
    cd /Users/steipete/Projects/CodeLooper
    write-file /Users/steipete/Library/Developer/Xcode/DerivedData/CodeLooper-crrddjihwjtfkwegrjrymctnfixv/Build/Intermediates.noindex/CodeLooper.build/Debug/Diagnostics.build/Objects-normal/arm64/7187679823f38a2a940e0043cdf9d637-common-args.resp
-target arm64-apple-macos14.0 '-std=gnu11' -fmodules -gmodules '-fmodules-cache-path=/Users/steipete/Library/Developer/Xcode/DerivedData/ModuleCache.noindex' '-fmodule-name=Diagnostics' -fpascal-strings -O0 -fno-common '-DDEBUG=1' -isysroot /Applications/Xcode-beta.app/Contents/Developer/Platforms/MacOSX.platform/Developer/SDKs/MacOSX26.0.sdk -g -fprofile-instr-generate -fcoverage-mapping -iquote /Users/steipete/Library/Developer/Xcode/DerivedData/CodeLooper-crrddjihwjtfkwegrjrymctnfixv/Build/Intermediates.noindex/CodeLooper.build/Debug/Diagnostics.build/Diagnostics-generated-files.hmap -I/Users/steipete/Library/Developer/Xcode/DerivedData/CodeLooper-crrddjihwjtfkwegrjrymctnfixv/Build/Intermediates.noindex/CodeLooper.build/Debug/Diagnostics.build/Diagnostics-own-target-headers.hmap -I/Users/steipete/Library/Developer/Xcode/DerivedData/CodeLooper-crrddjihwjtfkwegrjrymctnfixv/Build/Intermediates.noindex/CodeLooper.build/Debug/Diagnostics.build/Diagnostics-all-non-framework-target-headers.hmap -ivfsoverlay /Users/steipete/Library/Developer/Xcode/DerivedData/CodeLooper-crrddjihwjtfkwegrjrymctnfixv/Build/Intermediates.noindex/CodeLooper.build/Debug/CodeLooper-de2ef41cd89caf5bcf7af683064774d7-VFS/all-product-headers.yaml -iquote /Users/steipete/Library/Developer/Xcode/DerivedData/CodeLooper-crrddjihwjtfkwegrjrymctnfixv/Build/Intermediates.noindex/CodeLooper.build/Debug/Diagnostics.build/Diagnostics-project-headers.hmap -I/Users/steipete/Library/Developer/Xcode/DerivedData/CodeLooper-crrddjihwjtfkwegrjrymctnfixv/Build/Products/Debug/include -I/Users/steipete/Library/Developer/Xcode/DerivedData/CodeLooper-crrddjihwjtfkwegrjrymctnfixv/Build/Intermediates.noindex/CodeLooper.build/Debug/Diagnostics.build/DerivedSources-normal/arm64 -I/Users/steipete/Library/Developer/Xcode/DerivedData/CodeLooper-crrddjihwjtfkwegrjrymctnfixv/Build/Intermediates.noindex/CodeLooper.build/Debug/Diagnostics.build/DerivedSources/arm64 -I/Users/steipete/Library/Developer/Xcode/DerivedData/CodeLooper-crrddjihwjtfkwegrjrymctnfixv/Build/Intermediates.noindex/CodeLooper.build/Debug/Diagnostics.build/DerivedSources -F/Users/steipete/Library/Developer/Xcode/DerivedData/CodeLooper-crrddjihwjtfkwegrjrymctnfixv/Build/Products/Debug/PackageFrameworks -F/Users/steipete/Library/Developer/Xcode/DerivedData/CodeLooper-crrddjihwjtfkwegrjrymctnfixv/Build/Products/Debug/PackageFrameworks -F/Users/steipete/Library/Developer/Xcode/DerivedData/CodeLooper-crrddjihwjtfkwegrjrymctnfixv/Build/Products/Debug '-fmodule-map-file=/Users/steipete/Library/Developer/Xcode/DerivedData/CodeLooper-crrddjihwjtfkwegrjrymctnfixv/Build/Intermediates.noindex/GeneratedModuleMaps/Logging.modulemap' '-fmodule-map-file=/Users/steipete/Library/Developer/Xcode/DerivedData/CodeLooper-crrddjihwjtfkwegrjrymctnfixv/Build/Intermediates.noindex/GeneratedModuleMaps/AXorcist.modulemap'

WriteAuxiliaryFile /Users/steipete/Library/Developer/Xcode/DerivedData/CodeLooper-crrddjihwjtfkwegrjrymctnfixv/Build/Intermediates.noindex/CodeLooper.build/Debug/Diagnostics.build/Diagnostics.hmap (in target 'Diagnostics' from project 'CodeLooper')
    cd /Users/steipete/Projects/CodeLooper
    write-file /Users/steipete/Library/Developer/Xcode/DerivedData/CodeLooper-crrddjihwjtfkwegrjrymctnfixv/Build/Intermediates.noindex/CodeLooper.build/Debug/Diagnostics.build/Diagnostics.hmap

WriteAuxiliaryFile /Users/steipete/Library/Developer/Xcode/DerivedData/CodeLooper-crrddjihwjtfkwegrjrymctnfixv/Build/Intermediates.noindex/CodeLooper.build/Debug/Diagnostics.build/Diagnostics.DependencyStaticMetadataFileList (in target 'Diagnostics' from project 'CodeLooper')
    cd /Users/steipete/Projects/CodeLooper
    write-file /Users/steipete/Library/Developer/Xcode/DerivedData/CodeLooper-crrddjihwjtfkwegrjrymctnfixv/Build/Intermediates.noindex/CodeLooper.build/Debug/Diagnostics.build/Diagnostics.DependencyStaticMetadataFileList

WriteAuxiliaryFile /Users/steipete/Library/Developer/Xcode/DerivedData/CodeLooper-crrddjihwjtfkwegrjrymctnfixv/Build/Intermediates.noindex/CodeLooper.build/Debug/Diagnostics.build/Diagnostics.DependencyMetadataFileList (in target 'Diagnostics' from project 'CodeLooper')
    cd /Users/steipete/Projects/CodeLooper
    write-file /Users/steipete/Library/Developer/Xcode/DerivedData/CodeLooper-crrddjihwjtfkwegrjrymctnfixv/Build/Intermediates.noindex/CodeLooper.build/Debug/Diagnostics.build/Diagnostics.DependencyMetadataFileList

WriteAuxiliaryFile /Users/steipete/Library/Developer/Xcode/DerivedData/CodeLooper-crrddjihwjtfkwegrjrymctnfixv/Build/Intermediates.noindex/CodeLooper.build/Debug/Diagnostics.build/Diagnostics-project-headers.hmap (in target 'Diagnostics' from project 'CodeLooper')
    cd /Users/steipete/Projects/CodeLooper
    write-file /Users/steipete/Library/Developer/Xcode/DerivedData/CodeLooper-crrddjihwjtfkwegrjrymctnfixv/Build/Intermediates.noindex/CodeLooper.build/Debug/Diagnostics.build/Diagnostics-project-headers.hmap

WriteAuxiliaryFile /Users/steipete/Library/Developer/Xcode/DerivedData/CodeLooper-crrddjihwjtfkwegrjrymctnfixv/Build/Intermediates.noindex/CodeLooper.build/Debug/Diagnostics.build/Diagnostics-own-target-headers.hmap (in target 'Diagnostics' from project 'CodeLooper')
    cd /Users/steipete/Projects/CodeLooper
    write-file /Users/steipete/Library/Developer/Xcode/DerivedData/CodeLooper-crrddjihwjtfkwegrjrymctnfixv/Build/Intermediates.noindex/CodeLooper.build/Debug/Diagnostics.build/Diagnostics-own-target-headers.hmap

WriteAuxiliaryFile /Users/steipete/Library/Developer/Xcode/DerivedData/CodeLooper-crrddjihwjtfkwegrjrymctnfixv/Build/Intermediates.noindex/CodeLooper.build/Debug/Diagnostics.build/Diagnostics-generated-files.hmap (in target 'Diagnostics' from project 'CodeLooper')
    cd /Users/steipete/Projects/CodeLooper
    write-file /Users/steipete/Library/Developer/Xcode/DerivedData/CodeLooper-crrddjihwjtfkwegrjrymctnfixv/Build/Intermediates.noindex/CodeLooper.build/Debug/Diagnostics.build/Diagnostics-generated-files.hmap

WriteAuxiliaryFile /Users/steipete/Library/Developer/Xcode/DerivedData/CodeLooper-crrddjihwjtfkwegrjrymctnfixv/Build/Intermediates.noindex/CodeLooper.build/Debug/Diagnostics.build/Diagnostics-all-target-headers.hmap (in target 'Diagnostics' from project 'CodeLooper')
    cd /Users/steipete/Projects/CodeLooper
    write-file /Users/steipete/Library/Developer/Xcode/DerivedData/CodeLooper-crrddjihwjtfkwegrjrymctnfixv/Build/Intermediates.noindex/CodeLooper.build/Debug/Diagnostics.build/Diagnostics-all-target-headers.hmap

Copy /Users/steipete/Library/Developer/Xcode/DerivedData/CodeLooper-crrddjihwjtfkwegrjrymctnfixv/Build/Intermediates.noindex/GeneratedModuleMaps/HTTPTypes.modulemap /Users/steipete/Library/Developer/Xcode/DerivedData/CodeLooper-crrddjihwjtfkwegrjrymctnfixv/Build/Intermediates.noindex/swift-http-types.build/Debug/HTTPTypes.build/HTTPTypes.modulemap (in target 'HTTPTypes' from project 'swift-http-types')
    cd /Users/steipete/Library/Developer/Xcode/DerivedData/CodeLooper-crrddjihwjtfkwegrjrymctnfixv/SourcePackages/checkouts/swift-http-types
    builtin-copy -exclude .DS_Store -exclude CVS -exclude .svn -exclude .git -exclude .hg -resolve-src-symlinks /Users/steipete/Library/Developer/Xcode/DerivedData/CodeLooper-crrddjihwjtfkwegrjrymctnfixv/Build/Intermediates.noindex/swift-http-types.build/Debug/HTTPTypes.build/HTTPTypes.modulemap /Users/steipete/Library/Developer/Xcode/DerivedData/CodeLooper-crrddjihwjtfkwegrjrymctnfixv/Build/Intermediates.noindex/GeneratedModuleMaps

WriteAuxiliaryFile /Users/steipete/Library/Developer/Xcode/DerivedData/CodeLooper-crrddjihwjtfkwegrjrymctnfixv/Build/Intermediates.noindex/CodeLooper.build/Debug/Diagnostics.build/Diagnostics-all-non-framework-target-headers.hmap (in target 'Diagnostics' from project 'CodeLooper')
    cd /Users/steipete/Projects/CodeLooper
    write-file /Users/steipete/Library/Developer/Xcode/DerivedData/CodeLooper-crrddjihwjtfkwegrjrymctnfixv/Build/Intermediates.noindex/CodeLooper.build/Debug/Diagnostics.build/Diagnostics-all-non-framework-target-headers.hmap

WriteAuxiliaryFile /Users/steipete/Library/Developer/Xcode/DerivedData/CodeLooper-crrddjihwjtfkwegrjrymctnfixv/Build/Intermediates.noindex/CodeLooper.build/Debug/Diagnostics.build/DerivedSources/Diagnostics_vers.c (in target 'Diagnostics' from project 'CodeLooper')
    cd /Users/steipete/Projects/CodeLooper
    write-file /Users/steipete/Library/Developer/Xcode/DerivedData/CodeLooper-crrddjihwjtfkwegrjrymctnfixv/Build/Intermediates.noindex/CodeLooper.build/Debug/Diagnostics.build/DerivedSources/Diagnostics_vers.c

Copy /Users/steipete/Library/Developer/Xcode/DerivedData/CodeLooper-crrddjihwjtfkwegrjrymctnfixv/Build/Products/Debug/Diagnostics.framework/Versions/A/Modules/module.modulemap /Users/steipete/Library/Developer/Xcode/DerivedData/CodeLooper-crrddjihwjtfkwegrjrymctnfixv/Build/Intermediates.noindex/CodeLooper.build/Debug/Diagnostics.build/module.modulemap (in target 'Diagnostics' from project 'CodeLooper')
    cd /Users/steipete/Projects/CodeLooper
    builtin-copy -exclude .DS_Store -exclude CVS -exclude .svn -exclude .git -exclude .hg -resolve-src-symlinks /Users/steipete/Library/Developer/Xcode/DerivedData/CodeLooper-crrddjihwjtfkwegrjrymctnfixv/Build/Intermediates.noindex/CodeLooper.build/Debug/Diagnostics.build/module.modulemap /Users/steipete/Library/Developer/Xcode/DerivedData/CodeLooper-crrddjihwjtfkwegrjrymctnfixv/Build/Products/Debug/Diagnostics.framework/Versions/A/Modules

WriteAuxiliaryFile /Users/steipete/Library/Developer/Xcode/DerivedData/CodeLooper-crrddjihwjtfkwegrjrymctnfixv/Build/Intermediates.noindex/DesignSystem.build/Debug/DesignSystem.build/Objects-normal/arm64/DesignSystem.LinkFileList (in target 'DesignSystem' from project 'DesignSystem')
    cd /Users/steipete/Projects/CodeLooper/DesignSystem
    write-file /Users/steipete/Library/Developer/Xcode/DerivedData/CodeLooper-crrddjihwjtfkwegrjrymctnfixv/Build/Intermediates.noindex/DesignSystem.build/Debug/DesignSystem.build/Objects-normal/arm64/DesignSystem.LinkFileList

WriteAuxiliaryFile /Users/steipete/Library/Developer/Xcode/DerivedData/CodeLooper-crrddjihwjtfkwegrjrymctnfixv/Build/Intermediates.noindex/DesignSystem.build/Debug/DesignSystem.build/Objects-normal/arm64/DesignSystem.SwiftFileList (in target 'DesignSystem' from project 'DesignSystem')
    cd /Users/steipete/Projects/CodeLooper/DesignSystem
    write-file /Users/steipete/Library/Developer/Xcode/DerivedData/CodeLooper-crrddjihwjtfkwegrjrymctnfixv/Build/Intermediates.noindex/DesignSystem.build/Debug/DesignSystem.build/Objects-normal/arm64/DesignSystem.SwiftFileList

WriteAuxiliaryFile /Users/steipete/Library/Developer/Xcode/DerivedData/CodeLooper-crrddjihwjtfkwegrjrymctnfixv/Build/Intermediates.noindex/DesignSystem.build/Debug/DesignSystem.build/Objects-normal/arm64/DesignSystem.SwiftConstValuesFileList (in target 'DesignSystem' from project 'DesignSystem')
    cd /Users/steipete/Projects/CodeLooper/DesignSystem
    write-file /Users/steipete/Library/Developer/Xcode/DerivedData/CodeLooper-crrddjihwjtfkwegrjrymctnfixv/Build/Intermediates.noindex/DesignSystem.build/Debug/DesignSystem.build/Objects-normal/arm64/DesignSystem.SwiftConstValuesFileList

WriteAuxiliaryFile /Users/steipete/Library/Developer/Xcode/DerivedData/CodeLooper-crrddjihwjtfkwegrjrymctnfixv/Build/Intermediates.noindex/DesignSystem.build/Debug/DesignSystem.build/Objects-normal/arm64/DesignSystem_const_extract_protocols.json (in target 'DesignSystem' from project 'DesignSystem')
    cd /Users/steipete/Projects/CodeLooper/DesignSystem
    write-file /Users/steipete/Library/Developer/Xcode/DerivedData/CodeLooper-crrddjihwjtfkwegrjrymctnfixv/Build/Intermediates.noindex/DesignSystem.build/Debug/DesignSystem.build/Objects-normal/arm64/DesignSystem_const_extract_protocols.json

WriteAuxiliaryFile /Users/steipete/Library/Developer/Xcode/DerivedData/CodeLooper-crrddjihwjtfkwegrjrymctnfixv/Build/Intermediates.noindex/DesignSystem.build/Debug/DesignSystem.build/Objects-normal/arm64/DesignSystem-OutputFileMap.json (in target 'DesignSystem' from project 'DesignSystem')
    cd /Users/steipete/Projects/CodeLooper/DesignSystem
    write-file /Users/steipete/Library/Developer/Xcode/DerivedData/CodeLooper-crrddjihwjtfkwegrjrymctnfixv/Build/Intermediates.noindex/DesignSystem.build/Debug/DesignSystem.build/Objects-normal/arm64/DesignSystem-OutputFileMap.json

WriteAuxiliaryFile /Users/steipete/Library/Developer/Xcode/DerivedData/CodeLooper-crrddjihwjtfkwegrjrymctnfixv/Build/Intermediates.noindex/DesignSystem.build/Debug/DesignSystem.build/DesignSystem.modulemap (in target 'DesignSystem' from project 'DesignSystem')
    cd /Users/steipete/Projects/CodeLooper/DesignSystem
    write-file /Users/steipete/Library/Developer/Xcode/DerivedData/CodeLooper-crrddjihwjtfkwegrjrymctnfixv/Build/Intermediates.noindex/DesignSystem.build/Debug/DesignSystem.build/DesignSystem.modulemap

WriteAuxiliaryFile /Users/steipete/Library/Developer/Xcode/DerivedData/CodeLooper-crrddjihwjtfkwegrjrymctnfixv/Build/Intermediates.noindex/DesignSystem.build/Debug/DesignSystem.build/DesignSystem.DependencyMetadataFileList (in target 'DesignSystem' from project 'DesignSystem')
    cd /Users/steipete/Projects/CodeLooper/DesignSystem
    write-file /Users/steipete/Library/Developer/Xcode/DerivedData/CodeLooper-crrddjihwjtfkwegrjrymctnfixv/Build/Intermediates.noindex/DesignSystem.build/Debug/DesignSystem.build/DesignSystem.DependencyMetadataFileList

WriteAuxiliaryFile /Users/steipete/Library/Developer/Xcode/DerivedData/CodeLooper-crrddjihwjtfkwegrjrymctnfixv/Build/Intermediates.noindex/DesignSystem.build/Debug/DesignSystem.build/DesignSystem.DependencyStaticMetadataFileList (in target 'DesignSystem' from project 'DesignSystem')
    cd /Users/steipete/Projects/CodeLooper/DesignSystem
    write-file /Users/steipete/Library/Developer/Xcode/DerivedData/CodeLooper-crrddjihwjtfkwegrjrymctnfixv/Build/Intermediates.noindex/DesignSystem.build/Debug/DesignSystem.build/DesignSystem.DependencyStaticMetadataFileList

WriteAuxiliaryFile /Users/steipete/Library/Developer/Xcode/DerivedData/CodeLooper-crrddjihwjtfkwegrjrymctnfixv/Build/Intermediates.noindex/swift-collections.build/Debug/DequeModule.build/Objects-normal/arm64/DequeModule_const_extract_protocols.json (in target 'DequeModule' from project 'swift-collections')
    cd /Users/steipete/Library/Developer/Xcode/DerivedData/CodeLooper-crrddjihwjtfkwegrjrymctnfixv/SourcePackages/checkouts/swift-collections
    write-file /Users/steipete/Library/Developer/Xcode/DerivedData/CodeLooper-crrddjihwjtfkwegrjrymctnfixv/Build/Intermediates.noindex/swift-collections.build/Debug/DequeModule.build/Objects-normal/arm64/DequeModule_const_extract_protocols.json

WriteAuxiliaryFile /Users/steipete/Library/Developer/Xcode/DerivedData/CodeLooper-crrddjihwjtfkwegrjrymctnfixv/Build/Intermediates.noindex/swift-collections.build/Debug/DequeModule.build/Objects-normal/arm64/DequeModule.SwiftFileList (in target 'DequeModule' from project 'swift-collections')
    cd /Users/steipete/Library/Developer/Xcode/DerivedData/CodeLooper-crrddjihwjtfkwegrjrymctnfixv/SourcePackages/checkouts/swift-collections
    write-file /Users/steipete/Library/Developer/Xcode/DerivedData/CodeLooper-crrddjihwjtfkwegrjrymctnfixv/Build/Intermediates.noindex/swift-collections.build/Debug/DequeModule.build/Objects-normal/arm64/DequeModule.SwiftFileList

WriteAuxiliaryFile /Users/steipete/Library/Developer/Xcode/DerivedData/CodeLooper-crrddjihwjtfkwegrjrymctnfixv/Build/Intermediates.noindex/swift-collections.build/Debug/DequeModule.build/Objects-normal/arm64/DequeModule.SwiftConstValuesFileList (in target 'DequeModule' from project 'swift-collections')
    cd /Users/steipete/Library/Developer/Xcode/DerivedData/CodeLooper-crrddjihwjtfkwegrjrymctnfixv/SourcePackages/checkouts/swift-collections
    write-file /Users/steipete/Library/Developer/Xcode/DerivedData/CodeLooper-crrddjihwjtfkwegrjrymctnfixv/Build/Intermediates.noindex/swift-collections.build/Debug/DequeModule.build/Objects-normal/arm64/DequeModule.SwiftConstValuesFileList

WriteAuxiliaryFile /Users/steipete/Library/Developer/Xcode/DerivedData/CodeLooper-crrddjihwjtfkwegrjrymctnfixv/Build/Intermediates.noindex/swift-collections.build/Debug/DequeModule.build/Objects-normal/arm64/DequeModule.LinkFileList (in target 'DequeModule' from project 'swift-collections')
    cd /Users/steipete/Library/Developer/Xcode/DerivedData/CodeLooper-crrddjihwjtfkwegrjrymctnfixv/SourcePackages/checkouts/swift-collections
    write-file /Users/steipete/Library/Developer/Xcode/DerivedData/CodeLooper-crrddjihwjtfkwegrjrymctnfixv/Build/Intermediates.noindex/swift-collections.build/Debug/DequeModule.build/Objects-normal/arm64/DequeModule.LinkFileList

WriteAuxiliaryFile /Users/steipete/Library/Developer/Xcode/DerivedData/CodeLooper-crrddjihwjtfkwegrjrymctnfixv/Build/Intermediates.noindex/swift-collections.build/Debug/DequeModule.build/Objects-normal/arm64/DequeModule-OutputFileMap.json (in target 'DequeModule' from project 'swift-collections')
    cd /Users/steipete/Library/Developer/Xcode/DerivedData/CodeLooper-crrddjihwjtfkwegrjrymctnfixv/SourcePackages/checkouts/swift-collections
    write-file /Users/steipete/Library/Developer/Xcode/DerivedData/CodeLooper-crrddjihwjtfkwegrjrymctnfixv/Build/Intermediates.noindex/swift-collections.build/Debug/DequeModule.build/Objects-normal/arm64/DequeModule-OutputFileMap.json

WriteAuxiliaryFile /Users/steipete/Library/Developer/Xcode/DerivedData/CodeLooper-crrddjihwjtfkwegrjrymctnfixv/Build/Intermediates.noindex/swift-collections.build/Debug/DequeModule.build/DequeModule.modulemap (in target 'DequeModule' from project 'swift-collections')
    cd /Users/steipete/Library/Developer/Xcode/DerivedData/CodeLooper-crrddjihwjtfkwegrjrymctnfixv/SourcePackages/checkouts/swift-collections
    write-file /Users/steipete/Library/Developer/Xcode/DerivedData/CodeLooper-crrddjihwjtfkwegrjrymctnfixv/Build/Intermediates.noindex/swift-collections.build/Debug/DequeModule.build/DequeModule.modulemap

WriteAuxiliaryFile /Users/steipete/Library/Developer/Xcode/DerivedData/CodeLooper-crrddjihwjtfkwegrjrymctnfixv/Build/Intermediates.noindex/swift-collections.build/Debug/DequeModule.build/DequeModule.DependencyStaticMetadataFileList (in target 'DequeModule' from project 'swift-collections')
    cd /Users/steipete/Library/Developer/Xcode/DerivedData/CodeLooper-crrddjihwjtfkwegrjrymctnfixv/SourcePackages/checkouts/swift-collections
    write-file /Users/steipete/Library/Developer/Xcode/DerivedData/CodeLooper-crrddjihwjtfkwegrjrymctnfixv/Build/Intermediates.noindex/swift-collections.build/Debug/DequeModule.build/DequeModule.DependencyStaticMetadataFileList

WriteAuxiliaryFile /Users/steipete/Library/Developer/Xcode/DerivedData/CodeLooper-crrddjihwjtfkwegrjrymctnfixv/Build/Intermediates.noindex/swift-collections.build/Debug/DequeModule.build/DequeModule.DependencyMetadataFileList (in target 'DequeModule' from project 'swift-collections')
    cd /Users/steipete/Library/Developer/Xcode/DerivedData/CodeLooper-crrddjihwjtfkwegrjrymctnfixv/SourcePackages/checkouts/swift-collections
    write-file /Users/steipete/Library/Developer/Xcode/DerivedData/CodeLooper-crrddjihwjtfkwegrjrymctnfixv/Build/Intermediates.noindex/swift-collections.build/Debug/DequeModule.build/DequeModule.DependencyMetadataFileList

WriteAuxiliaryFile /Users/steipete/Library/Developer/Xcode/DerivedData/CodeLooper-crrddjihwjtfkwegrjrymctnfixv/Build/Intermediates.noindex/Demark.build/Debug/Demark_Demark.build/Demark_Demark.DependencyMetadataFileList (in target 'Demark_Demark' from project 'Demark')
    cd /Users/steipete/Library/Developer/Xcode/DerivedData/CodeLooper-crrddjihwjtfkwegrjrymctnfixv/SourcePackages/checkouts/Demark
    write-file /Users/steipete/Library/Developer/Xcode/DerivedData/CodeLooper-crrddjihwjtfkwegrjrymctnfixv/Build/Intermediates.noindex/Demark.build/Debug/Demark_Demark.build/Demark_Demark.DependencyMetadataFileList

WriteAuxiliaryFile /Users/steipete/Library/Developer/Xcode/DerivedData/CodeLooper-crrddjihwjtfkwegrjrymctnfixv/Build/Intermediates.noindex/Demark.build/Debug/Demark_Demark.build/Demark_Demark.DependencyStaticMetadataFileList (in target 'Demark_Demark' from project 'Demark')
    cd /Users/steipete/Library/Developer/Xcode/DerivedData/CodeLooper-crrddjihwjtfkwegrjrymctnfixv/SourcePackages/checkouts/Demark
    write-file /Users/steipete/Library/Developer/Xcode/DerivedData/CodeLooper-crrddjihwjtfkwegrjrymctnfixv/Build/Intermediates.noindex/Demark.build/Debug/Demark_Demark.build/Demark_Demark.DependencyStaticMetadataFileList

WriteAuxiliaryFile /Users/steipete/Library/Developer/Xcode/DerivedData/CodeLooper-crrddjihwjtfkwegrjrymctnfixv/Build/Intermediates.noindex/Demark.build/Debug/Demark_Demark.build/empty-Demark_Demark.plist (in target 'Demark_Demark' from project 'Demark')
    cd /Users/steipete/Library/Developer/Xcode/DerivedData/CodeLooper-crrddjihwjtfkwegrjrymctnfixv/SourcePackages/checkouts/Demark
    write-file /Users/steipete/Library/Developer/Xcode/DerivedData/CodeLooper-crrddjihwjtfkwegrjrymctnfixv/Build/Intermediates.noindex/Demark.build/Debug/Demark_Demark.build/empty-Demark_Demark.plist

WriteAuxiliaryFile /Users/steipete/Library/Developer/Xcode/DerivedData/CodeLooper-crrddjihwjtfkwegrjrymctnfixv/Build/Intermediates.noindex/Demark.build/Debug/Demark.build/Objects-normal/arm64/Demark_const_extract_protocols.json (in target 'Demark' from project 'Demark')
    cd /Users/steipete/Library/Developer/Xcode/DerivedData/CodeLooper-crrddjihwjtfkwegrjrymctnfixv/SourcePackages/checkouts/Demark
    write-file /Users/steipete/Library/Developer/Xcode/DerivedData/CodeLooper-crrddjihwjtfkwegrjrymctnfixv/Build/Intermediates.noindex/Demark.build/Debug/Demark.build/Objects-normal/arm64/Demark_const_extract_protocols.json

WriteAuxiliaryFile /Users/steipete/Library/Developer/Xcode/DerivedData/CodeLooper-crrddjihwjtfkwegrjrymctnfixv/Build/Intermediates.noindex/Demark.build/Debug/Demark.build/Objects-normal/arm64/Demark.SwiftFileList (in target 'Demark' from project 'Demark')
    cd /Users/steipete/Library/Developer/Xcode/DerivedData/CodeLooper-crrddjihwjtfkwegrjrymctnfixv/SourcePackages/checkouts/Demark
    write-file /Users/steipete/Library/Developer/Xcode/DerivedData/CodeLooper-crrddjihwjtfkwegrjrymctnfixv/Build/Intermediates.noindex/Demark.build/Debug/Demark.build/Objects-normal/arm64/Demark.SwiftFileList

Copy /Users/steipete/Library/Developer/Xcode/DerivedData/CodeLooper-crrddjihwjtfkwegrjrymctnfixv/Build/Intermediates.noindex/GeneratedModuleMaps/DesignSystem.modulemap /Users/steipete/Library/Developer/Xcode/DerivedData/CodeLooper-crrddjihwjtfkwegrjrymctnfixv/Build/Intermediates.noindex/DesignSystem.build/Debug/DesignSystem.build/DesignSystem.modulemap (in target 'DesignSystem' from project 'DesignSystem')
    cd /Users/steipete/Projects/CodeLooper/DesignSystem
    builtin-copy -exclude .DS_Store -exclude CVS -exclude .svn -exclude .git -exclude .hg -resolve-src-symlinks /Users/steipete/Library/Developer/Xcode/DerivedData/CodeLooper-crrddjihwjtfkwegrjrymctnfixv/Build/Intermediates.noindex/DesignSystem.build/Debug/DesignSystem.build/DesignSystem.modulemap /Users/steipete/Library/Developer/Xcode/DerivedData/CodeLooper-crrddjihwjtfkwegrjrymctnfixv/Build/Intermediates.noindex/GeneratedModuleMaps

WriteAuxiliaryFile /Users/steipete/Library/Developer/Xcode/DerivedData/CodeLooper-crrddjihwjtfkwegrjrymctnfixv/Build/Intermediates.noindex/Demark.build/Debug/Demark.build/Objects-normal/arm64/Demark.SwiftConstValuesFileList (in target 'Demark' from project 'Demark')
    cd /Users/steipete/Library/Developer/Xcode/DerivedData/CodeLooper-crrddjihwjtfkwegrjrymctnfixv/SourcePackages/checkouts/Demark
    write-file /Users/steipete/Library/Developer/Xcode/DerivedData/CodeLooper-crrddjihwjtfkwegrjrymctnfixv/Build/Intermediates.noindex/Demark.build/Debug/Demark.build/Objects-normal/arm64/Demark.SwiftConstValuesFileList

WriteAuxiliaryFile /Users/steipete/Library/Developer/Xcode/DerivedData/CodeLooper-crrddjihwjtfkwegrjrymctnfixv/Build/Intermediates.noindex/Demark.build/Debug/Demark.build/Objects-normal/arm64/Demark.LinkFileList (in target 'Demark' from project 'Demark')
    cd /Users/steipete/Library/Developer/Xcode/DerivedData/CodeLooper-crrddjihwjtfkwegrjrymctnfixv/SourcePackages/checkouts/Demark
    write-file /Users/steipete/Library/Developer/Xcode/DerivedData/CodeLooper-crrddjihwjtfkwegrjrymctnfixv/Build/Intermediates.noindex/Demark.build/Debug/Demark.build/Objects-normal/arm64/Demark.LinkFileList

WriteAuxiliaryFile /Users/steipete/Library/Developer/Xcode/DerivedData/CodeLooper-crrddjihwjtfkwegrjrymctnfixv/Build/Intermediates.noindex/Demark.build/Debug/Demark.build/Objects-normal/arm64/Demark-OutputFileMap.json (in target 'Demark' from project 'Demark')
    cd /Users/steipete/Library/Developer/Xcode/DerivedData/CodeLooper-crrddjihwjtfkwegrjrymctnfixv/SourcePackages/checkouts/Demark
    write-file /Users/steipete/Library/Developer/Xcode/DerivedData/CodeLooper-crrddjihwjtfkwegrjrymctnfixv/Build/Intermediates.noindex/Demark.build/Debug/Demark.build/Objects-normal/arm64/Demark-OutputFileMap.json

WriteAuxiliaryFile /Users/steipete/Library/Developer/Xcode/DerivedData/CodeLooper-crrddjihwjtfkwegrjrymctnfixv/Build/Intermediates.noindex/Demark.build/Debug/Demark.build/DerivedSources/resource_bundle_accessor.swift (in target 'Demark' from project 'Demark')
    cd /Users/steipete/Library/Developer/Xcode/DerivedData/CodeLooper-crrddjihwjtfkwegrjrymctnfixv/SourcePackages/checkouts/Demark
    write-file /Users/steipete/Library/Developer/Xcode/DerivedData/CodeLooper-crrddjihwjtfkwegrjrymctnfixv/Build/Intermediates.noindex/Demark.build/Debug/Demark.build/DerivedSources/resource_bundle_accessor.swift

WriteAuxiliaryFile /Users/steipete/Library/Developer/Xcode/DerivedData/CodeLooper-crrddjihwjtfkwegrjrymctnfixv/Build/Intermediates.noindex/Demark.build/Debug/Demark.build/Demark.modulemap (in target 'Demark' from project 'Demark')
    cd /Users/steipete/Library/Developer/Xcode/DerivedData/CodeLooper-crrddjihwjtfkwegrjrymctnfixv/SourcePackages/checkouts/Demark
    write-file /Users/steipete/Library/Developer/Xcode/DerivedData/CodeLooper-crrddjihwjtfkwegrjrymctnfixv/Build/Intermediates.noindex/Demark.build/Debug/Demark.build/Demark.modulemap

WriteAuxiliaryFile /Users/steipete/Library/Developer/Xcode/DerivedData/CodeLooper-crrddjihwjtfkwegrjrymctnfixv/Build/Intermediates.noindex/Demark.build/Debug/Demark.build/Demark.DependencyStaticMetadataFileList (in target 'Demark' from project 'Demark')
    cd /Users/steipete/Library/Developer/Xcode/DerivedData/CodeLooper-crrddjihwjtfkwegrjrymctnfixv/SourcePackages/checkouts/Demark
    write-file /Users/steipete/Library/Developer/Xcode/DerivedData/CodeLooper-crrddjihwjtfkwegrjrymctnfixv/Build/Intermediates.noindex/Demark.build/Debug/Demark.build/Demark.DependencyStaticMetadataFileList

WriteAuxiliaryFile /Users/steipete/Library/Developer/Xcode/DerivedData/CodeLooper-crrddjihwjtfkwegrjrymctnfixv/Build/Intermediates.noindex/Demark.build/Debug/Demark.build/Demark.DependencyMetadataFileList (in target 'Demark' from project 'Demark')
    cd /Users/steipete/Library/Developer/Xcode/DerivedData/CodeLooper-crrddjihwjtfkwegrjrymctnfixv/SourcePackages/checkouts/Demark
    write-file /Users/steipete/Library/Developer/Xcode/DerivedData/CodeLooper-crrddjihwjtfkwegrjrymctnfixv/Build/Intermediates.noindex/Demark.build/Debug/Demark.build/Demark.DependencyMetadataFileList

WriteAuxiliaryFile /Users/steipete/Library/Developer/Xcode/DerivedData/CodeLooper-crrddjihwjtfkwegrjrymctnfixv/Build/Intermediates.noindex/Defaults.build/Debug/Defaults_Defaults.build/empty-Defaults_Defaults.plist (in target 'Defaults_Defaults' from project 'Defaults')
    cd /Users/steipete/Library/Developer/Xcode/DerivedData/CodeLooper-crrddjihwjtfkwegrjrymctnfixv/SourcePackages/checkouts/Defaults
    write-file /Users/steipete/Library/Developer/Xcode/DerivedData/CodeLooper-crrddjihwjtfkwegrjrymctnfixv/Build/Intermediates.noindex/Defaults.build/Debug/Defaults_Defaults.build/empty-Defaults_Defaults.plist

Copy /Users/steipete/Library/Developer/Xcode/DerivedData/CodeLooper-crrddjihwjtfkwegrjrymctnfixv/Build/Intermediates.noindex/GeneratedModuleMaps/DequeModule.modulemap /Users/steipete/Library/Developer/Xcode/DerivedData/CodeLooper-crrddjihwjtfkwegrjrymctnfixv/Build/Intermediates.noindex/swift-collections.build/Debug/DequeModule.build/DequeModule.modulemap (in target 'DequeModule' from project 'swift-collections')
    cd /Users/steipete/Library/Developer/Xcode/DerivedData/CodeLooper-crrddjihwjtfkwegrjrymctnfixv/SourcePackages/checkouts/swift-collections
    builtin-copy -exclude .DS_Store -exclude CVS -exclude .svn -exclude .git -exclude .hg -resolve-src-symlinks /Users/steipete/Library/Developer/Xcode/DerivedData/CodeLooper-crrddjihwjtfkwegrjrymctnfixv/Build/Intermediates.noindex/swift-collections.build/Debug/DequeModule.build/DequeModule.modulemap /Users/steipete/Library/Developer/Xcode/DerivedData/CodeLooper-crrddjihwjtfkwegrjrymctnfixv/Build/Intermediates.noindex/GeneratedModuleMaps

WriteAuxiliaryFile /Users/steipete/Library/Developer/Xcode/DerivedData/CodeLooper-crrddjihwjtfkwegrjrymctnfixv/Build/Intermediates.noindex/Defaults.build/Debug/Defaults_Defaults.build/Defaults_Defaults.DependencyStaticMetadataFileList (in target 'Defaults_Defaults' from project 'Defaults')
    cd /Users/steipete/Library/Developer/Xcode/DerivedData/CodeLooper-crrddjihwjtfkwegrjrymctnfixv/SourcePackages/checkouts/Defaults
    write-file /Users/steipete/Library/Developer/Xcode/DerivedData/CodeLooper-crrddjihwjtfkwegrjrymctnfixv/Build/Intermediates.noindex/Defaults.build/Debug/Defaults_Defaults.build/Defaults_Defaults.DependencyStaticMetadataFileList

WriteAuxiliaryFile /Users/steipete/Library/Developer/Xcode/DerivedData/CodeLooper-crrddjihwjtfkwegrjrymctnfixv/Build/Intermediates.noindex/Defaults.build/Debug/Defaults_Defaults.build/Defaults_Defaults.DependencyMetadataFileList (in target 'Defaults_Defaults' from project 'Defaults')
    cd /Users/steipete/Library/Developer/Xcode/DerivedData/CodeLooper-crrddjihwjtfkwegrjrymctnfixv/SourcePackages/checkouts/Defaults
    write-file /Users/steipete/Library/Developer/Xcode/DerivedData/CodeLooper-crrddjihwjtfkwegrjrymctnfixv/Build/Intermediates.noindex/Defaults.build/Debug/Defaults_Defaults.build/Defaults_Defaults.DependencyMetadataFileList

WriteAuxiliaryFile /Users/steipete/Library/Developer/Xcode/DerivedData/CodeLooper-crrddjihwjtfkwegrjrymctnfixv/Build/Intermediates.noindex/Defaults.build/Debug/Defaults.build/Objects-normal/arm64/Defaults.LinkFileList (in target 'Defaults' from project 'Defaults')
    cd /Users/steipete/Library/Developer/Xcode/DerivedData/CodeLooper-crrddjihwjtfkwegrjrymctnfixv/SourcePackages/checkouts/Defaults
    write-file /Users/steipete/Library/Developer/Xcode/DerivedData/CodeLooper-crrddjihwjtfkwegrjrymctnfixv/Build/Intermediates.noindex/Defaults.build/Debug/Defaults.build/Objects-normal/arm64/Defaults.LinkFileList

WriteAuxiliaryFile /Users/steipete/Library/Developer/Xcode/DerivedData/CodeLooper-crrddjihwjtfkwegrjrymctnfixv/Build/Intermediates.noindex/Defaults.build/Debug/Defaults.build/Objects-normal/arm64/Defaults_const_extract_protocols.json (in target 'Defaults' from project 'Defaults')
    cd /Users/steipete/Library/Developer/Xcode/DerivedData/CodeLooper-crrddjihwjtfkwegrjrymctnfixv/SourcePackages/checkouts/Defaults
    write-file /Users/steipete/Library/Developer/Xcode/DerivedData/CodeLooper-crrddjihwjtfkwegrjrymctnfixv/Build/Intermediates.noindex/Defaults.build/Debug/Defaults.build/Objects-normal/arm64/Defaults_const_extract_protocols.json

WriteAuxiliaryFile /Users/steipete/Library/Developer/Xcode/DerivedData/CodeLooper-crrddjihwjtfkwegrjrymctnfixv/Build/Intermediates.noindex/Defaults.build/Debug/Defaults.build/Objects-normal/arm64/Defaults.SwiftConstValuesFileList (in target 'Defaults' from project 'Defaults')
    cd /Users/steipete/Library/Developer/Xcode/DerivedData/CodeLooper-crrddjihwjtfkwegrjrymctnfixv/SourcePackages/checkouts/Defaults
    write-file /Users/steipete/Library/Developer/Xcode/DerivedData/CodeLooper-crrddjihwjtfkwegrjrymctnfixv/Build/Intermediates.noindex/Defaults.build/Debug/Defaults.build/Objects-normal/arm64/Defaults.SwiftConstValuesFileList

WriteAuxiliaryFile /Users/steipete/Library/Developer/Xcode/DerivedData/CodeLooper-crrddjihwjtfkwegrjrymctnfixv/Build/Intermediates.noindex/Defaults.build/Debug/Defaults.build/Objects-normal/arm64/Defaults-OutputFileMap.json (in target 'Defaults' from project 'Defaults')
    cd /Users/steipete/Library/Developer/Xcode/DerivedData/CodeLooper-crrddjihwjtfkwegrjrymctnfixv/SourcePackages/checkouts/Defaults
    write-file /Users/steipete/Library/Developer/Xcode/DerivedData/CodeLooper-crrddjihwjtfkwegrjrymctnfixv/Build/Intermediates.noindex/Defaults.build/Debug/Defaults.build/Objects-normal/arm64/Defaults-OutputFileMap.json

WriteAuxiliaryFile /Users/steipete/Library/Developer/Xcode/DerivedData/CodeLooper-crrddjihwjtfkwegrjrymctnfixv/Build/Intermediates.noindex/Defaults.build/Debug/Defaults.build/Objects-normal/arm64/Defaults.SwiftFileList (in target 'Defaults' from project 'Defaults')
    cd /Users/steipete/Library/Developer/Xcode/DerivedData/CodeLooper-crrddjihwjtfkwegrjrymctnfixv/SourcePackages/checkouts/Defaults
    write-file /Users/steipete/Library/Developer/Xcode/DerivedData/CodeLooper-crrddjihwjtfkwegrjrymctnfixv/Build/Intermediates.noindex/Defaults.build/Debug/Defaults.build/Objects-normal/arm64/Defaults.SwiftFileList

WriteAuxiliaryFile /Users/steipete/Library/Developer/Xcode/DerivedData/CodeLooper-crrddjihwjtfkwegrjrymctnfixv/Build/Intermediates.noindex/Defaults.build/Debug/Defaults.build/Defaults.modulemap (in target 'Defaults' from project 'Defaults')
    cd /Users/steipete/Library/Developer/Xcode/DerivedData/CodeLooper-crrddjihwjtfkwegrjrymctnfixv/SourcePackages/checkouts/Defaults
    write-file /Users/steipete/Library/Developer/Xcode/DerivedData/CodeLooper-crrddjihwjtfkwegrjrymctnfixv/Build/Intermediates.noindex/Defaults.build/Debug/Defaults.build/Defaults.modulemap

WriteAuxiliaryFile /Users/steipete/Library/Developer/Xcode/DerivedData/CodeLooper-crrddjihwjtfkwegrjrymctnfixv/Build/Intermediates.noindex/Defaults.build/Debug/Defaults.build/Defaults.DependencyStaticMetadataFileList (in target 'Defaults' from project 'Defaults')
    cd /Users/steipete/Library/Developer/Xcode/DerivedData/CodeLooper-crrddjihwjtfkwegrjrymctnfixv/SourcePackages/checkouts/Defaults
    write-file /Users/steipete/Library/Developer/Xcode/DerivedData/CodeLooper-crrddjihwjtfkwegrjrymctnfixv/Build/Intermediates.noindex/Defaults.build/Debug/Defaults.build/Defaults.DependencyStaticMetadataFileList

WriteAuxiliaryFile /Users/steipete/Library/Developer/Xcode/DerivedData/CodeLooper-crrddjihwjtfkwegrjrymctnfixv/Build/Intermediates.noindex/Defaults.build/Debug/Defaults.build/DerivedSources/resource_bundle_accessor.swift (in target 'Defaults' from project 'Defaults')
    cd /Users/steipete/Library/Developer/Xcode/DerivedData/CodeLooper-crrddjihwjtfkwegrjrymctnfixv/SourcePackages/checkouts/Defaults
    write-file /Users/steipete/Library/Developer/Xcode/DerivedData/CodeLooper-crrddjihwjtfkwegrjrymctnfixv/Build/Intermediates.noindex/Defaults.build/Debug/Defaults.build/DerivedSources/resource_bundle_accessor.swift

WriteAuxiliaryFile /Users/steipete/Library/Developer/Xcode/DerivedData/CodeLooper-crrddjihwjtfkwegrjrymctnfixv/Build/Intermediates.noindex/Defaults.build/Debug/Defaults.build/Defaults.DependencyMetadataFileList (in target 'Defaults' from project 'Defaults')
    cd /Users/steipete/Library/Developer/Xcode/DerivedData/CodeLooper-crrddjihwjtfkwegrjrymctnfixv/SourcePackages/checkouts/Defaults
    write-file /Users/steipete/Library/Developer/Xcode/DerivedData/CodeLooper-crrddjihwjtfkwegrjrymctnfixv/Build/Intermediates.noindex/Defaults.build/Debug/Defaults.build/Defaults.DependencyMetadataFileList

WriteAuxiliaryFile /Users/steipete/Library/Developer/Xcode/DerivedData/CodeLooper-crrddjihwjtfkwegrjrymctnfixv/Build/Intermediates.noindex/swift-metrics.build/Debug/CoreMetrics.build/Objects-normal/arm64/CoreMetrics_const_extract_protocols.json (in target 'CoreMetrics' from project 'swift-metrics')
    cd /Users/steipete/Library/Developer/Xcode/DerivedData/CodeLooper-crrddjihwjtfkwegrjrymctnfixv/SourcePackages/checkouts/swift-metrics
    write-file /Users/steipete/Library/Developer/Xcode/DerivedData/CodeLooper-crrddjihwjtfkwegrjrymctnfixv/Build/Intermediates.noindex/swift-metrics.build/Debug/CoreMetrics.build/Objects-normal/arm64/CoreMetrics_const_extract_protocols.json

Copy /Users/steipete/Library/Developer/Xcode/DerivedData/CodeLooper-crrddjihwjtfkwegrjrymctnfixv/Build/Intermediates.noindex/GeneratedModuleMaps/Demark.modulemap /Users/steipete/Library/Developer/Xcode/DerivedData/CodeLooper-crrddjihwjtfkwegrjrymctnfixv/Build/Intermediates.noindex/Demark.build/Debug/Demark.build/Demark.modulemap (in target 'Demark' from project 'Demark')
    cd /Users/steipete/Library/Developer/Xcode/DerivedData/CodeLooper-crrddjihwjtfkwegrjrymctnfixv/SourcePackages/checkouts/Demark
    builtin-copy -exclude .DS_Store -exclude CVS -exclude .svn -exclude .git -exclude .hg -resolve-src-symlinks /Users/steipete/Library/Developer/Xcode/DerivedData/CodeLooper-crrddjihwjtfkwegrjrymctnfixv/Build/Intermediates.noindex/Demark.build/Debug/Demark.build/Demark.modulemap /Users/steipete/Library/Developer/Xcode/DerivedData/CodeLooper-crrddjihwjtfkwegrjrymctnfixv/Build/Intermediates.noindex/GeneratedModuleMaps

WriteAuxiliaryFile /Users/steipete/Library/Developer/Xcode/DerivedData/CodeLooper-crrddjihwjtfkwegrjrymctnfixv/Build/Intermediates.noindex/swift-metrics.build/Debug/CoreMetrics.build/Objects-normal/arm64/CoreMetrics.SwiftFileList (in target 'CoreMetrics' from project 'swift-metrics')
    cd /Users/steipete/Library/Developer/Xcode/DerivedData/CodeLooper-crrddjihwjtfkwegrjrymctnfixv/SourcePackages/checkouts/swift-metrics
    write-file /Users/steipete/Library/Developer/Xcode/DerivedData/CodeLooper-crrddjihwjtfkwegrjrymctnfixv/Build/Intermediates.noindex/swift-metrics.build/Debug/CoreMetrics.build/Objects-normal/arm64/CoreMetrics.SwiftFileList

WriteAuxiliaryFile /Users/steipete/Library/Developer/Xcode/DerivedData/CodeLooper-crrddjihwjtfkwegrjrymctnfixv/Build/Intermediates.noindex/swift-metrics.build/Debug/CoreMetrics.build/Objects-normal/arm64/CoreMetrics.SwiftConstValuesFileList (in target 'CoreMetrics' from project 'swift-metrics')
    cd /Users/steipete/Library/Developer/Xcode/DerivedData/CodeLooper-crrddjihwjtfkwegrjrymctnfixv/SourcePackages/checkouts/swift-metrics
    write-file /Users/steipete/Library/Developer/Xcode/DerivedData/CodeLooper-crrddjihwjtfkwegrjrymctnfixv/Build/Intermediates.noindex/swift-metrics.build/Debug/CoreMetrics.build/Objects-normal/arm64/CoreMetrics.SwiftConstValuesFileList

WriteAuxiliaryFile /Users/steipete/Library/Developer/Xcode/DerivedData/CodeLooper-crrddjihwjtfkwegrjrymctnfixv/Build/Intermediates.noindex/swift-metrics.build/Debug/CoreMetrics.build/Objects-normal/arm64/CoreMetrics.LinkFileList (in target 'CoreMetrics' from project 'swift-metrics')
    cd /Users/steipete/Library/Developer/Xcode/DerivedData/CodeLooper-crrddjihwjtfkwegrjrymctnfixv/SourcePackages/checkouts/swift-metrics
    write-file /Users/steipete/Library/Developer/Xcode/DerivedData/CodeLooper-crrddjihwjtfkwegrjrymctnfixv/Build/Intermediates.noindex/swift-metrics.build/Debug/CoreMetrics.build/Objects-normal/arm64/CoreMetrics.LinkFileList

WriteAuxiliaryFile /Users/steipete/Library/Developer/Xcode/DerivedData/CodeLooper-crrddjihwjtfkwegrjrymctnfixv/Build/Intermediates.noindex/swift-metrics.build/Debug/CoreMetrics.build/Objects-normal/arm64/CoreMetrics-OutputFileMap.json (in target 'CoreMetrics' from project 'swift-metrics')
    cd /Users/steipete/Library/Developer/Xcode/DerivedData/CodeLooper-crrddjihwjtfkwegrjrymctnfixv/SourcePackages/checkouts/swift-metrics
    write-file /Users/steipete/Library/Developer/Xcode/DerivedData/CodeLooper-crrddjihwjtfkwegrjrymctnfixv/Build/Intermediates.noindex/swift-metrics.build/Debug/CoreMetrics.build/Objects-normal/arm64/CoreMetrics-OutputFileMap.json

WriteAuxiliaryFile /Users/steipete/Library/Developer/Xcode/DerivedData/CodeLooper-crrddjihwjtfkwegrjrymctnfixv/Build/Intermediates.noindex/swift-metrics.build/Debug/CoreMetrics.build/CoreMetrics.modulemap (in target 'CoreMetrics' from project 'swift-metrics')
    cd /Users/steipete/Library/Developer/Xcode/DerivedData/CodeLooper-crrddjihwjtfkwegrjrymctnfixv/SourcePackages/checkouts/swift-metrics
    write-file /Users/steipete/Library/Developer/Xcode/DerivedData/CodeLooper-crrddjihwjtfkwegrjrymctnfixv/Build/Intermediates.noindex/swift-metrics.build/Debug/CoreMetrics.build/CoreMetrics.modulemap

WriteAuxiliaryFile /Users/steipete/Library/Developer/Xcode/DerivedData/CodeLooper-crrddjihwjtfkwegrjrymctnfixv/Build/Intermediates.noindex/swift-metrics.build/Debug/CoreMetrics.build/CoreMetrics.DependencyStaticMetadataFileList (in target 'CoreMetrics' from project 'swift-metrics')
    cd /Users/steipete/Library/Developer/Xcode/DerivedData/CodeLooper-crrddjihwjtfkwegrjrymctnfixv/SourcePackages/checkouts/swift-metrics
    write-file /Users/steipete/Library/Developer/Xcode/DerivedData/CodeLooper-crrddjihwjtfkwegrjrymctnfixv/Build/Intermediates.noindex/swift-metrics.build/Debug/CoreMetrics.build/CoreMetrics.DependencyStaticMetadataFileList

WriteAuxiliaryFile /Users/steipete/Library/Developer/Xcode/DerivedData/CodeLooper-crrddjihwjtfkwegrjrymctnfixv/Build/Intermediates.noindex/swift-metrics.build/Debug/CoreMetrics.build/CoreMetrics.DependencyMetadataFileList (in target 'CoreMetrics' from project 'swift-metrics')
    cd /Users/steipete/Library/Developer/Xcode/DerivedData/CodeLooper-crrddjihwjtfkwegrjrymctnfixv/SourcePackages/checkouts/swift-metrics
    write-file /Users/steipete/Library/Developer/Xcode/DerivedData/CodeLooper-crrddjihwjtfkwegrjrymctnfixv/Build/Intermediates.noindex/swift-metrics.build/Debug/CoreMetrics.build/CoreMetrics.DependencyMetadataFileList

WriteAuxiliaryFile /Users/steipete/Library/Developer/Xcode/DerivedData/CodeLooper-crrddjihwjtfkwegrjrymctnfixv/Build/Intermediates.noindex/swift-service-lifecycle.build/Debug/ConcurrencyHelpers.build/Objects-normal/arm64/ConcurrencyHelpers.SwiftFileList (in target 'ConcurrencyHelpers' from project 'swift-service-lifecycle')
    cd /Users/steipete/Library/Developer/Xcode/DerivedData/CodeLooper-crrddjihwjtfkwegrjrymctnfixv/SourcePackages/checkouts/swift-service-lifecycle
    write-file /Users/steipete/Library/Developer/Xcode/DerivedData/CodeLooper-crrddjihwjtfkwegrjrymctnfixv/Build/Intermediates.noindex/swift-service-lifecycle.build/Debug/ConcurrencyHelpers.build/Objects-normal/arm64/ConcurrencyHelpers.SwiftFileList

WriteAuxiliaryFile /Users/steipete/Library/Developer/Xcode/DerivedData/CodeLooper-crrddjihwjtfkwegrjrymctnfixv/Build/Intermediates.noindex/swift-service-lifecycle.build/Debug/ConcurrencyHelpers.build/Objects-normal/arm64/ConcurrencyHelpers_const_extract_protocols.json (in target 'ConcurrencyHelpers' from project 'swift-service-lifecycle')
    cd /Users/steipete/Library/Developer/Xcode/DerivedData/CodeLooper-crrddjihwjtfkwegrjrymctnfixv/SourcePackages/checkouts/swift-service-lifecycle
    write-file /Users/steipete/Library/Developer/Xcode/DerivedData/CodeLooper-crrddjihwjtfkwegrjrymctnfixv/Build/Intermediates.noindex/swift-service-lifecycle.build/Debug/ConcurrencyHelpers.build/Objects-normal/arm64/ConcurrencyHelpers_const_extract_protocols.json

WriteAuxiliaryFile /Users/steipete/Library/Developer/Xcode/DerivedData/CodeLooper-crrddjihwjtfkwegrjrymctnfixv/Build/Intermediates.noindex/swift-service-lifecycle.build/Debug/ConcurrencyHelpers.build/Objects-normal/arm64/ConcurrencyHelpers.SwiftConstValuesFileList (in target 'ConcurrencyHelpers' from project 'swift-service-lifecycle')
    cd /Users/steipete/Library/Developer/Xcode/DerivedData/CodeLooper-crrddjihwjtfkwegrjrymctnfixv/SourcePackages/checkouts/swift-service-lifecycle
    write-file /Users/steipete/Library/Developer/Xcode/DerivedData/CodeLooper-crrddjihwjtfkwegrjrymctnfixv/Build/Intermediates.noindex/swift-service-lifecycle.build/Debug/ConcurrencyHelpers.build/Objects-normal/arm64/ConcurrencyHelpers.SwiftConstValuesFileList

WriteAuxiliaryFile /Users/steipete/Library/Developer/Xcode/DerivedData/CodeLooper-crrddjihwjtfkwegrjrymctnfixv/Build/Intermediates.noindex/swift-service-lifecycle.build/Debug/ConcurrencyHelpers.build/Objects-normal/arm64/ConcurrencyHelpers.LinkFileList (in target 'ConcurrencyHelpers' from project 'swift-service-lifecycle')
    cd /Users/steipete/Library/Developer/Xcode/DerivedData/CodeLooper-crrddjihwjtfkwegrjrymctnfixv/SourcePackages/checkouts/swift-service-lifecycle
    write-file /Users/steipete/Library/Developer/Xcode/DerivedData/CodeLooper-crrddjihwjtfkwegrjrymctnfixv/Build/Intermediates.noindex/swift-service-lifecycle.build/Debug/ConcurrencyHelpers.build/Objects-normal/arm64/ConcurrencyHelpers.LinkFileList

Copy /Users/steipete/Library/Developer/Xcode/DerivedData/CodeLooper-crrddjihwjtfkwegrjrymctnfixv/Build/Intermediates.noindex/GeneratedModuleMaps/Defaults.modulemap /Users/steipete/Library/Developer/Xcode/DerivedData/CodeLooper-crrddjihwjtfkwegrjrymctnfixv/Build/Intermediates.noindex/Defaults.build/Debug/Defaults.build/Defaults.modulemap (in target 'Defaults' from project 'Defaults')
    cd /Users/steipete/Library/Developer/Xcode/DerivedData/CodeLooper-crrddjihwjtfkwegrjrymctnfixv/SourcePackages/checkouts/Defaults
    builtin-copy -exclude .DS_Store -exclude CVS -exclude .svn -exclude .git -exclude .hg -resolve-src-symlinks /Users/steipete/Library/Developer/Xcode/DerivedData/CodeLooper-crrddjihwjtfkwegrjrymctnfixv/Build/Intermediates.noindex/Defaults.build/Debug/Defaults.build/Defaults.modulemap /Users/steipete/Library/Developer/Xcode/DerivedData/CodeLooper-crrddjihwjtfkwegrjrymctnfixv/Build/Intermediates.noindex/GeneratedModuleMaps

WriteAuxiliaryFile /Users/steipete/Library/Developer/Xcode/DerivedData/CodeLooper-crrddjihwjtfkwegrjrymctnfixv/Build/Intermediates.noindex/swift-service-lifecycle.build/Debug/ConcurrencyHelpers.build/Objects-normal/arm64/ConcurrencyHelpers-OutputFileMap.json (in target 'ConcurrencyHelpers' from project 'swift-service-lifecycle')
    cd /Users/steipete/Library/Developer/Xcode/DerivedData/CodeLooper-crrddjihwjtfkwegrjrymctnfixv/SourcePackages/checkouts/swift-service-lifecycle
    write-file /Users/steipete/Library/Developer/Xcode/DerivedData/CodeLooper-crrddjihwjtfkwegrjrymctnfixv/Build/Intermediates.noindex/swift-service-lifecycle.build/Debug/ConcurrencyHelpers.build/Objects-normal/arm64/ConcurrencyHelpers-OutputFileMap.json

WriteAuxiliaryFile /Users/steipete/Library/Developer/Xcode/DerivedData/CodeLooper-crrddjihwjtfkwegrjrymctnfixv/Build/Intermediates.noindex/swift-service-lifecycle.build/Debug/ConcurrencyHelpers.build/ConcurrencyHelpers.modulemap (in target 'ConcurrencyHelpers' from project 'swift-service-lifecycle')
    cd /Users/steipete/Library/Developer/Xcode/DerivedData/CodeLooper-crrddjihwjtfkwegrjrymctnfixv/SourcePackages/checkouts/swift-service-lifecycle
    write-file /Users/steipete/Library/Developer/Xcode/DerivedData/CodeLooper-crrddjihwjtfkwegrjrymctnfixv/Build/Intermediates.noindex/swift-service-lifecycle.build/Debug/ConcurrencyHelpers.build/ConcurrencyHelpers.modulemap

WriteAuxiliaryFile /Users/steipete/Library/Developer/Xcode/DerivedData/CodeLooper-crrddjihwjtfkwegrjrymctnfixv/Build/Intermediates.noindex/swift-service-lifecycle.build/Debug/ConcurrencyHelpers.build/ConcurrencyHelpers.DependencyStaticMetadataFileList (in target 'ConcurrencyHelpers' from project 'swift-service-lifecycle')
    cd /Users/steipete/Library/Developer/Xcode/DerivedData/CodeLooper-crrddjihwjtfkwegrjrymctnfixv/SourcePackages/checkouts/swift-service-lifecycle
    write-file /Users/steipete/Library/Developer/Xcode/DerivedData/CodeLooper-crrddjihwjtfkwegrjrymctnfixv/Build/Intermediates.noindex/swift-service-lifecycle.build/Debug/ConcurrencyHelpers.build/ConcurrencyHelpers.DependencyStaticMetadataFileList

WriteAuxiliaryFile /Users/steipete/Library/Developer/Xcode/DerivedData/CodeLooper-crrddjihwjtfkwegrjrymctnfixv/Build/Intermediates.noindex/swift-service-lifecycle.build/Debug/ConcurrencyHelpers.build/ConcurrencyHelpers.DependencyMetadataFileList (in target 'ConcurrencyHelpers' from project 'swift-service-lifecycle')
    cd /Users/steipete/Library/Developer/Xcode/DerivedData/CodeLooper-crrddjihwjtfkwegrjrymctnfixv/SourcePackages/checkouts/swift-service-lifecycle
    write-file /Users/steipete/Library/Developer/Xcode/DerivedData/CodeLooper-crrddjihwjtfkwegrjrymctnfixv/Build/Intermediates.noindex/swift-service-lifecycle.build/Debug/ConcurrencyHelpers.build/ConcurrencyHelpers.DependencyMetadataFileList

WriteAuxiliaryFile /Users/steipete/Library/Developer/Xcode/DerivedData/CodeLooper-crrddjihwjtfkwegrjrymctnfixv/Build/Intermediates.noindex/swift-collections.build/Debug/Collections.build/Objects-normal/arm64/Collections_const_extract_protocols.json (in target 'Collections' from project 'swift-collections')
    cd /Users/steipete/Library/Developer/Xcode/DerivedData/CodeLooper-crrddjihwjtfkwegrjrymctnfixv/SourcePackages/checkouts/swift-collections
    write-file /Users/steipete/Library/Developer/Xcode/DerivedData/CodeLooper-crrddjihwjtfkwegrjrymctnfixv/Build/Intermediates.noindex/swift-collections.build/Debug/Collections.build/Objects-normal/arm64/Collections_const_extract_protocols.json

WriteAuxiliaryFile /Users/steipete/Library/Developer/Xcode/DerivedData/CodeLooper-crrddjihwjtfkwegrjrymctnfixv/Build/Intermediates.noindex/swift-collections.build/Debug/Collections.build/Objects-normal/arm64/Collections.SwiftFileList (in target 'Collections' from project 'swift-collections')
    cd /Users/steipete/Library/Developer/Xcode/DerivedData/CodeLooper-crrddjihwjtfkwegrjrymctnfixv/SourcePackages/checkouts/swift-collections
    write-file /Users/steipete/Library/Developer/Xcode/DerivedData/CodeLooper-crrddjihwjtfkwegrjrymctnfixv/Build/Intermediates.noindex/swift-collections.build/Debug/Collections.build/Objects-normal/arm64/Collections.SwiftFileList

WriteAuxiliaryFile /Users/steipete/Library/Developer/Xcode/DerivedData/CodeLooper-crrddjihwjtfkwegrjrymctnfixv/Build/Intermediates.noindex/swift-collections.build/Debug/Collections.build/Objects-normal/arm64/Collections.SwiftConstValuesFileList (in target 'Collections' from project 'swift-collections')
    cd /Users/steipete/Library/Developer/Xcode/DerivedData/CodeLooper-crrddjihwjtfkwegrjrymctnfixv/SourcePackages/checkouts/swift-collections
    write-file /Users/steipete/Library/Developer/Xcode/DerivedData/CodeLooper-crrddjihwjtfkwegrjrymctnfixv/Build/Intermediates.noindex/swift-collections.build/Debug/Collections.build/Objects-normal/arm64/Collections.SwiftConstValuesFileList

WriteAuxiliaryFile /Users/steipete/Library/Developer/Xcode/DerivedData/CodeLooper-crrddjihwjtfkwegrjrymctnfixv/Build/Intermediates.noindex/swift-collections.build/Debug/Collections.build/Objects-normal/arm64/Collections.LinkFileList (in target 'Collections' from project 'swift-collections')
    cd /Users/steipete/Library/Developer/Xcode/DerivedData/CodeLooper-crrddjihwjtfkwegrjrymctnfixv/SourcePackages/checkouts/swift-collections
    write-file /Users/steipete/Library/Developer/Xcode/DerivedData/CodeLooper-crrddjihwjtfkwegrjrymctnfixv/Build/Intermediates.noindex/swift-collections.build/Debug/Collections.build/Objects-normal/arm64/Collections.LinkFileList

Copy /Users/steipete/Library/Developer/Xcode/DerivedData/CodeLooper-crrddjihwjtfkwegrjrymctnfixv/Build/Intermediates.noindex/GeneratedModuleMaps/CoreMetrics.modulemap /Users/steipete/Library/Developer/Xcode/DerivedData/CodeLooper-crrddjihwjtfkwegrjrymctnfixv/Build/Intermediates.noindex/swift-metrics.build/Debug/CoreMetrics.build/CoreMetrics.modulemap (in target 'CoreMetrics' from project 'swift-metrics')
    cd /Users/steipete/Library/Developer/Xcode/DerivedData/CodeLooper-crrddjihwjtfkwegrjrymctnfixv/SourcePackages/checkouts/swift-metrics
    builtin-copy -exclude .DS_Store -exclude CVS -exclude .svn -exclude .git -exclude .hg -resolve-src-symlinks /Users/steipete/Library/Developer/Xcode/DerivedData/CodeLooper-crrddjihwjtfkwegrjrymctnfixv/Build/Intermediates.noindex/swift-metrics.build/Debug/CoreMetrics.build/CoreMetrics.modulemap /Users/steipete/Library/Developer/Xcode/DerivedData/CodeLooper-crrddjihwjtfkwegrjrymctnfixv/Build/Intermediates.noindex/GeneratedModuleMaps

WriteAuxiliaryFile /Users/steipete/Library/Developer/Xcode/DerivedData/CodeLooper-crrddjihwjtfkwegrjrymctnfixv/Build/Intermediates.noindex/swift-collections.build/Debug/Collections.build/Objects-normal/arm64/Collections-OutputFileMap.json (in target 'Collections' from project 'swift-collections')
    cd /Users/steipete/Library/Developer/Xcode/DerivedData/CodeLooper-crrddjihwjtfkwegrjrymctnfixv/SourcePackages/checkouts/swift-collections
    write-file /Users/steipete/Library/Developer/Xcode/DerivedData/CodeLooper-crrddjihwjtfkwegrjrymctnfixv/Build/Intermediates.noindex/swift-collections.build/Debug/Collections.build/Objects-normal/arm64/Collections-OutputFileMap.json

WriteAuxiliaryFile /Users/steipete/Library/Developer/Xcode/DerivedData/CodeLooper-crrddjihwjtfkwegrjrymctnfixv/Build/Intermediates.noindex/swift-collections.build/Debug/Collections.build/Collections.DependencyStaticMetadataFileList (in target 'Collections' from project 'swift-collections')
    cd /Users/steipete/Library/Developer/Xcode/DerivedData/CodeLooper-crrddjihwjtfkwegrjrymctnfixv/SourcePackages/checkouts/swift-collections
    write-file /Users/steipete/Library/Developer/Xcode/DerivedData/CodeLooper-crrddjihwjtfkwegrjrymctnfixv/Build/Intermediates.noindex/swift-collections.build/Debug/Collections.build/Collections.DependencyStaticMetadataFileList

WriteAuxiliaryFile /Users/steipete/Library/Developer/Xcode/DerivedData/CodeLooper-crrddjihwjtfkwegrjrymctnfixv/Build/Intermediates.noindex/swift-collections.build/Debug/Collections.build/Collections.modulemap (in target 'Collections' from project 'swift-collections')
    cd /Users/steipete/Library/Developer/Xcode/DerivedData/CodeLooper-crrddjihwjtfkwegrjrymctnfixv/SourcePackages/checkouts/swift-collections
    write-file /Users/steipete/Library/Developer/Xcode/DerivedData/CodeLooper-crrddjihwjtfkwegrjrymctnfixv/Build/Intermediates.noindex/swift-collections.build/Debug/Collections.build/Collections.modulemap

WriteAuxiliaryFile /Users/steipete/Library/Developer/Xcode/DerivedData/CodeLooper-crrddjihwjtfkwegrjrymctnfixv/Build/Intermediates.noindex/swift-collections.build/Debug/Collections.build/Collections.DependencyMetadataFileList (in target 'Collections' from project 'swift-collections')
    cd /Users/steipete/Library/Developer/Xcode/DerivedData/CodeLooper-crrddjihwjtfkwegrjrymctnfixv/SourcePackages/checkouts/swift-collections
    write-file /Users/steipete/Library/Developer/Xcode/DerivedData/CodeLooper-crrddjihwjtfkwegrjrymctnfixv/Build/Intermediates.noindex/swift-collections.build/Debug/Collections.build/Collections.DependencyMetadataFileList

Copy /Users/steipete/Library/Developer/Xcode/DerivedData/CodeLooper-crrddjihwjtfkwegrjrymctnfixv/Build/Intermediates.noindex/GeneratedModuleMaps/CNIOWASI.modulemap /Users/steipete/Library/Developer/Xcode/DerivedData/CodeLooper-crrddjihwjtfkwegrjrymctnfixv/Build/Intermediates.noindex/swift-nio.build/Debug/CNIOWASI.build/CNIOWASI.modulemap (in target 'CNIOWASI' from project 'swift-nio')
    cd /Users/steipete/Library/Developer/Xcode/DerivedData/CodeLooper-crrddjihwjtfkwegrjrymctnfixv/SourcePackages/checkouts/swift-nio
    builtin-copy -exclude .DS_Store -exclude CVS -exclude .svn -exclude .git -exclude .hg -resolve-src-symlinks /Users/steipete/Library/Developer/Xcode/DerivedData/CodeLooper-crrddjihwjtfkwegrjrymctnfixv/Build/Intermediates.noindex/swift-nio.build/Debug/CNIOWASI.build/CNIOWASI.modulemap /Users/steipete/Library/Developer/Xcode/DerivedData/CodeLooper-crrddjihwjtfkwegrjrymctnfixv/Build/Intermediates.noindex/GeneratedModuleMaps

WriteAuxiliaryFile /Users/steipete/Library/Developer/Xcode/DerivedData/CodeLooper-crrddjihwjtfkwegrjrymctnfixv/Build/Intermediates.noindex/swift-nio.build/Debug/CNIOLinux.build/Objects-normal/arm64/7187679823f38a2a940e0043cdf9d637-common-args.resp (in target 'CNIOLinux' from project 'swift-nio')
    cd /Users/steipete/Library/Developer/Xcode/DerivedData/CodeLooper-crrddjihwjtfkwegrjrymctnfixv/SourcePackages/checkouts/swift-nio
    write-file /Users/steipete/Library/Developer/Xcode/DerivedData/CodeLooper-crrddjihwjtfkwegrjrymctnfixv/Build/Intermediates.noindex/swift-nio.build/Debug/CNIOLinux.build/Objects-normal/arm64/7187679823f38a2a940e0043cdf9d637-common-args.resp
-target arm64-apple-macos10.13 -fmodules -gmodules '-fmodules-cache-path=/Users/steipete/Library/Developer/Xcode/DerivedData/ModuleCache.noindex' '-fmodule-name=CNIOLinux' -fpascal-strings -O0 -DSWIFT_PACKAGE '-DDEBUG=1' -D_GNU_SOURCE -isysroot /Applications/Xcode-beta.app/Contents/Developer/Platforms/MacOSX.platform/Developer/SDKs/MacOSX26.0.sdk -g -fprofile-instr-generate -fcoverage-mapping -I/Users/steipete/Library/Developer/Xcode/DerivedData/CodeLooper-crrddjihwjtfkwegrjrymctnfixv/Build/Products/Debug/include -I/Users/steipete/Library/Developer/Xcode/DerivedData/CodeLooper-crrddjihwjtfkwegrjrymctnfixv/SourcePackages/checkouts/swift-nio/Sources/CNIOLinux/include -I/Users/steipete/Library/Developer/Xcode/DerivedData/CodeLooper-crrddjihwjtfkwegrjrymctnfixv/Build/Intermediates.noindex/swift-nio.build/Debug/CNIOLinux.build/DerivedSources-normal/arm64 -I/Users/steipete/Library/Developer/Xcode/DerivedData/CodeLooper-crrddjihwjtfkwegrjrymctnfixv/Build/Intermediates.noindex/swift-nio.build/Debug/CNIOLinux.build/DerivedSources/arm64 -I/Users/steipete/Library/Developer/Xcode/DerivedData/CodeLooper-crrddjihwjtfkwegrjrymctnfixv/Build/Intermediates.noindex/swift-nio.build/Debug/CNIOLinux.build/DerivedSources -F/Users/steipete/Library/Developer/Xcode/DerivedData/CodeLooper-crrddjihwjtfkwegrjrymctnfixv/Build/Products/Debug -iframework /Applications/Xcode-beta.app/Contents/Developer/Platforms/MacOSX.platform/Developer/Library/Frameworks -DXcode

WriteAuxiliaryFile /Users/steipete/Library/Developer/Xcode/DerivedData/CodeLooper-crrddjihwjtfkwegrjrymctnfixv/Build/Intermediates.noindex/swift-nio.build/Debug/CNIOLinux.build/CNIOLinux.modulemap (in target 'CNIOLinux' from project 'swift-nio')
    cd /Users/steipete/Library/Developer/Xcode/DerivedData/CodeLooper-crrddjihwjtfkwegrjrymctnfixv/SourcePackages/checkouts/swift-nio
    write-file /Users/steipete/Library/Developer/Xcode/DerivedData/CodeLooper-crrddjihwjtfkwegrjrymctnfixv/Build/Intermediates.noindex/swift-nio.build/Debug/CNIOLinux.build/CNIOLinux.modulemap

Copy /Users/steipete/Library/Developer/Xcode/DerivedData/CodeLooper-crrddjihwjtfkwegrjrymctnfixv/Build/Intermediates.noindex/GeneratedModuleMaps/ConcurrencyHelpers.modulemap /Users/steipete/Library/Developer/Xcode/DerivedData/CodeLooper-crrddjihwjtfkwegrjrymctnfixv/Build/Intermediates.noindex/swift-service-lifecycle.build/Debug/ConcurrencyHelpers.build/ConcurrencyHelpers.modulemap (in target 'ConcurrencyHelpers' from project 'swift-service-lifecycle')
    cd /Users/steipete/Library/Developer/Xcode/DerivedData/CodeLooper-crrddjihwjtfkwegrjrymctnfixv/SourcePackages/checkouts/swift-service-lifecycle
    builtin-copy -exclude .DS_Store -exclude CVS -exclude .svn -exclude .git -exclude .hg -resolve-src-symlinks /Users/steipete/Library/Developer/Xcode/DerivedData/CodeLooper-crrddjihwjtfkwegrjrymctnfixv/Build/Intermediates.noindex/swift-service-lifecycle.build/Debug/ConcurrencyHelpers.build/ConcurrencyHelpers.modulemap /Users/steipete/Library/Developer/Xcode/DerivedData/CodeLooper-crrddjihwjtfkwegrjrymctnfixv/Build/Intermediates.noindex/GeneratedModuleMaps

WriteAuxiliaryFile /Users/steipete/Library/Developer/Xcode/DerivedData/CodeLooper-crrddjihwjtfkwegrjrymctnfixv/Build/Intermediates.noindex/swift-nio.build/Debug/CNIOLinux.build/CNIOLinux.DependencyStaticMetadataFileList (in target 'CNIOLinux' from project 'swift-nio')
    cd /Users/steipete/Library/Developer/Xcode/DerivedData/CodeLooper-crrddjihwjtfkwegrjrymctnfixv/SourcePackages/checkouts/swift-nio
    write-file /Users/steipete/Library/Developer/Xcode/DerivedData/CodeLooper-crrddjihwjtfkwegrjrymctnfixv/Build/Intermediates.noindex/swift-nio.build/Debug/CNIOLinux.build/CNIOLinux.DependencyStaticMetadataFileList

WriteAuxiliaryFile /Users/steipete/Library/Developer/Xcode/DerivedData/CodeLooper-crrddjihwjtfkwegrjrymctnfixv/Build/Intermediates.noindex/swift-nio.build/Debug/CNIOLinux.build/CNIOLinux.DependencyMetadataFileList (in target 'CNIOLinux' from project 'swift-nio')
    cd /Users/steipete/Library/Developer/Xcode/DerivedData/CodeLooper-crrddjihwjtfkwegrjrymctnfixv/SourcePackages/checkouts/swift-nio
    write-file /Users/steipete/Library/Developer/Xcode/DerivedData/CodeLooper-crrddjihwjtfkwegrjrymctnfixv/Build/Intermediates.noindex/swift-nio.build/Debug/CNIOLinux.build/CNIOLinux.DependencyMetadataFileList

WriteAuxiliaryFile /Users/steipete/Library/Developer/Xcode/DerivedData/CodeLooper-crrddjihwjtfkwegrjrymctnfixv/Build/Intermediates.noindex/swift-nio.build/Debug/CNIOLLHTTP.build/Objects-normal/arm64/7187679823f38a2a940e0043cdf9d637-common-args.resp (in target 'CNIOLLHTTP' from project 'swift-nio')
    cd /Users/steipete/Library/Developer/Xcode/DerivedData/CodeLooper-crrddjihwjtfkwegrjrymctnfixv/SourcePackages/checkouts/swift-nio
    write-file /Users/steipete/Library/Developer/Xcode/DerivedData/CodeLooper-crrddjihwjtfkwegrjrymctnfixv/Build/Intermediates.noindex/swift-nio.build/Debug/CNIOLLHTTP.build/Objects-normal/arm64/7187679823f38a2a940e0043cdf9d637-common-args.resp
-target arm64-apple-macos10.13 -fmodules -gmodules '-fmodules-cache-path=/Users/steipete/Library/Developer/Xcode/DerivedData/ModuleCache.noindex' '-fmodule-name=CNIOLLHTTP' -fpascal-strings -O0 -DSWIFT_PACKAGE '-DDEBUG=1' -D_GNU_SOURCE -DLLHTTP_STRICT_MODE -isysroot /Applications/Xcode-beta.app/Contents/Developer/Platforms/MacOSX.platform/Developer/SDKs/MacOSX26.0.sdk -g -fprofile-instr-generate -fcoverage-mapping -I/Users/steipete/Library/Developer/Xcode/DerivedData/CodeLooper-crrddjihwjtfkwegrjrymctnfixv/Build/Products/Debug/include -I/Users/steipete/Library/Developer/Xcode/DerivedData/CodeLooper-crrddjihwjtfkwegrjrymctnfixv/SourcePackages/checkouts/swift-nio/Sources/CNIOLLHTTP/include -I/Users/steipete/Library/Developer/Xcode/DerivedData/CodeLooper-crrddjihwjtfkwegrjrymctnfixv/Build/Intermediates.noindex/swift-nio.build/Debug/CNIOLLHTTP.build/DerivedSources-normal/arm64 -I/Users/steipete/Library/Developer/Xcode/DerivedData/CodeLooper-crrddjihwjtfkwegrjrymctnfixv/Build/Intermediates.noindex/swift-nio.build/Debug/CNIOLLHTTP.build/DerivedSources/arm64 -I/Users/steipete/Library/Developer/Xcode/DerivedData/CodeLooper-crrddjihwjtfkwegrjrymctnfixv/Build/Intermediates.noindex/swift-nio.build/Debug/CNIOLLHTTP.build/DerivedSources -F/Users/steipete/Library/Developer/Xcode/DerivedData/CodeLooper-crrddjihwjtfkwegrjrymctnfixv/Build/Products/Debug -iframework /Applications/Xcode-beta.app/Contents/Developer/Platforms/MacOSX.platform/Developer/Library/Frameworks -DXcode

WriteAuxiliaryFile /Users/steipete/Library/Developer/Xcode/DerivedData/CodeLooper-crrddjihwjtfkwegrjrymctnfixv/Build/Intermediates.noindex/swift-nio.build/Debug/CNIOLLHTTP.build/Objects-normal/arm64/CNIOLLHTTP.LinkFileList (in target 'CNIOLLHTTP' from project 'swift-nio')
    cd /Users/steipete/Library/Developer/Xcode/DerivedData/CodeLooper-crrddjihwjtfkwegrjrymctnfixv/SourcePackages/checkouts/swift-nio
    write-file /Users/steipete/Library/Developer/Xcode/DerivedData/CodeLooper-crrddjihwjtfkwegrjrymctnfixv/Build/Intermediates.noindex/swift-nio.build/Debug/CNIOLLHTTP.build/Objects-normal/arm64/CNIOLLHTTP.LinkFileList

WriteAuxiliaryFile /Users/steipete/Library/Developer/Xcode/DerivedData/CodeLooper-crrddjihwjtfkwegrjrymctnfixv/Build/Intermediates.noindex/swift-nio.build/Debug/CNIOLLHTTP.build/CNIOLLHTTP.modulemap (in target 'CNIOLLHTTP' from project 'swift-nio')
    cd /Users/steipete/Library/Developer/Xcode/DerivedData/CodeLooper-crrddjihwjtfkwegrjrymctnfixv/SourcePackages/checkouts/swift-nio
    write-file /Users/steipete/Library/Developer/Xcode/DerivedData/CodeLooper-crrddjihwjtfkwegrjrymctnfixv/Build/Intermediates.noindex/swift-nio.build/Debug/CNIOLLHTTP.build/CNIOLLHTTP.modulemap

WriteAuxiliaryFile /Users/steipete/Library/Developer/Xcode/DerivedData/CodeLooper-crrddjihwjtfkwegrjrymctnfixv/Build/Intermediates.noindex/swift-nio.build/Debug/CNIOLLHTTP.build/CNIOLLHTTP.DependencyStaticMetadataFileList (in target 'CNIOLLHTTP' from project 'swift-nio')
    cd /Users/steipete/Library/Developer/Xcode/DerivedData/CodeLooper-crrddjihwjtfkwegrjrymctnfixv/SourcePackages/checkouts/swift-nio
    write-file /Users/steipete/Library/Developer/Xcode/DerivedData/CodeLooper-crrddjihwjtfkwegrjrymctnfixv/Build/Intermediates.noindex/swift-nio.build/Debug/CNIOLLHTTP.build/CNIOLLHTTP.DependencyStaticMetadataFileList

WriteAuxiliaryFile /Users/steipete/Library/Developer/Xcode/DerivedData/CodeLooper-crrddjihwjtfkwegrjrymctnfixv/Build/Intermediates.noindex/swift-nio.build/Debug/CNIOLLHTTP.build/CNIOLLHTTP.DependencyMetadataFileList (in target 'CNIOLLHTTP' from project 'swift-nio')
    cd /Users/steipete/Library/Developer/Xcode/DerivedData/CodeLooper-crrddjihwjtfkwegrjrymctnfixv/SourcePackages/checkouts/swift-nio
    write-file /Users/steipete/Library/Developer/Xcode/DerivedData/CodeLooper-crrddjihwjtfkwegrjrymctnfixv/Build/Intermediates.noindex/swift-nio.build/Debug/CNIOLLHTTP.build/CNIOLLHTTP.DependencyMetadataFileList

WriteAuxiliaryFile /Users/steipete/Library/Developer/Xcode/DerivedData/CodeLooper-crrddjihwjtfkwegrjrymctnfixv/Build/Intermediates.noindex/swift-nio.build/Debug/CNIODarwin.build/CNIODarwin.modulemap (in target 'CNIODarwin' from project 'swift-nio')
    cd /Users/steipete/Library/Developer/Xcode/DerivedData/CodeLooper-crrddjihwjtfkwegrjrymctnfixv/SourcePackages/checkouts/swift-nio
    write-file /Users/steipete/Library/Developer/Xcode/DerivedData/CodeLooper-crrddjihwjtfkwegrjrymctnfixv/Build/Intermediates.noindex/swift-nio.build/Debug/CNIODarwin.build/CNIODarwin.modulemap

Copy /Users/steipete/Library/Developer/Xcode/DerivedData/CodeLooper-crrddjihwjtfkwegrjrymctnfixv/Build/Intermediates.noindex/GeneratedModuleMaps/Collections.modulemap /Users/steipete/Library/Developer/Xcode/DerivedData/CodeLooper-crrddjihwjtfkwegrjrymctnfixv/Build/Intermediates.noindex/swift-collections.build/Debug/Collections.build/Collections.modulemap (in target 'Collections' from project 'swift-collections')
    cd /Users/steipete/Library/Developer/Xcode/DerivedData/CodeLooper-crrddjihwjtfkwegrjrymctnfixv/SourcePackages/checkouts/swift-collections
    builtin-copy -exclude .DS_Store -exclude CVS -exclude .svn -exclude .git -exclude .hg -resolve-src-symlinks /Users/steipete/Library/Developer/Xcode/DerivedData/CodeLooper-crrddjihwjtfkwegrjrymctnfixv/Build/Intermediates.noindex/swift-collections.build/Debug/Collections.build/Collections.modulemap /Users/steipete/Library/Developer/Xcode/DerivedData/CodeLooper-crrddjihwjtfkwegrjrymctnfixv/Build/Intermediates.noindex/GeneratedModuleMaps

WriteAuxiliaryFile /Users/steipete/Library/Developer/Xcode/DerivedData/CodeLooper-crrddjihwjtfkwegrjrymctnfixv/Build/Intermediates.noindex/swift-nio.build/Debug/CNIODarwin.build/Objects-normal/arm64/7187679823f38a2a940e0043cdf9d637-common-args.resp (in target 'CNIODarwin' from project 'swift-nio')
    cd /Users/steipete/Library/Developer/Xcode/DerivedData/CodeLooper-crrddjihwjtfkwegrjrymctnfixv/SourcePackages/checkouts/swift-nio
    write-file /Users/steipete/Library/Developer/Xcode/DerivedData/CodeLooper-crrddjihwjtfkwegrjrymctnfixv/Build/Intermediates.noindex/swift-nio.build/Debug/CNIODarwin.build/Objects-normal/arm64/7187679823f38a2a940e0043cdf9d637-common-args.resp
-target arm64-apple-macos10.13 -fmodules -gmodules '-fmodules-cache-path=/Users/steipete/Library/Developer/Xcode/DerivedData/ModuleCache.noindex' '-fmodule-name=CNIODarwin' -fpascal-strings -O0 -DSWIFT_PACKAGE '-DDEBUG=1' -D__APPLE_USE_RFC_3542 -isysroot /Applications/Xcode-beta.app/Contents/Developer/Platforms/MacOSX.platform/Developer/SDKs/MacOSX26.0.sdk -g -fprofile-instr-generate -fcoverage-mapping -I/Users/steipete/Library/Developer/Xcode/DerivedData/CodeLooper-crrddjihwjtfkwegrjrymctnfixv/Build/Products/Debug/include -I/Users/steipete/Library/Developer/Xcode/DerivedData/CodeLooper-crrddjihwjtfkwegrjrymctnfixv/SourcePackages/checkouts/swift-nio/Sources/CNIODarwin/include -I/Users/steipete/Library/Developer/Xcode/DerivedData/CodeLooper-crrddjihwjtfkwegrjrymctnfixv/Build/Intermediates.noindex/swift-nio.build/Debug/CNIODarwin.build/DerivedSources-normal/arm64 -I/Users/steipete/Library/Developer/Xcode/DerivedData/CodeLooper-crrddjihwjtfkwegrjrymctnfixv/Build/Intermediates.noindex/swift-nio.build/Debug/CNIODarwin.build/DerivedSources/arm64 -I/Users/steipete/Library/Developer/Xcode/DerivedData/CodeLooper-crrddjihwjtfkwegrjrymctnfixv/Build/Intermediates.noindex/swift-nio.build/Debug/CNIODarwin.build/DerivedSources -F/Users/steipete/Library/Developer/Xcode/DerivedData/CodeLooper-crrddjihwjtfkwegrjrymctnfixv/Build/Products/Debug -iframework /Applications/Xcode-beta.app/Contents/Developer/Platforms/MacOSX.platform/Developer/Library/Frameworks -DXcode

WriteAuxiliaryFile /Users/steipete/Library/Developer/Xcode/DerivedData/CodeLooper-crrddjihwjtfkwegrjrymctnfixv/Build/Intermediates.noindex/swift-nio.build/Debug/CNIODarwin.build/Objects-normal/arm64/CNIODarwin.LinkFileList (in target 'CNIODarwin' from project 'swift-nio')
    cd /Users/steipete/Library/Developer/Xcode/DerivedData/CodeLooper-crrddjihwjtfkwegrjrymctnfixv/SourcePackages/checkouts/swift-nio
    write-file /Users/steipete/Library/Developer/Xcode/DerivedData/CodeLooper-crrddjihwjtfkwegrjrymctnfixv/Build/Intermediates.noindex/swift-nio.build/Debug/CNIODarwin.build/Objects-normal/arm64/CNIODarwin.LinkFileList

WriteAuxiliaryFile /Users/steipete/Library/Developer/Xcode/DerivedData/CodeLooper-crrddjihwjtfkwegrjrymctnfixv/Build/Intermediates.noindex/swift-nio.build/Debug/CNIODarwin.build/CNIODarwin.DependencyStaticMetadataFileList (in target 'CNIODarwin' from project 'swift-nio')
    cd /Users/steipete/Library/Developer/Xcode/DerivedData/CodeLooper-crrddjihwjtfkwegrjrymctnfixv/SourcePackages/checkouts/swift-nio
    write-file /Users/steipete/Library/Developer/Xcode/DerivedData/CodeLooper-crrddjihwjtfkwegrjrymctnfixv/Build/Intermediates.noindex/swift-nio.build/Debug/CNIODarwin.build/CNIODarwin.DependencyStaticMetadataFileList

WriteAuxiliaryFile /Users/steipete/Library/Developer/Xcode/DerivedData/CodeLooper-crrddjihwjtfkwegrjrymctnfixv/Build/Intermediates.noindex/swift-nio.build/Debug/CNIODarwin.build/CNIODarwin.DependencyMetadataFileList (in target 'CNIODarwin' from project 'swift-nio')
    cd /Users/steipete/Library/Developer/Xcode/DerivedData/CodeLooper-crrddjihwjtfkwegrjrymctnfixv/SourcePackages/checkouts/swift-nio
    write-file /Users/steipete/Library/Developer/Xcode/DerivedData/CodeLooper-crrddjihwjtfkwegrjrymctnfixv/Build/Intermediates.noindex/swift-nio.build/Debug/CNIODarwin.build/CNIODarwin.DependencyMetadataFileList

Copy /Users/steipete/Library/Developer/Xcode/DerivedData/CodeLooper-crrddjihwjtfkwegrjrymctnfixv/Build/Intermediates.noindex/GeneratedModuleMaps/CNIOLinux.modulemap /Users/steipete/Library/Developer/Xcode/DerivedData/CodeLooper-crrddjihwjtfkwegrjrymctnfixv/Build/Intermediates.noindex/swift-nio.build/Debug/CNIOLinux.build/CNIOLinux.modulemap (in target 'CNIOLinux' from project 'swift-nio')
    cd /Users/steipete/Library/Developer/Xcode/DerivedData/CodeLooper-crrddjihwjtfkwegrjrymctnfixv/SourcePackages/checkouts/swift-nio
    builtin-copy -exclude .DS_Store -exclude CVS -exclude .svn -exclude .git -exclude .hg -resolve-src-symlinks /Users/steipete/Library/Developer/Xcode/DerivedData/CodeLooper-crrddjihwjtfkwegrjrymctnfixv/Build/Intermediates.noindex/swift-nio.build/Debug/CNIOLinux.build/CNIOLinux.modulemap /Users/steipete/Library/Developer/Xcode/DerivedData/CodeLooper-crrddjihwjtfkwegrjrymctnfixv/Build/Intermediates.noindex/GeneratedModuleMaps

WriteAuxiliaryFile /Users/steipete/Library/Developer/Xcode/DerivedData/CodeLooper-crrddjihwjtfkwegrjrymctnfixv/Build/Intermediates.noindex/swift-nio.build/Debug/CNIOAtomics.build/Objects-normal/arm64/7187679823f38a2a940e0043cdf9d637-common-args.resp (in target 'CNIOAtomics' from project 'swift-nio')
    cd /Users/steipete/Library/Developer/Xcode/DerivedData/CodeLooper-crrddjihwjtfkwegrjrymctnfixv/SourcePackages/checkouts/swift-nio
    write-file /Users/steipete/Library/Developer/Xcode/DerivedData/CodeLooper-crrddjihwjtfkwegrjrymctnfixv/Build/Intermediates.noindex/swift-nio.build/Debug/CNIOAtomics.build/Objects-normal/arm64/7187679823f38a2a940e0043cdf9d637-common-args.resp
-target arm64-apple-macos10.13 -fmodules -gmodules '-fmodules-cache-path=/Users/steipete/Library/Developer/Xcode/DerivedData/ModuleCache.noindex' '-fmodule-name=CNIOAtomics' -fpascal-strings -O0 -DSWIFT_PACKAGE '-DDEBUG=1' -D_GNU_SOURCE -isysroot /Applications/Xcode-beta.app/Contents/Developer/Platforms/MacOSX.platform/Developer/SDKs/MacOSX26.0.sdk -g -fprofile-instr-generate -fcoverage-mapping -I/Users/steipete/Library/Developer/Xcode/DerivedData/CodeLooper-crrddjihwjtfkwegrjrymctnfixv/Build/Products/Debug/include -I/Users/steipete/Library/Developer/Xcode/DerivedData/CodeLooper-crrddjihwjtfkwegrjrymctnfixv/SourcePackages/checkouts/swift-nio/Sources/CNIOAtomics/include -I/Users/steipete/Library/Developer/Xcode/DerivedData/CodeLooper-crrddjihwjtfkwegrjrymctnfixv/Build/Intermediates.noindex/swift-nio.build/Debug/CNIOAtomics.build/DerivedSources-normal/arm64 -I/Users/steipete/Library/Developer/Xcode/DerivedData/CodeLooper-crrddjihwjtfkwegrjrymctnfixv/Build/Intermediates.noindex/swift-nio.build/Debug/CNIOAtomics.build/DerivedSources/arm64 -I/Users/steipete/Library/Developer/Xcode/DerivedData/CodeLooper-crrddjihwjtfkwegrjrymctnfixv/Build/Intermediates.noindex/swift-nio.build/Debug/CNIOAtomics.build/DerivedSources -F/Users/steipete/Library/Developer/Xcode/DerivedData/CodeLooper-crrddjihwjtfkwegrjrymctnfixv/Build/Products/Debug -iframework /Applications/Xcode-beta.app/Contents/Developer/Platforms/MacOSX.platform/Developer/Library/Frameworks -DXcode

WriteAuxiliaryFile /Users/steipete/Library/Developer/Xcode/DerivedData/CodeLooper-crrddjihwjtfkwegrjrymctnfixv/Build/Intermediates.noindex/swift-nio.build/Debug/CNIOAtomics.build/CNIOAtomics.modulemap (in target 'CNIOAtomics' from project 'swift-nio')
    cd /Users/steipete/Library/Developer/Xcode/DerivedData/CodeLooper-crrddjihwjtfkwegrjrymctnfixv/SourcePackages/checkouts/swift-nio
    write-file /Users/steipete/Library/Developer/Xcode/DerivedData/CodeLooper-crrddjihwjtfkwegrjrymctnfixv/Build/Intermediates.noindex/swift-nio.build/Debug/CNIOAtomics.build/CNIOAtomics.modulemap

WriteAuxiliaryFile /Users/steipete/Library/Developer/Xcode/DerivedData/CodeLooper-crrddjihwjtfkwegrjrymctnfixv/Build/Intermediates.noindex/swift-nio.build/Debug/CNIOAtomics.build/CNIOAtomics.DependencyStaticMetadataFileList (in target 'CNIOAtomics' from project 'swift-nio')
    cd /Users/steipete/Library/Developer/Xcode/DerivedData/CodeLooper-crrddjihwjtfkwegrjrymctnfixv/SourcePackages/checkouts/swift-nio
    write-file /Users/steipete/Library/Developer/Xcode/DerivedData/CodeLooper-crrddjihwjtfkwegrjrymctnfixv/Build/Intermediates.noindex/swift-nio.build/Debug/CNIOAtomics.build/CNIOAtomics.DependencyStaticMetadataFileList

WriteAuxiliaryFile /Users/steipete/Library/Developer/Xcode/DerivedData/CodeLooper-crrddjihwjtfkwegrjrymctnfixv/Build/Intermediates.noindex/swift-nio.build/Debug/CNIOAtomics.build/CNIOAtomics.DependencyMetadataFileList (in target 'CNIOAtomics' from project 'swift-nio')
    cd /Users/steipete/Library/Developer/Xcode/DerivedData/CodeLooper-crrddjihwjtfkwegrjrymctnfixv/SourcePackages/checkouts/swift-nio
    write-file /Users/steipete/Library/Developer/Xcode/DerivedData/CodeLooper-crrddjihwjtfkwegrjrymctnfixv/Build/Intermediates.noindex/swift-nio.build/Debug/CNIOAtomics.build/CNIOAtomics.DependencyMetadataFileList

Copy /Users/steipete/Library/Developer/Xcode/DerivedData/CodeLooper-crrddjihwjtfkwegrjrymctnfixv/Build/Intermediates.noindex/GeneratedModuleMaps/CNIOLLHTTP.modulemap /Users/steipete/Library/Developer/Xcode/DerivedData/CodeLooper-crrddjihwjtfkwegrjrymctnfixv/Build/Intermediates.noindex/swift-nio.build/Debug/CNIOLLHTTP.build/CNIOLLHTTP.modulemap (in target 'CNIOLLHTTP' from project 'swift-nio')
    cd /Users/steipete/Library/Developer/Xcode/DerivedData/CodeLooper-crrddjihwjtfkwegrjrymctnfixv/SourcePackages/checkouts/swift-nio
    builtin-copy -exclude .DS_Store -exclude CVS -exclude .svn -exclude .git -exclude .hg -resolve-src-symlinks /Users/steipete/Library/Developer/Xcode/DerivedData/CodeLooper-crrddjihwjtfkwegrjrymctnfixv/Build/Intermediates.noindex/swift-nio.build/Debug/CNIOLLHTTP.build/CNIOLLHTTP.modulemap /Users/steipete/Library/Developer/Xcode/DerivedData/CodeLooper-crrddjihwjtfkwegrjrymctnfixv/Build/Intermediates.noindex/GeneratedModuleMaps

WriteAuxiliaryFile /Users/steipete/Library/Developer/Xcode/DerivedData/CodeLooper-crrddjihwjtfkwegrjrymctnfixv/Build/Intermediates.noindex/swift-collections.build/Debug/BitCollections.build/Objects-normal/arm64/BitCollections.SwiftFileList (in target 'BitCollections' from project 'swift-collections')
    cd /Users/steipete/Library/Developer/Xcode/DerivedData/CodeLooper-crrddjihwjtfkwegrjrymctnfixv/SourcePackages/checkouts/swift-collections
    write-file /Users/steipete/Library/Developer/Xcode/DerivedData/CodeLooper-crrddjihwjtfkwegrjrymctnfixv/Build/Intermediates.noindex/swift-collections.build/Debug/BitCollections.build/Objects-normal/arm64/BitCollections.SwiftFileList

WriteAuxiliaryFile /Users/steipete/Library/Developer/Xcode/DerivedData/CodeLooper-crrddjihwjtfkwegrjrymctnfixv/Build/Intermediates.noindex/swift-collections.build/Debug/BitCollections.build/Objects-normal/arm64/BitCollections_const_extract_protocols.json (in target 'BitCollections' from project 'swift-collections')
    cd /Users/steipete/Library/Developer/Xcode/DerivedData/CodeLooper-crrddjihwjtfkwegrjrymctnfixv/SourcePackages/checkouts/swift-collections
    write-file /Users/steipete/Library/Developer/Xcode/DerivedData/CodeLooper-crrddjihwjtfkwegrjrymctnfixv/Build/Intermediates.noindex/swift-collections.build/Debug/BitCollections.build/Objects-normal/arm64/BitCollections_const_extract_protocols.json

WriteAuxiliaryFile /Users/steipete/Library/Developer/Xcode/DerivedData/CodeLooper-crrddjihwjtfkwegrjrymctnfixv/Build/Intermediates.noindex/swift-collections.build/Debug/BitCollections.build/Objects-normal/arm64/BitCollections.SwiftConstValuesFileList (in target 'BitCollections' from project 'swift-collections')
    cd /Users/steipete/Library/Developer/Xcode/DerivedData/CodeLooper-crrddjihwjtfkwegrjrymctnfixv/SourcePackages/checkouts/swift-collections
    write-file /Users/steipete/Library/Developer/Xcode/DerivedData/CodeLooper-crrddjihwjtfkwegrjrymctnfixv/Build/Intermediates.noindex/swift-collections.build/Debug/BitCollections.build/Objects-normal/arm64/BitCollections.SwiftConstValuesFileList

WriteAuxiliaryFile /Users/steipete/Library/Developer/Xcode/DerivedData/CodeLooper-crrddjihwjtfkwegrjrymctnfixv/Build/Intermediates.noindex/swift-collections.build/Debug/BitCollections.build/Objects-normal/arm64/BitCollections.LinkFileList (in target 'BitCollections' from project 'swift-collections')
    cd /Users/steipete/Library/Developer/Xcode/DerivedData/CodeLooper-crrddjihwjtfkwegrjrymctnfixv/SourcePackages/checkouts/swift-collections
    write-file /Users/steipete/Library/Developer/Xcode/DerivedData/CodeLooper-crrddjihwjtfkwegrjrymctnfixv/Build/Intermediates.noindex/swift-collections.build/Debug/BitCollections.build/Objects-normal/arm64/BitCollections.LinkFileList

WriteAuxiliaryFile /Users/steipete/Library/Developer/Xcode/DerivedData/CodeLooper-crrddjihwjtfkwegrjrymctnfixv/Build/Intermediates.noindex/swift-collections.build/Debug/BitCollections.build/Objects-normal/arm64/BitCollections-OutputFileMap.json (in target 'BitCollections' from project 'swift-collections')
    cd /Users/steipete/Library/Developer/Xcode/DerivedData/CodeLooper-crrddjihwjtfkwegrjrymctnfixv/SourcePackages/checkouts/swift-collections
    write-file /Users/steipete/Library/Developer/Xcode/DerivedData/CodeLooper-crrddjihwjtfkwegrjrymctnfixv/Build/Intermediates.noindex/swift-collections.build/Debug/BitCollections.build/Objects-normal/arm64/BitCollections-OutputFileMap.json

Copy /Users/steipete/Library/Developer/Xcode/DerivedData/CodeLooper-crrddjihwjtfkwegrjrymctnfixv/Build/Intermediates.noindex/GeneratedModuleMaps/CNIODarwin.modulemap /Users/steipete/Library/Developer/Xcode/DerivedData/CodeLooper-crrddjihwjtfkwegrjrymctnfixv/Build/Intermediates.noindex/swift-nio.build/Debug/CNIODarwin.build/CNIODarwin.modulemap (in target 'CNIODarwin' from project 'swift-nio')
    cd /Users/steipete/Library/Developer/Xcode/DerivedData/CodeLooper-crrddjihwjtfkwegrjrymctnfixv/SourcePackages/checkouts/swift-nio
    builtin-copy -exclude .DS_Store -exclude CVS -exclude .svn -exclude .git -exclude .hg -resolve-src-symlinks /Users/steipete/Library/Developer/Xcode/DerivedData/CodeLooper-crrddjihwjtfkwegrjrymctnfixv/Build/Intermediates.noindex/swift-nio.build/Debug/CNIODarwin.build/CNIODarwin.modulemap /Users/steipete/Library/Developer/Xcode/DerivedData/CodeLooper-crrddjihwjtfkwegrjrymctnfixv/Build/Intermediates.noindex/GeneratedModuleMaps

WriteAuxiliaryFile /Users/steipete/Library/Developer/Xcode/DerivedData/CodeLooper-crrddjihwjtfkwegrjrymctnfixv/Build/Intermediates.noindex/swift-collections.build/Debug/BitCollections.build/BitCollections.modulemap (in target 'BitCollections' from project 'swift-collections')
    cd /Users/steipete/Library/Developer/Xcode/DerivedData/CodeLooper-crrddjihwjtfkwegrjrymctnfixv/SourcePackages/checkouts/swift-collections
    write-file /Users/steipete/Library/Developer/Xcode/DerivedData/CodeLooper-crrddjihwjtfkwegrjrymctnfixv/Build/Intermediates.noindex/swift-collections.build/Debug/BitCollections.build/BitCollections.modulemap

WriteAuxiliaryFile /Users/steipete/Library/Developer/Xcode/DerivedData/CodeLooper-crrddjihwjtfkwegrjrymctnfixv/Build/Intermediates.noindex/swift-collections.build/Debug/BitCollections.build/BitCollections.DependencyStaticMetadataFileList (in target 'BitCollections' from project 'swift-collections')
    cd /Users/steipete/Library/Developer/Xcode/DerivedData/CodeLooper-crrddjihwjtfkwegrjrymctnfixv/SourcePackages/checkouts/swift-collections
    write-file /Users/steipete/Library/Developer/Xcode/DerivedData/CodeLooper-crrddjihwjtfkwegrjrymctnfixv/Build/Intermediates.noindex/swift-collections.build/Debug/BitCollections.build/BitCollections.DependencyStaticMetadataFileList

WriteAuxiliaryFile /Users/steipete/Library/Developer/Xcode/DerivedData/CodeLooper-crrddjihwjtfkwegrjrymctnfixv/Build/Intermediates.noindex/swift-collections.build/Debug/BitCollections.build/BitCollections.DependencyMetadataFileList (in target 'BitCollections' from project 'swift-collections')
    cd /Users/steipete/Library/Developer/Xcode/DerivedData/CodeLooper-crrddjihwjtfkwegrjrymctnfixv/SourcePackages/checkouts/swift-collections
    write-file /Users/steipete/Library/Developer/Xcode/DerivedData/CodeLooper-crrddjihwjtfkwegrjrymctnfixv/Build/Intermediates.noindex/swift-collections.build/Debug/BitCollections.build/BitCollections.DependencyMetadataFileList

WriteAuxiliaryFile /Users/steipete/Library/Developer/Xcode/DerivedData/CodeLooper-crrddjihwjtfkwegrjrymctnfixv/Build/Intermediates.noindex/swift-atomics.build/Debug/Atomics.build/Objects-normal/arm64/Atomics_const_extract_protocols.json (in target 'Atomics' from project 'swift-atomics')
    cd /Users/steipete/Library/Developer/Xcode/DerivedData/CodeLooper-crrddjihwjtfkwegrjrymctnfixv/SourcePackages/checkouts/swift-atomics
    write-file /Users/steipete/Library/Developer/Xcode/DerivedData/CodeLooper-crrddjihwjtfkwegrjrymctnfixv/Build/Intermediates.noindex/swift-atomics.build/Debug/Atomics.build/Objects-normal/arm64/Atomics_const_extract_protocols.json

WriteAuxiliaryFile /Users/steipete/Library/Developer/Xcode/DerivedData/CodeLooper-crrddjihwjtfkwegrjrymctnfixv/Build/Intermediates.noindex/swift-atomics.build/Debug/Atomics.build/Objects-normal/arm64/Atomics.SwiftFileList (in target 'Atomics' from project 'swift-atomics')
    cd /Users/steipete/Library/Developer/Xcode/DerivedData/CodeLooper-crrddjihwjtfkwegrjrymctnfixv/SourcePackages/checkouts/swift-atomics
    write-file /Users/steipete/Library/Developer/Xcode/DerivedData/CodeLooper-crrddjihwjtfkwegrjrymctnfixv/Build/Intermediates.noindex/swift-atomics.build/Debug/Atomics.build/Objects-normal/arm64/Atomics.SwiftFileList

Copy /Users/steipete/Library/Developer/Xcode/DerivedData/CodeLooper-crrddjihwjtfkwegrjrymctnfixv/Build/Intermediates.noindex/GeneratedModuleMaps/CNIOAtomics.modulemap /Users/steipete/Library/Developer/Xcode/DerivedData/CodeLooper-crrddjihwjtfkwegrjrymctnfixv/Build/Intermediates.noindex/swift-nio.build/Debug/CNIOAtomics.build/CNIOAtomics.modulemap (in target 'CNIOAtomics' from project 'swift-nio')
    cd /Users/steipete/Library/Developer/Xcode/DerivedData/CodeLooper-crrddjihwjtfkwegrjrymctnfixv/SourcePackages/checkouts/swift-nio
    builtin-copy -exclude .DS_Store -exclude CVS -exclude .svn -exclude .git -exclude .hg -resolve-src-symlinks /Users/steipete/Library/Developer/Xcode/DerivedData/CodeLooper-crrddjihwjtfkwegrjrymctnfixv/Build/Intermediates.noindex/swift-nio.build/Debug/CNIOAtomics.build/CNIOAtomics.modulemap /Users/steipete/Library/Developer/Xcode/DerivedData/CodeLooper-crrddjihwjtfkwegrjrymctnfixv/Build/Intermediates.noindex/GeneratedModuleMaps

WriteAuxiliaryFile /Users/steipete/Library/Developer/Xcode/DerivedData/CodeLooper-crrddjihwjtfkwegrjrymctnfixv/Build/Intermediates.noindex/swift-atomics.build/Debug/Atomics.build/Objects-normal/arm64/Atomics.SwiftConstValuesFileList (in target 'Atomics' from project 'swift-atomics')
    cd /Users/steipete/Library/Developer/Xcode/DerivedData/CodeLooper-crrddjihwjtfkwegrjrymctnfixv/SourcePackages/checkouts/swift-atomics
    write-file /Users/steipete/Library/Developer/Xcode/DerivedData/CodeLooper-crrddjihwjtfkwegrjrymctnfixv/Build/Intermediates.noindex/swift-atomics.build/Debug/Atomics.build/Objects-normal/arm64/Atomics.SwiftConstValuesFileList

WriteAuxiliaryFile /Users/steipete/Library/Developer/Xcode/DerivedData/CodeLooper-crrddjihwjtfkwegrjrymctnfixv/Build/Intermediates.noindex/swift-atomics.build/Debug/Atomics.build/Objects-normal/arm64/Atomics.LinkFileList (in target 'Atomics' from project 'swift-atomics')
    cd /Users/steipete/Library/Developer/Xcode/DerivedData/CodeLooper-crrddjihwjtfkwegrjrymctnfixv/SourcePackages/checkouts/swift-atomics
    write-file /Users/steipete/Library/Developer/Xcode/DerivedData/CodeLooper-crrddjihwjtfkwegrjrymctnfixv/Build/Intermediates.noindex/swift-atomics.build/Debug/Atomics.build/Objects-normal/arm64/Atomics.LinkFileList

WriteAuxiliaryFile /Users/steipete/Library/Developer/Xcode/DerivedData/CodeLooper-crrddjihwjtfkwegrjrymctnfixv/Build/Intermediates.noindex/swift-atomics.build/Debug/Atomics.build/Objects-normal/arm64/Atomics-OutputFileMap.json (in target 'Atomics' from project 'swift-atomics')
    cd /Users/steipete/Library/Developer/Xcode/DerivedData/CodeLooper-crrddjihwjtfkwegrjrymctnfixv/SourcePackages/checkouts/swift-atomics
    write-file /Users/steipete/Library/Developer/Xcode/DerivedData/CodeLooper-crrddjihwjtfkwegrjrymctnfixv/Build/Intermediates.noindex/swift-atomics.build/Debug/Atomics.build/Objects-normal/arm64/Atomics-OutputFileMap.json

WriteAuxiliaryFile /Users/steipete/Library/Developer/Xcode/DerivedData/CodeLooper-crrddjihwjtfkwegrjrymctnfixv/Build/Intermediates.noindex/swift-atomics.build/Debug/Atomics.build/Atomics.modulemap (in target 'Atomics' from project 'swift-atomics')
    cd /Users/steipete/Library/Developer/Xcode/DerivedData/CodeLooper-crrddjihwjtfkwegrjrymctnfixv/SourcePackages/checkouts/swift-atomics
    write-file /Users/steipete/Library/Developer/Xcode/DerivedData/CodeLooper-crrddjihwjtfkwegrjrymctnfixv/Build/Intermediates.noindex/swift-atomics.build/Debug/Atomics.build/Atomics.modulemap

WriteAuxiliaryFile /Users/steipete/Library/Developer/Xcode/DerivedData/CodeLooper-crrddjihwjtfkwegrjrymctnfixv/Build/Intermediates.noindex/swift-atomics.build/Debug/Atomics.build/Atomics.DependencyStaticMetadataFileList (in target 'Atomics' from project 'swift-atomics')
    cd /Users/steipete/Library/Developer/Xcode/DerivedData/CodeLooper-crrddjihwjtfkwegrjrymctnfixv/SourcePackages/checkouts/swift-atomics
    write-file /Users/steipete/Library/Developer/Xcode/DerivedData/CodeLooper-crrddjihwjtfkwegrjrymctnfixv/Build/Intermediates.noindex/swift-atomics.build/Debug/Atomics.build/Atomics.DependencyStaticMetadataFileList

WriteAuxiliaryFile /Users/steipete/Library/Developer/Xcode/DerivedData/CodeLooper-crrddjihwjtfkwegrjrymctnfixv/Build/Intermediates.noindex/swift-atomics.build/Debug/Atomics.build/Atomics.DependencyMetadataFileList (in target 'Atomics' from project 'swift-atomics')
    cd /Users/steipete/Library/Developer/Xcode/DerivedData/CodeLooper-crrddjihwjtfkwegrjrymctnfixv/SourcePackages/checkouts/swift-atomics
    write-file /Users/steipete/Library/Developer/Xcode/DerivedData/CodeLooper-crrddjihwjtfkwegrjrymctnfixv/Build/Intermediates.noindex/swift-atomics.build/Debug/Atomics.build/Atomics.DependencyMetadataFileList

WriteAuxiliaryFile /Users/steipete/Library/Developer/Xcode/DerivedData/CodeLooper-crrddjihwjtfkwegrjrymctnfixv/Build/Intermediates.noindex/swift-async-algorithms.build/Debug/AsyncAlgorithms.build/Objects-normal/arm64/AsyncAlgorithms_const_extract_protocols.json (in target 'AsyncAlgorithms' from project 'swift-async-algorithms')
    cd /Users/steipete/Library/Developer/Xcode/DerivedData/CodeLooper-crrddjihwjtfkwegrjrymctnfixv/SourcePackages/checkouts/swift-async-algorithms
    write-file /Users/steipete/Library/Developer/Xcode/DerivedData/CodeLooper-crrddjihwjtfkwegrjrymctnfixv/Build/Intermediates.noindex/swift-async-algorithms.build/Debug/AsyncAlgorithms.build/Objects-normal/arm64/AsyncAlgorithms_const_extract_protocols.json

WriteAuxiliaryFile /Users/steipete/Library/Developer/Xcode/DerivedData/CodeLooper-crrddjihwjtfkwegrjrymctnfixv/Build/Intermediates.noindex/swift-async-algorithms.build/Debug/AsyncAlgorithms.build/Objects-normal/arm64/AsyncAlgorithms.SwiftFileList (in target 'AsyncAlgorithms' from project 'swift-async-algorithms')
    cd /Users/steipete/Library/Developer/Xcode/DerivedData/CodeLooper-crrddjihwjtfkwegrjrymctnfixv/SourcePackages/checkouts/swift-async-algorithms
    write-file /Users/steipete/Library/Developer/Xcode/DerivedData/CodeLooper-crrddjihwjtfkwegrjrymctnfixv/Build/Intermediates.noindex/swift-async-algorithms.build/Debug/AsyncAlgorithms.build/Objects-normal/arm64/AsyncAlgorithms.SwiftFileList

WriteAuxiliaryFile /Users/steipete/Library/Developer/Xcode/DerivedData/CodeLooper-crrddjihwjtfkwegrjrymctnfixv/Build/Intermediates.noindex/swift-async-algorithms.build/Debug/AsyncAlgorithms.build/Objects-normal/arm64/AsyncAlgorithms.SwiftConstValuesFileList (in target 'AsyncAlgorithms' from project 'swift-async-algorithms')
    cd /Users/steipete/Library/Developer/Xcode/DerivedData/CodeLooper-crrddjihwjtfkwegrjrymctnfixv/SourcePackages/checkouts/swift-async-algorithms
    write-file /Users/steipete/Library/Developer/Xcode/DerivedData/CodeLooper-crrddjihwjtfkwegrjrymctnfixv/Build/Intermediates.noindex/swift-async-algorithms.build/Debug/AsyncAlgorithms.build/Objects-normal/arm64/AsyncAlgorithms.SwiftConstValuesFileList

WriteAuxiliaryFile /Users/steipete/Library/Developer/Xcode/DerivedData/CodeLooper-crrddjihwjtfkwegrjrymctnfixv/Build/Intermediates.noindex/swift-async-algorithms.build/Debug/AsyncAlgorithms.build/Objects-normal/arm64/AsyncAlgorithms.LinkFileList (in target 'AsyncAlgorithms' from project 'swift-async-algorithms')
    cd /Users/steipete/Library/Developer/Xcode/DerivedData/CodeLooper-crrddjihwjtfkwegrjrymctnfixv/SourcePackages/checkouts/swift-async-algorithms
    write-file /Users/steipete/Library/Developer/Xcode/DerivedData/CodeLooper-crrddjihwjtfkwegrjrymctnfixv/Build/Intermediates.noindex/swift-async-algorithms.build/Debug/AsyncAlgorithms.build/Objects-normal/arm64/AsyncAlgorithms.LinkFileList

WriteAuxiliaryFile /Users/steipete/Library/Developer/Xcode/DerivedData/CodeLooper-crrddjihwjtfkwegrjrymctnfixv/Build/Intermediates.noindex/swift-async-algorithms.build/Debug/AsyncAlgorithms.build/Objects-normal/arm64/AsyncAlgorithms-OutputFileMap.json (in target 'AsyncAlgorithms' from project 'swift-async-algorithms')
    cd /Users/steipete/Library/Developer/Xcode/DerivedData/CodeLooper-crrddjihwjtfkwegrjrymctnfixv/SourcePackages/checkouts/swift-async-algorithms
    write-file /Users/steipete/Library/Developer/Xcode/DerivedData/CodeLooper-crrddjihwjtfkwegrjrymctnfixv/Build/Intermediates.noindex/swift-async-algorithms.build/Debug/AsyncAlgorithms.build/Objects-normal/arm64/AsyncAlgorithms-OutputFileMap.json

WriteAuxiliaryFile /Users/steipete/Library/Developer/Xcode/DerivedData/CodeLooper-crrddjihwjtfkwegrjrymctnfixv/Build/Intermediates.noindex/swift-async-algorithms.build/Debug/AsyncAlgorithms.build/AsyncAlgorithms.modulemap (in target 'AsyncAlgorithms' from project 'swift-async-algorithms')
    cd /Users/steipete/Library/Developer/Xcode/DerivedData/CodeLooper-crrddjihwjtfkwegrjrymctnfixv/SourcePackages/checkouts/swift-async-algorithms
    write-file /Users/steipete/Library/Developer/Xcode/DerivedData/CodeLooper-crrddjihwjtfkwegrjrymctnfixv/Build/Intermediates.noindex/swift-async-algorithms.build/Debug/AsyncAlgorithms.build/AsyncAlgorithms.modulemap

WriteAuxiliaryFile /Users/steipete/Library/Developer/Xcode/DerivedData/CodeLooper-crrddjihwjtfkwegrjrymctnfixv/Build/Intermediates.noindex/swift-async-algorithms.build/Debug/AsyncAlgorithms.build/AsyncAlgorithms.DependencyStaticMetadataFileList (in target 'AsyncAlgorithms' from project 'swift-async-algorithms')
    cd /Users/steipete/Library/Developer/Xcode/DerivedData/CodeLooper-crrddjihwjtfkwegrjrymctnfixv/SourcePackages/checkouts/swift-async-algorithms
    write-file /Users/steipete/Library/Developer/Xcode/DerivedData/CodeLooper-crrddjihwjtfkwegrjrymctnfixv/Build/Intermediates.noindex/swift-async-algorithms.build/Debug/AsyncAlgorithms.build/AsyncAlgorithms.DependencyStaticMetadataFileList

Copy /Users/steipete/Library/Developer/Xcode/DerivedData/CodeLooper-crrddjihwjtfkwegrjrymctnfixv/Build/Intermediates.noindex/GeneratedModuleMaps/BitCollections.modulemap /Users/steipete/Library/Developer/Xcode/DerivedData/CodeLooper-crrddjihwjtfkwegrjrymctnfixv/Build/Intermediates.noindex/swift-collections.build/Debug/BitCollections.build/BitCollections.modulemap (in target 'BitCollections' from project 'swift-collections')
    cd /Users/steipete/Library/Developer/Xcode/DerivedData/CodeLooper-crrddjihwjtfkwegrjrymctnfixv/SourcePackages/checkouts/swift-collections
    builtin-copy -exclude .DS_Store -exclude CVS -exclude .svn -exclude .git -exclude .hg -resolve-src-symlinks /Users/steipete/Library/Developer/Xcode/DerivedData/CodeLooper-crrddjihwjtfkwegrjrymctnfixv/Build/Intermediates.noindex/swift-collections.build/Debug/BitCollections.build/BitCollections.modulemap /Users/steipete/Library/Developer/Xcode/DerivedData/CodeLooper-crrddjihwjtfkwegrjrymctnfixv/Build/Intermediates.noindex/GeneratedModuleMaps

WriteAuxiliaryFile /Users/steipete/Library/Developer/Xcode/DerivedData/CodeLooper-crrddjihwjtfkwegrjrymctnfixv/Build/Intermediates.noindex/swift-async-algorithms.build/Debug/AsyncAlgorithms.build/AsyncAlgorithms.DependencyMetadataFileList (in target 'AsyncAlgorithms' from project 'swift-async-algorithms')
    cd /Users/steipete/Library/Developer/Xcode/DerivedData/CodeLooper-crrddjihwjtfkwegrjrymctnfixv/SourcePackages/checkouts/swift-async-algorithms
    write-file /Users/steipete/Library/Developer/Xcode/DerivedData/CodeLooper-crrddjihwjtfkwegrjrymctnfixv/Build/Intermediates.noindex/swift-async-algorithms.build/Debug/AsyncAlgorithms.build/AsyncAlgorithms.DependencyMetadataFileList

Copy /Users/steipete/Library/Developer/Xcode/DerivedData/CodeLooper-crrddjihwjtfkwegrjrymctnfixv/Build/Intermediates.noindex/GeneratedModuleMaps/Atomics.modulemap /Users/steipete/Library/Developer/Xcode/DerivedData/CodeLooper-crrddjihwjtfkwegrjrymctnfixv/Build/Intermediates.noindex/swift-atomics.build/Debug/Atomics.build/Atomics.modulemap (in target 'Atomics' from project 'swift-atomics')
    cd /Users/steipete/Library/Developer/Xcode/DerivedData/CodeLooper-crrddjihwjtfkwegrjrymctnfixv/SourcePackages/checkouts/swift-atomics
    builtin-copy -exclude .DS_Store -exclude CVS -exclude .svn -exclude .git -exclude .hg -resolve-src-symlinks /Users/steipete/Library/Developer/Xcode/DerivedData/CodeLooper-crrddjihwjtfkwegrjrymctnfixv/Build/Intermediates.noindex/swift-atomics.build/Debug/Atomics.build/Atomics.modulemap /Users/steipete/Library/Developer/Xcode/DerivedData/CodeLooper-crrddjihwjtfkwegrjrymctnfixv/Build/Intermediates.noindex/GeneratedModuleMaps

WriteAuxiliaryFile /Users/steipete/Library/Developer/Xcode/DerivedData/CodeLooper-crrddjihwjtfkwegrjrymctnfixv/Build/Intermediates.noindex/AXpector.build/Debug/AXpector.build/AXpector.DependencyMetadataFileList (in target 'AXpector' from project 'AXpector')
    cd /Users/steipete/Projects/CodeLooper/AXpector
    write-file /Users/steipete/Library/Developer/Xcode/DerivedData/CodeLooper-crrddjihwjtfkwegrjrymctnfixv/Build/Intermediates.noindex/AXpector.build/Debug/AXpector.build/AXpector.DependencyMetadataFileList

WriteAuxiliaryFile /Users/steipete/Library/Developer/Xcode/DerivedData/CodeLooper-crrddjihwjtfkwegrjrymctnfixv/Build/Intermediates.noindex/AXpector.build/Debug/AXpector.build/AXpector.DependencyStaticMetadataFileList (in target 'AXpector' from project 'AXpector')
    cd /Users/steipete/Projects/CodeLooper/AXpector
    write-file /Users/steipete/Library/Developer/Xcode/DerivedData/CodeLooper-crrddjihwjtfkwegrjrymctnfixv/Build/Intermediates.noindex/AXpector.build/Debug/AXpector.build/AXpector.DependencyStaticMetadataFileList

WriteAuxiliaryFile /Users/steipete/Library/Developer/Xcode/DerivedData/CodeLooper-crrddjihwjtfkwegrjrymctnfixv/Build/Intermediates.noindex/AXpector.build/Debug/AXpector.build/AXpector.modulemap (in target 'AXpector' from project 'AXpector')
    cd /Users/steipete/Projects/CodeLooper/AXpector
    write-file /Users/steipete/Library/Developer/Xcode/DerivedData/CodeLooper-crrddjihwjtfkwegrjrymctnfixv/Build/Intermediates.noindex/AXpector.build/Debug/AXpector.build/AXpector.modulemap

Copy /Users/steipete/Library/Developer/Xcode/DerivedData/CodeLooper-crrddjihwjtfkwegrjrymctnfixv/Build/Intermediates.noindex/GeneratedModuleMaps/AsyncAlgorithms.modulemap /Users/steipete/Library/Developer/Xcode/DerivedData/CodeLooper-crrddjihwjtfkwegrjrymctnfixv/Build/Intermediates.noindex/swift-async-algorithms.build/Debug/AsyncAlgorithms.build/AsyncAlgorithms.modulemap (in target 'AsyncAlgorithms' from project 'swift-async-algorithms')
    cd /Users/steipete/Library/Developer/Xcode/DerivedData/CodeLooper-crrddjihwjtfkwegrjrymctnfixv/SourcePackages/checkouts/swift-async-algorithms
    builtin-copy -exclude .DS_Store -exclude CVS -exclude .svn -exclude .git -exclude .hg -resolve-src-symlinks /Users/steipete/Library/Developer/Xcode/DerivedData/CodeLooper-crrddjihwjtfkwegrjrymctnfixv/Build/Intermediates.noindex/swift-async-algorithms.build/Debug/AsyncAlgorithms.build/AsyncAlgorithms.modulemap /Users/steipete/Library/Developer/Xcode/DerivedData/CodeLooper-crrddjihwjtfkwegrjrymctnfixv/Build/Intermediates.noindex/GeneratedModuleMaps

WriteAuxiliaryFile /Users/steipete/Library/Developer/Xcode/DerivedData/CodeLooper-crrddjihwjtfkwegrjrymctnfixv/Build/Intermediates.noindex/AXpector.build/Debug/AXpector.build/Objects-normal/arm64/AXpector.LinkFileList (in target 'AXpector' from project 'AXpector')
    cd /Users/steipete/Projects/CodeLooper/AXpector
    write-file /Users/steipete/Library/Developer/Xcode/DerivedData/CodeLooper-crrddjihwjtfkwegrjrymctnfixv/Build/Intermediates.noindex/AXpector.build/Debug/AXpector.build/Objects-normal/arm64/AXpector.LinkFileList

WriteAuxiliaryFile /Users/steipete/Library/Developer/Xcode/DerivedData/CodeLooper-crrddjihwjtfkwegrjrymctnfixv/Build/Intermediates.noindex/AXpector.build/Debug/AXpector.build/Objects-normal/arm64/AXpector.SwiftFileList (in target 'AXpector' from project 'AXpector')
    cd /Users/steipete/Projects/CodeLooper/AXpector
    write-file /Users/steipete/Library/Developer/Xcode/DerivedData/CodeLooper-crrddjihwjtfkwegrjrymctnfixv/Build/Intermediates.noindex/AXpector.build/Debug/AXpector.build/Objects-normal/arm64/AXpector.SwiftFileList

WriteAuxiliaryFile /Users/steipete/Library/Developer/Xcode/DerivedData/CodeLooper-crrddjihwjtfkwegrjrymctnfixv/Build/Intermediates.noindex/AXpector.build/Debug/AXpector.build/Objects-normal/arm64/AXpector.SwiftConstValuesFileList (in target 'AXpector' from project 'AXpector')
    cd /Users/steipete/Projects/CodeLooper/AXpector
    write-file /Users/steipete/Library/Developer/Xcode/DerivedData/CodeLooper-crrddjihwjtfkwegrjrymctnfixv/Build/Intermediates.noindex/AXpector.build/Debug/AXpector.build/Objects-normal/arm64/AXpector.SwiftConstValuesFileList

WriteAuxiliaryFile /Users/steipete/Library/Developer/Xcode/DerivedData/CodeLooper-crrddjihwjtfkwegrjrymctnfixv/Build/Intermediates.noindex/AXpector.build/Debug/AXpector.build/Objects-normal/arm64/AXpector_const_extract_protocols.json (in target 'AXpector' from project 'AXpector')
    cd /Users/steipete/Projects/CodeLooper/AXpector
    write-file /Users/steipete/Library/Developer/Xcode/DerivedData/CodeLooper-crrddjihwjtfkwegrjrymctnfixv/Build/Intermediates.noindex/AXpector.build/Debug/AXpector.build/Objects-normal/arm64/AXpector_const_extract_protocols.json

WriteAuxiliaryFile /Users/steipete/Library/Developer/Xcode/DerivedData/CodeLooper-crrddjihwjtfkwegrjrymctnfixv/Build/Intermediates.noindex/AXpector.build/Debug/AXpector.build/Objects-normal/arm64/AXpector-OutputFileMap.json (in target 'AXpector' from project 'AXpector')
    cd /Users/steipete/Projects/CodeLooper/AXpector
    write-file /Users/steipete/Library/Developer/Xcode/DerivedData/CodeLooper-crrddjihwjtfkwegrjrymctnfixv/Build/Intermediates.noindex/AXpector.build/Debug/AXpector.build/Objects-normal/arm64/AXpector-OutputFileMap.json

WriteAuxiliaryFile /Users/steipete/Library/Developer/Xcode/DerivedData/CodeLooper-crrddjihwjtfkwegrjrymctnfixv/Build/Intermediates.noindex/axPackage.build/Debug/AXorcist.build/Objects-normal/arm64/AXorcist_const_extract_protocols.json (in target 'AXorcist' from project 'axPackage')
    cd /Users/steipete/Projects/CodeLooper/AXorcist
    write-file /Users/steipete/Library/Developer/Xcode/DerivedData/CodeLooper-crrddjihwjtfkwegrjrymctnfixv/Build/Intermediates.noindex/axPackage.build/Debug/AXorcist.build/Objects-normal/arm64/AXorcist_const_extract_protocols.json

WriteAuxiliaryFile /Users/steipete/Library/Developer/Xcode/DerivedData/CodeLooper-crrddjihwjtfkwegrjrymctnfixv/Build/Intermediates.noindex/axPackage.build/Debug/AXorcist.build/Objects-normal/arm64/AXorcist.SwiftFileList (in target 'AXorcist' from project 'axPackage')
    cd /Users/steipete/Projects/CodeLooper/AXorcist
    write-file /Users/steipete/Library/Developer/Xcode/DerivedData/CodeLooper-crrddjihwjtfkwegrjrymctnfixv/Build/Intermediates.noindex/axPackage.build/Debug/AXorcist.build/Objects-normal/arm64/AXorcist.SwiftFileList

WriteAuxiliaryFile /Users/steipete/Library/Developer/Xcode/DerivedData/CodeLooper-crrddjihwjtfkwegrjrymctnfixv/Build/Intermediates.noindex/axPackage.build/Debug/AXorcist.build/Objects-normal/arm64/AXorcist.SwiftConstValuesFileList (in target 'AXorcist' from project 'axPackage')
    cd /Users/steipete/Projects/CodeLooper/AXorcist
    write-file /Users/steipete/Library/Developer/Xcode/DerivedData/CodeLooper-crrddjihwjtfkwegrjrymctnfixv/Build/Intermediates.noindex/axPackage.build/Debug/AXorcist.build/Objects-normal/arm64/AXorcist.SwiftConstValuesFileList

WriteAuxiliaryFile /Users/steipete/Library/Developer/Xcode/DerivedData/CodeLooper-crrddjihwjtfkwegrjrymctnfixv/Build/Intermediates.noindex/axPackage.build/Debug/AXorcist.build/Objects-normal/arm64/AXorcist.LinkFileList (in target 'AXorcist' from project 'axPackage')
    cd /Users/steipete/Projects/CodeLooper/AXorcist
    write-file /Users/steipete/Library/Developer/Xcode/DerivedData/CodeLooper-crrddjihwjtfkwegrjrymctnfixv/Build/Intermediates.noindex/axPackage.build/Debug/AXorcist.build/Objects-normal/arm64/AXorcist.LinkFileList

WriteAuxiliaryFile /Users/steipete/Library/Developer/Xcode/DerivedData/CodeLooper-crrddjihwjtfkwegrjrymctnfixv/Build/Intermediates.noindex/axPackage.build/Debug/AXorcist.build/Objects-normal/arm64/AXorcist-OutputFileMap.json (in target 'AXorcist' from project 'axPackage')
    cd /Users/steipete/Projects/CodeLooper/AXorcist
    write-file /Users/steipete/Library/Developer/Xcode/DerivedData/CodeLooper-crrddjihwjtfkwegrjrymctnfixv/Build/Intermediates.noindex/axPackage.build/Debug/AXorcist.build/Objects-normal/arm64/AXorcist-OutputFileMap.json

WriteAuxiliaryFile /Users/steipete/Library/Developer/Xcode/DerivedData/CodeLooper-crrddjihwjtfkwegrjrymctnfixv/Build/Intermediates.noindex/axPackage.build/Debug/AXorcist.build/AXorcist.modulemap (in target 'AXorcist' from project 'axPackage')
    cd /Users/steipete/Projects/CodeLooper/AXorcist
    write-file /Users/steipete/Library/Developer/Xcode/DerivedData/CodeLooper-crrddjihwjtfkwegrjrymctnfixv/Build/Intermediates.noindex/axPackage.build/Debug/AXorcist.build/AXorcist.modulemap

WriteAuxiliaryFile /Users/steipete/Library/Developer/Xcode/DerivedData/CodeLooper-crrddjihwjtfkwegrjrymctnfixv/Build/Intermediates.noindex/axPackage.build/Debug/AXorcist.build/AXorcist.DependencyStaticMetadataFileList (in target 'AXorcist' from project 'axPackage')
    cd /Users/steipete/Projects/CodeLooper/AXorcist
    write-file /Users/steipete/Library/Developer/Xcode/DerivedData/CodeLooper-crrddjihwjtfkwegrjrymctnfixv/Build/Intermediates.noindex/axPackage.build/Debug/AXorcist.build/AXorcist.DependencyStaticMetadataFileList

WriteAuxiliaryFile /Users/steipete/Library/Developer/Xcode/DerivedData/CodeLooper-crrddjihwjtfkwegrjrymctnfixv/Build/Intermediates.noindex/axPackage.build/Debug/AXorcist.build/AXorcist.DependencyMetadataFileList (in target 'AXorcist' from project 'axPackage')
    cd /Users/steipete/Projects/CodeLooper/AXorcist
    write-file /Users/steipete/Library/Developer/Xcode/DerivedData/CodeLooper-crrddjihwjtfkwegrjrymctnfixv/Build/Intermediates.noindex/axPackage.build/Debug/AXorcist.build/AXorcist.DependencyMetadataFileList

Copy /Users/steipete/Library/Developer/Xcode/DerivedData/CodeLooper-crrddjihwjtfkwegrjrymctnfixv/Build/Intermediates.noindex/GeneratedModuleMaps/AXpector.modulemap /Users/steipete/Library/Developer/Xcode/DerivedData/CodeLooper-crrddjihwjtfkwegrjrymctnfixv/Build/Intermediates.noindex/AXpector.build/Debug/AXpector.build/AXpector.modulemap (in target 'AXpector' from project 'AXpector')
    cd /Users/steipete/Projects/CodeLooper/AXpector
    builtin-copy -exclude .DS_Store -exclude CVS -exclude .svn -exclude .git -exclude .hg -resolve-src-symlinks /Users/steipete/Library/Developer/Xcode/DerivedData/CodeLooper-crrddjihwjtfkwegrjrymctnfixv/Build/Intermediates.noindex/AXpector.build/Debug/AXpector.build/AXpector.modulemap /Users/steipete/Library/Developer/Xcode/DerivedData/CodeLooper-crrddjihwjtfkwegrjrymctnfixv/Build/Intermediates.noindex/GeneratedModuleMaps

MkDir /Users/steipete/Library/Developer/Xcode/DerivedData/CodeLooper-crrddjihwjtfkwegrjrymctnfixv/Build/Products/Debug/swift-nio_NIOPosix.bundle (in target 'swift-nio_NIOPosix' from project 'swift-nio')
    cd /Users/steipete/Library/Developer/Xcode/DerivedData/CodeLooper-crrddjihwjtfkwegrjrymctnfixv/SourcePackages/checkouts/swift-nio
    /bin/mkdir -p /Users/steipete/Library/Developer/Xcode/DerivedData/CodeLooper-crrddjihwjtfkwegrjrymctnfixv/Build/Products/Debug/swift-nio_NIOPosix.bundle

MkDir /Users/steipete/Library/Developer/Xcode/DerivedData/CodeLooper-crrddjihwjtfkwegrjrymctnfixv/Build/Products/Debug/swift-nio_NIOPosix.bundle/Contents (in target 'swift-nio_NIOPosix' from project 'swift-nio')
    cd /Users/steipete/Library/Developer/Xcode/DerivedData/CodeLooper-crrddjihwjtfkwegrjrymctnfixv/SourcePackages/checkouts/swift-nio
    /bin/mkdir -p /Users/steipete/Library/Developer/Xcode/DerivedData/CodeLooper-crrddjihwjtfkwegrjrymctnfixv/Build/Products/Debug/swift-nio_NIOPosix.bundle/Contents

MkDir /Users/steipete/Library/Developer/Xcode/DerivedData/CodeLooper-crrddjihwjtfkwegrjrymctnfixv/Build/Products/Debug/swift-nio_NIOPosix.bundle/Contents/Resources (in target 'swift-nio_NIOPosix' from project 'swift-nio')
    cd /Users/steipete/Library/Developer/Xcode/DerivedData/CodeLooper-crrddjihwjtfkwegrjrymctnfixv/SourcePackages/checkouts/swift-nio
    /bin/mkdir -p /Users/steipete/Library/Developer/Xcode/DerivedData/CodeLooper-crrddjihwjtfkwegrjrymctnfixv/Build/Products/Debug/swift-nio_NIOPosix.bundle/Contents/Resources

Copy /Users/steipete/Library/Developer/Xcode/DerivedData/CodeLooper-crrddjihwjtfkwegrjrymctnfixv/Build/Intermediates.noindex/GeneratedModuleMaps/AXorcist.modulemap /Users/steipete/Library/Developer/Xcode/DerivedData/CodeLooper-crrddjihwjtfkwegrjrymctnfixv/Build/Intermediates.noindex/axPackage.build/Debug/AXorcist.build/AXorcist.modulemap (in target 'AXorcist' from project 'axPackage')
    cd /Users/steipete/Projects/CodeLooper/AXorcist
    builtin-copy -exclude .DS_Store -exclude CVS -exclude .svn -exclude .git -exclude .hg -resolve-src-symlinks /Users/steipete/Library/Developer/Xcode/DerivedData/CodeLooper-crrddjihwjtfkwegrjrymctnfixv/Build/Intermediates.noindex/axPackage.build/Debug/AXorcist.build/AXorcist.modulemap /Users/steipete/Library/Developer/Xcode/DerivedData/CodeLooper-crrddjihwjtfkwegrjrymctnfixv/Build/Intermediates.noindex/GeneratedModuleMaps

MkDir /Users/steipete/Library/Developer/Xcode/DerivedData/CodeLooper-crrddjihwjtfkwegrjrymctnfixv/Build/Products/Debug/KeyboardShortcuts_KeyboardShortcuts.bundle (in target 'KeyboardShortcuts_KeyboardShortcuts' from project 'KeyboardShortcuts')
    cd /Users/steipete/Library/Developer/Xcode/DerivedData/CodeLooper-crrddjihwjtfkwegrjrymctnfixv/SourcePackages/checkouts/KeyboardShortcuts
    /bin/mkdir -p /Users/steipete/Library/Developer/Xcode/DerivedData/CodeLooper-crrddjihwjtfkwegrjrymctnfixv/Build/Products/Debug/KeyboardShortcuts_KeyboardShortcuts.bundle

MkDir /Users/steipete/Library/Developer/Xcode/DerivedData/CodeLooper-crrddjihwjtfkwegrjrymctnfixv/Build/Products/Debug/KeyboardShortcuts_KeyboardShortcuts.bundle/Contents (in target 'KeyboardShortcuts_KeyboardShortcuts' from project 'KeyboardShortcuts')
    cd /Users/steipete/Library/Developer/Xcode/DerivedData/CodeLooper-crrddjihwjtfkwegrjrymctnfixv/SourcePackages/checkouts/KeyboardShortcuts
    /bin/mkdir -p /Users/steipete/Library/Developer/Xcode/DerivedData/CodeLooper-crrddjihwjtfkwegrjrymctnfixv/Build/Products/Debug/KeyboardShortcuts_KeyboardShortcuts.bundle/Contents

MkDir /Users/steipete/Library/Developer/Xcode/DerivedData/CodeLooper-crrddjihwjtfkwegrjrymctnfixv/Build/Products/Debug/KeyboardShortcuts_KeyboardShortcuts.bundle/Contents/Resources (in target 'KeyboardShortcuts_KeyboardShortcuts' from project 'KeyboardShortcuts')
    cd /Users/steipete/Library/Developer/Xcode/DerivedData/CodeLooper-crrddjihwjtfkwegrjrymctnfixv/SourcePackages/checkouts/KeyboardShortcuts
    /bin/mkdir -p /Users/steipete/Library/Developer/Xcode/DerivedData/CodeLooper-crrddjihwjtfkwegrjrymctnfixv/Build/Products/Debug/KeyboardShortcuts_KeyboardShortcuts.bundle/Contents/Resources

SymLink /Users/steipete/Library/Developer/Xcode/DerivedData/CodeLooper-crrddjihwjtfkwegrjrymctnfixv/Build/Products/Debug/Diagnostics.framework/Versions/Current A (in target 'Diagnostics' from project 'CodeLooper')
    cd /Users/steipete/Projects/CodeLooper
    /bin/ln -sfh A /Users/steipete/Library/Developer/Xcode/DerivedData/CodeLooper-crrddjihwjtfkwegrjrymctnfixv/Build/Products/Debug/Diagnostics.framework/Versions/Current

SymLink /Users/steipete/Library/Developer/Xcode/DerivedData/CodeLooper-crrddjihwjtfkwegrjrymctnfixv/Build/Products/Debug/Diagnostics.framework/Resources Versions/Current/Resources (in target 'Diagnostics' from project 'CodeLooper')
    cd /Users/steipete/Projects/CodeLooper
    /bin/ln -sfh Versions/Current/Resources /Users/steipete/Library/Developer/Xcode/DerivedData/CodeLooper-crrddjihwjtfkwegrjrymctnfixv/Build/Products/Debug/Diagnostics.framework/Resources

SymLink /Users/steipete/Library/Developer/Xcode/DerivedData/CodeLooper-crrddjihwjtfkwegrjrymctnfixv/Build/Products/Debug/Diagnostics.framework/Modules Versions/Current/Modules (in target 'Diagnostics' from project 'CodeLooper')
    cd /Users/steipete/Projects/CodeLooper
    /bin/ln -sfh Versions/Current/Modules /Users/steipete/Library/Developer/Xcode/DerivedData/CodeLooper-crrddjihwjtfkwegrjrymctnfixv/Build/Products/Debug/Diagnostics.framework/Modules

SymLink /Users/steipete/Library/Developer/Xcode/DerivedData/CodeLooper-crrddjihwjtfkwegrjrymctnfixv/Build/Products/Debug/Diagnostics.framework/Headers Versions/Current/Headers (in target 'Diagnostics' from project 'CodeLooper')
    cd /Users/steipete/Projects/CodeLooper
    /bin/ln -sfh Versions/Current/Headers /Users/steipete/Library/Developer/Xcode/DerivedData/CodeLooper-crrddjihwjtfkwegrjrymctnfixv/Build/Products/Debug/Diagnostics.framework/Headers

MkDir /Users/steipete/Library/Developer/Xcode/DerivedData/CodeLooper-crrddjihwjtfkwegrjrymctnfixv/Build/Products/Debug/Diagnostics.framework/Versions/A/Resources (in target 'Diagnostics' from project 'CodeLooper')
    cd /Users/steipete/Projects/CodeLooper
    /bin/mkdir -p /Users/steipete/Library/Developer/Xcode/DerivedData/CodeLooper-crrddjihwjtfkwegrjrymctnfixv/Build/Products/Debug/Diagnostics.framework/Versions/A/Resources

SymLink /Users/steipete/Library/Developer/Xcode/DerivedData/CodeLooper-crrddjihwjtfkwegrjrymctnfixv/Build/Products/Debug/Diagnostics.framework/Diagnostics Versions/Current/Diagnostics (in target 'Diagnostics' from project 'CodeLooper')
    cd /Users/steipete/Projects/CodeLooper
    /bin/ln -sfh Versions/Current/Diagnostics /Users/steipete/Library/Developer/Xcode/DerivedData/CodeLooper-crrddjihwjtfkwegrjrymctnfixv/Build/Products/Debug/Diagnostics.framework/Diagnostics

MkDir /Users/steipete/Library/Developer/Xcode/DerivedData/CodeLooper-crrddjihwjtfkwegrjrymctnfixv/Build/Products/Debug/Diagnostics.framework/Versions/A/Headers (in target 'Diagnostics' from project 'CodeLooper')
    cd /Users/steipete/Projects/CodeLooper
    /bin/mkdir -p /Users/steipete/Library/Developer/Xcode/DerivedData/CodeLooper-crrddjihwjtfkwegrjrymctnfixv/Build/Products/Debug/Diagnostics.framework/Versions/A/Headers

MkDir /Users/steipete/Library/Developer/Xcode/DerivedData/CodeLooper-crrddjihwjtfkwegrjrymctnfixv/Build/Products/Debug/Diagnostics.framework/Versions/A (in target 'Diagnostics' from project 'CodeLooper')
    cd /Users/steipete/Projects/CodeLooper
    /bin/mkdir -p /Users/steipete/Library/Developer/Xcode/DerivedData/CodeLooper-crrddjihwjtfkwegrjrymctnfixv/Build/Products/Debug/Diagnostics.framework/Versions/A

MkDir /Users/steipete/Library/Developer/Xcode/DerivedData/CodeLooper-crrddjihwjtfkwegrjrymctnfixv/Build/Products/Debug/Diagnostics.framework/Versions (in target 'Diagnostics' from project 'CodeLooper')
    cd /Users/steipete/Projects/CodeLooper
    /bin/mkdir -p /Users/steipete/Library/Developer/Xcode/DerivedData/CodeLooper-crrddjihwjtfkwegrjrymctnfixv/Build/Products/Debug/Diagnostics.framework/Versions

MkDir /Users/steipete/Library/Developer/Xcode/DerivedData/CodeLooper-crrddjihwjtfkwegrjrymctnfixv/Build/Products/Debug/Diagnostics.framework (in target 'Diagnostics' from project 'CodeLooper')
    cd /Users/steipete/Projects/CodeLooper
    /bin/mkdir -p /Users/steipete/Library/Developer/Xcode/DerivedData/CodeLooper-crrddjihwjtfkwegrjrymctnfixv/Build/Products/Debug/Diagnostics.framework

MkDir /Users/steipete/Library/Developer/Xcode/DerivedData/CodeLooper-crrddjihwjtfkwegrjrymctnfixv/Build/Products/Debug/Demark_Demark.bundle/Contents/Resources (in target 'Demark_Demark' from project 'Demark')
    cd /Users/steipete/Library/Developer/Xcode/DerivedData/CodeLooper-crrddjihwjtfkwegrjrymctnfixv/SourcePackages/checkouts/Demark
    /bin/mkdir -p /Users/steipete/Library/Developer/Xcode/DerivedData/CodeLooper-crrddjihwjtfkwegrjrymctnfixv/Build/Products/Debug/Demark_Demark.bundle/Contents/Resources

MkDir /Users/steipete/Library/Developer/Xcode/DerivedData/CodeLooper-crrddjihwjtfkwegrjrymctnfixv/Build/Products/Debug/Demark_Demark.bundle (in target 'Demark_Demark' from project 'Demark')
    cd /Users/steipete/Library/Developer/Xcode/DerivedData/CodeLooper-crrddjihwjtfkwegrjrymctnfixv/SourcePackages/checkouts/Demark
    /bin/mkdir -p /Users/steipete/Library/Developer/Xcode/DerivedData/CodeLooper-crrddjihwjtfkwegrjrymctnfixv/Build/Products/Debug/Demark_Demark.bundle

MkDir /Users/steipete/Library/Developer/Xcode/DerivedData/CodeLooper-crrddjihwjtfkwegrjrymctnfixv/Build/Products/Debug/Demark_Demark.bundle/Contents (in target 'Demark_Demark' from project 'Demark')
    cd /Users/steipete/Library/Developer/Xcode/DerivedData/CodeLooper-crrddjihwjtfkwegrjrymctnfixv/SourcePackages/checkouts/Demark
    /bin/mkdir -p /Users/steipete/Library/Developer/Xcode/DerivedData/CodeLooper-crrddjihwjtfkwegrjrymctnfixv/Build/Products/Debug/Demark_Demark.bundle/Contents

MkDir /Users/steipete/Library/Developer/Xcode/DerivedData/CodeLooper-crrddjihwjtfkwegrjrymctnfixv/Build/Products/Debug/Defaults_Defaults.bundle/Contents/Resources (in target 'Defaults_Defaults' from project 'Defaults')
    cd /Users/steipete/Library/Developer/Xcode/DerivedData/CodeLooper-crrddjihwjtfkwegrjrymctnfixv/SourcePackages/checkouts/Defaults
    /bin/mkdir -p /Users/steipete/Library/Developer/Xcode/DerivedData/CodeLooper-crrddjihwjtfkwegrjrymctnfixv/Build/Products/Debug/Defaults_Defaults.bundle/Contents/Resources

MkDir /Users/steipete/Library/Developer/Xcode/DerivedData/CodeLooper-crrddjihwjtfkwegrjrymctnfixv/Build/Products/Debug/Defaults_Defaults.bundle/Contents (in target 'Defaults_Defaults' from project 'Defaults')
    cd /Users/steipete/Library/Developer/Xcode/DerivedData/CodeLooper-crrddjihwjtfkwegrjrymctnfixv/SourcePackages/checkouts/Defaults
    /bin/mkdir -p /Users/steipete/Library/Developer/Xcode/DerivedData/CodeLooper-crrddjihwjtfkwegrjrymctnfixv/Build/Products/Debug/Defaults_Defaults.bundle/Contents

MkDir /Users/steipete/Library/Developer/Xcode/DerivedData/CodeLooper-crrddjihwjtfkwegrjrymctnfixv/Build/Products/Debug/Defaults_Defaults.bundle (in target 'Defaults_Defaults' from project 'Defaults')
    cd /Users/steipete/Library/Developer/Xcode/DerivedData/CodeLooper-crrddjihwjtfkwegrjrymctnfixv/SourcePackages/checkouts/Defaults
    /bin/mkdir -p /Users/steipete/Library/Developer/Xcode/DerivedData/CodeLooper-crrddjihwjtfkwegrjrymctnfixv/Build/Products/Debug/Defaults_Defaults.bundle

ProcessInfoPlistFile /Users/steipete/Library/Developer/Xcode/DerivedData/CodeLooper-crrddjihwjtfkwegrjrymctnfixv/Build/Products/Debug/swift-nio_NIOPosix.bundle/Contents/Info.plist /Users/steipete/Library/Developer/Xcode/DerivedData/CodeLooper-crrddjihwjtfkwegrjrymctnfixv/Build/Intermediates.noindex/swift-nio.build/Debug/swift-nio_NIOPosix.build/empty-swift-nio_NIOPosix.plist (in target 'swift-nio_NIOPosix' from project 'swift-nio')
    cd /Users/steipete/Library/Developer/Xcode/DerivedData/CodeLooper-crrddjihwjtfkwegrjrymctnfixv/SourcePackages/checkouts/swift-nio
    builtin-infoPlistUtility /Users/steipete/Library/Developer/Xcode/DerivedData/CodeLooper-crrddjihwjtfkwegrjrymctnfixv/Build/Intermediates.noindex/swift-nio.build/Debug/swift-nio_NIOPosix.build/empty-swift-nio_NIOPosix.plist -producttype com.apple.product-type.bundle -expandbuildsettings -platform macosx -o /Users/steipete/Library/Developer/Xcode/DerivedData/CodeLooper-crrddjihwjtfkwegrjrymctnfixv/Build/Products/Debug/swift-nio_NIOPosix.bundle/Contents/Info.plist

CpResource /Users/steipete/Library/Developer/Xcode/DerivedData/CodeLooper-crrddjihwjtfkwegrjrymctnfixv/Build/Products/Debug/swift-nio_NIOPosix.bundle/Contents/Resources/PrivacyInfo.xcprivacy /Users/steipete/Library/Developer/Xcode/DerivedData/CodeLooper-crrddjihwjtfkwegrjrymctnfixv/SourcePackages/checkouts/swift-nio/Sources/NIOPosix/PrivacyInfo.xcprivacy (in target 'swift-nio_NIOPosix' from project 'swift-nio')
    cd /Users/steipete/Library/Developer/Xcode/DerivedData/CodeLooper-crrddjihwjtfkwegrjrymctnfixv/SourcePackages/checkouts/swift-nio
    builtin-copy -exclude .DS_Store -exclude CVS -exclude .svn -exclude .git -exclude .hg -resolve-src-symlinks /Users/steipete/Library/Developer/Xcode/DerivedData/CodeLooper-crrddjihwjtfkwegrjrymctnfixv/SourcePackages/checkouts/swift-nio/Sources/NIOPosix/PrivacyInfo.xcprivacy /Users/steipete/Library/Developer/Xcode/DerivedData/CodeLooper-crrddjihwjtfkwegrjrymctnfixv/Build/Products/Debug/swift-nio_NIOPosix.bundle/Contents/Resources

ProcessInfoPlistFile /Users/steipete/Library/Developer/Xcode/DerivedData/CodeLooper-crrddjihwjtfkwegrjrymctnfixv/Build/Products/Debug/KeyboardShortcuts_KeyboardShortcuts.bundle/Contents/Info.plist /Users/steipete/Library/Developer/Xcode/DerivedData/CodeLooper-crrddjihwjtfkwegrjrymctnfixv/Build/Intermediates.noindex/KeyboardShortcuts.build/Debug/KeyboardShortcuts_KeyboardShortcuts.build/empty-KeyboardShortcuts_KeyboardShortcuts.plist (in target 'KeyboardShortcuts_KeyboardShortcuts' from project 'KeyboardShortcuts')
    cd /Users/steipete/Library/Developer/Xcode/DerivedData/CodeLooper-crrddjihwjtfkwegrjrymctnfixv/SourcePackages/checkouts/KeyboardShortcuts
    builtin-infoPlistUtility /Users/steipete/Library/Developer/Xcode/DerivedData/CodeLooper-crrddjihwjtfkwegrjrymctnfixv/Build/Intermediates.noindex/KeyboardShortcuts.build/Debug/KeyboardShortcuts_KeyboardShortcuts.build/empty-KeyboardShortcuts_KeyboardShortcuts.plist -producttype com.apple.product-type.bundle -expandbuildsettings -platform macosx -o /Users/steipete/Library/Developer/Xcode/DerivedData/CodeLooper-crrddjihwjtfkwegrjrymctnfixv/Build/Products/Debug/KeyboardShortcuts_KeyboardShortcuts.bundle/Contents/Info.plist

CpResource /Users/steipete/Library/Developer/Xcode/DerivedData/CodeLooper-crrddjihwjtfkwegrjrymctnfixv/Build/Products/Debug/KeyboardShortcuts_KeyboardShortcuts.bundle/Contents/Resources/zh-TW.lproj/Localizable.strings /Users/steipete/Library/Developer/Xcode/DerivedData/CodeLooper-crrddjihwjtfkwegrjrymctnfixv/SourcePackages/checkouts/KeyboardShortcuts/Sources/KeyboardShortcuts/Localization/zh-TW.lproj/Localizable.strings (in target 'KeyboardShortcuts_KeyboardShortcuts' from project 'KeyboardShortcuts')
    cd /Users/steipete/Library/Developer/Xcode/DerivedData/CodeLooper-crrddjihwjtfkwegrjrymctnfixv/SourcePackages/checkouts/KeyboardShortcuts
    builtin-copy -exclude .DS_Store -exclude CVS -exclude .svn -exclude .git -exclude .hg -resolve-src-symlinks /Users/steipete/Library/Developer/Xcode/DerivedData/CodeLooper-crrddjihwjtfkwegrjrymctnfixv/SourcePackages/checkouts/KeyboardShortcuts/Sources/KeyboardShortcuts/Localization/zh-TW.lproj/Localizable.strings /Users/steipete/Library/Developer/Xcode/DerivedData/CodeLooper-crrddjihwjtfkwegrjrymctnfixv/Build/Products/Debug/KeyboardShortcuts_KeyboardShortcuts.bundle/Contents/Resources/zh-TW.lproj

CpResource /Users/steipete/Library/Developer/Xcode/DerivedData/CodeLooper-crrddjihwjtfkwegrjrymctnfixv/Build/Products/Debug/KeyboardShortcuts_KeyboardShortcuts.bundle/Contents/Resources/zh-Hans.lproj/Localizable.strings /Users/steipete/Library/Developer/Xcode/DerivedData/CodeLooper-crrddjihwjtfkwegrjrymctnfixv/SourcePackages/checkouts/KeyboardShortcuts/Sources/KeyboardShortcuts/Localization/zh-Hans.lproj/Localizable.strings (in target 'KeyboardShortcuts_KeyboardShortcuts' from project 'KeyboardShortcuts')
    cd /Users/steipete/Library/Developer/Xcode/DerivedData/CodeLooper-crrddjihwjtfkwegrjrymctnfixv/SourcePackages/checkouts/KeyboardShortcuts
    builtin-copy -exclude .DS_Store -exclude CVS -exclude .svn -exclude .git -exclude .hg -resolve-src-symlinks /Users/steipete/Library/Developer/Xcode/DerivedData/CodeLooper-crrddjihwjtfkwegrjrymctnfixv/SourcePackages/checkouts/KeyboardShortcuts/Sources/KeyboardShortcuts/Localization/zh-Hans.lproj/Localizable.strings /Users/steipete/Library/Developer/Xcode/DerivedData/CodeLooper-crrddjihwjtfkwegrjrymctnfixv/Build/Products/Debug/KeyboardShortcuts_KeyboardShortcuts.bundle/Contents/Resources/zh-Hans.lproj

CpResource /Users/steipete/Library/Developer/Xcode/DerivedData/CodeLooper-crrddjihwjtfkwegrjrymctnfixv/Build/Products/Debug/KeyboardShortcuts_KeyboardShortcuts.bundle/Contents/Resources/sk.lproj/Localizable.strings /Users/steipete/Library/Developer/Xcode/DerivedData/CodeLooper-crrddjihwjtfkwegrjrymctnfixv/SourcePackages/checkouts/KeyboardShortcuts/Sources/KeyboardShortcuts/Localization/sk.lproj/Localizable.strings (in target 'KeyboardShortcuts_KeyboardShortcuts' from project 'KeyboardShortcuts')
    cd /Users/steipete/Library/Developer/Xcode/DerivedData/CodeLooper-crrddjihwjtfkwegrjrymctnfixv/SourcePackages/checkouts/KeyboardShortcuts
    builtin-copy -exclude .DS_Store -exclude CVS -exclude .svn -exclude .git -exclude .hg -resolve-src-symlinks /Users/steipete/Library/Developer/Xcode/DerivedData/CodeLooper-crrddjihwjtfkwegrjrymctnfixv/SourcePackages/checkouts/KeyboardShortcuts/Sources/KeyboardShortcuts/Localization/sk.lproj/Localizable.strings /Users/steipete/Library/Developer/Xcode/DerivedData/CodeLooper-crrddjihwjtfkwegrjrymctnfixv/Build/Products/Debug/KeyboardShortcuts_KeyboardShortcuts.bundle/Contents/Resources/sk.lproj

CpResource /Users/steipete/Library/Developer/Xcode/DerivedData/CodeLooper-crrddjihwjtfkwegrjrymctnfixv/Build/Products/Debug/KeyboardShortcuts_KeyboardShortcuts.bundle/Contents/Resources/ru.lproj/Localizable.strings /Users/steipete/Library/Developer/Xcode/DerivedData/CodeLooper-crrddjihwjtfkwegrjrymctnfixv/SourcePackages/checkouts/KeyboardShortcuts/Sources/KeyboardShortcuts/Localization/ru.lproj/Localizable.strings (in target 'KeyboardShortcuts_KeyboardShortcuts' from project 'KeyboardShortcuts')
    cd /Users/steipete/Library/Developer/Xcode/DerivedData/CodeLooper-crrddjihwjtfkwegrjrymctnfixv/SourcePackages/checkouts/KeyboardShortcuts
    builtin-copy -exclude .DS_Store -exclude CVS -exclude .svn -exclude .git -exclude .hg -resolve-src-symlinks /Users/steipete/Library/Developer/Xcode/DerivedData/CodeLooper-crrddjihwjtfkwegrjrymctnfixv/SourcePackages/checkouts/KeyboardShortcuts/Sources/KeyboardShortcuts/Localization/ru.lproj/Localizable.strings /Users/steipete/Library/Developer/Xcode/DerivedData/CodeLooper-crrddjihwjtfkwegrjrymctnfixv/Build/Products/Debug/KeyboardShortcuts_KeyboardShortcuts.bundle/Contents/Resources/ru.lproj

CpResource /Users/steipete/Library/Developer/Xcode/DerivedData/CodeLooper-crrddjihwjtfkwegrjrymctnfixv/Build/Products/Debug/KeyboardShortcuts_KeyboardShortcuts.bundle/Contents/Resources/pt-BR.lproj/Localizable.strings /Users/steipete/Library/Developer/Xcode/DerivedData/CodeLooper-crrddjihwjtfkwegrjrymctnfixv/SourcePackages/checkouts/KeyboardShortcuts/Sources/KeyboardShortcuts/Localization/pt-BR.lproj/Localizable.strings (in target 'KeyboardShortcuts_KeyboardShortcuts' from project 'KeyboardShortcuts')
    cd /Users/steipete/Library/Developer/Xcode/DerivedData/CodeLooper-crrddjihwjtfkwegrjrymctnfixv/SourcePackages/checkouts/KeyboardShortcuts
    builtin-copy -exclude .DS_Store -exclude CVS -exclude .svn -exclude .git -exclude .hg -resolve-src-symlinks /Users/steipete/Library/Developer/Xcode/DerivedData/CodeLooper-crrddjihwjtfkwegrjrymctnfixv/SourcePackages/checkouts/KeyboardShortcuts/Sources/KeyboardShortcuts/Localization/pt-BR.lproj/Localizable.strings /Users/steipete/Library/Developer/Xcode/DerivedData/CodeLooper-crrddjihwjtfkwegrjrymctnfixv/Build/Products/Debug/KeyboardShortcuts_KeyboardShortcuts.bundle/Contents/Resources/pt-BR.lproj

CpResource /Users/steipete/Library/Developer/Xcode/DerivedData/CodeLooper-crrddjihwjtfkwegrjrymctnfixv/Build/Products/Debug/KeyboardShortcuts_KeyboardShortcuts.bundle/Contents/Resources/ko.lproj/Localizable.strings /Users/steipete/Library/Developer/Xcode/DerivedData/CodeLooper-crrddjihwjtfkwegrjrymctnfixv/SourcePackages/checkouts/KeyboardShortcuts/Sources/KeyboardShortcuts/Localization/ko.lproj/Localizable.strings (in target 'KeyboardShortcuts_KeyboardShortcuts' from project 'KeyboardShortcuts')
    cd /Users/steipete/Library/Developer/Xcode/DerivedData/CodeLooper-crrddjihwjtfkwegrjrymctnfixv/SourcePackages/checkouts/KeyboardShortcuts
    builtin-copy -exclude .DS_Store -exclude CVS -exclude .svn -exclude .git -exclude .hg -resolve-src-symlinks /Users/steipete/Library/Developer/Xcode/DerivedData/CodeLooper-crrddjihwjtfkwegrjrymctnfixv/SourcePackages/checkouts/KeyboardShortcuts/Sources/KeyboardShortcuts/Localization/ko.lproj/Localizable.strings /Users/steipete/Library/Developer/Xcode/DerivedData/CodeLooper-crrddjihwjtfkwegrjrymctnfixv/Build/Products/Debug/KeyboardShortcuts_KeyboardShortcuts.bundle/Contents/Resources/ko.lproj

CpResource /Users/steipete/Library/Developer/Xcode/DerivedData/CodeLooper-crrddjihwjtfkwegrjrymctnfixv/Build/Products/Debug/KeyboardShortcuts_KeyboardShortcuts.bundle/Contents/Resources/hu.lproj/Localizable.strings /Users/steipete/Library/Developer/Xcode/DerivedData/CodeLooper-crrddjihwjtfkwegrjrymctnfixv/SourcePackages/checkouts/KeyboardShortcuts/Sources/KeyboardShortcuts/Localization/hu.lproj/Localizable.strings (in target 'KeyboardShortcuts_KeyboardShortcuts' from project 'KeyboardShortcuts')
    cd /Users/steipete/Library/Developer/Xcode/DerivedData/CodeLooper-crrddjihwjtfkwegrjrymctnfixv/SourcePackages/checkouts/KeyboardShortcuts
    builtin-copy -exclude .DS_Store -exclude CVS -exclude .svn -exclude .git -exclude .hg -resolve-src-symlinks /Users/steipete/Library/Developer/Xcode/DerivedData/CodeLooper-crrddjihwjtfkwegrjrymctnfixv/SourcePackages/checkouts/KeyboardShortcuts/Sources/KeyboardShortcuts/Localization/hu.lproj/Localizable.strings /Users/steipete/Library/Developer/Xcode/DerivedData/CodeLooper-crrddjihwjtfkwegrjrymctnfixv/Build/Products/Debug/KeyboardShortcuts_KeyboardShortcuts.bundle/Contents/Resources/hu.lproj

CpResource /Users/steipete/Library/Developer/Xcode/DerivedData/CodeLooper-crrddjihwjtfkwegrjrymctnfixv/Build/Products/Debug/KeyboardShortcuts_KeyboardShortcuts.bundle/Contents/Resources/nl.lproj/Localizable.strings /Users/steipete/Library/Developer/Xcode/DerivedData/CodeLooper-crrddjihwjtfkwegrjrymctnfixv/SourcePackages/checkouts/KeyboardShortcuts/Sources/KeyboardShortcuts/Localization/nl.lproj/Localizable.strings (in target 'KeyboardShortcuts_KeyboardShortcuts' from project 'KeyboardShortcuts')
    cd /Users/steipete/Library/Developer/Xcode/DerivedData/CodeLooper-crrddjihwjtfkwegrjrymctnfixv/SourcePackages/checkouts/KeyboardShortcuts
    builtin-copy -exclude .DS_Store -exclude CVS -exclude .svn -exclude .git -exclude .hg -resolve-src-symlinks /Users/steipete/Library/Developer/Xcode/DerivedData/CodeLooper-crrddjihwjtfkwegrjrymctnfixv/SourcePackages/checkouts/KeyboardShortcuts/Sources/KeyboardShortcuts/Localization/nl.lproj/Localizable.strings /Users/steipete/Library/Developer/Xcode/DerivedData/CodeLooper-crrddjihwjtfkwegrjrymctnfixv/Build/Products/Debug/KeyboardShortcuts_KeyboardShortcuts.bundle/Contents/Resources/nl.lproj

CpResource /Users/steipete/Library/Developer/Xcode/DerivedData/CodeLooper-crrddjihwjtfkwegrjrymctnfixv/Build/Products/Debug/KeyboardShortcuts_KeyboardShortcuts.bundle/Contents/Resources/es.lproj/Localizable.strings /Users/steipete/Library/Developer/Xcode/DerivedData/CodeLooper-crrddjihwjtfkwegrjrymctnfixv/SourcePackages/checkouts/KeyboardShortcuts/Sources/KeyboardShortcuts/Localization/es.lproj/Localizable.strings (in target 'KeyboardShortcuts_KeyboardShortcuts' from project 'KeyboardShortcuts')
    cd /Users/steipete/Library/Developer/Xcode/DerivedData/CodeLooper-crrddjihwjtfkwegrjrymctnfixv/SourcePackages/checkouts/KeyboardShortcuts
    builtin-copy -exclude .DS_Store -exclude CVS -exclude .svn -exclude .git -exclude .hg -resolve-src-symlinks /Users/steipete/Library/Developer/Xcode/DerivedData/CodeLooper-crrddjihwjtfkwegrjrymctnfixv/SourcePackages/checkouts/KeyboardShortcuts/Sources/KeyboardShortcuts/Localization/es.lproj/Localizable.strings /Users/steipete/Library/Developer/Xcode/DerivedData/CodeLooper-crrddjihwjtfkwegrjrymctnfixv/Build/Products/Debug/KeyboardShortcuts_KeyboardShortcuts.bundle/Contents/Resources/es.lproj

CpResource /Users/steipete/Library/Developer/Xcode/DerivedData/CodeLooper-crrddjihwjtfkwegrjrymctnfixv/Build/Products/Debug/KeyboardShortcuts_KeyboardShortcuts.bundle/Contents/Resources/ja.lproj/Localizable.strings /Users/steipete/Library/Developer/Xcode/DerivedData/CodeLooper-crrddjihwjtfkwegrjrymctnfixv/SourcePackages/checkouts/KeyboardShortcuts/Sources/KeyboardShortcuts/Localization/ja.lproj/Localizable.strings (in target 'KeyboardShortcuts_KeyboardShortcuts' from project 'KeyboardShortcuts')
    cd /Users/steipete/Library/Developer/Xcode/DerivedData/CodeLooper-crrddjihwjtfkwegrjrymctnfixv/SourcePackages/checkouts/KeyboardShortcuts
    builtin-copy -exclude .DS_Store -exclude CVS -exclude .svn -exclude .git -exclude .hg -resolve-src-symlinks /Users/steipete/Library/Developer/Xcode/DerivedData/CodeLooper-crrddjihwjtfkwegrjrymctnfixv/SourcePackages/checkouts/KeyboardShortcuts/Sources/KeyboardShortcuts/Localization/ja.lproj/Localizable.strings /Users/steipete/Library/Developer/Xcode/DerivedData/CodeLooper-crrddjihwjtfkwegrjrymctnfixv/Build/Products/Debug/KeyboardShortcuts_KeyboardShortcuts.bundle/Contents/Resources/ja.lproj

CpResource /Users/steipete/Library/Developer/Xcode/DerivedData/CodeLooper-crrddjihwjtfkwegrjrymctnfixv/Build/Products/Debug/KeyboardShortcuts_KeyboardShortcuts.bundle/Contents/Resources/en.lproj/Localizable.strings /Users/steipete/Library/Developer/Xcode/DerivedData/CodeLooper-crrddjihwjtfkwegrjrymctnfixv/SourcePackages/checkouts/KeyboardShortcuts/Sources/KeyboardShortcuts/Localization/en.lproj/Localizable.strings (in target 'KeyboardShortcuts_KeyboardShortcuts' from project 'KeyboardShortcuts')
    cd /Users/steipete/Library/Developer/Xcode/DerivedData/CodeLooper-crrddjihwjtfkwegrjrymctnfixv/SourcePackages/checkouts/KeyboardShortcuts
    builtin-copy -exclude .DS_Store -exclude CVS -exclude .svn -exclude .git -exclude .hg -resolve-src-symlinks /Users/steipete/Library/Developer/Xcode/DerivedData/CodeLooper-crrddjihwjtfkwegrjrymctnfixv/SourcePackages/checkouts/KeyboardShortcuts/Sources/KeyboardShortcuts/Localization/en.lproj/Localizable.strings /Users/steipete/Library/Developer/Xcode/DerivedData/CodeLooper-crrddjihwjtfkwegrjrymctnfixv/Build/Products/Debug/KeyboardShortcuts_KeyboardShortcuts.bundle/Contents/Resources/en.lproj

CpResource /Users/steipete/Library/Developer/Xcode/DerivedData/CodeLooper-crrddjihwjtfkwegrjrymctnfixv/Build/Products/Debug/KeyboardShortcuts_KeyboardShortcuts.bundle/Contents/Resources/fr.lproj/Localizable.strings /Users/steipete/Library/Developer/Xcode/DerivedData/CodeLooper-crrddjihwjtfkwegrjrymctnfixv/SourcePackages/checkouts/KeyboardShortcuts/Sources/KeyboardShortcuts/Localization/fr.lproj/Localizable.strings (in target 'KeyboardShortcuts_KeyboardShortcuts' from project 'KeyboardShortcuts')
    cd /Users/steipete/Library/Developer/Xcode/DerivedData/CodeLooper-crrddjihwjtfkwegrjrymctnfixv/SourcePackages/checkouts/KeyboardShortcuts
    builtin-copy -exclude .DS_Store -exclude CVS -exclude .svn -exclude .git -exclude .hg -resolve-src-symlinks /Users/steipete/Library/Developer/Xcode/DerivedData/CodeLooper-crrddjihwjtfkwegrjrymctnfixv/SourcePackages/checkouts/KeyboardShortcuts/Sources/KeyboardShortcuts/Localization/fr.lproj/Localizable.strings /Users/steipete/Library/Developer/Xcode/DerivedData/CodeLooper-crrddjihwjtfkwegrjrymctnfixv/Build/Products/Debug/KeyboardShortcuts_KeyboardShortcuts.bundle/Contents/Resources/fr.lproj

ProcessXCFramework /Users/steipete/Library/Developer/Xcode/DerivedData/CodeLooper-crrddjihwjtfkwegrjrymctnfixv/SourcePackages/artifacts/sparkle/Sparkle/Sparkle.xcframework /Users/steipete/Library/Developer/Xcode/DerivedData/CodeLooper-crrddjihwjtfkwegrjrymctnfixv/Build/Products/Debug/Sparkle.framework macos
    cd /Users/steipete/Projects/CodeLooper
    builtin-process-xcframework --xcframework /Users/steipete/Library/Developer/Xcode/DerivedData/CodeLooper-crrddjihwjtfkwegrjrymctnfixv/SourcePackages/artifacts/sparkle/Sparkle/Sparkle.xcframework --platform macos --target-path /Users/steipete/Library/Developer/Xcode/DerivedData/CodeLooper-crrddjihwjtfkwegrjrymctnfixv/Build/Products/Debug

CpResource /Users/steipete/Library/Developer/Xcode/DerivedData/CodeLooper-crrddjihwjtfkwegrjrymctnfixv/Build/Products/Debug/KeyboardShortcuts_KeyboardShortcuts.bundle/Contents/Resources/de.lproj/Localizable.strings /Users/steipete/Library/Developer/Xcode/DerivedData/CodeLooper-crrddjihwjtfkwegrjrymctnfixv/SourcePackages/checkouts/KeyboardShortcuts/Sources/KeyboardShortcuts/Localization/de.lproj/Localizable.strings (in target 'KeyboardShortcuts_KeyboardShortcuts' from project 'KeyboardShortcuts')
    cd /Users/steipete/Library/Developer/Xcode/DerivedData/CodeLooper-crrddjihwjtfkwegrjrymctnfixv/SourcePackages/checkouts/KeyboardShortcuts
    builtin-copy -exclude .DS_Store -exclude CVS -exclude .svn -exclude .git -exclude .hg -resolve-src-symlinks /Users/steipete/Library/Developer/Xcode/DerivedData/CodeLooper-crrddjihwjtfkwegrjrymctnfixv/SourcePackages/checkouts/KeyboardShortcuts/Sources/KeyboardShortcuts/Localization/de.lproj/Localizable.strings /Users/steipete/Library/Developer/Xcode/DerivedData/CodeLooper-crrddjihwjtfkwegrjrymctnfixv/Build/Products/Debug/KeyboardShortcuts_KeyboardShortcuts.bundle/Contents/Resources/de.lproj

CpResource /Users/steipete/Library/Developer/Xcode/DerivedData/CodeLooper-crrddjihwjtfkwegrjrymctnfixv/Build/Products/Debug/KeyboardShortcuts_KeyboardShortcuts.bundle/Contents/Resources/cs.lproj/Localizable.strings /Users/steipete/Library/Developer/Xcode/DerivedData/CodeLooper-crrddjihwjtfkwegrjrymctnfixv/SourcePackages/checkouts/KeyboardShortcuts/Sources/KeyboardShortcuts/Localization/cs.lproj/Localizable.strings (in target 'KeyboardShortcuts_KeyboardShortcuts' from project 'KeyboardShortcuts')
    cd /Users/steipete/Library/Developer/Xcode/DerivedData/CodeLooper-crrddjihwjtfkwegrjrymctnfixv/SourcePackages/checkouts/KeyboardShortcuts
    builtin-copy -exclude .DS_Store -exclude CVS -exclude .svn -exclude .git -exclude .hg -resolve-src-symlinks /Users/steipete/Library/Developer/Xcode/DerivedData/CodeLooper-crrddjihwjtfkwegrjrymctnfixv/SourcePackages/checkouts/KeyboardShortcuts/Sources/KeyboardShortcuts/Localization/cs.lproj/Localizable.strings /Users/steipete/Library/Developer/Xcode/DerivedData/CodeLooper-crrddjihwjtfkwegrjrymctnfixv/Build/Products/Debug/KeyboardShortcuts_KeyboardShortcuts.bundle/Contents/Resources/cs.lproj

CpResource /Users/steipete/Library/Developer/Xcode/DerivedData/CodeLooper-crrddjihwjtfkwegrjrymctnfixv/Build/Products/Debug/KeyboardShortcuts_KeyboardShortcuts.bundle/Contents/Resources/ar.lproj/Localizable.strings /Users/steipete/Library/Developer/Xcode/DerivedData/CodeLooper-crrddjihwjtfkwegrjrymctnfixv/SourcePackages/checkouts/KeyboardShortcuts/Sources/KeyboardShortcuts/Localization/ar.lproj/Localizable.strings (in target 'KeyboardShortcuts_KeyboardShortcuts' from project 'KeyboardShortcuts')
    cd /Users/steipete/Library/Developer/Xcode/DerivedData/CodeLooper-crrddjihwjtfkwegrjrymctnfixv/SourcePackages/checkouts/KeyboardShortcuts
    builtin-copy -exclude .DS_Store -exclude CVS -exclude .svn -exclude .git -exclude .hg -resolve-src-symlinks /Users/steipete/Library/Developer/Xcode/DerivedData/CodeLooper-crrddjihwjtfkwegrjrymctnfixv/SourcePackages/checkouts/KeyboardShortcuts/Sources/KeyboardShortcuts/Localization/ar.lproj/Localizable.strings /Users/steipete/Library/Developer/Xcode/DerivedData/CodeLooper-crrddjihwjtfkwegrjrymctnfixv/Build/Products/Debug/KeyboardShortcuts_KeyboardShortcuts.bundle/Contents/Resources/ar.lproj

ProcessInfoPlistFile /Users/steipete/Library/Developer/Xcode/DerivedData/CodeLooper-crrddjihwjtfkwegrjrymctnfixv/Build/Products/Debug/Demark_Demark.bundle/Contents/Info.plist /Users/steipete/Library/Developer/Xcode/DerivedData/CodeLooper-crrddjihwjtfkwegrjrymctnfixv/Build/Intermediates.noindex/Demark.build/Debug/Demark_Demark.build/empty-Demark_Demark.plist (in target 'Demark_Demark' from project 'Demark')
    cd /Users/steipete/Library/Developer/Xcode/DerivedData/CodeLooper-crrddjihwjtfkwegrjrymctnfixv/SourcePackages/checkouts/Demark
    builtin-infoPlistUtility /Users/steipete/Library/Developer/Xcode/DerivedData/CodeLooper-crrddjihwjtfkwegrjrymctnfixv/Build/Intermediates.noindex/Demark.build/Debug/Demark_Demark.build/empty-Demark_Demark.plist -producttype com.apple.product-type.bundle -expandbuildsettings -platform macosx -o /Users/steipete/Library/Developer/Xcode/DerivedData/CodeLooper-crrddjihwjtfkwegrjrymctnfixv/Build/Products/Debug/Demark_Demark.bundle/Contents/Info.plist

CpResource /Users/steipete/Library/Developer/Xcode/DerivedData/CodeLooper-crrddjihwjtfkwegrjrymctnfixv/Build/Products/Debug/Demark_Demark.bundle/Contents/Resources/turndown.min.js /Users/steipete/Library/Developer/Xcode/DerivedData/CodeLooper-crrddjihwjtfkwegrjrymctnfixv/SourcePackages/checkouts/Demark/Sources/Demark/Resources/turndown.min.js (in target 'Demark_Demark' from project 'Demark')
    cd /Users/steipete/Library/Developer/Xcode/DerivedData/CodeLooper-crrddjihwjtfkwegrjrymctnfixv/SourcePackages/checkouts/Demark
    builtin-copy -exclude .DS_Store -exclude CVS -exclude .svn -exclude .git -exclude .hg -resolve-src-symlinks /Users/steipete/Library/Developer/Xcode/DerivedData/CodeLooper-crrddjihwjtfkwegrjrymctnfixv/SourcePackages/checkouts/Demark/Sources/Demark/Resources/turndown.min.js /Users/steipete/Library/Developer/Xcode/DerivedData/CodeLooper-crrddjihwjtfkwegrjrymctnfixv/Build/Products/Debug/Demark_Demark.bundle/Contents/Resources

CpResource /Users/steipete/Library/Developer/Xcode/DerivedData/CodeLooper-crrddjihwjtfkwegrjrymctnfixv/Build/Products/Debug/Demark_Demark.bundle/Contents/Resources/html-to-md.min.js /Users/steipete/Library/Developer/Xcode/DerivedData/CodeLooper-crrddjihwjtfkwegrjrymctnfixv/SourcePackages/checkouts/Demark/Sources/Demark/Resources/html-to-md.min.js (in target 'Demark_Demark' from project 'Demark')
    cd /Users/steipete/Library/Developer/Xcode/DerivedData/CodeLooper-crrddjihwjtfkwegrjrymctnfixv/SourcePackages/checkouts/Demark
    builtin-copy -exclude .DS_Store -exclude CVS -exclude .svn -exclude .git -exclude .hg -resolve-src-symlinks /Users/steipete/Library/Developer/Xcode/DerivedData/CodeLooper-crrddjihwjtfkwegrjrymctnfixv/SourcePackages/checkouts/Demark/Sources/Demark/Resources/html-to-md.min.js /Users/steipete/Library/Developer/Xcode/DerivedData/CodeLooper-crrddjihwjtfkwegrjrymctnfixv/Build/Products/Debug/Demark_Demark.bundle/Contents/Resources

RegisterExecutionPolicyException /Users/steipete/Library/Developer/Xcode/DerivedData/CodeLooper-crrddjihwjtfkwegrjrymctnfixv/Build/Products/Debug/swift-nio_NIOPosix.bundle (in target 'swift-nio_NIOPosix' from project 'swift-nio')
    cd /Users/steipete/Library/Developer/Xcode/DerivedData/CodeLooper-crrddjihwjtfkwegrjrymctnfixv/SourcePackages/checkouts/swift-nio
    builtin-RegisterExecutionPolicyException /Users/steipete/Library/Developer/Xcode/DerivedData/CodeLooper-crrddjihwjtfkwegrjrymctnfixv/Build/Products/Debug/swift-nio_NIOPosix.bundle

ProcessInfoPlistFile /Users/steipete/Library/Developer/Xcode/DerivedData/CodeLooper-crrddjihwjtfkwegrjrymctnfixv/Build/Products/Debug/Defaults_Defaults.bundle/Contents/Info.plist /Users/steipete/Library/Developer/Xcode/DerivedData/CodeLooper-crrddjihwjtfkwegrjrymctnfixv/Build/Intermediates.noindex/Defaults.build/Debug/Defaults_Defaults.build/empty-Defaults_Defaults.plist (in target 'Defaults_Defaults' from project 'Defaults')
    cd /Users/steipete/Library/Developer/Xcode/DerivedData/CodeLooper-crrddjihwjtfkwegrjrymctnfixv/SourcePackages/checkouts/Defaults
    builtin-infoPlistUtility /Users/steipete/Library/Developer/Xcode/DerivedData/CodeLooper-crrddjihwjtfkwegrjrymctnfixv/Build/Intermediates.noindex/Defaults.build/Debug/Defaults_Defaults.build/empty-Defaults_Defaults.plist -producttype com.apple.product-type.bundle -expandbuildsettings -platform macosx -o /Users/steipete/Library/Developer/Xcode/DerivedData/CodeLooper-crrddjihwjtfkwegrjrymctnfixv/Build/Products/Debug/Defaults_Defaults.bundle/Contents/Info.plist

CpResource /Users/steipete/Library/Developer/Xcode/DerivedData/CodeLooper-crrddjihwjtfkwegrjrymctnfixv/Build/Products/Debug/Defaults_Defaults.bundle/Contents/Resources/PrivacyInfo.xcprivacy /Users/steipete/Library/Developer/Xcode/DerivedData/CodeLooper-crrddjihwjtfkwegrjrymctnfixv/SourcePackages/checkouts/Defaults/Sources/Defaults/PrivacyInfo.xcprivacy (in target 'Defaults_Defaults' from project 'Defaults')
    cd /Users/steipete/Library/Developer/Xcode/DerivedData/CodeLooper-crrddjihwjtfkwegrjrymctnfixv/SourcePackages/checkouts/Defaults
    builtin-copy -exclude .DS_Store -exclude CVS -exclude .svn -exclude .git -exclude .hg -resolve-src-symlinks /Users/steipete/Library/Developer/Xcode/DerivedData/CodeLooper-crrddjihwjtfkwegrjrymctnfixv/SourcePackages/checkouts/Defaults/Sources/Defaults/PrivacyInfo.xcprivacy /Users/steipete/Library/Developer/Xcode/DerivedData/CodeLooper-crrddjihwjtfkwegrjrymctnfixv/Build/Products/Debug/Defaults_Defaults.bundle/Contents/Resources

RegisterExecutionPolicyException /Users/steipete/Library/Developer/Xcode/DerivedData/CodeLooper-crrddjihwjtfkwegrjrymctnfixv/Build/Products/Debug/KeyboardShortcuts_KeyboardShortcuts.bundle (in target 'KeyboardShortcuts_KeyboardShortcuts' from project 'KeyboardShortcuts')
    cd /Users/steipete/Library/Developer/Xcode/DerivedData/CodeLooper-crrddjihwjtfkwegrjrymctnfixv/SourcePackages/checkouts/KeyboardShortcuts
    builtin-RegisterExecutionPolicyException /Users/steipete/Library/Developer/Xcode/DerivedData/CodeLooper-crrddjihwjtfkwegrjrymctnfixv/Build/Products/Debug/KeyboardShortcuts_KeyboardShortcuts.bundle

RegisterExecutionPolicyException /Users/steipete/Library/Developer/Xcode/DerivedData/CodeLooper-crrddjihwjtfkwegrjrymctnfixv/Build/Products/Debug/Demark_Demark.bundle (in target 'Demark_Demark' from project 'Demark')
    cd /Users/steipete/Library/Developer/Xcode/DerivedData/CodeLooper-crrddjihwjtfkwegrjrymctnfixv/SourcePackages/checkouts/Demark
    builtin-RegisterExecutionPolicyException /Users/steipete/Library/Developer/Xcode/DerivedData/CodeLooper-crrddjihwjtfkwegrjrymctnfixv/Build/Products/Debug/Demark_Demark.bundle

RegisterExecutionPolicyException /Users/steipete/Library/Developer/Xcode/DerivedData/CodeLooper-crrddjihwjtfkwegrjrymctnfixv/Build/Products/Debug/Defaults_Defaults.bundle (in target 'Defaults_Defaults' from project 'Defaults')
    cd /Users/steipete/Library/Developer/Xcode/DerivedData/CodeLooper-crrddjihwjtfkwegrjrymctnfixv/SourcePackages/checkouts/Defaults
    builtin-RegisterExecutionPolicyException /Users/steipete/Library/Developer/Xcode/DerivedData/CodeLooper-crrddjihwjtfkwegrjrymctnfixv/Build/Products/Debug/Defaults_Defaults.bundle

Touch /Users/steipete/Library/Developer/Xcode/DerivedData/CodeLooper-crrddjihwjtfkwegrjrymctnfixv/Build/Products/Debug/swift-nio_NIOPosix.bundle (in target 'swift-nio_NIOPosix' from project 'swift-nio')
    cd /Users/steipete/Library/Developer/Xcode/DerivedData/CodeLooper-crrddjihwjtfkwegrjrymctnfixv/SourcePackages/checkouts/swift-nio
    /usr/bin/touch -c /Users/steipete/Library/Developer/Xcode/DerivedData/CodeLooper-crrddjihwjtfkwegrjrymctnfixv/Build/Products/Debug/swift-nio_NIOPosix.bundle

Touch /Users/steipete/Library/Developer/Xcode/DerivedData/CodeLooper-crrddjihwjtfkwegrjrymctnfixv/Build/Products/Debug/KeyboardShortcuts_KeyboardShortcuts.bundle (in target 'KeyboardShortcuts_KeyboardShortcuts' from project 'KeyboardShortcuts')
    cd /Users/steipete/Library/Developer/Xcode/DerivedData/CodeLooper-crrddjihwjtfkwegrjrymctnfixv/SourcePackages/checkouts/KeyboardShortcuts
    /usr/bin/touch -c /Users/steipete/Library/Developer/Xcode/DerivedData/CodeLooper-crrddjihwjtfkwegrjrymctnfixv/Build/Products/Debug/KeyboardShortcuts_KeyboardShortcuts.bundle

Touch /Users/steipete/Library/Developer/Xcode/DerivedData/CodeLooper-crrddjihwjtfkwegrjrymctnfixv/Build/Products/Debug/Demark_Demark.bundle (in target 'Demark_Demark' from project 'Demark')
    cd /Users/steipete/Library/Developer/Xcode/DerivedData/CodeLooper-crrddjihwjtfkwegrjrymctnfixv/SourcePackages/checkouts/Demark
    /usr/bin/touch -c /Users/steipete/Library/Developer/Xcode/DerivedData/CodeLooper-crrddjihwjtfkwegrjrymctnfixv/Build/Products/Debug/Demark_Demark.bundle

Touch /Users/steipete/Library/Developer/Xcode/DerivedData/CodeLooper-crrddjihwjtfkwegrjrymctnfixv/Build/Products/Debug/Defaults_Defaults.bundle (in target 'Defaults_Defaults' from project 'Defaults')
    cd /Users/steipete/Library/Developer/Xcode/DerivedData/CodeLooper-crrddjihwjtfkwegrjrymctnfixv/SourcePackages/checkouts/Defaults
    /usr/bin/touch -c /Users/steipete/Library/Developer/Xcode/DerivedData/CodeLooper-crrddjihwjtfkwegrjrymctnfixv/Build/Products/Debug/Defaults_Defaults.bundle

WriteAuxiliaryFile /Users/steipete/Library/Developer/Xcode/DerivedData/CodeLooper-crrddjihwjtfkwegrjrymctnfixv/Build/Intermediates.noindex/CodeLooper.build/Debug/CodeLooper.build/CodeLooper-project-headers.hmap (in target 'CodeLooper' from project 'CodeLooper')
    cd /Users/steipete/Projects/CodeLooper
    write-file /Users/steipete/Library/Developer/Xcode/DerivedData/CodeLooper-crrddjihwjtfkwegrjrymctnfixv/Build/Intermediates.noindex/CodeLooper.build/Debug/CodeLooper.build/CodeLooper-project-headers.hmap

WriteAuxiliaryFile /Users/steipete/Library/Developer/Xcode/DerivedData/CodeLooper-crrddjihwjtfkwegrjrymctnfixv/Build/Intermediates.noindex/CodeLooper.build/Debug/CodeLooper.build/CodeLooper.DependencyStaticMetadataFileList (in target 'CodeLooper' from project 'CodeLooper')
    cd /Users/steipete/Projects/CodeLooper
    write-file /Users/steipete/Library/Developer/Xcode/DerivedData/CodeLooper-crrddjihwjtfkwegrjrymctnfixv/Build/Intermediates.noindex/CodeLooper.build/Debug/CodeLooper.build/CodeLooper.DependencyStaticMetadataFileList

WriteAuxiliaryFile /Users/steipete/Library/Developer/Xcode/DerivedData/CodeLooper-crrddjihwjtfkwegrjrymctnfixv/Build/Intermediates.noindex/CodeLooper.build/Debug/CodeLooper.build/CodeLooper.DependencyMetadataFileList (in target 'CodeLooper' from project 'CodeLooper')
    cd /Users/steipete/Projects/CodeLooper
    write-file /Users/steipete/Library/Developer/Xcode/DerivedData/CodeLooper-crrddjihwjtfkwegrjrymctnfixv/Build/Intermediates.noindex/CodeLooper.build/Debug/CodeLooper.build/CodeLooper.DependencyMetadataFileList

WriteAuxiliaryFile /Users/steipete/Library/Developer/Xcode/DerivedData/CodeLooper-crrddjihwjtfkwegrjrymctnfixv/Build/Intermediates.noindex/CodeLooper.build/Debug/CodeLooper.build/CodeLooper.hmap (in target 'CodeLooper' from project 'CodeLooper')
    cd /Users/steipete/Projects/CodeLooper
    write-file /Users/steipete/Library/Developer/Xcode/DerivedData/CodeLooper-crrddjihwjtfkwegrjrymctnfixv/Build/Intermediates.noindex/CodeLooper.build/Debug/CodeLooper.build/CodeLooper.hmap

WriteAuxiliaryFile /Users/steipete/Library/Developer/Xcode/DerivedData/CodeLooper-crrddjihwjtfkwegrjrymctnfixv/Build/Intermediates.noindex/CodeLooper.build/Debug/CodeLooper.build/CodeLooper-own-target-headers.hmap (in target 'CodeLooper' from project 'CodeLooper')
    cd /Users/steipete/Projects/CodeLooper
    write-file /Users/steipete/Library/Developer/Xcode/DerivedData/CodeLooper-crrddjihwjtfkwegrjrymctnfixv/Build/Intermediates.noindex/CodeLooper.build/Debug/CodeLooper.build/CodeLooper-own-target-headers.hmap

WriteAuxiliaryFile /Users/steipete/Library/Developer/Xcode/DerivedData/CodeLooper-crrddjihwjtfkwegrjrymctnfixv/Build/Intermediates.noindex/CodeLooper.build/Debug/CodeLooper.build/CodeLooper-all-target-headers.hmap (in target 'CodeLooper' from project 'CodeLooper')
    cd /Users/steipete/Projects/CodeLooper
    write-file /Users/steipete/Library/Developer/Xcode/DerivedData/CodeLooper-crrddjihwjtfkwegrjrymctnfixv/Build/Intermediates.noindex/CodeLooper.build/Debug/CodeLooper.build/CodeLooper-all-target-headers.hmap

WriteAuxiliaryFile /Users/steipete/Library/Developer/Xcode/DerivedData/CodeLooper-crrddjihwjtfkwegrjrymctnfixv/Build/Intermediates.noindex/CodeLooper.build/Debug/CodeLooper.build/CodeLooper-all-non-framework-target-headers.hmap (in target 'CodeLooper' from project 'CodeLooper')
    cd /Users/steipete/Projects/CodeLooper
    write-file /Users/steipete/Library/Developer/Xcode/DerivedData/CodeLooper-crrddjihwjtfkwegrjrymctnfixv/Build/Intermediates.noindex/CodeLooper.build/Debug/CodeLooper.build/CodeLooper-all-non-framework-target-headers.hmap

WriteAuxiliaryFile /Users/steipete/Library/Developer/Xcode/DerivedData/CodeLooper-crrddjihwjtfkwegrjrymctnfixv/Build/Intermediates.noindex/CodeLooper.build/Debug/CodeLooper.build/CodeLooper-DebugDylibPath-normal-arm64.txt (in target 'CodeLooper' from project 'CodeLooper')
    cd /Users/steipete/Projects/CodeLooper
    write-file /Users/steipete/Library/Developer/Xcode/DerivedData/CodeLooper-crrddjihwjtfkwegrjrymctnfixv/Build/Intermediates.noindex/CodeLooper.build/Debug/CodeLooper.build/CodeLooper-DebugDylibPath-normal-arm64.txt

WriteAuxiliaryFile /Users/steipete/Library/Developer/Xcode/DerivedData/CodeLooper-crrddjihwjtfkwegrjrymctnfixv/Build/Intermediates.noindex/CodeLooper.build/Debug/CodeLooper.build/DerivedSources/Entitlements.plist (in target 'CodeLooper' from project 'CodeLooper')
    cd /Users/steipete/Projects/CodeLooper
    write-file /Users/steipete/Library/Developer/Xcode/DerivedData/CodeLooper-crrddjihwjtfkwegrjrymctnfixv/Build/Intermediates.noindex/CodeLooper.build/Debug/CodeLooper.build/DerivedSources/Entitlements.plist

WriteAuxiliaryFile /Users/steipete/Library/Developer/Xcode/DerivedData/CodeLooper-crrddjihwjtfkwegrjrymctnfixv/Build/Intermediates.noindex/CodeLooper.build/Debug/CodeLooper.build/CodeLooper-generated-files.hmap (in target 'CodeLooper' from project 'CodeLooper')
    cd /Users/steipete/Projects/CodeLooper
    write-file /Users/steipete/Library/Developer/Xcode/DerivedData/CodeLooper-crrddjihwjtfkwegrjrymctnfixv/Build/Intermediates.noindex/CodeLooper.build/Debug/CodeLooper.build/CodeLooper-generated-files.hmap

WriteAuxiliaryFile /Users/steipete/Library/Developer/Xcode/DerivedData/CodeLooper-crrddjihwjtfkwegrjrymctnfixv/Build/Intermediates.noindex/CodeLooper.build/Debug/CodeLooper.build/Objects-normal/arm64/CodeLooper.SwiftFileList (in target 'CodeLooper' from project 'CodeLooper')
    cd /Users/steipete/Projects/CodeLooper
    write-file /Users/steipete/Library/Developer/Xcode/DerivedData/CodeLooper-crrddjihwjtfkwegrjrymctnfixv/Build/Intermediates.noindex/CodeLooper.build/Debug/CodeLooper.build/Objects-normal/arm64/CodeLooper.SwiftFileList

WriteAuxiliaryFile /Users/steipete/Library/Developer/Xcode/DerivedData/CodeLooper-crrddjihwjtfkwegrjrymctnfixv/Build/Intermediates.noindex/CodeLooper.build/Debug/CodeLooper.build/Objects-normal/arm64/CodeLooper-OutputFileMap.json (in target 'CodeLooper' from project 'CodeLooper')
    cd /Users/steipete/Projects/CodeLooper
    write-file /Users/steipete/Library/Developer/Xcode/DerivedData/CodeLooper-crrddjihwjtfkwegrjrymctnfixv/Build/Intermediates.noindex/CodeLooper.build/Debug/CodeLooper.build/Objects-normal/arm64/CodeLooper-OutputFileMap.json

WriteAuxiliaryFile /Users/steipete/Library/Developer/Xcode/DerivedData/CodeLooper-crrddjihwjtfkwegrjrymctnfixv/Build/Intermediates.noindex/CodeLooper.build/Debug/CodeLooper.build/Objects-normal/arm64/CodeLooper_const_extract_protocols.json (in target 'CodeLooper' from project 'CodeLooper')
    cd /Users/steipete/Projects/CodeLooper
    write-file /Users/steipete/Library/Developer/Xcode/DerivedData/CodeLooper-crrddjihwjtfkwegrjrymctnfixv/Build/Intermediates.noindex/CodeLooper.build/Debug/CodeLooper.build/Objects-normal/arm64/CodeLooper_const_extract_protocols.json

WriteAuxiliaryFile /Users/steipete/Library/Developer/Xcode/DerivedData/CodeLooper-crrddjihwjtfkwegrjrymctnfixv/Build/Intermediates.noindex/CodeLooper.build/Debug/CodeLooper.build/Objects-normal/arm64/CodeLooper.LinkFileList (in target 'CodeLooper' from project 'CodeLooper')
    cd /Users/steipete/Projects/CodeLooper
    write-file /Users/steipete/Library/Developer/Xcode/DerivedData/CodeLooper-crrddjihwjtfkwegrjrymctnfixv/Build/Intermediates.noindex/CodeLooper.build/Debug/CodeLooper.build/Objects-normal/arm64/CodeLooper.LinkFileList

WriteAuxiliaryFile /Users/steipete/Library/Developer/Xcode/DerivedData/CodeLooper-crrddjihwjtfkwegrjrymctnfixv/Build/Intermediates.noindex/CodeLooper.build/Debug/CodeLooper.build/Objects-normal/arm64/CodeLooper.SwiftConstValuesFileList (in target 'CodeLooper' from project 'CodeLooper')
    cd /Users/steipete/Projects/CodeLooper
    write-file /Users/steipete/Library/Developer/Xcode/DerivedData/CodeLooper-crrddjihwjtfkwegrjrymctnfixv/Build/Intermediates.noindex/CodeLooper.build/Debug/CodeLooper.build/Objects-normal/arm64/CodeLooper.SwiftConstValuesFileList

WriteAuxiliaryFile /Users/steipete/Library/Developer/Xcode/DerivedData/CodeLooper-crrddjihwjtfkwegrjrymctnfixv/Build/Intermediates.noindex/CodeLooper.build/Debug/CodeLooper.build/CodeLooper-DebugDylibInstallName-normal-arm64.txt (in target 'CodeLooper' from project 'CodeLooper')
    cd /Users/steipete/Projects/CodeLooper
    write-file /Users/steipete/Library/Developer/Xcode/DerivedData/CodeLooper-crrddjihwjtfkwegrjrymctnfixv/Build/Intermediates.noindex/CodeLooper.build/Debug/CodeLooper.build/CodeLooper-DebugDylibInstallName-normal-arm64.txt

MkDir /Users/steipete/Library/Developer/Xcode/DerivedData/CodeLooper-crrddjihwjtfkwegrjrymctnfixv/Build/Products/Debug/CodeLooper.app (in target 'CodeLooper' from project 'CodeLooper')
    cd /Users/steipete/Projects/CodeLooper
    /bin/mkdir -p /Users/steipete/Library/Developer/Xcode/DerivedData/CodeLooper-crrddjihwjtfkwegrjrymctnfixv/Build/Products/Debug/CodeLooper.app

MkDir /Users/steipete/Library/Developer/Xcode/DerivedData/CodeLooper-crrddjihwjtfkwegrjrymctnfixv/Build/Products/Debug/CodeLooper.app/Contents (in target 'CodeLooper' from project 'CodeLooper')
    cd /Users/steipete/Projects/CodeLooper
    /bin/mkdir -p /Users/steipete/Library/Developer/Xcode/DerivedData/CodeLooper-crrddjihwjtfkwegrjrymctnfixv/Build/Products/Debug/CodeLooper.app/Contents

MkDir /Users/steipete/Library/Developer/Xcode/DerivedData/CodeLooper-crrddjihwjtfkwegrjrymctnfixv/Build/Products/Debug/CodeLooper.app/Contents/MacOS (in target 'CodeLooper' from project 'CodeLooper')
    cd /Users/steipete/Projects/CodeLooper
    /bin/mkdir -p /Users/steipete/Library/Developer/Xcode/DerivedData/CodeLooper-crrddjihwjtfkwegrjrymctnfixv/Build/Products/Debug/CodeLooper.app/Contents/MacOS

MkDir /Users/steipete/Library/Developer/Xcode/DerivedData/CodeLooper-crrddjihwjtfkwegrjrymctnfixv/Build/Products/Debug/CodeLooper.app/Contents/Resources (in target 'CodeLooper' from project 'CodeLooper')
    cd /Users/steipete/Projects/CodeLooper
    /bin/mkdir -p /Users/steipete/Library/Developer/Xcode/DerivedData/CodeLooper-crrddjihwjtfkwegrjrymctnfixv/Build/Products/Debug/CodeLooper.app/Contents/Resources

MkDir /Users/steipete/Library/Developer/Xcode/DerivedData/CodeLooper-crrddjihwjtfkwegrjrymctnfixv/Build/Products/Debug/CodeLooper.app/Contents/Frameworks (in target 'CodeLooper' from project 'CodeLooper')
    cd /Users/steipete/Projects/CodeLooper
    /bin/mkdir -p /Users/steipete/Library/Developer/Xcode/DerivedData/CodeLooper-crrddjihwjtfkwegrjrymctnfixv/Build/Products/Debug/CodeLooper.app/Contents/Frameworks

ScanDependencies /Users/steipete/Library/Developer/Xcode/DerivedData/CodeLooper-crrddjihwjtfkwegrjrymctnfixv/Build/Intermediates.noindex/swift-nio.build/Debug/CNIOWindows.build/Objects-normal/arm64/WSAStartup.o /Users/steipete/Library/Developer/Xcode/DerivedData/CodeLooper-crrddjihwjtfkwegrjrymctnfixv/SourcePackages/checkouts/swift-nio/Sources/CNIOWindows/WSAStartup.c normal arm64 c com.apple.compilers.llvm.clang.1_0.compiler (in target 'CNIOWindows' from project 'swift-nio')
    cd /Users/steipete/Projects/CodeLooper
    
    Using response file: /Users/steipete/Library/Developer/Xcode/DerivedData/CodeLooper-crrddjihwjtfkwegrjrymctnfixv/Build/Intermediates.noindex/swift-nio.build/Debug/CNIOWindows.build/Objects-normal/arm64/7187679823f38a2a940e0043cdf9d637-common-args.resp
    
    builtin-ScanDependencies -o /Users/steipete/Library/Developer/Xcode/DerivedData/CodeLooper-crrddjihwjtfkwegrjrymctnfixv/Build/Intermediates.noindex/swift-nio.build/Debug/CNIOWindows.build/Objects-normal/arm64/WSAStartup.o.scan -- /Applications/Xcode-beta.app/Contents/Developer/Toolchains/XcodeDefault.xctoolchain/usr/bin/clang -x c -ivfsstatcache /Users/steipete/Library/Developer/Xcode/DerivedData/SDKStatCaches.noindex/macosx26.0-25A5279m-5d9328ff1a6613a11d359de947506b52.sdkstatcache -fmessage-length\=0 -fdiagnostics-show-note-include-stack -fmacro-backtrace-limit\=0 -fno-color-diagnostics -fmodules-prune-interval\=86400 -fmodules-prune-after\=345600 -fbuild-session-file\=/Users/steipete/Library/Developer/Xcode/DerivedData/ModuleCache.noindex/Session.modulevalidation -fmodules-validate-once-per-build-session -Wnon-modular-include-in-framework-module -Werror\=non-modular-include-in-framework-module -Wno-trigraphs -Wno-missing-field-initializers -Wno-missing-prototypes -Wno-return-type -Wno-missing-braces -Wparentheses -Wswitch -Wno-unused-function -Wno-unused-label -Wno-unused-parameter -Wno-unused-variable -Wunused-value -Wno-empty-body -Wno-uninitialized -Wno-unknown-pragmas -w -Wno-shadow -Wno-four-char-constants -Wno-conversion -Wno-constant-conversion -Wno-int-conversion -Wno-bool-conversion -Wno-enum-conversion -Wno-float-conversion -Wno-non-literal-null-conversion -Wno-objc-literal-conversion -Wshorten-64-to-32 -Wpointer-sign -Wno-newline-eof -Wno-implicit-fallthrough -fstrict-aliasing -Wdeprecated-declarations -Wno-sign-conversion -Wno-infinite-recursion -Wno-comma -Wno-block-capture-autoreleasing -Wno-strict-prototypes -Wno-semicolon-before-method-body -index-store-path /Users/steipete/Library/Developer/Xcode/DerivedData/CodeLooper-crrddjihwjtfkwegrjrymctnfixv/Index.noindex/DataStore @/Users/steipete/Library/Developer/Xcode/DerivedData/CodeLooper-crrddjihwjtfkwegrjrymctnfixv/Build/Intermediates.noindex/swift-nio.build/Debug/CNIOWindows.build/Objects-normal/arm64/7187679823f38a2a940e0043cdf9d637-common-args.resp -MMD -MT dependencies -MF /Users/steipete/Library/Developer/Xcode/DerivedData/CodeLooper-crrddjihwjtfkwegrjrymctnfixv/Build/Intermediates.noindex/swift-nio.build/Debug/CNIOWindows.build/Objects-normal/arm64/WSAStartup.d --serialize-diagnostics /Users/steipete/Library/Developer/Xcode/DerivedData/CodeLooper-crrddjihwjtfkwegrjrymctnfixv/Build/Intermediates.noindex/swift-nio.build/Debug/CNIOWindows.build/Objects-normal/arm64/WSAStartup.dia -c /Users/steipete/Library/Developer/Xcode/DerivedData/CodeLooper-crrddjihwjtfkwegrjrymctnfixv/SourcePackages/checkouts/swift-nio/Sources/CNIOWindows/WSAStartup.c -o /Users/steipete/Library/Developer/Xcode/DerivedData/CodeLooper-crrddjihwjtfkwegrjrymctnfixv/Build/Intermediates.noindex/swift-nio.build/Debug/CNIOWindows.build/Objects-normal/arm64/WSAStartup.o -index-unit-output-path /swift-nio.build/Debug/CNIOWindows.build/Objects-normal/arm64/WSAStartup.o

ScanDependencies /Users/steipete/Library/Developer/Xcode/DerivedData/CodeLooper-crrddjihwjtfkwegrjrymctnfixv/Build/Intermediates.noindex/swift-atomics.build/Debug/_AtomicsShims.build/Objects-normal/arm64/_AtomicsShims.o /Users/steipete/Library/Developer/Xcode/DerivedData/CodeLooper-crrddjihwjtfkwegrjrymctnfixv/SourcePackages/checkouts/swift-atomics/Sources/_AtomicsShims/src/_AtomicsShims.c normal arm64 c com.apple.compilers.llvm.clang.1_0.compiler (in target '_AtomicsShims' from project 'swift-atomics')
    cd /Users/steipete/Projects/CodeLooper
    
    Using response file: /Users/steipete/Library/Developer/Xcode/DerivedData/CodeLooper-crrddjihwjtfkwegrjrymctnfixv/Build/Intermediates.noindex/swift-atomics.build/Debug/_AtomicsShims.build/Objects-normal/arm64/7187679823f38a2a940e0043cdf9d637-common-args.resp
    
    builtin-ScanDependencies -o /Users/steipete/Library/Developer/Xcode/DerivedData/CodeLooper-crrddjihwjtfkwegrjrymctnfixv/Build/Intermediates.noindex/swift-atomics.build/Debug/_AtomicsShims.build/Objects-normal/arm64/_AtomicsShims.o.scan -- /Applications/Xcode-beta.app/Contents/Developer/Toolchains/XcodeDefault.xctoolchain/usr/bin/clang -x c -ivfsstatcache /Users/steipete/Library/Developer/Xcode/DerivedData/SDKStatCaches.noindex/macosx26.0-25A5279m-5d9328ff1a6613a11d359de947506b52.sdkstatcache -fmessage-length\=0 -fdiagnostics-show-note-include-stack -fmacro-backtrace-limit\=0 -fno-color-diagnostics -fmodules-prune-interval\=86400 -fmodules-prune-after\=345600 -fbuild-session-file\=/Users/steipete/Library/Developer/Xcode/DerivedData/ModuleCache.noindex/Session.modulevalidation -fmodules-validate-once-per-build-session -Wnon-modular-include-in-framework-module -Werror\=non-modular-include-in-framework-module -Wno-trigraphs -Wno-missing-field-initializers -Wno-missing-prototypes -Wno-return-type -Wno-missing-braces -Wparentheses -Wswitch -Wno-unused-function -Wno-unused-label -Wno-unused-parameter -Wno-unused-variable -Wunused-value -Wno-empty-body -Wno-uninitialized -Wno-unknown-pragmas -w -Wno-shadow -Wno-four-char-constants -Wno-conversion -Wno-constant-conversion -Wno-int-conversion -Wno-bool-conversion -Wno-enum-conversion -Wno-float-conversion -Wno-non-literal-null-conversion -Wno-objc-literal-conversion -Wshorten-64-to-32 -Wpointer-sign -Wno-newline-eof -Wno-implicit-fallthrough -fstrict-aliasing -Wdeprecated-declarations -Wno-sign-conversion -Wno-infinite-recursion -Wno-comma -Wno-block-capture-autoreleasing -Wno-strict-prototypes -Wno-semicolon-before-method-body -index-store-path /Users/steipete/Library/Developer/Xcode/DerivedData/CodeLooper-crrddjihwjtfkwegrjrymctnfixv/Index.noindex/DataStore @/Users/steipete/Library/Developer/Xcode/DerivedData/CodeLooper-crrddjihwjtfkwegrjrymctnfixv/Build/Intermediates.noindex/swift-atomics.build/Debug/_AtomicsShims.build/Objects-normal/arm64/7187679823f38a2a940e0043cdf9d637-common-args.resp -MMD -MT dependencies -MF /Users/steipete/Library/Developer/Xcode/DerivedData/CodeLooper-crrddjihwjtfkwegrjrymctnfixv/Build/Intermediates.noindex/swift-atomics.build/Debug/_AtomicsShims.build/Objects-normal/arm64/_AtomicsShims.d --serialize-diagnostics /Users/steipete/Library/Developer/Xcode/DerivedData/CodeLooper-crrddjihwjtfkwegrjrymctnfixv/Build/Intermediates.noindex/swift-atomics.build/Debug/_AtomicsShims.build/Objects-normal/arm64/_AtomicsShims.dia -c /Users/steipete/Library/Developer/Xcode/DerivedData/CodeLooper-crrddjihwjtfkwegrjrymctnfixv/SourcePackages/checkouts/swift-atomics/Sources/_AtomicsShims/src/_AtomicsShims.c -o /Users/steipete/Library/Developer/Xcode/DerivedData/CodeLooper-crrddjihwjtfkwegrjrymctnfixv/Build/Intermediates.noindex/swift-atomics.build/Debug/_AtomicsShims.build/Objects-normal/arm64/_AtomicsShims.o -index-unit-output-path /swift-atomics.build/Debug/_AtomicsShims.build/Objects-normal/arm64/_AtomicsShims.o

ScanDependencies /Users/steipete/Library/Developer/Xcode/DerivedData/CodeLooper-crrddjihwjtfkwegrjrymctnfixv/Build/Intermediates.noindex/swift-nio.build/Debug/CNIOWindows.build/Objects-normal/arm64/shim.o /Users/steipete/Library/Developer/Xcode/DerivedData/CodeLooper-crrddjihwjtfkwegrjrymctnfixv/SourcePackages/checkouts/swift-nio/Sources/CNIOWindows/shim.c normal arm64 c com.apple.compilers.llvm.clang.1_0.compiler (in target 'CNIOWindows' from project 'swift-nio')
    cd /Users/steipete/Projects/CodeLooper
    
    Using response file: /Users/steipete/Library/Developer/Xcode/DerivedData/CodeLooper-crrddjihwjtfkwegrjrymctnfixv/Build/Intermediates.noindex/swift-nio.build/Debug/CNIOWindows.build/Objects-normal/arm64/7187679823f38a2a940e0043cdf9d637-common-args.resp
    
    builtin-ScanDependencies -o /Users/steipete/Library/Developer/Xcode/DerivedData/CodeLooper-crrddjihwjtfkwegrjrymctnfixv/Build/Intermediates.noindex/swift-nio.build/Debug/CNIOWindows.build/Objects-normal/arm64/shim.o.scan -- /Applications/Xcode-beta.app/Contents/Developer/Toolchains/XcodeDefault.xctoolchain/usr/bin/clang -x c -ivfsstatcache /Users/steipete/Library/Developer/Xcode/DerivedData/SDKStatCaches.noindex/macosx26.0-25A5279m-5d9328ff1a6613a11d359de947506b52.sdkstatcache -fmessage-length\=0 -fdiagnostics-show-note-include-stack -fmacro-backtrace-limit\=0 -fno-color-diagnostics -fmodules-prune-interval\=86400 -fmodules-prune-after\=345600 -fbuild-session-file\=/Users/steipete/Library/Developer/Xcode/DerivedData/ModuleCache.noindex/Session.modulevalidation -fmodules-validate-once-per-build-session -Wnon-modular-include-in-framework-module -Werror\=non-modular-include-in-framework-module -Wno-trigraphs -Wno-missing-field-initializers -Wno-missing-prototypes -Wno-return-type -Wno-missing-braces -Wparentheses -Wswitch -Wno-unused-function -Wno-unused-label -Wno-unused-parameter -Wno-unused-variable -Wunused-value -Wno-empty-body -Wno-uninitialized -Wno-unknown-pragmas -w -Wno-shadow -Wno-four-char-constants -Wno-conversion -Wno-constant-conversion -Wno-int-conversion -Wno-bool-conversion -Wno-enum-conversion -Wno-float-conversion -Wno-non-literal-null-conversion -Wno-objc-literal-conversion -Wshorten-64-to-32 -Wpointer-sign -Wno-newline-eof -Wno-implicit-fallthrough -fstrict-aliasing -Wdeprecated-declarations -Wno-sign-conversion -Wno-infinite-recursion -Wno-comma -Wno-block-capture-autoreleasing -Wno-strict-prototypes -Wno-semicolon-before-method-body -index-store-path /Users/steipete/Library/Developer/Xcode/DerivedData/CodeLooper-crrddjihwjtfkwegrjrymctnfixv/Index.noindex/DataStore @/Users/steipete/Library/Developer/Xcode/DerivedData/CodeLooper-crrddjihwjtfkwegrjrymctnfixv/Build/Intermediates.noindex/swift-nio.build/Debug/CNIOWindows.build/Objects-normal/arm64/7187679823f38a2a940e0043cdf9d637-common-args.resp -MMD -MT dependencies -MF /Users/steipete/Library/Developer/Xcode/DerivedData/CodeLooper-crrddjihwjtfkwegrjrymctnfixv/Build/Intermediates.noindex/swift-nio.build/Debug/CNIOWindows.build/Objects-normal/arm64/shim.d --serialize-diagnostics /Users/steipete/Library/Developer/Xcode/DerivedData/CodeLooper-crrddjihwjtfkwegrjrymctnfixv/Build/Intermediates.noindex/swift-nio.build/Debug/CNIOWindows.build/Objects-normal/arm64/shim.dia -c /Users/steipete/Library/Developer/Xcode/DerivedData/CodeLooper-crrddjihwjtfkwegrjrymctnfixv/SourcePackages/checkouts/swift-nio/Sources/CNIOWindows/shim.c -o /Users/steipete/Library/Developer/Xcode/DerivedData/CodeLooper-crrddjihwjtfkwegrjrymctnfixv/Build/Intermediates.noindex/swift-nio.build/Debug/CNIOWindows.build/Objects-normal/arm64/shim.o -index-unit-output-path /swift-nio.build/Debug/CNIOWindows.build/Objects-normal/arm64/shim.o

ScanDependencies /Users/steipete/Library/Developer/Xcode/DerivedData/CodeLooper-crrddjihwjtfkwegrjrymctnfixv/Build/Intermediates.noindex/swift-nio.build/Debug/CNIOLinux.build/Objects-normal/arm64/liburing_shims.o /Users/steipete/Library/Developer/Xcode/DerivedData/CodeLooper-crrddjihwjtfkwegrjrymctnfixv/SourcePackages/checkouts/swift-nio/Sources/CNIOLinux/liburing_shims.c normal arm64 c com.apple.compilers.llvm.clang.1_0.compiler (in target 'CNIOLinux' from project 'swift-nio')
    cd /Users/steipete/Projects/CodeLooper
    
    Using response file: /Users/steipete/Library/Developer/Xcode/DerivedData/CodeLooper-crrddjihwjtfkwegrjrymctnfixv/Build/Intermediates.noindex/swift-nio.build/Debug/CNIOLinux.build/Objects-normal/arm64/7187679823f38a2a940e0043cdf9d637-common-args.resp
    
    builtin-ScanDependencies -o /Users/steipete/Library/Developer/Xcode/DerivedData/CodeLooper-crrddjihwjtfkwegrjrymctnfixv/Build/Intermediates.noindex/swift-nio.build/Debug/CNIOLinux.build/Objects-normal/arm64/liburing_shims.o.scan -- /Applications/Xcode-beta.app/Contents/Developer/Toolchains/XcodeDefault.xctoolchain/usr/bin/clang -x c -ivfsstatcache /Users/steipete/Library/Developer/Xcode/DerivedData/SDKStatCaches.noindex/macosx26.0-25A5279m-5d9328ff1a6613a11d359de947506b52.sdkstatcache -fmessage-length\=0 -fdiagnostics-show-note-include-stack -fmacro-backtrace-limit\=0 -fno-color-diagnostics -fmodules-prune-interval\=86400 -fmodules-prune-after\=345600 -fbuild-session-file\=/Users/steipete/Library/Developer/Xcode/DerivedData/ModuleCache.noindex/Session.modulevalidation -fmodules-validate-once-per-build-session -Wnon-modular-include-in-framework-module -Werror\=non-modular-include-in-framework-module -Wno-trigraphs -Wno-missing-field-initializers -Wno-missing-prototypes -Wno-return-type -Wno-missing-braces -Wparentheses -Wswitch -Wno-unused-function -Wno-unused-label -Wno-unused-parameter -Wno-unused-variable -Wunused-value -Wno-empty-body -Wno-uninitialized -Wno-unknown-pragmas -w -Wno-shadow -Wno-four-char-constants -Wno-conversion -Wno-constant-conversion -Wno-int-conversion -Wno-bool-conversion -Wno-enum-conversion -Wno-float-conversion -Wno-non-literal-null-conversion -Wno-objc-literal-conversion -Wshorten-64-to-32 -Wpointer-sign -Wno-newline-eof -Wno-implicit-fallthrough -fstrict-aliasing -Wdeprecated-declarations -Wno-sign-conversion -Wno-infinite-recursion -Wno-comma -Wno-block-capture-autoreleasing -Wno-strict-prototypes -Wno-semicolon-before-method-body -index-store-path /Users/steipete/Library/Developer/Xcode/DerivedData/CodeLooper-crrddjihwjtfkwegrjrymctnfixv/Index.noindex/DataStore @/Users/steipete/Library/Developer/Xcode/DerivedData/CodeLooper-crrddjihwjtfkwegrjrymctnfixv/Build/Intermediates.noindex/swift-nio.build/Debug/CNIOLinux.build/Objects-normal/arm64/7187679823f38a2a940e0043cdf9d637-common-args.resp -MMD -MT dependencies -MF /Users/steipete/Library/Developer/Xcode/DerivedData/CodeLooper-crrddjihwjtfkwegrjrymctnfixv/Build/Intermediates.noindex/swift-nio.build/Debug/CNIOLinux.build/Objects-normal/arm64/liburing_shims.d --serialize-diagnostics /Users/steipete/Library/Developer/Xcode/DerivedData/CodeLooper-crrddjihwjtfkwegrjrymctnfixv/Build/Intermediates.noindex/swift-nio.build/Debug/CNIOLinux.build/Objects-normal/arm64/liburing_shims.dia -c /Users/steipete/Library/Developer/Xcode/DerivedData/CodeLooper-crrddjihwjtfkwegrjrymctnfixv/SourcePackages/checkouts/swift-nio/Sources/CNIOLinux/liburing_shims.c -o /Users/steipete/Library/Developer/Xcode/DerivedData/CodeLooper-crrddjihwjtfkwegrjrymctnfixv/Build/Intermediates.noindex/swift-nio.build/Debug/CNIOLinux.build/Objects-normal/arm64/liburing_shims.o -index-unit-output-path /swift-nio.build/Debug/CNIOLinux.build/Objects-normal/arm64/liburing_shims.o

ScanDependencies /Users/steipete/Library/Developer/Xcode/DerivedData/CodeLooper-crrddjihwjtfkwegrjrymctnfixv/Build/Intermediates.noindex/swift-nio.build/Debug/CNIOLLHTTP.build/Objects-normal/arm64/c_nio_http.o /Users/steipete/Library/Developer/Xcode/DerivedData/CodeLooper-crrddjihwjtfkwegrjrymctnfixv/SourcePackages/checkouts/swift-nio/Sources/CNIOLLHTTP/c_nio_http.c normal arm64 c com.apple.compilers.llvm.clang.1_0.compiler (in target 'CNIOLLHTTP' from project 'swift-nio')
    cd /Users/steipete/Projects/CodeLooper
    
    Using response file: /Users/steipete/Library/Developer/Xcode/DerivedData/CodeLooper-crrddjihwjtfkwegrjrymctnfixv/Build/Intermediates.noindex/swift-nio.build/Debug/CNIOLLHTTP.build/Objects-normal/arm64/7187679823f38a2a940e0043cdf9d637-common-args.resp
    
    builtin-ScanDependencies -o /Users/steipete/Library/Developer/Xcode/DerivedData/CodeLooper-crrddjihwjtfkwegrjrymctnfixv/Build/Intermediates.noindex/swift-nio.build/Debug/CNIOLLHTTP.build/Objects-normal/arm64/c_nio_http.o.scan -- /Applications/Xcode-beta.app/Contents/Developer/Toolchains/XcodeDefault.xctoolchain/usr/bin/clang -x c -ivfsstatcache /Users/steipete/Library/Developer/Xcode/DerivedData/SDKStatCaches.noindex/macosx26.0-25A5279m-5d9328ff1a6613a11d359de947506b52.sdkstatcache -fmessage-length\=0 -fdiagnostics-show-note-include-stack -fmacro-backtrace-limit\=0 -fno-color-diagnostics -fmodules-prune-interval\=86400 -fmodules-prune-after\=345600 -fbuild-session-file\=/Users/steipete/Library/Developer/Xcode/DerivedData/ModuleCache.noindex/Session.modulevalidation -fmodules-validate-once-per-build-session -Wnon-modular-include-in-framework-module -Werror\=non-modular-include-in-framework-module -Wno-trigraphs -Wno-missing-field-initializers -Wno-missing-prototypes -Wno-return-type -Wno-missing-braces -Wparentheses -Wswitch -Wno-unused-function -Wno-unused-label -Wno-unused-parameter -Wno-unused-variable -Wunused-value -Wno-empty-body -Wno-uninitialized -Wno-unknown-pragmas -w -Wno-shadow -Wno-four-char-constants -Wno-conversion -Wno-constant-conversion -Wno-int-conversion -Wno-bool-conversion -Wno-enum-conversion -Wno-float-conversion -Wno-non-literal-null-conversion -Wno-objc-literal-conversion -Wshorten-64-to-32 -Wpointer-sign -Wno-newline-eof -Wno-implicit-fallthrough -fstrict-aliasing -Wdeprecated-declarations -Wno-sign-conversion -Wno-infinite-recursion -Wno-comma -Wno-block-capture-autoreleasing -Wno-strict-prototypes -Wno-semicolon-before-method-body -index-store-path /Users/steipete/Library/Developer/Xcode/DerivedData/CodeLooper-crrddjihwjtfkwegrjrymctnfixv/Index.noindex/DataStore @/Users/steipete/Library/Developer/Xcode/DerivedData/CodeLooper-crrddjihwjtfkwegrjrymctnfixv/Build/Intermediates.noindex/swift-nio.build/Debug/CNIOLLHTTP.build/Objects-normal/arm64/7187679823f38a2a940e0043cdf9d637-common-args.resp -MMD -MT dependencies -MF /Users/steipete/Library/Developer/Xcode/DerivedData/CodeLooper-crrddjihwjtfkwegrjrymctnfixv/Build/Intermediates.noindex/swift-nio.build/Debug/CNIOLLHTTP.build/Objects-normal/arm64/c_nio_http.d --serialize-diagnostics /Users/steipete/Library/Developer/Xcode/DerivedData/CodeLooper-crrddjihwjtfkwegrjrymctnfixv/Build/Intermediates.noindex/swift-nio.build/Debug/CNIOLLHTTP.build/Objects-normal/arm64/c_nio_http.dia -c /Users/steipete/Library/Developer/Xcode/DerivedData/CodeLooper-crrddjihwjtfkwegrjrymctnfixv/SourcePackages/checkouts/swift-nio/Sources/CNIOLLHTTP/c_nio_http.c -o /Users/steipete/Library/Developer/Xcode/DerivedData/CodeLooper-crrddjihwjtfkwegrjrymctnfixv/Build/Intermediates.noindex/swift-nio.build/Debug/CNIOLLHTTP.build/Objects-normal/arm64/c_nio_http.o -index-unit-output-path /swift-nio.build/Debug/CNIOLLHTTP.build/Objects-normal/arm64/c_nio_http.o

ScanDependencies /Users/steipete/Library/Developer/Xcode/DerivedData/CodeLooper-crrddjihwjtfkwegrjrymctnfixv/Build/Intermediates.noindex/swift-nio.build/Debug/CNIOLLHTTP.build/Objects-normal/arm64/c_nio_llhttp.o /Users/steipete/Library/Developer/Xcode/DerivedData/CodeLooper-crrddjihwjtfkwegrjrymctnfixv/SourcePackages/checkouts/swift-nio/Sources/CNIOLLHTTP/c_nio_llhttp.c normal arm64 c com.apple.compilers.llvm.clang.1_0.compiler (in target 'CNIOLLHTTP' from project 'swift-nio')
    cd /Users/steipete/Projects/CodeLooper
    
    Using response file: /Users/steipete/Library/Developer/Xcode/DerivedData/CodeLooper-crrddjihwjtfkwegrjrymctnfixv/Build/Intermediates.noindex/swift-nio.build/Debug/CNIOLLHTTP.build/Objects-normal/arm64/7187679823f38a2a940e0043cdf9d637-common-args.resp
    
    builtin-ScanDependencies -o /Users/steipete/Library/Developer/Xcode/DerivedData/CodeLooper-crrddjihwjtfkwegrjrymctnfixv/Build/Intermediates.noindex/swift-nio.build/Debug/CNIOLLHTTP.build/Objects-normal/arm64/c_nio_llhttp.o.scan -- /Applications/Xcode-beta.app/Contents/Developer/Toolchains/XcodeDefault.xctoolchain/usr/bin/clang -x c -ivfsstatcache /Users/steipete/Library/Developer/Xcode/DerivedData/SDKStatCaches.noindex/macosx26.0-25A5279m-5d9328ff1a6613a11d359de947506b52.sdkstatcache -fmessage-length\=0 -fdiagnostics-show-note-include-stack -fmacro-backtrace-limit\=0 -fno-color-diagnostics -fmodules-prune-interval\=86400 -fmodules-prune-after\=345600 -fbuild-session-file\=/Users/steipete/Library/Developer/Xcode/DerivedData/ModuleCache.noindex/Session.modulevalidation -fmodules-validate-once-per-build-session -Wnon-modular-include-in-framework-module -Werror\=non-modular-include-in-framework-module -Wno-trigraphs -Wno-missing-field-initializers -Wno-missing-prototypes -Wno-return-type -Wno-missing-braces -Wparentheses -Wswitch -Wno-unused-function -Wno-unused-label -Wno-unused-parameter -Wno-unused-variable -Wunused-value -Wno-empty-body -Wno-uninitialized -Wno-unknown-pragmas -w -Wno-shadow -Wno-four-char-constants -Wno-conversion -Wno-constant-conversion -Wno-int-conversion -Wno-bool-conversion -Wno-enum-conversion -Wno-float-conversion -Wno-non-literal-null-conversion -Wno-objc-literal-conversion -Wshorten-64-to-32 -Wpointer-sign -Wno-newline-eof -Wno-implicit-fallthrough -fstrict-aliasing -Wdeprecated-declarations -Wno-sign-conversion -Wno-infinite-recursion -Wno-comma -Wno-block-capture-autoreleasing -Wno-strict-prototypes -Wno-semicolon-before-method-body -index-store-path /Users/steipete/Library/Developer/Xcode/DerivedData/CodeLooper-crrddjihwjtfkwegrjrymctnfixv/Index.noindex/DataStore @/Users/steipete/Library/Developer/Xcode/DerivedData/CodeLooper-crrddjihwjtfkwegrjrymctnfixv/Build/Intermediates.noindex/swift-nio.build/Debug/CNIOLLHTTP.build/Objects-normal/arm64/7187679823f38a2a940e0043cdf9d637-common-args.resp -MMD -MT dependencies -MF /Users/steipete/Library/Developer/Xcode/DerivedData/CodeLooper-crrddjihwjtfkwegrjrymctnfixv/Build/Intermediates.noindex/swift-nio.build/Debug/CNIOLLHTTP.build/Objects-normal/arm64/c_nio_llhttp.d --serialize-diagnostics /Users/steipete/Library/Developer/Xcode/DerivedData/CodeLooper-crrddjihwjtfkwegrjrymctnfixv/Build/Intermediates.noindex/swift-nio.build/Debug/CNIOLLHTTP.build/Objects-normal/arm64/c_nio_llhttp.dia -c /Users/steipete/Library/Developer/Xcode/DerivedData/CodeLooper-crrddjihwjtfkwegrjrymctnfixv/SourcePackages/checkouts/swift-nio/Sources/CNIOLLHTTP/c_nio_llhttp.c -o /Users/steipete/Library/Developer/Xcode/DerivedData/CodeLooper-crrddjihwjtfkwegrjrymctnfixv/Build/Intermediates.noindex/swift-nio.build/Debug/CNIOLLHTTP.build/Objects-normal/arm64/c_nio_llhttp.o -index-unit-output-path /swift-nio.build/Debug/CNIOLLHTTP.build/Objects-normal/arm64/c_nio_llhttp.o

ScanDependencies /Users/steipete/Library/Developer/Xcode/DerivedData/CodeLooper-crrddjihwjtfkwegrjrymctnfixv/Build/Intermediates.noindex/swift-nio.build/Debug/CNIOWASI.build/Objects-normal/arm64/CNIOWASI.o /Users/steipete/Library/Developer/Xcode/DerivedData/CodeLooper-crrddjihwjtfkwegrjrymctnfixv/SourcePackages/checkouts/swift-nio/Sources/CNIOWASI/CNIOWASI.c normal arm64 c com.apple.compilers.llvm.clang.1_0.compiler (in target 'CNIOWASI' from project 'swift-nio')
    cd /Users/steipete/Projects/CodeLooper
    
    Using response file: /Users/steipete/Library/Developer/Xcode/DerivedData/CodeLooper-crrddjihwjtfkwegrjrymctnfixv/Build/Intermediates.noindex/swift-nio.build/Debug/CNIOWASI.build/Objects-normal/arm64/7187679823f38a2a940e0043cdf9d637-common-args.resp
    
    builtin-ScanDependencies -o /Users/steipete/Library/Developer/Xcode/DerivedData/CodeLooper-crrddjihwjtfkwegrjrymctnfixv/Build/Intermediates.noindex/swift-nio.build/Debug/CNIOWASI.build/Objects-normal/arm64/CNIOWASI.o.scan -- /Applications/Xcode-beta.app/Contents/Developer/Toolchains/XcodeDefault.xctoolchain/usr/bin/clang -x c -ivfsstatcache /Users/steipete/Library/Developer/Xcode/DerivedData/SDKStatCaches.noindex/macosx26.0-25A5279m-5d9328ff1a6613a11d359de947506b52.sdkstatcache -fmessage-length\=0 -fdiagnostics-show-note-include-stack -fmacro-backtrace-limit\=0 -fno-color-diagnostics -fmodules-prune-interval\=86400 -fmodules-prune-after\=345600 -fbuild-session-file\=/Users/steipete/Library/Developer/Xcode/DerivedData/ModuleCache.noindex/Session.modulevalidation -fmodules-validate-once-per-build-session -Wnon-modular-include-in-framework-module -Werror\=non-modular-include-in-framework-module -Wno-trigraphs -Wno-missing-field-initializers -Wno-missing-prototypes -Wno-return-type -Wno-missing-braces -Wparentheses -Wswitch -Wno-unused-function -Wno-unused-label -Wno-unused-parameter -Wno-unused-variable -Wunused-value -Wno-empty-body -Wno-uninitialized -Wno-unknown-pragmas -w -Wno-shadow -Wno-four-char-constants -Wno-conversion -Wno-constant-conversion -Wno-int-conversion -Wno-bool-conversion -Wno-enum-conversion -Wno-float-conversion -Wno-non-literal-null-conversion -Wno-objc-literal-conversion -Wshorten-64-to-32 -Wpointer-sign -Wno-newline-eof -Wno-implicit-fallthrough -fstrict-aliasing -Wdeprecated-declarations -Wno-sign-conversion -Wno-infinite-recursion -Wno-comma -Wno-block-capture-autoreleasing -Wno-strict-prototypes -Wno-semicolon-before-method-body -index-store-path /Users/steipete/Library/Developer/Xcode/DerivedData/CodeLooper-crrddjihwjtfkwegrjrymctnfixv/Index.noindex/DataStore @/Users/steipete/Library/Developer/Xcode/DerivedData/CodeLooper-crrddjihwjtfkwegrjrymctnfixv/Build/Intermediates.noindex/swift-nio.build/Debug/CNIOWASI.build/Objects-normal/arm64/7187679823f38a2a940e0043cdf9d637-common-args.resp -MMD -MT dependencies -MF /Users/steipete/Library/Developer/Xcode/DerivedData/CodeLooper-crrddjihwjtfkwegrjrymctnfixv/Build/Intermediates.noindex/swift-nio.build/Debug/CNIOWASI.build/Objects-normal/arm64/CNIOWASI.d --serialize-diagnostics /Users/steipete/Library/Developer/Xcode/DerivedData/CodeLooper-crrddjihwjtfkwegrjrymctnfixv/Build/Intermediates.noindex/swift-nio.build/Debug/CNIOWASI.build/Objects-normal/arm64/CNIOWASI.dia -c /Users/steipete/Library/Developer/Xcode/DerivedData/CodeLooper-crrddjihwjtfkwegrjrymctnfixv/SourcePackages/checkouts/swift-nio/Sources/CNIOWASI/CNIOWASI.c -o /Users/steipete/Library/Developer/Xcode/DerivedData/CodeLooper-crrddjihwjtfkwegrjrymctnfixv/Build/Intermediates.noindex/swift-nio.build/Debug/CNIOWASI.build/Objects-normal/arm64/CNIOWASI.o -index-unit-output-path /swift-nio.build/Debug/CNIOWASI.build/Objects-normal/arm64/CNIOWASI.o

ScanDependencies /Users/steipete/Library/Developer/Xcode/DerivedData/CodeLooper-crrddjihwjtfkwegrjrymctnfixv/Build/Intermediates.noindex/swift-nio.build/Debug/CNIOLinux.build/Objects-normal/arm64/shim.o /Users/steipete/Library/Developer/Xcode/DerivedData/CodeLooper-crrddjihwjtfkwegrjrymctnfixv/SourcePackages/checkouts/swift-nio/Sources/CNIOLinux/shim.c normal arm64 c com.apple.compilers.llvm.clang.1_0.compiler (in target 'CNIOLinux' from project 'swift-nio')
    cd /Users/steipete/Projects/CodeLooper
    
    Using response file: /Users/steipete/Library/Developer/Xcode/DerivedData/CodeLooper-crrddjihwjtfkwegrjrymctnfixv/Build/Intermediates.noindex/swift-nio.build/Debug/CNIOLinux.build/Objects-normal/arm64/7187679823f38a2a940e0043cdf9d637-common-args.resp
    
    builtin-ScanDependencies -o /Users/steipete/Library/Developer/Xcode/DerivedData/CodeLooper-crrddjihwjtfkwegrjrymctnfixv/Build/Intermediates.noindex/swift-nio.build/Debug/CNIOLinux.build/Objects-normal/arm64/shim.o.scan -- /Applications/Xcode-beta.app/Contents/Developer/Toolchains/XcodeDefault.xctoolchain/usr/bin/clang -x c -ivfsstatcache /Users/steipete/Library/Developer/Xcode/DerivedData/SDKStatCaches.noindex/macosx26.0-25A5279m-5d9328ff1a6613a11d359de947506b52.sdkstatcache -fmessage-length\=0 -fdiagnostics-show-note-include-stack -fmacro-backtrace-limit\=0 -fno-color-diagnostics -fmodules-prune-interval\=86400 -fmodules-prune-after\=345600 -fbuild-session-file\=/Users/steipete/Library/Developer/Xcode/DerivedData/ModuleCache.noindex/Session.modulevalidation -fmodules-validate-once-per-build-session -Wnon-modular-include-in-framework-module -Werror\=non-modular-include-in-framework-module -Wno-trigraphs -Wno-missing-field-initializers -Wno-missing-prototypes -Wno-return-type -Wno-missing-braces -Wparentheses -Wswitch -Wno-unused-function -Wno-unused-label -Wno-unused-parameter -Wno-unused-variable -Wunused-value -Wno-empty-body -Wno-uninitialized -Wno-unknown-pragmas -w -Wno-shadow -Wno-four-char-constants -Wno-conversion -Wno-constant-conversion -Wno-int-conversion -Wno-bool-conversion -Wno-enum-conversion -Wno-float-conversion -Wno-non-literal-null-conversion -Wno-objc-literal-conversion -Wshorten-64-to-32 -Wpointer-sign -Wno-newline-eof -Wno-implicit-fallthrough -fstrict-aliasing -Wdeprecated-declarations -Wno-sign-conversion -Wno-infinite-recursion -Wno-comma -Wno-block-capture-autoreleasing -Wno-strict-prototypes -Wno-semicolon-before-method-body -index-store-path /Users/steipete/Library/Developer/Xcode/DerivedData/CodeLooper-crrddjihwjtfkwegrjrymctnfixv/Index.noindex/DataStore @/Users/steipete/Library/Developer/Xcode/DerivedData/CodeLooper-crrddjihwjtfkwegrjrymctnfixv/Build/Intermediates.noindex/swift-nio.build/Debug/CNIOLinux.build/Objects-normal/arm64/7187679823f38a2a940e0043cdf9d637-common-args.resp -MMD -MT dependencies -MF /Users/steipete/Library/Developer/Xcode/DerivedData/CodeLooper-crrddjihwjtfkwegrjrymctnfixv/Build/Intermediates.noindex/swift-nio.build/Debug/CNIOLinux.build/Objects-normal/arm64/shim.d --serialize-diagnostics /Users/steipete/Library/Developer/Xcode/DerivedData/CodeLooper-crrddjihwjtfkwegrjrymctnfixv/Build/Intermediates.noindex/swift-nio.build/Debug/CNIOLinux.build/Objects-normal/arm64/shim.dia -c /Users/steipete/Library/Developer/Xcode/DerivedData/CodeLooper-crrddjihwjtfkwegrjrymctnfixv/SourcePackages/checkouts/swift-nio/Sources/CNIOLinux/shim.c -o /Users/steipete/Library/Developer/Xcode/DerivedData/CodeLooper-crrddjihwjtfkwegrjrymctnfixv/Build/Intermediates.noindex/swift-nio.build/Debug/CNIOLinux.build/Objects-normal/arm64/shim.o -index-unit-output-path /swift-nio.build/Debug/CNIOLinux.build/Objects-normal/arm64/shim.o

ScanDependencies /Users/steipete/Library/Developer/Xcode/DerivedData/CodeLooper-crrddjihwjtfkwegrjrymctnfixv/Build/Intermediates.noindex/swift-nio.build/Debug/CNIOLLHTTP.build/Objects-normal/arm64/c_nio_api.o /Users/steipete/Library/Developer/Xcode/DerivedData/CodeLooper-crrddjihwjtfkwegrjrymctnfixv/SourcePackages/checkouts/swift-nio/Sources/CNIOLLHTTP/c_nio_api.c normal arm64 c com.apple.compilers.llvm.clang.1_0.compiler (in target 'CNIOLLHTTP' from project 'swift-nio')
    cd /Users/steipete/Projects/CodeLooper
    
    Using response file: /Users/steipete/Library/Developer/Xcode/DerivedData/CodeLooper-crrddjihwjtfkwegrjrymctnfixv/Build/Intermediates.noindex/swift-nio.build/Debug/CNIOLLHTTP.build/Objects-normal/arm64/7187679823f38a2a940e0043cdf9d637-common-args.resp
    
    builtin-ScanDependencies -o /Users/steipete/Library/Developer/Xcode/DerivedData/CodeLooper-crrddjihwjtfkwegrjrymctnfixv/Build/Intermediates.noindex/swift-nio.build/Debug/CNIOLLHTTP.build/Objects-normal/arm64/c_nio_api.o.scan -- /Applications/Xcode-beta.app/Contents/Developer/Toolchains/XcodeDefault.xctoolchain/usr/bin/clang -x c -ivfsstatcache /Users/steipete/Library/Developer/Xcode/DerivedData/SDKStatCaches.noindex/macosx26.0-25A5279m-5d9328ff1a6613a11d359de947506b52.sdkstatcache -fmessage-length\=0 -fdiagnostics-show-note-include-stack -fmacro-backtrace-limit\=0 -fno-color-diagnostics -fmodules-prune-interval\=86400 -fmodules-prune-after\=345600 -fbuild-session-file\=/Users/steipete/Library/Developer/Xcode/DerivedData/ModuleCache.noindex/Session.modulevalidation -fmodules-validate-once-per-build-session -Wnon-modular-include-in-framework-module -Werror\=non-modular-include-in-framework-module -Wno-trigraphs -Wno-missing-field-initializers -Wno-missing-prototypes -Wno-return-type -Wno-missing-braces -Wparentheses -Wswitch -Wno-unused-function -Wno-unused-label -Wno-unused-parameter -Wno-unused-variable -Wunused-value -Wno-empty-body -Wno-uninitialized -Wno-unknown-pragmas -w -Wno-shadow -Wno-four-char-constants -Wno-conversion -Wno-constant-conversion -Wno-int-conversion -Wno-bool-conversion -Wno-enum-conversion -Wno-float-conversion -Wno-non-literal-null-conversion -Wno-objc-literal-conversion -Wshorten-64-to-32 -Wpointer-sign -Wno-newline-eof -Wno-implicit-fallthrough -fstrict-aliasing -Wdeprecated-declarations -Wno-sign-conversion -Wno-infinite-recursion -Wno-comma -Wno-block-capture-autoreleasing -Wno-strict-prototypes -Wno-semicolon-before-method-body -index-store-path /Users/steipete/Library/Developer/Xcode/DerivedData/CodeLooper-crrddjihwjtfkwegrjrymctnfixv/Index.noindex/DataStore @/Users/steipete/Library/Developer/Xcode/DerivedData/CodeLooper-crrddjihwjtfkwegrjrymctnfixv/Build/Intermediates.noindex/swift-nio.build/Debug/CNIOLLHTTP.build/Objects-normal/arm64/7187679823f38a2a940e0043cdf9d637-common-args.resp -MMD -MT dependencies -MF /Users/steipete/Library/Developer/Xcode/DerivedData/CodeLooper-crrddjihwjtfkwegrjrymctnfixv/Build/Intermediates.noindex/swift-nio.build/Debug/CNIOLLHTTP.build/Objects-normal/arm64/c_nio_api.d --serialize-diagnostics /Users/steipete/Library/Developer/Xcode/DerivedData/CodeLooper-crrddjihwjtfkwegrjrymctnfixv/Build/Intermediates.noindex/swift-nio.build/Debug/CNIOLLHTTP.build/Objects-normal/arm64/c_nio_api.dia -c /Users/steipete/Library/Developer/Xcode/DerivedData/CodeLooper-crrddjihwjtfkwegrjrymctnfixv/SourcePackages/checkouts/swift-nio/Sources/CNIOLLHTTP/c_nio_api.c -o /Users/steipete/Library/Developer/Xcode/DerivedData/CodeLooper-crrddjihwjtfkwegrjrymctnfixv/Build/Intermediates.noindex/swift-nio.build/Debug/CNIOLLHTTP.build/Objects-normal/arm64/c_nio_api.o -index-unit-output-path /swift-nio.build/Debug/CNIOLLHTTP.build/Objects-normal/arm64/c_nio_api.o

ScanDependencies /Users/steipete/Library/Developer/Xcode/DerivedData/CodeLooper-crrddjihwjtfkwegrjrymctnfixv/Build/Intermediates.noindex/swift-nio.build/Debug/CNIODarwin.build/Objects-normal/arm64/shim.o /Users/steipete/Library/Developer/Xcode/DerivedData/CodeLooper-crrddjihwjtfkwegrjrymctnfixv/SourcePackages/checkouts/swift-nio/Sources/CNIODarwin/shim.c normal arm64 c com.apple.compilers.llvm.clang.1_0.compiler (in target 'CNIODarwin' from project 'swift-nio')
    cd /Users/steipete/Projects/CodeLooper
    
    Using response file: /Users/steipete/Library/Developer/Xcode/DerivedData/CodeLooper-crrddjihwjtfkwegrjrymctnfixv/Build/Intermediates.noindex/swift-nio.build/Debug/CNIODarwin.build/Objects-normal/arm64/7187679823f38a2a940e0043cdf9d637-common-args.resp
    
    builtin-ScanDependencies -o /Users/steipete/Library/Developer/Xcode/DerivedData/CodeLooper-crrddjihwjtfkwegrjrymctnfixv/Build/Intermediates.noindex/swift-nio.build/Debug/CNIODarwin.build/Objects-normal/arm64/shim.o.scan -- /Applications/Xcode-beta.app/Contents/Developer/Toolchains/XcodeDefault.xctoolchain/usr/bin/clang -x c -ivfsstatcache /Users/steipete/Library/Developer/Xcode/DerivedData/SDKStatCaches.noindex/macosx26.0-25A5279m-5d9328ff1a6613a11d359de947506b52.sdkstatcache -fmessage-length\=0 -fdiagnostics-show-note-include-stack -fmacro-backtrace-limit\=0 -fno-color-diagnostics -fmodules-prune-interval\=86400 -fmodules-prune-after\=345600 -fbuild-session-file\=/Users/steipete/Library/Developer/Xcode/DerivedData/ModuleCache.noindex/Session.modulevalidation -fmodules-validate-once-per-build-session -Wnon-modular-include-in-framework-module -Werror\=non-modular-include-in-framework-module -Wno-trigraphs -Wno-missing-field-initializers -Wno-missing-prototypes -Wno-return-type -Wno-missing-braces -Wparentheses -Wswitch -Wno-unused-function -Wno-unused-label -Wno-unused-parameter -Wno-unused-variable -Wunused-value -Wno-empty-body -Wno-uninitialized -Wno-unknown-pragmas -w -Wno-shadow -Wno-four-char-constants -Wno-conversion -Wno-constant-conversion -Wno-int-conversion -Wno-bool-conversion -Wno-enum-conversion -Wno-float-conversion -Wno-non-literal-null-conversion -Wno-objc-literal-conversion -Wshorten-64-to-32 -Wpointer-sign -Wno-newline-eof -Wno-implicit-fallthrough -fstrict-aliasing -Wdeprecated-declarations -Wno-sign-conversion -Wno-infinite-recursion -Wno-comma -Wno-block-capture-autoreleasing -Wno-strict-prototypes -Wno-semicolon-before-method-body -index-store-path /Users/steipete/Library/Developer/Xcode/DerivedData/CodeLooper-crrddjihwjtfkwegrjrymctnfixv/Index.noindex/DataStore @/Users/steipete/Library/Developer/Xcode/DerivedData/CodeLooper-crrddjihwjtfkwegrjrymctnfixv/Build/Intermediates.noindex/swift-nio.build/Debug/CNIODarwin.build/Objects-normal/arm64/7187679823f38a2a940e0043cdf9d637-common-args.resp -MMD -MT dependencies -MF /Users/steipete/Library/Developer/Xcode/DerivedData/CodeLooper-crrddjihwjtfkwegrjrymctnfixv/Build/Intermediates.noindex/swift-nio.build/Debug/CNIODarwin.build/Objects-normal/arm64/shim.d --serialize-diagnostics /Users/steipete/Library/Developer/Xcode/DerivedData/CodeLooper-crrddjihwjtfkwegrjrymctnfixv/Build/Intermediates.noindex/swift-nio.build/Debug/CNIODarwin.build/Objects-normal/arm64/shim.dia -c /Users/steipete/Library/Developer/Xcode/DerivedData/CodeLooper-crrddjihwjtfkwegrjrymctnfixv/SourcePackages/checkouts/swift-nio/Sources/CNIODarwin/shim.c -o /Users/steipete/Library/Developer/Xcode/DerivedData/CodeLooper-crrddjihwjtfkwegrjrymctnfixv/Build/Intermediates.noindex/swift-nio.build/Debug/CNIODarwin.build/Objects-normal/arm64/shim.o -index-unit-output-path /swift-nio.build/Debug/CNIODarwin.build/Objects-normal/arm64/shim.o

ScanDependencies /Users/steipete/Library/Developer/Xcode/DerivedData/CodeLooper-crrddjihwjtfkwegrjrymctnfixv/Build/Intermediates.noindex/swift-nio.build/Debug/CNIOAtomics.build/Objects-normal/arm64/c-atomics.o /Users/steipete/Library/Developer/Xcode/DerivedData/CodeLooper-crrddjihwjtfkwegrjrymctnfixv/SourcePackages/checkouts/swift-nio/Sources/CNIOAtomics/src/c-atomics.c normal arm64 c com.apple.compilers.llvm.clang.1_0.compiler (in target 'CNIOAtomics' from project 'swift-nio')
    cd /Users/steipete/Projects/CodeLooper
    
    Using response file: /Users/steipete/Library/Developer/Xcode/DerivedData/CodeLooper-crrddjihwjtfkwegrjrymctnfixv/Build/Intermediates.noindex/swift-nio.build/Debug/CNIOAtomics.build/Objects-normal/arm64/7187679823f38a2a940e0043cdf9d637-common-args.resp
    
    builtin-ScanDependencies -o /Users/steipete/Library/Developer/Xcode/DerivedData/CodeLooper-crrddjihwjtfkwegrjrymctnfixv/Build/Intermediates.noindex/swift-nio.build/Debug/CNIOAtomics.build/Objects-normal/arm64/c-atomics.o.scan -- /Applications/Xcode-beta.app/Contents/Developer/Toolchains/XcodeDefault.xctoolchain/usr/bin/clang -x c -ivfsstatcache /Users/steipete/Library/Developer/Xcode/DerivedData/SDKStatCaches.noindex/macosx26.0-25A5279m-5d9328ff1a6613a11d359de947506b52.sdkstatcache -fmessage-length\=0 -fdiagnostics-show-note-include-stack -fmacro-backtrace-limit\=0 -fno-color-diagnostics -fmodules-prune-interval\=86400 -fmodules-prune-after\=345600 -fbuild-session-file\=/Users/steipete/Library/Developer/Xcode/DerivedData/ModuleCache.noindex/Session.modulevalidation -fmodules-validate-once-per-build-session -Wnon-modular-include-in-framework-module -Werror\=non-modular-include-in-framework-module -Wno-trigraphs -Wno-missing-field-initializers -Wno-missing-prototypes -Wno-return-type -Wno-missing-braces -Wparentheses -Wswitch -Wno-unused-function -Wno-unused-label -Wno-unused-parameter -Wno-unused-variable -Wunused-value -Wno-empty-body -Wno-uninitialized -Wno-unknown-pragmas -w -Wno-shadow -Wno-four-char-constants -Wno-conversion -Wno-constant-conversion -Wno-int-conversion -Wno-bool-conversion -Wno-enum-conversion -Wno-float-conversion -Wno-non-literal-null-conversion -Wno-objc-literal-conversion -Wshorten-64-to-32 -Wpointer-sign -Wno-newline-eof -Wno-implicit-fallthrough -fstrict-aliasing -Wdeprecated-declarations -Wno-sign-conversion -Wno-infinite-recursion -Wno-comma -Wno-block-capture-autoreleasing -Wno-strict-prototypes -Wno-semicolon-before-method-body -index-store-path /Users/steipete/Library/Developer/Xcode/DerivedData/CodeLooper-crrddjihwjtfkwegrjrymctnfixv/Index.noindex/DataStore @/Users/steipete/Library/Developer/Xcode/DerivedData/CodeLooper-crrddjihwjtfkwegrjrymctnfixv/Build/Intermediates.noindex/swift-nio.build/Debug/CNIOAtomics.build/Objects-normal/arm64/7187679823f38a2a940e0043cdf9d637-common-args.resp -MMD -MT dependencies -MF /Users/steipete/Library/Developer/Xcode/DerivedData/CodeLooper-crrddjihwjtfkwegrjrymctnfixv/Build/Intermediates.noindex/swift-nio.build/Debug/CNIOAtomics.build/Objects-normal/arm64/c-atomics.d --serialize-diagnostics /Users/steipete/Library/Developer/Xcode/DerivedData/CodeLooper-crrddjihwjtfkwegrjrymctnfixv/Build/Intermediates.noindex/swift-nio.build/Debug/CNIOAtomics.build/Objects-normal/arm64/c-atomics.dia -c /Users/steipete/Library/Developer/Xcode/DerivedData/CodeLooper-crrddjihwjtfkwegrjrymctnfixv/SourcePackages/checkouts/swift-nio/Sources/CNIOAtomics/src/c-atomics.c -o /Users/steipete/Library/Developer/Xcode/DerivedData/CodeLooper-crrddjihwjtfkwegrjrymctnfixv/Build/Intermediates.noindex/swift-nio.build/Debug/CNIOAtomics.build/Objects-normal/arm64/c-atomics.o -index-unit-output-path /swift-nio.build/Debug/CNIOAtomics.build/Objects-normal/arm64/c-atomics.o

ScanDependencies /Users/steipete/Library/Developer/Xcode/DerivedData/CodeLooper-crrddjihwjtfkwegrjrymctnfixv/Build/Intermediates.noindex/swift-nio.build/Debug/CNIOAtomics.build/Objects-normal/arm64/c-nioatomics.o /Users/steipete/Library/Developer/Xcode/DerivedData/CodeLooper-crrddjihwjtfkwegrjrymctnfixv/SourcePackages/checkouts/swift-nio/Sources/CNIOAtomics/src/c-nioatomics.c normal arm64 c com.apple.compilers.llvm.clang.1_0.compiler (in target 'CNIOAtomics' from project 'swift-nio')
    cd /Users/steipete/Projects/CodeLooper
    
    Using response file: /Users/steipete/Library/Developer/Xcode/DerivedData/CodeLooper-crrddjihwjtfkwegrjrymctnfixv/Build/Intermediates.noindex/swift-nio.build/Debug/CNIOAtomics.build/Objects-normal/arm64/7187679823f38a2a940e0043cdf9d637-common-args.resp
    
    builtin-ScanDependencies -o /Users/steipete/Library/Developer/Xcode/DerivedData/CodeLooper-crrddjihwjtfkwegrjrymctnfixv/Build/Intermediates.noindex/swift-nio.build/Debug/CNIOAtomics.build/Objects-normal/arm64/c-nioatomics.o.scan -- /Applications/Xcode-beta.app/Contents/Developer/Toolchains/XcodeDefault.xctoolchain/usr/bin/clang -x c -ivfsstatcache /Users/steipete/Library/Developer/Xcode/DerivedData/SDKStatCaches.noindex/macosx26.0-25A5279m-5d9328ff1a6613a11d359de947506b52.sdkstatcache -fmessage-length\=0 -fdiagnostics-show-note-include-stack -fmacro-backtrace-limit\=0 -fno-color-diagnostics -fmodules-prune-interval\=86400 -fmodules-prune-after\=345600 -fbuild-session-file\=/Users/steipete/Library/Developer/Xcode/DerivedData/ModuleCache.noindex/Session.modulevalidation -fmodules-validate-once-per-build-session -Wnon-modular-include-in-framework-module -Werror\=non-modular-include-in-framework-module -Wno-trigraphs -Wno-missing-field-initializers -Wno-missing-prototypes -Wno-return-type -Wno-missing-braces -Wparentheses -Wswitch -Wno-unused-function -Wno-unused-label -Wno-unused-parameter -Wno-unused-variable -Wunused-value -Wno-empty-body -Wno-uninitialized -Wno-unknown-pragmas -w -Wno-shadow -Wno-four-char-constants -Wno-conversion -Wno-constant-conversion -Wno-int-conversion -Wno-bool-conversion -Wno-enum-conversion -Wno-float-conversion -Wno-non-literal-null-conversion -Wno-objc-literal-conversion -Wshorten-64-to-32 -Wpointer-sign -Wno-newline-eof -Wno-implicit-fallthrough -fstrict-aliasing -Wdeprecated-declarations -Wno-sign-conversion -Wno-infinite-recursion -Wno-comma -Wno-block-capture-autoreleasing -Wno-strict-prototypes -Wno-semicolon-before-method-body -index-store-path /Users/steipete/Library/Developer/Xcode/DerivedData/CodeLooper-crrddjihwjtfkwegrjrymctnfixv/Index.noindex/DataStore @/Users/steipete/Library/Developer/Xcode/DerivedData/CodeLooper-crrddjihwjtfkwegrjrymctnfixv/Build/Intermediates.noindex/swift-nio.build/Debug/CNIOAtomics.build/Objects-normal/arm64/7187679823f38a2a940e0043cdf9d637-common-args.resp -MMD -MT dependencies -MF /Users/steipete/Library/Developer/Xcode/DerivedData/CodeLooper-crrddjihwjtfkwegrjrymctnfixv/Build/Intermediates.noindex/swift-nio.build/Debug/CNIOAtomics.build/Objects-normal/arm64/c-nioatomics.d --serialize-diagnostics /Users/steipete/Library/Developer/Xcode/DerivedData/CodeLooper-crrddjihwjtfkwegrjrymctnfixv/Build/Intermediates.noindex/swift-nio.build/Debug/CNIOAtomics.build/Objects-normal/arm64/c-nioatomics.dia -c /Users/steipete/Library/Developer/Xcode/DerivedData/CodeLooper-crrddjihwjtfkwegrjrymctnfixv/SourcePackages/checkouts/swift-nio/Sources/CNIOAtomics/src/c-nioatomics.c -o /Users/steipete/Library/Developer/Xcode/DerivedData/CodeLooper-crrddjihwjtfkwegrjrymctnfixv/Build/Intermediates.noindex/swift-nio.build/Debug/CNIOAtomics.build/Objects-normal/arm64/c-nioatomics.o -index-unit-output-path /swift-nio.build/Debug/CNIOAtomics.build/Objects-normal/arm64/c-nioatomics.o

SwiftDriver _NIODataStructures normal arm64 com.apple.xcode.tools.swift.compiler (in target '_NIODataStructures' from project 'swift-nio')
    cd /Users/steipete/Projects/CodeLooper
    builtin-SwiftDriver -- /Applications/Xcode-beta.app/Contents/Developer/Toolchains/XcodeDefault.xctoolchain/usr/bin/swiftc -module-name _NIODataStructures -Onone -enforce-exclusivity\=checked @/Users/steipete/Library/Developer/Xcode/DerivedData/CodeLooper-crrddjihwjtfkwegrjrymctnfixv/Build/Intermediates.noindex/swift-nio.build/Debug/_NIODataStructures.build/Objects-normal/arm64/_NIODataStructures.SwiftFileList -DSWIFT_PACKAGE -DDEBUG -DSWIFT_MODULE_RESOURCE_BUNDLE_UNAVAILABLE -DXcode -enable-upcoming-feature StrictConcurrency -enable-upcoming-feature InferSendableFromCaptures -enable-upcoming-feature MemberImportVisibility -plugin-path /Applications/Xcode-beta.app/Contents/Developer/Toolchains/XcodeDefault.xctoolchain/usr/lib/swift/host/plugins/testing -enable-experimental-feature DebugDescriptionMacro -sdk /Applications/Xcode-beta.app/Contents/Developer/Platforms/MacOSX.platform/Developer/SDKs/MacOSX26.0.sdk -target arm64-apple-macos10.13 -g -module-cache-path /Users/steipete/Library/Developer/Xcode/DerivedData/ModuleCache.noindex -Xfrontend -serialize-debugging-options -profile-coverage-mapping -profile-generate -enable-testing -suppress-warnings -index-store-path /Users/steipete/Library/Developer/Xcode/DerivedData/CodeLooper-crrddjihwjtfkwegrjrymctnfixv/Index.noindex/DataStore -swift-version 5 -I /Users/steipete/Library/Developer/Xcode/DerivedData/CodeLooper-crrddjihwjtfkwegrjrymctnfixv/Build/Products/Debug -I /Applications/Xcode-beta.app/Contents/Developer/Platforms/MacOSX.platform/Developer/usr/lib -F /Users/steipete/Library/Developer/Xcode/DerivedData/CodeLooper-crrddjihwjtfkwegrjrymctnfixv/Build/Products/Debug -F /Applications/Xcode-beta.app/Contents/Developer/Platforms/MacOSX.platform/Developer/Library/Frameworks -c -j16 -enable-batch-mode -incremental -Xcc -ivfsstatcache -Xcc /Users/steipete/Library/Developer/Xcode/DerivedData/SDKStatCaches.noindex/macosx26.0-25A5279m-5d9328ff1a6613a11d359de947506b52.sdkstatcache -output-file-map /Users/steipete/Library/Developer/Xcode/DerivedData/CodeLooper-crrddjihwjtfkwegrjrymctnfixv/Build/Intermediates.noindex/swift-nio.build/Debug/_NIODataStructures.build/Objects-normal/arm64/_NIODataStructures-OutputFileMap.json -use-frontend-parseable-output -save-temps -no-color-diagnostics -explicit-module-build -module-cache-path /Users/steipete/Library/Developer/Xcode/DerivedData/CodeLooper-crrddjihwjtfkwegrjrymctnfixv/Build/Intermediates.noindex/SwiftExplicitPrecompiledModules -clang-scanner-module-cache-path /Users/steipete/Library/Developer/Xcode/DerivedData/ModuleCache.noindex -sdk-module-cache-path /Users/steipete/Library/Developer/Xcode/DerivedData/ModuleCache.noindex -serialize-diagnostics -emit-dependencies -emit-module -emit-module-path /Users/steipete/Library/Developer/Xcode/DerivedData/CodeLooper-crrddjihwjtfkwegrjrymctnfixv/Build/Intermediates.noindex/swift-nio.build/Debug/_NIODataStructures.build/Objects-normal/arm64/_NIODataStructures.swiftmodule -validate-clang-modules-once -clang-build-session-file /Users/steipete/Library/Developer/Xcode/DerivedData/ModuleCache.noindex/Session.modulevalidation -package-name swift_nio -Xcc -I/Users/steipete/Library/Developer/Xcode/DerivedData/CodeLooper-crrddjihwjtfkwegrjrymctnfixv/Build/Intermediates.noindex/swift-nio.build/Debug/_NIODataStructures.build/swift-overrides.hmap -emit-const-values -Xfrontend -const-gather-protocols-file -Xfrontend /Users/steipete/Library/Developer/Xcode/DerivedData/CodeLooper-crrddjihwjtfkwegrjrymctnfixv/Build/Intermediates.noindex/swift-nio.build/Debug/_NIODataStructures.build/Objects-normal/arm64/_NIODataStructures_const_extract_protocols.json -Xcc -I/Users/steipete/Library/Developer/Xcode/DerivedData/CodeLooper-crrddjihwjtfkwegrjrymctnfixv/Build/Products/Debug/include -Xcc -I/Users/steipete/Library/Developer/Xcode/DerivedData/CodeLooper-crrddjihwjtfkwegrjrymctnfixv/Build/Intermediates.noindex/swift-nio.build/Debug/_NIODataStructures.build/DerivedSources-normal/arm64 -Xcc -I/Users/steipete/Library/Developer/Xcode/DerivedData/CodeLooper-crrddjihwjtfkwegrjrymctnfixv/Build/Intermediates.noindex/swift-nio.build/Debug/_NIODataStructures.build/DerivedSources/arm64 -Xcc -I/Users/steipete/Library/Developer/Xcode/DerivedData/CodeLooper-crrddjihwjtfkwegrjrymctnfixv/Build/Intermediates.noindex/swift-nio.build/Debug/_NIODataStructures.build/DerivedSources -Xcc -DSWIFT_PACKAGE -Xcc -DDEBUG\=1 -emit-objc-header -emit-objc-header-path /Users/steipete/Library/Developer/Xcode/DerivedData/CodeLooper-crrddjihwjtfkwegrjrymctnfixv/Build/Intermediates.noindex/swift-nio.build/Debug/_NIODataStructures.build/Objects-normal/arm64/_NIODataStructures-Swift.h -working-directory /Users/steipete/Projects/CodeLooper -experimental-emit-module-separately -disable-cmo

SwiftDriver _NIOBase64 normal arm64 com.apple.xcode.tools.swift.compiler (in target '_NIOBase64' from project 'swift-nio')
    cd /Users/steipete/Projects/CodeLooper
    builtin-SwiftDriver -- /Applications/Xcode-beta.app/Contents/Developer/Toolchains/XcodeDefault.xctoolchain/usr/bin/swiftc -module-name _NIOBase64 -Onone -enforce-exclusivity\=checked @/Users/steipete/Library/Developer/Xcode/DerivedData/CodeLooper-crrddjihwjtfkwegrjrymctnfixv/Build/Intermediates.noindex/swift-nio.build/Debug/_NIOBase64.build/Objects-normal/arm64/_NIOBase64.SwiftFileList -DSWIFT_PACKAGE -DDEBUG -DSWIFT_MODULE_RESOURCE_BUNDLE_UNAVAILABLE -DXcode -enable-upcoming-feature StrictConcurrency -enable-upcoming-feature InferSendableFromCaptures -enable-upcoming-feature MemberImportVisibility -plugin-path /Applications/Xcode-beta.app/Contents/Developer/Toolchains/XcodeDefault.xctoolchain/usr/lib/swift/host/plugins/testing -enable-experimental-feature DebugDescriptionMacro -sdk /Applications/Xcode-beta.app/Contents/Developer/Platforms/MacOSX.platform/Developer/SDKs/MacOSX26.0.sdk -target arm64-apple-macos10.13 -g -module-cache-path /Users/steipete/Library/Developer/Xcode/DerivedData/ModuleCache.noindex -Xfrontend -serialize-debugging-options -profile-coverage-mapping -profile-generate -enable-testing -suppress-warnings -index-store-path /Users/steipete/Library/Developer/Xcode/DerivedData/CodeLooper-crrddjihwjtfkwegrjrymctnfixv/Index.noindex/DataStore -swift-version 5 -I /Users/steipete/Library/Developer/Xcode/DerivedData/CodeLooper-crrddjihwjtfkwegrjrymctnfixv/Build/Products/Debug -I /Applications/Xcode-beta.app/Contents/Developer/Platforms/MacOSX.platform/Developer/usr/lib -F /Users/steipete/Library/Developer/Xcode/DerivedData/CodeLooper-crrddjihwjtfkwegrjrymctnfixv/Build/Products/Debug -F /Applications/Xcode-beta.app/Contents/Developer/Platforms/MacOSX.platform/Developer/Library/Frameworks -parse-as-library -c -j16 -enable-batch-mode -incremental -Xcc -ivfsstatcache -Xcc /Users/steipete/Library/Developer/Xcode/DerivedData/SDKStatCaches.noindex/macosx26.0-25A5279m-5d9328ff1a6613a11d359de947506b52.sdkstatcache -output-file-map /Users/steipete/Library/Developer/Xcode/DerivedData/CodeLooper-crrddjihwjtfkwegrjrymctnfixv/Build/Intermediates.noindex/swift-nio.build/Debug/_NIOBase64.build/Objects-normal/arm64/_NIOBase64-OutputFileMap.json -use-frontend-parseable-output -save-temps -no-color-diagnostics -explicit-module-build -module-cache-path /Users/steipete/Library/Developer/Xcode/DerivedData/CodeLooper-crrddjihwjtfkwegrjrymctnfixv/Build/Intermediates.noindex/SwiftExplicitPrecompiledModules -clang-scanner-module-cache-path /Users/steipete/Library/Developer/Xcode/DerivedData/ModuleCache.noindex -sdk-module-cache-path /Users/steipete/Library/Developer/Xcode/DerivedData/ModuleCache.noindex -serialize-diagnostics -emit-dependencies -emit-module -emit-module-path /Users/steipete/Library/Developer/Xcode/DerivedData/CodeLooper-crrddjihwjtfkwegrjrymctnfixv/Build/Intermediates.noindex/swift-nio.build/Debug/_NIOBase64.build/Objects-normal/arm64/_NIOBase64.swiftmodule -validate-clang-modules-once -clang-build-session-file /Users/steipete/Library/Developer/Xcode/DerivedData/ModuleCache.noindex/Session.modulevalidation -package-name swift_nio -Xcc -I/Users/steipete/Library/Developer/Xcode/DerivedData/CodeLooper-crrddjihwjtfkwegrjrymctnfixv/Build/Intermediates.noindex/swift-nio.build/Debug/_NIOBase64.build/swift-overrides.hmap -emit-const-values -Xfrontend -const-gather-protocols-file -Xfrontend /Users/steipete/Library/Developer/Xcode/DerivedData/CodeLooper-crrddjihwjtfkwegrjrymctnfixv/Build/Intermediates.noindex/swift-nio.build/Debug/_NIOBase64.build/Objects-normal/arm64/_NIOBase64_const_extract_protocols.json -Xcc -I/Users/steipete/Library/Developer/Xcode/DerivedData/CodeLooper-crrddjihwjtfkwegrjrymctnfixv/Build/Products/Debug/include -Xcc -I/Users/steipete/Library/Developer/Xcode/DerivedData/CodeLooper-crrddjihwjtfkwegrjrymctnfixv/Build/Intermediates.noindex/swift-nio.build/Debug/_NIOBase64.build/DerivedSources-normal/arm64 -Xcc -I/Users/steipete/Library/Developer/Xcode/DerivedData/CodeLooper-crrddjihwjtfkwegrjrymctnfixv/Build/Intermediates.noindex/swift-nio.build/Debug/_NIOBase64.build/DerivedSources/arm64 -Xcc -I/Users/steipete/Library/Developer/Xcode/DerivedData/CodeLooper-crrddjihwjtfkwegrjrymctnfixv/Build/Intermediates.noindex/swift-nio.build/Debug/_NIOBase64.build/DerivedSources -Xcc -DSWIFT_PACKAGE -Xcc -DDEBUG\=1 -emit-objc-header -emit-objc-header-path /Users/steipete/Library/Developer/Xcode/DerivedData/CodeLooper-crrddjihwjtfkwegrjrymctnfixv/Build/Intermediates.noindex/swift-nio.build/Debug/_NIOBase64.build/Objects-normal/arm64/_NIOBase64-Swift.h -working-directory /Users/steipete/Projects/CodeLooper -experimental-emit-module-separately -disable-cmo

SwiftDriver SwiftUIIntrospect normal arm64 com.apple.xcode.tools.swift.compiler (in target 'SwiftUIIntrospect' from project 'swiftui-introspect')
    cd /Users/steipete/Projects/CodeLooper
    builtin-SwiftDriver -- /Applications/Xcode-beta.app/Contents/Developer/Toolchains/XcodeDefault.xctoolchain/usr/bin/swiftc -module-name SwiftUIIntrospect -Onone -enforce-exclusivity\=checked @/Users/steipete/Library/Developer/Xcode/DerivedData/CodeLooper-crrddjihwjtfkwegrjrymctnfixv/Build/Intermediates.noindex/swiftui-introspect.build/Debug/SwiftUIIntrospect.build/Objects-normal/arm64/SwiftUIIntrospect.SwiftFileList -DSWIFT_PACKAGE -DDEBUG -DSWIFT_MODULE_RESOURCE_BUNDLE_UNAVAILABLE -DXcode -plugin-path /Applications/Xcode-beta.app/Contents/Developer/Toolchains/XcodeDefault.xctoolchain/usr/lib/swift/host/plugins/testing -enable-experimental-feature DebugDescriptionMacro -sdk /Applications/Xcode-beta.app/Contents/Developer/Platforms/MacOSX.platform/Developer/SDKs/MacOSX26.0.sdk -target arm64-apple-macos10.15 -g -module-cache-path /Users/steipete/Library/Developer/Xcode/DerivedData/ModuleCache.noindex -Xfrontend -serialize-debugging-options -profile-coverage-mapping -profile-generate -enable-testing -suppress-warnings -index-store-path /Users/steipete/Library/Developer/Xcode/DerivedData/CodeLooper-crrddjihwjtfkwegrjrymctnfixv/Index.noindex/DataStore -swift-version 5 -I /Users/steipete/Library/Developer/Xcode/DerivedData/CodeLooper-crrddjihwjtfkwegrjrymctnfixv/Build/Products/Debug -I /Applications/Xcode-beta.app/Contents/Developer/Platforms/MacOSX.platform/Developer/usr/lib -F /Users/steipete/Library/Developer/Xcode/DerivedData/CodeLooper-crrddjihwjtfkwegrjrymctnfixv/Build/Products/Debug -F /Applications/Xcode-beta.app/Contents/Developer/Platforms/MacOSX.platform/Developer/Library/Frameworks -c -j16 -enable-batch-mode -incremental -Xcc -ivfsstatcache -Xcc /Users/steipete/Library/Developer/Xcode/DerivedData/SDKStatCaches.noindex/macosx26.0-25A5279m-5d9328ff1a6613a11d359de947506b52.sdkstatcache -output-file-map /Users/steipete/Library/Developer/Xcode/DerivedData/CodeLooper-crrddjihwjtfkwegrjrymctnfixv/Build/Intermediates.noindex/swiftui-introspect.build/Debug/SwiftUIIntrospect.build/Objects-normal/arm64/SwiftUIIntrospect-OutputFileMap.json -use-frontend-parseable-output -save-temps -no-color-diagnostics -explicit-module-build -module-cache-path /Users/steipete/Library/Developer/Xcode/DerivedData/CodeLooper-crrddjihwjtfkwegrjrymctnfixv/Build/Intermediates.noindex/SwiftExplicitPrecompiledModules -clang-scanner-module-cache-path /Users/steipete/Library/Developer/Xcode/DerivedData/ModuleCache.noindex -sdk-module-cache-path /Users/steipete/Library/Developer/Xcode/DerivedData/ModuleCache.noindex -serialize-diagnostics -emit-dependencies -emit-module -emit-module-path /Users/steipete/Library/Developer/Xcode/DerivedData/CodeLooper-crrddjihwjtfkwegrjrymctnfixv/Build/Intermediates.noindex/swiftui-introspect.build/Debug/SwiftUIIntrospect.build/Objects-normal/arm64/SwiftUIIntrospect.swiftmodule -validate-clang-modules-once -clang-build-session-file /Users/steipete/Library/Developer/Xcode/DerivedData/ModuleCache.noindex/Session.modulevalidation -Xcc -I/Users/steipete/Library/Developer/Xcode/DerivedData/CodeLooper-crrddjihwjtfkwegrjrymctnfixv/Build/Intermediates.noindex/swiftui-introspect.build/Debug/SwiftUIIntrospect.build/swift-overrides.hmap -emit-const-values -Xfrontend -const-gather-protocols-file -Xfrontend /Users/steipete/Library/Developer/Xcode/DerivedData/CodeLooper-crrddjihwjtfkwegrjrymctnfixv/Build/Intermediates.noindex/swiftui-introspect.build/Debug/SwiftUIIntrospect.build/Objects-normal/arm64/SwiftUIIntrospect_const_extract_protocols.json -Xcc -I/Users/steipete/Library/Developer/Xcode/DerivedData/CodeLooper-crrddjihwjtfkwegrjrymctnfixv/Build/Products/Debug/include -Xcc -I/Users/steipete/Library/Developer/Xcode/DerivedData/CodeLooper-crrddjihwjtfkwegrjrymctnfixv/Build/Intermediates.noindex/swiftui-introspect.build/Debug/SwiftUIIntrospect.build/DerivedSources-normal/arm64 -Xcc -I/Users/steipete/Library/Developer/Xcode/DerivedData/CodeLooper-crrddjihwjtfkwegrjrymctnfixv/Build/Intermediates.noindex/swiftui-introspect.build/Debug/SwiftUIIntrospect.build/DerivedSources/arm64 -Xcc -I/Users/steipete/Library/Developer/Xcode/DerivedData/CodeLooper-crrddjihwjtfkwegrjrymctnfixv/Build/Intermediates.noindex/swiftui-introspect.build/Debug/SwiftUIIntrospect.build/DerivedSources -Xcc -DSWIFT_PACKAGE -Xcc -DDEBUG\=1 -emit-objc-header -emit-objc-header-path /Users/steipete/Library/Developer/Xcode/DerivedData/CodeLooper-crrddjihwjtfkwegrjrymctnfixv/Build/Intermediates.noindex/swiftui-introspect.build/Debug/SwiftUIIntrospect.build/Objects-normal/arm64/SwiftUIIntrospect-Swift.h -working-directory /Users/steipete/Projects/CodeLooper -experimental-emit-module-separately -disable-cmo

SwiftDriver ServiceContextModule normal arm64 com.apple.xcode.tools.swift.compiler (in target 'ServiceContextModule' from project 'swift-service-context')
    cd /Users/steipete/Projects/CodeLooper
    builtin-SwiftDriver -- /Applications/Xcode-beta.app/Contents/Developer/Toolchains/XcodeDefault.xctoolchain/usr/bin/swiftc -module-name ServiceContextModule -Onone -enforce-exclusivity\=checked @/Users/steipete/Library/Developer/Xcode/DerivedData/CodeLooper-crrddjihwjtfkwegrjrymctnfixv/Build/Intermediates.noindex/swift-service-context.build/Debug/ServiceContextModule.build/Objects-normal/arm64/ServiceContextModule.SwiftFileList -DSWIFT_PACKAGE -DDEBUG -DSWIFT_MODULE_RESOURCE_BUNDLE_UNAVAILABLE -DXcode -enable-experimental-feature StrictConcurrency\=complete -plugin-path /Applications/Xcode-beta.app/Contents/Developer/Toolchains/XcodeDefault.xctoolchain/usr/lib/swift/host/plugins/testing -enable-experimental-feature DebugDescriptionMacro -sdk /Applications/Xcode-beta.app/Contents/Developer/Platforms/MacOSX.platform/Developer/SDKs/MacOSX26.0.sdk -target arm64-apple-macos10.13 -g -module-cache-path /Users/steipete/Library/Developer/Xcode/DerivedData/ModuleCache.noindex -Xfrontend -serialize-debugging-options -profile-coverage-mapping -profile-generate -enable-testing -suppress-warnings -index-store-path /Users/steipete/Library/Developer/Xcode/DerivedData/CodeLooper-crrddjihwjtfkwegrjrymctnfixv/Index.noindex/DataStore -swift-version 5 -I /Users/steipete/Library/Developer/Xcode/DerivedData/CodeLooper-crrddjihwjtfkwegrjrymctnfixv/Build/Products/Debug -I /Applications/Xcode-beta.app/Contents/Developer/Platforms/MacOSX.platform/Developer/usr/lib -F /Users/steipete/Library/Developer/Xcode/DerivedData/CodeLooper-crrddjihwjtfkwegrjrymctnfixv/Build/Products/Debug -F /Applications/Xcode-beta.app/Contents/Developer/Platforms/MacOSX.platform/Developer/Library/Frameworks -c -j16 -enable-batch-mode -incremental -Xcc -ivfsstatcache -Xcc /Users/steipete/Library/Developer/Xcode/DerivedData/SDKStatCaches.noindex/macosx26.0-25A5279m-5d9328ff1a6613a11d359de947506b52.sdkstatcache -output-file-map /Users/steipete/Library/Developer/Xcode/DerivedData/CodeLooper-crrddjihwjtfkwegrjrymctnfixv/Build/Intermediates.noindex/swift-service-context.build/Debug/ServiceContextModule.build/Objects-normal/arm64/ServiceContextModule-OutputFileMap.json -use-frontend-parseable-output -save-temps -no-color-diagnostics -explicit-module-build -module-cache-path /Users/steipete/Library/Developer/Xcode/DerivedData/CodeLooper-crrddjihwjtfkwegrjrymctnfixv/Build/Intermediates.noindex/SwiftExplicitPrecompiledModules -clang-scanner-module-cache-path /Users/steipete/Library/Developer/Xcode/DerivedData/ModuleCache.noindex -sdk-module-cache-path /Users/steipete/Library/Developer/Xcode/DerivedData/ModuleCache.noindex -serialize-diagnostics -emit-dependencies -emit-module -emit-module-path /Users/steipete/Library/Developer/Xcode/DerivedData/CodeLooper-crrddjihwjtfkwegrjrymctnfixv/Build/Intermediates.noindex/swift-service-context.build/Debug/ServiceContextModule.build/Objects-normal/arm64/ServiceContextModule.swiftmodule -validate-clang-modules-once -clang-build-session-file /Users/steipete/Library/Developer/Xcode/DerivedData/ModuleCache.noindex/Session.modulevalidation -package-name swift_service_context -Xcc -I/Users/steipete/Library/Developer/Xcode/DerivedData/CodeLooper-crrddjihwjtfkwegrjrymctnfixv/Build/Intermediates.noindex/swift-service-context.build/Debug/ServiceContextModule.build/swift-overrides.hmap -emit-const-values -Xfrontend -const-gather-protocols-file -Xfrontend /Users/steipete/Library/Developer/Xcode/DerivedData/CodeLooper-crrddjihwjtfkwegrjrymctnfixv/Build/Intermediates.noindex/swift-service-context.build/Debug/ServiceContextModule.build/Objects-normal/arm64/ServiceContextModule_const_extract_protocols.json -Xcc -I/Users/steipete/Library/Developer/Xcode/DerivedData/CodeLooper-crrddjihwjtfkwegrjrymctnfixv/Build/Products/Debug/include -Xcc -I/Users/steipete/Library/Developer/Xcode/DerivedData/CodeLooper-crrddjihwjtfkwegrjrymctnfixv/Build/Intermediates.noindex/swift-service-context.build/Debug/ServiceContextModule.build/DerivedSources-normal/arm64 -Xcc -I/Users/steipete/Library/Developer/Xcode/DerivedData/CodeLooper-crrddjihwjtfkwegrjrymctnfixv/Build/Intermediates.noindex/swift-service-context.build/Debug/ServiceContextModule.build/DerivedSources/arm64 -Xcc -I/Users/steipete/Library/Developer/Xcode/DerivedData/CodeLooper-crrddjihwjtfkwegrjrymctnfixv/Build/Intermediates.noindex/swift-service-context.build/Debug/ServiceContextModule.build/DerivedSources -Xcc -DSWIFT_PACKAGE -Xcc -DDEBUG\=1 -emit-objc-header -emit-objc-header-path /Users/steipete/Library/Developer/Xcode/DerivedData/CodeLooper-crrddjihwjtfkwegrjrymctnfixv/Build/Intermediates.noindex/swift-service-context.build/Debug/ServiceContextModule.build/Objects-normal/arm64/ServiceContextModule-Swift.h -working-directory /Users/steipete/Projects/CodeLooper -experimental-emit-module-separately -disable-cmo

SwiftDriver Ollama normal arm64 com.apple.xcode.tools.swift.compiler (in target 'Ollama' from project 'Ollama')
    cd /Users/steipete/Projects/CodeLooper
    builtin-SwiftDriver -- /Applications/Xcode-beta.app/Contents/Developer/Toolchains/XcodeDefault.xctoolchain/usr/bin/swiftc -module-name Ollama -Onone -enforce-exclusivity\=checked @/Users/steipete/Library/Developer/Xcode/DerivedData/CodeLooper-crrddjihwjtfkwegrjrymctnfixv/Build/Intermediates.noindex/Ollama.build/Debug/Ollama.build/Objects-normal/arm64/Ollama.SwiftFileList -DSWIFT_PACKAGE -DDEBUG -DSWIFT_MODULE_RESOURCE_BUNDLE_UNAVAILABLE -DXcode -plugin-path /Applications/Xcode-beta.app/Contents/Developer/Toolchains/XcodeDefault.xctoolchain/usr/lib/swift/host/plugins/testing -enable-experimental-feature DebugDescriptionMacro -sdk /Applications/Xcode-beta.app/Contents/Developer/Platforms/MacOSX.platform/Developer/SDKs/MacOSX26.0.sdk -target arm64-apple-macos13.0 -g -module-cache-path /Users/steipete/Library/Developer/Xcode/DerivedData/ModuleCache.noindex -Xfrontend -serialize-debugging-options -profile-coverage-mapping -profile-generate -enable-testing -index-store-path /Users/steipete/Library/Developer/Xcode/DerivedData/CodeLooper-crrddjihwjtfkwegrjrymctnfixv/Index.noindex/DataStore -swift-version 6 -I /Users/steipete/Library/Developer/Xcode/DerivedData/CodeLooper-crrddjihwjtfkwegrjrymctnfixv/Build/Products/Debug -I /Applications/Xcode-beta.app/Contents/Developer/Platforms/MacOSX.platform/Developer/usr/lib -F /Users/steipete/Library/Developer/Xcode/DerivedData/CodeLooper-crrddjihwjtfkwegrjrymctnfixv/Build/Products/Debug -F /Applications/Xcode-beta.app/Contents/Developer/Platforms/MacOSX.platform/Developer/Library/Frameworks -c -j16 -enable-batch-mode -incremental -Xcc -ivfsstatcache -Xcc /Users/steipete/Library/Developer/Xcode/DerivedData/SDKStatCaches.noindex/macosx26.0-25A5279m-5d9328ff1a6613a11d359de947506b52.sdkstatcache -output-file-map /Users/steipete/Library/Developer/Xcode/DerivedData/CodeLooper-crrddjihwjtfkwegrjrymctnfixv/Build/Intermediates.noindex/Ollama.build/Debug/Ollama.build/Objects-normal/arm64/Ollama-OutputFileMap.json -use-frontend-parseable-output -save-temps -no-color-diagnostics -explicit-module-build -module-cache-path /Users/steipete/Library/Developer/Xcode/DerivedData/CodeLooper-crrddjihwjtfkwegrjrymctnfixv/Build/Intermediates.noindex/SwiftExplicitPrecompiledModules -clang-scanner-module-cache-path /Users/steipete/Library/Developer/Xcode/DerivedData/ModuleCache.noindex -sdk-module-cache-path /Users/steipete/Library/Developer/Xcode/DerivedData/ModuleCache.noindex -serialize-diagnostics -emit-dependencies -emit-module -emit-module-path /Users/steipete/Library/Developer/Xcode/DerivedData/CodeLooper-crrddjihwjtfkwegrjrymctnfixv/Build/Intermediates.noindex/Ollama.build/Debug/Ollama.build/Objects-normal/arm64/Ollama.swiftmodule -validate-clang-modules-once -clang-build-session-file /Users/steipete/Library/Developer/Xcode/DerivedData/ModuleCache.noindex/Session.modulevalidation -package-name ollama_swift -Xcc -I/Users/steipete/Library/Developer/Xcode/DerivedData/CodeLooper-crrddjihwjtfkwegrjrymctnfixv/Build/Intermediates.noindex/Ollama.build/Debug/Ollama.build/swift-overrides.hmap -emit-const-values -Xfrontend -const-gather-protocols-file -Xfrontend /Users/steipete/Library/Developer/Xcode/DerivedData/CodeLooper-crrddjihwjtfkwegrjrymctnfixv/Build/Intermediates.noindex/Ollama.build/Debug/Ollama.build/Objects-normal/arm64/Ollama_const_extract_protocols.json -Xcc -I/Users/steipete/Library/Developer/Xcode/DerivedData/CodeLooper-crrddjihwjtfkwegrjrymctnfixv/Build/Products/Debug/include -Xcc -I/Users/steipete/Library/Developer/Xcode/DerivedData/CodeLooper-crrddjihwjtfkwegrjrymctnfixv/Build/Intermediates.noindex/Ollama.build/Debug/Ollama.build/DerivedSources-normal/arm64 -Xcc -I/Users/steipete/Library/Developer/Xcode/DerivedData/CodeLooper-crrddjihwjtfkwegrjrymctnfixv/Build/Intermediates.noindex/Ollama.build/Debug/Ollama.build/DerivedSources/arm64 -Xcc -I/Users/steipete/Library/Developer/Xcode/DerivedData/CodeLooper-crrddjihwjtfkwegrjrymctnfixv/Build/Intermediates.noindex/Ollama.build/Debug/Ollama.build/DerivedSources -Xcc -DSWIFT_PACKAGE -Xcc -DDEBUG\=1 -emit-objc-header -emit-objc-header-path /Users/steipete/Library/Developer/Xcode/DerivedData/CodeLooper-crrddjihwjtfkwegrjrymctnfixv/Build/Intermediates.noindex/Ollama.build/Debug/Ollama.build/Objects-normal/arm64/Ollama-Swift.h -working-directory /Users/steipete/Projects/CodeLooper -experimental-emit-module-separately -disable-cmo

SwiftDriver NIOConcurrencyHelpers normal arm64 com.apple.xcode.tools.swift.compiler (in target 'NIOConcurrencyHelpers' from project 'swift-nio')
    cd /Users/steipete/Projects/CodeLooper
    builtin-SwiftDriver -- /Applications/Xcode-beta.app/Contents/Developer/Toolchains/XcodeDefault.xctoolchain/usr/bin/swiftc -module-name NIOConcurrencyHelpers -Onone -enforce-exclusivity\=checked @/Users/steipete/Library/Developer/Xcode/DerivedData/CodeLooper-crrddjihwjtfkwegrjrymctnfixv/Build/Intermediates.noindex/swift-nio.build/Debug/NIOConcurrencyHelpers.build/Objects-normal/arm64/NIOConcurrencyHelpers.SwiftFileList -DSWIFT_PACKAGE -DDEBUG -DSWIFT_MODULE_RESOURCE_BUNDLE_UNAVAILABLE -Xcc -fmodule-map-file\=/Users/steipete/Library/Developer/Xcode/DerivedData/CodeLooper-crrddjihwjtfkwegrjrymctnfixv/Build/Intermediates.noindex/GeneratedModuleMaps/CNIOAtomics.modulemap -DXcode -enable-upcoming-feature StrictConcurrency -enable-upcoming-feature InferSendableFromCaptures -enable-upcoming-feature MemberImportVisibility -plugin-path /Applications/Xcode-beta.app/Contents/Developer/Toolchains/XcodeDefault.xctoolchain/usr/lib/swift/host/plugins/testing -enable-experimental-feature DebugDescriptionMacro -sdk /Applications/Xcode-beta.app/Contents/Developer/Platforms/MacOSX.platform/Developer/SDKs/MacOSX26.0.sdk -target arm64-apple-macos10.13 -g -module-cache-path /Users/steipete/Library/Developer/Xcode/DerivedData/ModuleCache.noindex -Xfrontend -serialize-debugging-options -profile-coverage-mapping -profile-generate -enable-testing -suppress-warnings -index-store-path /Users/steipete/Library/Developer/Xcode/DerivedData/CodeLooper-crrddjihwjtfkwegrjrymctnfixv/Index.noindex/DataStore -swift-version 5 -I /Users/steipete/Library/Developer/Xcode/DerivedData/CodeLooper-crrddjihwjtfkwegrjrymctnfixv/Build/Products/Debug -I /Applications/Xcode-beta.app/Contents/Developer/Platforms/MacOSX.platform/Developer/usr/lib -F /Users/steipete/Library/Developer/Xcode/DerivedData/CodeLooper-crrddjihwjtfkwegrjrymctnfixv/Build/Products/Debug/PackageFrameworks -F /Users/steipete/Library/Developer/Xcode/DerivedData/CodeLooper-crrddjihwjtfkwegrjrymctnfixv/Build/Products/Debug -F /Applications/Xcode-beta.app/Contents/Developer/Platforms/MacOSX.platform/Developer/Library/Frameworks -c -j16 -enable-batch-mode -incremental -Xcc -ivfsstatcache -Xcc /Users/steipete/Library/Developer/Xcode/DerivedData/SDKStatCaches.noindex/macosx26.0-25A5279m-5d9328ff1a6613a11d359de947506b52.sdkstatcache -output-file-map /Users/steipete/Library/Developer/Xcode/DerivedData/CodeLooper-crrddjihwjtfkwegrjrymctnfixv/Build/Intermediates.noindex/swift-nio.build/Debug/NIOConcurrencyHelpers.build/Objects-normal/arm64/NIOConcurrencyHelpers-OutputFileMap.json -use-frontend-parseable-output -save-temps -no-color-diagnostics -explicit-module-build -module-cache-path /Users/steipete/Library/Developer/Xcode/DerivedData/CodeLooper-crrddjihwjtfkwegrjrymctnfixv/Build/Intermediates.noindex/SwiftExplicitPrecompiledModules -clang-scanner-module-cache-path /Users/steipete/Library/Developer/Xcode/DerivedData/ModuleCache.noindex -sdk-module-cache-path /Users/steipete/Library/Developer/Xcode/DerivedData/ModuleCache.noindex -serialize-diagnostics -emit-dependencies -emit-module -emit-module-path /Users/steipete/Library/Developer/Xcode/DerivedData/CodeLooper-crrddjihwjtfkwegrjrymctnfixv/Build/Intermediates.noindex/swift-nio.build/Debug/NIOConcurrencyHelpers.build/Objects-normal/arm64/NIOConcurrencyHelpers.swiftmodule -validate-clang-modules-once -clang-build-session-file /Users/steipete/Library/Developer/Xcode/DerivedData/ModuleCache.noindex/Session.modulevalidation -package-name swift_nio -Xcc -I/Users/steipete/Library/Developer/Xcode/DerivedData/CodeLooper-crrddjihwjtfkwegrjrymctnfixv/Build/Intermediates.noindex/swift-nio.build/Debug/NIOConcurrencyHelpers.build/swift-overrides.hmap -emit-const-values -Xfrontend -const-gather-protocols-file -Xfrontend /Users/steipete/Library/Developer/Xcode/DerivedData/CodeLooper-crrddjihwjtfkwegrjrymctnfixv/Build/Intermediates.noindex/swift-nio.build/Debug/NIOConcurrencyHelpers.build/Objects-normal/arm64/NIOConcurrencyHelpers_const_extract_protocols.json -Xcc -I/Users/steipete/Library/Developer/Xcode/DerivedData/CodeLooper-crrddjihwjtfkwegrjrymctnfixv/SourcePackages/checkouts/swift-nio/Sources/CNIOAtomics/include -Xcc -I/Users/steipete/Library/Developer/Xcode/DerivedData/CodeLooper-crrddjihwjtfkwegrjrymctnfixv/Build/Products/Debug/include -Xcc -I/Users/steipete/Library/Developer/Xcode/DerivedData/CodeLooper-crrddjihwjtfkwegrjrymctnfixv/Build/Intermediates.noindex/swift-nio.build/Debug/NIOConcurrencyHelpers.build/DerivedSources-normal/arm64 -Xcc -I/Users/steipete/Library/Developer/Xcode/DerivedData/CodeLooper-crrddjihwjtfkwegrjrymctnfixv/Build/Intermediates.noindex/swift-nio.build/Debug/NIOConcurrencyHelpers.build/DerivedSources/arm64 -Xcc -I/Users/steipete/Library/Developer/Xcode/DerivedData/CodeLooper-crrddjihwjtfkwegrjrymctnfixv/Build/Intermediates.noindex/swift-nio.build/Debug/NIOConcurrencyHelpers.build/DerivedSources -Xcc -DSWIFT_PACKAGE -Xcc -DDEBUG\=1 -emit-objc-header -emit-objc-header-path /Users/steipete/Library/Developer/Xcode/DerivedData/CodeLooper-crrddjihwjtfkwegrjrymctnfixv/Build/Intermediates.noindex/swift-nio.build/Debug/NIOConcurrencyHelpers.build/Objects-normal/arm64/NIOConcurrencyHelpers-Swift.h -working-directory /Users/steipete/Projects/CodeLooper -experimental-emit-module-separately -disable-cmo

SwiftDriver MenuBarExtraAccess normal arm64 com.apple.xcode.tools.swift.compiler (in target 'MenuBarExtraAccess' from project 'MenuBarExtraAccess')
    cd /Users/steipete/Projects/CodeLooper
    builtin-SwiftDriver -- /Applications/Xcode-beta.app/Contents/Developer/Toolchains/XcodeDefault.xctoolchain/usr/bin/swiftc -module-name MenuBarExtraAccess -Onone -enforce-exclusivity\=checked @/Users/steipete/Library/Developer/Xcode/DerivedData/CodeLooper-crrddjihwjtfkwegrjrymctnfixv/Build/Intermediates.noindex/MenuBarExtraAccess.build/Debug/MenuBarExtraAccess.build/Objects-normal/arm64/MenuBarExtraAccess.SwiftFileList -DSWIFT_PACKAGE -DDEBUG -DSWIFT_MODULE_RESOURCE_BUNDLE_UNAVAILABLE -DXcode -plugin-path /Applications/Xcode-beta.app/Contents/Developer/Toolchains/XcodeDefault.xctoolchain/usr/lib/swift/host/plugins/testing -enable-experimental-feature DebugDescriptionMacro -sdk /Applications/Xcode-beta.app/Contents/Developer/Platforms/MacOSX.platform/Developer/SDKs/MacOSX26.0.sdk -target arm64-apple-macos10.15 -g -module-cache-path /Users/steipete/Library/Developer/Xcode/DerivedData/ModuleCache.noindex -Xfrontend -serialize-debugging-options -profile-coverage-mapping -profile-generate -enable-testing -suppress-warnings -index-store-path /Users/steipete/Library/Developer/Xcode/DerivedData/CodeLooper-crrddjihwjtfkwegrjrymctnfixv/Index.noindex/DataStore -swift-version 5 -I /Users/steipete/Library/Developer/Xcode/DerivedData/CodeLooper-crrddjihwjtfkwegrjrymctnfixv/Build/Products/Debug -I /Applications/Xcode-beta.app/Contents/Developer/Platforms/MacOSX.platform/Developer/usr/lib -F /Users/steipete/Library/Developer/Xcode/DerivedData/CodeLooper-crrddjihwjtfkwegrjrymctnfixv/Build/Products/Debug -F /Applications/Xcode-beta.app/Contents/Developer/Platforms/MacOSX.platform/Developer/Library/Frameworks -c -j16 -enable-batch-mode -incremental -Xcc -ivfsstatcache -Xcc /Users/steipete/Library/Developer/Xcode/DerivedData/SDKStatCaches.noindex/macosx26.0-25A5279m-5d9328ff1a6613a11d359de947506b52.sdkstatcache -output-file-map /Users/steipete/Library/Developer/Xcode/DerivedData/CodeLooper-crrddjihwjtfkwegrjrymctnfixv/Build/Intermediates.noindex/MenuBarExtraAccess.build/Debug/MenuBarExtraAccess.build/Objects-normal/arm64/MenuBarExtraAccess-OutputFileMap.json -use-frontend-parseable-output -save-temps -no-color-diagnostics -explicit-module-build -module-cache-path /Users/steipete/Library/Developer/Xcode/DerivedData/CodeLooper-crrddjihwjtfkwegrjrymctnfixv/Build/Intermediates.noindex/SwiftExplicitPrecompiledModules -clang-scanner-module-cache-path /Users/steipete/Library/Developer/Xcode/DerivedData/ModuleCache.noindex -sdk-module-cache-path /Users/steipete/Library/Developer/Xcode/DerivedData/ModuleCache.noindex -serialize-diagnostics -emit-dependencies -emit-module -emit-module-path /Users/steipete/Library/Developer/Xcode/DerivedData/CodeLooper-crrddjihwjtfkwegrjrymctnfixv/Build/Intermediates.noindex/MenuBarExtraAccess.build/Debug/MenuBarExtraAccess.build/Objects-normal/arm64/MenuBarExtraAccess.swiftmodule -validate-clang-modules-once -clang-build-session-file /Users/steipete/Library/Developer/Xcode/DerivedData/ModuleCache.noindex/Session.modulevalidation -Xcc -I/Users/steipete/Library/Developer/Xcode/DerivedData/CodeLooper-crrddjihwjtfkwegrjrymctnfixv/Build/Intermediates.noindex/MenuBarExtraAccess.build/Debug/MenuBarExtraAccess.build/swift-overrides.hmap -emit-const-values -Xfrontend -const-gather-protocols-file -Xfrontend /Users/steipete/Library/Developer/Xcode/DerivedData/CodeLooper-crrddjihwjtfkwegrjrymctnfixv/Build/Intermediates.noindex/MenuBarExtraAccess.build/Debug/MenuBarExtraAccess.build/Objects-normal/arm64/MenuBarExtraAccess_const_extract_protocols.json -Xcc -I/Users/steipete/Library/Developer/Xcode/DerivedData/CodeLooper-crrddjihwjtfkwegrjrymctnfixv/Build/Products/Debug/include -Xcc -I/Users/steipete/Library/Developer/Xcode/DerivedData/CodeLooper-crrddjihwjtfkwegrjrymctnfixv/Build/Intermediates.noindex/MenuBarExtraAccess.build/Debug/MenuBarExtraAccess.build/DerivedSources-normal/arm64 -Xcc -I/Users/steipete/Library/Developer/Xcode/DerivedData/CodeLooper-crrddjihwjtfkwegrjrymctnfixv/Build/Intermediates.noindex/MenuBarExtraAccess.build/Debug/MenuBarExtraAccess.build/DerivedSources/arm64 -Xcc -I/Users/steipete/Library/Developer/Xcode/DerivedData/CodeLooper-crrddjihwjtfkwegrjrymctnfixv/Build/Intermediates.noindex/MenuBarExtraAccess.build/Debug/MenuBarExtraAccess.build/DerivedSources -Xcc -DSWIFT_PACKAGE -Xcc -DDEBUG\=1 -emit-objc-header -emit-objc-header-path /Users/steipete/Library/Developer/Xcode/DerivedData/CodeLooper-crrddjihwjtfkwegrjrymctnfixv/Build/Intermediates.noindex/MenuBarExtraAccess.build/Debug/MenuBarExtraAccess.build/Objects-normal/arm64/MenuBarExtraAccess-Swift.h -working-directory /Users/steipete/Projects/CodeLooper -experimental-emit-module-separately -disable-cmo

SwiftDriver Logging normal arm64 com.apple.xcode.tools.swift.compiler (in target 'Logging' from project 'swift-log')
    cd /Users/steipete/Projects/CodeLooper
    builtin-SwiftDriver -- /Applications/Xcode-beta.app/Contents/Developer/Toolchains/XcodeDefault.xctoolchain/usr/bin/swiftc -module-name Logging -Onone -enforce-exclusivity\=checked @/Users/steipete/Library/Developer/Xcode/DerivedData/CodeLooper-crrddjihwjtfkwegrjrymctnfixv/Build/Intermediates.noindex/swift-log.build/Debug/Logging.build/Objects-normal/arm64/Logging.SwiftFileList -DSWIFT_PACKAGE -DDEBUG -DSWIFT_MODULE_RESOURCE_BUNDLE_UNAVAILABLE -DXcode -enable-experimental-feature StrictConcurrency\=complete -enable-upcoming-feature MemberImportVisibility -plugin-path /Applications/Xcode-beta.app/Contents/Developer/Toolchains/XcodeDefault.xctoolchain/usr/lib/swift/host/plugins/testing -enable-experimental-feature DebugDescriptionMacro -sdk /Applications/Xcode-beta.app/Contents/Developer/Platforms/MacOSX.platform/Developer/SDKs/MacOSX26.0.sdk -target arm64-apple-macos10.13 -g -module-cache-path /Users/steipete/Library/Developer/Xcode/DerivedData/ModuleCache.noindex -Xfrontend -serialize-debugging-options -profile-coverage-mapping -profile-generate -enable-testing -suppress-warnings -index-store-path /Users/steipete/Library/Developer/Xcode/DerivedData/CodeLooper-crrddjihwjtfkwegrjrymctnfixv/Index.noindex/DataStore -swift-version 5 -I /Users/steipete/Library/Developer/Xcode/DerivedData/CodeLooper-crrddjihwjtfkwegrjrymctnfixv/Build/Products/Debug -I /Applications/Xcode-beta.app/Contents/Developer/Platforms/MacOSX.platform/Developer/usr/lib -F /Users/steipete/Library/Developer/Xcode/DerivedData/CodeLooper-crrddjihwjtfkwegrjrymctnfixv/Build/Products/Debug -F /Applications/Xcode-beta.app/Contents/Developer/Platforms/MacOSX.platform/Developer/Library/Frameworks -c -j16 -enable-batch-mode -incremental -Xcc -ivfsstatcache -Xcc /Users/steipete/Library/Developer/Xcode/DerivedData/SDKStatCaches.noindex/macosx26.0-25A5279m-5d9328ff1a6613a11d359de947506b52.sdkstatcache -output-file-map /Users/steipete/Library/Developer/Xcode/DerivedData/CodeLooper-crrddjihwjtfkwegrjrymctnfixv/Build/Intermediates.noindex/swift-log.build/Debug/Logging.build/Objects-normal/arm64/Logging-OutputFileMap.json -use-frontend-parseable-output -save-temps -no-color-diagnostics -explicit-module-build -module-cache-path /Users/steipete/Library/Developer/Xcode/DerivedData/CodeLooper-crrddjihwjtfkwegrjrymctnfixv/Build/Intermediates.noindex/SwiftExplicitPrecompiledModules -clang-scanner-module-cache-path /Users/steipete/Library/Developer/Xcode/DerivedData/ModuleCache.noindex -sdk-module-cache-path /Users/steipete/Library/Developer/Xcode/DerivedData/ModuleCache.noindex -serialize-diagnostics -emit-dependencies -emit-module -emit-module-path /Users/steipete/Library/Developer/Xcode/DerivedData/CodeLooper-crrddjihwjtfkwegrjrymctnfixv/Build/Intermediates.noindex/swift-log.build/Debug/Logging.build/Objects-normal/arm64/Logging.swiftmodule -validate-clang-modules-once -clang-build-session-file /Users/steipete/Library/Developer/Xcode/DerivedData/ModuleCache.noindex/Session.modulevalidation -package-name swift_log -Xcc -I/Users/steipete/Library/Developer/Xcode/DerivedData/CodeLooper-crrddjihwjtfkwegrjrymctnfixv/Build/Intermediates.noindex/swift-log.build/Debug/Logging.build/swift-overrides.hmap -emit-const-values -Xfrontend -const-gather-protocols-file -Xfrontend /Users/steipete/Library/Developer/Xcode/DerivedData/CodeLooper-crrddjihwjtfkwegrjrymctnfixv/Build/Intermediates.noindex/swift-log.build/Debug/Logging.build/Objects-normal/arm64/Logging_const_extract_protocols.json -Xcc -I/Users/steipete/Library/Developer/Xcode/DerivedData/CodeLooper-crrddjihwjtfkwegrjrymctnfixv/Build/Products/Debug/include -Xcc -I/Users/steipete/Library/Developer/Xcode/DerivedData/CodeLooper-crrddjihwjtfkwegrjrymctnfixv/Build/Intermediates.noindex/swift-log.build/Debug/Logging.build/DerivedSources-normal/arm64 -Xcc -I/Users/steipete/Library/Developer/Xcode/DerivedData/CodeLooper-crrddjihwjtfkwegrjrymctnfixv/Build/Intermediates.noindex/swift-log.build/Debug/Logging.build/DerivedSources/arm64 -Xcc -I/Users/steipete/Library/Developer/Xcode/DerivedData/CodeLooper-crrddjihwjtfkwegrjrymctnfixv/Build/Intermediates.noindex/swift-log.build/Debug/Logging.build/DerivedSources -Xcc -DSWIFT_PACKAGE -Xcc -DDEBUG\=1 -emit-objc-header -emit-objc-header-path /Users/steipete/Library/Developer/Xcode/DerivedData/CodeLooper-crrddjihwjtfkwegrjrymctnfixv/Build/Intermediates.noindex/swift-log.build/Debug/Logging.build/Objects-normal/arm64/Logging-Swift.h -working-directory /Users/steipete/Projects/CodeLooper -experimental-emit-module-separately -disable-cmo

SwiftDriver KeychainAccess normal arm64 com.apple.xcode.tools.swift.compiler (in target 'KeychainAccess' from project 'KeychainAccess')
    cd /Users/steipete/Projects/CodeLooper
    builtin-SwiftDriver -- /Applications/Xcode-beta.app/Contents/Developer/Toolchains/XcodeDefault.xctoolchain/usr/bin/swiftc -module-name KeychainAccess -Onone -enforce-exclusivity\=checked @/Users/steipete/Library/Developer/Xcode/DerivedData/CodeLooper-crrddjihwjtfkwegrjrymctnfixv/Build/Intermediates.noindex/KeychainAccess.build/Debug/KeychainAccess.build/Objects-normal/arm64/KeychainAccess.SwiftFileList -DSWIFT_PACKAGE -DDEBUG -DSWIFT_MODULE_RESOURCE_BUNDLE_UNAVAILABLE -DXcode -plugin-path /Applications/Xcode-beta.app/Contents/Developer/Toolchains/XcodeDefault.xctoolchain/usr/lib/swift/host/plugins/testing -enable-experimental-feature DebugDescriptionMacro -sdk /Applications/Xcode-beta.app/Contents/Developer/Platforms/MacOSX.platform/Developer/SDKs/MacOSX26.0.sdk -target arm64-apple-macos10.13 -g -module-cache-path /Users/steipete/Library/Developer/Xcode/DerivedData/ModuleCache.noindex -Xfrontend -serialize-debugging-options -profile-coverage-mapping -profile-generate -enable-testing -suppress-warnings -index-store-path /Users/steipete/Library/Developer/Xcode/DerivedData/CodeLooper-crrddjihwjtfkwegrjrymctnfixv/Index.noindex/DataStore -swift-version 5 -I /Users/steipete/Library/Developer/Xcode/DerivedData/CodeLooper-crrddjihwjtfkwegrjrymctnfixv/Build/Products/Debug -I /Applications/Xcode-beta.app/Contents/Developer/Platforms/MacOSX.platform/Developer/usr/lib -F /Users/steipete/Library/Developer/Xcode/DerivedData/CodeLooper-crrddjihwjtfkwegrjrymctnfixv/Build/Products/Debug -F /Applications/Xcode-beta.app/Contents/Developer/Platforms/MacOSX.platform/Developer/Library/Frameworks -parse-as-library -c -j16 -enable-batch-mode -incremental -Xcc -ivfsstatcache -Xcc /Users/steipete/Library/Developer/Xcode/DerivedData/SDKStatCaches.noindex/macosx26.0-25A5279m-5d9328ff1a6613a11d359de947506b52.sdkstatcache -output-file-map /Users/steipete/Library/Developer/Xcode/DerivedData/CodeLooper-crrddjihwjtfkwegrjrymctnfixv/Build/Intermediates.noindex/KeychainAccess.build/Debug/KeychainAccess.build/Objects-normal/arm64/KeychainAccess-OutputFileMap.json -use-frontend-parseable-output -save-temps -no-color-diagnostics -explicit-module-build -module-cache-path /Users/steipete/Library/Developer/Xcode/DerivedData/CodeLooper-crrddjihwjtfkwegrjrymctnfixv/Build/Intermediates.noindex/SwiftExplicitPrecompiledModules -clang-scanner-module-cache-path /Users/steipete/Library/Developer/Xcode/DerivedData/ModuleCache.noindex -sdk-module-cache-path /Users/steipete/Library/Developer/Xcode/DerivedData/ModuleCache.noindex -serialize-diagnostics -emit-dependencies -emit-module -emit-module-path /Users/steipete/Library/Developer/Xcode/DerivedData/CodeLooper-crrddjihwjtfkwegrjrymctnfixv/Build/Intermediates.noindex/KeychainAccess.build/Debug/KeychainAccess.build/Objects-normal/arm64/KeychainAccess.swiftmodule -validate-clang-modules-once -clang-build-session-file /Users/steipete/Library/Developer/Xcode/DerivedData/ModuleCache.noindex/Session.modulevalidation -Xcc -I/Users/steipete/Library/Developer/Xcode/DerivedData/CodeLooper-crrddjihwjtfkwegrjrymctnfixv/Build/Intermediates.noindex/KeychainAccess.build/Debug/KeychainAccess.build/swift-overrides.hmap -emit-const-values -Xfrontend -const-gather-protocols-file -Xfrontend /Users/steipete/Library/Developer/Xcode/DerivedData/CodeLooper-crrddjihwjtfkwegrjrymctnfixv/Build/Intermediates.noindex/KeychainAccess.build/Debug/KeychainAccess.build/Objects-normal/arm64/KeychainAccess_const_extract_protocols.json -Xcc -I/Users/steipete/Library/Developer/Xcode/DerivedData/CodeLooper-crrddjihwjtfkwegrjrymctnfixv/Build/Products/Debug/include -Xcc -I/Users/steipete/Library/Developer/Xcode/DerivedData/CodeLooper-crrddjihwjtfkwegrjrymctnfixv/Build/Intermediates.noindex/KeychainAccess.build/Debug/KeychainAccess.build/DerivedSources-normal/arm64 -Xcc -I/Users/steipete/Library/Developer/Xcode/DerivedData/CodeLooper-crrddjihwjtfkwegrjrymctnfixv/Build/Intermediates.noindex/KeychainAccess.build/Debug/KeychainAccess.build/DerivedSources/arm64 -Xcc -I/Users/steipete/Library/Developer/Xcode/DerivedData/CodeLooper-crrddjihwjtfkwegrjrymctnfixv/Build/Intermediates.noindex/KeychainAccess.build/Debug/KeychainAccess.build/DerivedSources -Xcc -DSWIFT_PACKAGE -Xcc -DDEBUG\=1 -emit-objc-header -emit-objc-header-path /Users/steipete/Library/Developer/Xcode/DerivedData/CodeLooper-crrddjihwjtfkwegrjrymctnfixv/Build/Intermediates.noindex/KeychainAccess.build/Debug/KeychainAccess.build/Objects-normal/arm64/KeychainAccess-Swift.h -working-directory /Users/steipete/Projects/CodeLooper -experimental-emit-module-separately -disable-cmo

SwiftDriver KeyboardShortcuts normal arm64 com.apple.xcode.tools.swift.compiler (in target 'KeyboardShortcuts' from project 'KeyboardShortcuts')
    cd /Users/steipete/Projects/CodeLooper
    builtin-SwiftDriver -- /Applications/Xcode-beta.app/Contents/Developer/Toolchains/XcodeDefault.xctoolchain/usr/bin/swiftc -module-name KeyboardShortcuts -Onone -enforce-exclusivity\=checked @/Users/steipete/Library/Developer/Xcode/DerivedData/CodeLooper-crrddjihwjtfkwegrjrymctnfixv/Build/Intermediates.noindex/KeyboardShortcuts.build/Debug/KeyboardShortcuts.build/Objects-normal/arm64/KeyboardShortcuts.SwiftFileList -DSWIFT_PACKAGE -DDEBUG -DSWIFT_MODULE_RESOURCE_BUNDLE_AVAILABLE -DXcode -plugin-path /Applications/Xcode-beta.app/Contents/Developer/Toolchains/XcodeDefault.xctoolchain/usr/lib/swift/host/plugins/testing -enable-experimental-feature DebugDescriptionMacro -sdk /Applications/Xcode-beta.app/Contents/Developer/Platforms/MacOSX.platform/Developer/SDKs/MacOSX26.0.sdk -target arm64-apple-macos10.15 -g -module-cache-path /Users/steipete/Library/Developer/Xcode/DerivedData/ModuleCache.noindex -Xfrontend -serialize-debugging-options -profile-coverage-mapping -profile-generate -enable-testing -suppress-warnings -index-store-path /Users/steipete/Library/Developer/Xcode/DerivedData/CodeLooper-crrddjihwjtfkwegrjrymctnfixv/Index.noindex/DataStore -swift-version 5 -I /Users/steipete/Library/Developer/Xcode/DerivedData/CodeLooper-crrddjihwjtfkwegrjrymctnfixv/Build/Products/Debug -I /Applications/Xcode-beta.app/Contents/Developer/Platforms/MacOSX.platform/Developer/usr/lib -F /Users/steipete/Library/Developer/Xcode/DerivedData/CodeLooper-crrddjihwjtfkwegrjrymctnfixv/Build/Products/Debug -F /Applications/Xcode-beta.app/Contents/Developer/Platforms/MacOSX.platform/Developer/Library/Frameworks -emit-localized-strings -emit-localized-strings-path /Users/steipete/Library/Developer/Xcode/DerivedData/CodeLooper-crrddjihwjtfkwegrjrymctnfixv/Build/Intermediates.noindex/KeyboardShortcuts.build/Debug/KeyboardShortcuts.build/Objects-normal/arm64 -c -j16 -enable-batch-mode -incremental -Xcc -ivfsstatcache -Xcc /Users/steipete/Library/Developer/Xcode/DerivedData/SDKStatCaches.noindex/macosx26.0-25A5279m-5d9328ff1a6613a11d359de947506b52.sdkstatcache -output-file-map /Users/steipete/Library/Developer/Xcode/DerivedData/CodeLooper-crrddjihwjtfkwegrjrymctnfixv/Build/Intermediates.noindex/KeyboardShortcuts.build/Debug/KeyboardShortcuts.build/Objects-normal/arm64/KeyboardShortcuts-OutputFileMap.json -use-frontend-parseable-output -save-temps -no-color-diagnostics -explicit-module-build -module-cache-path /Users/steipete/Library/Developer/Xcode/DerivedData/CodeLooper-crrddjihwjtfkwegrjrymctnfixv/Build/Intermediates.noindex/SwiftExplicitPrecompiledModules -clang-scanner-module-cache-path /Users/steipete/Library/Developer/Xcode/DerivedData/ModuleCache.noindex -sdk-module-cache-path /Users/steipete/Library/Developer/Xcode/DerivedData/ModuleCache.noindex -serialize-diagnostics -emit-dependencies -emit-module -emit-module-path /Users/steipete/Library/Developer/Xcode/DerivedData/CodeLooper-crrddjihwjtfkwegrjrymctnfixv/Build/Intermediates.noindex/KeyboardShortcuts.build/Debug/KeyboardShortcuts.build/Objects-normal/arm64/KeyboardShortcuts.swiftmodule -validate-clang-modules-once -clang-build-session-file /Users/steipete/Library/Developer/Xcode/DerivedData/ModuleCache.noindex/Session.modulevalidation -package-name keyboardshortcuts -Xcc -I/Users/steipete/Library/Developer/Xcode/DerivedData/CodeLooper-crrddjihwjtfkwegrjrymctnfixv/Build/Intermediates.noindex/KeyboardShortcuts.build/Debug/KeyboardShortcuts.build/swift-overrides.hmap -emit-const-values -Xfrontend -const-gather-protocols-file -Xfrontend /Users/steipete/Library/Developer/Xcode/DerivedData/CodeLooper-crrddjihwjtfkwegrjrymctnfixv/Build/Intermediates.noindex/KeyboardShortcuts.build/Debug/KeyboardShortcuts.build/Objects-normal/arm64/KeyboardShortcuts_const_extract_protocols.json -Xcc -I/Users/steipete/Library/Developer/Xcode/DerivedData/CodeLooper-crrddjihwjtfkwegrjrymctnfixv/Build/Products/Debug/include -Xcc -I/Users/steipete/Library/Developer/Xcode/DerivedData/CodeLooper-crrddjihwjtfkwegrjrymctnfixv/Build/Intermediates.noindex/KeyboardShortcuts.build/Debug/KeyboardShortcuts.build/DerivedSources-normal/arm64 -Xcc -I/Users/steipete/Library/Developer/Xcode/DerivedData/CodeLooper-crrddjihwjtfkwegrjrymctnfixv/Build/Intermediates.noindex/KeyboardShortcuts.build/Debug/KeyboardShortcuts.build/DerivedSources/arm64 -Xcc -I/Users/steipete/Library/Developer/Xcode/DerivedData/CodeLooper-crrddjihwjtfkwegrjrymctnfixv/Build/Intermediates.noindex/KeyboardShortcuts.build/Debug/KeyboardShortcuts.build/DerivedSources -Xcc -DSWIFT_PACKAGE -Xcc -DDEBUG\=1 -emit-objc-header -emit-objc-header-path /Users/steipete/Library/Developer/Xcode/DerivedData/CodeLooper-crrddjihwjtfkwegrjrymctnfixv/Build/Intermediates.noindex/KeyboardShortcuts.build/Debug/KeyboardShortcuts.build/Objects-normal/arm64/KeyboardShortcuts-Swift.h -working-directory /Users/steipete/Projects/CodeLooper -experimental-emit-module-separately -disable-cmo

SwiftDriver InternalCollectionsUtilities normal arm64 com.apple.xcode.tools.swift.compiler (in target 'InternalCollectionsUtilities' from project 'swift-collections')
    cd /Users/steipete/Projects/CodeLooper
    builtin-SwiftDriver -- /Applications/Xcode-beta.app/Contents/Developer/Toolchains/XcodeDefault.xctoolchain/usr/bin/swiftc -module-name InternalCollectionsUtilities -Onone -enforce-exclusivity\=checked @/Users/steipete/Library/Developer/Xcode/DerivedData/CodeLooper-crrddjihwjtfkwegrjrymctnfixv/Build/Intermediates.noindex/swift-collections.build/Debug/InternalCollectionsUtilities.build/Objects-normal/arm64/InternalCollectionsUtilities.SwiftFileList -DSWIFT_PACKAGE -DDEBUG -DSWIFT_MODULE_RESOURCE_BUNDLE_UNAVAILABLE -DCOLLECTIONS_RANDOMIZED_TESTING -DXcode -plugin-path /Applications/Xcode-beta.app/Contents/Developer/Toolchains/XcodeDefault.xctoolchain/usr/lib/swift/host/plugins/testing -enable-experimental-feature DebugDescriptionMacro -sdk /Applications/Xcode-beta.app/Contents/Developer/Platforms/MacOSX.platform/Developer/SDKs/MacOSX26.0.sdk -target arm64-apple-macos10.13 -g -module-cache-path /Users/steipete/Library/Developer/Xcode/DerivedData/ModuleCache.noindex -Xfrontend -serialize-debugging-options -profile-coverage-mapping -profile-generate -enable-testing -suppress-warnings -index-store-path /Users/steipete/Library/Developer/Xcode/DerivedData/CodeLooper-crrddjihwjtfkwegrjrymctnfixv/Index.noindex/DataStore -swift-version 5 -I /Users/steipete/Library/Developer/Xcode/DerivedData/CodeLooper-crrddjihwjtfkwegrjrymctnfixv/Build/Products/Debug -I /Applications/Xcode-beta.app/Contents/Developer/Platforms/MacOSX.platform/Developer/usr/lib -F /Users/steipete/Library/Developer/Xcode/DerivedData/CodeLooper-crrddjihwjtfkwegrjrymctnfixv/Build/Products/Debug -F /Applications/Xcode-beta.app/Contents/Developer/Platforms/MacOSX.platform/Developer/Library/Frameworks -c -j16 -enable-batch-mode -incremental -Xcc -ivfsstatcache -Xcc /Users/steipete/Library/Developer/Xcode/DerivedData/SDKStatCaches.noindex/macosx26.0-25A5279m-5d9328ff1a6613a11d359de947506b52.sdkstatcache -output-file-map /Users/steipete/Library/Developer/Xcode/DerivedData/CodeLooper-crrddjihwjtfkwegrjrymctnfixv/Build/Intermediates.noindex/swift-collections.build/Debug/InternalCollectionsUtilities.build/Objects-normal/arm64/InternalCollectionsUtilities-OutputFileMap.json -use-frontend-parseable-output -save-temps -no-color-diagnostics -explicit-module-build -module-cache-path /Users/steipete/Library/Developer/Xcode/DerivedData/CodeLooper-crrddjihwjtfkwegrjrymctnfixv/Build/Intermediates.noindex/SwiftExplicitPrecompiledModules -clang-scanner-module-cache-path /Users/steipete/Library/Developer/Xcode/DerivedData/ModuleCache.noindex -sdk-module-cache-path /Users/steipete/Library/Developer/Xcode/DerivedData/ModuleCache.noindex -serialize-diagnostics -emit-dependencies -emit-module -emit-module-path /Users/steipete/Library/Developer/Xcode/DerivedData/CodeLooper-crrddjihwjtfkwegrjrymctnfixv/Build/Intermediates.noindex/swift-collections.build/Debug/InternalCollectionsUtilities.build/Objects-normal/arm64/InternalCollectionsUtilities.swiftmodule -validate-clang-modules-once -clang-build-session-file /Users/steipete/Library/Developer/Xcode/DerivedData/ModuleCache.noindex/Session.modulevalidation -package-name swift_collections -Xcc -I/Users/steipete/Library/Developer/Xcode/DerivedData/CodeLooper-crrddjihwjtfkwegrjrymctnfixv/Build/Intermediates.noindex/swift-collections.build/Debug/InternalCollectionsUtilities.build/swift-overrides.hmap -emit-const-values -Xfrontend -const-gather-protocols-file -Xfrontend /Users/steipete/Library/Developer/Xcode/DerivedData/CodeLooper-crrddjihwjtfkwegrjrymctnfixv/Build/Intermediates.noindex/swift-collections.build/Debug/InternalCollectionsUtilities.build/Objects-normal/arm64/InternalCollectionsUtilities_const_extract_protocols.json -Xcc -I/Users/steipete/Library/Developer/Xcode/DerivedData/CodeLooper-crrddjihwjtfkwegrjrymctnfixv/Build/Products/Debug/include -Xcc -I/Users/steipete/Library/Developer/Xcode/DerivedData/CodeLooper-crrddjihwjtfkwegrjrymctnfixv/Build/Intermediates.noindex/swift-collections.build/Debug/InternalCollectionsUtilities.build/DerivedSources-normal/arm64 -Xcc -I/Users/steipete/Library/Developer/Xcode/DerivedData/CodeLooper-crrddjihwjtfkwegrjrymctnfixv/Build/Intermediates.noindex/swift-collections.build/Debug/InternalCollectionsUtilities.build/DerivedSources/arm64 -Xcc -I/Users/steipete/Library/Developer/Xcode/DerivedData/CodeLooper-crrddjihwjtfkwegrjrymctnfixv/Build/Intermediates.noindex/swift-collections.build/Debug/InternalCollectionsUtilities.build/DerivedSources -Xcc -DSWIFT_PACKAGE -Xcc -DDEBUG\=1 -emit-objc-header -emit-objc-header-path /Users/steipete/Library/Developer/Xcode/DerivedData/CodeLooper-crrddjihwjtfkwegrjrymctnfixv/Build/Intermediates.noindex/swift-collections.build/Debug/InternalCollectionsUtilities.build/Objects-normal/arm64/InternalCollectionsUtilities-Swift.h -working-directory /Users/steipete/Projects/CodeLooper -experimental-emit-module-separately -disable-cmo

SwiftDriver HTTPTypes normal arm64 com.apple.xcode.tools.swift.compiler (in target 'HTTPTypes' from project 'swift-http-types')
    cd /Users/steipete/Projects/CodeLooper
    builtin-SwiftDriver -- /Applications/Xcode-beta.app/Contents/Developer/Toolchains/XcodeDefault.xctoolchain/usr/bin/swiftc -module-name HTTPTypes -Onone -enforce-exclusivity\=checked @/Users/steipete/Library/Developer/Xcode/DerivedData/CodeLooper-crrddjihwjtfkwegrjrymctnfixv/Build/Intermediates.noindex/swift-http-types.build/Debug/HTTPTypes.build/Objects-normal/arm64/HTTPTypes.SwiftFileList -DSWIFT_PACKAGE -DDEBUG -DSWIFT_MODULE_RESOURCE_BUNDLE_UNAVAILABLE -DXcode -enable-experimental-feature StrictConcurrency\=complete -enable-upcoming-feature MemberImportVisibility -plugin-path /Applications/Xcode-beta.app/Contents/Developer/Toolchains/XcodeDefault.xctoolchain/usr/lib/swift/host/plugins/testing -enable-experimental-feature DebugDescriptionMacro -sdk /Applications/Xcode-beta.app/Contents/Developer/Platforms/MacOSX.platform/Developer/SDKs/MacOSX26.0.sdk -target arm64-apple-macos10.13 -g -module-cache-path /Users/steipete/Library/Developer/Xcode/DerivedData/ModuleCache.noindex -Xfrontend -serialize-debugging-options -profile-coverage-mapping -profile-generate -enable-testing -suppress-warnings -index-store-path /Users/steipete/Library/Developer/Xcode/DerivedData/CodeLooper-crrddjihwjtfkwegrjrymctnfixv/Index.noindex/DataStore -swift-version 5 -I /Users/steipete/Library/Developer/Xcode/DerivedData/CodeLooper-crrddjihwjtfkwegrjrymctnfixv/Build/Products/Debug -I /Applications/Xcode-beta.app/Contents/Developer/Platforms/MacOSX.platform/Developer/usr/lib -F /Users/steipete/Library/Developer/Xcode/DerivedData/CodeLooper-crrddjihwjtfkwegrjrymctnfixv/Build/Products/Debug -F /Applications/Xcode-beta.app/Contents/Developer/Platforms/MacOSX.platform/Developer/Library/Frameworks -c -j16 -enable-batch-mode -incremental -Xcc -ivfsstatcache -Xcc /Users/steipete/Library/Developer/Xcode/DerivedData/SDKStatCaches.noindex/macosx26.0-25A5279m-5d9328ff1a6613a11d359de947506b52.sdkstatcache -output-file-map /Users/steipete/Library/Developer/Xcode/DerivedData/CodeLooper-crrddjihwjtfkwegrjrymctnfixv/Build/Intermediates.noindex/swift-http-types.build/Debug/HTTPTypes.build/Objects-normal/arm64/HTTPTypes-OutputFileMap.json -use-frontend-parseable-output -save-temps -no-color-diagnostics -explicit-module-build -module-cache-path /Users/steipete/Library/Developer/Xcode/DerivedData/CodeLooper-crrddjihwjtfkwegrjrymctnfixv/Build/Intermediates.noindex/SwiftExplicitPrecompiledModules -clang-scanner-module-cache-path /Users/steipete/Library/Developer/Xcode/DerivedData/ModuleCache.noindex -sdk-module-cache-path /Users/steipete/Library/Developer/Xcode/DerivedData/ModuleCache.noindex -serialize-diagnostics -emit-dependencies -emit-module -emit-module-path /Users/steipete/Library/Developer/Xcode/DerivedData/CodeLooper-crrddjihwjtfkwegrjrymctnfixv/Build/Intermediates.noindex/swift-http-types.build/Debug/HTTPTypes.build/Objects-normal/arm64/HTTPTypes.swiftmodule -validate-clang-modules-once -clang-build-session-file /Users/steipete/Library/Developer/Xcode/DerivedData/ModuleCache.noindex/Session.modulevalidation -package-name swift_http_types -Xcc -I/Users/steipete/Library/Developer/Xcode/DerivedData/CodeLooper-crrddjihwjtfkwegrjrymctnfixv/Build/Intermediates.noindex/swift-http-types.build/Debug/HTTPTypes.build/swift-overrides.hmap -emit-const-values -Xfrontend -const-gather-protocols-file -Xfrontend /Users/steipete/Library/Developer/Xcode/DerivedData/CodeLooper-crrddjihwjtfkwegrjrymctnfixv/Build/Intermediates.noindex/swift-http-types.build/Debug/HTTPTypes.build/Objects-normal/arm64/HTTPTypes_const_extract_protocols.json -Xcc -I/Users/steipete/Library/Developer/Xcode/DerivedData/CodeLooper-crrddjihwjtfkwegrjrymctnfixv/Build/Products/Debug/include -Xcc -I/Users/steipete/Library/Developer/Xcode/DerivedData/CodeLooper-crrddjihwjtfkwegrjrymctnfixv/Build/Intermediates.noindex/swift-http-types.build/Debug/HTTPTypes.build/DerivedSources-normal/arm64 -Xcc -I/Users/steipete/Library/Developer/Xcode/DerivedData/CodeLooper-crrddjihwjtfkwegrjrymctnfixv/Build/Intermediates.noindex/swift-http-types.build/Debug/HTTPTypes.build/DerivedSources/arm64 -Xcc -I/Users/steipete/Library/Developer/Xcode/DerivedData/CodeLooper-crrddjihwjtfkwegrjrymctnfixv/Build/Intermediates.noindex/swift-http-types.build/Debug/HTTPTypes.build/DerivedSources -Xcc -DSWIFT_PACKAGE -Xcc -DDEBUG\=1 -emit-objc-header -emit-objc-header-path /Users/steipete/Library/Developer/Xcode/DerivedData/CodeLooper-crrddjihwjtfkwegrjrymctnfixv/Build/Intermediates.noindex/swift-http-types.build/Debug/HTTPTypes.build/Objects-normal/arm64/HTTPTypes-Swift.h -working-directory /Users/steipete/Projects/CodeLooper -experimental-emit-module-separately -disable-cmo

SwiftDriver DesignSystem normal arm64 com.apple.xcode.tools.swift.compiler (in target 'DesignSystem' from project 'DesignSystem')
    cd /Users/steipete/Projects/CodeLooper
    builtin-SwiftDriver -- /Applications/Xcode-beta.app/Contents/Developer/Toolchains/XcodeDefault.xctoolchain/usr/bin/swiftc -module-name DesignSystem -Onone -enforce-exclusivity\=checked @/Users/steipete/Library/Developer/Xcode/DerivedData/CodeLooper-crrddjihwjtfkwegrjrymctnfixv/Build/Intermediates.noindex/DesignSystem.build/Debug/DesignSystem.build/Objects-normal/arm64/DesignSystem.SwiftFileList -DSWIFT_PACKAGE -DDEBUG -DSWIFT_MODULE_RESOURCE_BUNDLE_UNAVAILABLE -DXcode -enable-experimental-feature StrictConcurrency -plugin-path /Applications/Xcode-beta.app/Contents/Developer/Toolchains/XcodeDefault.xctoolchain/usr/lib/swift/host/plugins/testing -enable-experimental-feature DebugDescriptionMacro -sdk /Applications/Xcode-beta.app/Contents/Developer/Platforms/MacOSX.platform/Developer/SDKs/MacOSX26.0.sdk -target arm64-apple-macos14.0 -g -module-cache-path /Users/steipete/Library/Developer/Xcode/DerivedData/ModuleCache.noindex -Xfrontend -serialize-debugging-options -profile-coverage-mapping -profile-generate -enable-testing -index-store-path /Users/steipete/Library/Developer/Xcode/DerivedData/CodeLooper-crrddjihwjtfkwegrjrymctnfixv/Index.noindex/DataStore -swift-version 6 -I /Users/steipete/Library/Developer/Xcode/DerivedData/CodeLooper-crrddjihwjtfkwegrjrymctnfixv/Build/Products/Debug -I /Applications/Xcode-beta.app/Contents/Developer/Platforms/MacOSX.platform/Developer/usr/lib -F /Users/steipete/Library/Developer/Xcode/DerivedData/CodeLooper-crrddjihwjtfkwegrjrymctnfixv/Build/Products/Debug -F /Applications/Xcode-beta.app/Contents/Developer/Platforms/MacOSX.platform/Developer/Library/Frameworks -c -j16 -enable-batch-mode -incremental -Xcc -ivfsstatcache -Xcc /Users/steipete/Library/Developer/Xcode/DerivedData/SDKStatCaches.noindex/macosx26.0-25A5279m-5d9328ff1a6613a11d359de947506b52.sdkstatcache -output-file-map /Users/steipete/Library/Developer/Xcode/DerivedData/CodeLooper-crrddjihwjtfkwegrjrymctnfixv/Build/Intermediates.noindex/DesignSystem.build/Debug/DesignSystem.build/Objects-normal/arm64/DesignSystem-OutputFileMap.json -use-frontend-parseable-output -save-temps -no-color-diagnostics -explicit-module-build -module-cache-path /Users/steipete/Library/Developer/Xcode/DerivedData/CodeLooper-crrddjihwjtfkwegrjrymctnfixv/Build/Intermediates.noindex/SwiftExplicitPrecompiledModules -clang-scanner-module-cache-path /Users/steipete/Library/Developer/Xcode/DerivedData/ModuleCache.noindex -sdk-module-cache-path /Users/steipete/Library/Developer/Xcode/DerivedData/ModuleCache.noindex -serialize-diagnostics -emit-dependencies -emit-module -emit-module-path /Users/steipete/Library/Developer/Xcode/DerivedData/CodeLooper-crrddjihwjtfkwegrjrymctnfixv/Build/Intermediates.noindex/DesignSystem.build/Debug/DesignSystem.build/Objects-normal/arm64/DesignSystem.swiftmodule -validate-clang-modules-once -clang-build-session-file /Users/steipete/Library/Developer/Xcode/DerivedData/ModuleCache.noindex/Session.modulevalidation -package-name designsystem -Xcc -I/Users/steipete/Library/Developer/Xcode/DerivedData/CodeLooper-crrddjihwjtfkwegrjrymctnfixv/Build/Intermediates.noindex/DesignSystem.build/Debug/DesignSystem.build/swift-overrides.hmap -emit-const-values -Xfrontend -const-gather-protocols-file -Xfrontend /Users/steipete/Library/Developer/Xcode/DerivedData/CodeLooper-crrddjihwjtfkwegrjrymctnfixv/Build/Intermediates.noindex/DesignSystem.build/Debug/DesignSystem.build/Objects-normal/arm64/DesignSystem_const_extract_protocols.json -Xcc -I/Users/steipete/Library/Developer/Xcode/DerivedData/CodeLooper-crrddjihwjtfkwegrjrymctnfixv/Build/Products/Debug/include -Xcc -I/Users/steipete/Library/Developer/Xcode/DerivedData/CodeLooper-crrddjihwjtfkwegrjrymctnfixv/Build/Intermediates.noindex/DesignSystem.build/Debug/DesignSystem.build/DerivedSources-normal/arm64 -Xcc -I/Users/steipete/Library/Developer/Xcode/DerivedData/CodeLooper-crrddjihwjtfkwegrjrymctnfixv/Build/Intermediates.noindex/DesignSystem.build/Debug/DesignSystem.build/DerivedSources/arm64 -Xcc -I/Users/steipete/Library/Developer/Xcode/DerivedData/CodeLooper-crrddjihwjtfkwegrjrymctnfixv/Build/Intermediates.noindex/DesignSystem.build/Debug/DesignSystem.build/DerivedSources -Xcc -DSWIFT_PACKAGE -Xcc -DDEBUG\=1 -emit-objc-header -emit-objc-header-path /Users/steipete/Library/Developer/Xcode/DerivedData/CodeLooper-crrddjihwjtfkwegrjrymctnfixv/Build/Intermediates.noindex/DesignSystem.build/Debug/DesignSystem.build/Objects-normal/arm64/DesignSystem-Swift.h -working-directory /Users/steipete/Projects/CodeLooper -experimental-emit-module-separately -disable-cmo

SwiftDriver Demark normal arm64 com.apple.xcode.tools.swift.compiler (in target 'Demark' from project 'Demark')
    cd /Users/steipete/Projects/CodeLooper
    builtin-SwiftDriver -- /Applications/Xcode-beta.app/Contents/Developer/Toolchains/XcodeDefault.xctoolchain/usr/bin/swiftc -module-name Demark -Onone -enforce-exclusivity\=checked @/Users/steipete/Library/Developer/Xcode/DerivedData/CodeLooper-crrddjihwjtfkwegrjrymctnfixv/Build/Intermediates.noindex/Demark.build/Debug/Demark.build/Objects-normal/arm64/Demark.SwiftFileList -DSWIFT_PACKAGE -DDEBUG -DSWIFT_MODULE_RESOURCE_BUNDLE_AVAILABLE -DXcode -enable-experimental-feature StrictConcurrency -plugin-path /Applications/Xcode-beta.app/Contents/Developer/Toolchains/XcodeDefault.xctoolchain/usr/lib/swift/host/plugins/testing -enable-experimental-feature DebugDescriptionMacro -sdk /Applications/Xcode-beta.app/Contents/Developer/Platforms/MacOSX.platform/Developer/SDKs/MacOSX26.0.sdk -target arm64-apple-macos14.0 -g -module-cache-path /Users/steipete/Library/Developer/Xcode/DerivedData/ModuleCache.noindex -Xfrontend -serialize-debugging-options -profile-coverage-mapping -profile-generate -enable-testing -suppress-warnings -index-store-path /Users/steipete/Library/Developer/Xcode/DerivedData/CodeLooper-crrddjihwjtfkwegrjrymctnfixv/Index.noindex/DataStore -swift-version 6 -I /Users/steipete/Library/Developer/Xcode/DerivedData/CodeLooper-crrddjihwjtfkwegrjrymctnfixv/Build/Products/Debug -I /Applications/Xcode-beta.app/Contents/Developer/Platforms/MacOSX.platform/Developer/usr/lib -F /Users/steipete/Library/Developer/Xcode/DerivedData/CodeLooper-crrddjihwjtfkwegrjrymctnfixv/Build/Products/Debug -F /Applications/Xcode-beta.app/Contents/Developer/Platforms/MacOSX.platform/Developer/Library/Frameworks -c -j16 -enable-batch-mode -incremental -Xcc -ivfsstatcache -Xcc /Users/steipete/Library/Developer/Xcode/DerivedData/SDKStatCaches.noindex/macosx26.0-25A5279m-5d9328ff1a6613a11d359de947506b52.sdkstatcache -output-file-map /Users/steipete/Library/Developer/Xcode/DerivedData/CodeLooper-crrddjihwjtfkwegrjrymctnfixv/Build/Intermediates.noindex/Demark.build/Debug/Demark.build/Objects-normal/arm64/Demark-OutputFileMap.json -use-frontend-parseable-output -save-temps -no-color-diagnostics -explicit-module-build -module-cache-path /Users/steipete/Library/Developer/Xcode/DerivedData/CodeLooper-crrddjihwjtfkwegrjrymctnfixv/Build/Intermediates.noindex/SwiftExplicitPrecompiledModules -clang-scanner-module-cache-path /Users/steipete/Library/Developer/Xcode/DerivedData/ModuleCache.noindex -sdk-module-cache-path /Users/steipete/Library/Developer/Xcode/DerivedData/ModuleCache.noindex -serialize-diagnostics -emit-dependencies -emit-module -emit-module-path /Users/steipete/Library/Developer/Xcode/DerivedData/CodeLooper-crrddjihwjtfkwegrjrymctnfixv/Build/Intermediates.noindex/Demark.build/Debug/Demark.build/Objects-normal/arm64/Demark.swiftmodule -user-module-version 1.0.0 -validate-clang-modules-once -clang-build-session-file /Users/steipete/Library/Developer/Xcode/DerivedData/ModuleCache.noindex/Session.modulevalidation -package-name demark -Xcc -I/Users/steipete/Library/Developer/Xcode/DerivedData/CodeLooper-crrddjihwjtfkwegrjrymctnfixv/Build/Intermediates.noindex/Demark.build/Debug/Demark.build/swift-overrides.hmap -emit-const-values -Xfrontend -const-gather-protocols-file -Xfrontend /Users/steipete/Library/Developer/Xcode/DerivedData/CodeLooper-crrddjihwjtfkwegrjrymctnfixv/Build/Intermediates.noindex/Demark.build/Debug/Demark.build/Objects-normal/arm64/Demark_const_extract_protocols.json -Xcc -I/Users/steipete/Library/Developer/Xcode/DerivedData/CodeLooper-crrddjihwjtfkwegrjrymctnfixv/Build/Products/Debug/include -Xcc -I/Users/steipete/Library/Developer/Xcode/DerivedData/CodeLooper-crrddjihwjtfkwegrjrymctnfixv/Build/Intermediates.noindex/Demark.build/Debug/Demark.build/DerivedSources-normal/arm64 -Xcc -I/Users/steipete/Library/Developer/Xcode/DerivedData/CodeLooper-crrddjihwjtfkwegrjrymctnfixv/Build/Intermediates.noindex/Demark.build/Debug/Demark.build/DerivedSources/arm64 -Xcc -I/Users/steipete/Library/Developer/Xcode/DerivedData/CodeLooper-crrddjihwjtfkwegrjrymctnfixv/Build/Intermediates.noindex/Demark.build/Debug/Demark.build/DerivedSources -Xcc -DSWIFT_PACKAGE -Xcc -DDEBUG\=1 -emit-objc-header -emit-objc-header-path /Users/steipete/Library/Developer/Xcode/DerivedData/CodeLooper-crrddjihwjtfkwegrjrymctnfixv/Build/Intermediates.noindex/Demark.build/Debug/Demark.build/Objects-normal/arm64/Demark-Swift.h -working-directory /Users/steipete/Projects/CodeLooper -experimental-emit-module-separately -disable-cmo

SwiftDriver Defaults normal arm64 com.apple.xcode.tools.swift.compiler (in target 'Defaults' from project 'Defaults')
    cd /Users/steipete/Projects/CodeLooper
    builtin-SwiftDriver -- /Applications/Xcode-beta.app/Contents/Developer/Toolchains/XcodeDefault.xctoolchain/usr/bin/swiftc -module-name Defaults -Onone -enforce-exclusivity\=checked @/Users/steipete/Library/Developer/Xcode/DerivedData/CodeLooper-crrddjihwjtfkwegrjrymctnfixv/Build/Intermediates.noindex/Defaults.build/Debug/Defaults.build/Objects-normal/arm64/Defaults.SwiftFileList -DSWIFT_PACKAGE -DDEBUG -DSWIFT_MODULE_RESOURCE_BUNDLE_AVAILABLE -DXcode -plugin-path /Applications/Xcode-beta.app/Contents/Developer/Toolchains/XcodeDefault.xctoolchain/usr/lib/swift/host/plugins/testing -enable-experimental-feature DebugDescriptionMacro -sdk /Applications/Xcode-beta.app/Contents/Developer/Platforms/MacOSX.platform/Developer/SDKs/MacOSX26.0.sdk -target arm64-apple-macos11.0 -g -module-cache-path /Users/steipete/Library/Developer/Xcode/DerivedData/ModuleCache.noindex -Xfrontend -serialize-debugging-options -profile-coverage-mapping -profile-generate -enable-testing -suppress-warnings -index-store-path /Users/steipete/Library/Developer/Xcode/DerivedData/CodeLooper-crrddjihwjtfkwegrjrymctnfixv/Index.noindex/DataStore -swift-version 5 -I /Users/steipete/Library/Developer/Xcode/DerivedData/CodeLooper-crrddjihwjtfkwegrjrymctnfixv/Build/Products/Debug -I /Applications/Xcode-beta.app/Contents/Developer/Platforms/MacOSX.platform/Developer/usr/lib -F /Users/steipete/Library/Developer/Xcode/DerivedData/CodeLooper-crrddjihwjtfkwegrjrymctnfixv/Build/Products/Debug -F /Applications/Xcode-beta.app/Contents/Developer/Platforms/MacOSX.platform/Developer/Library/Frameworks -c -j16 -enable-batch-mode -incremental -Xcc -ivfsstatcache -Xcc /Users/steipete/Library/Developer/Xcode/DerivedData/SDKStatCaches.noindex/macosx26.0-25A5279m-5d9328ff1a6613a11d359de947506b52.sdkstatcache -output-file-map /Users/steipete/Library/Developer/Xcode/DerivedData/CodeLooper-crrddjihwjtfkwegrjrymctnfixv/Build/Intermediates.noindex/Defaults.build/Debug/Defaults.build/Objects-normal/arm64/Defaults-OutputFileMap.json -use-frontend-parseable-output -save-temps -no-color-diagnostics -explicit-module-build -module-cache-path /Users/steipete/Library/Developer/Xcode/DerivedData/CodeLooper-crrddjihwjtfkwegrjrymctnfixv/Build/Intermediates.noindex/SwiftExplicitPrecompiledModules -clang-scanner-module-cache-path /Users/steipete/Library/Developer/Xcode/DerivedData/ModuleCache.noindex -sdk-module-cache-path /Users/steipete/Library/Developer/Xcode/DerivedData/ModuleCache.noindex -serialize-diagnostics -emit-dependencies -emit-module -emit-module-path /Users/steipete/Library/Developer/Xcode/DerivedData/CodeLooper-crrddjihwjtfkwegrjrymctnfixv/Build/Intermediates.noindex/Defaults.build/Debug/Defaults.build/Objects-normal/arm64/Defaults.swiftmodule -validate-clang-modules-once -clang-build-session-file /Users/steipete/Library/Developer/Xcode/DerivedData/ModuleCache.noindex/Session.modulevalidation -package-name defaults -Xcc -I/Users/steipete/Library/Developer/Xcode/DerivedData/CodeLooper-crrddjihwjtfkwegrjrymctnfixv/Build/Intermediates.noindex/Defaults.build/Debug/Defaults.build/swift-overrides.hmap -emit-const-values -Xfrontend -const-gather-protocols-file -Xfrontend /Users/steipete/Library/Developer/Xcode/DerivedData/CodeLooper-crrddjihwjtfkwegrjrymctnfixv/Build/Intermediates.noindex/Defaults.build/Debug/Defaults.build/Objects-normal/arm64/Defaults_const_extract_protocols.json -Xcc -I/Users/steipete/Library/Developer/Xcode/DerivedData/CodeLooper-crrddjihwjtfkwegrjrymctnfixv/Build/Products/Debug/include -Xcc -I/Users/steipete/Library/Developer/Xcode/DerivedData/CodeLooper-crrddjihwjtfkwegrjrymctnfixv/Build/Intermediates.noindex/Defaults.build/Debug/Defaults.build/DerivedSources-normal/arm64 -Xcc -I/Users/steipete/Library/Developer/Xcode/DerivedData/CodeLooper-crrddjihwjtfkwegrjrymctnfixv/Build/Intermediates.noindex/Defaults.build/Debug/Defaults.build/DerivedSources/arm64 -Xcc -I/Users/steipete/Library/Developer/Xcode/DerivedData/CodeLooper-crrddjihwjtfkwegrjrymctnfixv/Build/Intermediates.noindex/Defaults.build/Debug/Defaults.build/DerivedSources -Xcc -DSWIFT_PACKAGE -Xcc -DDEBUG\=1 -emit-objc-header -emit-objc-header-path /Users/steipete/Library/Developer/Xcode/DerivedData/CodeLooper-crrddjihwjtfkwegrjrymctnfixv/Build/Intermediates.noindex/Defaults.build/Debug/Defaults.build/Objects-normal/arm64/Defaults-Swift.h -working-directory /Users/steipete/Projects/CodeLooper -experimental-emit-module-separately -disable-cmo

SwiftDriver CoreMetrics normal arm64 com.apple.xcode.tools.swift.compiler (in target 'CoreMetrics' from project 'swift-metrics')
    cd /Users/steipete/Projects/CodeLooper
    builtin-SwiftDriver -- /Applications/Xcode-beta.app/Contents/Developer/Toolchains/XcodeDefault.xctoolchain/usr/bin/swiftc -module-name CoreMetrics -Onone -enforce-exclusivity\=checked @/Users/steipete/Library/Developer/Xcode/DerivedData/CodeLooper-crrddjihwjtfkwegrjrymctnfixv/Build/Intermediates.noindex/swift-metrics.build/Debug/CoreMetrics.build/Objects-normal/arm64/CoreMetrics.SwiftFileList -DSWIFT_PACKAGE -DDEBUG -DSWIFT_MODULE_RESOURCE_BUNDLE_UNAVAILABLE -DXcode -enable-experimental-feature StrictConcurrency\=complete -enable-upcoming-feature MemberImportVisibility -plugin-path /Applications/Xcode-beta.app/Contents/Developer/Toolchains/XcodeDefault.xctoolchain/usr/lib/swift/host/plugins/testing -enable-experimental-feature DebugDescriptionMacro -sdk /Applications/Xcode-beta.app/Contents/Developer/Platforms/MacOSX.platform/Developer/SDKs/MacOSX26.0.sdk -target arm64-apple-macos10.13 -g -module-cache-path /Users/steipete/Library/Developer/Xcode/DerivedData/ModuleCache.noindex -Xfrontend -serialize-debugging-options -profile-coverage-mapping -profile-generate -enable-testing -suppress-warnings -index-store-path /Users/steipete/Library/Developer/Xcode/DerivedData/CodeLooper-crrddjihwjtfkwegrjrymctnfixv/Index.noindex/DataStore -swift-version 5 -I /Users/steipete/Library/Developer/Xcode/DerivedData/CodeLooper-crrddjihwjtfkwegrjrymctnfixv/Build/Products/Debug -I /Applications/Xcode-beta.app/Contents/Developer/Platforms/MacOSX.platform/Developer/usr/lib -F /Users/steipete/Library/Developer/Xcode/DerivedData/CodeLooper-crrddjihwjtfkwegrjrymctnfixv/Build/Products/Debug -F /Applications/Xcode-beta.app/Contents/Developer/Platforms/MacOSX.platform/Developer/Library/Frameworks -c -j16 -enable-batch-mode -incremental -Xcc -ivfsstatcache -Xcc /Users/steipete/Library/Developer/Xcode/DerivedData/SDKStatCaches.noindex/macosx26.0-25A5279m-5d9328ff1a6613a11d359de947506b52.sdkstatcache -output-file-map /Users/steipete/Library/Developer/Xcode/DerivedData/CodeLooper-crrddjihwjtfkwegrjrymctnfixv/Build/Intermediates.noindex/swift-metrics.build/Debug/CoreMetrics.build/Objects-normal/arm64/CoreMetrics-OutputFileMap.json -use-frontend-parseable-output -save-temps -no-color-diagnostics -explicit-module-build -module-cache-path /Users/steipete/Library/Developer/Xcode/DerivedData/CodeLooper-crrddjihwjtfkwegrjrymctnfixv/Build/Intermediates.noindex/SwiftExplicitPrecompiledModules -clang-scanner-module-cache-path /Users/steipete/Library/Developer/Xcode/DerivedData/ModuleCache.noindex -sdk-module-cache-path /Users/steipete/Library/Developer/Xcode/DerivedData/ModuleCache.noindex -serialize-diagnostics -emit-dependencies -emit-module -emit-module-path /Users/steipete/Library/Developer/Xcode/DerivedData/CodeLooper-crrddjihwjtfkwegrjrymctnfixv/Build/Intermediates.noindex/swift-metrics.build/Debug/CoreMetrics.build/Objects-normal/arm64/CoreMetrics.swiftmodule -validate-clang-modules-once -clang-build-session-file /Users/steipete/Library/Developer/Xcode/DerivedData/ModuleCache.noindex/Session.modulevalidation -package-name swift_metrics -Xcc -I/Users/steipete/Library/Developer/Xcode/DerivedData/CodeLooper-crrddjihwjtfkwegrjrymctnfixv/Build/Intermediates.noindex/swift-metrics.build/Debug/CoreMetrics.build/swift-overrides.hmap -emit-const-values -Xfrontend -const-gather-protocols-file -Xfrontend /Users/steipete/Library/Developer/Xcode/DerivedData/CodeLooper-crrddjihwjtfkwegrjrymctnfixv/Build/Intermediates.noindex/swift-metrics.build/Debug/CoreMetrics.build/Objects-normal/arm64/CoreMetrics_const_extract_protocols.json -Xcc -I/Users/steipete/Library/Developer/Xcode/DerivedData/CodeLooper-crrddjihwjtfkwegrjrymctnfixv/Build/Products/Debug/include -Xcc -I/Users/steipete/Library/Developer/Xcode/DerivedData/CodeLooper-crrddjihwjtfkwegrjrymctnfixv/Build/Intermediates.noindex/swift-metrics.build/Debug/CoreMetrics.build/DerivedSources-normal/arm64 -Xcc -I/Users/steipete/Library/Developer/Xcode/DerivedData/CodeLooper-crrddjihwjtfkwegrjrymctnfixv/Build/Intermediates.noindex/swift-metrics.build/Debug/CoreMetrics.build/DerivedSources/arm64 -Xcc -I/Users/steipete/Library/Developer/Xcode/DerivedData/CodeLooper-crrddjihwjtfkwegrjrymctnfixv/Build/Intermediates.noindex/swift-metrics.build/Debug/CoreMetrics.build/DerivedSources -Xcc -DSWIFT_PACKAGE -Xcc -DDEBUG\=1 -emit-objc-header -emit-objc-header-path /Users/steipete/Library/Developer/Xcode/DerivedData/CodeLooper-crrddjihwjtfkwegrjrymctnfixv/Build/Intermediates.noindex/swift-metrics.build/Debug/CoreMetrics.build/Objects-normal/arm64/CoreMetrics-Swift.h -working-directory /Users/steipete/Projects/CodeLooper -experimental-emit-module-separately -disable-cmo

SwiftDriver ConcurrencyHelpers normal arm64 com.apple.xcode.tools.swift.compiler (in target 'ConcurrencyHelpers' from project 'swift-service-lifecycle')
    cd /Users/steipete/Projects/CodeLooper
    builtin-SwiftDriver -- /Applications/Xcode-beta.app/Contents/Developer/Toolchains/XcodeDefault.xctoolchain/usr/bin/swiftc -module-name ConcurrencyHelpers -Onone -enforce-exclusivity\=checked @/Users/steipete/Library/Developer/Xcode/DerivedData/CodeLooper-crrddjihwjtfkwegrjrymctnfixv/Build/Intermediates.noindex/swift-service-lifecycle.build/Debug/ConcurrencyHelpers.build/Objects-normal/arm64/ConcurrencyHelpers.SwiftFileList -DSWIFT_PACKAGE -DDEBUG -DSWIFT_MODULE_RESOURCE_BUNDLE_UNAVAILABLE -DXcode -plugin-path /Applications/Xcode-beta.app/Contents/Developer/Toolchains/XcodeDefault.xctoolchain/usr/lib/swift/host/plugins/testing -enable-experimental-feature DebugDescriptionMacro -sdk /Applications/Xcode-beta.app/Contents/Developer/Platforms/MacOSX.platform/Developer/SDKs/MacOSX26.0.sdk -target arm64-apple-macos10.13 -g -module-cache-path /Users/steipete/Library/Developer/Xcode/DerivedData/ModuleCache.noindex -Xfrontend -serialize-debugging-options -profile-coverage-mapping -profile-generate -enable-testing -suppress-warnings -index-store-path /Users/steipete/Library/Developer/Xcode/DerivedData/CodeLooper-crrddjihwjtfkwegrjrymctnfixv/Index.noindex/DataStore -swift-version 5 -I /Users/steipete/Library/Developer/Xcode/DerivedData/CodeLooper-crrddjihwjtfkwegrjrymctnfixv/Build/Products/Debug -I /Applications/Xcode-beta.app/Contents/Developer/Platforms/MacOSX.platform/Developer/usr/lib -F /Users/steipete/Library/Developer/Xcode/DerivedData/CodeLooper-crrddjihwjtfkwegrjrymctnfixv/Build/Products/Debug -F /Applications/Xcode-beta.app/Contents/Developer/Platforms/MacOSX.platform/Developer/Library/Frameworks -c -j16 -enable-batch-mode -incremental -Xcc -ivfsstatcache -Xcc /Users/steipete/Library/Developer/Xcode/DerivedData/SDKStatCaches.noindex/macosx26.0-25A5279m-5d9328ff1a6613a11d359de947506b52.sdkstatcache -output-file-map /Users/steipete/Library/Developer/Xcode/DerivedData/CodeLooper-crrddjihwjtfkwegrjrymctnfixv/Build/Intermediates.noindex/swift-service-lifecycle.build/Debug/ConcurrencyHelpers.build/Objects-normal/arm64/ConcurrencyHelpers-OutputFileMap.json -use-frontend-parseable-output -save-temps -no-color-diagnostics -explicit-module-build -module-cache-path /Users/steipete/Library/Developer/Xcode/DerivedData/CodeLooper-crrddjihwjtfkwegrjrymctnfixv/Build/Intermediates.noindex/SwiftExplicitPrecompiledModules -clang-scanner-module-cache-path /Users/steipete/Library/Developer/Xcode/DerivedData/ModuleCache.noindex -sdk-module-cache-path /Users/steipete/Library/Developer/Xcode/DerivedData/ModuleCache.noindex -serialize-diagnostics -emit-dependencies -emit-module -emit-module-path /Users/steipete/Library/Developer/Xcode/DerivedData/CodeLooper-crrddjihwjtfkwegrjrymctnfixv/Build/Intermediates.noindex/swift-service-lifecycle.build/Debug/ConcurrencyHelpers.build/Objects-normal/arm64/ConcurrencyHelpers.swiftmodule -validate-clang-modules-once -clang-build-session-file /Users/steipete/Library/Developer/Xcode/DerivedData/ModuleCache.noindex/Session.modulevalidation -Xcc -I/Users/steipete/Library/Developer/Xcode/DerivedData/CodeLooper-crrddjihwjtfkwegrjrymctnfixv/Build/Intermediates.noindex/swift-service-lifecycle.build/Debug/ConcurrencyHelpers.build/swift-overrides.hmap -emit-const-values -Xfrontend -const-gather-protocols-file -Xfrontend /Users/steipete/Library/Developer/Xcode/DerivedData/CodeLooper-crrddjihwjtfkwegrjrymctnfixv/Build/Intermediates.noindex/swift-service-lifecycle.build/Debug/ConcurrencyHelpers.build/Objects-normal/arm64/ConcurrencyHelpers_const_extract_protocols.json -Xcc -I/Users/steipete/Library/Developer/Xcode/DerivedData/CodeLooper-crrddjihwjtfkwegrjrymctnfixv/Build/Products/Debug/include -Xcc -I/Users/steipete/Library/Developer/Xcode/DerivedData/CodeLooper-crrddjihwjtfkwegrjrymctnfixv/Build/Intermediates.noindex/swift-service-lifecycle.build/Debug/ConcurrencyHelpers.build/DerivedSources-normal/arm64 -Xcc -I/Users/steipete/Library/Developer/Xcode/DerivedData/CodeLooper-crrddjihwjtfkwegrjrymctnfixv/Build/Intermediates.noindex/swift-service-lifecycle.build/Debug/ConcurrencyHelpers.build/DerivedSources/arm64 -Xcc -I/Users/steipete/Library/Developer/Xcode/DerivedData/CodeLooper-crrddjihwjtfkwegrjrymctnfixv/Build/Intermediates.noindex/swift-service-lifecycle.build/Debug/ConcurrencyHelpers.build/DerivedSources -Xcc -DSWIFT_PACKAGE -Xcc -DDEBUG\=1 -emit-objc-header -emit-objc-header-path /Users/steipete/Library/Developer/Xcode/DerivedData/CodeLooper-crrddjihwjtfkwegrjrymctnfixv/Build/Intermediates.noindex/swift-service-lifecycle.build/Debug/ConcurrencyHelpers.build/Objects-normal/arm64/ConcurrencyHelpers-Swift.h -working-directory /Users/steipete/Projects/CodeLooper -experimental-emit-module-separately -disable-cmo

SwiftEmitModule normal arm64 Emitting\ module\ for\ _NIOBase64 (in target '_NIOBase64' from project 'swift-nio')

SwiftCompile normal arm64 /Users/steipete/Library/Developer/Xcode/DerivedData/CodeLooper-crrddjihwjtfkwegrjrymctnfixv/SourcePackages/checkouts/swift-nio/Sources/_NIOBase64/Base64.swift (in target '_NIOBase64' from project 'swift-nio')
    cd /Users/steipete/Projects/CodeLooper
    

SwiftEmitModule normal arm64 Emitting\ module\ for\ ServiceContextModule (in target 'ServiceContextModule' from project 'swift-service-context')

EmitSwiftModule normal arm64 (in target 'ServiceContextModule' from project 'swift-service-context')
    cd /Users/steipete/Projects/CodeLooper
    

SwiftDriverJobDiscovery normal arm64 Emitting module for _NIOBase64 (in target '_NIOBase64' from project 'swift-nio')

SwiftDriver\ Compilation\ Requirements _NIOBase64 normal arm64 com.apple.xcode.tools.swift.compiler (in target '_NIOBase64' from project 'swift-nio')
    cd /Users/steipete/Projects/CodeLooper
    builtin-Swift-Compilation-Requirements -- /Applications/Xcode-beta.app/Contents/Developer/Toolchains/XcodeDefault.xctoolchain/usr/bin/swiftc -module-name _NIOBase64 -Onone -enforce-exclusivity\=checked @/Users/steipete/Library/Developer/Xcode/DerivedData/CodeLooper-crrddjihwjtfkwegrjrymctnfixv/Build/Intermediates.noindex/swift-nio.build/Debug/_NIOBase64.build/Objects-normal/arm64/_NIOBase64.SwiftFileList -DSWIFT_PACKAGE -DDEBUG -DSWIFT_MODULE_RESOURCE_BUNDLE_UNAVAILABLE -DXcode -enable-upcoming-feature StrictConcurrency -enable-upcoming-feature InferSendableFromCaptures -enable-upcoming-feature MemberImportVisibility -plugin-path /Applications/Xcode-beta.app/Contents/Developer/Toolchains/XcodeDefault.xctoolchain/usr/lib/swift/host/plugins/testing -enable-experimental-feature DebugDescriptionMacro -sdk /Applications/Xcode-beta.app/Contents/Developer/Platforms/MacOSX.platform/Developer/SDKs/MacOSX26.0.sdk -target arm64-apple-macos10.13 -g -module-cache-path /Users/steipete/Library/Developer/Xcode/DerivedData/ModuleCache.noindex -Xfrontend -serialize-debugging-options -profile-coverage-mapping -profile-generate -enable-testing -suppress-warnings -index-store-path /Users/steipete/Library/Developer/Xcode/DerivedData/CodeLooper-crrddjihwjtfkwegrjrymctnfixv/Index.noindex/DataStore -swift-version 5 -I /Users/steipete/Library/Developer/Xcode/DerivedData/CodeLooper-crrddjihwjtfkwegrjrymctnfixv/Build/Products/Debug -I /Applications/Xcode-beta.app/Contents/Developer/Platforms/MacOSX.platform/Developer/usr/lib -F /Users/steipete/Library/Developer/Xcode/DerivedData/CodeLooper-crrddjihwjtfkwegrjrymctnfixv/Build/Products/Debug -F /Applications/Xcode-beta.app/Contents/Developer/Platforms/MacOSX.platform/Developer/Library/Frameworks -parse-as-library -c -j16 -enable-batch-mode -incremental -Xcc -ivfsstatcache -Xcc /Users/steipete/Library/Developer/Xcode/DerivedData/SDKStatCaches.noindex/macosx26.0-25A5279m-5d9328ff1a6613a11d359de947506b52.sdkstatcache -output-file-map /Users/steipete/Library/Developer/Xcode/DerivedData/CodeLooper-crrddjihwjtfkwegrjrymctnfixv/Build/Intermediates.noindex/swift-nio.build/Debug/_NIOBase64.build/Objects-normal/arm64/_NIOBase64-OutputFileMap.json -use-frontend-parseable-output -save-temps -no-color-diagnostics -explicit-module-build -module-cache-path /Users/steipete/Library/Developer/Xcode/DerivedData/CodeLooper-crrddjihwjtfkwegrjrymctnfixv/Build/Intermediates.noindex/SwiftExplicitPrecompiledModules -clang-scanner-module-cache-path /Users/steipete/Library/Developer/Xcode/DerivedData/ModuleCache.noindex -sdk-module-cache-path /Users/steipete/Library/Developer/Xcode/DerivedData/ModuleCache.noindex -serialize-diagnostics -emit-dependencies -emit-module -emit-module-path /Users/steipete/Library/Developer/Xcode/DerivedData/CodeLooper-crrddjihwjtfkwegrjrymctnfixv/Build/Intermediates.noindex/swift-nio.build/Debug/_NIOBase64.build/Objects-normal/arm64/_NIOBase64.swiftmodule -validate-clang-modules-once -clang-build-session-file /Users/steipete/Library/Developer/Xcode/DerivedData/ModuleCache.noindex/Session.modulevalidation -package-name swift_nio -Xcc -I/Users/steipete/Library/Developer/Xcode/DerivedData/CodeLooper-crrddjihwjtfkwegrjrymctnfixv/Build/Intermediates.noindex/swift-nio.build/Debug/_NIOBase64.build/swift-overrides.hmap -emit-const-values -Xfrontend -const-gather-protocols-file -Xfrontend /Users/steipete/Library/Developer/Xcode/DerivedData/CodeLooper-crrddjihwjtfkwegrjrymctnfixv/Build/Intermediates.noindex/swift-nio.build/Debug/_NIOBase64.build/Objects-normal/arm64/_NIOBase64_const_extract_protocols.json -Xcc -I/Users/steipete/Library/Developer/Xcode/DerivedData/CodeLooper-crrddjihwjtfkwegrjrymctnfixv/Build/Products/Debug/include -Xcc -I/Users/steipete/Library/Developer/Xcode/DerivedData/CodeLooper-crrddjihwjtfkwegrjrymctnfixv/Build/Intermediates.noindex/swift-nio.build/Debug/_NIOBase64.build/DerivedSources-normal/arm64 -Xcc -I/Users/steipete/Library/Developer/Xcode/DerivedData/CodeLooper-crrddjihwjtfkwegrjrymctnfixv/Build/Intermediates.noindex/swift-nio.build/Debug/_NIOBase64.build/DerivedSources/arm64 -Xcc -I/Users/steipete/Library/Developer/Xcode/DerivedData/CodeLooper-crrddjihwjtfkwegrjrymctnfixv/Build/Intermediates.noindex/swift-nio.build/Debug/_NIOBase64.build/DerivedSources -Xcc -DSWIFT_PACKAGE -Xcc -DDEBUG\=1 -emit-objc-header -emit-objc-header-path /Users/steipete/Library/Developer/Xcode/DerivedData/CodeLooper-crrddjihwjtfkwegrjrymctnfixv/Build/Intermediates.noindex/swift-nio.build/Debug/_NIOBase64.build/Objects-normal/arm64/_NIOBase64-Swift.h -working-directory /Users/steipete/Projects/CodeLooper -experimental-emit-module-separately -disable-cmo

SwiftEmitModule normal arm64 Emitting\ module\ for\ _NIODataStructures (in target '_NIODataStructures' from project 'swift-nio')

EmitSwiftModule normal arm64 (in target '_NIODataStructures' from project 'swift-nio')
    cd /Users/steipete/Projects/CodeLooper
    

SwiftMergeGeneratedHeaders /Users/steipete/Library/Developer/Xcode/DerivedData/CodeLooper-crrddjihwjtfkwegrjrymctnfixv/Build/Intermediates.noindex/GeneratedModuleMaps/_NIOBase64-Swift.h /Users/steipete/Library/Developer/Xcode/DerivedData/CodeLooper-crrddjihwjtfkwegrjrymctnfixv/Build/Intermediates.noindex/swift-nio.build/Debug/_NIOBase64.build/Objects-normal/arm64/_NIOBase64-Swift.h (in target '_NIOBase64' from project 'swift-nio')
    cd /Users/steipete/Library/Developer/Xcode/DerivedData/CodeLooper-crrddjihwjtfkwegrjrymctnfixv/SourcePackages/checkouts/swift-nio
    builtin-swiftHeaderTool -arch arm64 /Users/steipete/Library/Developer/Xcode/DerivedData/CodeLooper-crrddjihwjtfkwegrjrymctnfixv/Build/Intermediates.noindex/swift-nio.build/Debug/_NIOBase64.build/Objects-normal/arm64/_NIOBase64-Swift.h -o /Users/steipete/Library/Developer/Xcode/DerivedData/CodeLooper-crrddjihwjtfkwegrjrymctnfixv/Build/Intermediates.noindex/GeneratedModuleMaps/_NIOBase64-Swift.h

Copy /Users/steipete/Library/Developer/Xcode/DerivedData/CodeLooper-crrddjihwjtfkwegrjrymctnfixv/Build/Products/Debug/_NIOBase64.swiftmodule/arm64-apple-macos.swiftmodule /Users/steipete/Library/Developer/Xcode/DerivedData/CodeLooper-crrddjihwjtfkwegrjrymctnfixv/Build/Intermediates.noindex/swift-nio.build/Debug/_NIOBase64.build/Objects-normal/arm64/_NIOBase64.swiftmodule (in target '_NIOBase64' from project 'swift-nio')
    cd /Users/steipete/Library/Developer/Xcode/DerivedData/CodeLooper-crrddjihwjtfkwegrjrymctnfixv/SourcePackages/checkouts/swift-nio
    builtin-copy -exclude .DS_Store -exclude CVS -exclude .svn -exclude .git -exclude .hg -resolve-src-symlinks -rename /Users/steipete/Library/Developer/Xcode/DerivedData/CodeLooper-crrddjihwjtfkwegrjrymctnfixv/Build/Intermediates.noindex/swift-nio.build/Debug/_NIOBase64.build/Objects-normal/arm64/_NIOBase64.swiftmodule /Users/steipete/Library/Developer/Xcode/DerivedData/CodeLooper-crrddjihwjtfkwegrjrymctnfixv/Build/Products/Debug/_NIOBase64.swiftmodule/arm64-apple-macos.swiftmodule

Copy /Users/steipete/Library/Developer/Xcode/DerivedData/CodeLooper-crrddjihwjtfkwegrjrymctnfixv/Build/Products/Debug/_NIOBase64.swiftmodule/arm64-apple-macos.swiftdoc /Users/steipete/Library/Developer/Xcode/DerivedData/CodeLooper-crrddjihwjtfkwegrjrymctnfixv/Build/Intermediates.noindex/swift-nio.build/Debug/_NIOBase64.build/Objects-normal/arm64/_NIOBase64.swiftdoc (in target '_NIOBase64' from project 'swift-nio')
    cd /Users/steipete/Library/Developer/Xcode/DerivedData/CodeLooper-crrddjihwjtfkwegrjrymctnfixv/SourcePackages/checkouts/swift-nio
    builtin-copy -exclude .DS_Store -exclude CVS -exclude .svn -exclude .git -exclude .hg -resolve-src-symlinks -rename /Users/steipete/Library/Developer/Xcode/DerivedData/CodeLooper-crrddjihwjtfkwegrjrymctnfixv/Build/Intermediates.noindex/swift-nio.build/Debug/_NIOBase64.build/Objects-normal/arm64/_NIOBase64.swiftdoc /Users/steipete/Library/Developer/Xcode/DerivedData/CodeLooper-crrddjihwjtfkwegrjrymctnfixv/Build/Products/Debug/_NIOBase64.swiftmodule/arm64-apple-macos.swiftdoc

Copy /Users/steipete/Library/Developer/Xcode/DerivedData/CodeLooper-crrddjihwjtfkwegrjrymctnfixv/Build/Products/Debug/_NIOBase64.swiftmodule/arm64-apple-macos.abi.json /Users/steipete/Library/Developer/Xcode/DerivedData/CodeLooper-crrddjihwjtfkwegrjrymctnfixv/Build/Intermediates.noindex/swift-nio.build/Debug/_NIOBase64.build/Objects-normal/arm64/_NIOBase64.abi.json (in target '_NIOBase64' from project 'swift-nio')
    cd /Users/steipete/Library/Developer/Xcode/DerivedData/CodeLooper-crrddjihwjtfkwegrjrymctnfixv/SourcePackages/checkouts/swift-nio
    builtin-copy -exclude .DS_Store -exclude CVS -exclude .svn -exclude .git -exclude .hg -resolve-src-symlinks -rename /Users/steipete/Library/Developer/Xcode/DerivedData/CodeLooper-crrddjihwjtfkwegrjrymctnfixv/Build/Intermediates.noindex/swift-nio.build/Debug/_NIOBase64.build/Objects-normal/arm64/_NIOBase64.abi.json /Users/steipete/Library/Developer/Xcode/DerivedData/CodeLooper-crrddjihwjtfkwegrjrymctnfixv/Build/Products/Debug/_NIOBase64.swiftmodule/arm64-apple-macos.abi.json

Copy /Users/steipete/Library/Developer/Xcode/DerivedData/CodeLooper-crrddjihwjtfkwegrjrymctnfixv/Build/Products/Debug/_NIOBase64.swiftmodule/Project/arm64-apple-macos.swiftsourceinfo /Users/steipete/Library/Developer/Xcode/DerivedData/CodeLooper-crrddjihwjtfkwegrjrymctnfixv/Build/Intermediates.noindex/swift-nio.build/Debug/_NIOBase64.build/Objects-normal/arm64/_NIOBase64.swiftsourceinfo (in target '_NIOBase64' from project 'swift-nio')
    cd /Users/steipete/Library/Developer/Xcode/DerivedData/CodeLooper-crrddjihwjtfkwegrjrymctnfixv/SourcePackages/checkouts/swift-nio
    builtin-copy -exclude .DS_Store -exclude CVS -exclude .svn -exclude .git -exclude .hg -resolve-src-symlinks -rename /Users/steipete/Library/Developer/Xcode/DerivedData/CodeLooper-crrddjihwjtfkwegrjrymctnfixv/Build/Intermediates.noindex/swift-nio.build/Debug/_NIOBase64.build/Objects-normal/arm64/_NIOBase64.swiftsourceinfo /Users/steipete/Library/Developer/Xcode/DerivedData/CodeLooper-crrddjihwjtfkwegrjrymctnfixv/Build/Products/Debug/_NIOBase64.swiftmodule/Project/arm64-apple-macos.swiftsourceinfo

SwiftEmitModule normal arm64 Emitting\ module\ for\ InternalCollectionsUtilities (in target 'InternalCollectionsUtilities' from project 'swift-collections')

EmitSwiftModule normal arm64 (in target 'InternalCollectionsUtilities' from project 'swift-collections')
    cd /Users/steipete/Projects/CodeLooper
    

SwiftDriver Atomics normal arm64 com.apple.xcode.tools.swift.compiler (in target 'Atomics' from project 'swift-atomics')
    cd /Users/steipete/Projects/CodeLooper
    builtin-SwiftDriver -- /Applications/Xcode-beta.app/Contents/Developer/Toolchains/XcodeDefault.xctoolchain/usr/bin/swiftc -module-name Atomics -Onone -enforce-exclusivity\=checked @/Users/steipete/Library/Developer/Xcode/DerivedData/CodeLooper-crrddjihwjtfkwegrjrymctnfixv/Build/Intermediates.noindex/swift-atomics.build/Debug/Atomics.build/Objects-normal/arm64/Atomics.SwiftFileList -DSWIFT_PACKAGE -DDEBUG -DSWIFT_MODULE_RESOURCE_BUNDLE_UNAVAILABLE -DXcode -enable-experimental-feature BuiltinModule -plugin-path /Applications/Xcode-beta.app/Contents/Developer/Toolchains/XcodeDefault.xctoolchain/usr/lib/swift/host/plugins/testing -enable-experimental-feature DebugDescriptionMacro -sdk /Applications/Xcode-beta.app/Contents/Developer/Platforms/MacOSX.platform/Developer/SDKs/MacOSX26.0.sdk -target arm64-apple-macos10.13 -g -module-cache-path /Users/steipete/Library/Developer/Xcode/DerivedData/ModuleCache.noindex -Xfrontend -serialize-debugging-options -profile-coverage-mapping -profile-generate -enable-testing -suppress-warnings -index-store-path /Users/steipete/Library/Developer/Xcode/DerivedData/CodeLooper-crrddjihwjtfkwegrjrymctnfixv/Index.noindex/DataStore -swift-version 5 -I /Users/steipete/Library/Developer/Xcode/DerivedData/CodeLooper-crrddjihwjtfkwegrjrymctnfixv/Build/Products/Debug -I /Applications/Xcode-beta.app/Contents/Developer/Platforms/MacOSX.platform/Developer/usr/lib -F /Users/steipete/Library/Developer/Xcode/DerivedData/CodeLooper-crrddjihwjtfkwegrjrymctnfixv/Build/Products/Debug/PackageFrameworks -F /Users/steipete/Library/Developer/Xcode/DerivedData/CodeLooper-crrddjihwjtfkwegrjrymctnfixv/Build/Products/Debug -F /Applications/Xcode-beta.app/Contents/Developer/Platforms/MacOSX.platform/Developer/Library/Frameworks -c -j16 -enable-batch-mode -incremental -Xcc -ivfsstatcache -Xcc /Users/steipete/Library/Developer/Xcode/DerivedData/SDKStatCaches.noindex/macosx26.0-25A5279m-5d9328ff1a6613a11d359de947506b52.sdkstatcache -output-file-map /Users/steipete/Library/Developer/Xcode/DerivedData/CodeLooper-crrddjihwjtfkwegrjrymctnfixv/Build/Intermediates.noindex/swift-atomics.build/Debug/Atomics.build/Objects-normal/arm64/Atomics-OutputFileMap.json -use-frontend-parseable-output -save-temps -no-color-diagnostics -explicit-module-build -module-cache-path /Users/steipete/Library/Developer/Xcode/DerivedData/CodeLooper-crrddjihwjtfkwegrjrymctnfixv/Build/Intermediates.noindex/SwiftExplicitPrecompiledModules -clang-scanner-module-cache-path /Users/steipete/Library/Developer/Xcode/DerivedData/ModuleCache.noindex -sdk-module-cache-path /Users/steipete/Library/Developer/Xcode/DerivedData/ModuleCache.noindex -serialize-diagnostics -emit-dependencies -emit-module -emit-module-path /Users/steipete/Library/Developer/Xcode/DerivedData/CodeLooper-crrddjihwjtfkwegrjrymctnfixv/Build/Intermediates.noindex/swift-atomics.build/Debug/Atomics.build/Objects-normal/arm64/Atomics.swiftmodule -validate-clang-modules-once -clang-build-session-file /Users/steipete/Library/Developer/Xcode/DerivedData/ModuleCache.noindex/Session.modulevalidation -package-name swift_atomics -Xcc -I/Users/steipete/Library/Developer/Xcode/DerivedData/CodeLooper-crrddjihwjtfkwegrjrymctnfixv/Build/Intermediates.noindex/swift-atomics.build/Debug/Atomics.build/swift-overrides.hmap -emit-const-values -Xfrontend -const-gather-protocols-file -Xfrontend /Users/steipete/Library/Developer/Xcode/DerivedData/CodeLooper-crrddjihwjtfkwegrjrymctnfixv/Build/Intermediates.noindex/swift-atomics.build/Debug/Atomics.build/Objects-normal/arm64/Atomics_const_extract_protocols.json -Xcc -I/Users/steipete/Library/Developer/Xcode/DerivedData/CodeLooper-crrddjihwjtfkwegrjrymctnfixv/SourcePackages/checkouts/swift-atomics/Sources/_AtomicsShims/include -Xcc -I/Users/steipete/Library/Developer/Xcode/DerivedData/CodeLooper-crrddjihwjtfkwegrjrymctnfixv/Build/Products/Debug/include -Xcc -I/Users/steipete/Library/Developer/Xcode/DerivedData/CodeLooper-crrddjihwjtfkwegrjrymctnfixv/Build/Intermediates.noindex/swift-atomics.build/Debug/Atomics.build/DerivedSources-normal/arm64 -Xcc -I/Users/steipete/Library/Developer/Xcode/DerivedData/CodeLooper-crrddjihwjtfkwegrjrymctnfixv/Build/Intermediates.noindex/swift-atomics.build/Debug/Atomics.build/DerivedSources/arm64 -Xcc -I/Users/steipete/Library/Developer/Xcode/DerivedData/CodeLooper-crrddjihwjtfkwegrjrymctnfixv/Build/Intermediates.noindex/swift-atomics.build/Debug/Atomics.build/DerivedSources -Xcc -DSWIFT_PACKAGE -Xcc -DDEBUG\=1 -emit-objc-header -emit-objc-header-path /Users/steipete/Library/Developer/Xcode/DerivedData/CodeLooper-crrddjihwjtfkwegrjrymctnfixv/Build/Intermediates.noindex/swift-atomics.build/Debug/Atomics.build/Objects-normal/arm64/Atomics-Swift.h -working-directory /Users/steipete/Projects/CodeLooper -experimental-emit-module-separately -disable-cmo

SwiftEmitModule normal arm64 Emitting\ module\ for\ CoreMetrics (in target 'CoreMetrics' from project 'swift-metrics')

EmitSwiftModule normal arm64 (in target 'CoreMetrics' from project 'swift-metrics')
    cd /Users/steipete/Projects/CodeLooper
    

SwiftDriverJobDiscovery normal arm64 Emitting module for ServiceContextModule (in target 'ServiceContextModule' from project 'swift-service-context')

SwiftDriver\ Compilation\ Requirements ServiceContextModule normal arm64 com.apple.xcode.tools.swift.compiler (in target 'ServiceContextModule' from project 'swift-service-context')
    cd /Users/steipete/Projects/CodeLooper
    builtin-Swift-Compilation-Requirements -- /Applications/Xcode-beta.app/Contents/Developer/Toolchains/XcodeDefault.xctoolchain/usr/bin/swiftc -module-name ServiceContextModule -Onone -enforce-exclusivity\=checked @/Users/steipete/Library/Developer/Xcode/DerivedData/CodeLooper-crrddjihwjtfkwegrjrymctnfixv/Build/Intermediates.noindex/swift-service-context.build/Debug/ServiceContextModule.build/Objects-normal/arm64/ServiceContextModule.SwiftFileList -DSWIFT_PACKAGE -DDEBUG -DSWIFT_MODULE_RESOURCE_BUNDLE_UNAVAILABLE -DXcode -enable-experimental-feature StrictConcurrency\=complete -plugin-path /Applications/Xcode-beta.app/Contents/Developer/Toolchains/XcodeDefault.xctoolchain/usr/lib/swift/host/plugins/testing -enable-experimental-feature DebugDescriptionMacro -sdk /Applications/Xcode-beta.app/Contents/Developer/Platforms/MacOSX.platform/Developer/SDKs/MacOSX26.0.sdk -target arm64-apple-macos10.13 -g -module-cache-path /Users/steipete/Library/Developer/Xcode/DerivedData/ModuleCache.noindex -Xfrontend -serialize-debugging-options -profile-coverage-mapping -profile-generate -enable-testing -suppress-warnings -index-store-path /Users/steipete/Library/Developer/Xcode/DerivedData/CodeLooper-crrddjihwjtfkwegrjrymctnfixv/Index.noindex/DataStore -swift-version 5 -I /Users/steipete/Library/Developer/Xcode/DerivedData/CodeLooper-crrddjihwjtfkwegrjrymctnfixv/Build/Products/Debug -I /Applications/Xcode-beta.app/Contents/Developer/Platforms/MacOSX.platform/Developer/usr/lib -F /Users/steipete/Library/Developer/Xcode/DerivedData/CodeLooper-crrddjihwjtfkwegrjrymctnfixv/Build/Products/Debug -F /Applications/Xcode-beta.app/Contents/Developer/Platforms/MacOSX.platform/Developer/Library/Frameworks -c -j16 -enable-batch-mode -incremental -Xcc -ivfsstatcache -Xcc /Users/steipete/Library/Developer/Xcode/DerivedData/SDKStatCaches.noindex/macosx26.0-25A5279m-5d9328ff1a6613a11d359de947506b52.sdkstatcache -output-file-map /Users/steipete/Library/Developer/Xcode/DerivedData/CodeLooper-crrddjihwjtfkwegrjrymctnfixv/Build/Intermediates.noindex/swift-service-context.build/Debug/ServiceContextModule.build/Objects-normal/arm64/ServiceContextModule-OutputFileMap.json -use-frontend-parseable-output -save-temps -no-color-diagnostics -explicit-module-build -module-cache-path /Users/steipete/Library/Developer/Xcode/DerivedData/CodeLooper-crrddjihwjtfkwegrjrymctnfixv/Build/Intermediates.noindex/SwiftExplicitPrecompiledModules -clang-scanner-module-cache-path /Users/steipete/Library/Developer/Xcode/DerivedData/ModuleCache.noindex -sdk-module-cache-path /Users/steipete/Library/Developer/Xcode/DerivedData/ModuleCache.noindex -serialize-diagnostics -emit-dependencies -emit-module -emit-module-path /Users/steipete/Library/Developer/Xcode/DerivedData/CodeLooper-crrddjihwjtfkwegrjrymctnfixv/Build/Intermediates.noindex/swift-service-context.build/Debug/ServiceContextModule.build/Objects-normal/arm64/ServiceContextModule.swiftmodule -validate-clang-modules-once -clang-build-session-file /Users/steipete/Library/Developer/Xcode/DerivedData/ModuleCache.noindex/Session.modulevalidation -package-name swift_service_context -Xcc -I/Users/steipete/Library/Developer/Xcode/DerivedData/CodeLooper-crrddjihwjtfkwegrjrymctnfixv/Build/Intermediates.noindex/swift-service-context.build/Debug/ServiceContextModule.build/swift-overrides.hmap -emit-const-values -Xfrontend -const-gather-protocols-file -Xfrontend /Users/steipete/Library/Developer/Xcode/DerivedData/CodeLooper-crrddjihwjtfkwegrjrymctnfixv/Build/Intermediates.noindex/swift-service-context.build/Debug/ServiceContextModule.build/Objects-normal/arm64/ServiceContextModule_const_extract_protocols.json -Xcc -I/Users/steipete/Library/Developer/Xcode/DerivedData/CodeLooper-crrddjihwjtfkwegrjrymctnfixv/Build/Products/Debug/include -Xcc -I/Users/steipete/Library/Developer/Xcode/DerivedData/CodeLooper-crrddjihwjtfkwegrjrymctnfixv/Build/Intermediates.noindex/swift-service-context.build/Debug/ServiceContextModule.build/DerivedSources-normal/arm64 -Xcc -I/Users/steipete/Library/Developer/Xcode/DerivedData/CodeLooper-crrddjihwjtfkwegrjrymctnfixv/Build/Intermediates.noindex/swift-service-context.build/Debug/ServiceContextModule.build/DerivedSources/arm64 -Xcc -I/Users/steipete/Library/Developer/Xcode/DerivedData/CodeLooper-crrddjihwjtfkwegrjrymctnfixv/Build/Intermediates.noindex/swift-service-context.build/Debug/ServiceContextModule.build/DerivedSources -Xcc -DSWIFT_PACKAGE -Xcc -DDEBUG\=1 -emit-objc-header -emit-objc-header-path /Users/steipete/Library/Developer/Xcode/DerivedData/CodeLooper-crrddjihwjtfkwegrjrymctnfixv/Build/Intermediates.noindex/swift-service-context.build/Debug/ServiceContextModule.build/Objects-normal/arm64/ServiceContextModule-Swift.h -working-directory /Users/steipete/Projects/CodeLooper -experimental-emit-module-separately -disable-cmo

CompileC /Users/steipete/Library/Developer/Xcode/DerivedData/CodeLooper-crrddjihwjtfkwegrjrymctnfixv/Build/Intermediates.noindex/swift-nio.build/Debug/CNIOWindows.build/Objects-normal/arm64/shim.o /Users/steipete/Library/Developer/Xcode/DerivedData/CodeLooper-crrddjihwjtfkwegrjrymctnfixv/SourcePackages/checkouts/swift-nio/Sources/CNIOWindows/shim.c normal arm64 c com.apple.compilers.llvm.clang.1_0.compiler (in target 'CNIOWindows' from project 'swift-nio')
    cd /Users/steipete/Projects/CodeLooper
    
    Using response file: /Users/steipete/Library/Developer/Xcode/DerivedData/CodeLooper-crrddjihwjtfkwegrjrymctnfixv/Build/Intermediates.noindex/swift-nio.build/Debug/CNIOWindows.build/Objects-normal/arm64/7187679823f38a2a940e0043cdf9d637-common-args.resp
    
    /Applications/Xcode-beta.app/Contents/Developer/Toolchains/XcodeDefault.xctoolchain/usr/bin/clang -x c -ivfsstatcache /Users/steipete/Library/Developer/Xcode/DerivedData/SDKStatCaches.noindex/macosx26.0-25A5279m-5d9328ff1a6613a11d359de947506b52.sdkstatcache -fmessage-length\=0 -fdiagnostics-show-note-include-stack -fmacro-backtrace-limit\=0 -fno-color-diagnostics -fmodules-prune-interval\=86400 -fmodules-prune-after\=345600 -fbuild-session-file\=/Users/steipete/Library/Developer/Xcode/DerivedData/ModuleCache.noindex/Session.modulevalidation -fmodules-validate-once-per-build-session -Wnon-modular-include-in-framework-module -Werror\=non-modular-include-in-framework-module -Wno-trigraphs -Wno-missing-field-initializers -Wno-missing-prototypes -Wno-return-type -Wno-missing-braces -Wparentheses -Wswitch -Wno-unused-function -Wno-unused-label -Wno-unused-parameter -Wno-unused-variable -Wunused-value -Wno-empty-body -Wno-uninitialized -Wno-unknown-pragmas -w -Wno-shadow -Wno-four-char-constants -Wno-conversion -Wno-constant-conversion -Wno-int-conversion -Wno-bool-conversion -Wno-enum-conversion -Wno-float-conversion -Wno-non-literal-null-conversion -Wno-objc-literal-conversion -Wshorten-64-to-32 -Wpointer-sign -Wno-newline-eof -Wno-implicit-fallthrough -fstrict-aliasing -Wdeprecated-declarations -Wno-sign-conversion -Wno-infinite-recursion -Wno-comma -Wno-block-capture-autoreleasing -Wno-strict-prototypes -Wno-semicolon-before-method-body -index-store-path /Users/steipete/Library/Developer/Xcode/DerivedData/CodeLooper-crrddjihwjtfkwegrjrymctnfixv/Index.noindex/DataStore @/Users/steipete/Library/Developer/Xcode/DerivedData/CodeLooper-crrddjihwjtfkwegrjrymctnfixv/Build/Intermediates.noindex/swift-nio.build/Debug/CNIOWindows.build/Objects-normal/arm64/7187679823f38a2a940e0043cdf9d637-common-args.resp -MMD -MT dependencies -MF /Users/steipete/Library/Developer/Xcode/DerivedData/CodeLooper-crrddjihwjtfkwegrjrymctnfixv/Build/Intermediates.noindex/swift-nio.build/Debug/CNIOWindows.build/Objects-normal/arm64/shim.d --serialize-diagnostics /Users/steipete/Library/Developer/Xcode/DerivedData/CodeLooper-crrddjihwjtfkwegrjrymctnfixv/Build/Intermediates.noindex/swift-nio.build/Debug/CNIOWindows.build/Objects-normal/arm64/shim.dia -c /Users/steipete/Library/Developer/Xcode/DerivedData/CodeLooper-crrddjihwjtfkwegrjrymctnfixv/SourcePackages/checkouts/swift-nio/Sources/CNIOWindows/shim.c -o /Users/steipete/Library/Developer/Xcode/DerivedData/CodeLooper-crrddjihwjtfkwegrjrymctnfixv/Build/Intermediates.noindex/swift-nio.build/Debug/CNIOWindows.build/Objects-normal/arm64/shim.o -index-unit-output-path /swift-nio.build/Debug/CNIOWindows.build/Objects-normal/arm64/shim.o

SwiftMergeGeneratedHeaders /Users/steipete/Library/Developer/Xcode/DerivedData/CodeLooper-crrddjihwjtfkwegrjrymctnfixv/Build/Intermediates.noindex/GeneratedModuleMaps/ServiceContextModule-Swift.h /Users/steipete/Library/Developer/Xcode/DerivedData/CodeLooper-crrddjihwjtfkwegrjrymctnfixv/Build/Intermediates.noindex/swift-service-context.build/Debug/ServiceContextModule.build/Objects-normal/arm64/ServiceContextModule-Swift.h (in target 'ServiceContextModule' from project 'swift-service-context')
    cd /Users/steipete/Library/Developer/Xcode/DerivedData/CodeLooper-crrddjihwjtfkwegrjrymctnfixv/SourcePackages/checkouts/swift-service-context
    builtin-swiftHeaderTool -arch arm64 /Users/steipete/Library/Developer/Xcode/DerivedData/CodeLooper-crrddjihwjtfkwegrjrymctnfixv/Build/Intermediates.noindex/swift-service-context.build/Debug/ServiceContextModule.build/Objects-normal/arm64/ServiceContextModule-Swift.h -o /Users/steipete/Library/Developer/Xcode/DerivedData/CodeLooper-crrddjihwjtfkwegrjrymctnfixv/Build/Intermediates.noindex/GeneratedModuleMaps/ServiceContextModule-Swift.h

Copy /Users/steipete/Library/Developer/Xcode/DerivedData/CodeLooper-crrddjihwjtfkwegrjrymctnfixv/Build/Products/Debug/ServiceContextModule.swiftmodule/arm64-apple-macos.swiftmodule /Users/steipete/Library/Developer/Xcode/DerivedData/CodeLooper-crrddjihwjtfkwegrjrymctnfixv/Build/Intermediates.noindex/swift-service-context.build/Debug/ServiceContextModule.build/Objects-normal/arm64/ServiceContextModule.swiftmodule (in target 'ServiceContextModule' from project 'swift-service-context')
    cd /Users/steipete/Library/Developer/Xcode/DerivedData/CodeLooper-crrddjihwjtfkwegrjrymctnfixv/SourcePackages/checkouts/swift-service-context
    builtin-copy -exclude .DS_Store -exclude CVS -exclude .svn -exclude .git -exclude .hg -resolve-src-symlinks -rename /Users/steipete/Library/Developer/Xcode/DerivedData/CodeLooper-crrddjihwjtfkwegrjrymctnfixv/Build/Intermediates.noindex/swift-service-context.build/Debug/ServiceContextModule.build/Objects-normal/arm64/ServiceContextModule.swiftmodule /Users/steipete/Library/Developer/Xcode/DerivedData/CodeLooper-crrddjihwjtfkwegrjrymctnfixv/Build/Products/Debug/ServiceContextModule.swiftmodule/arm64-apple-macos.swiftmodule

Copy /Users/steipete/Library/Developer/Xcode/DerivedData/CodeLooper-crrddjihwjtfkwegrjrymctnfixv/Build/Products/Debug/ServiceContextModule.swiftmodule/arm64-apple-macos.swiftdoc /Users/steipete/Library/Developer/Xcode/DerivedData/CodeLooper-crrddjihwjtfkwegrjrymctnfixv/Build/Intermediates.noindex/swift-service-context.build/Debug/ServiceContextModule.build/Objects-normal/arm64/ServiceContextModule.swiftdoc (in target 'ServiceContextModule' from project 'swift-service-context')
    cd /Users/steipete/Library/Developer/Xcode/DerivedData/CodeLooper-crrddjihwjtfkwegrjrymctnfixv/SourcePackages/checkouts/swift-service-context
    builtin-copy -exclude .DS_Store -exclude CVS -exclude .svn -exclude .git -exclude .hg -resolve-src-symlinks -rename /Users/steipete/Library/Developer/Xcode/DerivedData/CodeLooper-crrddjihwjtfkwegrjrymctnfixv/Build/Intermediates.noindex/swift-service-context.build/Debug/ServiceContextModule.build/Objects-normal/arm64/ServiceContextModule.swiftdoc /Users/steipete/Library/Developer/Xcode/DerivedData/CodeLooper-crrddjihwjtfkwegrjrymctnfixv/Build/Products/Debug/ServiceContextModule.swiftmodule/arm64-apple-macos.swiftdoc

Copy /Users/steipete/Library/Developer/Xcode/DerivedData/CodeLooper-crrddjihwjtfkwegrjrymctnfixv/Build/Products/Debug/ServiceContextModule.swiftmodule/arm64-apple-macos.abi.json /Users/steipete/Library/Developer/Xcode/DerivedData/CodeLooper-crrddjihwjtfkwegrjrymctnfixv/Build/Intermediates.noindex/swift-service-context.build/Debug/ServiceContextModule.build/Objects-normal/arm64/ServiceContextModule.abi.json (in target 'ServiceContextModule' from project 'swift-service-context')
    cd /Users/steipete/Library/Developer/Xcode/DerivedData/CodeLooper-crrddjihwjtfkwegrjrymctnfixv/SourcePackages/checkouts/swift-service-context
    builtin-copy -exclude .DS_Store -exclude CVS -exclude .svn -exclude .git -exclude .hg -resolve-src-symlinks -rename /Users/steipete/Library/Developer/Xcode/DerivedData/CodeLooper-crrddjihwjtfkwegrjrymctnfixv/Build/Intermediates.noindex/swift-service-context.build/Debug/ServiceContextModule.build/Objects-normal/arm64/ServiceContextModule.abi.json /Users/steipete/Library/Developer/Xcode/DerivedData/CodeLooper-crrddjihwjtfkwegrjrymctnfixv/Build/Products/Debug/ServiceContextModule.swiftmodule/arm64-apple-macos.abi.json

Copy /Users/steipete/Library/Developer/Xcode/DerivedData/CodeLooper-crrddjihwjtfkwegrjrymctnfixv/Build/Products/Debug/ServiceContextModule.swiftmodule/Project/arm64-apple-macos.swiftsourceinfo /Users/steipete/Library/Developer/Xcode/DerivedData/CodeLooper-crrddjihwjtfkwegrjrymctnfixv/Build/Intermediates.noindex/swift-service-context.build/Debug/ServiceContextModule.build/Objects-normal/arm64/ServiceContextModule.swiftsourceinfo (in target 'ServiceContextModule' from project 'swift-service-context')
    cd /Users/steipete/Library/Developer/Xcode/DerivedData/CodeLooper-crrddjihwjtfkwegrjrymctnfixv/SourcePackages/checkouts/swift-service-context
    builtin-copy -exclude .DS_Store -exclude CVS -exclude .svn -exclude .git -exclude .hg -resolve-src-symlinks -rename /Users/steipete/Library/Developer/Xcode/DerivedData/CodeLooper-crrddjihwjtfkwegrjrymctnfixv/Build/Intermediates.noindex/swift-service-context.build/Debug/ServiceContextModule.build/Objects-normal/arm64/ServiceContextModule.swiftsourceinfo /Users/steipete/Library/Developer/Xcode/DerivedData/CodeLooper-crrddjihwjtfkwegrjrymctnfixv/Build/Products/Debug/ServiceContextModule.swiftmodule/Project/arm64-apple-macos.swiftsourceinfo

SwiftEmitModule normal arm64 Emitting\ module\ for\ Logging (in target 'Logging' from project 'swift-log')

EmitSwiftModule normal arm64 (in target 'Logging' from project 'swift-log')
    cd /Users/steipete/Projects/CodeLooper
    

SwiftEmitModule normal arm64 Emitting\ module\ for\ ConcurrencyHelpers (in target 'ConcurrencyHelpers' from project 'swift-service-lifecycle')

EmitSwiftModule normal arm64 (in target 'ConcurrencyHelpers' from project 'swift-service-lifecycle')
    cd /Users/steipete/Projects/CodeLooper
    

SwiftExplicitDependencyGeneratePcm arm64 /Users/steipete/Library/Developer/Xcode/DerivedData/CodeLooper-crrddjihwjtfkwegrjrymctnfixv/Build/Intermediates.noindex/SwiftExplicitPrecompiledModules/CNIOAtomics-E1KSWI8X0ZQXS82Q0VC8UN5EC.pcm

CompileC /Users/steipete/Library/Developer/Xcode/DerivedData/CodeLooper-crrddjihwjtfkwegrjrymctnfixv/Build/Intermediates.noindex/swift-nio.build/Debug/CNIOWindows.build/Objects-normal/arm64/WSAStartup.o /Users/steipete/Library/Developer/Xcode/DerivedData/CodeLooper-crrddjihwjtfkwegrjrymctnfixv/SourcePackages/checkouts/swift-nio/Sources/CNIOWindows/WSAStartup.c normal arm64 c com.apple.compilers.llvm.clang.1_0.compiler (in target 'CNIOWindows' from project 'swift-nio')
    cd /Users/steipete/Projects/CodeLooper
    
    Using response file: /Users/steipete/Library/Developer/Xcode/DerivedData/CodeLooper-crrddjihwjtfkwegrjrymctnfixv/Build/Intermediates.noindex/swift-nio.build/Debug/CNIOWindows.build/Objects-normal/arm64/7187679823f38a2a940e0043cdf9d637-common-args.resp
    
    /Applications/Xcode-beta.app/Contents/Developer/Toolchains/XcodeDefault.xctoolchain/usr/bin/clang -x c -ivfsstatcache /Users/steipete/Library/Developer/Xcode/DerivedData/SDKStatCaches.noindex/macosx26.0-25A5279m-5d9328ff1a6613a11d359de947506b52.sdkstatcache -fmessage-length\=0 -fdiagnostics-show-note-include-stack -fmacro-backtrace-limit\=0 -fno-color-diagnostics -fmodules-prune-interval\=86400 -fmodules-prune-after\=345600 -fbuild-session-file\=/Users/steipete/Library/Developer/Xcode/DerivedData/ModuleCache.noindex/Session.modulevalidation -fmodules-validate-once-per-build-session -Wnon-modular-include-in-framework-module -Werror\=non-modular-include-in-framework-module -Wno-trigraphs -Wno-missing-field-initializers -Wno-missing-prototypes -Wno-return-type -Wno-missing-braces -Wparentheses -Wswitch -Wno-unused-function -Wno-unused-label -Wno-unused-parameter -Wno-unused-variable -Wunused-value -Wno-empty-body -Wno-uninitialized -Wno-unknown-pragmas -w -Wno-shadow -Wno-four-char-constants -Wno-conversion -Wno-constant-conversion -Wno-int-conversion -Wno-bool-conversion -Wno-enum-conversion -Wno-float-conversion -Wno-non-literal-null-conversion -Wno-objc-literal-conversion -Wshorten-64-to-32 -Wpointer-sign -Wno-newline-eof -Wno-implicit-fallthrough -fstrict-aliasing -Wdeprecated-declarations -Wno-sign-conversion -Wno-infinite-recursion -Wno-comma -Wno-block-capture-autoreleasing -Wno-strict-prototypes -Wno-semicolon-before-method-body -index-store-path /Users/steipete/Library/Developer/Xcode/DerivedData/CodeLooper-crrddjihwjtfkwegrjrymctnfixv/Index.noindex/DataStore @/Users/steipete/Library/Developer/Xcode/DerivedData/CodeLooper-crrddjihwjtfkwegrjrymctnfixv/Build/Intermediates.noindex/swift-nio.build/Debug/CNIOWindows.build/Objects-normal/arm64/7187679823f38a2a940e0043cdf9d637-common-args.resp -MMD -MT dependencies -MF /Users/steipete/Library/Developer/Xcode/DerivedData/CodeLooper-crrddjihwjtfkwegrjrymctnfixv/Build/Intermediates.noindex/swift-nio.build/Debug/CNIOWindows.build/Objects-normal/arm64/WSAStartup.d --serialize-diagnostics /Users/steipete/Library/Developer/Xcode/DerivedData/CodeLooper-crrddjihwjtfkwegrjrymctnfixv/Build/Intermediates.noindex/swift-nio.build/Debug/CNIOWindows.build/Objects-normal/arm64/WSAStartup.dia -c /Users/steipete/Library/Developer/Xcode/DerivedData/CodeLooper-crrddjihwjtfkwegrjrymctnfixv/SourcePackages/checkouts/swift-nio/Sources/CNIOWindows/WSAStartup.c -o /Users/steipete/Library/Developer/Xcode/DerivedData/CodeLooper-crrddjihwjtfkwegrjrymctnfixv/Build/Intermediates.noindex/swift-nio.build/Debug/CNIOWindows.build/Objects-normal/arm64/WSAStartup.o -index-unit-output-path /swift-nio.build/Debug/CNIOWindows.build/Objects-normal/arm64/WSAStartup.o

SwiftEmitModule normal arm64 Emitting\ module\ for\ HTTPTypes (in target 'HTTPTypes' from project 'swift-http-types')

EmitSwiftModule normal arm64 (in target 'HTTPTypes' from project 'swift-http-types')
    cd /Users/steipete/Projects/CodeLooper
    

Ld /Users/steipete/Library/Developer/Xcode/DerivedData/CodeLooper-crrddjihwjtfkwegrjrymctnfixv/Build/Products/Debug/CNIOWindows.o normal (in target 'CNIOWindows' from project 'swift-nio')
    cd /Users/steipete/Library/Developer/Xcode/DerivedData/CodeLooper-crrddjihwjtfkwegrjrymctnfixv/SourcePackages/checkouts/swift-nio
    /Applications/Xcode-beta.app/Contents/Developer/Toolchains/XcodeDefault.xctoolchain/usr/bin/clang -Xlinker -reproducible -target arm64-apple-macos10.13 -r -isysroot /Applications/Xcode-beta.app/Contents/Developer/Platforms/MacOSX.platform/Developer/SDKs/MacOSX26.0.sdk -O0 -w -L/Users/steipete/Library/Developer/Xcode/DerivedData/CodeLooper-crrddjihwjtfkwegrjrymctnfixv/Build/Intermediates.noindex/EagerLinkingTBDs/Debug -L/Users/steipete/Library/Developer/Xcode/DerivedData/CodeLooper-crrddjihwjtfkwegrjrymctnfixv/Build/Products/Debug -L/Applications/Xcode-beta.app/Contents/Developer/Platforms/MacOSX.platform/Developer/usr/lib -F/Users/steipete/Library/Developer/Xcode/DerivedData/CodeLooper-crrddjihwjtfkwegrjrymctnfixv/Build/Intermediates.noindex/EagerLinkingTBDs/Debug -F/Users/steipete/Library/Developer/Xcode/DerivedData/CodeLooper-crrddjihwjtfkwegrjrymctnfixv/Build/Products/Debug -iframework /Applications/Xcode-beta.app/Contents/Developer/Platforms/MacOSX.platform/Developer/Library/Frameworks -filelist /Users/steipete/Library/Developer/Xcode/DerivedData/CodeLooper-crrddjihwjtfkwegrjrymctnfixv/Build/Intermediates.noindex/swift-nio.build/Debug/CNIOWindows.build/Objects-normal/arm64/CNIOWindows.LinkFileList -nostdlib -Xlinker -object_path_lto -Xlinker /Users/steipete/Library/Developer/Xcode/DerivedData/CodeLooper-crrddjihwjtfkwegrjrymctnfixv/Build/Intermediates.noindex/swift-nio.build/Debug/CNIOWindows.build/Objects-normal/arm64/CNIOWindows_lto.o -rdynamic -Xlinker -no_deduplicate -Xlinker -debug_variant -Xlinker -dependency_info -Xlinker /Users/steipete/Library/Developer/Xcode/DerivedData/CodeLooper-crrddjihwjtfkwegrjrymctnfixv/Build/Intermediates.noindex/swift-nio.build/Debug/CNIOWindows.build/Objects-normal/arm64/CNIOWindows_dependency_info.dat -o /Users/steipete/Library/Developer/Xcode/DerivedData/CodeLooper-crrddjihwjtfkwegrjrymctnfixv/Build/Products/Debug/CNIOWindows.o

SwiftEmitModule normal arm64 Emitting\ module\ for\ NIOConcurrencyHelpers (in target 'NIOConcurrencyHelpers' from project 'swift-nio')

EmitSwiftModule normal arm64 (in target 'NIOConcurrencyHelpers' from project 'swift-nio')
    cd /Users/steipete/Projects/CodeLooper
    

CompileC /Users/steipete/Library/Developer/Xcode/DerivedData/CodeLooper-crrddjihwjtfkwegrjrymctnfixv/Build/Intermediates.noindex/swift-nio.build/Debug/CNIOWASI.build/Objects-normal/arm64/CNIOWASI.o /Users/steipete/Library/Developer/Xcode/DerivedData/CodeLooper-crrddjihwjtfkwegrjrymctnfixv/SourcePackages/checkouts/swift-nio/Sources/CNIOWASI/CNIOWASI.c normal arm64 c com.apple.compilers.llvm.clang.1_0.compiler (in target 'CNIOWASI' from project 'swift-nio')
    cd /Users/steipete/Projects/CodeLooper
    
    Using response file: /Users/steipete/Library/Developer/Xcode/DerivedData/CodeLooper-crrddjihwjtfkwegrjrymctnfixv/Build/Intermediates.noindex/swift-nio.build/Debug/CNIOWASI.build/Objects-normal/arm64/7187679823f38a2a940e0043cdf9d637-common-args.resp
    
    /Applications/Xcode-beta.app/Contents/Developer/Toolchains/XcodeDefault.xctoolchain/usr/bin/clang -x c -ivfsstatcache /Users/steipete/Library/Developer/Xcode/DerivedData/SDKStatCaches.noindex/macosx26.0-25A5279m-5d9328ff1a6613a11d359de947506b52.sdkstatcache -fmessage-length\=0 -fdiagnostics-show-note-include-stack -fmacro-backtrace-limit\=0 -fno-color-diagnostics -fmodules-prune-interval\=86400 -fmodules-prune-after\=345600 -fbuild-session-file\=/Users/steipete/Library/Developer/Xcode/DerivedData/ModuleCache.noindex/Session.modulevalidation -fmodules-validate-once-per-build-session -Wnon-modular-include-in-framework-module -Werror\=non-modular-include-in-framework-module -Wno-trigraphs -Wno-missing-field-initializers -Wno-missing-prototypes -Wno-return-type -Wno-missing-braces -Wparentheses -Wswitch -Wno-unused-function -Wno-unused-label -Wno-unused-parameter -Wno-unused-variable -Wunused-value -Wno-empty-body -Wno-uninitialized -Wno-unknown-pragmas -w -Wno-shadow -Wno-four-char-constants -Wno-conversion -Wno-constant-conversion -Wno-int-conversion -Wno-bool-conversion -Wno-enum-conversion -Wno-float-conversion -Wno-non-literal-null-conversion -Wno-objc-literal-conversion -Wshorten-64-to-32 -Wpointer-sign -Wno-newline-eof -Wno-implicit-fallthrough -fstrict-aliasing -Wdeprecated-declarations -Wno-sign-conversion -Wno-infinite-recursion -Wno-comma -Wno-block-capture-autoreleasing -Wno-strict-prototypes -Wno-semicolon-before-method-body -index-store-path /Users/steipete/Library/Developer/Xcode/DerivedData/CodeLooper-crrddjihwjtfkwegrjrymctnfixv/Index.noindex/DataStore @/Users/steipete/Library/Developer/Xcode/DerivedData/CodeLooper-crrddjihwjtfkwegrjrymctnfixv/Build/Intermediates.noindex/swift-nio.build/Debug/CNIOWASI.build/Objects-normal/arm64/7187679823f38a2a940e0043cdf9d637-common-args.resp -MMD -MT dependencies -MF /Users/steipete/Library/Developer/Xcode/DerivedData/CodeLooper-crrddjihwjtfkwegrjrymctnfixv/Build/Intermediates.noindex/swift-nio.build/Debug/CNIOWASI.build/Objects-normal/arm64/CNIOWASI.d --serialize-diagnostics /Users/steipete/Library/Developer/Xcode/DerivedData/CodeLooper-crrddjihwjtfkwegrjrymctnfixv/Build/Intermediates.noindex/swift-nio.build/Debug/CNIOWASI.build/Objects-normal/arm64/CNIOWASI.dia -c /Users/steipete/Library/Developer/Xcode/DerivedData/CodeLooper-crrddjihwjtfkwegrjrymctnfixv/SourcePackages/checkouts/swift-nio/Sources/CNIOWASI/CNIOWASI.c -o /Users/steipete/Library/Developer/Xcode/DerivedData/CodeLooper-crrddjihwjtfkwegrjrymctnfixv/Build/Intermediates.noindex/swift-nio.build/Debug/CNIOWASI.build/Objects-normal/arm64/CNIOWASI.o -index-unit-output-path /swift-nio.build/Debug/CNIOWASI.build/Objects-normal/arm64/CNIOWASI.o

SwiftDriverJobDiscovery normal arm64 Emitting module for ConcurrencyHelpers (in target 'ConcurrencyHelpers' from project 'swift-service-lifecycle')

SwiftDriver\ Compilation\ Requirements ConcurrencyHelpers normal arm64 com.apple.xcode.tools.swift.compiler (in target 'ConcurrencyHelpers' from project 'swift-service-lifecycle')
    cd /Users/steipete/Projects/CodeLooper
    builtin-Swift-Compilation-Requirements -- /Applications/Xcode-beta.app/Contents/Developer/Toolchains/XcodeDefault.xctoolchain/usr/bin/swiftc -module-name ConcurrencyHelpers -Onone -enforce-exclusivity\=checked @/Users/steipete/Library/Developer/Xcode/DerivedData/CodeLooper-crrddjihwjtfkwegrjrymctnfixv/Build/Intermediates.noindex/swift-service-lifecycle.build/Debug/ConcurrencyHelpers.build/Objects-normal/arm64/ConcurrencyHelpers.SwiftFileList -DSWIFT_PACKAGE -DDEBUG -DSWIFT_MODULE_RESOURCE_BUNDLE_UNAVAILABLE -DXcode -plugin-path /Applications/Xcode-beta.app/Contents/Developer/Toolchains/XcodeDefault.xctoolchain/usr/lib/swift/host/plugins/testing -enable-experimental-feature DebugDescriptionMacro -sdk /Applications/Xcode-beta.app/Contents/Developer/Platforms/MacOSX.platform/Developer/SDKs/MacOSX26.0.sdk -target arm64-apple-macos10.13 -g -module-cache-path /Users/steipete/Library/Developer/Xcode/DerivedData/ModuleCache.noindex -Xfrontend -serialize-debugging-options -profile-coverage-mapping -profile-generate -enable-testing -suppress-warnings -index-store-path /Users/steipete/Library/Developer/Xcode/DerivedData/CodeLooper-crrddjihwjtfkwegrjrymctnfixv/Index.noindex/DataStore -swift-version 5 -I /Users/steipete/Library/Developer/Xcode/DerivedData/CodeLooper-crrddjihwjtfkwegrjrymctnfixv/Build/Products/Debug -I /Applications/Xcode-beta.app/Contents/Developer/Platforms/MacOSX.platform/Developer/usr/lib -F /Users/steipete/Library/Developer/Xcode/DerivedData/CodeLooper-crrddjihwjtfkwegrjrymctnfixv/Build/Products/Debug -F /Applications/Xcode-beta.app/Contents/Developer/Platforms/MacOSX.platform/Developer/Library/Frameworks -c -j16 -enable-batch-mode -incremental -Xcc -ivfsstatcache -Xcc /Users/steipete/Library/Developer/Xcode/DerivedData/SDKStatCaches.noindex/macosx26.0-25A5279m-5d9328ff1a6613a11d359de947506b52.sdkstatcache -output-file-map /Users/steipete/Library/Developer/Xcode/DerivedData/CodeLooper-crrddjihwjtfkwegrjrymctnfixv/Build/Intermediates.noindex/swift-service-lifecycle.build/Debug/ConcurrencyHelpers.build/Objects-normal/arm64/ConcurrencyHelpers-OutputFileMap.json -use-frontend-parseable-output -save-temps -no-color-diagnostics -explicit-module-build -module-cache-path /Users/steipete/Library/Developer/Xcode/DerivedData/CodeLooper-crrddjihwjtfkwegrjrymctnfixv/Build/Intermediates.noindex/SwiftExplicitPrecompiledModules -clang-scanner-module-cache-path /Users/steipete/Library/Developer/Xcode/DerivedData/ModuleCache.noindex -sdk-module-cache-path /Users/steipete/Library/Developer/Xcode/DerivedData/ModuleCache.noindex -serialize-diagnostics -emit-dependencies -emit-module -emit-module-path /Users/steipete/Library/Developer/Xcode/DerivedData/CodeLooper-crrddjihwjtfkwegrjrymctnfixv/Build/Intermediates.noindex/swift-service-lifecycle.build/Debug/ConcurrencyHelpers.build/Objects-normal/arm64/ConcurrencyHelpers.swiftmodule -validate-clang-modules-once -clang-build-session-file /Users/steipete/Library/Developer/Xcode/DerivedData/ModuleCache.noindex/Session.modulevalidation -Xcc -I/Users/steipete/Library/Developer/Xcode/DerivedData/CodeLooper-crrddjihwjtfkwegrjrymctnfixv/Build/Intermediates.noindex/swift-service-lifecycle.build/Debug/ConcurrencyHelpers.build/swift-overrides.hmap -emit-const-values -Xfrontend -const-gather-protocols-file -Xfrontend /Users/steipete/Library/Developer/Xcode/DerivedData/CodeLooper-crrddjihwjtfkwegrjrymctnfixv/Build/Intermediates.noindex/swift-service-lifecycle.build/Debug/ConcurrencyHelpers.build/Objects-normal/arm64/ConcurrencyHelpers_const_extract_protocols.json -Xcc -I/Users/steipete/Library/Developer/Xcode/DerivedData/CodeLooper-crrddjihwjtfkwegrjrymctnfixv/Build/Products/Debug/include -Xcc -I/Users/steipete/Library/Developer/Xcode/DerivedData/CodeLooper-crrddjihwjtfkwegrjrymctnfixv/Build/Intermediates.noindex/swift-service-lifecycle.build/Debug/ConcurrencyHelpers.build/DerivedSources-normal/arm64 -Xcc -I/Users/steipete/Library/Developer/Xcode/DerivedData/CodeLooper-crrddjihwjtfkwegrjrymctnfixv/Build/Intermediates.noindex/swift-service-lifecycle.build/Debug/ConcurrencyHelpers.build/DerivedSources/arm64 -Xcc -I/Users/steipete/Library/Developer/Xcode/DerivedData/CodeLooper-crrddjihwjtfkwegrjrymctnfixv/Build/Intermediates.noindex/swift-service-lifecycle.build/Debug/ConcurrencyHelpers.build/DerivedSources -Xcc -DSWIFT_PACKAGE -Xcc -DDEBUG\=1 -emit-objc-header -emit-objc-header-path /Users/steipete/Library/Developer/Xcode/DerivedData/CodeLooper-crrddjihwjtfkwegrjrymctnfixv/Build/Intermediates.noindex/swift-service-lifecycle.build/Debug/ConcurrencyHelpers.build/Objects-normal/arm64/ConcurrencyHelpers-Swift.h -working-directory /Users/steipete/Projects/CodeLooper -experimental-emit-module-separately -disable-cmo

SwiftDriverJobDiscovery normal arm64 Emitting module for _NIODataStructures (in target '_NIODataStructures' from project 'swift-nio')

SwiftDriver\ Compilation\ Requirements _NIODataStructures normal arm64 com.apple.xcode.tools.swift.compiler (in target '_NIODataStructures' from project 'swift-nio')
    cd /Users/steipete/Projects/CodeLooper
    builtin-Swift-Compilation-Requirements -- /Applications/Xcode-beta.app/Contents/Developer/Toolchains/XcodeDefault.xctoolchain/usr/bin/swiftc -module-name _NIODataStructures -Onone -enforce-exclusivity\=checked @/Users/steipete/Library/Developer/Xcode/DerivedData/CodeLooper-crrddjihwjtfkwegrjrymctnfixv/Build/Intermediates.noindex/swift-nio.build/Debug/_NIODataStructures.build/Objects-normal/arm64/_NIODataStructures.SwiftFileList -DSWIFT_PACKAGE -DDEBUG -DSWIFT_MODULE_RESOURCE_BUNDLE_UNAVAILABLE -DXcode -enable-upcoming-feature StrictConcurrency -enable-upcoming-feature InferSendableFromCaptures -enable-upcoming-feature MemberImportVisibility -plugin-path /Applications/Xcode-beta.app/Contents/Developer/Toolchains/XcodeDefault.xctoolchain/usr/lib/swift/host/plugins/testing -enable-experimental-feature DebugDescriptionMacro -sdk /Applications/Xcode-beta.app/Contents/Developer/Platforms/MacOSX.platform/Developer/SDKs/MacOSX26.0.sdk -target arm64-apple-macos10.13 -g -module-cache-path /Users/steipete/Library/Developer/Xcode/DerivedData/ModuleCache.noindex -Xfrontend -serialize-debugging-options -profile-coverage-mapping -profile-generate -enable-testing -suppress-warnings -index-store-path /Users/steipete/Library/Developer/Xcode/DerivedData/CodeLooper-crrddjihwjtfkwegrjrymctnfixv/Index.noindex/DataStore -swift-version 5 -I /Users/steipete/Library/Developer/Xcode/DerivedData/CodeLooper-crrddjihwjtfkwegrjrymctnfixv/Build/Products/Debug -I /Applications/Xcode-beta.app/Contents/Developer/Platforms/MacOSX.platform/Developer/usr/lib -F /Users/steipete/Library/Developer/Xcode/DerivedData/CodeLooper-crrddjihwjtfkwegrjrymctnfixv/Build/Products/Debug -F /Applications/Xcode-beta.app/Contents/Developer/Platforms/MacOSX.platform/Developer/Library/Frameworks -c -j16 -enable-batch-mode -incremental -Xcc -ivfsstatcache -Xcc /Users/steipete/Library/Developer/Xcode/DerivedData/SDKStatCaches.noindex/macosx26.0-25A5279m-5d9328ff1a6613a11d359de947506b52.sdkstatcache -output-file-map /Users/steipete/Library/Developer/Xcode/DerivedData/CodeLooper-crrddjihwjtfkwegrjrymctnfixv/Build/Intermediates.noindex/swift-nio.build/Debug/_NIODataStructures.build/Objects-normal/arm64/_NIODataStructures-OutputFileMap.json -use-frontend-parseable-output -save-temps -no-color-diagnostics -explicit-module-build -module-cache-path /Users/steipete/Library/Developer/Xcode/DerivedData/CodeLooper-crrddjihwjtfkwegrjrymctnfixv/Build/Intermediates.noindex/SwiftExplicitPrecompiledModules -clang-scanner-module-cache-path /Users/steipete/Library/Developer/Xcode/DerivedData/ModuleCache.noindex -sdk-module-cache-path /Users/steipete/Library/Developer/Xcode/DerivedData/ModuleCache.noindex -serialize-diagnostics -emit-dependencies -emit-module -emit-module-path /Users/steipete/Library/Developer/Xcode/DerivedData/CodeLooper-crrddjihwjtfkwegrjrymctnfixv/Build/Intermediates.noindex/swift-nio.build/Debug/_NIODataStructures.build/Objects-normal/arm64/_NIODataStructures.swiftmodule -validate-clang-modules-once -clang-build-session-file /Users/steipete/Library/Developer/Xcode/DerivedData/ModuleCache.noindex/Session.modulevalidation -package-name swift_nio -Xcc -I/Users/steipete/Library/Developer/Xcode/DerivedData/CodeLooper-crrddjihwjtfkwegrjrymctnfixv/Build/Intermediates.noindex/swift-nio.build/Debug/_NIODataStructures.build/swift-overrides.hmap -emit-const-values -Xfrontend -const-gather-protocols-file -Xfrontend /Users/steipete/Library/Developer/Xcode/DerivedData/CodeLooper-crrddjihwjtfkwegrjrymctnfixv/Build/Intermediates.noindex/swift-nio.build/Debug/_NIODataStructures.build/Objects-normal/arm64/_NIODataStructures_const_extract_protocols.json -Xcc -I/Users/steipete/Library/Developer/Xcode/DerivedData/CodeLooper-crrddjihwjtfkwegrjrymctnfixv/Build/Products/Debug/include -Xcc -I/Users/steipete/Library/Developer/Xcode/DerivedData/CodeLooper-crrddjihwjtfkwegrjrymctnfixv/Build/Intermediates.noindex/swift-nio.build/Debug/_NIODataStructures.build/DerivedSources-normal/arm64 -Xcc -I/Users/steipete/Library/Developer/Xcode/DerivedData/CodeLooper-crrddjihwjtfkwegrjrymctnfixv/Build/Intermediates.noindex/swift-nio.build/Debug/_NIODataStructures.build/DerivedSources/arm64 -Xcc -I/Users/steipete/Library/Developer/Xcode/DerivedData/CodeLooper-crrddjihwjtfkwegrjrymctnfixv/Build/Intermediates.noindex/swift-nio.build/Debug/_NIODataStructures.build/DerivedSources -Xcc -DSWIFT_PACKAGE -Xcc -DDEBUG\=1 -emit-objc-header -emit-objc-header-path /Users/steipete/Library/Developer/Xcode/DerivedData/CodeLooper-crrddjihwjtfkwegrjrymctnfixv/Build/Intermediates.noindex/swift-nio.build/Debug/_NIODataStructures.build/Objects-normal/arm64/_NIODataStructures-Swift.h -working-directory /Users/steipete/Projects/CodeLooper -experimental-emit-module-separately -disable-cmo

SwiftMergeGeneratedHeaders /Users/steipete/Library/Developer/Xcode/DerivedData/CodeLooper-crrddjihwjtfkwegrjrymctnfixv/Build/Intermediates.noindex/GeneratedModuleMaps/ConcurrencyHelpers-Swift.h /Users/steipete/Library/Developer/Xcode/DerivedData/CodeLooper-crrddjihwjtfkwegrjrymctnfixv/Build/Intermediates.noindex/swift-service-lifecycle.build/Debug/ConcurrencyHelpers.build/Objects-normal/arm64/ConcurrencyHelpers-Swift.h (in target 'ConcurrencyHelpers' from project 'swift-service-lifecycle')
    cd /Users/steipete/Library/Developer/Xcode/DerivedData/CodeLooper-crrddjihwjtfkwegrjrymctnfixv/SourcePackages/checkouts/swift-service-lifecycle
    builtin-swiftHeaderTool -arch arm64 /Users/steipete/Library/Developer/Xcode/DerivedData/CodeLooper-crrddjihwjtfkwegrjrymctnfixv/Build/Intermediates.noindex/swift-service-lifecycle.build/Debug/ConcurrencyHelpers.build/Objects-normal/arm64/ConcurrencyHelpers-Swift.h -o /Users/steipete/Library/Developer/Xcode/DerivedData/CodeLooper-crrddjihwjtfkwegrjrymctnfixv/Build/Intermediates.noindex/GeneratedModuleMaps/ConcurrencyHelpers-Swift.h

SwiftMergeGeneratedHeaders /Users/steipete/Library/Developer/Xcode/DerivedData/CodeLooper-crrddjihwjtfkwegrjrymctnfixv/Build/Intermediates.noindex/GeneratedModuleMaps/_NIODataStructures-Swift.h /Users/steipete/Library/Developer/Xcode/DerivedData/CodeLooper-crrddjihwjtfkwegrjrymctnfixv/Build/Intermediates.noindex/swift-nio.build/Debug/_NIODataStructures.build/Objects-normal/arm64/_NIODataStructures-Swift.h (in target '_NIODataStructures' from project 'swift-nio')
    cd /Users/steipete/Library/Developer/Xcode/DerivedData/CodeLooper-crrddjihwjtfkwegrjrymctnfixv/SourcePackages/checkouts/swift-nio
    builtin-swiftHeaderTool -arch arm64 /Users/steipete/Library/Developer/Xcode/DerivedData/CodeLooper-crrddjihwjtfkwegrjrymctnfixv/Build/Intermediates.noindex/swift-nio.build/Debug/_NIODataStructures.build/Objects-normal/arm64/_NIODataStructures-Swift.h -o /Users/steipete/Library/Developer/Xcode/DerivedData/CodeLooper-crrddjihwjtfkwegrjrymctnfixv/Build/Intermediates.noindex/GeneratedModuleMaps/_NIODataStructures-Swift.h

Copy /Users/steipete/Library/Developer/Xcode/DerivedData/CodeLooper-crrddjihwjtfkwegrjrymctnfixv/Build/Products/Debug/_NIODataStructures.swiftmodule/arm64-apple-macos.swiftmodule /Users/steipete/Library/Developer/Xcode/DerivedData/CodeLooper-crrddjihwjtfkwegrjrymctnfixv/Build/Intermediates.noindex/swift-nio.build/Debug/_NIODataStructures.build/Objects-normal/arm64/_NIODataStructures.swiftmodule (in target '_NIODataStructures' from project 'swift-nio')
    cd /Users/steipete/Library/Developer/Xcode/DerivedData/CodeLooper-crrddjihwjtfkwegrjrymctnfixv/SourcePackages/checkouts/swift-nio
    builtin-copy -exclude .DS_Store -exclude CVS -exclude .svn -exclude .git -exclude .hg -resolve-src-symlinks -rename /Users/steipete/Library/Developer/Xcode/DerivedData/CodeLooper-crrddjihwjtfkwegrjrymctnfixv/Build/Intermediates.noindex/swift-nio.build/Debug/_NIODataStructures.build/Objects-normal/arm64/_NIODataStructures.swiftmodule /Users/steipete/Library/Developer/Xcode/DerivedData/CodeLooper-crrddjihwjtfkwegrjrymctnfixv/Build/Products/Debug/_NIODataStructures.swiftmodule/arm64-apple-macos.swiftmodule

Copy /Users/steipete/Library/Developer/Xcode/DerivedData/CodeLooper-crrddjihwjtfkwegrjrymctnfixv/Build/Products/Debug/_NIODataStructures.swiftmodule/arm64-apple-macos.swiftdoc /Users/steipete/Library/Developer/Xcode/DerivedData/CodeLooper-crrddjihwjtfkwegrjrymctnfixv/Build/Intermediates.noindex/swift-nio.build/Debug/_NIODataStructures.build/Objects-normal/arm64/_NIODataStructures.swiftdoc (in target '_NIODataStructures' from project 'swift-nio')
    cd /Users/steipete/Library/Developer/Xcode/DerivedData/CodeLooper-crrddjihwjtfkwegrjrymctnfixv/SourcePackages/checkouts/swift-nio
    builtin-copy -exclude .DS_Store -exclude CVS -exclude .svn -exclude .git -exclude .hg -resolve-src-symlinks -rename /Users/steipete/Library/Developer/Xcode/DerivedData/CodeLooper-crrddjihwjtfkwegrjrymctnfixv/Build/Intermediates.noindex/swift-nio.build/Debug/_NIODataStructures.build/Objects-normal/arm64/_NIODataStructures.swiftdoc /Users/steipete/Library/Developer/Xcode/DerivedData/CodeLooper-crrddjihwjtfkwegrjrymctnfixv/Build/Products/Debug/_NIODataStructures.swiftmodule/arm64-apple-macos.swiftdoc

Copy /Users/steipete/Library/Developer/Xcode/DerivedData/CodeLooper-crrddjihwjtfkwegrjrymctnfixv/Build/Products/Debug/_NIODataStructures.swiftmodule/arm64-apple-macos.abi.json /Users/steipete/Library/Developer/Xcode/DerivedData/CodeLooper-crrddjihwjtfkwegrjrymctnfixv/Build/Intermediates.noindex/swift-nio.build/Debug/_NIODataStructures.build/Objects-normal/arm64/_NIODataStructures.abi.json (in target '_NIODataStructures' from project 'swift-nio')
    cd /Users/steipete/Library/Developer/Xcode/DerivedData/CodeLooper-crrddjihwjtfkwegrjrymctnfixv/SourcePackages/checkouts/swift-nio
    builtin-copy -exclude .DS_Store -exclude CVS -exclude .svn -exclude .git -exclude .hg -resolve-src-symlinks -rename /Users/steipete/Library/Developer/Xcode/DerivedData/CodeLooper-crrddjihwjtfkwegrjrymctnfixv/Build/Intermediates.noindex/swift-nio.build/Debug/_NIODataStructures.build/Objects-normal/arm64/_NIODataStructures.abi.json /Users/steipete/Library/Developer/Xcode/DerivedData/CodeLooper-crrddjihwjtfkwegrjrymctnfixv/Build/Products/Debug/_NIODataStructures.swiftmodule/arm64-apple-macos.abi.json

Copy /Users/steipete/Library/Developer/Xcode/DerivedData/CodeLooper-crrddjihwjtfkwegrjrymctnfixv/Build/Products/Debug/_NIODataStructures.swiftmodule/Project/arm64-apple-macos.swiftsourceinfo /Users/steipete/Library/Developer/Xcode/DerivedData/CodeLooper-crrddjihwjtfkwegrjrymctnfixv/Build/Intermediates.noindex/swift-nio.build/Debug/_NIODataStructures.build/Objects-normal/arm64/_NIODataStructures.swiftsourceinfo (in target '_NIODataStructures' from project 'swift-nio')
    cd /Users/steipete/Library/Developer/Xcode/DerivedData/CodeLooper-crrddjihwjtfkwegrjrymctnfixv/SourcePackages/checkouts/swift-nio
    builtin-copy -exclude .DS_Store -exclude CVS -exclude .svn -exclude .git -exclude .hg -resolve-src-symlinks -rename /Users/steipete/Library/Developer/Xcode/DerivedData/CodeLooper-crrddjihwjtfkwegrjrymctnfixv/Build/Intermediates.noindex/swift-nio.build/Debug/_NIODataStructures.build/Objects-normal/arm64/_NIODataStructures.swiftsourceinfo /Users/steipete/Library/Developer/Xcode/DerivedData/CodeLooper-crrddjihwjtfkwegrjrymctnfixv/Build/Products/Debug/_NIODataStructures.swiftmodule/Project/arm64-apple-macos.swiftsourceinfo

SwiftEmitModule normal arm64 Emitting\ module\ for\ KeychainAccess (in target 'KeychainAccess' from project 'KeychainAccess')

SwiftCompile normal arm64 /Users/steipete/Library/Developer/Xcode/DerivedData/CodeLooper-crrddjihwjtfkwegrjrymctnfixv/SourcePackages/checkouts/KeychainAccess/Lib/KeychainAccess/Keychain.swift (in target 'KeychainAccess' from project 'KeychainAccess')
    cd /Users/steipete/Projects/CodeLooper
    

Copy /Users/steipete/Library/Developer/Xcode/DerivedData/CodeLooper-crrddjihwjtfkwegrjrymctnfixv/Build/Products/Debug/ConcurrencyHelpers.swiftmodule/arm64-apple-macos.swiftmodule /Users/steipete/Library/Developer/Xcode/DerivedData/CodeLooper-crrddjihwjtfkwegrjrymctnfixv/Build/Intermediates.noindex/swift-service-lifecycle.build/Debug/ConcurrencyHelpers.build/Objects-normal/arm64/ConcurrencyHelpers.swiftmodule (in target 'ConcurrencyHelpers' from project 'swift-service-lifecycle')
    cd /Users/steipete/Library/Developer/Xcode/DerivedData/CodeLooper-crrddjihwjtfkwegrjrymctnfixv/SourcePackages/checkouts/swift-service-lifecycle
    builtin-copy -exclude .DS_Store -exclude CVS -exclude .svn -exclude .git -exclude .hg -resolve-src-symlinks -rename /Users/steipete/Library/Developer/Xcode/DerivedData/CodeLooper-crrddjihwjtfkwegrjrymctnfixv/Build/Intermediates.noindex/swift-service-lifecycle.build/Debug/ConcurrencyHelpers.build/Objects-normal/arm64/ConcurrencyHelpers.swiftmodule /Users/steipete/Library/Developer/Xcode/DerivedData/CodeLooper-crrddjihwjtfkwegrjrymctnfixv/Build/Products/Debug/ConcurrencyHelpers.swiftmodule/arm64-apple-macos.swiftmodule

Copy /Users/steipete/Library/Developer/Xcode/DerivedData/CodeLooper-crrddjihwjtfkwegrjrymctnfixv/Build/Products/Debug/ConcurrencyHelpers.swiftmodule/arm64-apple-macos.swiftdoc /Users/steipete/Library/Developer/Xcode/DerivedData/CodeLooper-crrddjihwjtfkwegrjrymctnfixv/Build/Intermediates.noindex/swift-service-lifecycle.build/Debug/ConcurrencyHelpers.build/Objects-normal/arm64/ConcurrencyHelpers.swiftdoc (in target 'ConcurrencyHelpers' from project 'swift-service-lifecycle')
    cd /Users/steipete/Library/Developer/Xcode/DerivedData/CodeLooper-crrddjihwjtfkwegrjrymctnfixv/SourcePackages/checkouts/swift-service-lifecycle
    builtin-copy -exclude .DS_Store -exclude CVS -exclude .svn -exclude .git -exclude .hg -resolve-src-symlinks -rename /Users/steipete/Library/Developer/Xcode/DerivedData/CodeLooper-crrddjihwjtfkwegrjrymctnfixv/Build/Intermediates.noindex/swift-service-lifecycle.build/Debug/ConcurrencyHelpers.build/Objects-normal/arm64/ConcurrencyHelpers.swiftdoc /Users/steipete/Library/Developer/Xcode/DerivedData/CodeLooper-crrddjihwjtfkwegrjrymctnfixv/Build/Products/Debug/ConcurrencyHelpers.swiftmodule/arm64-apple-macos.swiftdoc

Copy /Users/steipete/Library/Developer/Xcode/DerivedData/CodeLooper-crrddjihwjtfkwegrjrymctnfixv/Build/Products/Debug/ConcurrencyHelpers.swiftmodule/arm64-apple-macos.abi.json /Users/steipete/Library/Developer/Xcode/DerivedData/CodeLooper-crrddjihwjtfkwegrjrymctnfixv/Build/Intermediates.noindex/swift-service-lifecycle.build/Debug/ConcurrencyHelpers.build/Objects-normal/arm64/ConcurrencyHelpers.abi.json (in target 'ConcurrencyHelpers' from project 'swift-service-lifecycle')
    cd /Users/steipete/Library/Developer/Xcode/DerivedData/CodeLooper-crrddjihwjtfkwegrjrymctnfixv/SourcePackages/checkouts/swift-service-lifecycle
    builtin-copy -exclude .DS_Store -exclude CVS -exclude .svn -exclude .git -exclude .hg -resolve-src-symlinks -rename /Users/steipete/Library/Developer/Xcode/DerivedData/CodeLooper-crrddjihwjtfkwegrjrymctnfixv/Build/Intermediates.noindex/swift-service-lifecycle.build/Debug/ConcurrencyHelpers.build/Objects-normal/arm64/ConcurrencyHelpers.abi.json /Users/steipete/Library/Developer/Xcode/DerivedData/CodeLooper-crrddjihwjtfkwegrjrymctnfixv/Build/Products/Debug/ConcurrencyHelpers.swiftmodule/arm64-apple-macos.abi.json

Copy /Users/steipete/Library/Developer/Xcode/DerivedData/CodeLooper-crrddjihwjtfkwegrjrymctnfixv/Build/Products/Debug/ConcurrencyHelpers.swiftmodule/Project/arm64-apple-macos.swiftsourceinfo /Users/steipete/Library/Developer/Xcode/DerivedData/CodeLooper-crrddjihwjtfkwegrjrymctnfixv/Build/Intermediates.noindex/swift-service-lifecycle.build/Debug/ConcurrencyHelpers.build/Objects-normal/arm64/ConcurrencyHelpers.swiftsourceinfo (in target 'ConcurrencyHelpers' from project 'swift-service-lifecycle')
    cd /Users/steipete/Library/Developer/Xcode/DerivedData/CodeLooper-crrddjihwjtfkwegrjrymctnfixv/SourcePackages/checkouts/swift-service-lifecycle
    builtin-copy -exclude .DS_Store -exclude CVS -exclude .svn -exclude .git -exclude .hg -resolve-src-symlinks -rename /Users/steipete/Library/Developer/Xcode/DerivedData/CodeLooper-crrddjihwjtfkwegrjrymctnfixv/Build/Intermediates.noindex/swift-service-lifecycle.build/Debug/ConcurrencyHelpers.build/Objects-normal/arm64/ConcurrencyHelpers.swiftsourceinfo /Users/steipete/Library/Developer/Xcode/DerivedData/CodeLooper-crrddjihwjtfkwegrjrymctnfixv/Build/Products/Debug/ConcurrencyHelpers.swiftmodule/Project/arm64-apple-macos.swiftsourceinfo

Ld /Users/steipete/Library/Developer/Xcode/DerivedData/CodeLooper-crrddjihwjtfkwegrjrymctnfixv/Build/Products/Debug/CNIOWASI.o normal (in target 'CNIOWASI' from project 'swift-nio')
    cd /Users/steipete/Library/Developer/Xcode/DerivedData/CodeLooper-crrddjihwjtfkwegrjrymctnfixv/SourcePackages/checkouts/swift-nio
    /Applications/Xcode-beta.app/Contents/Developer/Toolchains/XcodeDefault.xctoolchain/usr/bin/clang -Xlinker -reproducible -target arm64-apple-macos10.13 -r -isysroot /Applications/Xcode-beta.app/Contents/Developer/Platforms/MacOSX.platform/Developer/SDKs/MacOSX26.0.sdk -O0 -w -L/Users/steipete/Library/Developer/Xcode/DerivedData/CodeLooper-crrddjihwjtfkwegrjrymctnfixv/Build/Intermediates.noindex/EagerLinkingTBDs/Debug -L/Users/steipete/Library/Developer/Xcode/DerivedData/CodeLooper-crrddjihwjtfkwegrjrymctnfixv/Build/Products/Debug -L/Applications/Xcode-beta.app/Contents/Developer/Platforms/MacOSX.platform/Developer/usr/lib -F/Users/steipete/Library/Developer/Xcode/DerivedData/CodeLooper-crrddjihwjtfkwegrjrymctnfixv/Build/Intermediates.noindex/EagerLinkingTBDs/Debug -F/Users/steipete/Library/Developer/Xcode/DerivedData/CodeLooper-crrddjihwjtfkwegrjrymctnfixv/Build/Products/Debug -iframework /Applications/Xcode-beta.app/Contents/Developer/Platforms/MacOSX.platform/Developer/Library/Frameworks -filelist /Users/steipete/Library/Developer/Xcode/DerivedData/CodeLooper-crrddjihwjtfkwegrjrymctnfixv/Build/Intermediates.noindex/swift-nio.build/Debug/CNIOWASI.build/Objects-normal/arm64/CNIOWASI.LinkFileList -nostdlib -Xlinker -object_path_lto -Xlinker /Users/steipete/Library/Developer/Xcode/DerivedData/CodeLooper-crrddjihwjtfkwegrjrymctnfixv/Build/Intermediates.noindex/swift-nio.build/Debug/CNIOWASI.build/Objects-normal/arm64/CNIOWASI_lto.o -rdynamic -Xlinker -no_deduplicate -Xlinker -debug_variant -Xlinker -dependency_info -Xlinker /Users/steipete/Library/Developer/Xcode/DerivedData/CodeLooper-crrddjihwjtfkwegrjrymctnfixv/Build/Intermediates.noindex/swift-nio.build/Debug/CNIOWASI.build/Objects-normal/arm64/CNIOWASI_dependency_info.dat -o /Users/steipete/Library/Developer/Xcode/DerivedData/CodeLooper-crrddjihwjtfkwegrjrymctnfixv/Build/Products/Debug/CNIOWASI.o

CompileC /Users/steipete/Library/Developer/Xcode/DerivedData/CodeLooper-crrddjihwjtfkwegrjrymctnfixv/Build/Intermediates.noindex/swift-nio.build/Debug/CNIOLinux.build/Objects-normal/arm64/shim.o /Users/steipete/Library/Developer/Xcode/DerivedData/CodeLooper-crrddjihwjtfkwegrjrymctnfixv/SourcePackages/checkouts/swift-nio/Sources/CNIOLinux/shim.c normal arm64 c com.apple.compilers.llvm.clang.1_0.compiler (in target 'CNIOLinux' from project 'swift-nio')
    cd /Users/steipete/Projects/CodeLooper
    
    Using response file: /Users/steipete/Library/Developer/Xcode/DerivedData/CodeLooper-crrddjihwjtfkwegrjrymctnfixv/Build/Intermediates.noindex/swift-nio.build/Debug/CNIOLinux.build/Objects-normal/arm64/7187679823f38a2a940e0043cdf9d637-common-args.resp
    
    /Applications/Xcode-beta.app/Contents/Developer/Toolchains/XcodeDefault.xctoolchain/usr/bin/clang -x c -ivfsstatcache /Users/steipete/Library/Developer/Xcode/DerivedData/SDKStatCaches.noindex/macosx26.0-25A5279m-5d9328ff1a6613a11d359de947506b52.sdkstatcache -fmessage-length\=0 -fdiagnostics-show-note-include-stack -fmacro-backtrace-limit\=0 -fno-color-diagnostics -fmodules-prune-interval\=86400 -fmodules-prune-after\=345600 -fbuild-session-file\=/Users/steipete/Library/Developer/Xcode/DerivedData/ModuleCache.noindex/Session.modulevalidation -fmodules-validate-once-per-build-session -Wnon-modular-include-in-framework-module -Werror\=non-modular-include-in-framework-module -Wno-trigraphs -Wno-missing-field-initializers -Wno-missing-prototypes -Wno-return-type -Wno-missing-braces -Wparentheses -Wswitch -Wno-unused-function -Wno-unused-label -Wno-unused-parameter -Wno-unused-variable -Wunused-value -Wno-empty-body -Wno-uninitialized -Wno-unknown-pragmas -w -Wno-shadow -Wno-four-char-constants -Wno-conversion -Wno-constant-conversion -Wno-int-conversion -Wno-bool-conversion -Wno-enum-conversion -Wno-float-conversion -Wno-non-literal-null-conversion -Wno-objc-literal-conversion -Wshorten-64-to-32 -Wpointer-sign -Wno-newline-eof -Wno-implicit-fallthrough -fstrict-aliasing -Wdeprecated-declarations -Wno-sign-conversion -Wno-infinite-recursion -Wno-comma -Wno-block-capture-autoreleasing -Wno-strict-prototypes -Wno-semicolon-before-method-body -index-store-path /Users/steipete/Library/Developer/Xcode/DerivedData/CodeLooper-crrddjihwjtfkwegrjrymctnfixv/Index.noindex/DataStore @/Users/steipete/Library/Developer/Xcode/DerivedData/CodeLooper-crrddjihwjtfkwegrjrymctnfixv/Build/Intermediates.noindex/swift-nio.build/Debug/CNIOLinux.build/Objects-normal/arm64/7187679823f38a2a940e0043cdf9d637-common-args.resp -MMD -MT dependencies -MF /Users/steipete/Library/Developer/Xcode/DerivedData/CodeLooper-crrddjihwjtfkwegrjrymctnfixv/Build/Intermediates.noindex/swift-nio.build/Debug/CNIOLinux.build/Objects-normal/arm64/shim.d --serialize-diagnostics /Users/steipete/Library/Developer/Xcode/DerivedData/CodeLooper-crrddjihwjtfkwegrjrymctnfixv/Build/Intermediates.noindex/swift-nio.build/Debug/CNIOLinux.build/Objects-normal/arm64/shim.dia -c /Users/steipete/Library/Developer/Xcode/DerivedData/CodeLooper-crrddjihwjtfkwegrjrymctnfixv/SourcePackages/checkouts/swift-nio/Sources/CNIOLinux/shim.c -o /Users/steipete/Library/Developer/Xcode/DerivedData/CodeLooper-crrddjihwjtfkwegrjrymctnfixv/Build/Intermediates.noindex/swift-nio.build/Debug/CNIOLinux.build/Objects-normal/arm64/shim.o -index-unit-output-path /swift-nio.build/Debug/CNIOLinux.build/Objects-normal/arm64/shim.o

CompileC /Users/steipete/Library/Developer/Xcode/DerivedData/CodeLooper-crrddjihwjtfkwegrjrymctnfixv/Build/Intermediates.noindex/swift-nio.build/Debug/CNIOLinux.build/Objects-normal/arm64/liburing_shims.o /Users/steipete/Library/Developer/Xcode/DerivedData/CodeLooper-crrddjihwjtfkwegrjrymctnfixv/SourcePackages/checkouts/swift-nio/Sources/CNIOLinux/liburing_shims.c normal arm64 c com.apple.compilers.llvm.clang.1_0.compiler (in target 'CNIOLinux' from project 'swift-nio')
    cd /Users/steipete/Projects/CodeLooper
    
    Using response file: /Users/steipete/Library/Developer/Xcode/DerivedData/CodeLooper-crrddjihwjtfkwegrjrymctnfixv/Build/Intermediates.noindex/swift-nio.build/Debug/CNIOLinux.build/Objects-normal/arm64/7187679823f38a2a940e0043cdf9d637-common-args.resp
    
    /Applications/Xcode-beta.app/Contents/Developer/Toolchains/XcodeDefault.xctoolchain/usr/bin/clang -x c -ivfsstatcache /Users/steipete/Library/Developer/Xcode/DerivedData/SDKStatCaches.noindex/macosx26.0-25A5279m-5d9328ff1a6613a11d359de947506b52.sdkstatcache -fmessage-length\=0 -fdiagnostics-show-note-include-stack -fmacro-backtrace-limit\=0 -fno-color-diagnostics -fmodules-prune-interval\=86400 -fmodules-prune-after\=345600 -fbuild-session-file\=/Users/steipete/Library/Developer/Xcode/DerivedData/ModuleCache.noindex/Session.modulevalidation -fmodules-validate-once-per-build-session -Wnon-modular-include-in-framework-module -Werror\=non-modular-include-in-framework-module -Wno-trigraphs -Wno-missing-field-initializers -Wno-missing-prototypes -Wno-return-type -Wno-missing-braces -Wparentheses -Wswitch -Wno-unused-function -Wno-unused-label -Wno-unused-parameter -Wno-unused-variable -Wunused-value -Wno-empty-body -Wno-uninitialized -Wno-unknown-pragmas -w -Wno-shadow -Wno-four-char-constants -Wno-conversion -Wno-constant-conversion -Wno-int-conversion -Wno-bool-conversion -Wno-enum-conversion -Wno-float-conversion -Wno-non-literal-null-conversion -Wno-objc-literal-conversion -Wshorten-64-to-32 -Wpointer-sign -Wno-newline-eof -Wno-implicit-fallthrough -fstrict-aliasing -Wdeprecated-declarations -Wno-sign-conversion -Wno-infinite-recursion -Wno-comma -Wno-block-capture-autoreleasing -Wno-strict-prototypes -Wno-semicolon-before-method-body -index-store-path /Users/steipete/Library/Developer/Xcode/DerivedData/CodeLooper-crrddjihwjtfkwegrjrymctnfixv/Index.noindex/DataStore @/Users/steipete/Library/Developer/Xcode/DerivedData/CodeLooper-crrddjihwjtfkwegrjrymctnfixv/Build/Intermediates.noindex/swift-nio.build/Debug/CNIOLinux.build/Objects-normal/arm64/7187679823f38a2a940e0043cdf9d637-common-args.resp -MMD -MT dependencies -MF /Users/steipete/Library/Developer/Xcode/DerivedData/CodeLooper-crrddjihwjtfkwegrjrymctnfixv/Build/Intermediates.noindex/swift-nio.build/Debug/CNIOLinux.build/Objects-normal/arm64/liburing_shims.d --serialize-diagnostics /Users/steipete/Library/Developer/Xcode/DerivedData/CodeLooper-crrddjihwjtfkwegrjrymctnfixv/Build/Intermediates.noindex/swift-nio.build/Debug/CNIOLinux.build/Objects-normal/arm64/liburing_shims.dia -c /Users/steipete/Library/Developer/Xcode/DerivedData/CodeLooper-crrddjihwjtfkwegrjrymctnfixv/SourcePackages/checkouts/swift-nio/Sources/CNIOLinux/liburing_shims.c -o /Users/steipete/Library/Developer/Xcode/DerivedData/CodeLooper-crrddjihwjtfkwegrjrymctnfixv/Build/Intermediates.noindex/swift-nio.build/Debug/CNIOLinux.build/Objects-normal/arm64/liburing_shims.o -index-unit-output-path /swift-nio.build/Debug/CNIOLinux.build/Objects-normal/arm64/liburing_shims.o

SwiftDriverJobDiscovery normal arm64 Emitting module for Logging (in target 'Logging' from project 'swift-log')

SwiftDriver\ Compilation\ Requirements Logging normal arm64 com.apple.xcode.tools.swift.compiler (in target 'Logging' from project 'swift-log')
    cd /Users/steipete/Projects/CodeLooper
    builtin-Swift-Compilation-Requirements -- /Applications/Xcode-beta.app/Contents/Developer/Toolchains/XcodeDefault.xctoolchain/usr/bin/swiftc -module-name Logging -Onone -enforce-exclusivity\=checked @/Users/steipete/Library/Developer/Xcode/DerivedData/CodeLooper-crrddjihwjtfkwegrjrymctnfixv/Build/Intermediates.noindex/swift-log.build/Debug/Logging.build/Objects-normal/arm64/Logging.SwiftFileList -DSWIFT_PACKAGE -DDEBUG -DSWIFT_MODULE_RESOURCE_BUNDLE_UNAVAILABLE -DXcode -enable-experimental-feature StrictConcurrency\=complete -enable-upcoming-feature MemberImportVisibility -plugin-path /Applications/Xcode-beta.app/Contents/Developer/Toolchains/XcodeDefault.xctoolchain/usr/lib/swift/host/plugins/testing -enable-experimental-feature DebugDescriptionMacro -sdk /Applications/Xcode-beta.app/Contents/Developer/Platforms/MacOSX.platform/Developer/SDKs/MacOSX26.0.sdk -target arm64-apple-macos10.13 -g -module-cache-path /Users/steipete/Library/Developer/Xcode/DerivedData/ModuleCache.noindex -Xfrontend -serialize-debugging-options -profile-coverage-mapping -profile-generate -enable-testing -suppress-warnings -index-store-path /Users/steipete/Library/Developer/Xcode/DerivedData/CodeLooper-crrddjihwjtfkwegrjrymctnfixv/Index.noindex/DataStore -swift-version 5 -I /Users/steipete/Library/Developer/Xcode/DerivedData/CodeLooper-crrddjihwjtfkwegrjrymctnfixv/Build/Products/Debug -I /Applications/Xcode-beta.app/Contents/Developer/Platforms/MacOSX.platform/Developer/usr/lib -F /Users/steipete/Library/Developer/Xcode/DerivedData/CodeLooper-crrddjihwjtfkwegrjrymctnfixv/Build/Products/Debug -F /Applications/Xcode-beta.app/Contents/Developer/Platforms/MacOSX.platform/Developer/Library/Frameworks -c -j16 -enable-batch-mode -incremental -Xcc -ivfsstatcache -Xcc /Users/steipete/Library/Developer/Xcode/DerivedData/SDKStatCaches.noindex/macosx26.0-25A5279m-5d9328ff1a6613a11d359de947506b52.sdkstatcache -output-file-map /Users/steipete/Library/Developer/Xcode/DerivedData/CodeLooper-crrddjihwjtfkwegrjrymctnfixv/Build/Intermediates.noindex/swift-log.build/Debug/Logging.build/Objects-normal/arm64/Logging-OutputFileMap.json -use-frontend-parseable-output -save-temps -no-color-diagnostics -explicit-module-build -module-cache-path /Users/steipete/Library/Developer/Xcode/DerivedData/CodeLooper-crrddjihwjtfkwegrjrymctnfixv/Build/Intermediates.noindex/SwiftExplicitPrecompiledModules -clang-scanner-module-cache-path /Users/steipete/Library/Developer/Xcode/DerivedData/ModuleCache.noindex -sdk-module-cache-path /Users/steipete/Library/Developer/Xcode/DerivedData/ModuleCache.noindex -serialize-diagnostics -emit-dependencies -emit-module -emit-module-path /Users/steipete/Library/Developer/Xcode/DerivedData/CodeLooper-crrddjihwjtfkwegrjrymctnfixv/Build/Intermediates.noindex/swift-log.build/Debug/Logging.build/Objects-normal/arm64/Logging.swiftmodule -validate-clang-modules-once -clang-build-session-file /Users/steipete/Library/Developer/Xcode/DerivedData/ModuleCache.noindex/Session.modulevalidation -package-name swift_log -Xcc -I/Users/steipete/Library/Developer/Xcode/DerivedData/CodeLooper-crrddjihwjtfkwegrjrymctnfixv/Build/Intermediates.noindex/swift-log.build/Debug/Logging.build/swift-overrides.hmap -emit-const-values -Xfrontend -const-gather-protocols-file -Xfrontend /Users/steipete/Library/Developer/Xcode/DerivedData/CodeLooper-crrddjihwjtfkwegrjrymctnfixv/Build/Intermediates.noindex/swift-log.build/Debug/Logging.build/Objects-normal/arm64/Logging_const_extract_protocols.json -Xcc -I/Users/steipete/Library/Developer/Xcode/DerivedData/CodeLooper-crrddjihwjtfkwegrjrymctnfixv/Build/Products/Debug/include -Xcc -I/Users/steipete/Library/Developer/Xcode/DerivedData/CodeLooper-crrddjihwjtfkwegrjrymctnfixv/Build/Intermediates.noindex/swift-log.build/Debug/Logging.build/DerivedSources-normal/arm64 -Xcc -I/Users/steipete/Library/Developer/Xcode/DerivedData/CodeLooper-crrddjihwjtfkwegrjrymctnfixv/Build/Intermediates.noindex/swift-log.build/Debug/Logging.build/DerivedSources/arm64 -Xcc -I/Users/steipete/Library/Developer/Xcode/DerivedData/CodeLooper-crrddjihwjtfkwegrjrymctnfixv/Build/Intermediates.noindex/swift-log.build/Debug/Logging.build/DerivedSources -Xcc -DSWIFT_PACKAGE -Xcc -DDEBUG\=1 -emit-objc-header -emit-objc-header-path /Users/steipete/Library/Developer/Xcode/DerivedData/CodeLooper-crrddjihwjtfkwegrjrymctnfixv/Build/Intermediates.noindex/swift-log.build/Debug/Logging.build/Objects-normal/arm64/Logging-Swift.h -working-directory /Users/steipete/Projects/CodeLooper -experimental-emit-module-separately -disable-cmo

PrecompileModule /Users/steipete/Library/Developer/Xcode/DerivedData/CodeLooper-crrddjihwjtfkwegrjrymctnfixv/Build/Intermediates.noindex/ExplicitPrecompiledModules/_Builtin_stddef-4W1SGRMHKOQ4ZTE9LSWWA7S99.scan
    cd /
    builtin-precompileModule /Users/steipete/Library/Developer/Xcode/DerivedData/CodeLooper-crrddjihwjtfkwegrjrymctnfixv/Build/Intermediates.noindex/ExplicitPrecompiledModules/_Builtin_stddef-4W1SGRMHKOQ4ZTE9LSWWA7S99.scan

SwiftMergeGeneratedHeaders /Users/steipete/Library/Developer/Xcode/DerivedData/CodeLooper-crrddjihwjtfkwegrjrymctnfixv/Build/Intermediates.noindex/GeneratedModuleMaps/Logging-Swift.h /Users/steipete/Library/Developer/Xcode/DerivedData/CodeLooper-crrddjihwjtfkwegrjrymctnfixv/Build/Intermediates.noindex/swift-log.build/Debug/Logging.build/Objects-normal/arm64/Logging-Swift.h (in target 'Logging' from project 'swift-log')
    cd /Users/steipete/Library/Developer/Xcode/DerivedData/CodeLooper-crrddjihwjtfkwegrjrymctnfixv/SourcePackages/checkouts/swift-log
    builtin-swiftHeaderTool -arch arm64 /Users/steipete/Library/Developer/Xcode/DerivedData/CodeLooper-crrddjihwjtfkwegrjrymctnfixv/Build/Intermediates.noindex/swift-log.build/Debug/Logging.build/Objects-normal/arm64/Logging-Swift.h -o /Users/steipete/Library/Developer/Xcode/DerivedData/CodeLooper-crrddjihwjtfkwegrjrymctnfixv/Build/Intermediates.noindex/GeneratedModuleMaps/Logging-Swift.h

Copy /Users/steipete/Library/Developer/Xcode/DerivedData/CodeLooper-crrddjihwjtfkwegrjrymctnfixv/Build/Products/Debug/Logging.swiftmodule/arm64-apple-macos.swiftmodule /Users/steipete/Library/Developer/Xcode/DerivedData/CodeLooper-crrddjihwjtfkwegrjrymctnfixv/Build/Intermediates.noindex/swift-log.build/Debug/Logging.build/Objects-normal/arm64/Logging.swiftmodule (in target 'Logging' from project 'swift-log')
    cd /Users/steipete/Library/Developer/Xcode/DerivedData/CodeLooper-crrddjihwjtfkwegrjrymctnfixv/SourcePackages/checkouts/swift-log
    builtin-copy -exclude .DS_Store -exclude CVS -exclude .svn -exclude .git -exclude .hg -resolve-src-symlinks -rename /Users/steipete/Library/Developer/Xcode/DerivedData/CodeLooper-crrddjihwjtfkwegrjrymctnfixv/Build/Intermediates.noindex/swift-log.build/Debug/Logging.build/Objects-normal/arm64/Logging.swiftmodule /Users/steipete/Library/Developer/Xcode/DerivedData/CodeLooper-crrddjihwjtfkwegrjrymctnfixv/Build/Products/Debug/Logging.swiftmodule/arm64-apple-macos.swiftmodule

Copy /Users/steipete/Library/Developer/Xcode/DerivedData/CodeLooper-crrddjihwjtfkwegrjrymctnfixv/Build/Products/Debug/Logging.swiftmodule/arm64-apple-macos.swiftdoc /Users/steipete/Library/Developer/Xcode/DerivedData/CodeLooper-crrddjihwjtfkwegrjrymctnfixv/Build/Intermediates.noindex/swift-log.build/Debug/Logging.build/Objects-normal/arm64/Logging.swiftdoc (in target 'Logging' from project 'swift-log')
    cd /Users/steipete/Library/Developer/Xcode/DerivedData/CodeLooper-crrddjihwjtfkwegrjrymctnfixv/SourcePackages/checkouts/swift-log
    builtin-copy -exclude .DS_Store -exclude CVS -exclude .svn -exclude .git -exclude .hg -resolve-src-symlinks -rename /Users/steipete/Library/Developer/Xcode/DerivedData/CodeLooper-crrddjihwjtfkwegrjrymctnfixv/Build/Intermediates.noindex/swift-log.build/Debug/Logging.build/Objects-normal/arm64/Logging.swiftdoc /Users/steipete/Library/Developer/Xcode/DerivedData/CodeLooper-crrddjihwjtfkwegrjrymctnfixv/Build/Products/Debug/Logging.swiftmodule/arm64-apple-macos.swiftdoc

Copy /Users/steipete/Library/Developer/Xcode/DerivedData/CodeLooper-crrddjihwjtfkwegrjrymctnfixv/Build/Products/Debug/Logging.swiftmodule/arm64-apple-macos.abi.json /Users/steipete/Library/Developer/Xcode/DerivedData/CodeLooper-crrddjihwjtfkwegrjrymctnfixv/Build/Intermediates.noindex/swift-log.build/Debug/Logging.build/Objects-normal/arm64/Logging.abi.json (in target 'Logging' from project 'swift-log')
    cd /Users/steipete/Library/Developer/Xcode/DerivedData/CodeLooper-crrddjihwjtfkwegrjrymctnfixv/SourcePackages/checkouts/swift-log
    builtin-copy -exclude .DS_Store -exclude CVS -exclude .svn -exclude .git -exclude .hg -resolve-src-symlinks -rename /Users/steipete/Library/Developer/Xcode/DerivedData/CodeLooper-crrddjihwjtfkwegrjrymctnfixv/Build/Intermediates.noindex/swift-log.build/Debug/Logging.build/Objects-normal/arm64/Logging.abi.json /Users/steipete/Library/Developer/Xcode/DerivedData/CodeLooper-crrddjihwjtfkwegrjrymctnfixv/Build/Products/Debug/Logging.swiftmodule/arm64-apple-macos.abi.json

Copy /Users/steipete/Library/Developer/Xcode/DerivedData/CodeLooper-crrddjihwjtfkwegrjrymctnfixv/Build/Products/Debug/Logging.swiftmodule/Project/arm64-apple-macos.swiftsourceinfo /Users/steipete/Library/Developer/Xcode/DerivedData/CodeLooper-crrddjihwjtfkwegrjrymctnfixv/Build/Intermediates.noindex/swift-log.build/Debug/Logging.build/Objects-normal/arm64/Logging.swiftsourceinfo (in target 'Logging' from project 'swift-log')
    cd /Users/steipete/Library/Developer/Xcode/DerivedData/CodeLooper-crrddjihwjtfkwegrjrymctnfixv/SourcePackages/checkouts/swift-log
    builtin-copy -exclude .DS_Store -exclude CVS -exclude .svn -exclude .git -exclude .hg -resolve-src-symlinks -rename /Users/steipete/Library/Developer/Xcode/DerivedData/CodeLooper-crrddjihwjtfkwegrjrymctnfixv/Build/Intermediates.noindex/swift-log.build/Debug/Logging.build/Objects-normal/arm64/Logging.swiftsourceinfo /Users/steipete/Library/Developer/Xcode/DerivedData/CodeLooper-crrddjihwjtfkwegrjrymctnfixv/Build/Products/Debug/Logging.swiftmodule/Project/arm64-apple-macos.swiftsourceinfo

Ld /Users/steipete/Library/Developer/Xcode/DerivedData/CodeLooper-crrddjihwjtfkwegrjrymctnfixv/Build/Products/Debug/CNIOLinux.o normal (in target 'CNIOLinux' from project 'swift-nio')
    cd /Users/steipete/Library/Developer/Xcode/DerivedData/CodeLooper-crrddjihwjtfkwegrjrymctnfixv/SourcePackages/checkouts/swift-nio
    /Applications/Xcode-beta.app/Contents/Developer/Toolchains/XcodeDefault.xctoolchain/usr/bin/clang -Xlinker -reproducible -target arm64-apple-macos10.13 -r -isysroot /Applications/Xcode-beta.app/Contents/Developer/Platforms/MacOSX.platform/Developer/SDKs/MacOSX26.0.sdk -O0 -w -L/Users/steipete/Library/Developer/Xcode/DerivedData/CodeLooper-crrddjihwjtfkwegrjrymctnfixv/Build/Intermediates.noindex/EagerLinkingTBDs/Debug -L/Users/steipete/Library/Developer/Xcode/DerivedData/CodeLooper-crrddjihwjtfkwegrjrymctnfixv/Build/Products/Debug -L/Applications/Xcode-beta.app/Contents/Developer/Platforms/MacOSX.platform/Developer/usr/lib -F/Users/steipete/Library/Developer/Xcode/DerivedData/CodeLooper-crrddjihwjtfkwegrjrymctnfixv/Build/Intermediates.noindex/EagerLinkingTBDs/Debug -F/Users/steipete/Library/Developer/Xcode/DerivedData/CodeLooper-crrddjihwjtfkwegrjrymctnfixv/Build/Products/Debug -iframework /Applications/Xcode-beta.app/Contents/Developer/Platforms/MacOSX.platform/Developer/Library/Frameworks -filelist /Users/steipete/Library/Developer/Xcode/DerivedData/CodeLooper-crrddjihwjtfkwegrjrymctnfixv/Build/Intermediates.noindex/swift-nio.build/Debug/CNIOLinux.build/Objects-normal/arm64/CNIOLinux.LinkFileList -nostdlib -Xlinker -object_path_lto -Xlinker /Users/steipete/Library/Developer/Xcode/DerivedData/CodeLooper-crrddjihwjtfkwegrjrymctnfixv/Build/Intermediates.noindex/swift-nio.build/Debug/CNIOLinux.build/Objects-normal/arm64/CNIOLinux_lto.o -rdynamic -Xlinker -no_deduplicate -Xlinker -debug_variant -Xlinker -dependency_info -Xlinker /Users/steipete/Library/Developer/Xcode/DerivedData/CodeLooper-crrddjihwjtfkwegrjrymctnfixv/Build/Intermediates.noindex/swift-nio.build/Debug/CNIOLinux.build/Objects-normal/arm64/CNIOLinux_dependency_info.dat -o /Users/steipete/Library/Developer/Xcode/DerivedData/CodeLooper-crrddjihwjtfkwegrjrymctnfixv/Build/Products/Debug/CNIOLinux.o

PrecompileModule /Users/steipete/Library/Developer/Xcode/DerivedData/CodeLooper-crrddjihwjtfkwegrjrymctnfixv/Build/Intermediates.noindex/ExplicitPrecompiledModules/_Builtin_stddef-1OPCFP3RDP6UE6LWGKYGVDIJY.scan
    cd /
    builtin-precompileModule /Users/steipete/Library/Developer/Xcode/DerivedData/CodeLooper-crrddjihwjtfkwegrjrymctnfixv/Build/Intermediates.noindex/ExplicitPrecompiledModules/_Builtin_stddef-1OPCFP3RDP6UE6LWGKYGVDIJY.scan

PrecompileModule /Users/steipete/Library/Developer/Xcode/DerivedData/CodeLooper-crrddjihwjtfkwegrjrymctnfixv/Build/Intermediates.noindex/ExplicitPrecompiledModules/ptrcheck-DOF6US70PD85COVM45SOZ5KVH.scan
    cd /
    builtin-precompileModule /Users/steipete/Library/Developer/Xcode/DerivedData/CodeLooper-crrddjihwjtfkwegrjrymctnfixv/Build/Intermediates.noindex/ExplicitPrecompiledModules/ptrcheck-DOF6US70PD85COVM45SOZ5KVH.scan

SwiftDriverJobDiscovery normal arm64 Emitting module for CoreMetrics (in target 'CoreMetrics' from project 'swift-metrics')

SwiftDriver\ Compilation\ Requirements CoreMetrics normal arm64 com.apple.xcode.tools.swift.compiler (in target 'CoreMetrics' from project 'swift-metrics')
    cd /Users/steipete/Projects/CodeLooper
    builtin-Swift-Compilation-Requirements -- /Applications/Xcode-beta.app/Contents/Developer/Toolchains/XcodeDefault.xctoolchain/usr/bin/swiftc -module-name CoreMetrics -Onone -enforce-exclusivity\=checked @/Users/steipete/Library/Developer/Xcode/DerivedData/CodeLooper-crrddjihwjtfkwegrjrymctnfixv/Build/Intermediates.noindex/swift-metrics.build/Debug/CoreMetrics.build/Objects-normal/arm64/CoreMetrics.SwiftFileList -DSWIFT_PACKAGE -DDEBUG -DSWIFT_MODULE_RESOURCE_BUNDLE_UNAVAILABLE -DXcode -enable-experimental-feature StrictConcurrency\=complete -enable-upcoming-feature MemberImportVisibility -plugin-path /Applications/Xcode-beta.app/Contents/Developer/Toolchains/XcodeDefault.xctoolchain/usr/lib/swift/host/plugins/testing -enable-experimental-feature DebugDescriptionMacro -sdk /Applications/Xcode-beta.app/Contents/Developer/Platforms/MacOSX.platform/Developer/SDKs/MacOSX26.0.sdk -target arm64-apple-macos10.13 -g -module-cache-path /Users/steipete/Library/Developer/Xcode/DerivedData/ModuleCache.noindex -Xfrontend -serialize-debugging-options -profile-coverage-mapping -profile-generate -enable-testing -suppress-warnings -index-store-path /Users/steipete/Library/Developer/Xcode/DerivedData/CodeLooper-crrddjihwjtfkwegrjrymctnfixv/Index.noindex/DataStore -swift-version 5 -I /Users/steipete/Library/Developer/Xcode/DerivedData/CodeLooper-crrddjihwjtfkwegrjrymctnfixv/Build/Products/Debug -I /Applications/Xcode-beta.app/Contents/Developer/Platforms/MacOSX.platform/Developer/usr/lib -F /Users/steipete/Library/Developer/Xcode/DerivedData/CodeLooper-crrddjihwjtfkwegrjrymctnfixv/Build/Products/Debug -F /Applications/Xcode-beta.app/Contents/Developer/Platforms/MacOSX.platform/Developer/Library/Frameworks -c -j16 -enable-batch-mode -incremental -Xcc -ivfsstatcache -Xcc /Users/steipete/Library/Developer/Xcode/DerivedData/SDKStatCaches.noindex/macosx26.0-25A5279m-5d9328ff1a6613a11d359de947506b52.sdkstatcache -output-file-map /Users/steipete/Library/Developer/Xcode/DerivedData/CodeLooper-crrddjihwjtfkwegrjrymctnfixv/Build/Intermediates.noindex/swift-metrics.build/Debug/CoreMetrics.build/Objects-normal/arm64/CoreMetrics-OutputFileMap.json -use-frontend-parseable-output -save-temps -no-color-diagnostics -explicit-module-build -module-cache-path /Users/steipete/Library/Developer/Xcode/DerivedData/CodeLooper-crrddjihwjtfkwegrjrymctnfixv/Build/Intermediates.noindex/SwiftExplicitPrecompiledModules -clang-scanner-module-cache-path /Users/steipete/Library/Developer/Xcode/DerivedData/ModuleCache.noindex -sdk-module-cache-path /Users/steipete/Library/Developer/Xcode/DerivedData/ModuleCache.noindex -serialize-diagnostics -emit-dependencies -emit-module -emit-module-path /Users/steipete/Library/Developer/Xcode/DerivedData/CodeLooper-crrddjihwjtfkwegrjrymctnfixv/Build/Intermediates.noindex/swift-metrics.build/Debug/CoreMetrics.build/Objects-normal/arm64/CoreMetrics.swiftmodule -validate-clang-modules-once -clang-build-session-file /Users/steipete/Library/Developer/Xcode/DerivedData/ModuleCache.noindex/Session.modulevalidation -package-name swift_metrics -Xcc -I/Users/steipete/Library/Developer/Xcode/DerivedData/CodeLooper-crrddjihwjtfkwegrjrymctnfixv/Build/Intermediates.noindex/swift-metrics.build/Debug/CoreMetrics.build/swift-overrides.hmap -emit-const-values -Xfrontend -const-gather-protocols-file -Xfrontend /Users/steipete/Library/Developer/Xcode/DerivedData/CodeLooper-crrddjihwjtfkwegrjrymctnfixv/Build/Intermediates.noindex/swift-metrics.build/Debug/CoreMetrics.build/Objects-normal/arm64/CoreMetrics_const_extract_protocols.json -Xcc -I/Users/steipete/Library/Developer/Xcode/DerivedData/CodeLooper-crrddjihwjtfkwegrjrymctnfixv/Build/Products/Debug/include -Xcc -I/Users/steipete/Library/Developer/Xcode/DerivedData/CodeLooper-crrddjihwjtfkwegrjrymctnfixv/Build/Intermediates.noindex/swift-metrics.build/Debug/CoreMetrics.build/DerivedSources-normal/arm64 -Xcc -I/Users/steipete/Library/Developer/Xcode/DerivedData/CodeLooper-crrddjihwjtfkwegrjrymctnfixv/Build/Intermediates.noindex/swift-metrics.build/Debug/CoreMetrics.build/DerivedSources/arm64 -Xcc -I/Users/steipete/Library/Developer/Xcode/DerivedData/CodeLooper-crrddjihwjtfkwegrjrymctnfixv/Build/Intermediates.noindex/swift-metrics.build/Debug/CoreMetrics.build/DerivedSources -Xcc -DSWIFT_PACKAGE -Xcc -DDEBUG\=1 -emit-objc-header -emit-objc-header-path /Users/steipete/Library/Developer/Xcode/DerivedData/CodeLooper-crrddjihwjtfkwegrjrymctnfixv/Build/Intermediates.noindex/swift-metrics.build/Debug/CoreMetrics.build/Objects-normal/arm64/CoreMetrics-Swift.h -working-directory /Users/steipete/Projects/CodeLooper -experimental-emit-module-separately -disable-cmo

PrecompileModule /Users/steipete/Library/Developer/Xcode/DerivedData/CodeLooper-crrddjihwjtfkwegrjrymctnfixv/Build/Intermediates.noindex/ExplicitPrecompiledModules/_Builtin_stddef-B7KK01B0WCLWMJT8KVNRH1IRT.scan
    cd /
    builtin-precompileModule /Users/steipete/Library/Developer/Xcode/DerivedData/CodeLooper-crrddjihwjtfkwegrjrymctnfixv/Build/Intermediates.noindex/ExplicitPrecompiledModules/_Builtin_stddef-B7KK01B0WCLWMJT8KVNRH1IRT.scan

SwiftMergeGeneratedHeaders /Users/steipete/Library/Developer/Xcode/DerivedData/CodeLooper-crrddjihwjtfkwegrjrymctnfixv/Build/Intermediates.noindex/GeneratedModuleMaps/CoreMetrics-Swift.h /Users/steipete/Library/Developer/Xcode/DerivedData/CodeLooper-crrddjihwjtfkwegrjrymctnfixv/Build/Intermediates.noindex/swift-metrics.build/Debug/CoreMetrics.build/Objects-normal/arm64/CoreMetrics-Swift.h (in target 'CoreMetrics' from project 'swift-metrics')
    cd /Users/steipete/Library/Developer/Xcode/DerivedData/CodeLooper-crrddjihwjtfkwegrjrymctnfixv/SourcePackages/checkouts/swift-metrics
    builtin-swiftHeaderTool -arch arm64 /Users/steipete/Library/Developer/Xcode/DerivedData/CodeLooper-crrddjihwjtfkwegrjrymctnfixv/Build/Intermediates.noindex/swift-metrics.build/Debug/CoreMetrics.build/Objects-normal/arm64/CoreMetrics-Swift.h -o /Users/steipete/Library/Developer/Xcode/DerivedData/CodeLooper-crrddjihwjtfkwegrjrymctnfixv/Build/Intermediates.noindex/GeneratedModuleMaps/CoreMetrics-Swift.h

Copy /Users/steipete/Library/Developer/Xcode/DerivedData/CodeLooper-crrddjihwjtfkwegrjrymctnfixv/Build/Products/Debug/CoreMetrics.swiftmodule/arm64-apple-macos.swiftmodule /Users/steipete/Library/Developer/Xcode/DerivedData/CodeLooper-crrddjihwjtfkwegrjrymctnfixv/Build/Intermediates.noindex/swift-metrics.build/Debug/CoreMetrics.build/Objects-normal/arm64/CoreMetrics.swiftmodule (in target 'CoreMetrics' from project 'swift-metrics')
    cd /Users/steipete/Library/Developer/Xcode/DerivedData/CodeLooper-crrddjihwjtfkwegrjrymctnfixv/SourcePackages/checkouts/swift-metrics
    builtin-copy -exclude .DS_Store -exclude CVS -exclude .svn -exclude .git -exclude .hg -resolve-src-symlinks -rename /Users/steipete/Library/Developer/Xcode/DerivedData/CodeLooper-crrddjihwjtfkwegrjrymctnfixv/Build/Intermediates.noindex/swift-metrics.build/Debug/CoreMetrics.build/Objects-normal/arm64/CoreMetrics.swiftmodule /Users/steipete/Library/Developer/Xcode/DerivedData/CodeLooper-crrddjihwjtfkwegrjrymctnfixv/Build/Products/Debug/CoreMetrics.swiftmodule/arm64-apple-macos.swiftmodule

Copy /Users/steipete/Library/Developer/Xcode/DerivedData/CodeLooper-crrddjihwjtfkwegrjrymctnfixv/Build/Products/Debug/CoreMetrics.swiftmodule/arm64-apple-macos.swiftdoc /Users/steipete/Library/Developer/Xcode/DerivedData/CodeLooper-crrddjihwjtfkwegrjrymctnfixv/Build/Intermediates.noindex/swift-metrics.build/Debug/CoreMetrics.build/Objects-normal/arm64/CoreMetrics.swiftdoc (in target 'CoreMetrics' from project 'swift-metrics')
    cd /Users/steipete/Library/Developer/Xcode/DerivedData/CodeLooper-crrddjihwjtfkwegrjrymctnfixv/SourcePackages/checkouts/swift-metrics
    builtin-copy -exclude .DS_Store -exclude CVS -exclude .svn -exclude .git -exclude .hg -resolve-src-symlinks -rename /Users/steipete/Library/Developer/Xcode/DerivedData/CodeLooper-crrddjihwjtfkwegrjrymctnfixv/Build/Intermediates.noindex/swift-metrics.build/Debug/CoreMetrics.build/Objects-normal/arm64/CoreMetrics.swiftdoc /Users/steipete/Library/Developer/Xcode/DerivedData/CodeLooper-crrddjihwjtfkwegrjrymctnfixv/Build/Products/Debug/CoreMetrics.swiftmodule/arm64-apple-macos.swiftdoc

SwiftEmitModule normal arm64 Emitting\ module\ for\ Ollama (in target 'Ollama' from project 'Ollama')

EmitSwiftModule normal arm64 (in target 'Ollama' from project 'Ollama')
    cd /Users/steipete/Projects/CodeLooper
    

Copy /Users/steipete/Library/Developer/Xcode/DerivedData/CodeLooper-crrddjihwjtfkwegrjrymctnfixv/Build/Products/Debug/CoreMetrics.swiftmodule/arm64-apple-macos.abi.json /Users/steipete/Library/Developer/Xcode/DerivedData/CodeLooper-crrddjihwjtfkwegrjrymctnfixv/Build/Intermediates.noindex/swift-metrics.build/Debug/CoreMetrics.build/Objects-normal/arm64/CoreMetrics.abi.json (in target 'CoreMetrics' from project 'swift-metrics')
    cd /Users/steipete/Library/Developer/Xcode/DerivedData/CodeLooper-crrddjihwjtfkwegrjrymctnfixv/SourcePackages/checkouts/swift-metrics
    builtin-copy -exclude .DS_Store -exclude CVS -exclude .svn -exclude .git -exclude .hg -resolve-src-symlinks -rename /Users/steipete/Library/Developer/Xcode/DerivedData/CodeLooper-crrddjihwjtfkwegrjrymctnfixv/Build/Intermediates.noindex/swift-metrics.build/Debug/CoreMetrics.build/Objects-normal/arm64/CoreMetrics.abi.json /Users/steipete/Library/Developer/Xcode/DerivedData/CodeLooper-crrddjihwjtfkwegrjrymctnfixv/Build/Products/Debug/CoreMetrics.swiftmodule/arm64-apple-macos.abi.json

Copy /Users/steipete/Library/Developer/Xcode/DerivedData/CodeLooper-crrddjihwjtfkwegrjrymctnfixv/Build/Products/Debug/CoreMetrics.swiftmodule/Project/arm64-apple-macos.swiftsourceinfo /Users/steipete/Library/Developer/Xcode/DerivedData/CodeLooper-crrddjihwjtfkwegrjrymctnfixv/Build/Intermediates.noindex/swift-metrics.build/Debug/CoreMetrics.build/Objects-normal/arm64/CoreMetrics.swiftsourceinfo (in target 'CoreMetrics' from project 'swift-metrics')
    cd /Users/steipete/Library/Developer/Xcode/DerivedData/CodeLooper-crrddjihwjtfkwegrjrymctnfixv/SourcePackages/checkouts/swift-metrics
    builtin-copy -exclude .DS_Store -exclude CVS -exclude .svn -exclude .git -exclude .hg -resolve-src-symlinks -rename /Users/steipete/Library/Developer/Xcode/DerivedData/CodeLooper-crrddjihwjtfkwegrjrymctnfixv/Build/Intermediates.noindex/swift-metrics.build/Debug/CoreMetrics.build/Objects-normal/arm64/CoreMetrics.swiftsourceinfo /Users/steipete/Library/Developer/Xcode/DerivedData/CodeLooper-crrddjihwjtfkwegrjrymctnfixv/Build/Products/Debug/CoreMetrics.swiftmodule/Project/arm64-apple-macos.swiftsourceinfo

PrecompileModule /Users/steipete/Library/Developer/Xcode/DerivedData/CodeLooper-crrddjihwjtfkwegrjrymctnfixv/Build/Intermediates.noindex/ExplicitPrecompiledModules/ptrcheck-GIMR6TQ210LKOKPLX659N30V.scan
    cd /
    builtin-precompileModule /Users/steipete/Library/Developer/Xcode/DerivedData/CodeLooper-crrddjihwjtfkwegrjrymctnfixv/Build/Intermediates.noindex/ExplicitPrecompiledModules/ptrcheck-GIMR6TQ210LKOKPLX659N30V.scan

PrecompileModule /Users/steipete/Library/Developer/Xcode/DerivedData/CodeLooper-crrddjihwjtfkwegrjrymctnfixv/Build/Intermediates.noindex/ExplicitPrecompiledModules/_Builtin_stdarg-6VQEMXLZT61QQYQY64RHCQGQH.scan
    cd /
    builtin-precompileModule /Users/steipete/Library/Developer/Xcode/DerivedData/CodeLooper-crrddjihwjtfkwegrjrymctnfixv/Build/Intermediates.noindex/ExplicitPrecompiledModules/_Builtin_stdarg-6VQEMXLZT61QQYQY64RHCQGQH.scan

PrecompileModule /Users/steipete/Library/Developer/Xcode/DerivedData/CodeLooper-crrddjihwjtfkwegrjrymctnfixv/Build/Intermediates.noindex/ExplicitPrecompiledModules/_Builtin_stddef-6KZGIP73TYZ3S6J8YBZICZ1J2.scan
    cd /
    builtin-precompileModule /Users/steipete/Library/Developer/Xcode/DerivedData/CodeLooper-crrddjihwjtfkwegrjrymctnfixv/Build/Intermediates.noindex/ExplicitPrecompiledModules/_Builtin_stddef-6KZGIP73TYZ3S6J8YBZICZ1J2.scan

PrecompileModule /Users/steipete/Library/Developer/Xcode/DerivedData/CodeLooper-crrddjihwjtfkwegrjrymctnfixv/Build/Intermediates.noindex/ExplicitPrecompiledModules/_AvailabilityInternal-9V2TK48K1452LYTXOWJQB653.scan
    cd /
    builtin-precompileModule /Users/steipete/Library/Developer/Xcode/DerivedData/CodeLooper-crrddjihwjtfkwegrjrymctnfixv/Build/Intermediates.noindex/ExplicitPrecompiledModules/_AvailabilityInternal-9V2TK48K1452LYTXOWJQB653.scan

PrecompileModule /Users/steipete/Library/Developer/Xcode/DerivedData/CodeLooper-crrddjihwjtfkwegrjrymctnfixv/Build/Intermediates.noindex/ExplicitPrecompiledModules/_AvailabilityInternal-67UM4K3KHQK9WULVT1NGYL7CA.scan
    cd /
    builtin-precompileModule /Users/steipete/Library/Developer/Xcode/DerivedData/CodeLooper-crrddjihwjtfkwegrjrymctnfixv/Build/Intermediates.noindex/ExplicitPrecompiledModules/_AvailabilityInternal-67UM4K3KHQK9WULVT1NGYL7CA.scan

PrecompileModule /Users/steipete/Library/Developer/Xcode/DerivedData/CodeLooper-crrddjihwjtfkwegrjrymctnfixv/Build/Intermediates.noindex/ExplicitPrecompiledModules/_AvailabilityInternal-977IV6OIIR3JJFOB5O96M6IFW.scan
    cd /
    builtin-precompileModule /Users/steipete/Library/Developer/Xcode/DerivedData/CodeLooper-crrddjihwjtfkwegrjrymctnfixv/Build/Intermediates.noindex/ExplicitPrecompiledModules/_AvailabilityInternal-977IV6OIIR3JJFOB5O96M6IFW.scan

PrecompileModule /Users/steipete/Library/Developer/Xcode/DerivedData/CodeLooper-crrddjihwjtfkwegrjrymctnfixv/Build/Intermediates.noindex/ExplicitPrecompiledModules/_Builtin_stdarg-92E5CIWN27TLQG69RGY6ASPSL.scan
    cd /
    builtin-precompileModule /Users/steipete/Library/Developer/Xcode/DerivedData/CodeLooper-crrddjihwjtfkwegrjrymctnfixv/Build/Intermediates.noindex/ExplicitPrecompiledModules/_Builtin_stdarg-92E5CIWN27TLQG69RGY6ASPSL.scan

PrecompileModule /Users/steipete/Library/Developer/Xcode/DerivedData/CodeLooper-crrddjihwjtfkwegrjrymctnfixv/Build/Intermediates.noindex/ExplicitPrecompiledModules/_AvailabilityInternal-KQ5E2BFGVCCF6CWULE1DO8YD.scan
    cd /
    builtin-precompileModule /Users/steipete/Library/Developer/Xcode/DerivedData/CodeLooper-crrddjihwjtfkwegrjrymctnfixv/Build/Intermediates.noindex/ExplicitPrecompiledModules/_AvailabilityInternal-KQ5E2BFGVCCF6CWULE1DO8YD.scan

PrecompileModule /Users/steipete/Library/Developer/Xcode/DerivedData/CodeLooper-crrddjihwjtfkwegrjrymctnfixv/Build/Intermediates.noindex/ExplicitPrecompiledModules/_DarwinFoundation1-B5KO3ATIX6WBMM1G4PP2I7H48.scan
    cd /
    builtin-precompileModule /Users/steipete/Library/Developer/Xcode/DerivedData/CodeLooper-crrddjihwjtfkwegrjrymctnfixv/Build/Intermediates.noindex/ExplicitPrecompiledModules/_DarwinFoundation1-B5KO3ATIX6WBMM1G4PP2I7H48.scan

SwiftDriverJobDiscovery normal arm64 Emitting module for HTTPTypes (in target 'HTTPTypes' from project 'swift-http-types')

SwiftDriver\ Compilation\ Requirements HTTPTypes normal arm64 com.apple.xcode.tools.swift.compiler (in target 'HTTPTypes' from project 'swift-http-types')
    cd /Users/steipete/Projects/CodeLooper
    builtin-Swift-Compilation-Requirements -- /Applications/Xcode-beta.app/Contents/Developer/Toolchains/XcodeDefault.xctoolchain/usr/bin/swiftc -module-name HTTPTypes -Onone -enforce-exclusivity\=checked @/Users/steipete/Library/Developer/Xcode/DerivedData/CodeLooper-crrddjihwjtfkwegrjrymctnfixv/Build/Intermediates.noindex/swift-http-types.build/Debug/HTTPTypes.build/Objects-normal/arm64/HTTPTypes.SwiftFileList -DSWIFT_PACKAGE -DDEBUG -DSWIFT_MODULE_RESOURCE_BUNDLE_UNAVAILABLE -DXcode -enable-experimental-feature StrictConcurrency\=complete -enable-upcoming-feature MemberImportVisibility -plugin-path /Applications/Xcode-beta.app/Contents/Developer/Toolchains/XcodeDefault.xctoolchain/usr/lib/swift/host/plugins/testing -enable-experimental-feature DebugDescriptionMacro -sdk /Applications/Xcode-beta.app/Contents/Developer/Platforms/MacOSX.platform/Developer/SDKs/MacOSX26.0.sdk -target arm64-apple-macos10.13 -g -module-cache-path /Users/steipete/Library/Developer/Xcode/DerivedData/ModuleCache.noindex -Xfrontend -serialize-debugging-options -profile-coverage-mapping -profile-generate -enable-testing -suppress-warnings -index-store-path /Users/steipete/Library/Developer/Xcode/DerivedData/CodeLooper-crrddjihwjtfkwegrjrymctnfixv/Index.noindex/DataStore -swift-version 5 -I /Users/steipete/Library/Developer/Xcode/DerivedData/CodeLooper-crrddjihwjtfkwegrjrymctnfixv/Build/Products/Debug -I /Applications/Xcode-beta.app/Contents/Developer/Platforms/MacOSX.platform/Developer/usr/lib -F /Users/steipete/Library/Developer/Xcode/DerivedData/CodeLooper-crrddjihwjtfkwegrjrymctnfixv/Build/Products/Debug -F /Applications/Xcode-beta.app/Contents/Developer/Platforms/MacOSX.platform/Developer/Library/Frameworks -c -j16 -enable-batch-mode -incremental -Xcc -ivfsstatcache -Xcc /Users/steipete/Library/Developer/Xcode/DerivedData/SDKStatCaches.noindex/macosx26.0-25A5279m-5d9328ff1a6613a11d359de947506b52.sdkstatcache -output-file-map /Users/steipete/Library/Developer/Xcode/DerivedData/CodeLooper-crrddjihwjtfkwegrjrymctnfixv/Build/Intermediates.noindex/swift-http-types.build/Debug/HTTPTypes.build/Objects-normal/arm64/HTTPTypes-OutputFileMap.json -use-frontend-parseable-output -save-temps -no-color-diagnostics -explicit-module-build -module-cache-path /Users/steipete/Library/Developer/Xcode/DerivedData/CodeLooper-crrddjihwjtfkwegrjrymctnfixv/Build/Intermediates.noindex/SwiftExplicitPrecompiledModules -clang-scanner-module-cache-path /Users/steipete/Library/Developer/Xcode/DerivedData/ModuleCache.noindex -sdk-module-cache-path /Users/steipete/Library/Developer/Xcode/DerivedData/ModuleCache.noindex -serialize-diagnostics -emit-dependencies -emit-module -emit-module-path /Users/steipete/Library/Developer/Xcode/DerivedData/CodeLooper-crrddjihwjtfkwegrjrymctnfixv/Build/Intermediates.noindex/swift-http-types.build/Debug/HTTPTypes.build/Objects-normal/arm64/HTTPTypes.swiftmodule -validate-clang-modules-once -clang-build-session-file /Users/steipete/Library/Developer/Xcode/DerivedData/ModuleCache.noindex/Session.modulevalidation -package-name swift_http_types -Xcc -I/Users/steipete/Library/Developer/Xcode/DerivedData/CodeLooper-crrddjihwjtfkwegrjrymctnfixv/Build/Intermediates.noindex/swift-http-types.build/Debug/HTTPTypes.build/swift-overrides.hmap -emit-const-values -Xfrontend -const-gather-protocols-file -Xfrontend /Users/steipete/Library/Developer/Xcode/DerivedData/CodeLooper-crrddjihwjtfkwegrjrymctnfixv/Build/Intermediates.noindex/swift-http-types.build/Debug/HTTPTypes.build/Objects-normal/arm64/HTTPTypes_const_extract_protocols.json -Xcc -I/Users/steipete/Library/Developer/Xcode/DerivedData/CodeLooper-crrddjihwjtfkwegrjrymctnfixv/Build/Products/Debug/include -Xcc -I/Users/steipete/Library/Developer/Xcode/DerivedData/CodeLooper-crrddjihwjtfkwegrjrymctnfixv/Build/Intermediates.noindex/swift-http-types.build/Debug/HTTPTypes.build/DerivedSources-normal/arm64 -Xcc -I/Users/steipete/Library/Developer/Xcode/DerivedData/CodeLooper-crrddjihwjtfkwegrjrymctnfixv/Build/Intermediates.noindex/swift-http-types.build/Debug/HTTPTypes.build/DerivedSources/arm64 -Xcc -I/Users/steipete/Library/Developer/Xcode/DerivedData/CodeLooper-crrddjihwjtfkwegrjrymctnfixv/Build/Intermediates.noindex/swift-http-types.build/Debug/HTTPTypes.build/DerivedSources -Xcc -DSWIFT_PACKAGE -Xcc -DDEBUG\=1 -emit-objc-header -emit-objc-header-path /Users/steipete/Library/Developer/Xcode/DerivedData/CodeLooper-crrddjihwjtfkwegrjrymctnfixv/Build/Intermediates.noindex/swift-http-types.build/Debug/HTTPTypes.build/Objects-normal/arm64/HTTPTypes-Swift.h -working-directory /Users/steipete/Projects/CodeLooper -experimental-emit-module-separately -disable-cmo

SwiftDriverJobDiscovery normal arm64 Emitting module for InternalCollectionsUtilities (in target 'InternalCollectionsUtilities' from project 'swift-collections')

SwiftDriver\ Compilation\ Requirements InternalCollectionsUtilities normal arm64 com.apple.xcode.tools.swift.compiler (in target 'InternalCollectionsUtilities' from project 'swift-collections')
    cd /Users/steipete/Projects/CodeLooper
    builtin-Swift-Compilation-Requirements -- /Applications/Xcode-beta.app/Contents/Developer/Toolchains/XcodeDefault.xctoolchain/usr/bin/swiftc -module-name InternalCollectionsUtilities -Onone -enforce-exclusivity\=checked @/Users/steipete/Library/Developer/Xcode/DerivedData/CodeLooper-crrddjihwjtfkwegrjrymctnfixv/Build/Intermediates.noindex/swift-collections.build/Debug/InternalCollectionsUtilities.build/Objects-normal/arm64/InternalCollectionsUtilities.SwiftFileList -DSWIFT_PACKAGE -DDEBUG -DSWIFT_MODULE_RESOURCE_BUNDLE_UNAVAILABLE -DCOLLECTIONS_RANDOMIZED_TESTING -DXcode -plugin-path /Applications/Xcode-beta.app/Contents/Developer/Toolchains/XcodeDefault.xctoolchain/usr/lib/swift/host/plugins/testing -enable-experimental-feature DebugDescriptionMacro -sdk /Applications/Xcode-beta.app/Contents/Developer/Platforms/MacOSX.platform/Developer/SDKs/MacOSX26.0.sdk -target arm64-apple-macos10.13 -g -module-cache-path /Users/steipete/Library/Developer/Xcode/DerivedData/ModuleCache.noindex -Xfrontend -serialize-debugging-options -profile-coverage-mapping -profile-generate -enable-testing -suppress-warnings -index-store-path /Users/steipete/Library/Developer/Xcode/DerivedData/CodeLooper-crrddjihwjtfkwegrjrymctnfixv/Index.noindex/DataStore -swift-version 5 -I /Users/steipete/Library/Developer/Xcode/DerivedData/CodeLooper-crrddjihwjtfkwegrjrymctnfixv/Build/Products/Debug -I /Applications/Xcode-beta.app/Contents/Developer/Platforms/MacOSX.platform/Developer/usr/lib -F /Users/steipete/Library/Developer/Xcode/DerivedData/CodeLooper-crrddjihwjtfkwegrjrymctnfixv/Build/Products/Debug -F /Applications/Xcode-beta.app/Contents/Developer/Platforms/MacOSX.platform/Developer/Library/Frameworks -c -j16 -enable-batch-mode -incremental -Xcc -ivfsstatcache -Xcc /Users/steipete/Library/Developer/Xcode/DerivedData/SDKStatCaches.noindex/macosx26.0-25A5279m-5d9328ff1a6613a11d359de947506b52.sdkstatcache -output-file-map /Users/steipete/Library/Developer/Xcode/DerivedData/CodeLooper-crrddjihwjtfkwegrjrymctnfixv/Build/Intermediates.noindex/swift-collections.build/Debug/InternalCollectionsUtilities.build/Objects-normal/arm64/InternalCollectionsUtilities-OutputFileMap.json -use-frontend-parseable-output -save-temps -no-color-diagnostics -explicit-module-build -module-cache-path /Users/steipete/Library/Developer/Xcode/DerivedData/CodeLooper-crrddjihwjtfkwegrjrymctnfixv/Build/Intermediates.noindex/SwiftExplicitPrecompiledModules -clang-scanner-module-cache-path /Users/steipete/Library/Developer/Xcode/DerivedData/ModuleCache.noindex -sdk-module-cache-path /Users/steipete/Library/Developer/Xcode/DerivedData/ModuleCache.noindex -serialize-diagnostics -emit-dependencies -emit-module -emit-module-path /Users/steipete/Library/Developer/Xcode/DerivedData/CodeLooper-crrddjihwjtfkwegrjrymctnfixv/Build/Intermediates.noindex/swift-collections.build/Debug/InternalCollectionsUtilities.build/Objects-normal/arm64/InternalCollectionsUtilities.swiftmodule -validate-clang-modules-once -clang-build-session-file /Users/steipete/Library/Developer/Xcode/DerivedData/ModuleCache.noindex/Session.modulevalidation -package-name swift_collections -Xcc -I/Users/steipete/Library/Developer/Xcode/DerivedData/CodeLooper-crrddjihwjtfkwegrjrymctnfixv/Build/Intermediates.noindex/swift-collections.build/Debug/InternalCollectionsUtilities.build/swift-overrides.hmap -emit-const-values -Xfrontend -const-gather-protocols-file -Xfrontend /Users/steipete/Library/Developer/Xcode/DerivedData/CodeLooper-crrddjihwjtfkwegrjrymctnfixv/Build/Intermediates.noindex/swift-collections.build/Debug/InternalCollectionsUtilities.build/Objects-normal/arm64/InternalCollectionsUtilities_const_extract_protocols.json -Xcc -I/Users/steipete/Library/Developer/Xcode/DerivedData/CodeLooper-crrddjihwjtfkwegrjrymctnfixv/Build/Products/Debug/include -Xcc -I/Users/steipete/Library/Developer/Xcode/DerivedData/CodeLooper-crrddjihwjtfkwegrjrymctnfixv/Build/Intermediates.noindex/swift-collections.build/Debug/InternalCollectionsUtilities.build/DerivedSources-normal/arm64 -Xcc -I/Users/steipete/Library/Developer/Xcode/DerivedData/CodeLooper-crrddjihwjtfkwegrjrymctnfixv/Build/Intermediates.noindex/swift-collections.build/Debug/InternalCollectionsUtilities.build/DerivedSources/arm64 -Xcc -I/Users/steipete/Library/Developer/Xcode/DerivedData/CodeLooper-crrddjihwjtfkwegrjrymctnfixv/Build/Intermediates.noindex/swift-collections.build/Debug/InternalCollectionsUtilities.build/DerivedSources -Xcc -DSWIFT_PACKAGE -Xcc -DDEBUG\=1 -emit-objc-header -emit-objc-header-path /Users/steipete/Library/Developer/Xcode/DerivedData/CodeLooper-crrddjihwjtfkwegrjrymctnfixv/Build/Intermediates.noindex/swift-collections.build/Debug/InternalCollectionsUtilities.build/Objects-normal/arm64/InternalCollectionsUtilities-Swift.h -working-directory /Users/steipete/Projects/CodeLooper -experimental-emit-module-separately -disable-cmo

PrecompileModule /Users/steipete/Library/Developer/Xcode/DerivedData/CodeLooper-crrddjihwjtfkwegrjrymctnfixv/Build/Intermediates.noindex/ExplicitPrecompiledModules/ptrcheck-1NV93Q6XZWS8Q3RZMG88UTVZ0.scan
    cd /
    builtin-precompileModule /Users/steipete/Library/Developer/Xcode/DerivedData/CodeLooper-crrddjihwjtfkwegrjrymctnfixv/Build/Intermediates.noindex/ExplicitPrecompiledModules/ptrcheck-1NV93Q6XZWS8Q3RZMG88UTVZ0.scan

PrecompileModule /Users/steipete/Library/Developer/Xcode/DerivedData/CodeLooper-crrddjihwjtfkwegrjrymctnfixv/Build/Intermediates.noindex/ExplicitPrecompiledModules/_Builtin_stdarg-8OYCV35D7C8TK9E4VV9VRJIMH.scan
    cd /
    builtin-precompileModule /Users/steipete/Library/Developer/Xcode/DerivedData/CodeLooper-crrddjihwjtfkwegrjrymctnfixv/Build/Intermediates.noindex/ExplicitPrecompiledModules/_Builtin_stdarg-8OYCV35D7C8TK9E4VV9VRJIMH.scan

SwiftMergeGeneratedHeaders /Users/steipete/Library/Developer/Xcode/DerivedData/CodeLooper-crrddjihwjtfkwegrjrymctnfixv/Build/Intermediates.noindex/GeneratedModuleMaps/InternalCollectionsUtilities-Swift.h /Users/steipete/Library/Developer/Xcode/DerivedData/CodeLooper-crrddjihwjtfkwegrjrymctnfixv/Build/Intermediates.noindex/swift-collections.build/Debug/InternalCollectionsUtilities.build/Objects-normal/arm64/InternalCollectionsUtilities-Swift.h (in target 'InternalCollectionsUtilities' from project 'swift-collections')
    cd /Users/steipete/Library/Developer/Xcode/DerivedData/CodeLooper-crrddjihwjtfkwegrjrymctnfixv/SourcePackages/checkouts/swift-collections
    builtin-swiftHeaderTool -arch arm64 /Users/steipete/Library/Developer/Xcode/DerivedData/CodeLooper-crrddjihwjtfkwegrjrymctnfixv/Build/Intermediates.noindex/swift-collections.build/Debug/InternalCollectionsUtilities.build/Objects-normal/arm64/InternalCollectionsUtilities-Swift.h -o /Users/steipete/Library/Developer/Xcode/DerivedData/CodeLooper-crrddjihwjtfkwegrjrymctnfixv/Build/Intermediates.noindex/GeneratedModuleMaps/InternalCollectionsUtilities-Swift.h

Copy /Users/steipete/Library/Developer/Xcode/DerivedData/CodeLooper-crrddjihwjtfkwegrjrymctnfixv/Build/Products/Debug/InternalCollectionsUtilities.swiftmodule/arm64-apple-macos.swiftmodule /Users/steipete/Library/Developer/Xcode/DerivedData/CodeLooper-crrddjihwjtfkwegrjrymctnfixv/Build/Intermediates.noindex/swift-collections.build/Debug/InternalCollectionsUtilities.build/Objects-normal/arm64/InternalCollectionsUtilities.swiftmodule (in target 'InternalCollectionsUtilities' from project 'swift-collections')
    cd /Users/steipete/Library/Developer/Xcode/DerivedData/CodeLooper-crrddjihwjtfkwegrjrymctnfixv/SourcePackages/checkouts/swift-collections
    builtin-copy -exclude .DS_Store -exclude CVS -exclude .svn -exclude .git -exclude .hg -resolve-src-symlinks -rename /Users/steipete/Library/Developer/Xcode/DerivedData/CodeLooper-crrddjihwjtfkwegrjrymctnfixv/Build/Intermediates.noindex/swift-collections.build/Debug/InternalCollectionsUtilities.build/Objects-normal/arm64/InternalCollectionsUtilities.swiftmodule /Users/steipete/Library/Developer/Xcode/DerivedData/CodeLooper-crrddjihwjtfkwegrjrymctnfixv/Build/Products/Debug/InternalCollectionsUtilities.swiftmodule/arm64-apple-macos.swiftmodule

Copy /Users/steipete/Library/Developer/Xcode/DerivedData/CodeLooper-crrddjihwjtfkwegrjrymctnfixv/Build/Products/Debug/InternalCollectionsUtilities.swiftmodule/arm64-apple-macos.swiftdoc /Users/steipete/Library/Developer/Xcode/DerivedData/CodeLooper-crrddjihwjtfkwegrjrymctnfixv/Build/Intermediates.noindex/swift-collections.build/Debug/InternalCollectionsUtilities.build/Objects-normal/arm64/InternalCollectionsUtilities.swiftdoc (in target 'InternalCollectionsUtilities' from project 'swift-collections')
    cd /Users/steipete/Library/Developer/Xcode/DerivedData/CodeLooper-crrddjihwjtfkwegrjrymctnfixv/SourcePackages/checkouts/swift-collections
    builtin-copy -exclude .DS_Store -exclude CVS -exclude .svn -exclude .git -exclude .hg -resolve-src-symlinks -rename /Users/steipete/Library/Developer/Xcode/DerivedData/CodeLooper-crrddjihwjtfkwegrjrymctnfixv/Build/Intermediates.noindex/swift-collections.build/Debug/InternalCollectionsUtilities.build/Objects-normal/arm64/InternalCollectionsUtilities.swiftdoc /Users/steipete/Library/Developer/Xcode/DerivedData/CodeLooper-crrddjihwjtfkwegrjrymctnfixv/Build/Products/Debug/InternalCollectionsUtilities.swiftmodule/arm64-apple-macos.swiftdoc

Copy /Users/steipete/Library/Developer/Xcode/DerivedData/CodeLooper-crrddjihwjtfkwegrjrymctnfixv/Build/Products/Debug/InternalCollectionsUtilities.swiftmodule/arm64-apple-macos.abi.json /Users/steipete/Library/Developer/Xcode/DerivedData/CodeLooper-crrddjihwjtfkwegrjrymctnfixv/Build/Intermediates.noindex/swift-collections.build/Debug/InternalCollectionsUtilities.build/Objects-normal/arm64/InternalCollectionsUtilities.abi.json (in target 'InternalCollectionsUtilities' from project 'swift-collections')
    cd /Users/steipete/Library/Developer/Xcode/DerivedData/CodeLooper-crrddjihwjtfkwegrjrymctnfixv/SourcePackages/checkouts/swift-collections
    builtin-copy -exclude .DS_Store -exclude CVS -exclude .svn -exclude .git -exclude .hg -resolve-src-symlinks -rename /Users/steipete/Library/Developer/Xcode/DerivedData/CodeLooper-crrddjihwjtfkwegrjrymctnfixv/Build/Intermediates.noindex/swift-collections.build/Debug/InternalCollectionsUtilities.build/Objects-normal/arm64/InternalCollectionsUtilities.abi.json /Users/steipete/Library/Developer/Xcode/DerivedData/CodeLooper-crrddjihwjtfkwegrjrymctnfixv/Build/Products/Debug/InternalCollectionsUtilities.swiftmodule/arm64-apple-macos.abi.json

Copy /Users/steipete/Library/Developer/Xcode/DerivedData/CodeLooper-crrddjihwjtfkwegrjrymctnfixv/Build/Products/Debug/InternalCollectionsUtilities.swiftmodule/Project/arm64-apple-macos.swiftsourceinfo /Users/steipete/Library/Developer/Xcode/DerivedData/CodeLooper-crrddjihwjtfkwegrjrymctnfixv/Build/Intermediates.noindex/swift-collections.build/Debug/InternalCollectionsUtilities.build/Objects-normal/arm64/InternalCollectionsUtilities.swiftsourceinfo (in target 'InternalCollectionsUtilities' from project 'swift-collections')
    cd /Users/steipete/Library/Developer/Xcode/DerivedData/CodeLooper-crrddjihwjtfkwegrjrymctnfixv/SourcePackages/checkouts/swift-collections
    builtin-copy -exclude .DS_Store -exclude CVS -exclude .svn -exclude .git -exclude .hg -resolve-src-symlinks -rename /Users/steipete/Library/Developer/Xcode/DerivedData/CodeLooper-crrddjihwjtfkwegrjrymctnfixv/Build/Intermediates.noindex/swift-collections.build/Debug/InternalCollectionsUtilities.build/Objects-normal/arm64/InternalCollectionsUtilities.swiftsourceinfo /Users/steipete/Library/Developer/Xcode/DerivedData/CodeLooper-crrddjihwjtfkwegrjrymctnfixv/Build/Products/Debug/InternalCollectionsUtilities.swiftmodule/Project/arm64-apple-macos.swiftsourceinfo

SwiftMergeGeneratedHeaders /Users/steipete/Library/Developer/Xcode/DerivedData/CodeLooper-crrddjihwjtfkwegrjrymctnfixv/Build/Intermediates.noindex/GeneratedModuleMaps/HTTPTypes-Swift.h /Users/steipete/Library/Developer/Xcode/DerivedData/CodeLooper-crrddjihwjtfkwegrjrymctnfixv/Build/Intermediates.noindex/swift-http-types.build/Debug/HTTPTypes.build/Objects-normal/arm64/HTTPTypes-Swift.h (in target 'HTTPTypes' from project 'swift-http-types')
    cd /Users/steipete/Library/Developer/Xcode/DerivedData/CodeLooper-crrddjihwjtfkwegrjrymctnfixv/SourcePackages/checkouts/swift-http-types
    builtin-swiftHeaderTool -arch arm64 /Users/steipete/Library/Developer/Xcode/DerivedData/CodeLooper-crrddjihwjtfkwegrjrymctnfixv/Build/Intermediates.noindex/swift-http-types.build/Debug/HTTPTypes.build/Objects-normal/arm64/HTTPTypes-Swift.h -o /Users/steipete/Library/Developer/Xcode/DerivedData/CodeLooper-crrddjihwjtfkwegrjrymctnfixv/Build/Intermediates.noindex/GeneratedModuleMaps/HTTPTypes-Swift.h

Copy /Users/steipete/Library/Developer/Xcode/DerivedData/CodeLooper-crrddjihwjtfkwegrjrymctnfixv/Build/Products/Debug/HTTPTypes.swiftmodule/arm64-apple-macos.swiftmodule /Users/steipete/Library/Developer/Xcode/DerivedData/CodeLooper-crrddjihwjtfkwegrjrymctnfixv/Build/Intermediates.noindex/swift-http-types.build/Debug/HTTPTypes.build/Objects-normal/arm64/HTTPTypes.swiftmodule (in target 'HTTPTypes' from project 'swift-http-types')
    cd /Users/steipete/Library/Developer/Xcode/DerivedData/CodeLooper-crrddjihwjtfkwegrjrymctnfixv/SourcePackages/checkouts/swift-http-types
    builtin-copy -exclude .DS_Store -exclude CVS -exclude .svn -exclude .git -exclude .hg -resolve-src-symlinks -rename /Users/steipete/Library/Developer/Xcode/DerivedData/CodeLooper-crrddjihwjtfkwegrjrymctnfixv/Build/Intermediates.noindex/swift-http-types.build/Debug/HTTPTypes.build/Objects-normal/arm64/HTTPTypes.swiftmodule /Users/steipete/Library/Developer/Xcode/DerivedData/CodeLooper-crrddjihwjtfkwegrjrymctnfixv/Build/Products/Debug/HTTPTypes.swiftmodule/arm64-apple-macos.swiftmodule

Copy /Users/steipete/Library/Developer/Xcode/DerivedData/CodeLooper-crrddjihwjtfkwegrjrymctnfixv/Build/Products/Debug/HTTPTypes.swiftmodule/arm64-apple-macos.swiftdoc /Users/steipete/Library/Developer/Xcode/DerivedData/CodeLooper-crrddjihwjtfkwegrjrymctnfixv/Build/Intermediates.noindex/swift-http-types.build/Debug/HTTPTypes.build/Objects-normal/arm64/HTTPTypes.swiftdoc (in target 'HTTPTypes' from project 'swift-http-types')
    cd /Users/steipete/Library/Developer/Xcode/DerivedData/CodeLooper-crrddjihwjtfkwegrjrymctnfixv/SourcePackages/checkouts/swift-http-types
    builtin-copy -exclude .DS_Store -exclude CVS -exclude .svn -exclude .git -exclude .hg -resolve-src-symlinks -rename /Users/steipete/Library/Developer/Xcode/DerivedData/CodeLooper-crrddjihwjtfkwegrjrymctnfixv/Build/Intermediates.noindex/swift-http-types.build/Debug/HTTPTypes.build/Objects-normal/arm64/HTTPTypes.swiftdoc /Users/steipete/Library/Developer/Xcode/DerivedData/CodeLooper-crrddjihwjtfkwegrjrymctnfixv/Build/Products/Debug/HTTPTypes.swiftmodule/arm64-apple-macos.swiftdoc

Copy /Users/steipete/Library/Developer/Xcode/DerivedData/CodeLooper-crrddjihwjtfkwegrjrymctnfixv/Build/Products/Debug/HTTPTypes.swiftmodule/arm64-apple-macos.abi.json /Users/steipete/Library/Developer/Xcode/DerivedData/CodeLooper-crrddjihwjtfkwegrjrymctnfixv/Build/Intermediates.noindex/swift-http-types.build/Debug/HTTPTypes.build/Objects-normal/arm64/HTTPTypes.abi.json (in target 'HTTPTypes' from project 'swift-http-types')
    cd /Users/steipete/Library/Developer/Xcode/DerivedData/CodeLooper-crrddjihwjtfkwegrjrymctnfixv/SourcePackages/checkouts/swift-http-types
    builtin-copy -exclude .DS_Store -exclude CVS -exclude .svn -exclude .git -exclude .hg -resolve-src-symlinks -rename /Users/steipete/Library/Developer/Xcode/DerivedData/CodeLooper-crrddjihwjtfkwegrjrymctnfixv/Build/Intermediates.noindex/swift-http-types.build/Debug/HTTPTypes.build/Objects-normal/arm64/HTTPTypes.abi.json /Users/steipete/Library/Developer/Xcode/DerivedData/CodeLooper-crrddjihwjtfkwegrjrymctnfixv/Build/Products/Debug/HTTPTypes.swiftmodule/arm64-apple-macos.abi.json

PrecompileModule /Users/steipete/Library/Developer/Xcode/DerivedData/CodeLooper-crrddjihwjtfkwegrjrymctnfixv/Build/Intermediates.noindex/ExplicitPrecompiledModules/_Builtin_stdbool-8RDOQV1RD3PIGGQKT13C2QQIS.scan
    cd /
    builtin-precompileModule /Users/steipete/Library/Developer/Xcode/DerivedData/CodeLooper-crrddjihwjtfkwegrjrymctnfixv/Build/Intermediates.noindex/ExplicitPrecompiledModules/_Builtin_stdbool-8RDOQV1RD3PIGGQKT13C2QQIS.scan

Copy /Users/steipete/Library/Developer/Xcode/DerivedData/CodeLooper-crrddjihwjtfkwegrjrymctnfixv/Build/Products/Debug/HTTPTypes.swiftmodule/Project/arm64-apple-macos.swiftsourceinfo /Users/steipete/Library/Developer/Xcode/DerivedData/CodeLooper-crrddjihwjtfkwegrjrymctnfixv/Build/Intermediates.noindex/swift-http-types.build/Debug/HTTPTypes.build/Objects-normal/arm64/HTTPTypes.swiftsourceinfo (in target 'HTTPTypes' from project 'swift-http-types')
    cd /Users/steipete/Library/Developer/Xcode/DerivedData/CodeLooper-crrddjihwjtfkwegrjrymctnfixv/SourcePackages/checkouts/swift-http-types
    builtin-copy -exclude .DS_Store -exclude CVS -exclude .svn -exclude .git -exclude .hg -resolve-src-symlinks -rename /Users/steipete/Library/Developer/Xcode/DerivedData/CodeLooper-crrddjihwjtfkwegrjrymctnfixv/Build/Intermediates.noindex/swift-http-types.build/Debug/HTTPTypes.build/Objects-normal/arm64/HTTPTypes.swiftsourceinfo /Users/steipete/Library/Developer/Xcode/DerivedData/CodeLooper-crrddjihwjtfkwegrjrymctnfixv/Build/Products/Debug/HTTPTypes.swiftmodule/Project/arm64-apple-macos.swiftsourceinfo

PrecompileModule /Users/steipete/Library/Developer/Xcode/DerivedData/CodeLooper-crrddjihwjtfkwegrjrymctnfixv/Build/Intermediates.noindex/ExplicitPrecompiledModules/_DarwinFoundation1-3MNF6K4ORJYGXQV0B04XP8XQB.scan
    cd /
    builtin-precompileModule /Users/steipete/Library/Developer/Xcode/DerivedData/CodeLooper-crrddjihwjtfkwegrjrymctnfixv/Build/Intermediates.noindex/ExplicitPrecompiledModules/_DarwinFoundation1-3MNF6K4ORJYGXQV0B04XP8XQB.scan

PrecompileModule /Users/steipete/Library/Developer/Xcode/DerivedData/CodeLooper-crrddjihwjtfkwegrjrymctnfixv/Build/Intermediates.noindex/ExplicitPrecompiledModules/_Builtin_stdbool-BZBMR3YMANSTY6XJCLVJ5O0S3.scan
    cd /
    builtin-precompileModule /Users/steipete/Library/Developer/Xcode/DerivedData/CodeLooper-crrddjihwjtfkwegrjrymctnfixv/Build/Intermediates.noindex/ExplicitPrecompiledModules/_Builtin_stdbool-BZBMR3YMANSTY6XJCLVJ5O0S3.scan

PrecompileModule /Users/steipete/Library/Developer/Xcode/DerivedData/CodeLooper-crrddjihwjtfkwegrjrymctnfixv/Build/Intermediates.noindex/ExplicitPrecompiledModules/_Builtin_stdbool-B5YUL6910EQUR1WTOCBFR3C5L.scan
    cd /
    builtin-precompileModule /Users/steipete/Library/Developer/Xcode/DerivedData/CodeLooper-crrddjihwjtfkwegrjrymctnfixv/Build/Intermediates.noindex/ExplicitPrecompiledModules/_Builtin_stdbool-B5YUL6910EQUR1WTOCBFR3C5L.scan

PrecompileModule /Users/steipete/Library/Developer/Xcode/DerivedData/CodeLooper-crrddjihwjtfkwegrjrymctnfixv/Build/Intermediates.noindex/ExplicitPrecompiledModules/_DarwinFoundation1-9GKG8013IO13UWI113UXQ69V7.scan
    cd /
    builtin-precompileModule /Users/steipete/Library/Developer/Xcode/DerivedData/CodeLooper-crrddjihwjtfkwegrjrymctnfixv/Build/Intermediates.noindex/ExplicitPrecompiledModules/_DarwinFoundation1-9GKG8013IO13UWI113UXQ69V7.scan

PrecompileModule /Users/steipete/Library/Developer/Xcode/DerivedData/CodeLooper-crrddjihwjtfkwegrjrymctnfixv/Build/Intermediates.noindex/ExplicitPrecompiledModules/_Builtin_stdarg-2ZWTCT8YWOJK2JP916Y1ZL82W.scan
    cd /
    builtin-precompileModule /Users/steipete/Library/Developer/Xcode/DerivedData/CodeLooper-crrddjihwjtfkwegrjrymctnfixv/Build/Intermediates.noindex/ExplicitPrecompiledModules/_Builtin_stdarg-2ZWTCT8YWOJK2JP916Y1ZL82W.scan

PrecompileModule /Users/steipete/Library/Developer/Xcode/DerivedData/CodeLooper-crrddjihwjtfkwegrjrymctnfixv/Build/Intermediates.noindex/ExplicitPrecompiledModules/ptrcheck-9I573LZEEU2ZIE8CBRWRRN7RX.scan
    cd /
    builtin-precompileModule /Users/steipete/Library/Developer/Xcode/DerivedData/CodeLooper-crrddjihwjtfkwegrjrymctnfixv/Build/Intermediates.noindex/ExplicitPrecompiledModules/ptrcheck-9I573LZEEU2ZIE8CBRWRRN7RX.scan

SwiftCompile normal arm64 Compiling\ Heap.swift /Users/steipete/Library/Developer/Xcode/DerivedData/CodeLooper-crrddjihwjtfkwegrjrymctnfixv/SourcePackages/checkouts/swift-nio/Sources/_NIODataStructures/Heap.swift (in target '_NIODataStructures' from project 'swift-nio')

SwiftCompile normal arm64 /Users/steipete/Library/Developer/Xcode/DerivedData/CodeLooper-crrddjihwjtfkwegrjrymctnfixv/SourcePackages/checkouts/swift-nio/Sources/_NIODataStructures/Heap.swift (in target '_NIODataStructures' from project 'swift-nio')
    cd /Users/steipete/Projects/CodeLooper
    

PrecompileModule /Users/steipete/Library/Developer/Xcode/DerivedData/CodeLooper-crrddjihwjtfkwegrjrymctnfixv/Build/Intermediates.noindex/ExplicitPrecompiledModules/_DarwinFoundation2-2JN5FY74SBMJ1JGTB5I5L13GD.scan
    cd /
    builtin-precompileModule /Users/steipete/Library/Developer/Xcode/DerivedData/CodeLooper-crrddjihwjtfkwegrjrymctnfixv/Build/Intermediates.noindex/ExplicitPrecompiledModules/_DarwinFoundation2-2JN5FY74SBMJ1JGTB5I5L13GD.scan

PrecompileModule /Users/steipete/Library/Developer/Xcode/DerivedData/CodeLooper-crrddjihwjtfkwegrjrymctnfixv/Build/Intermediates.noindex/ExplicitPrecompiledModules/_Builtin_limits-5712P9WIW0MKIJ1I8W7L1OLFZ.scan
    cd /
    builtin-precompileModule /Users/steipete/Library/Developer/Xcode/DerivedData/CodeLooper-crrddjihwjtfkwegrjrymctnfixv/Build/Intermediates.noindex/ExplicitPrecompiledModules/_Builtin_limits-5712P9WIW0MKIJ1I8W7L1OLFZ.scan

PrecompileModule /Users/steipete/Library/Developer/Xcode/DerivedData/CodeLooper-crrddjihwjtfkwegrjrymctnfixv/Build/Intermediates.noindex/ExplicitPrecompiledModules/_DarwinFoundation2-4DWMZ5I559A2HZDWY1LWFVDA5.scan
    cd /
    builtin-precompileModule /Users/steipete/Library/Developer/Xcode/DerivedData/CodeLooper-crrddjihwjtfkwegrjrymctnfixv/Build/Intermediates.noindex/ExplicitPrecompiledModules/_DarwinFoundation2-4DWMZ5I559A2HZDWY1LWFVDA5.scan

PrecompileModule /Users/steipete/Library/Developer/Xcode/DerivedData/CodeLooper-crrddjihwjtfkwegrjrymctnfixv/Build/Intermediates.noindex/ExplicitPrecompiledModules/_DarwinFoundation1-QR3X3BQKGP5KSOQ5V3NZL9LH.scan
    cd /
    builtin-precompileModule /Users/steipete/Library/Developer/Xcode/DerivedData/CodeLooper-crrddjihwjtfkwegrjrymctnfixv/Build/Intermediates.noindex/ExplicitPrecompiledModules/_DarwinFoundation1-QR3X3BQKGP5KSOQ5V3NZL9LH.scan

PrecompileModule /Users/steipete/Library/Developer/Xcode/DerivedData/CodeLooper-crrddjihwjtfkwegrjrymctnfixv/Build/Intermediates.noindex/ExplicitPrecompiledModules/_DarwinFoundation2-D6A316BP3I2JOSAMIKZKTC6Y3.scan
    cd /
    builtin-precompileModule /Users/steipete/Library/Developer/Xcode/DerivedData/CodeLooper-crrddjihwjtfkwegrjrymctnfixv/Build/Intermediates.noindex/ExplicitPrecompiledModules/_DarwinFoundation2-D6A316BP3I2JOSAMIKZKTC6Y3.scan

SwiftCompile normal arm64 Compiling\ _TinyArray.swift /Users/steipete/Library/Developer/Xcode/DerivedData/CodeLooper-crrddjihwjtfkwegrjrymctnfixv/SourcePackages/checkouts/swift-nio/Sources/_NIODataStructures/_TinyArray.swift (in target '_NIODataStructures' from project 'swift-nio')

SwiftCompile normal arm64 /Users/steipete/Library/Developer/Xcode/DerivedData/CodeLooper-crrddjihwjtfkwegrjrymctnfixv/SourcePackages/checkouts/swift-nio/Sources/_NIODataStructures/_TinyArray.swift (in target '_NIODataStructures' from project 'swift-nio')
    cd /Users/steipete/Projects/CodeLooper
    

SwiftCompile normal arm64 Compiling\ PriorityQueue.swift /Users/steipete/Library/Developer/Xcode/DerivedData/CodeLooper-crrddjihwjtfkwegrjrymctnfixv/SourcePackages/checkouts/swift-nio/Sources/_NIODataStructures/PriorityQueue.swift (in target '_NIODataStructures' from project 'swift-nio')

SwiftCompile normal arm64 /Users/steipete/Library/Developer/Xcode/DerivedData/CodeLooper-crrddjihwjtfkwegrjrymctnfixv/SourcePackages/checkouts/swift-nio/Sources/_NIODataStructures/PriorityQueue.swift (in target '_NIODataStructures' from project 'swift-nio')
    cd /Users/steipete/Projects/CodeLooper
    

SwiftDriverJobDiscovery normal arm64 Emitting module for NIOConcurrencyHelpers (in target 'NIOConcurrencyHelpers' from project 'swift-nio')

SwiftDriver\ Compilation\ Requirements NIOConcurrencyHelpers normal arm64 com.apple.xcode.tools.swift.compiler (in target 'NIOConcurrencyHelpers' from project 'swift-nio')
    cd /Users/steipete/Projects/CodeLooper
    builtin-Swift-Compilation-Requirements -- /Applications/Xcode-beta.app/Contents/Developer/Toolchains/XcodeDefault.xctoolchain/usr/bin/swiftc -module-name NIOConcurrencyHelpers -Onone -enforce-exclusivity\=checked @/Users/steipete/Library/Developer/Xcode/DerivedData/CodeLooper-crrddjihwjtfkwegrjrymctnfixv/Build/Intermediates.noindex/swift-nio.build/Debug/NIOConcurrencyHelpers.build/Objects-normal/arm64/NIOConcurrencyHelpers.SwiftFileList -DSWIFT_PACKAGE -DDEBUG -DSWIFT_MODULE_RESOURCE_BUNDLE_UNAVAILABLE -Xcc -fmodule-map-file\=/Users/steipete/Library/Developer/Xcode/DerivedData/CodeLooper-crrddjihwjtfkwegrjrymctnfixv/Build/Intermediates.noindex/GeneratedModuleMaps/CNIOAtomics.modulemap -DXcode -enable-upcoming-feature StrictConcurrency -enable-upcoming-feature InferSendableFromCaptures -enable-upcoming-feature MemberImportVisibility -plugin-path /Applications/Xcode-beta.app/Contents/Developer/Toolchains/XcodeDefault.xctoolchain/usr/lib/swift/host/plugins/testing -enable-experimental-feature DebugDescriptionMacro -sdk /Applications/Xcode-beta.app/Contents/Developer/Platforms/MacOSX.platform/Developer/SDKs/MacOSX26.0.sdk -target arm64-apple-macos10.13 -g -module-cache-path /Users/steipete/Library/Developer/Xcode/DerivedData/ModuleCache.noindex -Xfrontend -serialize-debugging-options -profile-coverage-mapping -profile-generate -enable-testing -suppress-warnings -index-store-path /Users/steipete/Library/Developer/Xcode/DerivedData/CodeLooper-crrddjihwjtfkwegrjrymctnfixv/Index.noindex/DataStore -swift-version 5 -I /Users/steipete/Library/Developer/Xcode/DerivedData/CodeLooper-crrddjihwjtfkwegrjrymctnfixv/Build/Products/Debug -I /Applications/Xcode-beta.app/Contents/Developer/Platforms/MacOSX.platform/Developer/usr/lib -F /Users/steipete/Library/Developer/Xcode/DerivedData/CodeLooper-crrddjihwjtfkwegrjrymctnfixv/Build/Products/Debug/PackageFrameworks -F /Users/steipete/Library/Developer/Xcode/DerivedData/CodeLooper-crrddjihwjtfkwegrjrymctnfixv/Build/Products/Debug -F /Applications/Xcode-beta.app/Contents/Developer/Platforms/MacOSX.platform/Developer/Library/Frameworks -c -j16 -enable-batch-mode -incremental -Xcc -ivfsstatcache -Xcc /Users/steipete/Library/Developer/Xcode/DerivedData/SDKStatCaches.noindex/macosx26.0-25A5279m-5d9328ff1a6613a11d359de947506b52.sdkstatcache -output-file-map /Users/steipete/Library/Developer/Xcode/DerivedData/CodeLooper-crrddjihwjtfkwegrjrymctnfixv/Build/Intermediates.noindex/swift-nio.build/Debug/NIOConcurrencyHelpers.build/Objects-normal/arm64/NIOConcurrencyHelpers-OutputFileMap.json -use-frontend-parseable-output -save-temps -no-color-diagnostics -explicit-module-build -module-cache-path /Users/steipete/Library/Developer/Xcode/DerivedData/CodeLooper-crrddjihwjtfkwegrjrymctnfixv/Build/Intermediates.noindex/SwiftExplicitPrecompiledModules -clang-scanner-module-cache-path /Users/steipete/Library/Developer/Xcode/DerivedData/ModuleCache.noindex -sdk-module-cache-path /Users/steipete/Library/Developer/Xcode/DerivedData/ModuleCache.noindex -serialize-diagnostics -emit-dependencies -emit-module -emit-module-path /Users/steipete/Library/Developer/Xcode/DerivedData/CodeLooper-crrddjihwjtfkwegrjrymctnfixv/Build/Intermediates.noindex/swift-nio.build/Debug/NIOConcurrencyHelpers.build/Objects-normal/arm64/NIOConcurrencyHelpers.swiftmodule -validate-clang-modules-once -clang-build-session-file /Users/steipete/Library/Developer/Xcode/DerivedData/ModuleCache.noindex/Session.modulevalidation -package-name swift_nio -Xcc -I/Users/steipete/Library/Developer/Xcode/DerivedData/CodeLooper-crrddjihwjtfkwegrjrymctnfixv/Build/Intermediates.noindex/swift-nio.build/Debug/NIOConcurrencyHelpers.build/swift-overrides.hmap -emit-const-values -Xfrontend -const-gather-protocols-file -Xfrontend /Users/steipete/Library/Developer/Xcode/DerivedData/CodeLooper-crrddjihwjtfkwegrjrymctnfixv/Build/Intermediates.noindex/swift-nio.build/Debug/NIOConcurrencyHelpers.build/Objects-normal/arm64/NIOConcurrencyHelpers_const_extract_protocols.json -Xcc -I/Users/steipete/Library/Developer/Xcode/DerivedData/CodeLooper-crrddjihwjtfkwegrjrymctnfixv/SourcePackages/checkouts/swift-nio/Sources/CNIOAtomics/include -Xcc -I/Users/steipete/Library/Developer/Xcode/DerivedData/CodeLooper-crrddjihwjtfkwegrjrymctnfixv/Build/Products/Debug/include -Xcc -I/Users/steipete/Library/Developer/Xcode/DerivedData/CodeLooper-crrddjihwjtfkwegrjrymctnfixv/Build/Intermediates.noindex/swift-nio.build/Debug/NIOConcurrencyHelpers.build/DerivedSources-normal/arm64 -Xcc -I/Users/steipete/Library/Developer/Xcode/DerivedData/CodeLooper-crrddjihwjtfkwegrjrymctnfixv/Build/Intermediates.noindex/swift-nio.build/Debug/NIOConcurrencyHelpers.build/DerivedSources/arm64 -Xcc -I/Users/steipete/Library/Developer/Xcode/DerivedData/CodeLooper-crrddjihwjtfkwegrjrymctnfixv/Build/Intermediates.noindex/swift-nio.build/Debug/NIOConcurrencyHelpers.build/DerivedSources -Xcc -DSWIFT_PACKAGE -Xcc -DDEBUG\=1 -emit-objc-header -emit-objc-header-path /Users/steipete/Library/Developer/Xcode/DerivedData/CodeLooper-crrddjihwjtfkwegrjrymctnfixv/Build/Intermediates.noindex/swift-nio.build/Debug/NIOConcurrencyHelpers.build/Objects-normal/arm64/NIOConcurrencyHelpers-Swift.h -working-directory /Users/steipete/Projects/CodeLooper -experimental-emit-module-separately -disable-cmo

PrecompileModule /Users/steipete/Library/Developer/Xcode/DerivedData/CodeLooper-crrddjihwjtfkwegrjrymctnfixv/Build/Intermediates.noindex/ExplicitPrecompiledModules/_DarwinFoundation2-4GD5J44P59ILYGZF0VX4W3YYH.scan
    cd /
    builtin-precompileModule /Users/steipete/Library/Developer/Xcode/DerivedData/CodeLooper-crrddjihwjtfkwegrjrymctnfixv/Build/Intermediates.noindex/ExplicitPrecompiledModules/_DarwinFoundation2-4GD5J44P59ILYGZF0VX4W3YYH.scan

SwiftMergeGeneratedHeaders /Users/steipete/Library/Developer/Xcode/DerivedData/CodeLooper-crrddjihwjtfkwegrjrymctnfixv/Build/Intermediates.noindex/GeneratedModuleMaps/NIOConcurrencyHelpers-Swift.h /Users/steipete/Library/Developer/Xcode/DerivedData/CodeLooper-crrddjihwjtfkwegrjrymctnfixv/Build/Intermediates.noindex/swift-nio.build/Debug/NIOConcurrencyHelpers.build/Objects-normal/arm64/NIOConcurrencyHelpers-Swift.h (in target 'NIOConcurrencyHelpers' from project 'swift-nio')
    cd /Users/steipete/Library/Developer/Xcode/DerivedData/CodeLooper-crrddjihwjtfkwegrjrymctnfixv/SourcePackages/checkouts/swift-nio
    builtin-swiftHeaderTool -arch arm64 /Users/steipete/Library/Developer/Xcode/DerivedData/CodeLooper-crrddjihwjtfkwegrjrymctnfixv/Build/Intermediates.noindex/swift-nio.build/Debug/NIOConcurrencyHelpers.build/Objects-normal/arm64/NIOConcurrencyHelpers-Swift.h -o /Users/steipete/Library/Developer/Xcode/DerivedData/CodeLooper-crrddjihwjtfkwegrjrymctnfixv/Build/Intermediates.noindex/GeneratedModuleMaps/NIOConcurrencyHelpers-Swift.h

Copy /Users/steipete/Library/Developer/Xcode/DerivedData/CodeLooper-crrddjihwjtfkwegrjrymctnfixv/Build/Products/Debug/NIOConcurrencyHelpers.swiftmodule/arm64-apple-macos.swiftdoc /Users/steipete/Library/Developer/Xcode/DerivedData/CodeLooper-crrddjihwjtfkwegrjrymctnfixv/Build/Intermediates.noindex/swift-nio.build/Debug/NIOConcurrencyHelpers.build/Objects-normal/arm64/NIOConcurrencyHelpers.swiftdoc (in target 'NIOConcurrencyHelpers' from project 'swift-nio')
    cd /Users/steipete/Library/Developer/Xcode/DerivedData/CodeLooper-crrddjihwjtfkwegrjrymctnfixv/SourcePackages/checkouts/swift-nio
    builtin-copy -exclude .DS_Store -exclude CVS -exclude .svn -exclude .git -exclude .hg -resolve-src-symlinks -rename /Users/steipete/Library/Developer/Xcode/DerivedData/CodeLooper-crrddjihwjtfkwegrjrymctnfixv/Build/Intermediates.noindex/swift-nio.build/Debug/NIOConcurrencyHelpers.build/Objects-normal/arm64/NIOConcurrencyHelpers.swiftdoc /Users/steipete/Library/Developer/Xcode/DerivedData/CodeLooper-crrddjihwjtfkwegrjrymctnfixv/Build/Products/Debug/NIOConcurrencyHelpers.swiftmodule/arm64-apple-macos.swiftdoc

Copy /Users/steipete/Library/Developer/Xcode/DerivedData/CodeLooper-crrddjihwjtfkwegrjrymctnfixv/Build/Products/Debug/NIOConcurrencyHelpers.swiftmodule/arm64-apple-macos.swiftmodule /Users/steipete/Library/Developer/Xcode/DerivedData/CodeLooper-crrddjihwjtfkwegrjrymctnfixv/Build/Intermediates.noindex/swift-nio.build/Debug/NIOConcurrencyHelpers.build/Objects-normal/arm64/NIOConcurrencyHelpers.swiftmodule (in target 'NIOConcurrencyHelpers' from project 'swift-nio')
    cd /Users/steipete/Library/Developer/Xcode/DerivedData/CodeLooper-crrddjihwjtfkwegrjrymctnfixv/SourcePackages/checkouts/swift-nio
    builtin-copy -exclude .DS_Store -exclude CVS -exclude .svn -exclude .git -exclude .hg -resolve-src-symlinks -rename /Users/steipete/Library/Developer/Xcode/DerivedData/CodeLooper-crrddjihwjtfkwegrjrymctnfixv/Build/Intermediates.noindex/swift-nio.build/Debug/NIOConcurrencyHelpers.build/Objects-normal/arm64/NIOConcurrencyHelpers.swiftmodule /Users/steipete/Library/Developer/Xcode/DerivedData/CodeLooper-crrddjihwjtfkwegrjrymctnfixv/Build/Products/Debug/NIOConcurrencyHelpers.swiftmodule/arm64-apple-macos.swiftmodule

Copy /Users/steipete/Library/Developer/Xcode/DerivedData/CodeLooper-crrddjihwjtfkwegrjrymctnfixv/Build/Products/Debug/NIOConcurrencyHelpers.swiftmodule/arm64-apple-macos.abi.json /Users/steipete/Library/Developer/Xcode/DerivedData/CodeLooper-crrddjihwjtfkwegrjrymctnfixv/Build/Intermediates.noindex/swift-nio.build/Debug/NIOConcurrencyHelpers.build/Objects-normal/arm64/NIOConcurrencyHelpers.abi.json (in target 'NIOConcurrencyHelpers' from project 'swift-nio')
    cd /Users/steipete/Library/Developer/Xcode/DerivedData/CodeLooper-crrddjihwjtfkwegrjrymctnfixv/SourcePackages/checkouts/swift-nio
    builtin-copy -exclude .DS_Store -exclude CVS -exclude .svn -exclude .git -exclude .hg -resolve-src-symlinks -rename /Users/steipete/Library/Developer/Xcode/DerivedData/CodeLooper-crrddjihwjtfkwegrjrymctnfixv/Build/Intermediates.noindex/swift-nio.build/Debug/NIOConcurrencyHelpers.build/Objects-normal/arm64/NIOConcurrencyHelpers.abi.json /Users/steipete/Library/Developer/Xcode/DerivedData/CodeLooper-crrddjihwjtfkwegrjrymctnfixv/Build/Products/Debug/NIOConcurrencyHelpers.swiftmodule/arm64-apple-macos.abi.json

Copy /Users/steipete/Library/Developer/Xcode/DerivedData/CodeLooper-crrddjihwjtfkwegrjrymctnfixv/Build/Products/Debug/NIOConcurrencyHelpers.swiftmodule/Project/arm64-apple-macos.swiftsourceinfo /Users/steipete/Library/Developer/Xcode/DerivedData/CodeLooper-crrddjihwjtfkwegrjrymctnfixv/Build/Intermediates.noindex/swift-nio.build/Debug/NIOConcurrencyHelpers.build/Objects-normal/arm64/NIOConcurrencyHelpers.swiftsourceinfo (in target 'NIOConcurrencyHelpers' from project 'swift-nio')
    cd /Users/steipete/Library/Developer/Xcode/DerivedData/CodeLooper-crrddjihwjtfkwegrjrymctnfixv/SourcePackages/checkouts/swift-nio
    builtin-copy -exclude .DS_Store -exclude CVS -exclude .svn -exclude .git -exclude .hg -resolve-src-symlinks -rename /Users/steipete/Library/Developer/Xcode/DerivedData/CodeLooper-crrddjihwjtfkwegrjrymctnfixv/Build/Intermediates.noindex/swift-nio.build/Debug/NIOConcurrencyHelpers.build/Objects-normal/arm64/NIOConcurrencyHelpers.swiftsourceinfo /Users/steipete/Library/Developer/Xcode/DerivedData/CodeLooper-crrddjihwjtfkwegrjrymctnfixv/Build/Products/Debug/NIOConcurrencyHelpers.swiftmodule/Project/arm64-apple-macos.swiftsourceinfo

PrecompileModule /Users/steipete/Library/Developer/Xcode/DerivedData/CodeLooper-crrddjihwjtfkwegrjrymctnfixv/Build/Intermediates.noindex/ExplicitPrecompiledModules/_Builtin_stdint-C91WIKDD162YGTVBUV1270LIO.scan
    cd /
    builtin-precompileModule /Users/steipete/Library/Developer/Xcode/DerivedData/CodeLooper-crrddjihwjtfkwegrjrymctnfixv/Build/Intermediates.noindex/ExplicitPrecompiledModules/_Builtin_stdint-C91WIKDD162YGTVBUV1270LIO.scan

PrecompileModule /Users/steipete/Library/Developer/Xcode/DerivedData/CodeLooper-crrddjihwjtfkwegrjrymctnfixv/Build/Intermediates.noindex/ExplicitPrecompiledModules/_Builtin_stdint-EBXBJ4HFVELOIXKWH2CGCKSEN.scan
    cd /
    builtin-precompileModule /Users/steipete/Library/Developer/Xcode/DerivedData/CodeLooper-crrddjihwjtfkwegrjrymctnfixv/Build/Intermediates.noindex/ExplicitPrecompiledModules/_Builtin_stdint-EBXBJ4HFVELOIXKWH2CGCKSEN.scan

PrecompileModule /Users/steipete/Library/Developer/Xcode/DerivedData/CodeLooper-crrddjihwjtfkwegrjrymctnfixv/Build/Intermediates.noindex/ExplicitPrecompiledModules/_Builtin_stdint-4X6158U8BIFMNGBCAMAS8WVLH.scan
    cd /
    builtin-precompileModule /Users/steipete/Library/Developer/Xcode/DerivedData/CodeLooper-crrddjihwjtfkwegrjrymctnfixv/Build/Intermediates.noindex/ExplicitPrecompiledModules/_Builtin_stdint-4X6158U8BIFMNGBCAMAS8WVLH.scan

SwiftCompile normal arm64 Compiling\ Base64.swift /Users/steipete/Library/Developer/Xcode/DerivedData/CodeLooper-crrddjihwjtfkwegrjrymctnfixv/SourcePackages/checkouts/swift-nio/Sources/_NIOBase64/Base64.swift (in target '_NIOBase64' from project 'swift-nio')
SwiftCompile normal arm64 /Users/steipete/Library/Developer/Xcode/DerivedData/CodeLooper-crrddjihwjtfkwegrjrymctnfixv/SourcePackages/checkouts/swift-nio/Sources/_NIOBase64/Base64.swift (in target '_NIOBase64' from project 'swift-nio')
    cd /Users/steipete/Projects/CodeLooper
    

PrecompileModule /Users/steipete/Library/Developer/Xcode/DerivedData/CodeLooper-crrddjihwjtfkwegrjrymctnfixv/Build/Intermediates.noindex/ExplicitPrecompiledModules/_Builtin_stdint-AM7COW4VDBDZXDZGYBZSAXHJZ.scan
    cd /
    builtin-precompileModule /Users/steipete/Library/Developer/Xcode/DerivedData/CodeLooper-crrddjihwjtfkwegrjrymctnfixv/Build/Intermediates.noindex/ExplicitPrecompiledModules/_Builtin_stdint-AM7COW4VDBDZXDZGYBZSAXHJZ.scan

PrecompileModule /Users/steipete/Library/Developer/Xcode/DerivedData/CodeLooper-crrddjihwjtfkwegrjrymctnfixv/Build/Intermediates.noindex/ExplicitPrecompiledModules/_Builtin_stdatomic-2GACLDOH4HFUQE5R2HOO13WEV.scan
    cd /
    builtin-precompileModule /Users/steipete/Library/Developer/Xcode/DerivedData/CodeLooper-crrddjihwjtfkwegrjrymctnfixv/Build/Intermediates.noindex/ExplicitPrecompiledModules/_Builtin_stdatomic-2GACLDOH4HFUQE5R2HOO13WEV.scan

CompileC /Users/steipete/Library/Developer/Xcode/DerivedData/CodeLooper-crrddjihwjtfkwegrjrymctnfixv/Build/Intermediates.noindex/swift-nio.build/Debug/CNIOLLHTTP.build/Objects-normal/arm64/c_nio_http.o /Users/steipete/Library/Developer/Xcode/DerivedData/CodeLooper-crrddjihwjtfkwegrjrymctnfixv/SourcePackages/checkouts/swift-nio/Sources/CNIOLLHTTP/c_nio_http.c normal arm64 c com.apple.compilers.llvm.clang.1_0.compiler (in target 'CNIOLLHTTP' from project 'swift-nio')
    cd /Users/steipete/Projects/CodeLooper
    
    Using response file: /Users/steipete/Library/Developer/Xcode/DerivedData/CodeLooper-crrddjihwjtfkwegrjrymctnfixv/Build/Intermediates.noindex/swift-nio.build/Debug/CNIOLLHTTP.build/Objects-normal/arm64/7187679823f38a2a940e0043cdf9d637-common-args.resp
    
    /Applications/Xcode-beta.app/Contents/Developer/Toolchains/XcodeDefault.xctoolchain/usr/bin/clang -x c -ivfsstatcache /Users/steipete/Library/Developer/Xcode/DerivedData/SDKStatCaches.noindex/macosx26.0-25A5279m-5d9328ff1a6613a11d359de947506b52.sdkstatcache -fmessage-length\=0 -fdiagnostics-show-note-include-stack -fmacro-backtrace-limit\=0 -fno-color-diagnostics -fmodules-prune-interval\=86400 -fmodules-prune-after\=345600 -fbuild-session-file\=/Users/steipete/Library/Developer/Xcode/DerivedData/ModuleCache.noindex/Session.modulevalidation -fmodules-validate-once-per-build-session -Wnon-modular-include-in-framework-module -Werror\=non-modular-include-in-framework-module -Wno-trigraphs -Wno-missing-field-initializers -Wno-missing-prototypes -Wno-return-type -Wno-missing-braces -Wparentheses -Wswitch -Wno-unused-function -Wno-unused-label -Wno-unused-parameter -Wno-unused-variable -Wunused-value -Wno-empty-body -Wno-uninitialized -Wno-unknown-pragmas -w -Wno-shadow -Wno-four-char-constants -Wno-conversion -Wno-constant-conversion -Wno-int-conversion -Wno-bool-conversion -Wno-enum-conversion -Wno-float-conversion -Wno-non-literal-null-conversion -Wno-objc-literal-conversion -Wshorten-64-to-32 -Wpointer-sign -Wno-newline-eof -Wno-implicit-fallthrough -fstrict-aliasing -Wdeprecated-declarations -Wno-sign-conversion -Wno-infinite-recursion -Wno-comma -Wno-block-capture-autoreleasing -Wno-strict-prototypes -Wno-semicolon-before-method-body -index-store-path /Users/steipete/Library/Developer/Xcode/DerivedData/CodeLooper-crrddjihwjtfkwegrjrymctnfixv/Index.noindex/DataStore @/Users/steipete/Library/Developer/Xcode/DerivedData/CodeLooper-crrddjihwjtfkwegrjrymctnfixv/Build/Intermediates.noindex/swift-nio.build/Debug/CNIOLLHTTP.build/Objects-normal/arm64/7187679823f38a2a940e0043cdf9d637-common-args.resp -MMD -MT dependencies -MF /Users/steipete/Library/Developer/Xcode/DerivedData/CodeLooper-crrddjihwjtfkwegrjrymctnfixv/Build/Intermediates.noindex/swift-nio.build/Debug/CNIOLLHTTP.build/Objects-normal/arm64/c_nio_http.d --serialize-diagnostics /Users/steipete/Library/Developer/Xcode/DerivedData/CodeLooper-crrddjihwjtfkwegrjrymctnfixv/Build/Intermediates.noindex/swift-nio.build/Debug/CNIOLLHTTP.build/Objects-normal/arm64/c_nio_http.dia -c /Users/steipete/Library/Developer/Xcode/DerivedData/CodeLooper-crrddjihwjtfkwegrjrymctnfixv/SourcePackages/checkouts/swift-nio/Sources/CNIOLLHTTP/c_nio_http.c -o /Users/steipete/Library/Developer/Xcode/DerivedData/CodeLooper-crrddjihwjtfkwegrjrymctnfixv/Build/Intermediates.noindex/swift-nio.build/Debug/CNIOLLHTTP.build/Objects-normal/arm64/c_nio_http.o -index-unit-output-path /swift-nio.build/Debug/CNIOLLHTTP.build/Objects-normal/arm64/c_nio_http.o

PrecompileModule /Users/steipete/Library/Developer/Xcode/DerivedData/CodeLooper-crrddjihwjtfkwegrjrymctnfixv/Build/Intermediates.noindex/ExplicitPrecompiledModules/_DarwinFoundation3-10R7XF3X6FAVVQSN2G2E7Y5NK.scan
    cd /
    builtin-precompileModule /Users/steipete/Library/Developer/Xcode/DerivedData/CodeLooper-crrddjihwjtfkwegrjrymctnfixv/Build/Intermediates.noindex/ExplicitPrecompiledModules/_DarwinFoundation3-10R7XF3X6FAVVQSN2G2E7Y5NK.scan

PrecompileModule /Users/steipete/Library/Developer/Xcode/DerivedData/CodeLooper-crrddjihwjtfkwegrjrymctnfixv/Build/Intermediates.noindex/ExplicitPrecompiledModules/_DarwinFoundation3-6Z3QRXFLTLVKEPBL0GZTDBIIW.scan
    cd /
    builtin-precompileModule /Users/steipete/Library/Developer/Xcode/DerivedData/CodeLooper-crrddjihwjtfkwegrjrymctnfixv/Build/Intermediates.noindex/ExplicitPrecompiledModules/_DarwinFoundation3-6Z3QRXFLTLVKEPBL0GZTDBIIW.scan

SwiftDriverJobDiscovery normal arm64 Emitting module for Ollama (in target 'Ollama' from project 'Ollama')

SwiftDriver\ Compilation\ Requirements Ollama normal arm64 com.apple.xcode.tools.swift.compiler (in target 'Ollama' from project 'Ollama')
    cd /Users/steipete/Projects/CodeLooper
    builtin-Swift-Compilation-Requirements -- /Applications/Xcode-beta.app/Contents/Developer/Toolchains/XcodeDefault.xctoolchain/usr/bin/swiftc -module-name Ollama -Onone -enforce-exclusivity\=checked @/Users/steipete/Library/Developer/Xcode/DerivedData/CodeLooper-crrddjihwjtfkwegrjrymctnfixv/Build/Intermediates.noindex/Ollama.build/Debug/Ollama.build/Objects-normal/arm64/Ollama.SwiftFileList -DSWIFT_PACKAGE -DDEBUG -DSWIFT_MODULE_RESOURCE_BUNDLE_UNAVAILABLE -DXcode -plugin-path /Applications/Xcode-beta.app/Contents/Developer/Toolchains/XcodeDefault.xctoolchain/usr/lib/swift/host/plugins/testing -enable-experimental-feature DebugDescriptionMacro -sdk /Applications/Xcode-beta.app/Contents/Developer/Platforms/MacOSX.platform/Developer/SDKs/MacOSX26.0.sdk -target arm64-apple-macos13.0 -g -module-cache-path /Users/steipete/Library/Developer/Xcode/DerivedData/ModuleCache.noindex -Xfrontend -serialize-debugging-options -profile-coverage-mapping -profile-generate -enable-testing -index-store-path /Users/steipete/Library/Developer/Xcode/DerivedData/CodeLooper-crrddjihwjtfkwegrjrymctnfixv/Index.noindex/DataStore -swift-version 6 -I /Users/steipete/Library/Developer/Xcode/DerivedData/CodeLooper-crrddjihwjtfkwegrjrymctnfixv/Build/Products/Debug -I /Applications/Xcode-beta.app/Contents/Developer/Platforms/MacOSX.platform/Developer/usr/lib -F /Users/steipete/Library/Developer/Xcode/DerivedData/CodeLooper-crrddjihwjtfkwegrjrymctnfixv/Build/Products/Debug -F /Applications/Xcode-beta.app/Contents/Developer/Platforms/MacOSX.platform/Developer/Library/Frameworks -c -j16 -enable-batch-mode -incremental -Xcc -ivfsstatcache -Xcc /Users/steipete/Library/Developer/Xcode/DerivedData/SDKStatCaches.noindex/macosx26.0-25A5279m-5d9328ff1a6613a11d359de947506b52.sdkstatcache -output-file-map /Users/steipete/Library/Developer/Xcode/DerivedData/CodeLooper-crrddjihwjtfkwegrjrymctnfixv/Build/Intermediates.noindex/Ollama.build/Debug/Ollama.build/Objects-normal/arm64/Ollama-OutputFileMap.json -use-frontend-parseable-output -save-temps -no-color-diagnostics -explicit-module-build -module-cache-path /Users/steipete/Library/Developer/Xcode/DerivedData/CodeLooper-crrddjihwjtfkwegrjrymctnfixv/Build/Intermediates.noindex/SwiftExplicitPrecompiledModules -clang-scanner-module-cache-path /Users/steipete/Library/Developer/Xcode/DerivedData/ModuleCache.noindex -sdk-module-cache-path /Users/steipete/Library/Developer/Xcode/DerivedData/ModuleCache.noindex -serialize-diagnostics -emit-dependencies -emit-module -emit-module-path /Users/steipete/Library/Developer/Xcode/DerivedData/CodeLooper-crrddjihwjtfkwegrjrymctnfixv/Build/Intermediates.noindex/Ollama.build/Debug/Ollama.build/Objects-normal/arm64/Ollama.swiftmodule -validate-clang-modules-once -clang-build-session-file /Users/steipete/Library/Developer/Xcode/DerivedData/ModuleCache.noindex/Session.modulevalidation -package-name ollama_swift -Xcc -I/Users/steipete/Library/Developer/Xcode/DerivedData/CodeLooper-crrddjihwjtfkwegrjrymctnfixv/Build/Intermediates.noindex/Ollama.build/Debug/Ollama.build/swift-overrides.hmap -emit-const-values -Xfrontend -const-gather-protocols-file -Xfrontend /Users/steipete/Library/Developer/Xcode/DerivedData/CodeLooper-crrddjihwjtfkwegrjrymctnfixv/Build/Intermediates.noindex/Ollama.build/Debug/Ollama.build/Objects-normal/arm64/Ollama_const_extract_protocols.json -Xcc -I/Users/steipete/Library/Developer/Xcode/DerivedData/CodeLooper-crrddjihwjtfkwegrjrymctnfixv/Build/Products/Debug/include -Xcc -I/Users/steipete/Library/Developer/Xcode/DerivedData/CodeLooper-crrddjihwjtfkwegrjrymctnfixv/Build/Intermediates.noindex/Ollama.build/Debug/Ollama.build/DerivedSources-normal/arm64 -Xcc -I/Users/steipete/Library/Developer/Xcode/DerivedData/CodeLooper-crrddjihwjtfkwegrjrymctnfixv/Build/Intermediates.noindex/Ollama.build/Debug/Ollama.build/DerivedSources/arm64 -Xcc -I/Users/steipete/Library/Developer/Xcode/DerivedData/CodeLooper-crrddjihwjtfkwegrjrymctnfixv/Build/Intermediates.noindex/Ollama.build/Debug/Ollama.build/DerivedSources -Xcc -DSWIFT_PACKAGE -Xcc -DDEBUG\=1 -emit-objc-header -emit-objc-header-path /Users/steipete/Library/Developer/Xcode/DerivedData/CodeLooper-crrddjihwjtfkwegrjrymctnfixv/Build/Intermediates.noindex/Ollama.build/Debug/Ollama.build/Objects-normal/arm64/Ollama-Swift.h -working-directory /Users/steipete/Projects/CodeLooper -experimental-emit-module-separately -disable-cmo

SwiftExplicitDependencyGeneratePcm arm64 /Users/steipete/Library/Developer/Xcode/DerivedData/CodeLooper-crrddjihwjtfkwegrjrymctnfixv/Build/Intermediates.noindex/SwiftExplicitPrecompiledModules/_AtomicsShims-5SR5BXZEZ59N6M5002EKRTPD8.pcm

CompileC /Users/steipete/Library/Developer/Xcode/DerivedData/CodeLooper-crrddjihwjtfkwegrjrymctnfixv/Build/Intermediates.noindex/swift-atomics.build/Debug/_AtomicsShims.build/Objects-normal/arm64/_AtomicsShims.o /Users/steipete/Library/Developer/Xcode/DerivedData/CodeLooper-crrddjihwjtfkwegrjrymctnfixv/SourcePackages/checkouts/swift-atomics/Sources/_AtomicsShims/src/_AtomicsShims.c normal arm64 c com.apple.compilers.llvm.clang.1_0.compiler (in target '_AtomicsShims' from project 'swift-atomics')
    cd /Users/steipete/Projects/CodeLooper
    
    Using response file: /Users/steipete/Library/Developer/Xcode/DerivedData/CodeLooper-crrddjihwjtfkwegrjrymctnfixv/Build/Intermediates.noindex/swift-atomics.build/Debug/_AtomicsShims.build/Objects-normal/arm64/7187679823f38a2a940e0043cdf9d637-common-args.resp
    
    /Applications/Xcode-beta.app/Contents/Developer/Toolchains/XcodeDefault.xctoolchain/usr/bin/clang -x c -ivfsstatcache /Users/steipete/Library/Developer/Xcode/DerivedData/SDKStatCaches.noindex/macosx26.0-25A5279m-5d9328ff1a6613a11d359de947506b52.sdkstatcache -fmessage-length\=0 -fdiagnostics-show-note-include-stack -fmacro-backtrace-limit\=0 -fno-color-diagnostics -fmodules-prune-interval\=86400 -fmodules-prune-after\=345600 -fbuild-session-file\=/Users/steipete/Library/Developer/Xcode/DerivedData/ModuleCache.noindex/Session.modulevalidation -fmodules-validate-once-per-build-session -Wnon-modular-include-in-framework-module -Werror\=non-modular-include-in-framework-module -Wno-trigraphs -Wno-missing-field-initializers -Wno-missing-prototypes -Wno-return-type -Wno-missing-braces -Wparentheses -Wswitch -Wno-unused-function -Wno-unused-label -Wno-unused-parameter -Wno-unused-variable -Wunused-value -Wno-empty-body -Wno-uninitialized -Wno-unknown-pragmas -w -Wno-shadow -Wno-four-char-constants -Wno-conversion -Wno-constant-conversion -Wno-int-conversion -Wno-bool-conversion -Wno-enum-conversion -Wno-float-conversion -Wno-non-literal-null-conversion -Wno-objc-literal-conversion -Wshorten-64-to-32 -Wpointer-sign -Wno-newline-eof -Wno-implicit-fallthrough -fstrict-aliasing -Wdeprecated-declarations -Wno-sign-conversion -Wno-infinite-recursion -Wno-comma -Wno-block-capture-autoreleasing -Wno-strict-prototypes -Wno-semicolon-before-method-body -index-store-path /Users/steipete/Library/Developer/Xcode/DerivedData/CodeLooper-crrddjihwjtfkwegrjrymctnfixv/Index.noindex/DataStore @/Users/steipete/Library/Developer/Xcode/DerivedData/CodeLooper-crrddjihwjtfkwegrjrymctnfixv/Build/Intermediates.noindex/swift-atomics.build/Debug/_AtomicsShims.build/Objects-normal/arm64/7187679823f38a2a940e0043cdf9d637-common-args.resp -MMD -MT dependencies -MF /Users/steipete/Library/Developer/Xcode/DerivedData/CodeLooper-crrddjihwjtfkwegrjrymctnfixv/Build/Intermediates.noindex/swift-atomics.build/Debug/_AtomicsShims.build/Objects-normal/arm64/_AtomicsShims.d --serialize-diagnostics /Users/steipete/Library/Developer/Xcode/DerivedData/CodeLooper-crrddjihwjtfkwegrjrymctnfixv/Build/Intermediates.noindex/swift-atomics.build/Debug/_AtomicsShims.build/Objects-normal/arm64/_AtomicsShims.dia -c /Users/steipete/Library/Developer/Xcode/DerivedData/CodeLooper-crrddjihwjtfkwegrjrymctnfixv/SourcePackages/checkouts/swift-atomics/Sources/_AtomicsShims/src/_AtomicsShims.c -o /Users/steipete/Library/Developer/Xcode/DerivedData/CodeLooper-crrddjihwjtfkwegrjrymctnfixv/Build/Intermediates.noindex/swift-atomics.build/Debug/_AtomicsShims.build/Objects-normal/arm64/_AtomicsShims.o -index-unit-output-path /swift-atomics.build/Debug/_AtomicsShims.build/Objects-normal/arm64/_AtomicsShims.o

SwiftMergeGeneratedHeaders /Users/steipete/Library/Developer/Xcode/DerivedData/CodeLooper-crrddjihwjtfkwegrjrymctnfixv/Build/Intermediates.noindex/GeneratedModuleMaps/Ollama-Swift.h /Users/steipete/Library/Developer/Xcode/DerivedData/CodeLooper-crrddjihwjtfkwegrjrymctnfixv/Build/Intermediates.noindex/Ollama.build/Debug/Ollama.build/Objects-normal/arm64/Ollama-Swift.h (in target 'Ollama' from project 'Ollama')
    cd /Users/steipete/Projects/ollama-swift
    builtin-swiftHeaderTool -arch arm64 /Users/steipete/Library/Developer/Xcode/DerivedData/CodeLooper-crrddjihwjtfkwegrjrymctnfixv/Build/Intermediates.noindex/Ollama.build/Debug/Ollama.build/Objects-normal/arm64/Ollama-Swift.h -o /Users/steipete/Library/Developer/Xcode/DerivedData/CodeLooper-crrddjihwjtfkwegrjrymctnfixv/Build/Intermediates.noindex/GeneratedModuleMaps/Ollama-Swift.h

Copy /Users/steipete/Library/Developer/Xcode/DerivedData/CodeLooper-crrddjihwjtfkwegrjrymctnfixv/Build/Products/Debug/Ollama.swiftmodule/arm64-apple-macos.swiftmodule /Users/steipete/Library/Developer/Xcode/DerivedData/CodeLooper-crrddjihwjtfkwegrjrymctnfixv/Build/Intermediates.noindex/Ollama.build/Debug/Ollama.build/Objects-normal/arm64/Ollama.swiftmodule (in target 'Ollama' from project 'Ollama')
    cd /Users/steipete/Projects/ollama-swift
    builtin-copy -exclude .DS_Store -exclude CVS -exclude .svn -exclude .git -exclude .hg -resolve-src-symlinks -rename /Users/steipete/Library/Developer/Xcode/DerivedData/CodeLooper-crrddjihwjtfkwegrjrymctnfixv/Build/Intermediates.noindex/Ollama.build/Debug/Ollama.build/Objects-normal/arm64/Ollama.swiftmodule /Users/steipete/Library/Developer/Xcode/DerivedData/CodeLooper-crrddjihwjtfkwegrjrymctnfixv/Build/Products/Debug/Ollama.swiftmodule/arm64-apple-macos.swiftmodule

Copy /Users/steipete/Library/Developer/Xcode/DerivedData/CodeLooper-crrddjihwjtfkwegrjrymctnfixv/Build/Products/Debug/Ollama.swiftmodule/arm64-apple-macos.swiftdoc /Users/steipete/Library/Developer/Xcode/DerivedData/CodeLooper-crrddjihwjtfkwegrjrymctnfixv/Build/Intermediates.noindex/Ollama.build/Debug/Ollama.build/Objects-normal/arm64/Ollama.swiftdoc (in target 'Ollama' from project 'Ollama')
    cd /Users/steipete/Projects/ollama-swift
    builtin-copy -exclude .DS_Store -exclude CVS -exclude .svn -exclude .git -exclude .hg -resolve-src-symlinks -rename /Users/steipete/Library/Developer/Xcode/DerivedData/CodeLooper-crrddjihwjtfkwegrjrymctnfixv/Build/Intermediates.noindex/Ollama.build/Debug/Ollama.build/Objects-normal/arm64/Ollama.swiftdoc /Users/steipete/Library/Developer/Xcode/DerivedData/CodeLooper-crrddjihwjtfkwegrjrymctnfixv/Build/Products/Debug/Ollama.swiftmodule/arm64-apple-macos.swiftdoc

Copy /Users/steipete/Library/Developer/Xcode/DerivedData/CodeLooper-crrddjihwjtfkwegrjrymctnfixv/Build/Products/Debug/Ollama.swiftmodule/arm64-apple-macos.abi.json /Users/steipete/Library/Developer/Xcode/DerivedData/CodeLooper-crrddjihwjtfkwegrjrymctnfixv/Build/Intermediates.noindex/Ollama.build/Debug/Ollama.build/Objects-normal/arm64/Ollama.abi.json (in target 'Ollama' from project 'Ollama')
    cd /Users/steipete/Projects/ollama-swift
    builtin-copy -exclude .DS_Store -exclude CVS -exclude .svn -exclude .git -exclude .hg -resolve-src-symlinks -rename /Users/steipete/Library/Developer/Xcode/DerivedData/CodeLooper-crrddjihwjtfkwegrjrymctnfixv/Build/Intermediates.noindex/Ollama.build/Debug/Ollama.build/Objects-normal/arm64/Ollama.abi.json /Users/steipete/Library/Developer/Xcode/DerivedData/CodeLooper-crrddjihwjtfkwegrjrymctnfixv/Build/Products/Debug/Ollama.swiftmodule/arm64-apple-macos.abi.json

Copy /Users/steipete/Library/Developer/Xcode/DerivedData/CodeLooper-crrddjihwjtfkwegrjrymctnfixv/Build/Products/Debug/Ollama.swiftmodule/Project/arm64-apple-macos.swiftsourceinfo /Users/steipete/Library/Developer/Xcode/DerivedData/CodeLooper-crrddjihwjtfkwegrjrymctnfixv/Build/Intermediates.noindex/Ollama.build/Debug/Ollama.build/Objects-normal/arm64/Ollama.swiftsourceinfo (in target 'Ollama' from project 'Ollama')
    cd /Users/steipete/Projects/ollama-swift
    builtin-copy -exclude .DS_Store -exclude CVS -exclude .svn -exclude .git -exclude .hg -resolve-src-symlinks -rename /Users/steipete/Library/Developer/Xcode/DerivedData/CodeLooper-crrddjihwjtfkwegrjrymctnfixv/Build/Intermediates.noindex/Ollama.build/Debug/Ollama.build/Objects-normal/arm64/Ollama.swiftsourceinfo /Users/steipete/Library/Developer/Xcode/DerivedData/CodeLooper-crrddjihwjtfkwegrjrymctnfixv/Build/Products/Debug/Ollama.swiftmodule/Project/arm64-apple-macos.swiftsourceinfo

PrecompileModule /Users/steipete/Library/Developer/Xcode/DerivedData/CodeLooper-crrddjihwjtfkwegrjrymctnfixv/Build/Intermediates.noindex/ExplicitPrecompiledModules/_DarwinFoundation3-CQT2MQ7LGXN5CYK37JXRPO4B2.scan
    cd /
    builtin-precompileModule /Users/steipete/Library/Developer/Xcode/DerivedData/CodeLooper-crrddjihwjtfkwegrjrymctnfixv/Build/Intermediates.noindex/ExplicitPrecompiledModules/_DarwinFoundation3-CQT2MQ7LGXN5CYK37JXRPO4B2.scan

SwiftDriverJobDiscovery normal arm64 Compiling PriorityQueue.swift (in target '_NIODataStructures' from project 'swift-nio')

SwiftCompile normal arm64 Compiling\ ServiceContextKey.swift /Users/steipete/Library/Developer/Xcode/DerivedData/CodeLooper-crrddjihwjtfkwegrjrymctnfixv/SourcePackages/checkouts/swift-service-context/Sources/ServiceContextModule/ServiceContextKey.swift (in target 'ServiceContextModule' from project 'swift-service-context')

SwiftCompile normal arm64 /Users/steipete/Library/Developer/Xcode/DerivedData/CodeLooper-crrddjihwjtfkwegrjrymctnfixv/SourcePackages/checkouts/swift-service-context/Sources/ServiceContextModule/ServiceContextKey.swift (in target 'ServiceContextModule' from project 'swift-service-context')
    cd /Users/steipete/Projects/CodeLooper
    

SwiftCompile normal arm64 Compiling\ ServiceContext.swift /Users/steipete/Library/Developer/Xcode/DerivedData/CodeLooper-crrddjihwjtfkwegrjrymctnfixv/SourcePackages/checkouts/swift-service-context/Sources/ServiceContextModule/ServiceContext.swift (in target 'ServiceContextModule' from project 'swift-service-context')

SwiftCompile normal arm64 /Users/steipete/Library/Developer/Xcode/DerivedData/CodeLooper-crrddjihwjtfkwegrjrymctnfixv/SourcePackages/checkouts/swift-service-context/Sources/ServiceContextModule/ServiceContext.swift (in target 'ServiceContextModule' from project 'swift-service-context')
    cd /Users/steipete/Projects/CodeLooper
    

Ld /Users/steipete/Library/Developer/Xcode/DerivedData/CodeLooper-crrddjihwjtfkwegrjrymctnfixv/Build/Products/Debug/_AtomicsShims.o normal (in target '_AtomicsShims' from project 'swift-atomics')
    cd /Users/steipete/Library/Developer/Xcode/DerivedData/CodeLooper-crrddjihwjtfkwegrjrymctnfixv/SourcePackages/checkouts/swift-atomics
    /Applications/Xcode-beta.app/Contents/Developer/Toolchains/XcodeDefault.xctoolchain/usr/bin/clang -Xlinker -reproducible -target arm64-apple-macos10.13 -r -isysroot /Applications/Xcode-beta.app/Contents/Developer/Platforms/MacOSX.platform/Developer/SDKs/MacOSX26.0.sdk -O0 -w -L/Users/steipete/Library/Developer/Xcode/DerivedData/CodeLooper-crrddjihwjtfkwegrjrymctnfixv/Build/Intermediates.noindex/EagerLinkingTBDs/Debug -L/Users/steipete/Library/Developer/Xcode/DerivedData/CodeLooper-crrddjihwjtfkwegrjrymctnfixv/Build/Products/Debug -L/Applications/Xcode-beta.app/Contents/Developer/Platforms/MacOSX.platform/Developer/usr/lib -F/Users/steipete/Library/Developer/Xcode/DerivedData/CodeLooper-crrddjihwjtfkwegrjrymctnfixv/Build/Intermediates.noindex/EagerLinkingTBDs/Debug -F/Users/steipete/Library/Developer/Xcode/DerivedData/CodeLooper-crrddjihwjtfkwegrjrymctnfixv/Build/Products/Debug -iframework /Applications/Xcode-beta.app/Contents/Developer/Platforms/MacOSX.platform/Developer/Library/Frameworks -filelist /Users/steipete/Library/Developer/Xcode/DerivedData/CodeLooper-crrddjihwjtfkwegrjrymctnfixv/Build/Intermediates.noindex/swift-atomics.build/Debug/_AtomicsShims.build/Objects-normal/arm64/_AtomicsShims.LinkFileList -nostdlib -Xlinker -object_path_lto -Xlinker /Users/steipete/Library/Developer/Xcode/DerivedData/CodeLooper-crrddjihwjtfkwegrjrymctnfixv/Build/Intermediates.noindex/swift-atomics.build/Debug/_AtomicsShims.build/Objects-normal/arm64/_AtomicsShims_lto.o -rdynamic -Xlinker -no_deduplicate -Xlinker -debug_variant -Xlinker -dependency_info -Xlinker /Users/steipete/Library/Developer/Xcode/DerivedData/CodeLooper-crrddjihwjtfkwegrjrymctnfixv/Build/Intermediates.noindex/swift-atomics.build/Debug/_AtomicsShims.build/Objects-normal/arm64/_AtomicsShims_dependency_info.dat -o /Users/steipete/Library/Developer/Xcode/DerivedData/CodeLooper-crrddjihwjtfkwegrjrymctnfixv/Build/Products/Debug/_AtomicsShims.o

SwiftDriverJobDiscovery normal arm64 Emitting module for KeychainAccess (in target 'KeychainAccess' from project 'KeychainAccess')

SwiftDriver\ Compilation\ Requirements KeychainAccess normal arm64 com.apple.xcode.tools.swift.compiler (in target 'KeychainAccess' from project 'KeychainAccess')
    cd /Users/steipete/Projects/CodeLooper
    builtin-Swift-Compilation-Requirements -- /Applications/Xcode-beta.app/Contents/Developer/Toolchains/XcodeDefault.xctoolchain/usr/bin/swiftc -module-name KeychainAccess -Onone -enforce-exclusivity\=checked @/Users/steipete/Library/Developer/Xcode/DerivedData/CodeLooper-crrddjihwjtfkwegrjrymctnfixv/Build/Intermediates.noindex/KeychainAccess.build/Debug/KeychainAccess.build/Objects-normal/arm64/KeychainAccess.SwiftFileList -DSWIFT_PACKAGE -DDEBUG -DSWIFT_MODULE_RESOURCE_BUNDLE_UNAVAILABLE -DXcode -plugin-path /Applications/Xcode-beta.app/Contents/Developer/Toolchains/XcodeDefault.xctoolchain/usr/lib/swift/host/plugins/testing -enable-experimental-feature DebugDescriptionMacro -sdk /Applications/Xcode-beta.app/Contents/Developer/Platforms/MacOSX.platform/Developer/SDKs/MacOSX26.0.sdk -target arm64-apple-macos10.13 -g -module-cache-path /Users/steipete/Library/Developer/Xcode/DerivedData/ModuleCache.noindex -Xfrontend -serialize-debugging-options -profile-coverage-mapping -profile-generate -enable-testing -suppress-warnings -index-store-path /Users/steipete/Library/Developer/Xcode/DerivedData/CodeLooper-crrddjihwjtfkwegrjrymctnfixv/Index.noindex/DataStore -swift-version 5 -I /Users/steipete/Library/Developer/Xcode/DerivedData/CodeLooper-crrddjihwjtfkwegrjrymctnfixv/Build/Products/Debug -I /Applications/Xcode-beta.app/Contents/Developer/Platforms/MacOSX.platform/Developer/usr/lib -F /Users/steipete/Library/Developer/Xcode/DerivedData/CodeLooper-crrddjihwjtfkwegrjrymctnfixv/Build/Products/Debug -F /Applications/Xcode-beta.app/Contents/Developer/Platforms/MacOSX.platform/Developer/Library/Frameworks -parse-as-library -c -j16 -enable-batch-mode -incremental -Xcc -ivfsstatcache -Xcc /Users/steipete/Library/Developer/Xcode/DerivedData/SDKStatCaches.noindex/macosx26.0-25A5279m-5d9328ff1a6613a11d359de947506b52.sdkstatcache -output-file-map /Users/steipete/Library/Developer/Xcode/DerivedData/CodeLooper-crrddjihwjtfkwegrjrymctnfixv/Build/Intermediates.noindex/KeychainAccess.build/Debug/KeychainAccess.build/Objects-normal/arm64/KeychainAccess-OutputFileMap.json -use-frontend-parseable-output -save-temps -no-color-diagnostics -explicit-module-build -module-cache-path /Users/steipete/Library/Developer/Xcode/DerivedData/CodeLooper-crrddjihwjtfkwegrjrymctnfixv/Build/Intermediates.noindex/SwiftExplicitPrecompiledModules -clang-scanner-module-cache-path /Users/steipete/Library/Developer/Xcode/DerivedData/ModuleCache.noindex -sdk-module-cache-path /Users/steipete/Library/Developer/Xcode/DerivedData/ModuleCache.noindex -serialize-diagnostics -emit-dependencies -emit-module -emit-module-path /Users/steipete/Library/Developer/Xcode/DerivedData/CodeLooper-crrddjihwjtfkwegrjrymctnfixv/Build/Intermediates.noindex/KeychainAccess.build/Debug/KeychainAccess.build/Objects-normal/arm64/KeychainAccess.swiftmodule -validate-clang-modules-once -clang-build-session-file /Users/steipete/Library/Developer/Xcode/DerivedData/ModuleCache.noindex/Session.modulevalidation -Xcc -I/Users/steipete/Library/Developer/Xcode/DerivedData/CodeLooper-crrddjihwjtfkwegrjrymctnfixv/Build/Intermediates.noindex/KeychainAccess.build/Debug/KeychainAccess.build/swift-overrides.hmap -emit-const-values -Xfrontend -const-gather-protocols-file -Xfrontend /Users/steipete/Library/Developer/Xcode/DerivedData/CodeLooper-crrddjihwjtfkwegrjrymctnfixv/Build/Intermediates.noindex/KeychainAccess.build/Debug/KeychainAccess.build/Objects-normal/arm64/KeychainAccess_const_extract_protocols.json -Xcc -I/Users/steipete/Library/Developer/Xcode/DerivedData/CodeLooper-crrddjihwjtfkwegrjrymctnfixv/Build/Products/Debug/include -Xcc -I/Users/steipete/Library/Developer/Xcode/DerivedData/CodeLooper-crrddjihwjtfkwegrjrymctnfixv/Build/Intermediates.noindex/KeychainAccess.build/Debug/KeychainAccess.build/DerivedSources-normal/arm64 -Xcc -I/Users/steipete/Library/Developer/Xcode/DerivedData/CodeLooper-crrddjihwjtfkwegrjrymctnfixv/Build/Intermediates.noindex/KeychainAccess.build/Debug/KeychainAccess.build/DerivedSources/arm64 -Xcc -I/Users/steipete/Library/Developer/Xcode/DerivedData/CodeLooper-crrddjihwjtfkwegrjrymctnfixv/Build/Intermediates.noindex/KeychainAccess.build/Debug/KeychainAccess.build/DerivedSources -Xcc -DSWIFT_PACKAGE -Xcc -DDEBUG\=1 -emit-objc-header -emit-objc-header-path /Users/steipete/Library/Developer/Xcode/DerivedData/CodeLooper-crrddjihwjtfkwegrjrymctnfixv/Build/Intermediates.noindex/KeychainAccess.build/Debug/KeychainAccess.build/Objects-normal/arm64/KeychainAccess-Swift.h -working-directory /Users/steipete/Projects/CodeLooper -experimental-emit-module-separately -disable-cmo

SwiftEmitModule normal arm64 Emitting\ module\ for\ Atomics (in target 'Atomics' from project 'swift-atomics')
EmitSwiftModule normal arm64 (in target 'Atomics' from project 'swift-atomics')
    cd /Users/steipete/Projects/CodeLooper
    

SwiftMergeGeneratedHeaders /Users/steipete/Library/Developer/Xcode/DerivedData/CodeLooper-crrddjihwjtfkwegrjrymctnfixv/Build/Intermediates.noindex/GeneratedModuleMaps/KeychainAccess-Swift.h /Users/steipete/Library/Developer/Xcode/DerivedData/CodeLooper-crrddjihwjtfkwegrjrymctnfixv/Build/Intermediates.noindex/KeychainAccess.build/Debug/KeychainAccess.build/Objects-normal/arm64/KeychainAccess-Swift.h (in target 'KeychainAccess' from project 'KeychainAccess')
    cd /Users/steipete/Library/Developer/Xcode/DerivedData/CodeLooper-crrddjihwjtfkwegrjrymctnfixv/SourcePackages/checkouts/KeychainAccess
    builtin-swiftHeaderTool -arch arm64 /Users/steipete/Library/Developer/Xcode/DerivedData/CodeLooper-crrddjihwjtfkwegrjrymctnfixv/Build/Intermediates.noindex/KeychainAccess.build/Debug/KeychainAccess.build/Objects-normal/arm64/KeychainAccess-Swift.h -o /Users/steipete/Library/Developer/Xcode/DerivedData/CodeLooper-crrddjihwjtfkwegrjrymctnfixv/Build/Intermediates.noindex/GeneratedModuleMaps/KeychainAccess-Swift.h

Copy /Users/steipete/Library/Developer/Xcode/DerivedData/CodeLooper-crrddjihwjtfkwegrjrymctnfixv/Build/Products/Debug/KeychainAccess.swiftmodule/arm64-apple-macos.swiftmodule /Users/steipete/Library/Developer/Xcode/DerivedData/CodeLooper-crrddjihwjtfkwegrjrymctnfixv/Build/Intermediates.noindex/KeychainAccess.build/Debug/KeychainAccess.build/Objects-normal/arm64/KeychainAccess.swiftmodule (in target 'KeychainAccess' from project 'KeychainAccess')
    cd /Users/steipete/Library/Developer/Xcode/DerivedData/CodeLooper-crrddjihwjtfkwegrjrymctnfixv/SourcePackages/checkouts/KeychainAccess
    builtin-copy -exclude .DS_Store -exclude CVS -exclude .svn -exclude .git -exclude .hg -resolve-src-symlinks -rename /Users/steipete/Library/Developer/Xcode/DerivedData/CodeLooper-crrddjihwjtfkwegrjrymctnfixv/Build/Intermediates.noindex/KeychainAccess.build/Debug/KeychainAccess.build/Objects-normal/arm64/KeychainAccess.swiftmodule /Users/steipete/Library/Developer/Xcode/DerivedData/CodeLooper-crrddjihwjtfkwegrjrymctnfixv/Build/Products/Debug/KeychainAccess.swiftmodule/arm64-apple-macos.swiftmodule

Copy /Users/steipete/Library/Developer/Xcode/DerivedData/CodeLooper-crrddjihwjtfkwegrjrymctnfixv/Build/Products/Debug/KeychainAccess.swiftmodule/arm64-apple-macos.swiftdoc /Users/steipete/Library/Developer/Xcode/DerivedData/CodeLooper-crrddjihwjtfkwegrjrymctnfixv/Build/Intermediates.noindex/KeychainAccess.build/Debug/KeychainAccess.build/Objects-normal/arm64/KeychainAccess.swiftdoc (in target 'KeychainAccess' from project 'KeychainAccess')
    cd /Users/steipete/Library/Developer/Xcode/DerivedData/CodeLooper-crrddjihwjtfkwegrjrymctnfixv/SourcePackages/checkouts/KeychainAccess
    builtin-copy -exclude .DS_Store -exclude CVS -exclude .svn -exclude .git -exclude .hg -resolve-src-symlinks -rename /Users/steipete/Library/Developer/Xcode/DerivedData/CodeLooper-crrddjihwjtfkwegrjrymctnfixv/Build/Intermediates.noindex/KeychainAccess.build/Debug/KeychainAccess.build/Objects-normal/arm64/KeychainAccess.swiftdoc /Users/steipete/Library/Developer/Xcode/DerivedData/CodeLooper-crrddjihwjtfkwegrjrymctnfixv/Build/Products/Debug/KeychainAccess.swiftmodule/arm64-apple-macos.swiftdoc

Copy /Users/steipete/Library/Developer/Xcode/DerivedData/CodeLooper-crrddjihwjtfkwegrjrymctnfixv/Build/Products/Debug/KeychainAccess.swiftmodule/arm64-apple-macos.abi.json /Users/steipete/Library/Developer/Xcode/DerivedData/CodeLooper-crrddjihwjtfkwegrjrymctnfixv/Build/Intermediates.noindex/KeychainAccess.build/Debug/KeychainAccess.build/Objects-normal/arm64/KeychainAccess.abi.json (in target 'KeychainAccess' from project 'KeychainAccess')
    cd /Users/steipete/Library/Developer/Xcode/DerivedData/CodeLooper-crrddjihwjtfkwegrjrymctnfixv/SourcePackages/checkouts/KeychainAccess
    builtin-copy -exclude .DS_Store -exclude CVS -exclude .svn -exclude .git -exclude .hg -resolve-src-symlinks -rename /Users/steipete/Library/Developer/Xcode/DerivedData/CodeLooper-crrddjihwjtfkwegrjrymctnfixv/Build/Intermediates.noindex/KeychainAccess.build/Debug/KeychainAccess.build/Objects-normal/arm64/KeychainAccess.abi.json /Users/steipete/Library/Developer/Xcode/DerivedData/CodeLooper-crrddjihwjtfkwegrjrymctnfixv/Build/Products/Debug/KeychainAccess.swiftmodule/arm64-apple-macos.abi.json

Copy /Users/steipete/Library/Developer/Xcode/DerivedData/CodeLooper-crrddjihwjtfkwegrjrymctnfixv/Build/Products/Debug/KeychainAccess.swiftmodule/Project/arm64-apple-macos.swiftsourceinfo /Users/steipete/Library/Developer/Xcode/DerivedData/CodeLooper-crrddjihwjtfkwegrjrymctnfixv/Build/Intermediates.noindex/KeychainAccess.build/Debug/KeychainAccess.build/Objects-normal/arm64/KeychainAccess.swiftsourceinfo (in target 'KeychainAccess' from project 'KeychainAccess')
    cd /Users/steipete/Library/Developer/Xcode/DerivedData/CodeLooper-crrddjihwjtfkwegrjrymctnfixv/SourcePackages/checkouts/KeychainAccess
    builtin-copy -exclude .DS_Store -exclude CVS -exclude .svn -exclude .git -exclude .hg -resolve-src-symlinks -rename /Users/steipete/Library/Developer/Xcode/DerivedData/CodeLooper-crrddjihwjtfkwegrjrymctnfixv/Build/Intermediates.noindex/KeychainAccess.build/Debug/KeychainAccess.build/Objects-normal/arm64/KeychainAccess.swiftsourceinfo /Users/steipete/Library/Developer/Xcode/DerivedData/CodeLooper-crrddjihwjtfkwegrjrymctnfixv/Build/Products/Debug/KeychainAccess.swiftmodule/Project/arm64-apple-macos.swiftsourceinfo

CompileC /Users/steipete/Library/Developer/Xcode/DerivedData/CodeLooper-crrddjihwjtfkwegrjrymctnfixv/Build/Intermediates.noindex/swift-nio.build/Debug/CNIOLLHTTP.build/Objects-normal/arm64/c_nio_llhttp.o /Users/steipete/Library/Developer/Xcode/DerivedData/CodeLooper-crrddjihwjtfkwegrjrymctnfixv/SourcePackages/checkouts/swift-nio/Sources/CNIOLLHTTP/c_nio_llhttp.c normal arm64 c com.apple.compilers.llvm.clang.1_0.compiler (in target 'CNIOLLHTTP' from project 'swift-nio')
    cd /Users/steipete/Projects/CodeLooper
    
    Using response file: /Users/steipete/Library/Developer/Xcode/DerivedData/CodeLooper-crrddjihwjtfkwegrjrymctnfixv/Build/Intermediates.noindex/swift-nio.build/Debug/CNIOLLHTTP.build/Objects-normal/arm64/7187679823f38a2a940e0043cdf9d637-common-args.resp
    
    /Applications/Xcode-beta.app/Contents/Developer/Toolchains/XcodeDefault.xctoolchain/usr/bin/clang -x c -ivfsstatcache /Users/steipete/Library/Developer/Xcode/DerivedData/SDKStatCaches.noindex/macosx26.0-25A5279m-5d9328ff1a6613a11d359de947506b52.sdkstatcache -fmessage-length\=0 -fdiagnostics-show-note-include-stack -fmacro-backtrace-limit\=0 -fno-color-diagnostics -fmodules-prune-interval\=86400 -fmodules-prune-after\=345600 -fbuild-session-file\=/Users/steipete/Library/Developer/Xcode/DerivedData/ModuleCache.noindex/Session.modulevalidation -fmodules-validate-once-per-build-session -Wnon-modular-include-in-framework-module -Werror\=non-modular-include-in-framework-module -Wno-trigraphs -Wno-missing-field-initializers -Wno-missing-prototypes -Wno-return-type -Wno-missing-braces -Wparentheses -Wswitch -Wno-unused-function -Wno-unused-label -Wno-unused-parameter -Wno-unused-variable -Wunused-value -Wno-empty-body -Wno-uninitialized -Wno-unknown-pragmas -w -Wno-shadow -Wno-four-char-constants -Wno-conversion -Wno-constant-conversion -Wno-int-conversion -Wno-bool-conversion -Wno-enum-conversion -Wno-float-conversion -Wno-non-literal-null-conversion -Wno-objc-literal-conversion -Wshorten-64-to-32 -Wpointer-sign -Wno-newline-eof -Wno-implicit-fallthrough -fstrict-aliasing -Wdeprecated-declarations -Wno-sign-conversion -Wno-infinite-recursion -Wno-comma -Wno-block-capture-autoreleasing -Wno-strict-prototypes -Wno-semicolon-before-method-body -index-store-path /Users/steipete/Library/Developer/Xcode/DerivedData/CodeLooper-crrddjihwjtfkwegrjrymctnfixv/Index.noindex/DataStore @/Users/steipete/Library/Developer/Xcode/DerivedData/CodeLooper-crrddjihwjtfkwegrjrymctnfixv/Build/Intermediates.noindex/swift-nio.build/Debug/CNIOLLHTTP.build/Objects-normal/arm64/7187679823f38a2a940e0043cdf9d637-common-args.resp -MMD -MT dependencies -MF /Users/steipete/Library/Developer/Xcode/DerivedData/CodeLooper-crrddjihwjtfkwegrjrymctnfixv/Build/Intermediates.noindex/swift-nio.build/Debug/CNIOLLHTTP.build/Objects-normal/arm64/c_nio_llhttp.d --serialize-diagnostics /Users/steipete/Library/Developer/Xcode/DerivedData/CodeLooper-crrddjihwjtfkwegrjrymctnfixv/Build/Intermediates.noindex/swift-nio.build/Debug/CNIOLLHTTP.build/Objects-normal/arm64/c_nio_llhttp.dia -c /Users/steipete/Library/Developer/Xcode/DerivedData/CodeLooper-crrddjihwjtfkwegrjrymctnfixv/SourcePackages/checkouts/swift-nio/Sources/CNIOLLHTTP/c_nio_llhttp.c -o /Users/steipete/Library/Developer/Xcode/DerivedData/CodeLooper-crrddjihwjtfkwegrjrymctnfixv/Build/Intermediates.noindex/swift-nio.build/Debug/CNIOLLHTTP.build/Objects-normal/arm64/c_nio_llhttp.o -index-unit-output-path /swift-nio.build/Debug/CNIOLLHTTP.build/Objects-normal/arm64/c_nio_llhttp.o

CompileC /Users/steipete/Library/Developer/Xcode/DerivedData/CodeLooper-crrddjihwjtfkwegrjrymctnfixv/Build/Intermediates.noindex/swift-nio.build/Debug/CNIOLLHTTP.build/Objects-normal/arm64/c_nio_api.o /Users/steipete/Library/Developer/Xcode/DerivedData/CodeLooper-crrddjihwjtfkwegrjrymctnfixv/SourcePackages/checkouts/swift-nio/Sources/CNIOLLHTTP/c_nio_api.c normal arm64 c com.apple.compilers.llvm.clang.1_0.compiler (in target 'CNIOLLHTTP' from project 'swift-nio')
    cd /Users/steipete/Projects/CodeLooper
    
    Using response file: /Users/steipete/Library/Developer/Xcode/DerivedData/CodeLooper-crrddjihwjtfkwegrjrymctnfixv/Build/Intermediates.noindex/swift-nio.build/Debug/CNIOLLHTTP.build/Objects-normal/arm64/7187679823f38a2a940e0043cdf9d637-common-args.resp
    
    /Applications/Xcode-beta.app/Contents/Developer/Toolchains/XcodeDefault.xctoolchain/usr/bin/clang -x c -ivfsstatcache /Users/steipete/Library/Developer/Xcode/DerivedData/SDKStatCaches.noindex/macosx26.0-25A5279m-5d9328ff1a6613a11d359de947506b52.sdkstatcache -fmessage-length\=0 -fdiagnostics-show-note-include-stack -fmacro-backtrace-limit\=0 -fno-color-diagnostics -fmodules-prune-interval\=86400 -fmodules-prune-after\=345600 -fbuild-session-file\=/Users/steipete/Library/Developer/Xcode/DerivedData/ModuleCache.noindex/Session.modulevalidation -fmodules-validate-once-per-build-session -Wnon-modular-include-in-framework-module -Werror\=non-modular-include-in-framework-module -Wno-trigraphs -Wno-missing-field-initializers -Wno-missing-prototypes -Wno-return-type -Wno-missing-braces -Wparentheses -Wswitch -Wno-unused-function -Wno-unused-label -Wno-unused-parameter -Wno-unused-variable -Wunused-value -Wno-empty-body -Wno-uninitialized -Wno-unknown-pragmas -w -Wno-shadow -Wno-four-char-constants -Wno-conversion -Wno-constant-conversion -Wno-int-conversion -Wno-bool-conversion -Wno-enum-conversion -Wno-float-conversion -Wno-non-literal-null-conversion -Wno-objc-literal-conversion -Wshorten-64-to-32 -Wpointer-sign -Wno-newline-eof -Wno-implicit-fallthrough -fstrict-aliasing -Wdeprecated-declarations -Wno-sign-conversion -Wno-infinite-recursion -Wno-comma -Wno-block-capture-autoreleasing -Wno-strict-prototypes -Wno-semicolon-before-method-body -index-store-path /Users/steipete/Library/Developer/Xcode/DerivedData/CodeLooper-crrddjihwjtfkwegrjrymctnfixv/Index.noindex/DataStore @/Users/steipete/Library/Developer/Xcode/DerivedData/CodeLooper-crrddjihwjtfkwegrjrymctnfixv/Build/Intermediates.noindex/swift-nio.build/Debug/CNIOLLHTTP.build/Objects-normal/arm64/7187679823f38a2a940e0043cdf9d637-common-args.resp -MMD -MT dependencies -MF /Users/steipete/Library/Developer/Xcode/DerivedData/CodeLooper-crrddjihwjtfkwegrjrymctnfixv/Build/Intermediates.noindex/swift-nio.build/Debug/CNIOLLHTTP.build/Objects-normal/arm64/c_nio_api.d --serialize-diagnostics /Users/steipete/Library/Developer/Xcode/DerivedData/CodeLooper-crrddjihwjtfkwegrjrymctnfixv/Build/Intermediates.noindex/swift-nio.build/Debug/CNIOLLHTTP.build/Objects-normal/arm64/c_nio_api.dia -c /Users/steipete/Library/Developer/Xcode/DerivedData/CodeLooper-crrddjihwjtfkwegrjrymctnfixv/SourcePackages/checkouts/swift-nio/Sources/CNIOLLHTTP/c_nio_api.c -o /Users/steipete/Library/Developer/Xcode/DerivedData/CodeLooper-crrddjihwjtfkwegrjrymctnfixv/Build/Intermediates.noindex/swift-nio.build/Debug/CNIOLLHTTP.build/Objects-normal/arm64/c_nio_api.o -index-unit-output-path /swift-nio.build/Debug/CNIOLLHTTP.build/Objects-normal/arm64/c_nio_api.o

PrecompileModule /Users/steipete/Library/Developer/Xcode/DerivedData/CodeLooper-crrddjihwjtfkwegrjrymctnfixv/Build/Intermediates.noindex/ExplicitPrecompiledModules/_Builtin_inttypes-5C8O1MUGXE1G1B9473F740SWD.scan
    cd /
    builtin-precompileModule /Users/steipete/Library/Developer/Xcode/DerivedData/CodeLooper-crrddjihwjtfkwegrjrymctnfixv/Build/Intermediates.noindex/ExplicitPrecompiledModules/_Builtin_inttypes-5C8O1MUGXE1G1B9473F740SWD.scan

SwiftDriverJobDiscovery normal arm64 Compiling Heap.swift (in target '_NIODataStructures' from project 'swift-nio')

SwiftCompile normal arm64 Compiling\ Chat.swift /Users/steipete/Projects/ollama-swift/Sources/Ollama/Chat.swift (in target 'Ollama' from project 'Ollama')

SwiftCompile normal arm64 /Users/steipete/Projects/ollama-swift/Sources/Ollama/Chat.swift (in target 'Ollama' from project 'Ollama')
    cd /Users/steipete/Projects/CodeLooper
    

SwiftCompile normal arm64 Compiling\ Tool.swift /Users/steipete/Projects/ollama-swift/Sources/Ollama/Tool.swift (in target 'Ollama' from project 'Ollama')

SwiftCompile normal arm64 /Users/steipete/Projects/ollama-swift/Sources/Ollama/Tool.swift (in target 'Ollama' from project 'Ollama')
    cd /Users/steipete/Projects/CodeLooper
    

PrecompileModule /Users/steipete/Library/Developer/Xcode/DerivedData/CodeLooper-crrddjihwjtfkwegrjrymctnfixv/Build/Intermediates.noindex/ExplicitPrecompiledModules/_Builtin_inttypes-2T59R5GT945OLLLPOVMCRB7TQ.scan
    cd /
    builtin-precompileModule /Users/steipete/Library/Developer/Xcode/DerivedData/CodeLooper-crrddjihwjtfkwegrjrymctnfixv/Build/Intermediates.noindex/ExplicitPrecompiledModules/_Builtin_inttypes-2T59R5GT945OLLLPOVMCRB7TQ.scan

SwiftEmitModule normal arm64 Emitting\ module\ for\ MenuBarExtraAccess (in target 'MenuBarExtraAccess' from project 'MenuBarExtraAccess')

EmitSwiftModule normal arm64 (in target 'MenuBarExtraAccess' from project 'MenuBarExtraAccess')
    cd /Users/steipete/Projects/CodeLooper
    

PrecompileModule /Users/steipete/Library/Developer/Xcode/DerivedData/CodeLooper-crrddjihwjtfkwegrjrymctnfixv/Build/Intermediates.noindex/ExplicitPrecompiledModules/Darwin-5OK7M2S5YCI2HN2Y5ZGF8NXOL.scan
    cd /
    builtin-precompileModule /Users/steipete/Library/Developer/Xcode/DerivedData/CodeLooper-crrddjihwjtfkwegrjrymctnfixv/Build/Intermediates.noindex/ExplicitPrecompiledModules/Darwin-5OK7M2S5YCI2HN2Y5ZGF8NXOL.scan

SwiftCompile normal arm64 Compiling\ Data+Extensions.swift /Users/steipete/Projects/ollama-swift/Sources/Ollama/Extensions/Data+Extensions.swift (in target 'Ollama' from project 'Ollama')
SwiftCompile normal arm64 /Users/steipete/Projects/ollama-swift/Sources/Ollama/Extensions/Data+Extensions.swift (in target 'Ollama' from project 'Ollama')
    cd /Users/steipete/Projects/CodeLooper
    

SwiftCompile normal arm64 Compiling\ Value.swift /Users/steipete/Projects/ollama-swift/Sources/Ollama/Value.swift (in target 'Ollama' from project 'Ollama')

SwiftCompile normal arm64 /Users/steipete/Projects/ollama-swift/Sources/Ollama/Value.swift (in target 'Ollama' from project 'Ollama')
    cd /Users/steipete/Projects/CodeLooper
    

SwiftEmitModule normal arm64 Emitting\ module\ for\ KeyboardShortcuts (in target 'KeyboardShortcuts' from project 'KeyboardShortcuts')

EmitSwiftModule normal arm64 (in target 'KeyboardShortcuts' from project 'KeyboardShortcuts')
    cd /Users/steipete/Projects/CodeLooper
    

SwiftEmitModule normal arm64 Emitting\ module\ for\ Demark (in target 'Demark' from project 'Demark')

EmitSwiftModule normal arm64 (in target 'Demark' from project 'Demark')
    cd /Users/steipete/Projects/CodeLooper
    

SwiftDriverJobDiscovery normal arm64 Compiling ServiceContextKey.swift (in target 'ServiceContextModule' from project 'swift-service-context')

SwiftEmitModule normal arm64 Emitting\ module\ for\ Defaults (in target 'Defaults' from project 'Defaults')

EmitSwiftModule normal arm64 (in target 'Defaults' from project 'Defaults')
    cd /Users/steipete/Projects/CodeLooper
    

CompileC /Users/steipete/Library/Developer/Xcode/DerivedData/CodeLooper-crrddjihwjtfkwegrjrymctnfixv/Build/Intermediates.noindex/swift-nio.build/Debug/CNIOAtomics.build/Objects-normal/arm64/c-nioatomics.o /Users/steipete/Library/Developer/Xcode/DerivedData/CodeLooper-crrddjihwjtfkwegrjrymctnfixv/SourcePackages/checkouts/swift-nio/Sources/CNIOAtomics/src/c-nioatomics.c normal arm64 c com.apple.compilers.llvm.clang.1_0.compiler (in target 'CNIOAtomics' from project 'swift-nio')
    cd /Users/steipete/Projects/CodeLooper
    
    Using response file: /Users/steipete/Library/Developer/Xcode/DerivedData/CodeLooper-crrddjihwjtfkwegrjrymctnfixv/Build/Intermediates.noindex/swift-nio.build/Debug/CNIOAtomics.build/Objects-normal/arm64/7187679823f38a2a940e0043cdf9d637-common-args.resp
    
    /Applications/Xcode-beta.app/Contents/Developer/Toolchains/XcodeDefault.xctoolchain/usr/bin/clang -x c -ivfsstatcache /Users/steipete/Library/Developer/Xcode/DerivedData/SDKStatCaches.noindex/macosx26.0-25A5279m-5d9328ff1a6613a11d359de947506b52.sdkstatcache -fmessage-length\=0 -fdiagnostics-show-note-include-stack -fmacro-backtrace-limit\=0 -fno-color-diagnostics -fmodules-prune-interval\=86400 -fmodules-prune-after\=345600 -fbuild-session-file\=/Users/steipete/Library/Developer/Xcode/DerivedData/ModuleCache.noindex/Session.modulevalidation -fmodules-validate-once-per-build-session -Wnon-modular-include-in-framework-module -Werror\=non-modular-include-in-framework-module -Wno-trigraphs -Wno-missing-field-initializers -Wno-missing-prototypes -Wno-return-type -Wno-missing-braces -Wparentheses -Wswitch -Wno-unused-function -Wno-unused-label -Wno-unused-parameter -Wno-unused-variable -Wunused-value -Wno-empty-body -Wno-uninitialized -Wno-unknown-pragmas -w -Wno-shadow -Wno-four-char-constants -Wno-conversion -Wno-constant-conversion -Wno-int-conversion -Wno-bool-conversion -Wno-enum-conversion -Wno-float-conversion -Wno-non-literal-null-conversion -Wno-objc-literal-conversion -Wshorten-64-to-32 -Wpointer-sign -Wno-newline-eof -Wno-implicit-fallthrough -fstrict-aliasing -Wdeprecated-declarations -Wno-sign-conversion -Wno-infinite-recursion -Wno-comma -Wno-block-capture-autoreleasing -Wno-strict-prototypes -Wno-semicolon-before-method-body -index-store-path /Users/steipete/Library/Developer/Xcode/DerivedData/CodeLooper-crrddjihwjtfkwegrjrymctnfixv/Index.noindex/DataStore @/Users/steipete/Library/Developer/Xcode/DerivedData/CodeLooper-crrddjihwjtfkwegrjrymctnfixv/Build/Intermediates.noindex/swift-nio.build/Debug/CNIOAtomics.build/Objects-normal/arm64/7187679823f38a2a940e0043cdf9d637-common-args.resp -MMD -MT dependencies -MF /Users/steipete/Library/Developer/Xcode/DerivedData/CodeLooper-crrddjihwjtfkwegrjrymctnfixv/Build/Intermediates.noindex/swift-nio.build/Debug/CNIOAtomics.build/Objects-normal/arm64/c-nioatomics.d --serialize-diagnostics /Users/steipete/Library/Developer/Xcode/DerivedData/CodeLooper-crrddjihwjtfkwegrjrymctnfixv/Build/Intermediates.noindex/swift-nio.build/Debug/CNIOAtomics.build/Objects-normal/arm64/c-nioatomics.dia -c /Users/steipete/Library/Developer/Xcode/DerivedData/CodeLooper-crrddjihwjtfkwegrjrymctnfixv/SourcePackages/checkouts/swift-nio/Sources/CNIOAtomics/src/c-nioatomics.c -o /Users/steipete/Library/Developer/Xcode/DerivedData/CodeLooper-crrddjihwjtfkwegrjrymctnfixv/Build/Intermediates.noindex/swift-nio.build/Debug/CNIOAtomics.build/Objects-normal/arm64/c-nioatomics.o -index-unit-output-path /swift-nio.build/Debug/CNIOAtomics.build/Objects-normal/arm64/c-nioatomics.o

SwiftDriverJobDiscovery normal arm64 Compiling _TinyArray.swift (in target '_NIODataStructures' from project 'swift-nio')

CompileC /Users/steipete/Library/Developer/Xcode/DerivedData/CodeLooper-crrddjihwjtfkwegrjrymctnfixv/Build/Intermediates.noindex/swift-nio.build/Debug/CNIOAtomics.build/Objects-normal/arm64/c-atomics.o /Users/steipete/Library/Developer/Xcode/DerivedData/CodeLooper-crrddjihwjtfkwegrjrymctnfixv/SourcePackages/checkouts/swift-nio/Sources/CNIOAtomics/src/c-atomics.c normal arm64 c com.apple.compilers.llvm.clang.1_0.compiler (in target 'CNIOAtomics' from project 'swift-nio')
    cd /Users/steipete/Projects/CodeLooper
    
    Using response file: /Users/steipete/Library/Developer/Xcode/DerivedData/CodeLooper-crrddjihwjtfkwegrjrymctnfixv/Build/Intermediates.noindex/swift-nio.build/Debug/CNIOAtomics.build/Objects-normal/arm64/7187679823f38a2a940e0043cdf9d637-common-args.resp
    
    /Applications/Xcode-beta.app/Contents/Developer/Toolchains/XcodeDefault.xctoolchain/usr/bin/clang -x c -ivfsstatcache /Users/steipete/Library/Developer/Xcode/DerivedData/SDKStatCaches.noindex/macosx26.0-25A5279m-5d9328ff1a6613a11d359de947506b52.sdkstatcache -fmessage-length\=0 -fdiagnostics-show-note-include-stack -fmacro-backtrace-limit\=0 -fno-color-diagnostics -fmodules-prune-interval\=86400 -fmodules-prune-after\=345600 -fbuild-session-file\=/Users/steipete/Library/Developer/Xcode/DerivedData/ModuleCache.noindex/Session.modulevalidation -fmodules-validate-once-per-build-session -Wnon-modular-include-in-framework-module -Werror\=non-modular-include-in-framework-module -Wno-trigraphs -Wno-missing-field-initializers -Wno-missing-prototypes -Wno-return-type -Wno-missing-braces -Wparentheses -Wswitch -Wno-unused-function -Wno-unused-label -Wno-unused-parameter -Wno-unused-variable -Wunused-value -Wno-empty-body -Wno-uninitialized -Wno-unknown-pragmas -w -Wno-shadow -Wno-four-char-constants -Wno-conversion -Wno-constant-conversion -Wno-int-conversion -Wno-bool-conversion -Wno-enum-conversion -Wno-float-conversion -Wno-non-literal-null-conversion -Wno-objc-literal-conversion -Wshorten-64-to-32 -Wpointer-sign -Wno-newline-eof -Wno-implicit-fallthrough -fstrict-aliasing -Wdeprecated-declarations -Wno-sign-conversion -Wno-infinite-recursion -Wno-comma -Wno-block-capture-autoreleasing -Wno-strict-prototypes -Wno-semicolon-before-method-body -index-store-path /Users/steipete/Library/Developer/Xcode/DerivedData/CodeLooper-crrddjihwjtfkwegrjrymctnfixv/Index.noindex/DataStore @/Users/steipete/Library/Developer/Xcode/DerivedData/CodeLooper-crrddjihwjtfkwegrjrymctnfixv/Build/Intermediates.noindex/swift-nio.build/Debug/CNIOAtomics.build/Objects-normal/arm64/7187679823f38a2a940e0043cdf9d637-common-args.resp -MMD -MT dependencies -MF /Users/steipete/Library/Developer/Xcode/DerivedData/CodeLooper-crrddjihwjtfkwegrjrymctnfixv/Build/Intermediates.noindex/swift-nio.build/Debug/CNIOAtomics.build/Objects-normal/arm64/c-atomics.d --serialize-diagnostics /Users/steipete/Library/Developer/Xcode/DerivedData/CodeLooper-crrddjihwjtfkwegrjrymctnfixv/Build/Intermediates.noindex/swift-nio.build/Debug/CNIOAtomics.build/Objects-normal/arm64/c-atomics.dia -c /Users/steipete/Library/Developer/Xcode/DerivedData/CodeLooper-crrddjihwjtfkwegrjrymctnfixv/SourcePackages/checkouts/swift-nio/Sources/CNIOAtomics/src/c-atomics.c -o /Users/steipete/Library/Developer/Xcode/DerivedData/CodeLooper-crrddjihwjtfkwegrjrymctnfixv/Build/Intermediates.noindex/swift-nio.build/Debug/CNIOAtomics.build/Objects-normal/arm64/c-atomics.o -index-unit-output-path /swift-nio.build/Debug/CNIOAtomics.build/Objects-normal/arm64/c-atomics.o

SwiftEmitModule normal arm64 Emitting\ module\ for\ DesignSystem (in target 'DesignSystem' from project 'DesignSystem')

EmitSwiftModule normal arm64 (in target 'DesignSystem' from project 'DesignSystem')
    cd /Users/steipete/Projects/CodeLooper
    

SwiftEmitModule normal arm64 Emitting\ module\ for\ SwiftUIIntrospect (in target 'SwiftUIIntrospect' from project 'swiftui-introspect')

EmitSwiftModule normal arm64 (in target 'SwiftUIIntrospect' from project 'swiftui-introspect')
    cd /Users/steipete/Projects/CodeLooper
    

SwiftDriverJobDiscovery normal arm64 Compiling ServiceContext.swift (in target 'ServiceContextModule' from project 'swift-service-context')

SwiftDriver\ Compilation _NIODataStructures normal arm64 com.apple.xcode.tools.swift.compiler (in target '_NIODataStructures' from project 'swift-nio')
    cd /Users/steipete/Projects/CodeLooper
    builtin-Swift-Compilation -- /Applications/Xcode-beta.app/Contents/Developer/Toolchains/XcodeDefault.xctoolchain/usr/bin/swiftc -module-name _NIODataStructures -Onone -enforce-exclusivity\=checked @/Users/steipete/Library/Developer/Xcode/DerivedData/CodeLooper-crrddjihwjtfkwegrjrymctnfixv/Build/Intermediates.noindex/swift-nio.build/Debug/_NIODataStructures.build/Objects-normal/arm64/_NIODataStructures.SwiftFileList -DSWIFT_PACKAGE -DDEBUG -DSWIFT_MODULE_RESOURCE_BUNDLE_UNAVAILABLE -DXcode -enable-upcoming-feature StrictConcurrency -enable-upcoming-feature InferSendableFromCaptures -enable-upcoming-feature MemberImportVisibility -plugin-path /Applications/Xcode-beta.app/Contents/Developer/Toolchains/XcodeDefault.xctoolchain/usr/lib/swift/host/plugins/testing -enable-experimental-feature DebugDescriptionMacro -sdk /Applications/Xcode-beta.app/Contents/Developer/Platforms/MacOSX.platform/Developer/SDKs/MacOSX26.0.sdk -target arm64-apple-macos10.13 -g -module-cache-path /Users/steipete/Library/Developer/Xcode/DerivedData/ModuleCache.noindex -Xfrontend -serialize-debugging-options -profile-coverage-mapping -profile-generate -enable-testing -suppress-warnings -index-store-path /Users/steipete/Library/Developer/Xcode/DerivedData/CodeLooper-crrddjihwjtfkwegrjrymctnfixv/Index.noindex/DataStore -swift-version 5 -I /Users/steipete/Library/Developer/Xcode/DerivedData/CodeLooper-crrddjihwjtfkwegrjrymctnfixv/Build/Products/Debug -I /Applications/Xcode-beta.app/Contents/Developer/Platforms/MacOSX.platform/Developer/usr/lib -F /Users/steipete/Library/Developer/Xcode/DerivedData/CodeLooper-crrddjihwjtfkwegrjrymctnfixv/Build/Products/Debug -F /Applications/Xcode-beta.app/Contents/Developer/Platforms/MacOSX.platform/Developer/Library/Frameworks -c -j16 -enable-batch-mode -incremental -Xcc -ivfsstatcache -Xcc /Users/steipete/Library/Developer/Xcode/DerivedData/SDKStatCaches.noindex/macosx26.0-25A5279m-5d9328ff1a6613a11d359de947506b52.sdkstatcache -output-file-map /Users/steipete/Library/Developer/Xcode/DerivedData/CodeLooper-crrddjihwjtfkwegrjrymctnfixv/Build/Intermediates.noindex/swift-nio.build/Debug/_NIODataStructures.build/Objects-normal/arm64/_NIODataStructures-OutputFileMap.json -use-frontend-parseable-output -save-temps -no-color-diagnostics -explicit-module-build -module-cache-path /Users/steipete/Library/Developer/Xcode/DerivedData/CodeLooper-crrddjihwjtfkwegrjrymctnfixv/Build/Intermediates.noindex/SwiftExplicitPrecompiledModules -clang-scanner-module-cache-path /Users/steipete/Library/Developer/Xcode/DerivedData/ModuleCache.noindex -sdk-module-cache-path /Users/steipete/Library/Developer/Xcode/DerivedData/ModuleCache.noindex -serialize-diagnostics -emit-dependencies -emit-module -emit-module-path /Users/steipete/Library/Developer/Xcode/DerivedData/CodeLooper-crrddjihwjtfkwegrjrymctnfixv/Build/Intermediates.noindex/swift-nio.build/Debug/_NIODataStructures.build/Objects-normal/arm64/_NIODataStructures.swiftmodule -validate-clang-modules-once -clang-build-session-file /Users/steipete/Library/Developer/Xcode/DerivedData/ModuleCache.noindex/Session.modulevalidation -package-name swift_nio -Xcc -I/Users/steipete/Library/Developer/Xcode/DerivedData/CodeLooper-crrddjihwjtfkwegrjrymctnfixv/Build/Intermediates.noindex/swift-nio.build/Debug/_NIODataStructures.build/swift-overrides.hmap -emit-const-values -Xfrontend -const-gather-protocols-file -Xfrontend /Users/steipete/Library/Developer/Xcode/DerivedData/CodeLooper-crrddjihwjtfkwegrjrymctnfixv/Build/Intermediates.noindex/swift-nio.build/Debug/_NIODataStructures.build/Objects-normal/arm64/_NIODataStructures_const_extract_protocols.json -Xcc -I/Users/steipete/Library/Developer/Xcode/DerivedData/CodeLooper-crrddjihwjtfkwegrjrymctnfixv/Build/Products/Debug/include -Xcc -I/Users/steipete/Library/Developer/Xcode/DerivedData/CodeLooper-crrddjihwjtfkwegrjrymctnfixv/Build/Intermediates.noindex/swift-nio.build/Debug/_NIODataStructures.build/DerivedSources-normal/arm64 -Xcc -I/Users/steipete/Library/Developer/Xcode/DerivedData/CodeLooper-crrddjihwjtfkwegrjrymctnfixv/Build/Intermediates.noindex/swift-nio.build/Debug/_NIODataStructures.build/DerivedSources/arm64 -Xcc -I/Users/steipete/Library/Developer/Xcode/DerivedData/CodeLooper-crrddjihwjtfkwegrjrymctnfixv/Build/Intermediates.noindex/swift-nio.build/Debug/_NIODataStructures.build/DerivedSources -Xcc -DSWIFT_PACKAGE -Xcc -DDEBUG\=1 -emit-objc-header -emit-objc-header-path /Users/steipete/Library/Developer/Xcode/DerivedData/CodeLooper-crrddjihwjtfkwegrjrymctnfixv/Build/Intermediates.noindex/swift-nio.build/Debug/_NIODataStructures.build/Objects-normal/arm64/_NIODataStructures-Swift.h -working-directory /Users/steipete/Projects/CodeLooper -experimental-emit-module-separately -disable-cmo

SwiftDriverJobDiscovery normal arm64 Compiling Tool.swift (in target 'Ollama' from project 'Ollama')

SwiftCompile normal arm64 Compiling\ Introspect.swift,\ IntrospectableViewType.swift,\ IntrospectionSelector.swift,\ IntrospectionView.swift /Users/steipete/Library/Developer/Xcode/DerivedData/CodeLooper-crrddjihwjtfkwegrjrymctnfixv/SourcePackages/checkouts/SwiftUI-Introspect/Sources/Introspect.swift /Users/steipete/Library/Developer/Xcode/DerivedData/CodeLooper-crrddjihwjtfkwegrjrymctnfixv/SourcePackages/checkouts/SwiftUI-Introspect/Sources/IntrospectableViewType.swift /Users/steipete/Library/Developer/Xcode/DerivedData/CodeLooper-crrddjihwjtfkwegrjrymctnfixv/SourcePackages/checkouts/SwiftUI-Introspect/Sources/IntrospectionSelector.swift /Users/steipete/Library/Developer/Xcode/DerivedData/CodeLooper-crrddjihwjtfkwegrjrymctnfixv/SourcePackages/checkouts/SwiftUI-Introspect/Sources/IntrospectionView.swift (in target 'SwiftUIIntrospect' from project 'swiftui-introspect')

SwiftCompile normal arm64 /Users/steipete/Library/Developer/Xcode/DerivedData/CodeLooper-crrddjihwjtfkwegrjrymctnfixv/SourcePackages/checkouts/SwiftUI-Introspect/Sources/Introspect.swift (in target 'SwiftUIIntrospect' from project 'swiftui-introspect')
    cd /Users/steipete/Projects/CodeLooper
    

SwiftCompile normal arm64 /Users/steipete/Library/Developer/Xcode/DerivedData/CodeLooper-crrddjihwjtfkwegrjrymctnfixv/SourcePackages/checkouts/SwiftUI-Introspect/Sources/IntrospectableViewType.swift (in target 'SwiftUIIntrospect' from project 'swiftui-introspect')
    cd /Users/steipete/Projects/CodeLooper
    

SwiftCompile normal arm64 /Users/steipete/Library/Developer/Xcode/DerivedData/CodeLooper-crrddjihwjtfkwegrjrymctnfixv/SourcePackages/checkouts/SwiftUI-Introspect/Sources/IntrospectionSelector.swift (in target 'SwiftUIIntrospect' from project 'swiftui-introspect')
    cd /Users/steipete/Projects/CodeLooper
    

SwiftCompile normal arm64 /Users/steipete/Library/Developer/Xcode/DerivedData/CodeLooper-crrddjihwjtfkwegrjrymctnfixv/SourcePackages/checkouts/SwiftUI-Introspect/Sources/IntrospectionView.swift (in target 'SwiftUIIntrospect' from project 'swiftui-introspect')
    cd /Users/steipete/Projects/CodeLooper
    

SwiftCompile normal arm64 Compiling\ Toggle.swift,\ ToggleWithButtonStyle.swift,\ ToggleWithCheckboxStyle.swift /Users/steipete/Library/Developer/Xcode/DerivedData/CodeLooper-crrddjihwjtfkwegrjrymctnfixv/SourcePackages/checkouts/SwiftUI-Introspect/Sources/ViewTypes/Toggle.swift /Users/steipete/Library/Developer/Xcode/DerivedData/CodeLooper-crrddjihwjtfkwegrjrymctnfixv/SourcePackages/checkouts/SwiftUI-Introspect/Sources/ViewTypes/ToggleWithButtonStyle.swift /Users/steipete/Library/Developer/Xcode/DerivedData/CodeLooper-crrddjihwjtfkwegrjrymctnfixv/SourcePackages/checkouts/SwiftUI-Introspect/Sources/ViewTypes/ToggleWithCheckboxStyle.swift (in target 'SwiftUIIntrospect' from project 'swiftui-introspect')

SwiftCompile normal arm64 /Users/steipete/Library/Developer/Xcode/DerivedData/CodeLooper-crrddjihwjtfkwegrjrymctnfixv/SourcePackages/checkouts/SwiftUI-Introspect/Sources/ViewTypes/Toggle.swift (in target 'SwiftUIIntrospect' from project 'swiftui-introspect')
    cd /Users/steipete/Projects/CodeLooper
    

SwiftCompile normal arm64 /Users/steipete/Library/Developer/Xcode/DerivedData/CodeLooper-crrddjihwjtfkwegrjrymctnfixv/SourcePackages/checkouts/SwiftUI-Introspect/Sources/ViewTypes/ToggleWithButtonStyle.swift (in target 'SwiftUIIntrospect' from project 'swiftui-introspect')
    cd /Users/steipete/Projects/CodeLooper
    

SwiftCompile normal arm64 /Users/steipete/Library/Developer/Xcode/DerivedData/CodeLooper-crrddjihwjtfkwegrjrymctnfixv/SourcePackages/checkouts/SwiftUI-Introspect/Sources/ViewTypes/ToggleWithCheckboxStyle.swift (in target 'SwiftUIIntrospect' from project 'swiftui-introspect')
    cd /Users/steipete/Projects/CodeLooper
    

Ld /Users/steipete/Library/Developer/Xcode/DerivedData/CodeLooper-crrddjihwjtfkwegrjrymctnfixv/Build/Products/Debug/CNIOLLHTTP.o normal (in target 'CNIOLLHTTP' from project 'swift-nio')
    cd /Users/steipete/Library/Developer/Xcode/DerivedData/CodeLooper-crrddjihwjtfkwegrjrymctnfixv/SourcePackages/checkouts/swift-nio
    /Applications/Xcode-beta.app/Contents/Developer/Toolchains/XcodeDefault.xctoolchain/usr/bin/clang -Xlinker -reproducible -target arm64-apple-macos10.13 -r -isysroot /Applications/Xcode-beta.app/Contents/Developer/Platforms/MacOSX.platform/Developer/SDKs/MacOSX26.0.sdk -O0 -w -L/Users/steipete/Library/Developer/Xcode/DerivedData/CodeLooper-crrddjihwjtfkwegrjrymctnfixv/Build/Intermediates.noindex/EagerLinkingTBDs/Debug -L/Users/steipete/Library/Developer/Xcode/DerivedData/CodeLooper-crrddjihwjtfkwegrjrymctnfixv/Build/Products/Debug -L/Applications/Xcode-beta.app/Contents/Developer/Platforms/MacOSX.platform/Developer/usr/lib -F/Users/steipete/Library/Developer/Xcode/DerivedData/CodeLooper-crrddjihwjtfkwegrjrymctnfixv/Build/Intermediates.noindex/EagerLinkingTBDs/Debug -F/Users/steipete/Library/Developer/Xcode/DerivedData/CodeLooper-crrddjihwjtfkwegrjrymctnfixv/Build/Products/Debug -iframework /Applications/Xcode-beta.app/Contents/Developer/Platforms/MacOSX.platform/Developer/Library/Frameworks -filelist /Users/steipete/Library/Developer/Xcode/DerivedData/CodeLooper-crrddjihwjtfkwegrjrymctnfixv/Build/Intermediates.noindex/swift-nio.build/Debug/CNIOLLHTTP.build/Objects-normal/arm64/CNIOLLHTTP.LinkFileList -nostdlib -Xlinker -object_path_lto -Xlinker /Users/steipete/Library/Developer/Xcode/DerivedData/CodeLooper-crrddjihwjtfkwegrjrymctnfixv/Build/Intermediates.noindex/swift-nio.build/Debug/CNIOLLHTTP.build/Objects-normal/arm64/CNIOLLHTTP_lto.o -rdynamic -Xlinker -no_deduplicate -Xlinker -debug_variant -Xlinker -dependency_info -Xlinker /Users/steipete/Library/Developer/Xcode/DerivedData/CodeLooper-crrddjihwjtfkwegrjrymctnfixv/Build/Intermediates.noindex/swift-nio.build/Debug/CNIOLLHTTP.build/Objects-normal/arm64/CNIOLLHTTP_dependency_info.dat -o /Users/steipete/Library/Developer/Xcode/DerivedData/CodeLooper-crrddjihwjtfkwegrjrymctnfixv/Build/Products/Debug/CNIOLLHTTP.o

SwiftDriverJobDiscovery normal arm64 Compiling Base64.swift (in target '_NIOBase64' from project 'swift-nio')

SwiftDriver\ Compilation _NIOBase64 normal arm64 com.apple.xcode.tools.swift.compiler (in target '_NIOBase64' from project 'swift-nio')
    cd /Users/steipete/Projects/CodeLooper
    builtin-Swift-Compilation -- /Applications/Xcode-beta.app/Contents/Developer/Toolchains/XcodeDefault.xctoolchain/usr/bin/swiftc -module-name _NIOBase64 -Onone -enforce-exclusivity\=checked @/Users/steipete/Library/Developer/Xcode/DerivedData/CodeLooper-crrddjihwjtfkwegrjrymctnfixv/Build/Intermediates.noindex/swift-nio.build/Debug/_NIOBase64.build/Objects-normal/arm64/_NIOBase64.SwiftFileList -DSWIFT_PACKAGE -DDEBUG -DSWIFT_MODULE_RESOURCE_BUNDLE_UNAVAILABLE -DXcode -enable-upcoming-feature StrictConcurrency -enable-upcoming-feature InferSendableFromCaptures -enable-upcoming-feature MemberImportVisibility -plugin-path /Applications/Xcode-beta.app/Contents/Developer/Toolchains/XcodeDefault.xctoolchain/usr/lib/swift/host/plugins/testing -enable-experimental-feature DebugDescriptionMacro -sdk /Applications/Xcode-beta.app/Contents/Developer/Platforms/MacOSX.platform/Developer/SDKs/MacOSX26.0.sdk -target arm64-apple-macos10.13 -g -module-cache-path /Users/steipete/Library/Developer/Xcode/DerivedData/ModuleCache.noindex -Xfrontend -serialize-debugging-options -profile-coverage-mapping -profile-generate -enable-testing -suppress-warnings -index-store-path /Users/steipete/Library/Developer/Xcode/DerivedData/CodeLooper-crrddjihwjtfkwegrjrymctnfixv/Index.noindex/DataStore -swift-version 5 -I /Users/steipete/Library/Developer/Xcode/DerivedData/CodeLooper-crrddjihwjtfkwegrjrymctnfixv/Build/Products/Debug -I /Applications/Xcode-beta.app/Contents/Developer/Platforms/MacOSX.platform/Developer/usr/lib -F /Users/steipete/Library/Developer/Xcode/DerivedData/CodeLooper-crrddjihwjtfkwegrjrymctnfixv/Build/Products/Debug -F /Applications/Xcode-beta.app/Contents/Developer/Platforms/MacOSX.platform/Developer/Library/Frameworks -parse-as-library -c -j16 -enable-batch-mode -incremental -Xcc -ivfsstatcache -Xcc /Users/steipete/Library/Developer/Xcode/DerivedData/SDKStatCaches.noindex/macosx26.0-25A5279m-5d9328ff1a6613a11d359de947506b52.sdkstatcache -output-file-map /Users/steipete/Library/Developer/Xcode/DerivedData/CodeLooper-crrddjihwjtfkwegrjrymctnfixv/Build/Intermediates.noindex/swift-nio.build/Debug/_NIOBase64.build/Objects-normal/arm64/_NIOBase64-OutputFileMap.json -use-frontend-parseable-output -save-temps -no-color-diagnostics -explicit-module-build -module-cache-path /Users/steipete/Library/Developer/Xcode/DerivedData/CodeLooper-crrddjihwjtfkwegrjrymctnfixv/Build/Intermediates.noindex/SwiftExplicitPrecompiledModules -clang-scanner-module-cache-path /Users/steipete/Library/Developer/Xcode/DerivedData/ModuleCache.noindex -sdk-module-cache-path /Users/steipete/Library/Developer/Xcode/DerivedData/ModuleCache.noindex -serialize-diagnostics -emit-dependencies -emit-module -emit-module-path /Users/steipete/Library/Developer/Xcode/DerivedData/CodeLooper-crrddjihwjtfkwegrjrymctnfixv/Build/Intermediates.noindex/swift-nio.build/Debug/_NIOBase64.build/Objects-normal/arm64/_NIOBase64.swiftmodule -validate-clang-modules-once -clang-build-session-file /Users/steipete/Library/Developer/Xcode/DerivedData/ModuleCache.noindex/Session.modulevalidation -package-name swift_nio -Xcc -I/Users/steipete/Library/Developer/Xcode/DerivedData/CodeLooper-crrddjihwjtfkwegrjrymctnfixv/Build/Intermediates.noindex/swift-nio.build/Debug/_NIOBase64.build/swift-overrides.hmap -emit-const-values -Xfrontend -const-gather-protocols-file -Xfrontend /Users/steipete/Library/Developer/Xcode/DerivedData/CodeLooper-crrddjihwjtfkwegrjrymctnfixv/Build/Intermediates.noindex/swift-nio.build/Debug/_NIOBase64.build/Objects-normal/arm64/_NIOBase64_const_extract_protocols.json -Xcc -I/Users/steipete/Library/Developer/Xcode/DerivedData/CodeLooper-crrddjihwjtfkwegrjrymctnfixv/Build/Products/Debug/include -Xcc -I/Users/steipete/Library/Developer/Xcode/DerivedData/CodeLooper-crrddjihwjtfkwegrjrymctnfixv/Build/Intermediates.noindex/swift-nio.build/Debug/_NIOBase64.build/DerivedSources-normal/arm64 -Xcc -I/Users/steipete/Library/Developer/Xcode/DerivedData/CodeLooper-crrddjihwjtfkwegrjrymctnfixv/Build/Intermediates.noindex/swift-nio.build/Debug/_NIOBase64.build/DerivedSources/arm64 -Xcc -I/Users/steipete/Library/Developer/Xcode/DerivedData/CodeLooper-crrddjihwjtfkwegrjrymctnfixv/Build/Intermediates.noindex/swift-nio.build/Debug/_NIOBase64.build/DerivedSources -Xcc -DSWIFT_PACKAGE -Xcc -DDEBUG\=1 -emit-objc-header -emit-objc-header-path /Users/steipete/Library/Developer/Xcode/DerivedData/CodeLooper-crrddjihwjtfkwegrjrymctnfixv/Build/Intermediates.noindex/swift-nio.build/Debug/_NIOBase64.build/Objects-normal/arm64/_NIOBase64-Swift.h -working-directory /Users/steipete/Projects/CodeLooper -experimental-emit-module-separately -disable-cmo

SwiftDriverJobDiscovery normal arm64 Emitting module for Demark (in target 'Demark' from project 'Demark')

SwiftDriver\ Compilation\ Requirements Demark normal arm64 com.apple.xcode.tools.swift.compiler (in target 'Demark' from project 'Demark')
    cd /Users/steipete/Projects/CodeLooper
    builtin-Swift-Compilation-Requirements -- /Applications/Xcode-beta.app/Contents/Developer/Toolchains/XcodeDefault.xctoolchain/usr/bin/swiftc -module-name Demark -Onone -enforce-exclusivity\=checked @/Users/steipete/Library/Developer/Xcode/DerivedData/CodeLooper-crrddjihwjtfkwegrjrymctnfixv/Build/Intermediates.noindex/Demark.build/Debug/Demark.build/Objects-normal/arm64/Demark.SwiftFileList -DSWIFT_PACKAGE -DDEBUG -DSWIFT_MODULE_RESOURCE_BUNDLE_AVAILABLE -DXcode -enable-experimental-feature StrictConcurrency -plugin-path /Applications/Xcode-beta.app/Contents/Developer/Toolchains/XcodeDefault.xctoolchain/usr/lib/swift/host/plugins/testing -enable-experimental-feature DebugDescriptionMacro -sdk /Applications/Xcode-beta.app/Contents/Developer/Platforms/MacOSX.platform/Developer/SDKs/MacOSX26.0.sdk -target arm64-apple-macos14.0 -g -module-cache-path /Users/steipete/Library/Developer/Xcode/DerivedData/ModuleCache.noindex -Xfrontend -serialize-debugging-options -profile-coverage-mapping -profile-generate -enable-testing -suppress-warnings -index-store-path /Users/steipete/Library/Developer/Xcode/DerivedData/CodeLooper-crrddjihwjtfkwegrjrymctnfixv/Index.noindex/DataStore -swift-version 6 -I /Users/steipete/Library/Developer/Xcode/DerivedData/CodeLooper-crrddjihwjtfkwegrjrymctnfixv/Build/Products/Debug -I /Applications/Xcode-beta.app/Contents/Developer/Platforms/MacOSX.platform/Developer/usr/lib -F /Users/steipete/Library/Developer/Xcode/DerivedData/CodeLooper-crrddjihwjtfkwegrjrymctnfixv/Build/Products/Debug -F /Applications/Xcode-beta.app/Contents/Developer/Platforms/MacOSX.platform/Developer/Library/Frameworks -c -j16 -enable-batch-mode -incremental -Xcc -ivfsstatcache -Xcc /Users/steipete/Library/Developer/Xcode/DerivedData/SDKStatCaches.noindex/macosx26.0-25A5279m-5d9328ff1a6613a11d359de947506b52.sdkstatcache -output-file-map /Users/steipete/Library/Developer/Xcode/DerivedData/CodeLooper-crrddjihwjtfkwegrjrymctnfixv/Build/Intermediates.noindex/Demark.build/Debug/Demark.build/Objects-normal/arm64/Demark-OutputFileMap.json -use-frontend-parseable-output -save-temps -no-color-diagnostics -explicit-module-build -module-cache-path /Users/steipete/Library/Developer/Xcode/DerivedData/CodeLooper-crrddjihwjtfkwegrjrymctnfixv/Build/Intermediates.noindex/SwiftExplicitPrecompiledModules -clang-scanner-module-cache-path /Users/steipete/Library/Developer/Xcode/DerivedData/ModuleCache.noindex -sdk-module-cache-path /Users/steipete/Library/Developer/Xcode/DerivedData/ModuleCache.noindex -serialize-diagnostics -emit-dependencies -emit-module -emit-module-path /Users/steipete/Library/Developer/Xcode/DerivedData/CodeLooper-crrddjihwjtfkwegrjrymctnfixv/Build/Intermediates.noindex/Demark.build/Debug/Demark.build/Objects-normal/arm64/Demark.swiftmodule -user-module-version 1.0.0 -validate-clang-modules-once -clang-build-session-file /Users/steipete/Library/Developer/Xcode/DerivedData/ModuleCache.noindex/Session.modulevalidation -package-name demark -Xcc -I/Users/steipete/Library/Developer/Xcode/DerivedData/CodeLooper-crrddjihwjtfkwegrjrymctnfixv/Build/Intermediates.noindex/Demark.build/Debug/Demark.build/swift-overrides.hmap -emit-const-values -Xfrontend -const-gather-protocols-file -Xfrontend /Users/steipete/Library/Developer/Xcode/DerivedData/CodeLooper-crrddjihwjtfkwegrjrymctnfixv/Build/Intermediates.noindex/Demark.build/Debug/Demark.build/Objects-normal/arm64/Demark_const_extract_protocols.json -Xcc -I/Users/steipete/Library/Developer/Xcode/DerivedData/CodeLooper-crrddjihwjtfkwegrjrymctnfixv/Build/Products/Debug/include -Xcc -I/Users/steipete/Library/Developer/Xcode/DerivedData/CodeLooper-crrddjihwjtfkwegrjrymctnfixv/Build/Intermediates.noindex/Demark.build/Debug/Demark.build/DerivedSources-normal/arm64 -Xcc -I/Users/steipete/Library/Developer/Xcode/DerivedData/CodeLooper-crrddjihwjtfkwegrjrymctnfixv/Build/Intermediates.noindex/Demark.build/Debug/Demark.build/DerivedSources/arm64 -Xcc -I/Users/steipete/Library/Developer/Xcode/DerivedData/CodeLooper-crrddjihwjtfkwegrjrymctnfixv/Build/Intermediates.noindex/Demark.build/Debug/Demark.build/DerivedSources -Xcc -DSWIFT_PACKAGE -Xcc -DDEBUG\=1 -emit-objc-header -emit-objc-header-path /Users/steipete/Library/Developer/Xcode/DerivedData/CodeLooper-crrddjihwjtfkwegrjrymctnfixv/Build/Intermediates.noindex/Demark.build/Debug/Demark.build/Objects-normal/arm64/Demark-Swift.h -working-directory /Users/steipete/Projects/CodeLooper -experimental-emit-module-separately -disable-cmo

SwiftCompile normal arm64 Compiling\ ViewController.swift,\ Window.swift,\ Weak.swift /Users/steipete/Library/Developer/Xcode/DerivedData/CodeLooper-crrddjihwjtfkwegrjrymctnfixv/SourcePackages/checkouts/SwiftUI-Introspect/Sources/ViewTypes/ViewController.swift /Users/steipete/Library/Developer/Xcode/DerivedData/CodeLooper-crrddjihwjtfkwegrjrymctnfixv/SourcePackages/checkouts/SwiftUI-Introspect/Sources/ViewTypes/Window.swift /Users/steipete/Library/Developer/Xcode/DerivedData/CodeLooper-crrddjihwjtfkwegrjrymctnfixv/SourcePackages/checkouts/SwiftUI-Introspect/Sources/Weak.swift (in target 'SwiftUIIntrospect' from project 'swiftui-introspect')

SwiftCompile normal arm64 /Users/steipete/Library/Developer/Xcode/DerivedData/CodeLooper-crrddjihwjtfkwegrjrymctnfixv/SourcePackages/checkouts/SwiftUI-Introspect/Sources/ViewTypes/ViewController.swift (in target 'SwiftUIIntrospect' from project 'swiftui-introspect')
    cd /Users/steipete/Projects/CodeLooper
    

SwiftCompile normal arm64 /Users/steipete/Library/Developer/Xcode/DerivedData/CodeLooper-crrddjihwjtfkwegrjrymctnfixv/SourcePackages/checkouts/SwiftUI-Introspect/Sources/ViewTypes/Window.swift (in target 'SwiftUIIntrospect' from project 'swiftui-introspect')
    cd /Users/steipete/Projects/CodeLooper
    

SwiftCompile normal arm64 /Users/steipete/Library/Developer/Xcode/DerivedData/CodeLooper-crrddjihwjtfkwegrjrymctnfixv/SourcePackages/checkouts/SwiftUI-Introspect/Sources/Weak.swift (in target 'SwiftUIIntrospect' from project 'swiftui-introspect')
    cd /Users/steipete/Projects/CodeLooper
    

SwiftMergeGeneratedHeaders /Users/steipete/Library/Developer/Xcode/DerivedData/CodeLooper-crrddjihwjtfkwegrjrymctnfixv/Build/Intermediates.noindex/GeneratedModuleMaps/Demark-Swift.h /Users/steipete/Library/Developer/Xcode/DerivedData/CodeLooper-crrddjihwjtfkwegrjrymctnfixv/Build/Intermediates.noindex/Demark.build/Debug/Demark.build/Objects-normal/arm64/Demark-Swift.h (in target 'Demark' from project 'Demark')
    cd /Users/steipete/Library/Developer/Xcode/DerivedData/CodeLooper-crrddjihwjtfkwegrjrymctnfixv/SourcePackages/checkouts/Demark
    builtin-swiftHeaderTool -arch arm64 /Users/steipete/Library/Developer/Xcode/DerivedData/CodeLooper-crrddjihwjtfkwegrjrymctnfixv/Build/Intermediates.noindex/Demark.build/Debug/Demark.build/Objects-normal/arm64/Demark-Swift.h -o /Users/steipete/Library/Developer/Xcode/DerivedData/CodeLooper-crrddjihwjtfkwegrjrymctnfixv/Build/Intermediates.noindex/GeneratedModuleMaps/Demark-Swift.h

SwiftDriverJobDiscovery normal arm64 Compiling Chat.swift (in target 'Ollama' from project 'Ollama')

Copy /Users/steipete/Library/Developer/Xcode/DerivedData/CodeLooper-crrddjihwjtfkwegrjrymctnfixv/Build/Products/Debug/Demark.swiftmodule/arm64-apple-macos.swiftmodule /Users/steipete/Library/Developer/Xcode/DerivedData/CodeLooper-crrddjihwjtfkwegrjrymctnfixv/Build/Intermediates.noindex/Demark.build/Debug/Demark.build/Objects-normal/arm64/Demark.swiftmodule (in target 'Demark' from project 'Demark')
    cd /Users/steipete/Library/Developer/Xcode/DerivedData/CodeLooper-crrddjihwjtfkwegrjrymctnfixv/SourcePackages/checkouts/Demark
    builtin-copy -exclude .DS_Store -exclude CVS -exclude .svn -exclude .git -exclude .hg -resolve-src-symlinks -rename /Users/steipete/Library/Developer/Xcode/DerivedData/CodeLooper-crrddjihwjtfkwegrjrymctnfixv/Build/Intermediates.noindex/Demark.build/Debug/Demark.build/Objects-normal/arm64/Demark.swiftmodule /Users/steipete/Library/Developer/Xcode/DerivedData/CodeLooper-crrddjihwjtfkwegrjrymctnfixv/Build/Products/Debug/Demark.swiftmodule/arm64-apple-macos.swiftmodule

Copy /Users/steipete/Library/Developer/Xcode/DerivedData/CodeLooper-crrddjihwjtfkwegrjrymctnfixv/Build/Products/Debug/Demark.swiftmodule/arm64-apple-macos.swiftdoc /Users/steipete/Library/Developer/Xcode/DerivedData/CodeLooper-crrddjihwjtfkwegrjrymctnfixv/Build/Intermediates.noindex/Demark.build/Debug/Demark.build/Objects-normal/arm64/Demark.swiftdoc (in target 'Demark' from project 'Demark')
    cd /Users/steipete/Library/Developer/Xcode/DerivedData/CodeLooper-crrddjihwjtfkwegrjrymctnfixv/SourcePackages/checkouts/Demark
    builtin-copy -exclude .DS_Store -exclude CVS -exclude .svn -exclude .git -exclude .hg -resolve-src-symlinks -rename /Users/steipete/Library/Developer/Xcode/DerivedData/CodeLooper-crrddjihwjtfkwegrjrymctnfixv/Build/Intermediates.noindex/Demark.build/Debug/Demark.build/Objects-normal/arm64/Demark.swiftdoc /Users/steipete/Library/Developer/Xcode/DerivedData/CodeLooper-crrddjihwjtfkwegrjrymctnfixv/Build/Products/Debug/Demark.swiftmodule/arm64-apple-macos.swiftdoc

Copy /Users/steipete/Library/Developer/Xcode/DerivedData/CodeLooper-crrddjihwjtfkwegrjrymctnfixv/Build/Products/Debug/Demark.swiftmodule/arm64-apple-macos.abi.json /Users/steipete/Library/Developer/Xcode/DerivedData/CodeLooper-crrddjihwjtfkwegrjrymctnfixv/Build/Intermediates.noindex/Demark.build/Debug/Demark.build/Objects-normal/arm64/Demark.abi.json (in target 'Demark' from project 'Demark')
    cd /Users/steipete/Library/Developer/Xcode/DerivedData/CodeLooper-crrddjihwjtfkwegrjrymctnfixv/SourcePackages/checkouts/Demark
    builtin-copy -exclude .DS_Store -exclude CVS -exclude .svn -exclude .git -exclude .hg -resolve-src-symlinks -rename /Users/steipete/Library/Developer/Xcode/DerivedData/CodeLooper-crrddjihwjtfkwegrjrymctnfixv/Build/Intermediates.noindex/Demark.build/Debug/Demark.build/Objects-normal/arm64/Demark.abi.json /Users/steipete/Library/Developer/Xcode/DerivedData/CodeLooper-crrddjihwjtfkwegrjrymctnfixv/Build/Products/Debug/Demark.swiftmodule/arm64-apple-macos.abi.json

Copy /Users/steipete/Library/Developer/Xcode/DerivedData/CodeLooper-crrddjihwjtfkwegrjrymctnfixv/Build/Products/Debug/Demark.swiftmodule/Project/arm64-apple-macos.swiftsourceinfo /Users/steipete/Library/Developer/Xcode/DerivedData/CodeLooper-crrddjihwjtfkwegrjrymctnfixv/Build/Intermediates.noindex/Demark.build/Debug/Demark.build/Objects-normal/arm64/Demark.swiftsourceinfo (in target 'Demark' from project 'Demark')
    cd /Users/steipete/Library/Developer/Xcode/DerivedData/CodeLooper-crrddjihwjtfkwegrjrymctnfixv/SourcePackages/checkouts/Demark
    builtin-copy -exclude .DS_Store -exclude CVS -exclude .svn -exclude .git -exclude .hg -resolve-src-symlinks -rename /Users/steipete/Library/Developer/Xcode/DerivedData/CodeLooper-crrddjihwjtfkwegrjrymctnfixv/Build/Intermediates.noindex/Demark.build/Debug/Demark.build/Objects-normal/arm64/Demark.swiftsourceinfo /Users/steipete/Library/Developer/Xcode/DerivedData/CodeLooper-crrddjihwjtfkwegrjrymctnfixv/Build/Products/Debug/Demark.swiftmodule/Project/arm64-apple-macos.swiftsourceinfo

SwiftDriverJobDiscovery normal arm64 Compiling Value.swift (in target 'Ollama' from project 'Ollama')

SwiftCompile normal arm64 Compiling\ Popover.swift,\ ProgressViewWithCircularStyle.swift,\ ProgressViewWithLinearStyle.swift,\ ScrollView.swift /Users/steipete/Library/Developer/Xcode/DerivedData/CodeLooper-crrddjihwjtfkwegrjrymctnfixv/SourcePackages/checkouts/SwiftUI-Introspect/Sources/ViewTypes/Popover.swift /Users/steipete/Library/Developer/Xcode/DerivedData/CodeLooper-crrddjihwjtfkwegrjrymctnfixv/SourcePackages/checkouts/SwiftUI-Introspect/Sources/ViewTypes/ProgressViewWithCircularStyle.swift /Users/steipete/Library/Developer/Xcode/DerivedData/CodeLooper-crrddjihwjtfkwegrjrymctnfixv/SourcePackages/checkouts/SwiftUI-Introspect/Sources/ViewTypes/ProgressViewWithLinearStyle.swift /Users/steipete/Library/Developer/Xcode/DerivedData/CodeLooper-crrddjihwjtfkwegrjrymctnfixv/SourcePackages/checkouts/SwiftUI-Introspect/Sources/ViewTypes/ScrollView.swift (in target 'SwiftUIIntrospect' from project 'swiftui-introspect')

SwiftCompile normal arm64 /Users/steipete/Library/Developer/Xcode/DerivedData/CodeLooper-crrddjihwjtfkwegrjrymctnfixv/SourcePackages/checkouts/SwiftUI-Introspect/Sources/ViewTypes/Popover.swift (in target 'SwiftUIIntrospect' from project 'swiftui-introspect')
    cd /Users/steipete/Projects/CodeLooper
    

SwiftCompile normal arm64 /Users/steipete/Library/Developer/Xcode/DerivedData/CodeLooper-crrddjihwjtfkwegrjrymctnfixv/SourcePackages/checkouts/SwiftUI-Introspect/Sources/ViewTypes/ProgressViewWithCircularStyle.swift (in target 'SwiftUIIntrospect' from project 'swiftui-introspect')
    cd /Users/steipete/Projects/CodeLooper
    

SwiftCompile normal arm64 /Users/steipete/Library/Developer/Xcode/DerivedData/CodeLooper-crrddjihwjtfkwegrjrymctnfixv/SourcePackages/checkouts/SwiftUI-Introspect/Sources/ViewTypes/ProgressViewWithLinearStyle.swift (in target 'SwiftUIIntrospect' from project 'swiftui-introspect')
    cd /Users/steipete/Projects/CodeLooper
    

SwiftCompile normal arm64 /Users/steipete/Library/Developer/Xcode/DerivedData/CodeLooper-crrddjihwjtfkwegrjrymctnfixv/SourcePackages/checkouts/SwiftUI-Introspect/Sources/ViewTypes/ScrollView.swift (in target 'SwiftUIIntrospect' from project 'swiftui-introspect')
    cd /Users/steipete/Projects/CodeLooper
    

SwiftCompile normal arm64 Compiling\ DatePickerWithCompactStyle.swift,\ DatePickerWithFieldStyle.swift,\ DatePickerWithGraphicalStyle.swift,\ DatePickerWithStepperFieldStyle.swift /Users/steipete/Library/Developer/Xcode/DerivedData/CodeLooper-crrddjihwjtfkwegrjrymctnfixv/SourcePackages/checkouts/SwiftUI-Introspect/Sources/ViewTypes/DatePickerWithCompactStyle.swift /Users/steipete/Library/Developer/Xcode/DerivedData/CodeLooper-crrddjihwjtfkwegrjrymctnfixv/SourcePackages/checkouts/SwiftUI-Introspect/Sources/ViewTypes/DatePickerWithFieldStyle.swift /Users/steipete/Library/Developer/Xcode/DerivedData/CodeLooper-crrddjihwjtfkwegrjrymctnfixv/SourcePackages/checkouts/SwiftUI-Introspect/Sources/ViewTypes/DatePickerWithGraphicalStyle.swift /Users/steipete/Library/Developer/Xcode/DerivedData/CodeLooper-crrddjihwjtfkwegrjrymctnfixv/SourcePackages/checkouts/SwiftUI-Introspect/Sources/ViewTypes/DatePickerWithStepperFieldStyle.swift (in target 'SwiftUIIntrospect' from project 'swiftui-introspect')

SwiftCompile normal arm64 /Users/steipete/Library/Developer/Xcode/DerivedData/CodeLooper-crrddjihwjtfkwegrjrymctnfixv/SourcePackages/checkouts/SwiftUI-Introspect/Sources/ViewTypes/DatePickerWithCompactStyle.swift (in target 'SwiftUIIntrospect' from project 'swiftui-introspect')
    cd /Users/steipete/Projects/CodeLooper
    

SwiftCompile normal arm64 /Users/steipete/Library/Developer/Xcode/DerivedData/CodeLooper-crrddjihwjtfkwegrjrymctnfixv/SourcePackages/checkouts/SwiftUI-Introspect/Sources/ViewTypes/DatePickerWithFieldStyle.swift (in target 'SwiftUIIntrospect' from project 'swiftui-introspect')
    cd /Users/steipete/Projects/CodeLooper
    

SwiftCompile normal arm64 /Users/steipete/Library/Developer/Xcode/DerivedData/CodeLooper-crrddjihwjtfkwegrjrymctnfixv/SourcePackages/checkouts/SwiftUI-Introspect/Sources/ViewTypes/DatePickerWithGraphicalStyle.swift (in target 'SwiftUIIntrospect' from project 'swiftui-introspect')
    cd /Users/steipete/Projects/CodeLooper
    

SwiftCompile normal arm64 /Users/steipete/Library/Developer/Xcode/DerivedData/CodeLooper-crrddjihwjtfkwegrjrymctnfixv/SourcePackages/checkouts/SwiftUI-Introspect/Sources/ViewTypes/DatePickerWithStepperFieldStyle.swift (in target 'SwiftUIIntrospect' from project 'swiftui-introspect')
    cd /Users/steipete/Projects/CodeLooper
    

SwiftCompile normal arm64 Compiling\ Table.swift,\ TextEditor.swift,\ TextField.swift,\ TextFieldWithVerticalAxis.swift /Users/steipete/Library/Developer/Xcode/DerivedData/CodeLooper-crrddjihwjtfkwegrjrymctnfixv/SourcePackages/checkouts/SwiftUI-Introspect/Sources/ViewTypes/Table.swift /Users/steipete/Library/Developer/Xcode/DerivedData/CodeLooper-crrddjihwjtfkwegrjrymctnfixv/SourcePackages/checkouts/SwiftUI-Introspect/Sources/ViewTypes/TextEditor.swift /Users/steipete/Library/Developer/Xcode/DerivedData/CodeLooper-crrddjihwjtfkwegrjrymctnfixv/SourcePackages/checkouts/SwiftUI-Introspect/Sources/ViewTypes/TextField.swift /Users/steipete/Library/Developer/Xcode/DerivedData/CodeLooper-crrddjihwjtfkwegrjrymctnfixv/SourcePackages/checkouts/SwiftUI-Introspect/Sources/ViewTypes/TextFieldWithVerticalAxis.swift (in target 'SwiftUIIntrospect' from project 'swiftui-introspect')

SwiftCompile normal arm64 /Users/steipete/Library/Developer/Xcode/DerivedData/CodeLooper-crrddjihwjtfkwegrjrymctnfixv/SourcePackages/checkouts/SwiftUI-Introspect/Sources/ViewTypes/Table.swift (in target 'SwiftUIIntrospect' from project 'swiftui-introspect')
    cd /Users/steipete/Projects/CodeLooper
    

SwiftCompile normal arm64 /Users/steipete/Library/Developer/Xcode/DerivedData/CodeLooper-crrddjihwjtfkwegrjrymctnfixv/SourcePackages/checkouts/SwiftUI-Introspect/Sources/ViewTypes/TextEditor.swift (in target 'SwiftUIIntrospect' from project 'swiftui-introspect')
    cd /Users/steipete/Projects/CodeLooper
    

SwiftCompile normal arm64 /Users/steipete/Library/Developer/Xcode/DerivedData/CodeLooper-crrddjihwjtfkwegrjrymctnfixv/SourcePackages/checkouts/SwiftUI-Introspect/Sources/ViewTypes/TextField.swift (in target 'SwiftUIIntrospect' from project 'swiftui-introspect')
    cd /Users/steipete/Projects/CodeLooper
    

SwiftCompile normal arm64 /Users/steipete/Library/Developer/Xcode/DerivedData/CodeLooper-crrddjihwjtfkwegrjrymctnfixv/SourcePackages/checkouts/SwiftUI-Introspect/Sources/ViewTypes/TextFieldWithVerticalAxis.swift (in target 'SwiftUIIntrospect' from project 'swiftui-introspect')
    cd /Users/steipete/Projects/CodeLooper
    

SwiftCompile normal arm64 Compiling\ PlatformVersion.swift,\ PlatformView.swift,\ PlatformViewVersion.swift,\ RuntimeWarnings.swift /Users/steipete/Library/Developer/Xcode/DerivedData/CodeLooper-crrddjihwjtfkwegrjrymctnfixv/SourcePackages/checkouts/SwiftUI-Introspect/Sources/PlatformVersion.swift /Users/steipete/Library/Developer/Xcode/DerivedData/CodeLooper-crrddjihwjtfkwegrjrymctnfixv/SourcePackages/checkouts/SwiftUI-Introspect/Sources/PlatformView.swift /Users/steipete/Library/Developer/Xcode/DerivedData/CodeLooper-crrddjihwjtfkwegrjrymctnfixv/SourcePackages/checkouts/SwiftUI-Introspect/Sources/PlatformViewVersion.swift /Users/steipete/Library/Developer/Xcode/DerivedData/CodeLooper-crrddjihwjtfkwegrjrymctnfixv/SourcePackages/checkouts/SwiftUI-Introspect/Sources/RuntimeWarnings.swift (in target 'SwiftUIIntrospect' from project 'swiftui-introspect')

SwiftCompile normal arm64 /Users/steipete/Library/Developer/Xcode/DerivedData/CodeLooper-crrddjihwjtfkwegrjrymctnfixv/SourcePackages/checkouts/SwiftUI-Introspect/Sources/PlatformVersion.swift (in target 'SwiftUIIntrospect' from project 'swiftui-introspect')
    cd /Users/steipete/Projects/CodeLooper
    

SwiftCompile normal arm64 /Users/steipete/Library/Developer/Xcode/DerivedData/CodeLooper-crrddjihwjtfkwegrjrymctnfixv/SourcePackages/checkouts/SwiftUI-Introspect/Sources/PlatformView.swift (in target 'SwiftUIIntrospect' from project 'swiftui-introspect')
    cd /Users/steipete/Projects/CodeLooper
    

SwiftCompile normal arm64 /Users/steipete/Library/Developer/Xcode/DerivedData/CodeLooper-crrddjihwjtfkwegrjrymctnfixv/SourcePackages/checkouts/SwiftUI-Introspect/Sources/PlatformViewVersion.swift (in target 'SwiftUIIntrospect' from project 'swiftui-introspect')
    cd /Users/steipete/Projects/CodeLooper
    

SwiftCompile normal arm64 /Users/steipete/Library/Developer/Xcode/DerivedData/CodeLooper-crrddjihwjtfkwegrjrymctnfixv/SourcePackages/checkouts/SwiftUI-Introspect/Sources/RuntimeWarnings.swift (in target 'SwiftUIIntrospect' from project 'swiftui-introspect')
    cd /Users/steipete/Projects/CodeLooper
    

SwiftDriverJobDiscovery normal arm64 Emitting module for MenuBarExtraAccess (in target 'MenuBarExtraAccess' from project 'MenuBarExtraAccess')

SwiftDriver\ Compilation\ Requirements MenuBarExtraAccess normal arm64 com.apple.xcode.tools.swift.compiler (in target 'MenuBarExtraAccess' from project 'MenuBarExtraAccess')
    cd /Users/steipete/Projects/CodeLooper
    builtin-Swift-Compilation-Requirements -- /Applications/Xcode-beta.app/Contents/Developer/Toolchains/XcodeDefault.xctoolchain/usr/bin/swiftc -module-name MenuBarExtraAccess -Onone -enforce-exclusivity\=checked @/Users/steipete/Library/Developer/Xcode/DerivedData/CodeLooper-crrddjihwjtfkwegrjrymctnfixv/Build/Intermediates.noindex/MenuBarExtraAccess.build/Debug/MenuBarExtraAccess.build/Objects-normal/arm64/MenuBarExtraAccess.SwiftFileList -DSWIFT_PACKAGE -DDEBUG -DSWIFT_MODULE_RESOURCE_BUNDLE_UNAVAILABLE -DXcode -plugin-path /Applications/Xcode-beta.app/Contents/Developer/Toolchains/XcodeDefault.xctoolchain/usr/lib/swift/host/plugins/testing -enable-experimental-feature DebugDescriptionMacro -sdk /Applications/Xcode-beta.app/Contents/Developer/Platforms/MacOSX.platform/Developer/SDKs/MacOSX26.0.sdk -target arm64-apple-macos10.15 -g -module-cache-path /Users/steipete/Library/Developer/Xcode/DerivedData/ModuleCache.noindex -Xfrontend -serialize-debugging-options -profile-coverage-mapping -profile-generate -enable-testing -suppress-warnings -index-store-path /Users/steipete/Library/Developer/Xcode/DerivedData/CodeLooper-crrddjihwjtfkwegrjrymctnfixv/Index.noindex/DataStore -swift-version 5 -I /Users/steipete/Library/Developer/Xcode/DerivedData/CodeLooper-crrddjihwjtfkwegrjrymctnfixv/Build/Products/Debug -I /Applications/Xcode-beta.app/Contents/Developer/Platforms/MacOSX.platform/Developer/usr/lib -F /Users/steipete/Library/Developer/Xcode/DerivedData/CodeLooper-crrddjihwjtfkwegrjrymctnfixv/Build/Products/Debug -F /Applications/Xcode-beta.app/Contents/Developer/Platforms/MacOSX.platform/Developer/Library/Frameworks -c -j16 -enable-batch-mode -incremental -Xcc -ivfsstatcache -Xcc /Users/steipete/Library/Developer/Xcode/DerivedData/SDKStatCaches.noindex/macosx26.0-25A5279m-5d9328ff1a6613a11d359de947506b52.sdkstatcache -output-file-map /Users/steipete/Library/Developer/Xcode/DerivedData/CodeLooper-crrddjihwjtfkwegrjrymctnfixv/Build/Intermediates.noindex/MenuBarExtraAccess.build/Debug/MenuBarExtraAccess.build/Objects-normal/arm64/MenuBarExtraAccess-OutputFileMap.json -use-frontend-parseable-output -save-temps -no-color-diagnostics -explicit-module-build -module-cache-path /Users/steipete/Library/Developer/Xcode/DerivedData/CodeLooper-crrddjihwjtfkwegrjrymctnfixv/Build/Intermediates.noindex/SwiftExplicitPrecompiledModules -clang-scanner-module-cache-path /Users/steipete/Library/Developer/Xcode/DerivedData/ModuleCache.noindex -sdk-module-cache-path /Users/steipete/Library/Developer/Xcode/DerivedData/ModuleCache.noindex -serialize-diagnostics -emit-dependencies -emit-module -emit-module-path /Users/steipete/Library/Developer/Xcode/DerivedData/CodeLooper-crrddjihwjtfkwegrjrymctnfixv/Build/Intermediates.noindex/MenuBarExtraAccess.build/Debug/MenuBarExtraAccess.build/Objects-normal/arm64/MenuBarExtraAccess.swiftmodule -validate-clang-modules-once -clang-build-session-file /Users/steipete/Library/Developer/Xcode/DerivedData/ModuleCache.noindex/Session.modulevalidation -Xcc -I/Users/steipete/Library/Developer/Xcode/DerivedData/CodeLooper-crrddjihwjtfkwegrjrymctnfixv/Build/Intermediates.noindex/MenuBarExtraAccess.build/Debug/MenuBarExtraAccess.build/swift-overrides.hmap -emit-const-values -Xfrontend -const-gather-protocols-file -Xfrontend /Users/steipete/Library/Developer/Xcode/DerivedData/CodeLooper-crrddjihwjtfkwegrjrymctnfixv/Build/Intermediates.noindex/MenuBarExtraAccess.build/Debug/MenuBarExtraAccess.build/Objects-normal/arm64/MenuBarExtraAccess_const_extract_protocols.json -Xcc -I/Users/steipete/Library/Developer/Xcode/DerivedData/CodeLooper-crrddjihwjtfkwegrjrymctnfixv/Build/Products/Debug/include -Xcc -I/Users/steipete/Library/Developer/Xcode/DerivedData/CodeLooper-crrddjihwjtfkwegrjrymctnfixv/Build/Intermediates.noindex/MenuBarExtraAccess.build/Debug/MenuBarExtraAccess.build/DerivedSources-normal/arm64 -Xcc -I/Users/steipete/Library/Developer/Xcode/DerivedData/CodeLooper-crrddjihwjtfkwegrjrymctnfixv/Build/Intermediates.noindex/MenuBarExtraAccess.build/Debug/MenuBarExtraAccess.build/DerivedSources/arm64 -Xcc -I/Users/steipete/Library/Developer/Xcode/DerivedData/CodeLooper-crrddjihwjtfkwegrjrymctnfixv/Build/Intermediates.noindex/MenuBarExtraAccess.build/Debug/MenuBarExtraAccess.build/DerivedSources -Xcc -DSWIFT_PACKAGE -Xcc -DDEBUG\=1 -emit-objc-header -emit-objc-header-path /Users/steipete/Library/Developer/Xcode/DerivedData/CodeLooper-crrddjihwjtfkwegrjrymctnfixv/Build/Intermediates.noindex/MenuBarExtraAccess.build/Debug/MenuBarExtraAccess.build/Objects-normal/arm64/MenuBarExtraAccess-Swift.h -working-directory /Users/steipete/Projects/CodeLooper -experimental-emit-module-separately -disable-cmo

CompileC /Users/steipete/Library/Developer/Xcode/DerivedData/CodeLooper-crrddjihwjtfkwegrjrymctnfixv/Build/Intermediates.noindex/swift-nio.build/Debug/CNIODarwin.build/Objects-normal/arm64/shim.o /Users/steipete/Library/Developer/Xcode/DerivedData/CodeLooper-crrddjihwjtfkwegrjrymctnfixv/SourcePackages/checkouts/swift-nio/Sources/CNIODarwin/shim.c normal arm64 c com.apple.compilers.llvm.clang.1_0.compiler (in target 'CNIODarwin' from project 'swift-nio')
    cd /Users/steipete/Projects/CodeLooper
    
    Using response file: /Users/steipete/Library/Developer/Xcode/DerivedData/CodeLooper-crrddjihwjtfkwegrjrymctnfixv/Build/Intermediates.noindex/swift-nio.build/Debug/CNIODarwin.build/Objects-normal/arm64/7187679823f38a2a940e0043cdf9d637-common-args.resp
    
    /Applications/Xcode-beta.app/Contents/Developer/Toolchains/XcodeDefault.xctoolchain/usr/bin/clang -x c -ivfsstatcache /Users/steipete/Library/Developer/Xcode/DerivedData/SDKStatCaches.noindex/macosx26.0-25A5279m-5d9328ff1a6613a11d359de947506b52.sdkstatcache -fmessage-length\=0 -fdiagnostics-show-note-include-stack -fmacro-backtrace-limit\=0 -fno-color-diagnostics -fmodules-prune-interval\=86400 -fmodules-prune-after\=345600 -fbuild-session-file\=/Users/steipete/Library/Developer/Xcode/DerivedData/ModuleCache.noindex/Session.modulevalidation -fmodules-validate-once-per-build-session -Wnon-modular-include-in-framework-module -Werror\=non-modular-include-in-framework-module -Wno-trigraphs -Wno-missing-field-initializers -Wno-missing-prototypes -Wno-return-type -Wno-missing-braces -Wparentheses -Wswitch -Wno-unused-function -Wno-unused-label -Wno-unused-parameter -Wno-unused-variable -Wunused-value -Wno-empty-body -Wno-uninitialized -Wno-unknown-pragmas -w -Wno-shadow -Wno-four-char-constants -Wno-conversion -Wno-constant-conversion -Wno-int-conversion -Wno-bool-conversion -Wno-enum-conversion -Wno-float-conversion -Wno-non-literal-null-conversion -Wno-objc-literal-conversion -Wshorten-64-to-32 -Wpointer-sign -Wno-newline-eof -Wno-implicit-fallthrough -fstrict-aliasing -Wdeprecated-declarations -Wno-sign-conversion -Wno-infinite-recursion -Wno-comma -Wno-block-capture-autoreleasing -Wno-strict-prototypes -Wno-semicolon-before-method-body -index-store-path /Users/steipete/Library/Developer/Xcode/DerivedData/CodeLooper-crrddjihwjtfkwegrjrymctnfixv/Index.noindex/DataStore @/Users/steipete/Library/Developer/Xcode/DerivedData/CodeLooper-crrddjihwjtfkwegrjrymctnfixv/Build/Intermediates.noindex/swift-nio.build/Debug/CNIODarwin.build/Objects-normal/arm64/7187679823f38a2a940e0043cdf9d637-common-args.resp -MMD -MT dependencies -MF /Users/steipete/Library/Developer/Xcode/DerivedData/CodeLooper-crrddjihwjtfkwegrjrymctnfixv/Build/Intermediates.noindex/swift-nio.build/Debug/CNIODarwin.build/Objects-normal/arm64/shim.d --serialize-diagnostics /Users/steipete/Library/Developer/Xcode/DerivedData/CodeLooper-crrddjihwjtfkwegrjrymctnfixv/Build/Intermediates.noindex/swift-nio.build/Debug/CNIODarwin.build/Objects-normal/arm64/shim.dia -c /Users/steipete/Library/Developer/Xcode/DerivedData/CodeLooper-crrddjihwjtfkwegrjrymctnfixv/SourcePackages/checkouts/swift-nio/Sources/CNIODarwin/shim.c -o /Users/steipete/Library/Developer/Xcode/DerivedData/CodeLooper-crrddjihwjtfkwegrjrymctnfixv/Build/Intermediates.noindex/swift-nio.build/Debug/CNIODarwin.build/Objects-normal/arm64/shim.o -index-unit-output-path /swift-nio.build/Debug/CNIODarwin.build/Objects-normal/arm64/shim.o

SwiftDriverJobDiscovery normal arm64 Emitting module for DesignSystem (in target 'DesignSystem' from project 'DesignSystem')

SwiftDriver\ Compilation\ Requirements DesignSystem normal arm64 com.apple.xcode.tools.swift.compiler (in target 'DesignSystem' from project 'DesignSystem')
    cd /Users/steipete/Projects/CodeLooper
    builtin-Swift-Compilation-Requirements -- /Applications/Xcode-beta.app/Contents/Developer/Toolchains/XcodeDefault.xctoolchain/usr/bin/swiftc -module-name DesignSystem -Onone -enforce-exclusivity\=checked @/Users/steipete/Library/Developer/Xcode/DerivedData/CodeLooper-crrddjihwjtfkwegrjrymctnfixv/Build/Intermediates.noindex/DesignSystem.build/Debug/DesignSystem.build/Objects-normal/arm64/DesignSystem.SwiftFileList -DSWIFT_PACKAGE -DDEBUG -DSWIFT_MODULE_RESOURCE_BUNDLE_UNAVAILABLE -DXcode -enable-experimental-feature StrictConcurrency -plugin-path /Applications/Xcode-beta.app/Contents/Developer/Toolchains/XcodeDefault.xctoolchain/usr/lib/swift/host/plugins/testing -enable-experimental-feature DebugDescriptionMacro -sdk /Applications/Xcode-beta.app/Contents/Developer/Platforms/MacOSX.platform/Developer/SDKs/MacOSX26.0.sdk -target arm64-apple-macos14.0 -g -module-cache-path /Users/steipete/Library/Developer/Xcode/DerivedData/ModuleCache.noindex -Xfrontend -serialize-debugging-options -profile-coverage-mapping -profile-generate -enable-testing -index-store-path /Users/steipete/Library/Developer/Xcode/DerivedData/CodeLooper-crrddjihwjtfkwegrjrymctnfixv/Index.noindex/DataStore -swift-version 6 -I /Users/steipete/Library/Developer/Xcode/DerivedData/CodeLooper-crrddjihwjtfkwegrjrymctnfixv/Build/Products/Debug -I /Applications/Xcode-beta.app/Contents/Developer/Platforms/MacOSX.platform/Developer/usr/lib -F /Users/steipete/Library/Developer/Xcode/DerivedData/CodeLooper-crrddjihwjtfkwegrjrymctnfixv/Build/Products/Debug -F /Applications/Xcode-beta.app/Contents/Developer/Platforms/MacOSX.platform/Developer/Library/Frameworks -c -j16 -enable-batch-mode -incremental -Xcc -ivfsstatcache -Xcc /Users/steipete/Library/Developer/Xcode/DerivedData/SDKStatCaches.noindex/macosx26.0-25A5279m-5d9328ff1a6613a11d359de947506b52.sdkstatcache -output-file-map /Users/steipete/Library/Developer/Xcode/DerivedData/CodeLooper-crrddjihwjtfkwegrjrymctnfixv/Build/Intermediates.noindex/DesignSystem.build/Debug/DesignSystem.build/Objects-normal/arm64/DesignSystem-OutputFileMap.json -use-frontend-parseable-output -save-temps -no-color-diagnostics -explicit-module-build -module-cache-path /Users/steipete/Library/Developer/Xcode/DerivedData/CodeLooper-crrddjihwjtfkwegrjrymctnfixv/Build/Intermediates.noindex/SwiftExplicitPrecompiledModules -clang-scanner-module-cache-path /Users/steipete/Library/Developer/Xcode/DerivedData/ModuleCache.noindex -sdk-module-cache-path /Users/steipete/Library/Developer/Xcode/DerivedData/ModuleCache.noindex -serialize-diagnostics -emit-dependencies -emit-module -emit-module-path /Users/steipete/Library/Developer/Xcode/DerivedData/CodeLooper-crrddjihwjtfkwegrjrymctnfixv/Build/Intermediates.noindex/DesignSystem.build/Debug/DesignSystem.build/Objects-normal/arm64/DesignSystem.swiftmodule -validate-clang-modules-once -clang-build-session-file /Users/steipete/Library/Developer/Xcode/DerivedData/ModuleCache.noindex/Session.modulevalidation -package-name designsystem -Xcc -I/Users/steipete/Library/Developer/Xcode/DerivedData/CodeLooper-crrddjihwjtfkwegrjrymctnfixv/Build/Intermediates.noindex/DesignSystem.build/Debug/DesignSystem.build/swift-overrides.hmap -emit-const-values -Xfrontend -const-gather-protocols-file -Xfrontend /Users/steipete/Library/Developer/Xcode/DerivedData/CodeLooper-crrddjihwjtfkwegrjrymctnfixv/Build/Intermediates.noindex/DesignSystem.build/Debug/DesignSystem.build/Objects-normal/arm64/DesignSystem_const_extract_protocols.json -Xcc -I/Users/steipete/Library/Developer/Xcode/DerivedData/CodeLooper-crrddjihwjtfkwegrjrymctnfixv/Build/Products/Debug/include -Xcc -I/Users/steipete/Library/Developer/Xcode/DerivedData/CodeLooper-crrddjihwjtfkwegrjrymctnfixv/Build/Intermediates.noindex/DesignSystem.build/Debug/DesignSystem.build/DerivedSources-normal/arm64 -Xcc -I/Users/steipete/Library/Developer/Xcode/DerivedData/CodeLooper-crrddjihwjtfkwegrjrymctnfixv/Build/Intermediates.noindex/DesignSystem.build/Debug/DesignSystem.build/DerivedSources/arm64 -Xcc -I/Users/steipete/Library/Developer/Xcode/DerivedData/CodeLooper-crrddjihwjtfkwegrjrymctnfixv/Build/Intermediates.noindex/DesignSystem.build/Debug/DesignSystem.build/DerivedSources -Xcc -DSWIFT_PACKAGE -Xcc -DDEBUG\=1 -emit-objc-header -emit-objc-header-path /Users/steipete/Library/Developer/Xcode/DerivedData/CodeLooper-crrddjihwjtfkwegrjrymctnfixv/Build/Intermediates.noindex/DesignSystem.build/Debug/DesignSystem.build/Objects-normal/arm64/DesignSystem-Swift.h -working-directory /Users/steipete/Projects/CodeLooper -experimental-emit-module-separately -disable-cmo

SwiftMergeGeneratedHeaders /Users/steipete/Library/Developer/Xcode/DerivedData/CodeLooper-crrddjihwjtfkwegrjrymctnfixv/Build/Intermediates.noindex/GeneratedModuleMaps/MenuBarExtraAccess-Swift.h /Users/steipete/Library/Developer/Xcode/DerivedData/CodeLooper-crrddjihwjtfkwegrjrymctnfixv/Build/Intermediates.noindex/MenuBarExtraAccess.build/Debug/MenuBarExtraAccess.build/Objects-normal/arm64/MenuBarExtraAccess-Swift.h (in target 'MenuBarExtraAccess' from project 'MenuBarExtraAccess')
    cd /Users/steipete/Library/Developer/Xcode/DerivedData/CodeLooper-crrddjihwjtfkwegrjrymctnfixv/SourcePackages/checkouts/MenuBarExtraAccess
    builtin-swiftHeaderTool -arch arm64 /Users/steipete/Library/Developer/Xcode/DerivedData/CodeLooper-crrddjihwjtfkwegrjrymctnfixv/Build/Intermediates.noindex/MenuBarExtraAccess.build/Debug/MenuBarExtraAccess.build/Objects-normal/arm64/MenuBarExtraAccess-Swift.h -o /Users/steipete/Library/Developer/Xcode/DerivedData/CodeLooper-crrddjihwjtfkwegrjrymctnfixv/Build/Intermediates.noindex/GeneratedModuleMaps/MenuBarExtraAccess-Swift.h

Copy /Users/steipete/Library/Developer/Xcode/DerivedData/CodeLooper-crrddjihwjtfkwegrjrymctnfixv/Build/Products/Debug/MenuBarExtraAccess.swiftmodule/arm64-apple-macos.swiftmodule /Users/steipete/Library/Developer/Xcode/DerivedData/CodeLooper-crrddjihwjtfkwegrjrymctnfixv/Build/Intermediates.noindex/MenuBarExtraAccess.build/Debug/MenuBarExtraAccess.build/Objects-normal/arm64/MenuBarExtraAccess.swiftmodule (in target 'MenuBarExtraAccess' from project 'MenuBarExtraAccess')
    cd /Users/steipete/Library/Developer/Xcode/DerivedData/CodeLooper-crrddjihwjtfkwegrjrymctnfixv/SourcePackages/checkouts/MenuBarExtraAccess
    builtin-copy -exclude .DS_Store -exclude CVS -exclude .svn -exclude .git -exclude .hg -resolve-src-symlinks -rename /Users/steipete/Library/Developer/Xcode/DerivedData/CodeLooper-crrddjihwjtfkwegrjrymctnfixv/Build/Intermediates.noindex/MenuBarExtraAccess.build/Debug/MenuBarExtraAccess.build/Objects-normal/arm64/MenuBarExtraAccess.swiftmodule /Users/steipete/Library/Developer/Xcode/DerivedData/CodeLooper-crrddjihwjtfkwegrjrymctnfixv/Build/Products/Debug/MenuBarExtraAccess.swiftmodule/arm64-apple-macos.swiftmodule

Copy /Users/steipete/Library/Developer/Xcode/DerivedData/CodeLooper-crrddjihwjtfkwegrjrymctnfixv/Build/Products/Debug/MenuBarExtraAccess.swiftmodule/arm64-apple-macos.swiftdoc /Users/steipete/Library/Developer/Xcode/DerivedData/CodeLooper-crrddjihwjtfkwegrjrymctnfixv/Build/Intermediates.noindex/MenuBarExtraAccess.build/Debug/MenuBarExtraAccess.build/Objects-normal/arm64/MenuBarExtraAccess.swiftdoc (in target 'MenuBarExtraAccess' from project 'MenuBarExtraAccess')
    cd /Users/steipete/Library/Developer/Xcode/DerivedData/CodeLooper-crrddjihwjtfkwegrjrymctnfixv/SourcePackages/checkouts/MenuBarExtraAccess
    builtin-copy -exclude .DS_Store -exclude CVS -exclude .svn -exclude .git -exclude .hg -resolve-src-symlinks -rename /Users/steipete/Library/Developer/Xcode/DerivedData/CodeLooper-crrddjihwjtfkwegrjrymctnfixv/Build/Intermediates.noindex/MenuBarExtraAccess.build/Debug/MenuBarExtraAccess.build/Objects-normal/arm64/MenuBarExtraAccess.swiftdoc /Users/steipete/Library/Developer/Xcode/DerivedData/CodeLooper-crrddjihwjtfkwegrjrymctnfixv/Build/Products/Debug/MenuBarExtraAccess.swiftmodule/arm64-apple-macos.swiftdoc

Copy /Users/steipete/Library/Developer/Xcode/DerivedData/CodeLooper-crrddjihwjtfkwegrjrymctnfixv/Build/Products/Debug/MenuBarExtraAccess.swiftmodule/arm64-apple-macos.abi.json /Users/steipete/Library/Developer/Xcode/DerivedData/CodeLooper-crrddjihwjtfkwegrjrymctnfixv/Build/Intermediates.noindex/MenuBarExtraAccess.build/Debug/MenuBarExtraAccess.build/Objects-normal/arm64/MenuBarExtraAccess.abi.json (in target 'MenuBarExtraAccess' from project 'MenuBarExtraAccess')
    cd /Users/steipete/Library/Developer/Xcode/DerivedData/CodeLooper-crrddjihwjtfkwegrjrymctnfixv/SourcePackages/checkouts/MenuBarExtraAccess
    builtin-copy -exclude .DS_Store -exclude CVS -exclude .svn -exclude .git -exclude .hg -resolve-src-symlinks -rename /Users/steipete/Library/Developer/Xcode/DerivedData/CodeLooper-crrddjihwjtfkwegrjrymctnfixv/Build/Intermediates.noindex/MenuBarExtraAccess.build/Debug/MenuBarExtraAccess.build/Objects-normal/arm64/MenuBarExtraAccess.abi.json /Users/steipete/Library/Developer/Xcode/DerivedData/CodeLooper-crrddjihwjtfkwegrjrymctnfixv/Build/Products/Debug/MenuBarExtraAccess.swiftmodule/arm64-apple-macos.abi.json

Copy /Users/steipete/Library/Developer/Xcode/DerivedData/CodeLooper-crrddjihwjtfkwegrjrymctnfixv/Build/Products/Debug/MenuBarExtraAccess.swiftmodule/Project/arm64-apple-macos.swiftsourceinfo /Users/steipete/Library/Developer/Xcode/DerivedData/CodeLooper-crrddjihwjtfkwegrjrymctnfixv/Build/Intermediates.noindex/MenuBarExtraAccess.build/Debug/MenuBarExtraAccess.build/Objects-normal/arm64/MenuBarExtraAccess.swiftsourceinfo (in target 'MenuBarExtraAccess' from project 'MenuBarExtraAccess')
    cd /Users/steipete/Library/Developer/Xcode/DerivedData/CodeLooper-crrddjihwjtfkwegrjrymctnfixv/SourcePackages/checkouts/MenuBarExtraAccess
    builtin-copy -exclude .DS_Store -exclude CVS -exclude .svn -exclude .git -exclude .hg -resolve-src-symlinks -rename /Users/steipete/Library/Developer/Xcode/DerivedData/CodeLooper-crrddjihwjtfkwegrjrymctnfixv/Build/Intermediates.noindex/MenuBarExtraAccess.build/Debug/MenuBarExtraAccess.build/Objects-normal/arm64/MenuBarExtraAccess.swiftsourceinfo /Users/steipete/Library/Developer/Xcode/DerivedData/CodeLooper-crrddjihwjtfkwegrjrymctnfixv/Build/Products/Debug/MenuBarExtraAccess.swiftmodule/Project/arm64-apple-macos.swiftsourceinfo

SwiftMergeGeneratedHeaders /Users/steipete/Library/Developer/Xcode/DerivedData/CodeLooper-crrddjihwjtfkwegrjrymctnfixv/Build/Intermediates.noindex/GeneratedModuleMaps/DesignSystem-Swift.h /Users/steipete/Library/Developer/Xcode/DerivedData/CodeLooper-crrddjihwjtfkwegrjrymctnfixv/Build/Intermediates.noindex/DesignSystem.build/Debug/DesignSystem.build/Objects-normal/arm64/DesignSystem-Swift.h (in target 'DesignSystem' from project 'DesignSystem')
    cd /Users/steipete/Projects/CodeLooper/DesignSystem
    builtin-swiftHeaderTool -arch arm64 /Users/steipete/Library/Developer/Xcode/DerivedData/CodeLooper-crrddjihwjtfkwegrjrymctnfixv/Build/Intermediates.noindex/DesignSystem.build/Debug/DesignSystem.build/Objects-normal/arm64/DesignSystem-Swift.h -o /Users/steipete/Library/Developer/Xcode/DerivedData/CodeLooper-crrddjihwjtfkwegrjrymctnfixv/Build/Intermediates.noindex/GeneratedModuleMaps/DesignSystem-Swift.h

Copy /Users/steipete/Library/Developer/Xcode/DerivedData/CodeLooper-crrddjihwjtfkwegrjrymctnfixv/Build/Products/Debug/DesignSystem.swiftmodule/arm64-apple-macos.swiftmodule /Users/steipete/Library/Developer/Xcode/DerivedData/CodeLooper-crrddjihwjtfkwegrjrymctnfixv/Build/Intermediates.noindex/DesignSystem.build/Debug/DesignSystem.build/Objects-normal/arm64/DesignSystem.swiftmodule (in target 'DesignSystem' from project 'DesignSystem')
    cd /Users/steipete/Projects/CodeLooper/DesignSystem
    builtin-copy -exclude .DS_Store -exclude CVS -exclude .svn -exclude .git -exclude .hg -resolve-src-symlinks -rename /Users/steipete/Library/Developer/Xcode/DerivedData/CodeLooper-crrddjihwjtfkwegrjrymctnfixv/Build/Intermediates.noindex/DesignSystem.build/Debug/DesignSystem.build/Objects-normal/arm64/DesignSystem.swiftmodule /Users/steipete/Library/Developer/Xcode/DerivedData/CodeLooper-crrddjihwjtfkwegrjrymctnfixv/Build/Products/Debug/DesignSystem.swiftmodule/arm64-apple-macos.swiftmodule

Copy /Users/steipete/Library/Developer/Xcode/DerivedData/CodeLooper-crrddjihwjtfkwegrjrymctnfixv/Build/Products/Debug/DesignSystem.swiftmodule/arm64-apple-macos.swiftdoc /Users/steipete/Library/Developer/Xcode/DerivedData/CodeLooper-crrddjihwjtfkwegrjrymctnfixv/Build/Intermediates.noindex/DesignSystem.build/Debug/DesignSystem.build/Objects-normal/arm64/DesignSystem.swiftdoc (in target 'DesignSystem' from project 'DesignSystem')
    cd /Users/steipete/Projects/CodeLooper/DesignSystem
    builtin-copy -exclude .DS_Store -exclude CVS -exclude .svn -exclude .git -exclude .hg -resolve-src-symlinks -rename /Users/steipete/Library/Developer/Xcode/DerivedData/CodeLooper-crrddjihwjtfkwegrjrymctnfixv/Build/Intermediates.noindex/DesignSystem.build/Debug/DesignSystem.build/Objects-normal/arm64/DesignSystem.swiftdoc /Users/steipete/Library/Developer/Xcode/DerivedData/CodeLooper-crrddjihwjtfkwegrjrymctnfixv/Build/Products/Debug/DesignSystem.swiftmodule/arm64-apple-macos.swiftdoc

Copy /Users/steipete/Library/Developer/Xcode/DerivedData/CodeLooper-crrddjihwjtfkwegrjrymctnfixv/Build/Products/Debug/DesignSystem.swiftmodule/arm64-apple-macos.abi.json /Users/steipete/Library/Developer/Xcode/DerivedData/CodeLooper-crrddjihwjtfkwegrjrymctnfixv/Build/Intermediates.noindex/DesignSystem.build/Debug/DesignSystem.build/Objects-normal/arm64/DesignSystem.abi.json (in target 'DesignSystem' from project 'DesignSystem')
    cd /Users/steipete/Projects/CodeLooper/DesignSystem
    builtin-copy -exclude .DS_Store -exclude CVS -exclude .svn -exclude .git -exclude .hg -resolve-src-symlinks -rename /Users/steipete/Library/Developer/Xcode/DerivedData/CodeLooper-crrddjihwjtfkwegrjrymctnfixv/Build/Intermediates.noindex/DesignSystem.build/Debug/DesignSystem.build/Objects-normal/arm64/DesignSystem.abi.json /Users/steipete/Library/Developer/Xcode/DerivedData/CodeLooper-crrddjihwjtfkwegrjrymctnfixv/Build/Products/Debug/DesignSystem.swiftmodule/arm64-apple-macos.abi.json

Copy /Users/steipete/Library/Developer/Xcode/DerivedData/CodeLooper-crrddjihwjtfkwegrjrymctnfixv/Build/Products/Debug/DesignSystem.swiftmodule/Project/arm64-apple-macos.swiftsourceinfo /Users/steipete/Library/Developer/Xcode/DerivedData/CodeLooper-crrddjihwjtfkwegrjrymctnfixv/Build/Intermediates.noindex/DesignSystem.build/Debug/DesignSystem.build/Objects-normal/arm64/DesignSystem.swiftsourceinfo (in target 'DesignSystem' from project 'DesignSystem')
    cd /Users/steipete/Projects/CodeLooper/DesignSystem
    builtin-copy -exclude .DS_Store -exclude CVS -exclude .svn -exclude .git -exclude .hg -resolve-src-symlinks -rename /Users/steipete/Library/Developer/Xcode/DerivedData/CodeLooper-crrddjihwjtfkwegrjrymctnfixv/Build/Intermediates.noindex/DesignSystem.build/Debug/DesignSystem.build/Objects-normal/arm64/DesignSystem.swiftsourceinfo /Users/steipete/Library/Developer/Xcode/DerivedData/CodeLooper-crrddjihwjtfkwegrjrymctnfixv/Build/Products/Debug/DesignSystem.swiftmodule/Project/arm64-apple-macos.swiftsourceinfo

SwiftCompile normal arm64 Compiling\ NavigationSplitView.swift,\ NavigationStack.swift,\ NavigationViewWithColumnsStyle.swift,\ NavigationViewWithStackStyle.swift /Users/steipete/Library/Developer/Xcode/DerivedData/CodeLooper-crrddjihwjtfkwegrjrymctnfixv/SourcePackages/checkouts/SwiftUI-Introspect/Sources/ViewTypes/NavigationSplitView.swift /Users/steipete/Library/Developer/Xcode/DerivedData/CodeLooper-crrddjihwjtfkwegrjrymctnfixv/SourcePackages/checkouts/SwiftUI-Introspect/Sources/ViewTypes/NavigationStack.swift /Users/steipete/Library/Developer/Xcode/DerivedData/CodeLooper-crrddjihwjtfkwegrjrymctnfixv/SourcePackages/checkouts/SwiftUI-Introspect/Sources/ViewTypes/NavigationViewWithColumnsStyle.swift /Users/steipete/Library/Developer/Xcode/DerivedData/CodeLooper-crrddjihwjtfkwegrjrymctnfixv/SourcePackages/checkouts/SwiftUI-Introspect/Sources/ViewTypes/NavigationViewWithStackStyle.swift (in target 'SwiftUIIntrospect' from project 'swiftui-introspect')

SwiftCompile normal arm64 /Users/steipete/Library/Developer/Xcode/DerivedData/CodeLooper-crrddjihwjtfkwegrjrymctnfixv/SourcePackages/checkouts/SwiftUI-Introspect/Sources/ViewTypes/NavigationSplitView.swift (in target 'SwiftUIIntrospect' from project 'swiftui-introspect')
    cd /Users/steipete/Projects/CodeLooper
    

SwiftCompile normal arm64 /Users/steipete/Library/Developer/Xcode/DerivedData/CodeLooper-crrddjihwjtfkwegrjrymctnfixv/SourcePackages/checkouts/SwiftUI-Introspect/Sources/ViewTypes/NavigationStack.swift (in target 'SwiftUIIntrospect' from project 'swiftui-introspect')
    cd /Users/steipete/Projects/CodeLooper
    

SwiftCompile normal arm64 /Users/steipete/Library/Developer/Xcode/DerivedData/CodeLooper-crrddjihwjtfkwegrjrymctnfixv/SourcePackages/checkouts/SwiftUI-Introspect/Sources/ViewTypes/NavigationViewWithColumnsStyle.swift (in target 'SwiftUIIntrospect' from project 'swiftui-introspect')
    cd /Users/steipete/Projects/CodeLooper
    

SwiftCompile normal arm64 /Users/steipete/Library/Developer/Xcode/DerivedData/CodeLooper-crrddjihwjtfkwegrjrymctnfixv/SourcePackages/checkouts/SwiftUI-Introspect/Sources/ViewTypes/NavigationViewWithStackStyle.swift (in target 'SwiftUIIntrospect' from project 'swiftui-introspect')
    cd /Users/steipete/Projects/CodeLooper
    

SwiftCompile normal arm64 Compiling\ ListWithInsetGroupedStyle.swift,\ ListWithInsetStyle.swift,\ ListWithSidebarStyle.swift,\ Map.swift /Users/steipete/Library/Developer/Xcode/DerivedData/CodeLooper-crrddjihwjtfkwegrjrymctnfixv/SourcePackages/checkouts/SwiftUI-Introspect/Sources/ViewTypes/ListWithInsetGroupedStyle.swift /Users/steipete/Library/Developer/Xcode/DerivedData/CodeLooper-crrddjihwjtfkwegrjrymctnfixv/SourcePackages/checkouts/SwiftUI-Introspect/Sources/ViewTypes/ListWithInsetStyle.swift /Users/steipete/Library/Developer/Xcode/DerivedData/CodeLooper-crrddjihwjtfkwegrjrymctnfixv/SourcePackages/checkouts/SwiftUI-Introspect/Sources/ViewTypes/ListWithSidebarStyle.swift /Users/steipete/Library/Developer/Xcode/DerivedData/CodeLooper-crrddjihwjtfkwegrjrymctnfixv/SourcePackages/checkouts/SwiftUI-Introspect/Sources/ViewTypes/Map.swift (in target 'SwiftUIIntrospect' from project 'swiftui-introspect')

SwiftCompile normal arm64 /Users/steipete/Library/Developer/Xcode/DerivedData/CodeLooper-crrddjihwjtfkwegrjrymctnfixv/SourcePackages/checkouts/SwiftUI-Introspect/Sources/ViewTypes/ListWithInsetGroupedStyle.swift (in target 'SwiftUIIntrospect' from project 'swiftui-introspect')
    cd /Users/steipete/Projects/CodeLooper
    

SwiftCompile normal arm64 /Users/steipete/Library/Developer/Xcode/DerivedData/CodeLooper-crrddjihwjtfkwegrjrymctnfixv/SourcePackages/checkouts/SwiftUI-Introspect/Sources/ViewTypes/ListWithInsetStyle.swift (in target 'SwiftUIIntrospect' from project 'swiftui-introspect')
    cd /Users/steipete/Projects/CodeLooper
    

SwiftCompile normal arm64 /Users/steipete/Library/Developer/Xcode/DerivedData/CodeLooper-crrddjihwjtfkwegrjrymctnfixv/SourcePackages/checkouts/SwiftUI-Introspect/Sources/ViewTypes/ListWithSidebarStyle.swift (in target 'SwiftUIIntrospect' from project 'swiftui-introspect')
    cd /Users/steipete/Projects/CodeLooper
    

SwiftCompile normal arm64 /Users/steipete/Library/Developer/Xcode/DerivedData/CodeLooper-crrddjihwjtfkwegrjrymctnfixv/SourcePackages/checkouts/SwiftUI-Introspect/Sources/ViewTypes/Map.swift (in target 'SwiftUIIntrospect' from project 'swiftui-introspect')
    cd /Users/steipete/Projects/CodeLooper
    

Ld /Users/steipete/Library/Developer/Xcode/DerivedData/CodeLooper-crrddjihwjtfkwegrjrymctnfixv/Build/Products/Debug/CNIODarwin.o normal (in target 'CNIODarwin' from project 'swift-nio')
    cd /Users/steipete/Library/Developer/Xcode/DerivedData/CodeLooper-crrddjihwjtfkwegrjrymctnfixv/SourcePackages/checkouts/swift-nio
    /Applications/Xcode-beta.app/Contents/Developer/Toolchains/XcodeDefault.xctoolchain/usr/bin/clang -Xlinker -reproducible -target arm64-apple-macos10.13 -r -isysroot /Applications/Xcode-beta.app/Contents/Developer/Platforms/MacOSX.platform/Developer/SDKs/MacOSX26.0.sdk -O0 -w -L/Users/steipete/Library/Developer/Xcode/DerivedData/CodeLooper-crrddjihwjtfkwegrjrymctnfixv/Build/Intermediates.noindex/EagerLinkingTBDs/Debug -L/Users/steipete/Library/Developer/Xcode/DerivedData/CodeLooper-crrddjihwjtfkwegrjrymctnfixv/Build/Products/Debug -L/Applications/Xcode-beta.app/Contents/Developer/Platforms/MacOSX.platform/Developer/usr/lib -F/Users/steipete/Library/Developer/Xcode/DerivedData/CodeLooper-crrddjihwjtfkwegrjrymctnfixv/Build/Intermediates.noindex/EagerLinkingTBDs/Debug -F/Users/steipete/Library/Developer/Xcode/DerivedData/CodeLooper-crrddjihwjtfkwegrjrymctnfixv/Build/Products/Debug -iframework /Applications/Xcode-beta.app/Contents/Developer/Platforms/MacOSX.platform/Developer/Library/Frameworks -filelist /Users/steipete/Library/Developer/Xcode/DerivedData/CodeLooper-crrddjihwjtfkwegrjrymctnfixv/Build/Intermediates.noindex/swift-nio.build/Debug/CNIODarwin.build/Objects-normal/arm64/CNIODarwin.LinkFileList -nostdlib -Xlinker -object_path_lto -Xlinker /Users/steipete/Library/Developer/Xcode/DerivedData/CodeLooper-crrddjihwjtfkwegrjrymctnfixv/Build/Intermediates.noindex/swift-nio.build/Debug/CNIODarwin.build/Objects-normal/arm64/CNIODarwin_lto.o -rdynamic -Xlinker -no_deduplicate -Xlinker -debug_variant -Xlinker -dependency_info -Xlinker /Users/steipete/Library/Developer/Xcode/DerivedData/CodeLooper-crrddjihwjtfkwegrjrymctnfixv/Build/Intermediates.noindex/swift-nio.build/Debug/CNIODarwin.build/Objects-normal/arm64/CNIODarwin_dependency_info.dat -o /Users/steipete/Library/Developer/Xcode/DerivedData/CodeLooper-crrddjihwjtfkwegrjrymctnfixv/Build/Products/Debug/CNIODarwin.o

SwiftDriverJobDiscovery normal arm64 Compiling ViewController.swift, Window.swift, Weak.swift (in target 'SwiftUIIntrospect' from project 'swiftui-introspect')

SwiftCompile normal arm64 Compiling\ ToggleWithSwitchStyle.swift,\ VideoPlayer.swift,\ View.swift /Users/steipete/Library/Developer/Xcode/DerivedData/CodeLooper-crrddjihwjtfkwegrjrymctnfixv/SourcePackages/checkouts/SwiftUI-Introspect/Sources/ViewTypes/ToggleWithSwitchStyle.swift /Users/steipete/Library/Developer/Xcode/DerivedData/CodeLooper-crrddjihwjtfkwegrjrymctnfixv/SourcePackages/checkouts/SwiftUI-Introspect/Sources/ViewTypes/VideoPlayer.swift /Users/steipete/Library/Developer/Xcode/DerivedData/CodeLooper-crrddjihwjtfkwegrjrymctnfixv/SourcePackages/checkouts/SwiftUI-Introspect/Sources/ViewTypes/View.swift (in target 'SwiftUIIntrospect' from project 'swiftui-introspect')

SwiftCompile normal arm64 /Users/steipete/Library/Developer/Xcode/DerivedData/CodeLooper-crrddjihwjtfkwegrjrymctnfixv/SourcePackages/checkouts/SwiftUI-Introspect/Sources/ViewTypes/ToggleWithSwitchStyle.swift (in target 'SwiftUIIntrospect' from project 'swiftui-introspect')
    cd /Users/steipete/Projects/CodeLooper
    

SwiftCompile normal arm64 /Users/steipete/Library/Developer/Xcode/DerivedData/CodeLooper-crrddjihwjtfkwegrjrymctnfixv/SourcePackages/checkouts/SwiftUI-Introspect/Sources/ViewTypes/VideoPlayer.swift (in target 'SwiftUIIntrospect' from project 'swiftui-introspect')
    cd /Users/steipete/Projects/CodeLooper
    

SwiftCompile normal arm64 /Users/steipete/Library/Developer/Xcode/DerivedData/CodeLooper-crrddjihwjtfkwegrjrymctnfixv/SourcePackages/checkouts/SwiftUI-Introspect/Sources/ViewTypes/View.swift (in target 'SwiftUIIntrospect' from project 'swiftui-introspect')
    cd /Users/steipete/Projects/CodeLooper
    

SwiftDriverJobDiscovery normal arm64 Emitting module for Defaults (in target 'Defaults' from project 'Defaults')

SwiftDriver\ Compilation\ Requirements Defaults normal arm64 com.apple.xcode.tools.swift.compiler (in target 'Defaults' from project 'Defaults')
    cd /Users/steipete/Projects/CodeLooper
    builtin-Swift-Compilation-Requirements -- /Applications/Xcode-beta.app/Contents/Developer/Toolchains/XcodeDefault.xctoolchain/usr/bin/swiftc -module-name Defaults -Onone -enforce-exclusivity\=checked @/Users/steipete/Library/Developer/Xcode/DerivedData/CodeLooper-crrddjihwjtfkwegrjrymctnfixv/Build/Intermediates.noindex/Defaults.build/Debug/Defaults.build/Objects-normal/arm64/Defaults.SwiftFileList -DSWIFT_PACKAGE -DDEBUG -DSWIFT_MODULE_RESOURCE_BUNDLE_AVAILABLE -DXcode -plugin-path /Applications/Xcode-beta.app/Contents/Developer/Toolchains/XcodeDefault.xctoolchain/usr/lib/swift/host/plugins/testing -enable-experimental-feature DebugDescriptionMacro -sdk /Applications/Xcode-beta.app/Contents/Developer/Platforms/MacOSX.platform/Developer/SDKs/MacOSX26.0.sdk -target arm64-apple-macos11.0 -g -module-cache-path /Users/steipete/Library/Developer/Xcode/DerivedData/ModuleCache.noindex -Xfrontend -serialize-debugging-options -profile-coverage-mapping -profile-generate -enable-testing -suppress-warnings -index-store-path /Users/steipete/Library/Developer/Xcode/DerivedData/CodeLooper-crrddjihwjtfkwegrjrymctnfixv/Index.noindex/DataStore -swift-version 5 -I /Users/steipete/Library/Developer/Xcode/DerivedData/CodeLooper-crrddjihwjtfkwegrjrymctnfixv/Build/Products/Debug -I /Applications/Xcode-beta.app/Contents/Developer/Platforms/MacOSX.platform/Developer/usr/lib -F /Users/steipete/Library/Developer/Xcode/DerivedData/CodeLooper-crrddjihwjtfkwegrjrymctnfixv/Build/Products/Debug -F /Applications/Xcode-beta.app/Contents/Developer/Platforms/MacOSX.platform/Developer/Library/Frameworks -c -j16 -enable-batch-mode -incremental -Xcc -ivfsstatcache -Xcc /Users/steipete/Library/Developer/Xcode/DerivedData/SDKStatCaches.noindex/macosx26.0-25A5279m-5d9328ff1a6613a11d359de947506b52.sdkstatcache -output-file-map /Users/steipete/Library/Developer/Xcode/DerivedData/CodeLooper-crrddjihwjtfkwegrjrymctnfixv/Build/Intermediates.noindex/Defaults.build/Debug/Defaults.build/Objects-normal/arm64/Defaults-OutputFileMap.json -use-frontend-parseable-output -save-temps -no-color-diagnostics -explicit-module-build -module-cache-path /Users/steipete/Library/Developer/Xcode/DerivedData/CodeLooper-crrddjihwjtfkwegrjrymctnfixv/Build/Intermediates.noindex/SwiftExplicitPrecompiledModules -clang-scanner-module-cache-path /Users/steipete/Library/Developer/Xcode/DerivedData/ModuleCache.noindex -sdk-module-cache-path /Users/steipete/Library/Developer/Xcode/DerivedData/ModuleCache.noindex -serialize-diagnostics -emit-dependencies -emit-module -emit-module-path /Users/steipete/Library/Developer/Xcode/DerivedData/CodeLooper-crrddjihwjtfkwegrjrymctnfixv/Build/Intermediates.noindex/Defaults.build/Debug/Defaults.build/Objects-normal/arm64/Defaults.swiftmodule -validate-clang-modules-once -clang-build-session-file /Users/steipete/Library/Developer/Xcode/DerivedData/ModuleCache.noindex/Session.modulevalidation -package-name defaults -Xcc -I/Users/steipete/Library/Developer/Xcode/DerivedData/CodeLooper-crrddjihwjtfkwegrjrymctnfixv/Build/Intermediates.noindex/Defaults.build/Debug/Defaults.build/swift-overrides.hmap -emit-const-values -Xfrontend -const-gather-protocols-file -Xfrontend /Users/steipete/Library/Developer/Xcode/DerivedData/CodeLooper-crrddjihwjtfkwegrjrymctnfixv/Build/Intermediates.noindex/Defaults.build/Debug/Defaults.build/Objects-normal/arm64/Defaults_const_extract_protocols.json -Xcc -I/Users/steipete/Library/Developer/Xcode/DerivedData/CodeLooper-crrddjihwjtfkwegrjrymctnfixv/Build/Products/Debug/include -Xcc -I/Users/steipete/Library/Developer/Xcode/DerivedData/CodeLooper-crrddjihwjtfkwegrjrymctnfixv/Build/Intermediates.noindex/Defaults.build/Debug/Defaults.build/DerivedSources-normal/arm64 -Xcc -I/Users/steipete/Library/Developer/Xcode/DerivedData/CodeLooper-crrddjihwjtfkwegrjrymctnfixv/Build/Intermediates.noindex/Defaults.build/Debug/Defaults.build/DerivedSources/arm64 -Xcc -I/Users/steipete/Library/Developer/Xcode/DerivedData/CodeLooper-crrddjihwjtfkwegrjrymctnfixv/Build/Intermediates.noindex/Defaults.build/Debug/Defaults.build/DerivedSources -Xcc -DSWIFT_PACKAGE -Xcc -DDEBUG\=1 -emit-objc-header -emit-objc-header-path /Users/steipete/Library/Developer/Xcode/DerivedData/CodeLooper-crrddjihwjtfkwegrjrymctnfixv/Build/Intermediates.noindex/Defaults.build/Debug/Defaults.build/Objects-normal/arm64/Defaults-Swift.h -working-directory /Users/steipete/Projects/CodeLooper -experimental-emit-module-separately -disable-cmo

SwiftCompile normal arm64 Compiling\ PageControl.swift,\ PickerWithMenuStyle.swift,\ PickerWithSegmentedStyle.swift,\ PickerWithWheelStyle.swift /Users/steipete/Library/Developer/Xcode/DerivedData/CodeLooper-crrddjihwjtfkwegrjrymctnfixv/SourcePackages/checkouts/SwiftUI-Introspect/Sources/ViewTypes/PageControl.swift /Users/steipete/Library/Developer/Xcode/DerivedData/CodeLooper-crrddjihwjtfkwegrjrymctnfixv/SourcePackages/checkouts/SwiftUI-Introspect/Sources/ViewTypes/PickerWithMenuStyle.swift /Users/steipete/Library/Developer/Xcode/DerivedData/CodeLooper-crrddjihwjtfkwegrjrymctnfixv/SourcePackages/checkouts/SwiftUI-Introspect/Sources/ViewTypes/PickerWithSegmentedStyle.swift /Users/steipete/Library/Developer/Xcode/DerivedData/CodeLooper-crrddjihwjtfkwegrjrymctnfixv/SourcePackages/checkouts/SwiftUI-Introspect/Sources/ViewTypes/PickerWithWheelStyle.swift (in target 'SwiftUIIntrospect' from project 'swiftui-introspect')

SwiftCompile normal arm64 /Users/steipete/Library/Developer/Xcode/DerivedData/CodeLooper-crrddjihwjtfkwegrjrymctnfixv/SourcePackages/checkouts/SwiftUI-Introspect/Sources/ViewTypes/PageControl.swift (in target 'SwiftUIIntrospect' from project 'swiftui-introspect')
    cd /Users/steipete/Projects/CodeLooper
    

SwiftCompile normal arm64 /Users/steipete/Library/Developer/Xcode/DerivedData/CodeLooper-crrddjihwjtfkwegrjrymctnfixv/SourcePackages/checkouts/SwiftUI-Introspect/Sources/ViewTypes/PickerWithMenuStyle.swift (in target 'SwiftUIIntrospect' from project 'swiftui-introspect')
    cd /Users/steipete/Projects/CodeLooper
    

SwiftCompile normal arm64 /Users/steipete/Library/Developer/Xcode/DerivedData/CodeLooper-crrddjihwjtfkwegrjrymctnfixv/SourcePackages/checkouts/SwiftUI-Introspect/Sources/ViewTypes/PickerWithSegmentedStyle.swift (in target 'SwiftUIIntrospect' from project 'swiftui-introspect')
    cd /Users/steipete/Projects/CodeLooper
    

SwiftCompile normal arm64 /Users/steipete/Library/Developer/Xcode/DerivedData/CodeLooper-crrddjihwjtfkwegrjrymctnfixv/SourcePackages/checkouts/SwiftUI-Introspect/Sources/ViewTypes/PickerWithWheelStyle.swift (in target 'SwiftUIIntrospect' from project 'swiftui-introspect')
    cd /Users/steipete/Projects/CodeLooper
    

SwiftMergeGeneratedHeaders /Users/steipete/Library/Developer/Xcode/DerivedData/CodeLooper-crrddjihwjtfkwegrjrymctnfixv/Build/Intermediates.noindex/GeneratedModuleMaps/Defaults-Swift.h /Users/steipete/Library/Developer/Xcode/DerivedData/CodeLooper-crrddjihwjtfkwegrjrymctnfixv/Build/Intermediates.noindex/Defaults.build/Debug/Defaults.build/Objects-normal/arm64/Defaults-Swift.h (in target 'Defaults' from project 'Defaults')
    cd /Users/steipete/Library/Developer/Xcode/DerivedData/CodeLooper-crrddjihwjtfkwegrjrymctnfixv/SourcePackages/checkouts/Defaults
    builtin-swiftHeaderTool -arch arm64 /Users/steipete/Library/Developer/Xcode/DerivedData/CodeLooper-crrddjihwjtfkwegrjrymctnfixv/Build/Intermediates.noindex/Defaults.build/Debug/Defaults.build/Objects-normal/arm64/Defaults-Swift.h -o /Users/steipete/Library/Developer/Xcode/DerivedData/CodeLooper-crrddjihwjtfkwegrjrymctnfixv/Build/Intermediates.noindex/GeneratedModuleMaps/Defaults-Swift.h

SwiftDriverJobDiscovery normal arm64 Compiling Toggle.swift, ToggleWithButtonStyle.swift, ToggleWithCheckboxStyle.swift (in target 'SwiftUIIntrospect' from project 'swiftui-introspect')

Copy /Users/steipete/Library/Developer/Xcode/DerivedData/CodeLooper-crrddjihwjtfkwegrjrymctnfixv/Build/Products/Debug/Defaults.swiftmodule/arm64-apple-macos.swiftmodule /Users/steipete/Library/Developer/Xcode/DerivedData/CodeLooper-crrddjihwjtfkwegrjrymctnfixv/Build/Intermediates.noindex/Defaults.build/Debug/Defaults.build/Objects-normal/arm64/Defaults.swiftmodule (in target 'Defaults' from project 'Defaults')
    cd /Users/steipete/Library/Developer/Xcode/DerivedData/CodeLooper-crrddjihwjtfkwegrjrymctnfixv/SourcePackages/checkouts/Defaults
    builtin-copy -exclude .DS_Store -exclude CVS -exclude .svn -exclude .git -exclude .hg -resolve-src-symlinks -rename /Users/steipete/Library/Developer/Xcode/DerivedData/CodeLooper-crrddjihwjtfkwegrjrymctnfixv/Build/Intermediates.noindex/Defaults.build/Debug/Defaults.build/Objects-normal/arm64/Defaults.swiftmodule /Users/steipete/Library/Developer/Xcode/DerivedData/CodeLooper-crrddjihwjtfkwegrjrymctnfixv/Build/Products/Debug/Defaults.swiftmodule/arm64-apple-macos.swiftmodule

Copy /Users/steipete/Library/Developer/Xcode/DerivedData/CodeLooper-crrddjihwjtfkwegrjrymctnfixv/Build/Products/Debug/Defaults.swiftmodule/arm64-apple-macos.swiftdoc /Users/steipete/Library/Developer/Xcode/DerivedData/CodeLooper-crrddjihwjtfkwegrjrymctnfixv/Build/Intermediates.noindex/Defaults.build/Debug/Defaults.build/Objects-normal/arm64/Defaults.swiftdoc (in target 'Defaults' from project 'Defaults')
    cd /Users/steipete/Library/Developer/Xcode/DerivedData/CodeLooper-crrddjihwjtfkwegrjrymctnfixv/SourcePackages/checkouts/Defaults
    builtin-copy -exclude .DS_Store -exclude CVS -exclude .svn -exclude .git -exclude .hg -resolve-src-symlinks -rename /Users/steipete/Library/Developer/Xcode/DerivedData/CodeLooper-crrddjihwjtfkwegrjrymctnfixv/Build/Intermediates.noindex/Defaults.build/Debug/Defaults.build/Objects-normal/arm64/Defaults.swiftdoc /Users/steipete/Library/Developer/Xcode/DerivedData/CodeLooper-crrddjihwjtfkwegrjrymctnfixv/Build/Products/Debug/Defaults.swiftmodule/arm64-apple-macos.swiftdoc

Copy /Users/steipete/Library/Developer/Xcode/DerivedData/CodeLooper-crrddjihwjtfkwegrjrymctnfixv/Build/Products/Debug/Defaults.swiftmodule/arm64-apple-macos.abi.json /Users/steipete/Library/Developer/Xcode/DerivedData/CodeLooper-crrddjihwjtfkwegrjrymctnfixv/Build/Intermediates.noindex/Defaults.build/Debug/Defaults.build/Objects-normal/arm64/Defaults.abi.json (in target 'Defaults' from project 'Defaults')
    cd /Users/steipete/Library/Developer/Xcode/DerivedData/CodeLooper-crrddjihwjtfkwegrjrymctnfixv/SourcePackages/checkouts/Defaults
    builtin-copy -exclude .DS_Store -exclude CVS -exclude .svn -exclude .git -exclude .hg -resolve-src-symlinks -rename /Users/steipete/Library/Developer/Xcode/DerivedData/CodeLooper-crrddjihwjtfkwegrjrymctnfixv/Build/Intermediates.noindex/Defaults.build/Debug/Defaults.build/Objects-normal/arm64/Defaults.abi.json /Users/steipete/Library/Developer/Xcode/DerivedData/CodeLooper-crrddjihwjtfkwegrjrymctnfixv/Build/Products/Debug/Defaults.swiftmodule/arm64-apple-macos.abi.json

Copy /Users/steipete/Library/Developer/Xcode/DerivedData/CodeLooper-crrddjihwjtfkwegrjrymctnfixv/Build/Products/Debug/Defaults.swiftmodule/Project/arm64-apple-macos.swiftsourceinfo /Users/steipete/Library/Developer/Xcode/DerivedData/CodeLooper-crrddjihwjtfkwegrjrymctnfixv/Build/Intermediates.noindex/Defaults.build/Debug/Defaults.build/Objects-normal/arm64/Defaults.swiftsourceinfo (in target 'Defaults' from project 'Defaults')
    cd /Users/steipete/Library/Developer/Xcode/DerivedData/CodeLooper-crrddjihwjtfkwegrjrymctnfixv/SourcePackages/checkouts/Defaults
    builtin-copy -exclude .DS_Store -exclude CVS -exclude .svn -exclude .git -exclude .hg -resolve-src-symlinks -rename /Users/steipete/Library/Developer/Xcode/DerivedData/CodeLooper-crrddjihwjtfkwegrjrymctnfixv/Build/Intermediates.noindex/Defaults.build/Debug/Defaults.build/Objects-normal/arm64/Defaults.swiftsourceinfo /Users/steipete/Library/Developer/Xcode/DerivedData/CodeLooper-crrddjihwjtfkwegrjrymctnfixv/Build/Products/Debug/Defaults.swiftmodule/Project/arm64-apple-macos.swiftsourceinfo

SwiftCompile normal arm64 Compiling\ Utils.swift,\ Button.swift,\ ColorPicker.swift,\ DatePicker.swift /Users/steipete/Library/Developer/Xcode/DerivedData/CodeLooper-crrddjihwjtfkwegrjrymctnfixv/SourcePackages/checkouts/SwiftUI-Introspect/Sources/Utils.swift /Users/steipete/Library/Developer/Xcode/DerivedData/CodeLooper-crrddjihwjtfkwegrjrymctnfixv/SourcePackages/checkouts/SwiftUI-Introspect/Sources/ViewTypes/Button.swift /Users/steipete/Library/Developer/Xcode/DerivedData/CodeLooper-crrddjihwjtfkwegrjrymctnfixv/SourcePackages/checkouts/SwiftUI-Introspect/Sources/ViewTypes/ColorPicker.swift /Users/steipete/Library/Developer/Xcode/DerivedData/CodeLooper-crrddjihwjtfkwegrjrymctnfixv/SourcePackages/checkouts/SwiftUI-Introspect/Sources/ViewTypes/DatePicker.swift (in target 'SwiftUIIntrospect' from project 'swiftui-introspect')

SwiftCompile normal arm64 /Users/steipete/Library/Developer/Xcode/DerivedData/CodeLooper-crrddjihwjtfkwegrjrymctnfixv/SourcePackages/checkouts/SwiftUI-Introspect/Sources/Utils.swift (in target 'SwiftUIIntrospect' from project 'swiftui-introspect')
    cd /Users/steipete/Projects/CodeLooper
    

SwiftCompile normal arm64 /Users/steipete/Library/Developer/Xcode/DerivedData/CodeLooper-crrddjihwjtfkwegrjrymctnfixv/SourcePackages/checkouts/SwiftUI-Introspect/Sources/ViewTypes/Button.swift (in target 'SwiftUIIntrospect' from project 'swiftui-introspect')
    cd /Users/steipete/Projects/CodeLooper
    

SwiftCompile normal arm64 /Users/steipete/Library/Developer/Xcode/DerivedData/CodeLooper-crrddjihwjtfkwegrjrymctnfixv/SourcePackages/checkouts/SwiftUI-Introspect/Sources/ViewTypes/ColorPicker.swift (in target 'SwiftUIIntrospect' from project 'swiftui-introspect')
    cd /Users/steipete/Projects/CodeLooper
    

SwiftCompile normal arm64 /Users/steipete/Library/Developer/Xcode/DerivedData/CodeLooper-crrddjihwjtfkwegrjrymctnfixv/SourcePackages/checkouts/SwiftUI-Introspect/Sources/ViewTypes/DatePicker.swift (in target 'SwiftUIIntrospect' from project 'swiftui-introspect')
    cd /Users/steipete/Projects/CodeLooper
    

SwiftCompile normal arm64 Compiling\ Slider.swift,\ Stepper.swift,\ TabView.swift,\ TabViewWithPageStyle.swift /Users/steipete/Library/Developer/Xcode/DerivedData/CodeLooper-crrddjihwjtfkwegrjrymctnfixv/SourcePackages/checkouts/SwiftUI-Introspect/Sources/ViewTypes/Slider.swift /Users/steipete/Library/Developer/Xcode/DerivedData/CodeLooper-crrddjihwjtfkwegrjrymctnfixv/SourcePackages/checkouts/SwiftUI-Introspect/Sources/ViewTypes/Stepper.swift /Users/steipete/Library/Developer/Xcode/DerivedData/CodeLooper-crrddjihwjtfkwegrjrymctnfixv/SourcePackages/checkouts/SwiftUI-Introspect/Sources/ViewTypes/TabView.swift /Users/steipete/Library/Developer/Xcode/DerivedData/CodeLooper-crrddjihwjtfkwegrjrymctnfixv/SourcePackages/checkouts/SwiftUI-Introspect/Sources/ViewTypes/TabViewWithPageStyle.swift (in target 'SwiftUIIntrospect' from project 'swiftui-introspect')

SwiftCompile normal arm64 /Users/steipete/Library/Developer/Xcode/DerivedData/CodeLooper-crrddjihwjtfkwegrjrymctnfixv/SourcePackages/checkouts/SwiftUI-Introspect/Sources/ViewTypes/Slider.swift (in target 'SwiftUIIntrospect' from project 'swiftui-introspect')
    cd /Users/steipete/Projects/CodeLooper
    

SwiftCompile normal arm64 /Users/steipete/Library/Developer/Xcode/DerivedData/CodeLooper-crrddjihwjtfkwegrjrymctnfixv/SourcePackages/checkouts/SwiftUI-Introspect/Sources/ViewTypes/Stepper.swift (in target 'SwiftUIIntrospect' from project 'swiftui-introspect')
    cd /Users/steipete/Projects/CodeLooper
    

SwiftCompile normal arm64 /Users/steipete/Library/Developer/Xcode/DerivedData/CodeLooper-crrddjihwjtfkwegrjrymctnfixv/SourcePackages/checkouts/SwiftUI-Introspect/Sources/ViewTypes/TabView.swift (in target 'SwiftUIIntrospect' from project 'swiftui-introspect')
    cd /Users/steipete/Projects/CodeLooper
    

SwiftCompile normal arm64 /Users/steipete/Library/Developer/Xcode/DerivedData/CodeLooper-crrddjihwjtfkwegrjrymctnfixv/SourcePackages/checkouts/SwiftUI-Introspect/Sources/ViewTypes/TabViewWithPageStyle.swift (in target 'SwiftUIIntrospect' from project 'swiftui-introspect')
    cd /Users/steipete/Projects/CodeLooper
    

SwiftDriverJobDiscovery normal arm64 Compiling Popover.swift, ProgressViewWithCircularStyle.swift, ProgressViewWithLinearStyle.swift, ScrollView.swift (in target 'SwiftUIIntrospect' from project 'swiftui-introspect')

SwiftCompile normal arm64 Compiling\ DatePickerWithWheelStyle.swift,\ Form.swift,\ FormWithGroupedStyle.swift,\ FullScreenCover.swift /Users/steipete/Library/Developer/Xcode/DerivedData/CodeLooper-crrddjihwjtfkwegrjrymctnfixv/SourcePackages/checkouts/SwiftUI-Introspect/Sources/ViewTypes/DatePickerWithWheelStyle.swift /Users/steipete/Library/Developer/Xcode/DerivedData/CodeLooper-crrddjihwjtfkwegrjrymctnfixv/SourcePackages/checkouts/SwiftUI-Introspect/Sources/ViewTypes/Form.swift /Users/steipete/Library/Developer/Xcode/DerivedData/CodeLooper-crrddjihwjtfkwegrjrymctnfixv/SourcePackages/checkouts/SwiftUI-Introspect/Sources/ViewTypes/FormWithGroupedStyle.swift /Users/steipete/Library/Developer/Xcode/DerivedData/CodeLooper-crrddjihwjtfkwegrjrymctnfixv/SourcePackages/checkouts/SwiftUI-Introspect/Sources/ViewTypes/FullScreenCover.swift (in target 'SwiftUIIntrospect' from project 'swiftui-introspect')

SwiftCompile normal arm64 /Users/steipete/Library/Developer/Xcode/DerivedData/CodeLooper-crrddjihwjtfkwegrjrymctnfixv/SourcePackages/checkouts/SwiftUI-Introspect/Sources/ViewTypes/DatePickerWithWheelStyle.swift (in target 'SwiftUIIntrospect' from project 'swiftui-introspect')
    cd /Users/steipete/Projects/CodeLooper
    

SwiftCompile normal arm64 /Users/steipete/Library/Developer/Xcode/DerivedData/CodeLooper-crrddjihwjtfkwegrjrymctnfixv/SourcePackages/checkouts/SwiftUI-Introspect/Sources/ViewTypes/Form.swift (in target 'SwiftUIIntrospect' from project 'swiftui-introspect')
    cd /Users/steipete/Projects/CodeLooper
    

SwiftCompile normal arm64 /Users/steipete/Library/Developer/Xcode/DerivedData/CodeLooper-crrddjihwjtfkwegrjrymctnfixv/SourcePackages/checkouts/SwiftUI-Introspect/Sources/ViewTypes/FormWithGroupedStyle.swift (in target 'SwiftUIIntrospect' from project 'swiftui-introspect')
    cd /Users/steipete/Projects/CodeLooper
    

SwiftCompile normal arm64 /Users/steipete/Library/Developer/Xcode/DerivedData/CodeLooper-crrddjihwjtfkwegrjrymctnfixv/SourcePackages/checkouts/SwiftUI-Introspect/Sources/ViewTypes/FullScreenCover.swift (in target 'SwiftUIIntrospect' from project 'swiftui-introspect')
    cd /Users/steipete/Projects/CodeLooper
    

SwiftDriverJobDiscovery normal arm64 Emitting module for SwiftUIIntrospect (in target 'SwiftUIIntrospect' from project 'swiftui-introspect')

SwiftCompile normal arm64 Compiling\ SearchField.swift,\ SecureField.swift,\ Sheet.swift,\ SignInWithAppleButton.swift /Users/steipete/Library/Developer/Xcode/DerivedData/CodeLooper-crrddjihwjtfkwegrjrymctnfixv/SourcePackages/checkouts/SwiftUI-Introspect/Sources/ViewTypes/SearchField.swift /Users/steipete/Library/Developer/Xcode/DerivedData/CodeLooper-crrddjihwjtfkwegrjrymctnfixv/SourcePackages/checkouts/SwiftUI-Introspect/Sources/ViewTypes/SecureField.swift /Users/steipete/Library/Developer/Xcode/DerivedData/CodeLooper-crrddjihwjtfkwegrjrymctnfixv/SourcePackages/checkouts/SwiftUI-Introspect/Sources/ViewTypes/Sheet.swift /Users/steipete/Library/Developer/Xcode/DerivedData/CodeLooper-crrddjihwjtfkwegrjrymctnfixv/SourcePackages/checkouts/SwiftUI-Introspect/Sources/ViewTypes/SignInWithAppleButton.swift (in target 'SwiftUIIntrospect' from project 'swiftui-introspect')

SwiftCompile normal arm64 /Users/steipete/Library/Developer/Xcode/DerivedData/CodeLooper-crrddjihwjtfkwegrjrymctnfixv/SourcePackages/checkouts/SwiftUI-Introspect/Sources/ViewTypes/SearchField.swift (in target 'SwiftUIIntrospect' from project 'swiftui-introspect')
    cd /Users/steipete/Projects/CodeLooper
    

SwiftCompile normal arm64 /Users/steipete/Library/Developer/Xcode/DerivedData/CodeLooper-crrddjihwjtfkwegrjrymctnfixv/SourcePackages/checkouts/SwiftUI-Introspect/Sources/ViewTypes/SecureField.swift (in target 'SwiftUIIntrospect' from project 'swiftui-introspect')
    cd /Users/steipete/Projects/CodeLooper
    

SwiftCompile normal arm64 /Users/steipete/Library/Developer/Xcode/DerivedData/CodeLooper-crrddjihwjtfkwegrjrymctnfixv/SourcePackages/checkouts/SwiftUI-Introspect/Sources/ViewTypes/Sheet.swift (in target 'SwiftUIIntrospect' from project 'swiftui-introspect')
    cd /Users/steipete/Projects/CodeLooper
    

SwiftCompile normal arm64 /Users/steipete/Library/Developer/Xcode/DerivedData/CodeLooper-crrddjihwjtfkwegrjrymctnfixv/SourcePackages/checkouts/SwiftUI-Introspect/Sources/ViewTypes/SignInWithAppleButton.swift (in target 'SwiftUIIntrospect' from project 'swiftui-introspect')
    cd /Users/steipete/Projects/CodeLooper
    

SwiftDriverJobDiscovery normal arm64 Compiling Table.swift, TextEditor.swift, TextField.swift, TextFieldWithVerticalAxis.swift (in target 'SwiftUIIntrospect' from project 'swiftui-introspect')

SwiftDriverJobDiscovery normal arm64 Emitting module for KeyboardShortcuts (in target 'KeyboardShortcuts' from project 'KeyboardShortcuts')

SwiftDriver\ Compilation\ Requirements SwiftUIIntrospect normal arm64 com.apple.xcode.tools.swift.compiler (in target 'SwiftUIIntrospect' from project 'swiftui-introspect')
    cd /Users/steipete/Projects/CodeLooper
    builtin-Swift-Compilation-Requirements -- /Applications/Xcode-beta.app/Contents/Developer/Toolchains/XcodeDefault.xctoolchain/usr/bin/swiftc -module-name SwiftUIIntrospect -Onone -enforce-exclusivity\=checked @/Users/steipete/Library/Developer/Xcode/DerivedData/CodeLooper-crrddjihwjtfkwegrjrymctnfixv/Build/Intermediates.noindex/swiftui-introspect.build/Debug/SwiftUIIntrospect.build/Objects-normal/arm64/SwiftUIIntrospect.SwiftFileList -DSWIFT_PACKAGE -DDEBUG -DSWIFT_MODULE_RESOURCE_BUNDLE_UNAVAILABLE -DXcode -plugin-path /Applications/Xcode-beta.app/Contents/Developer/Toolchains/XcodeDefault.xctoolchain/usr/lib/swift/host/plugins/testing -enable-experimental-feature DebugDescriptionMacro -sdk /Applications/Xcode-beta.app/Contents/Developer/Platforms/MacOSX.platform/Developer/SDKs/MacOSX26.0.sdk -target arm64-apple-macos10.15 -g -module-cache-path /Users/steipete/Library/Developer/Xcode/DerivedData/ModuleCache.noindex -Xfrontend -serialize-debugging-options -profile-coverage-mapping -profile-generate -enable-testing -suppress-warnings -index-store-path /Users/steipete/Library/Developer/Xcode/DerivedData/CodeLooper-crrddjihwjtfkwegrjrymctnfixv/Index.noindex/DataStore -swift-version 5 -I /Users/steipete/Library/Developer/Xcode/DerivedData/CodeLooper-crrddjihwjtfkwegrjrymctnfixv/Build/Products/Debug -I /Applications/Xcode-beta.app/Contents/Developer/Platforms/MacOSX.platform/Developer/usr/lib -F /Users/steipete/Library/Developer/Xcode/DerivedData/CodeLooper-crrddjihwjtfkwegrjrymctnfixv/Build/Products/Debug -F /Applications/Xcode-beta.app/Contents/Developer/Platforms/MacOSX.platform/Developer/Library/Frameworks -c -j16 -enable-batch-mode -incremental -Xcc -ivfsstatcache -Xcc /Users/steipete/Library/Developer/Xcode/DerivedData/SDKStatCaches.noindex/macosx26.0-25A5279m-5d9328ff1a6613a11d359de947506b52.sdkstatcache -output-file-map /Users/steipete/Library/Developer/Xcode/DerivedData/CodeLooper-crrddjihwjtfkwegrjrymctnfixv/Build/Intermediates.noindex/swiftui-introspect.build/Debug/SwiftUIIntrospect.build/Objects-normal/arm64/SwiftUIIntrospect-OutputFileMap.json -use-frontend-parseable-output -save-temps -no-color-diagnostics -explicit-module-build -module-cache-path /Users/steipete/Library/Developer/Xcode/DerivedData/CodeLooper-crrddjihwjtfkwegrjrymctnfixv/Build/Intermediates.noindex/SwiftExplicitPrecompiledModules -clang-scanner-module-cache-path /Users/steipete/Library/Developer/Xcode/DerivedData/ModuleCache.noindex -sdk-module-cache-path /Users/steipete/Library/Developer/Xcode/DerivedData/ModuleCache.noindex -serialize-diagnostics -emit-dependencies -emit-module -emit-module-path /Users/steipete/Library/Developer/Xcode/DerivedData/CodeLooper-crrddjihwjtfkwegrjrymctnfixv/Build/Intermediates.noindex/swiftui-introspect.build/Debug/SwiftUIIntrospect.build/Objects-normal/arm64/SwiftUIIntrospect.swiftmodule -validate-clang-modules-once -clang-build-session-file /Users/steipete/Library/Developer/Xcode/DerivedData/ModuleCache.noindex/Session.modulevalidation -Xcc -I/Users/steipete/Library/Developer/Xcode/DerivedData/CodeLooper-crrddjihwjtfkwegrjrymctnfixv/Build/Intermediates.noindex/swiftui-introspect.build/Debug/SwiftUIIntrospect.build/swift-overrides.hmap -emit-const-values -Xfrontend -const-gather-protocols-file -Xfrontend /Users/steipete/Library/Developer/Xcode/DerivedData/CodeLooper-crrddjihwjtfkwegrjrymctnfixv/Build/Intermediates.noindex/swiftui-introspect.build/Debug/SwiftUIIntrospect.build/Objects-normal/arm64/SwiftUIIntrospect_const_extract_protocols.json -Xcc -I/Users/steipete/Library/Developer/Xcode/DerivedData/CodeLooper-crrddjihwjtfkwegrjrymctnfixv/Build/Products/Debug/include -Xcc -I/Users/steipete/Library/Developer/Xcode/DerivedData/CodeLooper-crrddjihwjtfkwegrjrymctnfixv/Build/Intermediates.noindex/swiftui-introspect.build/Debug/SwiftUIIntrospect.build/DerivedSources-normal/arm64 -Xcc -I/Users/steipete/Library/Developer/Xcode/DerivedData/CodeLooper-crrddjihwjtfkwegrjrymctnfixv/Build/Intermediates.noindex/swiftui-introspect.build/Debug/SwiftUIIntrospect.build/DerivedSources/arm64 -Xcc -I/Users/steipete/Library/Developer/Xcode/DerivedData/CodeLooper-crrddjihwjtfkwegrjrymctnfixv/Build/Intermediates.noindex/swiftui-introspect.build/Debug/SwiftUIIntrospect.build/DerivedSources -Xcc -DSWIFT_PACKAGE -Xcc -DDEBUG\=1 -emit-objc-header -emit-objc-header-path /Users/steipete/Library/Developer/Xcode/DerivedData/CodeLooper-crrddjihwjtfkwegrjrymctnfixv/Build/Intermediates.noindex/swiftui-introspect.build/Debug/SwiftUIIntrospect.build/Objects-normal/arm64/SwiftUIIntrospect-Swift.h -working-directory /Users/steipete/Projects/CodeLooper -experimental-emit-module-separately -disable-cmo

SwiftDriver\ Compilation\ Requirements KeyboardShortcuts normal arm64 com.apple.xcode.tools.swift.compiler (in target 'KeyboardShortcuts' from project 'KeyboardShortcuts')
    cd /Users/steipete/Projects/CodeLooper
    builtin-Swift-Compilation-Requirements -- /Applications/Xcode-beta.app/Contents/Developer/Toolchains/XcodeDefault.xctoolchain/usr/bin/swiftc -module-name KeyboardShortcuts -Onone -enforce-exclusivity\=checked @/Users/steipete/Library/Developer/Xcode/DerivedData/CodeLooper-crrddjihwjtfkwegrjrymctnfixv/Build/Intermediates.noindex/KeyboardShortcuts.build/Debug/KeyboardShortcuts.build/Objects-normal/arm64/KeyboardShortcuts.SwiftFileList -DSWIFT_PACKAGE -DDEBUG -DSWIFT_MODULE_RESOURCE_BUNDLE_AVAILABLE -DXcode -plugin-path /Applications/Xcode-beta.app/Contents/Developer/Toolchains/XcodeDefault.xctoolchain/usr/lib/swift/host/plugins/testing -enable-experimental-feature DebugDescriptionMacro -sdk /Applications/Xcode-beta.app/Contents/Developer/Platforms/MacOSX.platform/Developer/SDKs/MacOSX26.0.sdk -target arm64-apple-macos10.15 -g -module-cache-path /Users/steipete/Library/Developer/Xcode/DerivedData/ModuleCache.noindex -Xfrontend -serialize-debugging-options -profile-coverage-mapping -profile-generate -enable-testing -suppress-warnings -index-store-path /Users/steipete/Library/Developer/Xcode/DerivedData/CodeLooper-crrddjihwjtfkwegrjrymctnfixv/Index.noindex/DataStore -swift-version 5 -I /Users/steipete/Library/Developer/Xcode/DerivedData/CodeLooper-crrddjihwjtfkwegrjrymctnfixv/Build/Products/Debug -I /Applications/Xcode-beta.app/Contents/Developer/Platforms/MacOSX.platform/Developer/usr/lib -F /Users/steipete/Library/Developer/Xcode/DerivedData/CodeLooper-crrddjihwjtfkwegrjrymctnfixv/Build/Products/Debug -F /Applications/Xcode-beta.app/Contents/Developer/Platforms/MacOSX.platform/Developer/Library/Frameworks -emit-localized-strings -emit-localized-strings-path /Users/steipete/Library/Developer/Xcode/DerivedData/CodeLooper-crrddjihwjtfkwegrjrymctnfixv/Build/Intermediates.noindex/KeyboardShortcuts.build/Debug/KeyboardShortcuts.build/Objects-normal/arm64 -c -j16 -enable-batch-mode -incremental -Xcc -ivfsstatcache -Xcc /Users/steipete/Library/Developer/Xcode/DerivedData/SDKStatCaches.noindex/macosx26.0-25A5279m-5d9328ff1a6613a11d359de947506b52.sdkstatcache -output-file-map /Users/steipete/Library/Developer/Xcode/DerivedData/CodeLooper-crrddjihwjtfkwegrjrymctnfixv/Build/Intermediates.noindex/KeyboardShortcuts.build/Debug/KeyboardShortcuts.build/Objects-normal/arm64/KeyboardShortcuts-OutputFileMap.json -use-frontend-parseable-output -save-temps -no-color-diagnostics -explicit-module-build -module-cache-path /Users/steipete/Library/Developer/Xcode/DerivedData/CodeLooper-crrddjihwjtfkwegrjrymctnfixv/Build/Intermediates.noindex/SwiftExplicitPrecompiledModules -clang-scanner-module-cache-path /Users/steipete/Library/Developer/Xcode/DerivedData/ModuleCache.noindex -sdk-module-cache-path /Users/steipete/Library/Developer/Xcode/DerivedData/ModuleCache.noindex -serialize-diagnostics -emit-dependencies -emit-module -emit-module-path /Users/steipete/Library/Developer/Xcode/DerivedData/CodeLooper-crrddjihwjtfkwegrjrymctnfixv/Build/Intermediates.noindex/KeyboardShortcuts.build/Debug/KeyboardShortcuts.build/Objects-normal/arm64/KeyboardShortcuts.swiftmodule -validate-clang-modules-once -clang-build-session-file /Users/steipete/Library/Developer/Xcode/DerivedData/ModuleCache.noindex/Session.modulevalidation -package-name keyboardshortcuts -Xcc -I/Users/steipete/Library/Developer/Xcode/DerivedData/CodeLooper-crrddjihwjtfkwegrjrymctnfixv/Build/Intermediates.noindex/KeyboardShortcuts.build/Debug/KeyboardShortcuts.build/swift-overrides.hmap -emit-const-values -Xfrontend -const-gather-protocols-file -Xfrontend /Users/steipete/Library/Developer/Xcode/DerivedData/CodeLooper-crrddjihwjtfkwegrjrymctnfixv/Build/Intermediates.noindex/KeyboardShortcuts.build/Debug/KeyboardShortcuts.build/Objects-normal/arm64/KeyboardShortcuts_const_extract_protocols.json -Xcc -I/Users/steipete/Library/Developer/Xcode/DerivedData/CodeLooper-crrddjihwjtfkwegrjrymctnfixv/Build/Products/Debug/include -Xcc -I/Users/steipete/Library/Developer/Xcode/DerivedData/CodeLooper-crrddjihwjtfkwegrjrymctnfixv/Build/Intermediates.noindex/KeyboardShortcuts.build/Debug/KeyboardShortcuts.build/DerivedSources-normal/arm64 -Xcc -I/Users/steipete/Library/Developer/Xcode/DerivedData/CodeLooper-crrddjihwjtfkwegrjrymctnfixv/Build/Intermediates.noindex/KeyboardShortcuts.build/Debug/KeyboardShortcuts.build/DerivedSources/arm64 -Xcc -I/Users/steipete/Library/Developer/Xcode/DerivedData/CodeLooper-crrddjihwjtfkwegrjrymctnfixv/Build/Intermediates.noindex/KeyboardShortcuts.build/Debug/KeyboardShortcuts.build/DerivedSources -Xcc -DSWIFT_PACKAGE -Xcc -DDEBUG\=1 -emit-objc-header -emit-objc-header-path /Users/steipete/Library/Developer/Xcode/DerivedData/CodeLooper-crrddjihwjtfkwegrjrymctnfixv/Build/Intermediates.noindex/KeyboardShortcuts.build/Debug/KeyboardShortcuts.build/Objects-normal/arm64/KeyboardShortcuts-Swift.h -working-directory /Users/steipete/Projects/CodeLooper -experimental-emit-module-separately -disable-cmo

SwiftMergeGeneratedHeaders /Users/steipete/Library/Developer/Xcode/DerivedData/CodeLooper-crrddjihwjtfkwegrjrymctnfixv/Build/Intermediates.noindex/GeneratedModuleMaps/SwiftUIIntrospect-Swift.h /Users/steipete/Library/Developer/Xcode/DerivedData/CodeLooper-crrddjihwjtfkwegrjrymctnfixv/Build/Intermediates.noindex/swiftui-introspect.build/Debug/SwiftUIIntrospect.build/Objects-normal/arm64/SwiftUIIntrospect-Swift.h (in target 'SwiftUIIntrospect' from project 'swiftui-introspect')
    cd /Users/steipete/Library/Developer/Xcode/DerivedData/CodeLooper-crrddjihwjtfkwegrjrymctnfixv/SourcePackages/checkouts/SwiftUI-Introspect
    builtin-swiftHeaderTool -arch arm64 /Users/steipete/Library/Developer/Xcode/DerivedData/CodeLooper-crrddjihwjtfkwegrjrymctnfixv/Build/Intermediates.noindex/swiftui-introspect.build/Debug/SwiftUIIntrospect.build/Objects-normal/arm64/SwiftUIIntrospect-Swift.h -o /Users/steipete/Library/Developer/Xcode/DerivedData/CodeLooper-crrddjihwjtfkwegrjrymctnfixv/Build/Intermediates.noindex/GeneratedModuleMaps/SwiftUIIntrospect-Swift.h

Copy /Users/steipete/Library/Developer/Xcode/DerivedData/CodeLooper-crrddjihwjtfkwegrjrymctnfixv/Build/Products/Debug/SwiftUIIntrospect.swiftmodule/arm64-apple-macos.swiftmodule /Users/steipete/Library/Developer/Xcode/DerivedData/CodeLooper-crrddjihwjtfkwegrjrymctnfixv/Build/Intermediates.noindex/swiftui-introspect.build/Debug/SwiftUIIntrospect.build/Objects-normal/arm64/SwiftUIIntrospect.swiftmodule (in target 'SwiftUIIntrospect' from project 'swiftui-introspect')
    cd /Users/steipete/Library/Developer/Xcode/DerivedData/CodeLooper-crrddjihwjtfkwegrjrymctnfixv/SourcePackages/checkouts/SwiftUI-Introspect
    builtin-copy -exclude .DS_Store -exclude CVS -exclude .svn -exclude .git -exclude .hg -resolve-src-symlinks -rename /Users/steipete/Library/Developer/Xcode/DerivedData/CodeLooper-crrddjihwjtfkwegrjrymctnfixv/Build/Intermediates.noindex/swiftui-introspect.build/Debug/SwiftUIIntrospect.build/Objects-normal/arm64/SwiftUIIntrospect.swiftmodule /Users/steipete/Library/Developer/Xcode/DerivedData/CodeLooper-crrddjihwjtfkwegrjrymctnfixv/Build/Products/Debug/SwiftUIIntrospect.swiftmodule/arm64-apple-macos.swiftmodule

Copy /Users/steipete/Library/Developer/Xcode/DerivedData/CodeLooper-crrddjihwjtfkwegrjrymctnfixv/Build/Products/Debug/SwiftUIIntrospect.swiftmodule/arm64-apple-macos.swiftdoc /Users/steipete/Library/Developer/Xcode/DerivedData/CodeLooper-crrddjihwjtfkwegrjrymctnfixv/Build/Intermediates.noindex/swiftui-introspect.build/Debug/SwiftUIIntrospect.build/Objects-normal/arm64/SwiftUIIntrospect.swiftdoc (in target 'SwiftUIIntrospect' from project 'swiftui-introspect')
    cd /Users/steipete/Library/Developer/Xcode/DerivedData/CodeLooper-crrddjihwjtfkwegrjrymctnfixv/SourcePackages/checkouts/SwiftUI-Introspect
    builtin-copy -exclude .DS_Store -exclude CVS -exclude .svn -exclude .git -exclude .hg -resolve-src-symlinks -rename /Users/steipete/Library/Developer/Xcode/DerivedData/CodeLooper-crrddjihwjtfkwegrjrymctnfixv/Build/Intermediates.noindex/swiftui-introspect.build/Debug/SwiftUIIntrospect.build/Objects-normal/arm64/SwiftUIIntrospect.swiftdoc /Users/steipete/Library/Developer/Xcode/DerivedData/CodeLooper-crrddjihwjtfkwegrjrymctnfixv/Build/Products/Debug/SwiftUIIntrospect.swiftmodule/arm64-apple-macos.swiftdoc

Copy /Users/steipete/Library/Developer/Xcode/DerivedData/CodeLooper-crrddjihwjtfkwegrjrymctnfixv/Build/Products/Debug/SwiftUIIntrospect.swiftmodule/arm64-apple-macos.abi.json /Users/steipete/Library/Developer/Xcode/DerivedData/CodeLooper-crrddjihwjtfkwegrjrymctnfixv/Build/Intermediates.noindex/swiftui-introspect.build/Debug/SwiftUIIntrospect.build/Objects-normal/arm64/SwiftUIIntrospect.abi.json (in target 'SwiftUIIntrospect' from project 'swiftui-introspect')
    cd /Users/steipete/Library/Developer/Xcode/DerivedData/CodeLooper-crrddjihwjtfkwegrjrymctnfixv/SourcePackages/checkouts/SwiftUI-Introspect
    builtin-copy -exclude .DS_Store -exclude CVS -exclude .svn -exclude .git -exclude .hg -resolve-src-symlinks -rename /Users/steipete/Library/Developer/Xcode/DerivedData/CodeLooper-crrddjihwjtfkwegrjrymctnfixv/Build/Intermediates.noindex/swiftui-introspect.build/Debug/SwiftUIIntrospect.build/Objects-normal/arm64/SwiftUIIntrospect.abi.json /Users/steipete/Library/Developer/Xcode/DerivedData/CodeLooper-crrddjihwjtfkwegrjrymctnfixv/Build/Products/Debug/SwiftUIIntrospect.swiftmodule/arm64-apple-macos.abi.json

Copy /Users/steipete/Library/Developer/Xcode/DerivedData/CodeLooper-crrddjihwjtfkwegrjrymctnfixv/Build/Products/Debug/SwiftUIIntrospect.swiftmodule/Project/arm64-apple-macos.swiftsourceinfo /Users/steipete/Library/Developer/Xcode/DerivedData/CodeLooper-crrddjihwjtfkwegrjrymctnfixv/Build/Intermediates.noindex/swiftui-introspect.build/Debug/SwiftUIIntrospect.build/Objects-normal/arm64/SwiftUIIntrospect.swiftsourceinfo (in target 'SwiftUIIntrospect' from project 'swiftui-introspect')
    cd /Users/steipete/Library/Developer/Xcode/DerivedData/CodeLooper-crrddjihwjtfkwegrjrymctnfixv/SourcePackages/checkouts/SwiftUI-Introspect
    builtin-copy -exclude .DS_Store -exclude CVS -exclude .svn -exclude .git -exclude .hg -resolve-src-symlinks -rename /Users/steipete/Library/Developer/Xcode/DerivedData/CodeLooper-crrddjihwjtfkwegrjrymctnfixv/Build/Intermediates.noindex/swiftui-introspect.build/Debug/SwiftUIIntrospect.build/Objects-normal/arm64/SwiftUIIntrospect.swiftsourceinfo /Users/steipete/Library/Developer/Xcode/DerivedData/CodeLooper-crrddjihwjtfkwegrjrymctnfixv/Build/Products/Debug/SwiftUIIntrospect.swiftmodule/Project/arm64-apple-macos.swiftsourceinfo

SwiftMergeGeneratedHeaders /Users/steipete/Library/Developer/Xcode/DerivedData/CodeLooper-crrddjihwjtfkwegrjrymctnfixv/Build/Intermediates.noindex/GeneratedModuleMaps/KeyboardShortcuts-Swift.h /Users/steipete/Library/Developer/Xcode/DerivedData/CodeLooper-crrddjihwjtfkwegrjrymctnfixv/Build/Intermediates.noindex/KeyboardShortcuts.build/Debug/KeyboardShortcuts.build/Objects-normal/arm64/KeyboardShortcuts-Swift.h (in target 'KeyboardShortcuts' from project 'KeyboardShortcuts')
    cd /Users/steipete/Library/Developer/Xcode/DerivedData/CodeLooper-crrddjihwjtfkwegrjrymctnfixv/SourcePackages/checkouts/KeyboardShortcuts
    builtin-swiftHeaderTool -arch arm64 /Users/steipete/Library/Developer/Xcode/DerivedData/CodeLooper-crrddjihwjtfkwegrjrymctnfixv/Build/Intermediates.noindex/KeyboardShortcuts.build/Debug/KeyboardShortcuts.build/Objects-normal/arm64/KeyboardShortcuts-Swift.h -o /Users/steipete/Library/Developer/Xcode/DerivedData/CodeLooper-crrddjihwjtfkwegrjrymctnfixv/Build/Intermediates.noindex/GeneratedModuleMaps/KeyboardShortcuts-Swift.h

Copy /Users/steipete/Library/Developer/Xcode/DerivedData/CodeLooper-crrddjihwjtfkwegrjrymctnfixv/Build/Products/Debug/KeyboardShortcuts.swiftmodule/arm64-apple-macos.swiftmodule /Users/steipete/Library/Developer/Xcode/DerivedData/CodeLooper-crrddjihwjtfkwegrjrymctnfixv/Build/Intermediates.noindex/KeyboardShortcuts.build/Debug/KeyboardShortcuts.build/Objects-normal/arm64/KeyboardShortcuts.swiftmodule (in target 'KeyboardShortcuts' from project 'KeyboardShortcuts')
    cd /Users/steipete/Library/Developer/Xcode/DerivedData/CodeLooper-crrddjihwjtfkwegrjrymctnfixv/SourcePackages/checkouts/KeyboardShortcuts
    builtin-copy -exclude .DS_Store -exclude CVS -exclude .svn -exclude .git -exclude .hg -resolve-src-symlinks -rename /Users/steipete/Library/Developer/Xcode/DerivedData/CodeLooper-crrddjihwjtfkwegrjrymctnfixv/Build/Intermediates.noindex/KeyboardShortcuts.build/Debug/KeyboardShortcuts.build/Objects-normal/arm64/KeyboardShortcuts.swiftmodule /Users/steipete/Library/Developer/Xcode/DerivedData/CodeLooper-crrddjihwjtfkwegrjrymctnfixv/Build/Products/Debug/KeyboardShortcuts.swiftmodule/arm64-apple-macos.swiftmodule

Copy /Users/steipete/Library/Developer/Xcode/DerivedData/CodeLooper-crrddjihwjtfkwegrjrymctnfixv/Build/Products/Debug/KeyboardShortcuts.swiftmodule/arm64-apple-macos.swiftdoc /Users/steipete/Library/Developer/Xcode/DerivedData/CodeLooper-crrddjihwjtfkwegrjrymctnfixv/Build/Intermediates.noindex/KeyboardShortcuts.build/Debug/KeyboardShortcuts.build/Objects-normal/arm64/KeyboardShortcuts.swiftdoc (in target 'KeyboardShortcuts' from project 'KeyboardShortcuts')
    cd /Users/steipete/Library/Developer/Xcode/DerivedData/CodeLooper-crrddjihwjtfkwegrjrymctnfixv/SourcePackages/checkouts/KeyboardShortcuts
    builtin-copy -exclude .DS_Store -exclude CVS -exclude .svn -exclude .git -exclude .hg -resolve-src-symlinks -rename /Users/steipete/Library/Developer/Xcode/DerivedData/CodeLooper-crrddjihwjtfkwegrjrymctnfixv/Build/Intermediates.noindex/KeyboardShortcuts.build/Debug/KeyboardShortcuts.build/Objects-normal/arm64/KeyboardShortcuts.swiftdoc /Users/steipete/Library/Developer/Xcode/DerivedData/CodeLooper-crrddjihwjtfkwegrjrymctnfixv/Build/Products/Debug/KeyboardShortcuts.swiftmodule/arm64-apple-macos.swiftdoc

Copy /Users/steipete/Library/Developer/Xcode/DerivedData/CodeLooper-crrddjihwjtfkwegrjrymctnfixv/Build/Products/Debug/KeyboardShortcuts.swiftmodule/arm64-apple-macos.abi.json /Users/steipete/Library/Developer/Xcode/DerivedData/CodeLooper-crrddjihwjtfkwegrjrymctnfixv/Build/Intermediates.noindex/KeyboardShortcuts.build/Debug/KeyboardShortcuts.build/Objects-normal/arm64/KeyboardShortcuts.abi.json (in target 'KeyboardShortcuts' from project 'KeyboardShortcuts')
    cd /Users/steipete/Library/Developer/Xcode/DerivedData/CodeLooper-crrddjihwjtfkwegrjrymctnfixv/SourcePackages/checkouts/KeyboardShortcuts
    builtin-copy -exclude .DS_Store -exclude CVS -exclude .svn -exclude .git -exclude .hg -resolve-src-symlinks -rename /Users/steipete/Library/Developer/Xcode/DerivedData/CodeLooper-crrddjihwjtfkwegrjrymctnfixv/Build/Intermediates.noindex/KeyboardShortcuts.build/Debug/KeyboardShortcuts.build/Objects-normal/arm64/KeyboardShortcuts.abi.json /Users/steipete/Library/Developer/Xcode/DerivedData/CodeLooper-crrddjihwjtfkwegrjrymctnfixv/Build/Products/Debug/KeyboardShortcuts.swiftmodule/arm64-apple-macos.abi.json

Copy /Users/steipete/Library/Developer/Xcode/DerivedData/CodeLooper-crrddjihwjtfkwegrjrymctnfixv/Build/Products/Debug/KeyboardShortcuts.swiftmodule/Project/arm64-apple-macos.swiftsourceinfo /Users/steipete/Library/Developer/Xcode/DerivedData/CodeLooper-crrddjihwjtfkwegrjrymctnfixv/Build/Intermediates.noindex/KeyboardShortcuts.build/Debug/KeyboardShortcuts.build/Objects-normal/arm64/KeyboardShortcuts.swiftsourceinfo (in target 'KeyboardShortcuts' from project 'KeyboardShortcuts')
    cd /Users/steipete/Library/Developer/Xcode/DerivedData/CodeLooper-crrddjihwjtfkwegrjrymctnfixv/SourcePackages/checkouts/KeyboardShortcuts
    builtin-copy -exclude .DS_Store -exclude CVS -exclude .svn -exclude .git -exclude .hg -resolve-src-symlinks -rename /Users/steipete/Library/Developer/Xcode/DerivedData/CodeLooper-crrddjihwjtfkwegrjrymctnfixv/Build/Intermediates.noindex/KeyboardShortcuts.build/Debug/KeyboardShortcuts.build/Objects-normal/arm64/KeyboardShortcuts.swiftsourceinfo /Users/steipete/Library/Developer/Xcode/DerivedData/CodeLooper-crrddjihwjtfkwegrjrymctnfixv/Build/Products/Debug/KeyboardShortcuts.swiftmodule/Project/arm64-apple-macos.swiftsourceinfo

SwiftDriverJobDiscovery normal arm64 Emitting module for Atomics (in target 'Atomics' from project 'swift-atomics')

SwiftDriver\ Compilation\ Requirements Atomics normal arm64 com.apple.xcode.tools.swift.compiler (in target 'Atomics' from project 'swift-atomics')
    cd /Users/steipete/Projects/CodeLooper
    builtin-Swift-Compilation-Requirements -- /Applications/Xcode-beta.app/Contents/Developer/Toolchains/XcodeDefault.xctoolchain/usr/bin/swiftc -module-name Atomics -Onone -enforce-exclusivity\=checked @/Users/steipete/Library/Developer/Xcode/DerivedData/CodeLooper-crrddjihwjtfkwegrjrymctnfixv/Build/Intermediates.noindex/swift-atomics.build/Debug/Atomics.build/Objects-normal/arm64/Atomics.SwiftFileList -DSWIFT_PACKAGE -DDEBUG -DSWIFT_MODULE_RESOURCE_BUNDLE_UNAVAILABLE -DXcode -enable-experimental-feature BuiltinModule -plugin-path /Applications/Xcode-beta.app/Contents/Developer/Toolchains/XcodeDefault.xctoolchain/usr/lib/swift/host/plugins/testing -enable-experimental-feature DebugDescriptionMacro -sdk /Applications/Xcode-beta.app/Contents/Developer/Platforms/MacOSX.platform/Developer/SDKs/MacOSX26.0.sdk -target arm64-apple-macos10.13 -g -module-cache-path /Users/steipete/Library/Developer/Xcode/DerivedData/ModuleCache.noindex -Xfrontend -serialize-debugging-options -profile-coverage-mapping -profile-generate -enable-testing -suppress-warnings -index-store-path /Users/steipete/Library/Developer/Xcode/DerivedData/CodeLooper-crrddjihwjtfkwegrjrymctnfixv/Index.noindex/DataStore -swift-version 5 -I /Users/steipete/Library/Developer/Xcode/DerivedData/CodeLooper-crrddjihwjtfkwegrjrymctnfixv/Build/Products/Debug -I /Applications/Xcode-beta.app/Contents/Developer/Platforms/MacOSX.platform/Developer/usr/lib -F /Users/steipete/Library/Developer/Xcode/DerivedData/CodeLooper-crrddjihwjtfkwegrjrymctnfixv/Build/Products/Debug/PackageFrameworks -F /Users/steipete/Library/Developer/Xcode/DerivedData/CodeLooper-crrddjihwjtfkwegrjrymctnfixv/Build/Products/Debug -F /Applications/Xcode-beta.app/Contents/Developer/Platforms/MacOSX.platform/Developer/Library/Frameworks -c -j16 -enable-batch-mode -incremental -Xcc -ivfsstatcache -Xcc /Users/steipete/Library/Developer/Xcode/DerivedData/SDKStatCaches.noindex/macosx26.0-25A5279m-5d9328ff1a6613a11d359de947506b52.sdkstatcache -output-file-map /Users/steipete/Library/Developer/Xcode/DerivedData/CodeLooper-crrddjihwjtfkwegrjrymctnfixv/Build/Intermediates.noindex/swift-atomics.build/Debug/Atomics.build/Objects-normal/arm64/Atomics-OutputFileMap.json -use-frontend-parseable-output -save-temps -no-color-diagnostics -explicit-module-build -module-cache-path /Users/steipete/Library/Developer/Xcode/DerivedData/CodeLooper-crrddjihwjtfkwegrjrymctnfixv/Build/Intermediates.noindex/SwiftExplicitPrecompiledModules -clang-scanner-module-cache-path /Users/steipete/Library/Developer/Xcode/DerivedData/ModuleCache.noindex -sdk-module-cache-path /Users/steipete/Library/Developer/Xcode/DerivedData/ModuleCache.noindex -serialize-diagnostics -emit-dependencies -emit-module -emit-module-path /Users/steipete/Library/Developer/Xcode/DerivedData/CodeLooper-crrddjihwjtfkwegrjrymctnfixv/Build/Intermediates.noindex/swift-atomics.build/Debug/Atomics.build/Objects-normal/arm64/Atomics.swiftmodule -validate-clang-modules-once -clang-build-session-file /Users/steipete/Library/Developer/Xcode/DerivedData/ModuleCache.noindex/Session.modulevalidation -package-name swift_atomics -Xcc -I/Users/steipete/Library/Developer/Xcode/DerivedData/CodeLooper-crrddjihwjtfkwegrjrymctnfixv/Build/Intermediates.noindex/swift-atomics.build/Debug/Atomics.build/swift-overrides.hmap -emit-const-values -Xfrontend -const-gather-protocols-file -Xfrontend /Users/steipete/Library/Developer/Xcode/DerivedData/CodeLooper-crrddjihwjtfkwegrjrymctnfixv/Build/Intermediates.noindex/swift-atomics.build/Debug/Atomics.build/Objects-normal/arm64/Atomics_const_extract_protocols.json -Xcc -I/Users/steipete/Library/Developer/Xcode/DerivedData/CodeLooper-crrddjihwjtfkwegrjrymctnfixv/SourcePackages/checkouts/swift-atomics/Sources/_AtomicsShims/include -Xcc -I/Users/steipete/Library/Developer/Xcode/DerivedData/CodeLooper-crrddjihwjtfkwegrjrymctnfixv/Build/Products/Debug/include -Xcc -I/Users/steipete/Library/Developer/Xcode/DerivedData/CodeLooper-crrddjihwjtfkwegrjrymctnfixv/Build/Intermediates.noindex/swift-atomics.build/Debug/Atomics.build/DerivedSources-normal/arm64 -Xcc -I/Users/steipete/Library/Developer/Xcode/DerivedData/CodeLooper-crrddjihwjtfkwegrjrymctnfixv/Build/Intermediates.noindex/swift-atomics.build/Debug/Atomics.build/DerivedSources/arm64 -Xcc -I/Users/steipete/Library/Developer/Xcode/DerivedData/CodeLooper-crrddjihwjtfkwegrjrymctnfixv/Build/Intermediates.noindex/swift-atomics.build/Debug/Atomics.build/DerivedSources -Xcc -DSWIFT_PACKAGE -Xcc -DDEBUG\=1 -emit-objc-header -emit-objc-header-path /Users/steipete/Library/Developer/Xcode/DerivedData/CodeLooper-crrddjihwjtfkwegrjrymctnfixv/Build/Intermediates.noindex/swift-atomics.build/Debug/Atomics.build/Objects-normal/arm64/Atomics-Swift.h -working-directory /Users/steipete/Projects/CodeLooper -experimental-emit-module-separately -disable-cmo

SwiftCompile normal arm64 Compiling\ List.swift,\ ListCell.swift,\ ListWithBorderedStyle.swift,\ ListWithGroupedStyle.swift /Users/steipete/Library/Developer/Xcode/DerivedData/CodeLooper-crrddjihwjtfkwegrjrymctnfixv/SourcePackages/checkouts/SwiftUI-Introspect/Sources/ViewTypes/List.swift /Users/steipete/Library/Developer/Xcode/DerivedData/CodeLooper-crrddjihwjtfkwegrjrymctnfixv/SourcePackages/checkouts/SwiftUI-Introspect/Sources/ViewTypes/ListCell.swift /Users/steipete/Library/Developer/Xcode/DerivedData/CodeLooper-crrddjihwjtfkwegrjrymctnfixv/SourcePackages/checkouts/SwiftUI-Introspect/Sources/ViewTypes/ListWithBorderedStyle.swift /Users/steipete/Library/Developer/Xcode/DerivedData/CodeLooper-crrddjihwjtfkwegrjrymctnfixv/SourcePackages/checkouts/SwiftUI-Introspect/Sources/ViewTypes/ListWithGroupedStyle.swift (in target 'SwiftUIIntrospect' from project 'swiftui-introspect')
SwiftCompile normal arm64 /Users/steipete/Library/Developer/Xcode/DerivedData/CodeLooper-crrddjihwjtfkwegrjrymctnfixv/SourcePackages/checkouts/SwiftUI-Introspect/Sources/ViewTypes/List.swift (in target 'SwiftUIIntrospect' from project 'swiftui-introspect')
    cd /Users/steipete/Projects/CodeLooper
    

SwiftCompile normal arm64 /Users/steipete/Library/Developer/Xcode/DerivedData/CodeLooper-crrddjihwjtfkwegrjrymctnfixv/SourcePackages/checkouts/SwiftUI-Introspect/Sources/ViewTypes/ListCell.swift (in target 'SwiftUIIntrospect' from project 'swiftui-introspect')
    cd /Users/steipete/Projects/CodeLooper
    

SwiftCompile normal arm64 /Users/steipete/Library/Developer/Xcode/DerivedData/CodeLooper-crrddjihwjtfkwegrjrymctnfixv/SourcePackages/checkouts/SwiftUI-Introspect/Sources/ViewTypes/ListWithBorderedStyle.swift (in target 'SwiftUIIntrospect' from project 'swiftui-introspect')
    cd /Users/steipete/Projects/CodeLooper
    

SwiftCompile normal arm64 /Users/steipete/Library/Developer/Xcode/DerivedData/CodeLooper-crrddjihwjtfkwegrjrymctnfixv/SourcePackages/checkouts/SwiftUI-Introspect/Sources/ViewTypes/ListWithGroupedStyle.swift (in target 'SwiftUIIntrospect' from project 'swiftui-introspect')
    cd /Users/steipete/Projects/CodeLooper
    

SwiftMergeGeneratedHeaders /Users/steipete/Library/Developer/Xcode/DerivedData/CodeLooper-crrddjihwjtfkwegrjrymctnfixv/Build/Intermediates.noindex/GeneratedModuleMaps/Atomics-Swift.h /Users/steipete/Library/Developer/Xcode/DerivedData/CodeLooper-crrddjihwjtfkwegrjrymctnfixv/Build/Intermediates.noindex/swift-atomics.build/Debug/Atomics.build/Objects-normal/arm64/Atomics-Swift.h (in target 'Atomics' from project 'swift-atomics')
    cd /Users/steipete/Library/Developer/Xcode/DerivedData/CodeLooper-crrddjihwjtfkwegrjrymctnfixv/SourcePackages/checkouts/swift-atomics
    builtin-swiftHeaderTool -arch arm64 /Users/steipete/Library/Developer/Xcode/DerivedData/CodeLooper-crrddjihwjtfkwegrjrymctnfixv/Build/Intermediates.noindex/swift-atomics.build/Debug/Atomics.build/Objects-normal/arm64/Atomics-Swift.h -o /Users/steipete/Library/Developer/Xcode/DerivedData/CodeLooper-crrddjihwjtfkwegrjrymctnfixv/Build/Intermediates.noindex/GeneratedModuleMaps/Atomics-Swift.h

Copy /Users/steipete/Library/Developer/Xcode/DerivedData/CodeLooper-crrddjihwjtfkwegrjrymctnfixv/Build/Products/Debug/Atomics.swiftmodule/arm64-apple-macos.swiftmodule /Users/steipete/Library/Developer/Xcode/DerivedData/CodeLooper-crrddjihwjtfkwegrjrymctnfixv/Build/Intermediates.noindex/swift-atomics.build/Debug/Atomics.build/Objects-normal/arm64/Atomics.swiftmodule (in target 'Atomics' from project 'swift-atomics')
    cd /Users/steipete/Library/Developer/Xcode/DerivedData/CodeLooper-crrddjihwjtfkwegrjrymctnfixv/SourcePackages/checkouts/swift-atomics
    builtin-copy -exclude .DS_Store -exclude CVS -exclude .svn -exclude .git -exclude .hg -resolve-src-symlinks -rename /Users/steipete/Library/Developer/Xcode/DerivedData/CodeLooper-crrddjihwjtfkwegrjrymctnfixv/Build/Intermediates.noindex/swift-atomics.build/Debug/Atomics.build/Objects-normal/arm64/Atomics.swiftmodule /Users/steipete/Library/Developer/Xcode/DerivedData/CodeLooper-crrddjihwjtfkwegrjrymctnfixv/Build/Products/Debug/Atomics.swiftmodule/arm64-apple-macos.swiftmodule

Copy /Users/steipete/Library/Developer/Xcode/DerivedData/CodeLooper-crrddjihwjtfkwegrjrymctnfixv/Build/Products/Debug/Atomics.swiftmodule/arm64-apple-macos.swiftdoc /Users/steipete/Library/Developer/Xcode/DerivedData/CodeLooper-crrddjihwjtfkwegrjrymctnfixv/Build/Intermediates.noindex/swift-atomics.build/Debug/Atomics.build/Objects-normal/arm64/Atomics.swiftdoc (in target 'Atomics' from project 'swift-atomics')
    cd /Users/steipete/Library/Developer/Xcode/DerivedData/CodeLooper-crrddjihwjtfkwegrjrymctnfixv/SourcePackages/checkouts/swift-atomics
    builtin-copy -exclude .DS_Store -exclude CVS -exclude .svn -exclude .git -exclude .hg -resolve-src-symlinks -rename /Users/steipete/Library/Developer/Xcode/DerivedData/CodeLooper-crrddjihwjtfkwegrjrymctnfixv/Build/Intermediates.noindex/swift-atomics.build/Debug/Atomics.build/Objects-normal/arm64/Atomics.swiftdoc /Users/steipete/Library/Developer/Xcode/DerivedData/CodeLooper-crrddjihwjtfkwegrjrymctnfixv/Build/Products/Debug/Atomics.swiftmodule/arm64-apple-macos.swiftdoc

Copy /Users/steipete/Library/Developer/Xcode/DerivedData/CodeLooper-crrddjihwjtfkwegrjrymctnfixv/Build/Products/Debug/Atomics.swiftmodule/arm64-apple-macos.abi.json /Users/steipete/Library/Developer/Xcode/DerivedData/CodeLooper-crrddjihwjtfkwegrjrymctnfixv/Build/Intermediates.noindex/swift-atomics.build/Debug/Atomics.build/Objects-normal/arm64/Atomics.abi.json (in target 'Atomics' from project 'swift-atomics')
    cd /Users/steipete/Library/Developer/Xcode/DerivedData/CodeLooper-crrddjihwjtfkwegrjrymctnfixv/SourcePackages/checkouts/swift-atomics
    builtin-copy -exclude .DS_Store -exclude CVS -exclude .svn -exclude .git -exclude .hg -resolve-src-symlinks -rename /Users/steipete/Library/Developer/Xcode/DerivedData/CodeLooper-crrddjihwjtfkwegrjrymctnfixv/Build/Intermediates.noindex/swift-atomics.build/Debug/Atomics.build/Objects-normal/arm64/Atomics.abi.json /Users/steipete/Library/Developer/Xcode/DerivedData/CodeLooper-crrddjihwjtfkwegrjrymctnfixv/Build/Products/Debug/Atomics.swiftmodule/arm64-apple-macos.abi.json

Copy /Users/steipete/Library/Developer/Xcode/DerivedData/CodeLooper-crrddjihwjtfkwegrjrymctnfixv/Build/Products/Debug/Atomics.swiftmodule/Project/arm64-apple-macos.swiftsourceinfo /Users/steipete/Library/Developer/Xcode/DerivedData/CodeLooper-crrddjihwjtfkwegrjrymctnfixv/Build/Intermediates.noindex/swift-atomics.build/Debug/Atomics.build/Objects-normal/arm64/Atomics.swiftsourceinfo (in target 'Atomics' from project 'swift-atomics')
    cd /Users/steipete/Library/Developer/Xcode/DerivedData/CodeLooper-crrddjihwjtfkwegrjrymctnfixv/SourcePackages/checkouts/swift-atomics
    builtin-copy -exclude .DS_Store -exclude CVS -exclude .svn -exclude .git -exclude .hg -resolve-src-symlinks -rename /Users/steipete/Library/Developer/Xcode/DerivedData/CodeLooper-crrddjihwjtfkwegrjrymctnfixv/Build/Intermediates.noindex/swift-atomics.build/Debug/Atomics.build/Objects-normal/arm64/Atomics.swiftsourceinfo /Users/steipete/Library/Developer/Xcode/DerivedData/CodeLooper-crrddjihwjtfkwegrjrymctnfixv/Build/Products/Debug/Atomics.swiftmodule/Project/arm64-apple-macos.swiftsourceinfo

SwiftDriver\ Compilation ServiceContextModule normal arm64 com.apple.xcode.tools.swift.compiler (in target 'ServiceContextModule' from project 'swift-service-context')
    cd /Users/steipete/Projects/CodeLooper
    builtin-Swift-Compilation -- /Applications/Xcode-beta.app/Contents/Developer/Toolchains/XcodeDefault.xctoolchain/usr/bin/swiftc -module-name ServiceContextModule -Onone -enforce-exclusivity\=checked @/Users/steipete/Library/Developer/Xcode/DerivedData/CodeLooper-crrddjihwjtfkwegrjrymctnfixv/Build/Intermediates.noindex/swift-service-context.build/Debug/ServiceContextModule.build/Objects-normal/arm64/ServiceContextModule.SwiftFileList -DSWIFT_PACKAGE -DDEBUG -DSWIFT_MODULE_RESOURCE_BUNDLE_UNAVAILABLE -DXcode -enable-experimental-feature StrictConcurrency\=complete -plugin-path /Applications/Xcode-beta.app/Contents/Developer/Toolchains/XcodeDefault.xctoolchain/usr/lib/swift/host/plugins/testing -enable-experimental-feature DebugDescriptionMacro -sdk /Applications/Xcode-beta.app/Contents/Developer/Platforms/MacOSX.platform/Developer/SDKs/MacOSX26.0.sdk -target arm64-apple-macos10.13 -g -module-cache-path /Users/steipete/Library/Developer/Xcode/DerivedData/ModuleCache.noindex -Xfrontend -serialize-debugging-options -profile-coverage-mapping -profile-generate -enable-testing -suppress-warnings -index-store-path /Users/steipete/Library/Developer/Xcode/DerivedData/CodeLooper-crrddjihwjtfkwegrjrymctnfixv/Index.noindex/DataStore -swift-version 5 -I /Users/steipete/Library/Developer/Xcode/DerivedData/CodeLooper-crrddjihwjtfkwegrjrymctnfixv/Build/Products/Debug -I /Applications/Xcode-beta.app/Contents/Developer/Platforms/MacOSX.platform/Developer/usr/lib -F /Users/steipete/Library/Developer/Xcode/DerivedData/CodeLooper-crrddjihwjtfkwegrjrymctnfixv/Build/Products/Debug -F /Applications/Xcode-beta.app/Contents/Developer/Platforms/MacOSX.platform/Developer/Library/Frameworks -c -j16 -enable-batch-mode -incremental -Xcc -ivfsstatcache -Xcc /Users/steipete/Library/Developer/Xcode/DerivedData/SDKStatCaches.noindex/macosx26.0-25A5279m-5d9328ff1a6613a11d359de947506b52.sdkstatcache -output-file-map /Users/steipete/Library/Developer/Xcode/DerivedData/CodeLooper-crrddjihwjtfkwegrjrymctnfixv/Build/Intermediates.noindex/swift-service-context.build/Debug/ServiceContextModule.build/Objects-normal/arm64/ServiceContextModule-OutputFileMap.json -use-frontend-parseable-output -save-temps -no-color-diagnostics -explicit-module-build -module-cache-path /Users/steipete/Library/Developer/Xcode/DerivedData/CodeLooper-crrddjihwjtfkwegrjrymctnfixv/Build/Intermediates.noindex/SwiftExplicitPrecompiledModules -clang-scanner-module-cache-path /Users/steipete/Library/Developer/Xcode/DerivedData/ModuleCache.noindex -sdk-module-cache-path /Users/steipete/Library/Developer/Xcode/DerivedData/ModuleCache.noindex -serialize-diagnostics -emit-dependencies -emit-module -emit-module-path /Users/steipete/Library/Developer/Xcode/DerivedData/CodeLooper-crrddjihwjtfkwegrjrymctnfixv/Build/Intermediates.noindex/swift-service-context.build/Debug/ServiceContextModule.build/Objects-normal/arm64/ServiceContextModule.swiftmodule -validate-clang-modules-once -clang-build-session-file /Users/steipete/Library/Developer/Xcode/DerivedData/ModuleCache.noindex/Session.modulevalidation -package-name swift_service_context -Xcc -I/Users/steipete/Library/Developer/Xcode/DerivedData/CodeLooper-crrddjihwjtfkwegrjrymctnfixv/Build/Intermediates.noindex/swift-service-context.build/Debug/ServiceContextModule.build/swift-overrides.hmap -emit-const-values -Xfrontend -const-gather-protocols-file -Xfrontend /Users/steipete/Library/Developer/Xcode/DerivedData/CodeLooper-crrddjihwjtfkwegrjrymctnfixv/Build/Intermediates.noindex/swift-service-context.build/Debug/ServiceContextModule.build/Objects-normal/arm64/ServiceContextModule_const_extract_protocols.json -Xcc -I/Users/steipete/Library/Developer/Xcode/DerivedData/CodeLooper-crrddjihwjtfkwegrjrymctnfixv/Build/Products/Debug/include -Xcc -I/Users/steipete/Library/Developer/Xcode/DerivedData/CodeLooper-crrddjihwjtfkwegrjrymctnfixv/Build/Intermediates.noindex/swift-service-context.build/Debug/ServiceContextModule.build/DerivedSources-normal/arm64 -Xcc -I/Users/steipete/Library/Developer/Xcode/DerivedData/CodeLooper-crrddjihwjtfkwegrjrymctnfixv/Build/Intermediates.noindex/swift-service-context.build/Debug/ServiceContextModule.build/DerivedSources/arm64 -Xcc -I/Users/steipete/Library/Developer/Xcode/DerivedData/CodeLooper-crrddjihwjtfkwegrjrymctnfixv/Build/Intermediates.noindex/swift-service-context.build/Debug/ServiceContextModule.build/DerivedSources -Xcc -DSWIFT_PACKAGE -Xcc -DDEBUG\=1 -emit-objc-header -emit-objc-header-path /Users/steipete/Library/Developer/Xcode/DerivedData/CodeLooper-crrddjihwjtfkwegrjrymctnfixv/Build/Intermediates.noindex/swift-service-context.build/Debug/ServiceContextModule.build/Objects-normal/arm64/ServiceContextModule-Swift.h -working-directory /Users/steipete/Projects/CodeLooper -experimental-emit-module-separately -disable-cmo

SwiftDriverJobDiscovery normal arm64 Compiling PlatformVersion.swift, PlatformView.swift, PlatformViewVersion.swift, RuntimeWarnings.swift (in target 'SwiftUIIntrospect' from project 'swiftui-introspect')

SwiftCompile normal arm64 Compiling\ Model.swift /Users/steipete/Projects/ollama-swift/Sources/Ollama/Model.swift (in target 'Ollama' from project 'Ollama')

SwiftCompile normal arm64 /Users/steipete/Projects/ollama-swift/Sources/Ollama/Model.swift (in target 'Ollama' from project 'Ollama')
    cd /Users/steipete/Projects/CodeLooper
    

SwiftCompile normal arm64 Compiling\ Client.swift /Users/steipete/Projects/ollama-swift/Sources/Ollama/Client.swift (in target 'Ollama' from project 'Ollama')
SwiftCompile normal arm64 /Users/steipete/Projects/ollama-swift/Sources/Ollama/Client.swift (in target 'Ollama' from project 'Ollama')
    cd /Users/steipete/Projects/CodeLooper
    

SwiftCompile normal arm64 Compiling\ KeepAlive.swift /Users/steipete/Projects/ollama-swift/Sources/Ollama/KeepAlive.swift (in target 'Ollama' from project 'Ollama')

SwiftCompile normal arm64 /Users/steipete/Projects/ollama-swift/Sources/Ollama/KeepAlive.swift (in target 'Ollama' from project 'Ollama')
    cd /Users/steipete/Projects/CodeLooper
    

SwiftDriverJobDiscovery normal arm64 Compiling DatePickerWithCompactStyle.swift, DatePickerWithFieldStyle.swift, DatePickerWithGraphicalStyle.swift, DatePickerWithStepperFieldStyle.swift (in target 'SwiftUIIntrospect' from project 'swiftui-introspect')

SwiftDriverJobDiscovery normal arm64 Compiling NavigationSplitView.swift, NavigationStack.swift, NavigationViewWithColumnsStyle.swift, NavigationViewWithStackStyle.swift (in target 'SwiftUIIntrospect' from project 'swiftui-introspect')

SwiftCompile normal arm64 Compiling\ JSONDecoder+Extensions.swift /Users/steipete/Projects/ollama-swift/Sources/Ollama/Extensions/JSONDecoder+Extensions.swift (in target 'Ollama' from project 'Ollama')

SwiftCompile normal arm64 /Users/steipete/Projects/ollama-swift/Sources/Ollama/Extensions/JSONDecoder+Extensions.swift (in target 'Ollama' from project 'Ollama')
    cd /Users/steipete/Projects/CodeLooper
    

SwiftCompile normal arm64 Compiling\ Embeddings.swift /Users/steipete/Projects/ollama-swift/Sources/Ollama/Embeddings.swift (in target 'Ollama' from project 'Ollama')

SwiftCompile normal arm64 /Users/steipete/Projects/ollama-swift/Sources/Ollama/Embeddings.swift (in target 'Ollama' from project 'Ollama')
    cd /Users/steipete/Projects/CodeLooper
    

SwiftDriverJobDiscovery normal arm64 Compiling PageControl.swift, PickerWithMenuStyle.swift, PickerWithSegmentedStyle.swift, PickerWithWheelStyle.swift (in target 'SwiftUIIntrospect' from project 'swiftui-introspect')

SwiftCompile normal arm64 Compiling\ lock.swift /Users/steipete/Library/Developer/Xcode/DerivedData/CodeLooper-crrddjihwjtfkwegrjrymctnfixv/SourcePackages/checkouts/swift-nio/Sources/NIOConcurrencyHelpers/lock.swift (in target 'NIOConcurrencyHelpers' from project 'swift-nio')

SwiftCompile normal arm64 /Users/steipete/Library/Developer/Xcode/DerivedData/CodeLooper-crrddjihwjtfkwegrjrymctnfixv/SourcePackages/checkouts/swift-nio/Sources/NIOConcurrencyHelpers/lock.swift (in target 'NIOConcurrencyHelpers' from project 'swift-nio')
    cd /Users/steipete/Projects/CodeLooper
    

SwiftDriverJobDiscovery normal arm64 Compiling ToggleWithSwitchStyle.swift, VideoPlayer.swift, View.swift (in target 'SwiftUIIntrospect' from project 'swiftui-introspect')

SwiftDriverJobDiscovery normal arm64 Compiling ListWithInsetGroupedStyle.swift, ListWithInsetStyle.swift, ListWithSidebarStyle.swift, Map.swift (in target 'SwiftUIIntrospect' from project 'swiftui-introspect')

SwiftCompile normal arm64 Compiling\ NIOLockedValueBox.swift /Users/steipete/Library/Developer/Xcode/DerivedData/CodeLooper-crrddjihwjtfkwegrjrymctnfixv/SourcePackages/checkouts/swift-nio/Sources/NIOConcurrencyHelpers/NIOLockedValueBox.swift (in target 'NIOConcurrencyHelpers' from project 'swift-nio')

SwiftCompile normal arm64 /Users/steipete/Library/Developer/Xcode/DerivedData/CodeLooper-crrddjihwjtfkwegrjrymctnfixv/SourcePackages/checkouts/swift-nio/Sources/NIOConcurrencyHelpers/NIOLockedValueBox.swift (in target 'NIOConcurrencyHelpers' from project 'swift-nio')
    cd /Users/steipete/Projects/CodeLooper
    

SwiftCompile normal arm64 Compiling\ NIOLock.swift /Users/steipete/Library/Developer/Xcode/DerivedData/CodeLooper-crrddjihwjtfkwegrjrymctnfixv/SourcePackages/checkouts/swift-nio/Sources/NIOConcurrencyHelpers/NIOLock.swift (in target 'NIOConcurrencyHelpers' from project 'swift-nio')

SwiftCompile normal arm64 /Users/steipete/Library/Developer/Xcode/DerivedData/CodeLooper-crrddjihwjtfkwegrjrymctnfixv/SourcePackages/checkouts/swift-nio/Sources/NIOConcurrencyHelpers/NIOLock.swift (in target 'NIOConcurrencyHelpers' from project 'swift-nio')
    cd /Users/steipete/Projects/CodeLooper
    

SwiftDriverJobDiscovery normal arm64 Compiling Data+Extensions.swift (in target 'Ollama' from project 'Ollama')

SwiftCompile normal arm64 Compiling\ NIOAtomic.swift /Users/steipete/Library/Developer/Xcode/DerivedData/CodeLooper-crrddjihwjtfkwegrjrymctnfixv/SourcePackages/checkouts/swift-nio/Sources/NIOConcurrencyHelpers/NIOAtomic.swift (in target 'NIOConcurrencyHelpers' from project 'swift-nio')

SwiftCompile normal arm64 /Users/steipete/Library/Developer/Xcode/DerivedData/CodeLooper-crrddjihwjtfkwegrjrymctnfixv/SourcePackages/checkouts/swift-nio/Sources/NIOConcurrencyHelpers/NIOAtomic.swift (in target 'NIOConcurrencyHelpers' from project 'swift-nio')
    cd /Users/steipete/Projects/CodeLooper
    

SwiftDriverJobDiscovery normal arm64 Compiling Utils.swift, Button.swift, ColorPicker.swift, DatePicker.swift (in target 'SwiftUIIntrospect' from project 'swiftui-introspect')

SwiftDriverJobDiscovery normal arm64 Compiling Introspect.swift, IntrospectableViewType.swift, IntrospectionSelector.swift, IntrospectionView.swift (in target 'SwiftUIIntrospect' from project 'swiftui-introspect')

SwiftCompile normal arm64 Compiling\ atomics.swift /Users/steipete/Library/Developer/Xcode/DerivedData/CodeLooper-crrddjihwjtfkwegrjrymctnfixv/SourcePackages/checkouts/swift-nio/Sources/NIOConcurrencyHelpers/atomics.swift (in target 'NIOConcurrencyHelpers' from project 'swift-nio')

SwiftCompile normal arm64 /Users/steipete/Library/Developer/Xcode/DerivedData/CodeLooper-crrddjihwjtfkwegrjrymctnfixv/SourcePackages/checkouts/swift-nio/Sources/NIOConcurrencyHelpers/atomics.swift (in target 'NIOConcurrencyHelpers' from project 'swift-nio')
    cd /Users/steipete/Projects/CodeLooper
    

SwiftCompile normal arm64 Compiling\ MenuBarExtraUtils.swift /Users/steipete/Library/Developer/Xcode/DerivedData/CodeLooper-crrddjihwjtfkwegrjrymctnfixv/SourcePackages/checkouts/MenuBarExtraAccess/Sources/MenuBarExtraAccess/MenuBarExtraUtils/MenuBarExtraUtils.swift (in target 'MenuBarExtraAccess' from project 'MenuBarExtraAccess')

SwiftCompile normal arm64 /Users/steipete/Library/Developer/Xcode/DerivedData/CodeLooper-crrddjihwjtfkwegrjrymctnfixv/SourcePackages/checkouts/MenuBarExtraAccess/Sources/MenuBarExtraAccess/MenuBarExtraUtils/MenuBarExtraUtils.swift (in target 'MenuBarExtraAccess' from project 'MenuBarExtraAccess')
    cd /Users/steipete/Projects/CodeLooper
    

SwiftDriverJobDiscovery normal arm64 Compiling KeepAlive.swift (in target 'Ollama' from project 'Ollama')

SwiftCompile normal arm64 Compiling\ NSControl\ Extensions.swift /Users/steipete/Library/Developer/Xcode/DerivedData/CodeLooper-crrddjihwjtfkwegrjrymctnfixv/SourcePackages/checkouts/MenuBarExtraAccess/Sources/MenuBarExtraAccess/NSControl\ Extensions.swift (in target 'MenuBarExtraAccess' from project 'MenuBarExtraAccess')

SwiftCompile normal arm64 /Users/steipete/Library/Developer/Xcode/DerivedData/CodeLooper-crrddjihwjtfkwegrjrymctnfixv/SourcePackages/checkouts/MenuBarExtraAccess/Sources/MenuBarExtraAccess/NSControl\ Extensions.swift (in target 'MenuBarExtraAccess' from project 'MenuBarExtraAccess')
    cd /Users/steipete/Projects/CodeLooper
    

SwiftDriverJobDiscovery normal arm64 Compiling SearchField.swift, SecureField.swift, Sheet.swift, SignInWithAppleButton.swift (in target 'SwiftUIIntrospect' from project 'swiftui-introspect')

SwiftCompile normal arm64 Compiling\ NSStatusItem\ Extensions.swift /Users/steipete/Library/Developer/Xcode/DerivedData/CodeLooper-crrddjihwjtfkwegrjrymctnfixv/SourcePackages/checkouts/MenuBarExtraAccess/Sources/MenuBarExtraAccess/NSStatusItem\ Extensions.swift (in target 'MenuBarExtraAccess' from project 'MenuBarExtraAccess')

SwiftCompile normal arm64 /Users/steipete/Library/Developer/Xcode/DerivedData/CodeLooper-crrddjihwjtfkwegrjrymctnfixv/SourcePackages/checkouts/MenuBarExtraAccess/Sources/MenuBarExtraAccess/NSStatusItem\ Extensions.swift (in target 'MenuBarExtraAccess' from project 'MenuBarExtraAccess')
    cd /Users/steipete/Projects/CodeLooper
    

SwiftDriverJobDiscovery normal arm64 Compiling NIOLockedValueBox.swift (in target 'NIOConcurrencyHelpers' from project 'swift-nio')

SwiftCompile normal arm64 Compiling\ MenuBarExtra\ Window\ Introspection.swift /Users/steipete/Library/Developer/Xcode/DerivedData/CodeLooper-crrddjihwjtfkwegrjrymctnfixv/SourcePackages/checkouts/MenuBarExtraAccess/Sources/MenuBarExtraAccess/MenuBarExtra\ Window\ Introspection.swift (in target 'MenuBarExtraAccess' from project 'MenuBarExtraAccess')

SwiftCompile normal arm64 /Users/steipete/Library/Developer/Xcode/DerivedData/CodeLooper-crrddjihwjtfkwegrjrymctnfixv/SourcePackages/checkouts/MenuBarExtraAccess/Sources/MenuBarExtraAccess/MenuBarExtra\ Window\ Introspection.swift (in target 'MenuBarExtraAccess' from project 'MenuBarExtraAccess')
    cd /Users/steipete/Projects/CodeLooper
    

SwiftCompile normal arm64 Compiling\ NSEvent\ Extensions.swift /Users/steipete/Library/Developer/Xcode/DerivedData/CodeLooper-crrddjihwjtfkwegrjrymctnfixv/SourcePackages/checkouts/MenuBarExtraAccess/Sources/MenuBarExtraAccess/NSEvent\ Extensions.swift (in target 'MenuBarExtraAccess' from project 'MenuBarExtraAccess')

SwiftCompile normal arm64 /Users/steipete/Library/Developer/Xcode/DerivedData/CodeLooper-crrddjihwjtfkwegrjrymctnfixv/SourcePackages/checkouts/MenuBarExtraAccess/Sources/MenuBarExtraAccess/NSEvent\ Extensions.swift (in target 'MenuBarExtraAccess' from project 'MenuBarExtraAccess')
    cd /Users/steipete/Projects/CodeLooper
    

SwiftDriverJobDiscovery normal arm64 Compiling Slider.swift, Stepper.swift, TabView.swift, TabViewWithPageStyle.swift (in target 'SwiftUIIntrospect' from project 'swiftui-introspect')

SwiftCompile normal arm64 Compiling\ MenuBarExtraAccess.swift /Users/steipete/Library/Developer/Xcode/DerivedData/CodeLooper-crrddjihwjtfkwegrjrymctnfixv/SourcePackages/checkouts/MenuBarExtraAccess/Sources/MenuBarExtraAccess/MenuBarExtraAccess.swift (in target 'MenuBarExtraAccess' from project 'MenuBarExtraAccess')

SwiftCompile normal arm64 /Users/steipete/Library/Developer/Xcode/DerivedData/CodeLooper-crrddjihwjtfkwegrjrymctnfixv/SourcePackages/checkouts/MenuBarExtraAccess/Sources/MenuBarExtraAccess/MenuBarExtraAccess.swift (in target 'MenuBarExtraAccess' from project 'MenuBarExtraAccess')
    cd /Users/steipete/Projects/CodeLooper
    

SwiftDriverJobDiscovery normal arm64 Compiling DatePickerWithWheelStyle.swift, Form.swift, FormWithGroupedStyle.swift, FullScreenCover.swift (in target 'SwiftUIIntrospect' from project 'swiftui-introspect')

SwiftCompile normal arm64 Compiling\ NSWindow\ Extensions.swift /Users/steipete/Library/Developer/Xcode/DerivedData/CodeLooper-crrddjihwjtfkwegrjrymctnfixv/SourcePackages/checkouts/MenuBarExtraAccess/Sources/MenuBarExtraAccess/NSWindow\ Extensions.swift (in target 'MenuBarExtraAccess' from project 'MenuBarExtraAccess')

SwiftCompile normal arm64 /Users/steipete/Library/Developer/Xcode/DerivedData/CodeLooper-crrddjihwjtfkwegrjrymctnfixv/SourcePackages/checkouts/MenuBarExtraAccess/Sources/MenuBarExtraAccess/NSWindow\ Extensions.swift (in target 'MenuBarExtraAccess' from project 'MenuBarExtraAccess')
    cd /Users/steipete/Projects/CodeLooper
    

SwiftDriverJobDiscovery normal arm64 Compiling Embeddings.swift (in target 'Ollama' from project 'Ollama')

SwiftCompile normal arm64 Compiling\ Utilities.swift /Users/steipete/Library/Developer/Xcode/DerivedData/CodeLooper-crrddjihwjtfkwegrjrymctnfixv/SourcePackages/checkouts/MenuBarExtraAccess/Sources/MenuBarExtraAccess/Utilities.swift (in target 'MenuBarExtraAccess' from project 'MenuBarExtraAccess')

SwiftCompile normal arm64 /Users/steipete/Library/Developer/Xcode/DerivedData/CodeLooper-crrddjihwjtfkwegrjrymctnfixv/SourcePackages/checkouts/MenuBarExtraAccess/Sources/MenuBarExtraAccess/Utilities.swift (in target 'MenuBarExtraAccess' from project 'MenuBarExtraAccess')
    cd /Users/steipete/Projects/CodeLooper
    

SwiftDriverJobDiscovery normal arm64 Compiling JSONDecoder+Extensions.swift (in target 'Ollama' from project 'Ollama')

SwiftCompile normal arm64 Compiling\ Unused\ Code.swift /Users/steipete/Library/Developer/Xcode/DerivedData/CodeLooper-crrddjihwjtfkwegrjrymctnfixv/SourcePackages/checkouts/MenuBarExtraAccess/Sources/MenuBarExtraAccess/Unused/Unused\ Code.swift (in target 'MenuBarExtraAccess' from project 'MenuBarExtraAccess')

SwiftCompile normal arm64 /Users/steipete/Library/Developer/Xcode/DerivedData/CodeLooper-crrddjihwjtfkwegrjrymctnfixv/SourcePackages/checkouts/MenuBarExtraAccess/Sources/MenuBarExtraAccess/Unused/Unused\ Code.swift (in target 'MenuBarExtraAccess' from project 'MenuBarExtraAccess')
    cd /Users/steipete/Projects/CodeLooper
    

SwiftDriverJobDiscovery normal arm64 Compiling Model.swift (in target 'Ollama' from project 'Ollama')

SwiftCompile normal arm64 Compiling\ StatusItemIdentity.swift /Users/steipete/Library/Developer/Xcode/DerivedData/CodeLooper-crrddjihwjtfkwegrjrymctnfixv/SourcePackages/checkouts/MenuBarExtraAccess/Sources/MenuBarExtraAccess/MenuBarExtraUtils/StatusItemIdentity.swift (in target 'MenuBarExtraAccess' from project 'MenuBarExtraAccess')

SwiftCompile normal arm64 /Users/steipete/Library/Developer/Xcode/DerivedData/CodeLooper-crrddjihwjtfkwegrjrymctnfixv/SourcePackages/checkouts/MenuBarExtraAccess/Sources/MenuBarExtraAccess/MenuBarExtraUtils/StatusItemIdentity.swift (in target 'MenuBarExtraAccess' from project 'MenuBarExtraAccess')
    cd /Users/steipete/Projects/CodeLooper
    

SwiftDriverJobDiscovery normal arm64 Compiling NIOLock.swift (in target 'NIOConcurrencyHelpers' from project 'swift-nio')

Ld /Users/steipete/Library/Developer/Xcode/DerivedData/CodeLooper-crrddjihwjtfkwegrjrymctnfixv/Build/Products/Debug/CNIOAtomics.o normal (in target 'CNIOAtomics' from project 'swift-nio')
    cd /Users/steipete/Library/Developer/Xcode/DerivedData/CodeLooper-crrddjihwjtfkwegrjrymctnfixv/SourcePackages/checkouts/swift-nio
    /Applications/Xcode-beta.app/Contents/Developer/Toolchains/XcodeDefault.xctoolchain/usr/bin/clang -Xlinker -reproducible -target arm64-apple-macos10.13 -r -isysroot /Applications/Xcode-beta.app/Contents/Developer/Platforms/MacOSX.platform/Developer/SDKs/MacOSX26.0.sdk -O0 -w -L/Users/steipete/Library/Developer/Xcode/DerivedData/CodeLooper-crrddjihwjtfkwegrjrymctnfixv/Build/Intermediates.noindex/EagerLinkingTBDs/Debug -L/Users/steipete/Library/Developer/Xcode/DerivedData/CodeLooper-crrddjihwjtfkwegrjrymctnfixv/Build/Products/Debug -L/Applications/Xcode-beta.app/Contents/Developer/Platforms/MacOSX.platform/Developer/usr/lib -F/Users/steipete/Library/Developer/Xcode/DerivedData/CodeLooper-crrddjihwjtfkwegrjrymctnfixv/Build/Intermediates.noindex/EagerLinkingTBDs/Debug -F/Users/steipete/Library/Developer/Xcode/DerivedData/CodeLooper-crrddjihwjtfkwegrjrymctnfixv/Build/Products/Debug -iframework /Applications/Xcode-beta.app/Contents/Developer/Platforms/MacOSX.platform/Developer/Library/Frameworks -filelist /Users/steipete/Library/Developer/Xcode/DerivedData/CodeLooper-crrddjihwjtfkwegrjrymctnfixv/Build/Intermediates.noindex/swift-nio.build/Debug/CNIOAtomics.build/Objects-normal/arm64/CNIOAtomics.LinkFileList -nostdlib -Xlinker -object_path_lto -Xlinker /Users/steipete/Library/Developer/Xcode/DerivedData/CodeLooper-crrddjihwjtfkwegrjrymctnfixv/Build/Intermediates.noindex/swift-nio.build/Debug/CNIOAtomics.build/Objects-normal/arm64/CNIOAtomics_lto.o -rdynamic -Xlinker -no_deduplicate -Xlinker -debug_variant -Xlinker -dependency_info -Xlinker /Users/steipete/Library/Developer/Xcode/DerivedData/CodeLooper-crrddjihwjtfkwegrjrymctnfixv/Build/Intermediates.noindex/swift-nio.build/Debug/CNIOAtomics.build/Objects-normal/arm64/CNIOAtomics_dependency_info.dat -o /Users/steipete/Library/Developer/Xcode/DerivedData/CodeLooper-crrddjihwjtfkwegrjrymctnfixv/Build/Products/Debug/CNIOAtomics.o

SwiftCompile normal arm64 Compiling\ LogHandler.swift /Users/steipete/Library/Developer/Xcode/DerivedData/CodeLooper-crrddjihwjtfkwegrjrymctnfixv/SourcePackages/checkouts/swift-log/Sources/Logging/LogHandler.swift (in target 'Logging' from project 'swift-log')

SwiftCompile normal arm64 /Users/steipete/Library/Developer/Xcode/DerivedData/CodeLooper-crrddjihwjtfkwegrjrymctnfixv/SourcePackages/checkouts/swift-log/Sources/Logging/LogHandler.swift (in target 'Logging' from project 'swift-log')
    cd /Users/steipete/Projects/CodeLooper
    

SwiftDriverJobDiscovery normal arm64 Compiling NIOAtomic.swift (in target 'NIOConcurrencyHelpers' from project 'swift-nio')

SwiftDriverJobDiscovery normal arm64 Compiling List.swift, ListCell.swift, ListWithBorderedStyle.swift, ListWithGroupedStyle.swift (in target 'SwiftUIIntrospect' from project 'swiftui-introspect')

SwiftCompile normal arm64 Compiling\ Locks.swift /Users/steipete/Library/Developer/Xcode/DerivedData/CodeLooper-crrddjihwjtfkwegrjrymctnfixv/SourcePackages/checkouts/swift-log/Sources/Logging/Locks.swift (in target 'Logging' from project 'swift-log')

SwiftCompile normal arm64 /Users/steipete/Library/Developer/Xcode/DerivedData/CodeLooper-crrddjihwjtfkwegrjrymctnfixv/SourcePackages/checkouts/swift-log/Sources/Logging/Locks.swift (in target 'Logging' from project 'swift-log')
    cd /Users/steipete/Projects/CodeLooper
    

SwiftDriverJobDiscovery normal arm64 Compiling NSControl Extensions.swift (in target 'MenuBarExtraAccess' from project 'MenuBarExtraAccess')

SwiftDriver\ Compilation SwiftUIIntrospect normal arm64 com.apple.xcode.tools.swift.compiler (in target 'SwiftUIIntrospect' from project 'swiftui-introspect')
    cd /Users/steipete/Projects/CodeLooper
    builtin-Swift-Compilation -- /Applications/Xcode-beta.app/Contents/Developer/Toolchains/XcodeDefault.xctoolchain/usr/bin/swiftc -module-name SwiftUIIntrospect -Onone -enforce-exclusivity\=checked @/Users/steipete/Library/Developer/Xcode/DerivedData/CodeLooper-crrddjihwjtfkwegrjrymctnfixv/Build/Intermediates.noindex/swiftui-introspect.build/Debug/SwiftUIIntrospect.build/Objects-normal/arm64/SwiftUIIntrospect.SwiftFileList -DSWIFT_PACKAGE -DDEBUG -DSWIFT_MODULE_RESOURCE_BUNDLE_UNAVAILABLE -DXcode -plugin-path /Applications/Xcode-beta.app/Contents/Developer/Toolchains/XcodeDefault.xctoolchain/usr/lib/swift/host/plugins/testing -enable-experimental-feature DebugDescriptionMacro -sdk /Applications/Xcode-beta.app/Contents/Developer/Platforms/MacOSX.platform/Developer/SDKs/MacOSX26.0.sdk -target arm64-apple-macos10.15 -g -module-cache-path /Users/steipete/Library/Developer/Xcode/DerivedData/ModuleCache.noindex -Xfrontend -serialize-debugging-options -profile-coverage-mapping -profile-generate -enable-testing -suppress-warnings -index-store-path /Users/steipete/Library/Developer/Xcode/DerivedData/CodeLooper-crrddjihwjtfkwegrjrymctnfixv/Index.noindex/DataStore -swift-version 5 -I /Users/steipete/Library/Developer/Xcode/DerivedData/CodeLooper-crrddjihwjtfkwegrjrymctnfixv/Build/Products/Debug -I /Applications/Xcode-beta.app/Contents/Developer/Platforms/MacOSX.platform/Developer/usr/lib -F /Users/steipete/Library/Developer/Xcode/DerivedData/CodeLooper-crrddjihwjtfkwegrjrymctnfixv/Build/Products/Debug -F /Applications/Xcode-beta.app/Contents/Developer/Platforms/MacOSX.platform/Developer/Library/Frameworks -c -j16 -enable-batch-mode -incremental -Xcc -ivfsstatcache -Xcc /Users/steipete/Library/Developer/Xcode/DerivedData/SDKStatCaches.noindex/macosx26.0-25A5279m-5d9328ff1a6613a11d359de947506b52.sdkstatcache -output-file-map /Users/steipete/Library/Developer/Xcode/DerivedData/CodeLooper-crrddjihwjtfkwegrjrymctnfixv/Build/Intermediates.noindex/swiftui-introspect.build/Debug/SwiftUIIntrospect.build/Objects-normal/arm64/SwiftUIIntrospect-OutputFileMap.json -use-frontend-parseable-output -save-temps -no-color-diagnostics -explicit-module-build -module-cache-path /Users/steipete/Library/Developer/Xcode/DerivedData/CodeLooper-crrddjihwjtfkwegrjrymctnfixv/Build/Intermediates.noindex/SwiftExplicitPrecompiledModules -clang-scanner-module-cache-path /Users/steipete/Library/Developer/Xcode/DerivedData/ModuleCache.noindex -sdk-module-cache-path /Users/steipete/Library/Developer/Xcode/DerivedData/ModuleCache.noindex -serialize-diagnostics -emit-dependencies -emit-module -emit-module-path /Users/steipete/Library/Developer/Xcode/DerivedData/CodeLooper-crrddjihwjtfkwegrjrymctnfixv/Build/Intermediates.noindex/swiftui-introspect.build/Debug/SwiftUIIntrospect.build/Objects-normal/arm64/SwiftUIIntrospect.swiftmodule -validate-clang-modules-once -clang-build-session-file /Users/steipete/Library/Developer/Xcode/DerivedData/ModuleCache.noindex/Session.modulevalidation -Xcc -I/Users/steipete/Library/Developer/Xcode/DerivedData/CodeLooper-crrddjihwjtfkwegrjrymctnfixv/Build/Intermediates.noindex/swiftui-introspect.build/Debug/SwiftUIIntrospect.build/swift-overrides.hmap -emit-const-values -Xfrontend -const-gather-protocols-file -Xfrontend /Users/steipete/Library/Developer/Xcode/DerivedData/CodeLooper-crrddjihwjtfkwegrjrymctnfixv/Build/Intermediates.noindex/swiftui-introspect.build/Debug/SwiftUIIntrospect.build/Objects-normal/arm64/SwiftUIIntrospect_const_extract_protocols.json -Xcc -I/Users/steipete/Library/Developer/Xcode/DerivedData/CodeLooper-crrddjihwjtfkwegrjrymctnfixv/Build/Products/Debug/include -Xcc -I/Users/steipete/Library/Developer/Xcode/DerivedData/CodeLooper-crrddjihwjtfkwegrjrymctnfixv/Build/Intermediates.noindex/swiftui-introspect.build/Debug/SwiftUIIntrospect.build/DerivedSources-normal/arm64 -Xcc -I/Users/steipete/Library/Developer/Xcode/DerivedData/CodeLooper-crrddjihwjtfkwegrjrymctnfixv/Build/Intermediates.noindex/swiftui-introspect.build/Debug/SwiftUIIntrospect.build/DerivedSources/arm64 -Xcc -I/Users/steipete/Library/Developer/Xcode/DerivedData/CodeLooper-crrddjihwjtfkwegrjrymctnfixv/Build/Intermediates.noindex/swiftui-introspect.build/Debug/SwiftUIIntrospect.build/DerivedSources -Xcc -DSWIFT_PACKAGE -Xcc -DDEBUG\=1 -emit-objc-header -emit-objc-header-path /Users/steipete/Library/Developer/Xcode/DerivedData/CodeLooper-crrddjihwjtfkwegrjrymctnfixv/Build/Intermediates.noindex/swiftui-introspect.build/Debug/SwiftUIIntrospect.build/Objects-normal/arm64/SwiftUIIntrospect-Swift.h -working-directory /Users/steipete/Projects/CodeLooper -experimental-emit-module-separately -disable-cmo

SwiftCompile normal arm64 Compiling\ Logging.swift /Users/steipete/Library/Developer/Xcode/DerivedData/CodeLooper-crrddjihwjtfkwegrjrymctnfixv/SourcePackages/checkouts/swift-log/Sources/Logging/Logging.swift (in target 'Logging' from project 'swift-log')
SwiftCompile normal arm64 /Users/steipete/Library/Developer/Xcode/DerivedData/CodeLooper-crrddjihwjtfkwegrjrymctnfixv/SourcePackages/checkouts/swift-log/Sources/Logging/Logging.swift (in target 'Logging' from project 'swift-log')
    cd /Users/steipete/Projects/CodeLooper
    

SwiftCompile normal arm64 Compiling\ MetadataProvider.swift /Users/steipete/Library/Developer/Xcode/DerivedData/CodeLooper-crrddjihwjtfkwegrjrymctnfixv/SourcePackages/checkouts/swift-log/Sources/Logging/MetadataProvider.swift (in target 'Logging' from project 'swift-log')

SwiftCompile normal arm64 /Users/steipete/Library/Developer/Xcode/DerivedData/CodeLooper-crrddjihwjtfkwegrjrymctnfixv/SourcePackages/checkouts/swift-log/Sources/Logging/MetadataProvider.swift (in target 'Logging' from project 'swift-log')
    cd /Users/steipete/Projects/CodeLooper
    

SwiftDriverJobDiscovery normal arm64 Compiling lock.swift (in target 'NIOConcurrencyHelpers' from project 'swift-nio')

SwiftCompile normal arm64 Compiling\ Keychain.swift /Users/steipete/Library/Developer/Xcode/DerivedData/CodeLooper-crrddjihwjtfkwegrjrymctnfixv/SourcePackages/checkouts/KeychainAccess/Lib/KeychainAccess/Keychain.swift (in target 'KeychainAccess' from project 'KeychainAccess')
SwiftCompile normal arm64 /Users/steipete/Library/Developer/Xcode/DerivedData/CodeLooper-crrddjihwjtfkwegrjrymctnfixv/SourcePackages/checkouts/KeychainAccess/Lib/KeychainAccess/Keychain.swift (in target 'KeychainAccess' from project 'KeychainAccess')
    cd /Users/steipete/Projects/CodeLooper
    

SwiftDriverJobDiscovery normal arm64 Compiling atomics.swift (in target 'NIOConcurrencyHelpers' from project 'swift-nio')

SwiftDriver\ Compilation NIOConcurrencyHelpers normal arm64 com.apple.xcode.tools.swift.compiler (in target 'NIOConcurrencyHelpers' from project 'swift-nio')
    cd /Users/steipete/Projects/CodeLooper
    builtin-Swift-Compilation -- /Applications/Xcode-beta.app/Contents/Developer/Toolchains/XcodeDefault.xctoolchain/usr/bin/swiftc -module-name NIOConcurrencyHelpers -Onone -enforce-exclusivity\=checked @/Users/steipete/Library/Developer/Xcode/DerivedData/CodeLooper-crrddjihwjtfkwegrjrymctnfixv/Build/Intermediates.noindex/swift-nio.build/Debug/NIOConcurrencyHelpers.build/Objects-normal/arm64/NIOConcurrencyHelpers.SwiftFileList -DSWIFT_PACKAGE -DDEBUG -DSWIFT_MODULE_RESOURCE_BUNDLE_UNAVAILABLE -Xcc -fmodule-map-file\=/Users/steipete/Library/Developer/Xcode/DerivedData/CodeLooper-crrddjihwjtfkwegrjrymctnfixv/Build/Intermediates.noindex/GeneratedModuleMaps/CNIOAtomics.modulemap -DXcode -enable-upcoming-feature StrictConcurrency -enable-upcoming-feature InferSendableFromCaptures -enable-upcoming-feature MemberImportVisibility -plugin-path /Applications/Xcode-beta.app/Contents/Developer/Toolchains/XcodeDefault.xctoolchain/usr/lib/swift/host/plugins/testing -enable-experimental-feature DebugDescriptionMacro -sdk /Applications/Xcode-beta.app/Contents/Developer/Platforms/MacOSX.platform/Developer/SDKs/MacOSX26.0.sdk -target arm64-apple-macos10.13 -g -module-cache-path /Users/steipete/Library/Developer/Xcode/DerivedData/ModuleCache.noindex -Xfrontend -serialize-debugging-options -profile-coverage-mapping -profile-generate -enable-testing -suppress-warnings -index-store-path /Users/steipete/Library/Developer/Xcode/DerivedData/CodeLooper-crrddjihwjtfkwegrjrymctnfixv/Index.noindex/DataStore -swift-version 5 -I /Users/steipete/Library/Developer/Xcode/DerivedData/CodeLooper-crrddjihwjtfkwegrjrymctnfixv/Build/Products/Debug -I /Applications/Xcode-beta.app/Contents/Developer/Platforms/MacOSX.platform/Developer/usr/lib -F /Users/steipete/Library/Developer/Xcode/DerivedData/CodeLooper-crrddjihwjtfkwegrjrymctnfixv/Build/Products/Debug/PackageFrameworks -F /Users/steipete/Library/Developer/Xcode/DerivedData/CodeLooper-crrddjihwjtfkwegrjrymctnfixv/Build/Products/Debug -F /Applications/Xcode-beta.app/Contents/Developer/Platforms/MacOSX.platform/Developer/Library/Frameworks -c -j16 -enable-batch-mode -incremental -Xcc -ivfsstatcache -Xcc /Users/steipete/Library/Developer/Xcode/DerivedData/SDKStatCaches.noindex/macosx26.0-25A5279m-5d9328ff1a6613a11d359de947506b52.sdkstatcache -output-file-map /Users/steipete/Library/Developer/Xcode/DerivedData/CodeLooper-crrddjihwjtfkwegrjrymctnfixv/Build/Intermediates.noindex/swift-nio.build/Debug/NIOConcurrencyHelpers.build/Objects-normal/arm64/NIOConcurrencyHelpers-OutputFileMap.json -use-frontend-parseable-output -save-temps -no-color-diagnostics -explicit-module-build -module-cache-path /Users/steipete/Library/Developer/Xcode/DerivedData/CodeLooper-crrddjihwjtfkwegrjrymctnfixv/Build/Intermediates.noindex/SwiftExplicitPrecompiledModules -clang-scanner-module-cache-path /Users/steipete/Library/Developer/Xcode/DerivedData/ModuleCache.noindex -sdk-module-cache-path /Users/steipete/Library/Developer/Xcode/DerivedData/ModuleCache.noindex -serialize-diagnostics -emit-dependencies -emit-module -emit-module-path /Users/steipete/Library/Developer/Xcode/DerivedData/CodeLooper-crrddjihwjtfkwegrjrymctnfixv/Build/Intermediates.noindex/swift-nio.build/Debug/NIOConcurrencyHelpers.build/Objects-normal/arm64/NIOConcurrencyHelpers.swiftmodule -validate-clang-modules-once -clang-build-session-file /Users/steipete/Library/Developer/Xcode/DerivedData/ModuleCache.noindex/Session.modulevalidation -package-name swift_nio -Xcc -I/Users/steipete/Library/Developer/Xcode/DerivedData/CodeLooper-crrddjihwjtfkwegrjrymctnfixv/Build/Intermediates.noindex/swift-nio.build/Debug/NIOConcurrencyHelpers.build/swift-overrides.hmap -emit-const-values -Xfrontend -const-gather-protocols-file -Xfrontend /Users/steipete/Library/Developer/Xcode/DerivedData/CodeLooper-crrddjihwjtfkwegrjrymctnfixv/Build/Intermediates.noindex/swift-nio.build/Debug/NIOConcurrencyHelpers.build/Objects-normal/arm64/NIOConcurrencyHelpers_const_extract_protocols.json -Xcc -I/Users/steipete/Library/Developer/Xcode/DerivedData/CodeLooper-crrddjihwjtfkwegrjrymctnfixv/SourcePackages/checkouts/swift-nio/Sources/CNIOAtomics/include -Xcc -I/Users/steipete/Library/Developer/Xcode/DerivedData/CodeLooper-crrddjihwjtfkwegrjrymctnfixv/Build/Products/Debug/include -Xcc -I/Users/steipete/Library/Developer/Xcode/DerivedData/CodeLooper-crrddjihwjtfkwegrjrymctnfixv/Build/Intermediates.noindex/swift-nio.build/Debug/NIOConcurrencyHelpers.build/DerivedSources-normal/arm64 -Xcc -I/Users/steipete/Library/Developer/Xcode/DerivedData/CodeLooper-crrddjihwjtfkwegrjrymctnfixv/Build/Intermediates.noindex/swift-nio.build/Debug/NIOConcurrencyHelpers.build/DerivedSources/arm64 -Xcc -I/Users/steipete/Library/Developer/Xcode/DerivedData/CodeLooper-crrddjihwjtfkwegrjrymctnfixv/Build/Intermediates.noindex/swift-nio.build/Debug/NIOConcurrencyHelpers.build/DerivedSources -Xcc -DSWIFT_PACKAGE -Xcc -DDEBUG\=1 -emit-objc-header -emit-objc-header-path /Users/steipete/Library/Developer/Xcode/DerivedData/CodeLooper-crrddjihwjtfkwegrjrymctnfixv/Build/Intermediates.noindex/swift-nio.build/Debug/NIOConcurrencyHelpers.build/Objects-normal/arm64/NIOConcurrencyHelpers-Swift.h -working-directory /Users/steipete/Projects/CodeLooper -experimental-emit-module-separately -disable-cmo

SwiftDriverJobDiscovery normal arm64 Compiling MenuBarExtra Window Introspection.swift (in target 'MenuBarExtraAccess' from project 'MenuBarExtraAccess')

SwiftDriverJobDiscovery normal arm64 Compiling Unused Code.swift (in target 'MenuBarExtraAccess' from project 'MenuBarExtraAccess')

SwiftCompile normal arm64 Compiling\ KeyboardShortcuts.swift /Users/steipete/Library/Developer/Xcode/DerivedData/CodeLooper-crrddjihwjtfkwegrjrymctnfixv/SourcePackages/checkouts/KeyboardShortcuts/Sources/KeyboardShortcuts/KeyboardShortcuts.swift (in target 'KeyboardShortcuts' from project 'KeyboardShortcuts')

SwiftCompile normal arm64 /Users/steipete/Library/Developer/Xcode/DerivedData/CodeLooper-crrddjihwjtfkwegrjrymctnfixv/SourcePackages/checkouts/KeyboardShortcuts/Sources/KeyboardShortcuts/KeyboardShortcuts.swift (in target 'KeyboardShortcuts' from project 'KeyboardShortcuts')
    cd /Users/steipete/Projects/CodeLooper
    

SwiftCompile normal arm64 Compiling\ Key.swift /Users/steipete/Library/Developer/Xcode/DerivedData/CodeLooper-crrddjihwjtfkwegrjrymctnfixv/SourcePackages/checkouts/KeyboardShortcuts/Sources/KeyboardShortcuts/Key.swift (in target 'KeyboardShortcuts' from project 'KeyboardShortcuts')

SwiftCompile normal arm64 /Users/steipete/Library/Developer/Xcode/DerivedData/CodeLooper-crrddjihwjtfkwegrjrymctnfixv/SourcePackages/checkouts/KeyboardShortcuts/Sources/KeyboardShortcuts/Key.swift (in target 'KeyboardShortcuts' from project 'KeyboardShortcuts')
    cd /Users/steipete/Projects/CodeLooper
    

SwiftCompile normal arm64 Compiling\ NSMenuItem++.swift /Users/steipete/Library/Developer/Xcode/DerivedData/CodeLooper-crrddjihwjtfkwegrjrymctnfixv/SourcePackages/checkouts/KeyboardShortcuts/Sources/KeyboardShortcuts/NSMenuItem++.swift (in target 'KeyboardShortcuts' from project 'KeyboardShortcuts')

SwiftCompile normal arm64 /Users/steipete/Library/Developer/Xcode/DerivedData/CodeLooper-crrddjihwjtfkwegrjrymctnfixv/SourcePackages/checkouts/KeyboardShortcuts/Sources/KeyboardShortcuts/NSMenuItem++.swift (in target 'KeyboardShortcuts' from project 'KeyboardShortcuts')
    cd /Users/steipete/Projects/CodeLooper
    

SwiftDriverJobDiscovery normal arm64 Compiling NSEvent Extensions.swift (in target 'MenuBarExtraAccess' from project 'MenuBarExtraAccess')

SwiftCompile normal arm64 Compiling\ RecorderCocoa.swift /Users/steipete/Library/Developer/Xcode/DerivedData/CodeLooper-crrddjihwjtfkwegrjrymctnfixv/SourcePackages/checkouts/KeyboardShortcuts/Sources/KeyboardShortcuts/RecorderCocoa.swift (in target 'KeyboardShortcuts' from project 'KeyboardShortcuts')

SwiftCompile normal arm64 /Users/steipete/Library/Developer/Xcode/DerivedData/CodeLooper-crrddjihwjtfkwegrjrymctnfixv/SourcePackages/checkouts/KeyboardShortcuts/Sources/KeyboardShortcuts/RecorderCocoa.swift (in target 'KeyboardShortcuts' from project 'KeyboardShortcuts')
    cd /Users/steipete/Projects/CodeLooper
    

SwiftDriverJobDiscovery normal arm64 Compiling NSWindow Extensions.swift (in target 'MenuBarExtraAccess' from project 'MenuBarExtraAccess')

SwiftCompile normal arm64 Compiling\ Name.swift /Users/steipete/Library/Developer/Xcode/DerivedData/CodeLooper-crrddjihwjtfkwegrjrymctnfixv/SourcePackages/checkouts/KeyboardShortcuts/Sources/KeyboardShortcuts/Name.swift (in target 'KeyboardShortcuts' from project 'KeyboardShortcuts')

SwiftCompile normal arm64 /Users/steipete/Library/Developer/Xcode/DerivedData/CodeLooper-crrddjihwjtfkwegrjrymctnfixv/SourcePackages/checkouts/KeyboardShortcuts/Sources/KeyboardShortcuts/Name.swift (in target 'KeyboardShortcuts' from project 'KeyboardShortcuts')
    cd /Users/steipete/Projects/CodeLooper
    

SwiftDriverJobDiscovery normal arm64 Compiling Utilities.swift (in target 'MenuBarExtraAccess' from project 'MenuBarExtraAccess')

SwiftCompile normal arm64 Compiling\ Recorder.swift /Users/steipete/Library/Developer/Xcode/DerivedData/CodeLooper-crrddjihwjtfkwegrjrymctnfixv/SourcePackages/checkouts/KeyboardShortcuts/Sources/KeyboardShortcuts/Recorder.swift (in target 'KeyboardShortcuts' from project 'KeyboardShortcuts')

SwiftCompile normal arm64 /Users/steipete/Library/Developer/Xcode/DerivedData/CodeLooper-crrddjihwjtfkwegrjrymctnfixv/SourcePackages/checkouts/KeyboardShortcuts/Sources/KeyboardShortcuts/Recorder.swift (in target 'KeyboardShortcuts' from project 'KeyboardShortcuts')
    cd /Users/steipete/Projects/CodeLooper
    

SwiftCompile normal arm64 Compiling\ resource_bundle_accessor.swift /Users/steipete/Library/Developer/Xcode/DerivedData/CodeLooper-crrddjihwjtfkwegrjrymctnfixv/Build/Intermediates.noindex/KeyboardShortcuts.build/Debug/KeyboardShortcuts.build/DerivedSources/resource_bundle_accessor.swift (in target 'KeyboardShortcuts' from project 'KeyboardShortcuts')

SwiftCompile normal arm64 /Users/steipete/Library/Developer/Xcode/DerivedData/CodeLooper-crrddjihwjtfkwegrjrymctnfixv/Build/Intermediates.noindex/KeyboardShortcuts.build/Debug/KeyboardShortcuts.build/DerivedSources/resource_bundle_accessor.swift (in target 'KeyboardShortcuts' from project 'KeyboardShortcuts')
    cd /Users/steipete/Projects/CodeLooper
    

SwiftDriverJobDiscovery normal arm64 Compiling StatusItemIdentity.swift (in target 'MenuBarExtraAccess' from project 'MenuBarExtraAccess')

SwiftCompile normal arm64 Compiling\ Utilities.swift /Users/steipete/Library/Developer/Xcode/DerivedData/CodeLooper-crrddjihwjtfkwegrjrymctnfixv/SourcePackages/checkouts/KeyboardShortcuts/Sources/KeyboardShortcuts/Utilities.swift (in target 'KeyboardShortcuts' from project 'KeyboardShortcuts')

SwiftCompile normal arm64 /Users/steipete/Library/Developer/Xcode/DerivedData/CodeLooper-crrddjihwjtfkwegrjrymctnfixv/SourcePackages/checkouts/KeyboardShortcuts/Sources/KeyboardShortcuts/Utilities.swift (in target 'KeyboardShortcuts' from project 'KeyboardShortcuts')
    cd /Users/steipete/Projects/CodeLooper
    

SwiftDriverJobDiscovery normal arm64 Compiling LogHandler.swift (in target 'Logging' from project 'swift-log')

SwiftCompile normal arm64 Compiling\ Shortcut.swift /Users/steipete/Library/Developer/Xcode/DerivedData/CodeLooper-crrddjihwjtfkwegrjrymctnfixv/SourcePackages/checkouts/KeyboardShortcuts/Sources/KeyboardShortcuts/Shortcut.swift (in target 'KeyboardShortcuts' from project 'KeyboardShortcuts')

SwiftCompile normal arm64 /Users/steipete/Library/Developer/Xcode/DerivedData/CodeLooper-crrddjihwjtfkwegrjrymctnfixv/SourcePackages/checkouts/KeyboardShortcuts/Sources/KeyboardShortcuts/Shortcut.swift (in target 'KeyboardShortcuts' from project 'KeyboardShortcuts')
    cd /Users/steipete/Projects/CodeLooper
    

SwiftDriverJobDiscovery normal arm64 Compiling MetadataProvider.swift (in target 'Logging' from project 'swift-log')

SwiftCompile normal arm64 Compiling\ CarbonKeyboardShortcuts.swift /Users/steipete/Library/Developer/Xcode/DerivedData/CodeLooper-crrddjihwjtfkwegrjrymctnfixv/SourcePackages/checkouts/KeyboardShortcuts/Sources/KeyboardShortcuts/CarbonKeyboardShortcuts.swift (in target 'KeyboardShortcuts' from project 'KeyboardShortcuts')

SwiftCompile normal arm64 /Users/steipete/Library/Developer/Xcode/DerivedData/CodeLooper-crrddjihwjtfkwegrjrymctnfixv/SourcePackages/checkouts/KeyboardShortcuts/Sources/KeyboardShortcuts/CarbonKeyboardShortcuts.swift (in target 'KeyboardShortcuts' from project 'KeyboardShortcuts')
    cd /Users/steipete/Projects/CodeLooper
    

SwiftDriverJobDiscovery normal arm64 Compiling NSStatusItem Extensions.swift (in target 'MenuBarExtraAccess' from project 'MenuBarExtraAccess')

SwiftCompile normal arm64 Compiling\ ViewModifiers.swift /Users/steipete/Library/Developer/Xcode/DerivedData/CodeLooper-crrddjihwjtfkwegrjrymctnfixv/SourcePackages/checkouts/KeyboardShortcuts/Sources/KeyboardShortcuts/ViewModifiers.swift (in target 'KeyboardShortcuts' from project 'KeyboardShortcuts')

SwiftCompile normal arm64 /Users/steipete/Library/Developer/Xcode/DerivedData/CodeLooper-crrddjihwjtfkwegrjrymctnfixv/SourcePackages/checkouts/KeyboardShortcuts/Sources/KeyboardShortcuts/ViewModifiers.swift (in target 'KeyboardShortcuts' from project 'KeyboardShortcuts')
    cd /Users/steipete/Projects/CodeLooper
    

SwiftDriverJobDiscovery normal arm64 Compiling Locks.swift (in target 'Logging' from project 'swift-log')

SwiftDriverJobDiscovery normal arm64 Compiling MenuBarExtraAccess.swift (in target 'MenuBarExtraAccess' from project 'MenuBarExtraAccess')

SwiftCompile normal arm64 Compiling\ RandomAccessCollection+Offsets.swift /Users/steipete/Library/Developer/Xcode/DerivedData/CodeLooper-crrddjihwjtfkwegrjrymctnfixv/SourcePackages/checkouts/swift-collections/Sources/InternalCollectionsUtilities/autogenerated/RandomAccessCollection+Offsets.swift (in target 'InternalCollectionsUtilities' from project 'swift-collections')

SwiftCompile normal arm64 /Users/steipete/Library/Developer/Xcode/DerivedData/CodeLooper-crrddjihwjtfkwegrjrymctnfixv/SourcePackages/checkouts/swift-collections/Sources/InternalCollectionsUtilities/autogenerated/RandomAccessCollection+Offsets.swift (in target 'InternalCollectionsUtilities' from project 'swift-collections')
    cd /Users/steipete/Projects/CodeLooper
    

SwiftDriverJobDiscovery normal arm64 Compiling Name.swift (in target 'KeyboardShortcuts' from project 'KeyboardShortcuts')

SwiftCompile normal arm64 Compiling\ _UnsafeBitSet.swift /Users/steipete/Library/Developer/Xcode/DerivedData/CodeLooper-crrddjihwjtfkwegrjrymctnfixv/SourcePackages/checkouts/swift-collections/Sources/InternalCollectionsUtilities/UnsafeBitSet/autogenerated/_UnsafeBitSet.swift (in target 'InternalCollectionsUtilities' from project 'swift-collections')

SwiftCompile normal arm64 /Users/steipete/Library/Developer/Xcode/DerivedData/CodeLooper-crrddjihwjtfkwegrjrymctnfixv/SourcePackages/checkouts/swift-collections/Sources/InternalCollectionsUtilities/UnsafeBitSet/autogenerated/_UnsafeBitSet.swift (in target 'InternalCollectionsUtilities' from project 'swift-collections')
    cd /Users/steipete/Projects/CodeLooper
    

SwiftDriverJobDiscovery normal arm64 Compiling MenuBarExtraUtils.swift (in target 'MenuBarExtraAccess' from project 'MenuBarExtraAccess')

SwiftCompile normal arm64 Compiling\ _SortedCollection.swift /Users/steipete/Library/Developer/Xcode/DerivedData/CodeLooper-crrddjihwjtfkwegrjrymctnfixv/SourcePackages/checkouts/swift-collections/Sources/InternalCollectionsUtilities/_SortedCollection.swift (in target 'InternalCollectionsUtilities' from project 'swift-collections')

SwiftCompile normal arm64 /Users/steipete/Library/Developer/Xcode/DerivedData/CodeLooper-crrddjihwjtfkwegrjrymctnfixv/SourcePackages/checkouts/swift-collections/Sources/InternalCollectionsUtilities/_SortedCollection.swift (in target 'InternalCollectionsUtilities' from project 'swift-collections')
    cd /Users/steipete/Projects/CodeLooper
    

SwiftDriver\ Compilation MenuBarExtraAccess normal arm64 com.apple.xcode.tools.swift.compiler (in target 'MenuBarExtraAccess' from project 'MenuBarExtraAccess')
    cd /Users/steipete/Projects/CodeLooper
    builtin-Swift-Compilation -- /Applications/Xcode-beta.app/Contents/Developer/Toolchains/XcodeDefault.xctoolchain/usr/bin/swiftc -module-name MenuBarExtraAccess -Onone -enforce-exclusivity\=checked @/Users/steipete/Library/Developer/Xcode/DerivedData/CodeLooper-crrddjihwjtfkwegrjrymctnfixv/Build/Intermediates.noindex/MenuBarExtraAccess.build/Debug/MenuBarExtraAccess.build/Objects-normal/arm64/MenuBarExtraAccess.SwiftFileList -DSWIFT_PACKAGE -DDEBUG -DSWIFT_MODULE_RESOURCE_BUNDLE_UNAVAILABLE -DXcode -plugin-path /Applications/Xcode-beta.app/Contents/Developer/Toolchains/XcodeDefault.xctoolchain/usr/lib/swift/host/plugins/testing -enable-experimental-feature DebugDescriptionMacro -sdk /Applications/Xcode-beta.app/Contents/Developer/Platforms/MacOSX.platform/Developer/SDKs/MacOSX26.0.sdk -target arm64-apple-macos10.15 -g -module-cache-path /Users/steipete/Library/Developer/Xcode/DerivedData/ModuleCache.noindex -Xfrontend -serialize-debugging-options -profile-coverage-mapping -profile-generate -enable-testing -suppress-warnings -index-store-path /Users/steipete/Library/Developer/Xcode/DerivedData/CodeLooper-crrddjihwjtfkwegrjrymctnfixv/Index.noindex/DataStore -swift-version 5 -I /Users/steipete/Library/Developer/Xcode/DerivedData/CodeLooper-crrddjihwjtfkwegrjrymctnfixv/Build/Products/Debug -I /Applications/Xcode-beta.app/Contents/Developer/Platforms/MacOSX.platform/Developer/usr/lib -F /Users/steipete/Library/Developer/Xcode/DerivedData/CodeLooper-crrddjihwjtfkwegrjrymctnfixv/Build/Products/Debug -F /Applications/Xcode-beta.app/Contents/Developer/Platforms/MacOSX.platform/Developer/Library/Frameworks -c -j16 -enable-batch-mode -incremental -Xcc -ivfsstatcache -Xcc /Users/steipete/Library/Developer/Xcode/DerivedData/SDKStatCaches.noindex/macosx26.0-25A5279m-5d9328ff1a6613a11d359de947506b52.sdkstatcache -output-file-map /Users/steipete/Library/Developer/Xcode/DerivedData/CodeLooper-crrddjihwjtfkwegrjrymctnfixv/Build/Intermediates.noindex/MenuBarExtraAccess.build/Debug/MenuBarExtraAccess.build/Objects-normal/arm64/MenuBarExtraAccess-OutputFileMap.json -use-frontend-parseable-output -save-temps -no-color-diagnostics -explicit-module-build -module-cache-path /Users/steipete/Library/Developer/Xcode/DerivedData/CodeLooper-crrddjihwjtfkwegrjrymctnfixv/Build/Intermediates.noindex/SwiftExplicitPrecompiledModules -clang-scanner-module-cache-path /Users/steipete/Library/Developer/Xcode/DerivedData/ModuleCache.noindex -sdk-module-cache-path /Users/steipete/Library/Developer/Xcode/DerivedData/ModuleCache.noindex -serialize-diagnostics -emit-dependencies -emit-module -emit-module-path /Users/steipete/Library/Developer/Xcode/DerivedData/CodeLooper-crrddjihwjtfkwegrjrymctnfixv/Build/Intermediates.noindex/MenuBarExtraAccess.build/Debug/MenuBarExtraAccess.build/Objects-normal/arm64/MenuBarExtraAccess.swiftmodule -validate-clang-modules-once -clang-build-session-file /Users/steipete/Library/Developer/Xcode/DerivedData/ModuleCache.noindex/Session.modulevalidation -Xcc -I/Users/steipete/Library/Developer/Xcode/DerivedData/CodeLooper-crrddjihwjtfkwegrjrymctnfixv/Build/Intermediates.noindex/MenuBarExtraAccess.build/Debug/MenuBarExtraAccess.build/swift-overrides.hmap -emit-const-values -Xfrontend -const-gather-protocols-file -Xfrontend /Users/steipete/Library/Developer/Xcode/DerivedData/CodeLooper-crrddjihwjtfkwegrjrymctnfixv/Build/Intermediates.noindex/MenuBarExtraAccess.build/Debug/MenuBarExtraAccess.build/Objects-normal/arm64/MenuBarExtraAccess_const_extract_protocols.json -Xcc -I/Users/steipete/Library/Developer/Xcode/DerivedData/CodeLooper-crrddjihwjtfkwegrjrymctnfixv/Build/Products/Debug/include -Xcc -I/Users/steipete/Library/Developer/Xcode/DerivedData/CodeLooper-crrddjihwjtfkwegrjrymctnfixv/Build/Intermediates.noindex/MenuBarExtraAccess.build/Debug/MenuBarExtraAccess.build/DerivedSources-normal/arm64 -Xcc -I/Users/steipete/Library/Developer/Xcode/DerivedData/CodeLooper-crrddjihwjtfkwegrjrymctnfixv/Build/Intermediates.noindex/MenuBarExtraAccess.build/Debug/MenuBarExtraAccess.build/DerivedSources/arm64 -Xcc -I/Users/steipete/Library/Developer/Xcode/DerivedData/CodeLooper-crrddjihwjtfkwegrjrymctnfixv/Build/Intermediates.noindex/MenuBarExtraAccess.build/Debug/MenuBarExtraAccess.build/DerivedSources -Xcc -DSWIFT_PACKAGE -Xcc -DDEBUG\=1 -emit-objc-header -emit-objc-header-path /Users/steipete/Library/Developer/Xcode/DerivedData/CodeLooper-crrddjihwjtfkwegrjrymctnfixv/Build/Intermediates.noindex/MenuBarExtraAccess.build/Debug/MenuBarExtraAccess.build/Objects-normal/arm64/MenuBarExtraAccess-Swift.h -working-directory /Users/steipete/Projects/CodeLooper -experimental-emit-module-separately -disable-cmo

SwiftDriverJobDiscovery normal arm64 Compiling NSMenuItem++.swift (in target 'KeyboardShortcuts' from project 'KeyboardShortcuts')

SwiftCompile normal arm64 Compiling\ Descriptions.swift /Users/steipete/Library/Developer/Xcode/DerivedData/CodeLooper-crrddjihwjtfkwegrjrymctnfixv/SourcePackages/checkouts/swift-collections/Sources/InternalCollectionsUtilities/autogenerated/Descriptions.swift (in target 'InternalCollectionsUtilities' from project 'swift-collections')

SwiftCompile normal arm64 /Users/steipete/Library/Developer/Xcode/DerivedData/CodeLooper-crrddjihwjtfkwegrjrymctnfixv/SourcePackages/checkouts/swift-collections/Sources/InternalCollectionsUtilities/autogenerated/Descriptions.swift (in target 'InternalCollectionsUtilities' from project 'swift-collections')
    cd /Users/steipete/Projects/CodeLooper
    

SwiftDriverJobDiscovery normal arm64 Compiling resource_bundle_accessor.swift (in target 'KeyboardShortcuts' from project 'KeyboardShortcuts')

SwiftCompile normal arm64 Compiling\ _UniqueCollection.swift /Users/steipete/Library/Developer/Xcode/DerivedData/CodeLooper-crrddjihwjtfkwegrjrymctnfixv/SourcePackages/checkouts/swift-collections/Sources/InternalCollectionsUtilities/_UniqueCollection.swift (in target 'InternalCollectionsUtilities' from project 'swift-collections')

SwiftCompile normal arm64 /Users/steipete/Library/Developer/Xcode/DerivedData/CodeLooper-crrddjihwjtfkwegrjrymctnfixv/SourcePackages/checkouts/swift-collections/Sources/InternalCollectionsUtilities/_UniqueCollection.swift (in target 'InternalCollectionsUtilities' from project 'swift-collections')
    cd /Users/steipete/Projects/CodeLooper
    

SwiftCompile normal arm64 Compiling\ UnsafeBufferPointer+Extras.swift /Users/steipete/Library/Developer/Xcode/DerivedData/CodeLooper-crrddjihwjtfkwegrjrymctnfixv/SourcePackages/checkouts/swift-collections/Sources/InternalCollectionsUtilities/autogenerated/UnsafeBufferPointer+Extras.swift (in target 'InternalCollectionsUtilities' from project 'swift-collections')

SwiftCompile normal arm64 /Users/steipete/Library/Developer/Xcode/DerivedData/CodeLooper-crrddjihwjtfkwegrjrymctnfixv/SourcePackages/checkouts/swift-collections/Sources/InternalCollectionsUtilities/autogenerated/UnsafeBufferPointer+Extras.swift (in target 'InternalCollectionsUtilities' from project 'swift-collections')
    cd /Users/steipete/Projects/CodeLooper
    

SwiftDriverJobDiscovery normal arm64 Compiling RandomAccessCollection+Offsets.swift (in target 'InternalCollectionsUtilities' from project 'swift-collections')

SwiftCompile normal arm64 Compiling\ Integer\ rank.swift /Users/steipete/Library/Developer/Xcode/DerivedData/CodeLooper-crrddjihwjtfkwegrjrymctnfixv/SourcePackages/checkouts/swift-collections/Sources/InternalCollectionsUtilities/IntegerTricks/autogenerated/Integer\ rank.swift (in target 'InternalCollectionsUtilities' from project 'swift-collections')

SwiftCompile normal arm64 /Users/steipete/Library/Developer/Xcode/DerivedData/CodeLooper-crrddjihwjtfkwegrjrymctnfixv/SourcePackages/checkouts/swift-collections/Sources/InternalCollectionsUtilities/IntegerTricks/autogenerated/Integer\ rank.swift (in target 'InternalCollectionsUtilities' from project 'swift-collections')
    cd /Users/steipete/Projects/CodeLooper
    

SwiftDriverJobDiscovery normal arm64 Compiling Key.swift (in target 'KeyboardShortcuts' from project 'KeyboardShortcuts')

SwiftCompile normal arm64 Compiling\ UnsafeMutableBufferPointer+Extras.swift /Users/steipete/Library/Developer/Xcode/DerivedData/CodeLooper-crrddjihwjtfkwegrjrymctnfixv/SourcePackages/checkouts/swift-collections/Sources/InternalCollectionsUtilities/autogenerated/UnsafeMutableBufferPointer+Extras.swift (in target 'InternalCollectionsUtilities' from project 'swift-collections')

SwiftCompile normal arm64 /Users/steipete/Library/Developer/Xcode/DerivedData/CodeLooper-crrddjihwjtfkwegrjrymctnfixv/SourcePackages/checkouts/swift-collections/Sources/InternalCollectionsUtilities/autogenerated/UnsafeMutableBufferPointer+Extras.swift (in target 'InternalCollectionsUtilities' from project 'swift-collections')
    cd /Users/steipete/Projects/CodeLooper
    

SwiftCompile normal arm64 Compiling\ _UnsafeBitSet+Index.swift /Users/steipete/Library/Developer/Xcode/DerivedData/CodeLooper-crrddjihwjtfkwegrjrymctnfixv/SourcePackages/checkouts/swift-collections/Sources/InternalCollectionsUtilities/UnsafeBitSet/autogenerated/_UnsafeBitSet+Index.swift (in target 'InternalCollectionsUtilities' from project 'swift-collections')

SwiftCompile normal arm64 /Users/steipete/Library/Developer/Xcode/DerivedData/CodeLooper-crrddjihwjtfkwegrjrymctnfixv/SourcePackages/checkouts/swift-collections/Sources/InternalCollectionsUtilities/UnsafeBitSet/autogenerated/_UnsafeBitSet+Index.swift (in target 'InternalCollectionsUtilities' from project 'swift-collections')
    cd /Users/steipete/Projects/CodeLooper
    

SwiftDriverJobDiscovery normal arm64 Compiling _UniqueCollection.swift (in target 'InternalCollectionsUtilities' from project 'swift-collections')

SwiftDriverJobDiscovery normal arm64 Compiling _SortedCollection.swift (in target 'InternalCollectionsUtilities' from project 'swift-collections')

SwiftDriverJobDiscovery normal arm64 Compiling UnsafeBufferPointer+Extras.swift (in target 'InternalCollectionsUtilities' from project 'swift-collections')

SwiftCompile normal arm64 Compiling\ FixedWidthInteger+roundUpToPowerOfTwo.swift /Users/steipete/Library/Developer/Xcode/DerivedData/CodeLooper-crrddjihwjtfkwegrjrymctnfixv/SourcePackages/checkouts/swift-collections/Sources/InternalCollectionsUtilities/IntegerTricks/autogenerated/FixedWidthInteger+roundUpToPowerOfTwo.swift (in target 'InternalCollectionsUtilities' from project 'swift-collections')

SwiftCompile normal arm64 /Users/steipete/Library/Developer/Xcode/DerivedData/CodeLooper-crrddjihwjtfkwegrjrymctnfixv/SourcePackages/checkouts/swift-collections/Sources/InternalCollectionsUtilities/IntegerTricks/autogenerated/FixedWidthInteger+roundUpToPowerOfTwo.swift (in target 'InternalCollectionsUtilities' from project 'swift-collections')
    cd /Users/steipete/Projects/CodeLooper
    

SwiftDriverJobDiscovery normal arm64 Compiling Descriptions.swift (in target 'InternalCollectionsUtilities' from project 'swift-collections')

SwiftCompile normal arm64 Compiling\ Debugging.swift /Users/steipete/Library/Developer/Xcode/DerivedData/CodeLooper-crrddjihwjtfkwegrjrymctnfixv/SourcePackages/checkouts/swift-collections/Sources/InternalCollectionsUtilities/autogenerated/Debugging.swift (in target 'InternalCollectionsUtilities' from project 'swift-collections')

SwiftCompile normal arm64 /Users/steipete/Library/Developer/Xcode/DerivedData/CodeLooper-crrddjihwjtfkwegrjrymctnfixv/SourcePackages/checkouts/swift-collections/Sources/InternalCollectionsUtilities/autogenerated/Debugging.swift (in target 'InternalCollectionsUtilities' from project 'swift-collections')
    cd /Users/steipete/Projects/CodeLooper
    

SwiftCompile normal arm64 Compiling\ UInt+first\ and\ last\ set\ bit.swift /Users/steipete/Library/Developer/Xcode/DerivedData/CodeLooper-crrddjihwjtfkwegrjrymctnfixv/SourcePackages/checkouts/swift-collections/Sources/InternalCollectionsUtilities/IntegerTricks/autogenerated/UInt+first\ and\ last\ set\ bit.swift (in target 'InternalCollectionsUtilities' from project 'swift-collections')

SwiftCompile normal arm64 /Users/steipete/Library/Developer/Xcode/DerivedData/CodeLooper-crrddjihwjtfkwegrjrymctnfixv/SourcePackages/checkouts/swift-collections/Sources/InternalCollectionsUtilities/IntegerTricks/autogenerated/UInt+first\ and\ last\ set\ bit.swift (in target 'InternalCollectionsUtilities' from project 'swift-collections')
    cd /Users/steipete/Projects/CodeLooper
    

SwiftDriverJobDiscovery normal arm64 Compiling KeyboardShortcuts.swift (in target 'KeyboardShortcuts' from project 'KeyboardShortcuts')

SwiftCompile normal arm64 Compiling\ UInt+reversed.swift /Users/steipete/Library/Developer/Xcode/DerivedData/CodeLooper-crrddjihwjtfkwegrjrymctnfixv/SourcePackages/checkouts/swift-collections/Sources/InternalCollectionsUtilities/IntegerTricks/autogenerated/UInt+reversed.swift (in target 'InternalCollectionsUtilities' from project 'swift-collections')

SwiftCompile normal arm64 /Users/steipete/Library/Developer/Xcode/DerivedData/CodeLooper-crrddjihwjtfkwegrjrymctnfixv/SourcePackages/checkouts/swift-collections/Sources/InternalCollectionsUtilities/IntegerTricks/autogenerated/UInt+reversed.swift (in target 'InternalCollectionsUtilities' from project 'swift-collections')
    cd /Users/steipete/Projects/CodeLooper
    

SwiftDriverJobDiscovery normal arm64 Compiling ViewModifiers.swift (in target 'KeyboardShortcuts' from project 'KeyboardShortcuts')

SwiftCompile normal arm64 Compiling\ _UnsafeBitSet+_Word.swift /Users/steipete/Library/Developer/Xcode/DerivedData/CodeLooper-crrddjihwjtfkwegrjrymctnfixv/SourcePackages/checkouts/swift-collections/Sources/InternalCollectionsUtilities/UnsafeBitSet/autogenerated/_UnsafeBitSet+_Word.swift (in target 'InternalCollectionsUtilities' from project 'swift-collections')

SwiftCompile normal arm64 /Users/steipete/Library/Developer/Xcode/DerivedData/CodeLooper-crrddjihwjtfkwegrjrymctnfixv/SourcePackages/checkouts/swift-collections/Sources/InternalCollectionsUtilities/UnsafeBitSet/autogenerated/_UnsafeBitSet+_Word.swift (in target 'InternalCollectionsUtilities' from project 'swift-collections')
    cd /Users/steipete/Projects/CodeLooper
    

SwiftDriverJobDiscovery normal arm64 Compiling Debugging.swift (in target 'InternalCollectionsUtilities' from project 'swift-collections')

SwiftDriverJobDiscovery normal arm64 Compiling Recorder.swift (in target 'KeyboardShortcuts' from project 'KeyboardShortcuts')

SwiftCompile normal arm64 Compiling\ ISOLatin1String.swift /Users/steipete/Library/Developer/Xcode/DerivedData/CodeLooper-crrddjihwjtfkwegrjrymctnfixv/SourcePackages/checkouts/swift-http-types/Sources/HTTPTypes/ISOLatin1String.swift (in target 'HTTPTypes' from project 'swift-http-types')

SwiftCompile normal arm64 /Users/steipete/Library/Developer/Xcode/DerivedData/CodeLooper-crrddjihwjtfkwegrjrymctnfixv/SourcePackages/checkouts/swift-http-types/Sources/HTTPTypes/ISOLatin1String.swift (in target 'HTTPTypes' from project 'swift-http-types')
    cd /Users/steipete/Projects/CodeLooper
    

SwiftDriverJobDiscovery normal arm64 Compiling Client.swift (in target 'Ollama' from project 'Ollama')

SwiftCompile normal arm64 Compiling\ HTTPFieldName.swift /Users/steipete/Library/Developer/Xcode/DerivedData/CodeLooper-crrddjihwjtfkwegrjrymctnfixv/SourcePackages/checkouts/swift-http-types/Sources/HTTPTypes/HTTPFieldName.swift (in target 'HTTPTypes' from project 'swift-http-types')

SwiftCompile normal arm64 /Users/steipete/Library/Developer/Xcode/DerivedData/CodeLooper-crrddjihwjtfkwegrjrymctnfixv/SourcePackages/checkouts/swift-http-types/Sources/HTTPTypes/HTTPFieldName.swift (in target 'HTTPTypes' from project 'swift-http-types')
    cd /Users/steipete/Projects/CodeLooper
    

SwiftDriver\ Compilation Ollama normal arm64 com.apple.xcode.tools.swift.compiler (in target 'Ollama' from project 'Ollama')
    cd /Users/steipete/Projects/CodeLooper
    builtin-Swift-Compilation -- /Applications/Xcode-beta.app/Contents/Developer/Toolchains/XcodeDefault.xctoolchain/usr/bin/swiftc -module-name Ollama -Onone -enforce-exclusivity\=checked @/Users/steipete/Library/Developer/Xcode/DerivedData/CodeLooper-crrddjihwjtfkwegrjrymctnfixv/Build/Intermediates.noindex/Ollama.build/Debug/Ollama.build/Objects-normal/arm64/Ollama.SwiftFileList -DSWIFT_PACKAGE -DDEBUG -DSWIFT_MODULE_RESOURCE_BUNDLE_UNAVAILABLE -DXcode -plugin-path /Applications/Xcode-beta.app/Contents/Developer/Toolchains/XcodeDefault.xctoolchain/usr/lib/swift/host/plugins/testing -enable-experimental-feature DebugDescriptionMacro -sdk /Applications/Xcode-beta.app/Contents/Developer/Platforms/MacOSX.platform/Developer/SDKs/MacOSX26.0.sdk -target arm64-apple-macos13.0 -g -module-cache-path /Users/steipete/Library/Developer/Xcode/DerivedData/ModuleCache.noindex -Xfrontend -serialize-debugging-options -profile-coverage-mapping -profile-generate -enable-testing -index-store-path /Users/steipete/Library/Developer/Xcode/DerivedData/CodeLooper-crrddjihwjtfkwegrjrymctnfixv/Index.noindex/DataStore -swift-version 6 -I /Users/steipete/Library/Developer/Xcode/DerivedData/CodeLooper-crrddjihwjtfkwegrjrymctnfixv/Build/Products/Debug -I /Applications/Xcode-beta.app/Contents/Developer/Platforms/MacOSX.platform/Developer/usr/lib -F /Users/steipete/Library/Developer/Xcode/DerivedData/CodeLooper-crrddjihwjtfkwegrjrymctnfixv/Build/Products/Debug -F /Applications/Xcode-beta.app/Contents/Developer/Platforms/MacOSX.platform/Developer/Library/Frameworks -c -j16 -enable-batch-mode -incremental -Xcc -ivfsstatcache -Xcc /Users/steipete/Library/Developer/Xcode/DerivedData/SDKStatCaches.noindex/macosx26.0-25A5279m-5d9328ff1a6613a11d359de947506b52.sdkstatcache -output-file-map /Users/steipete/Library/Developer/Xcode/DerivedData/CodeLooper-crrddjihwjtfkwegrjrymctnfixv/Build/Intermediates.noindex/Ollama.build/Debug/Ollama.build/Objects-normal/arm64/Ollama-OutputFileMap.json -use-frontend-parseable-output -save-temps -no-color-diagnostics -explicit-module-build -module-cache-path /Users/steipete/Library/Developer/Xcode/DerivedData/CodeLooper-crrddjihwjtfkwegrjrymctnfixv/Build/Intermediates.noindex/SwiftExplicitPrecompiledModules -clang-scanner-module-cache-path /Users/steipete/Library/Developer/Xcode/DerivedData/ModuleCache.noindex -sdk-module-cache-path /Users/steipete/Library/Developer/Xcode/DerivedData/ModuleCache.noindex -serialize-diagnostics -emit-dependencies -emit-module -emit-module-path /Users/steipete/Library/Developer/Xcode/DerivedData/CodeLooper-crrddjihwjtfkwegrjrymctnfixv/Build/Intermediates.noindex/Ollama.build/Debug/Ollama.build/Objects-normal/arm64/Ollama.swiftmodule -validate-clang-modules-once -clang-build-session-file /Users/steipete/Library/Developer/Xcode/DerivedData/ModuleCache.noindex/Session.modulevalidation -package-name ollama_swift -Xcc -I/Users/steipete/Library/Developer/Xcode/DerivedData/CodeLooper-crrddjihwjtfkwegrjrymctnfixv/Build/Intermediates.noindex/Ollama.build/Debug/Ollama.build/swift-overrides.hmap -emit-const-values -Xfrontend -const-gather-protocols-file -Xfrontend /Users/steipete/Library/Developer/Xcode/DerivedData/CodeLooper-crrddjihwjtfkwegrjrymctnfixv/Build/Intermediates.noindex/Ollama.build/Debug/Ollama.build/Objects-normal/arm64/Ollama_const_extract_protocols.json -Xcc -I/Users/steipete/Library/Developer/Xcode/DerivedData/CodeLooper-crrddjihwjtfkwegrjrymctnfixv/Build/Products/Debug/include -Xcc -I/Users/steipete/Library/Developer/Xcode/DerivedData/CodeLooper-crrddjihwjtfkwegrjrymctnfixv/Build/Intermediates.noindex/Ollama.build/Debug/Ollama.build/DerivedSources-normal/arm64 -Xcc -I/Users/steipete/Library/Developer/Xcode/DerivedData/CodeLooper-crrddjihwjtfkwegrjrymctnfixv/Build/Intermediates.noindex/Ollama.build/Debug/Ollama.build/DerivedSources/arm64 -Xcc -I/Users/steipete/Library/Developer/Xcode/DerivedData/CodeLooper-crrddjihwjtfkwegrjrymctnfixv/Build/Intermediates.noindex/Ollama.build/Debug/Ollama.build/DerivedSources -Xcc -DSWIFT_PACKAGE -Xcc -DDEBUG\=1 -emit-objc-header -emit-objc-header-path /Users/steipete/Library/Developer/Xcode/DerivedData/CodeLooper-crrddjihwjtfkwegrjrymctnfixv/Build/Intermediates.noindex/Ollama.build/Debug/Ollama.build/Objects-normal/arm64/Ollama-Swift.h -working-directory /Users/steipete/Projects/CodeLooper -experimental-emit-module-separately -disable-cmo

SwiftDriverJobDiscovery normal arm64 Compiling UnsafeMutableBufferPointer+Extras.swift (in target 'InternalCollectionsUtilities' from project 'swift-collections')

SwiftCompile normal arm64 Compiling\ HTTPRequest.swift /Users/steipete/Library/Developer/Xcode/DerivedData/CodeLooper-crrddjihwjtfkwegrjrymctnfixv/SourcePackages/checkouts/swift-http-types/Sources/HTTPTypes/HTTPRequest.swift (in target 'HTTPTypes' from project 'swift-http-types')

SwiftCompile normal arm64 /Users/steipete/Library/Developer/Xcode/DerivedData/CodeLooper-crrddjihwjtfkwegrjrymctnfixv/SourcePackages/checkouts/swift-http-types/Sources/HTTPTypes/HTTPRequest.swift (in target 'HTTPTypes' from project 'swift-http-types')
    cd /Users/steipete/Projects/CodeLooper
    

SwiftDriverJobDiscovery normal arm64 Compiling _UnsafeBitSet.swift (in target 'InternalCollectionsUtilities' from project 'swift-collections')

SwiftCompile normal arm64 Compiling\ HTTPField.swift /Users/steipete/Library/Developer/Xcode/DerivedData/CodeLooper-crrddjihwjtfkwegrjrymctnfixv/SourcePackages/checkouts/swift-http-types/Sources/HTTPTypes/HTTPField.swift (in target 'HTTPTypes' from project 'swift-http-types')

SwiftCompile normal arm64 /Users/steipete/Library/Developer/Xcode/DerivedData/CodeLooper-crrddjihwjtfkwegrjrymctnfixv/SourcePackages/checkouts/swift-http-types/Sources/HTTPTypes/HTTPField.swift (in target 'HTTPTypes' from project 'swift-http-types')
    cd /Users/steipete/Projects/CodeLooper
    

SwiftCompile normal arm64 Compiling\ HTTPFields.swift /Users/steipete/Library/Developer/Xcode/DerivedData/CodeLooper-crrddjihwjtfkwegrjrymctnfixv/SourcePackages/checkouts/swift-http-types/Sources/HTTPTypes/HTTPFields.swift (in target 'HTTPTypes' from project 'swift-http-types')

SwiftCompile normal arm64 /Users/steipete/Library/Developer/Xcode/DerivedData/CodeLooper-crrddjihwjtfkwegrjrymctnfixv/SourcePackages/checkouts/swift-http-types/Sources/HTTPTypes/HTTPFields.swift (in target 'HTTPTypes' from project 'swift-http-types')
    cd /Users/steipete/Projects/CodeLooper
    

SwiftDriverJobDiscovery normal arm64 Compiling Logging.swift (in target 'Logging' from project 'swift-log')

SwiftDriver\ Compilation Logging normal arm64 com.apple.xcode.tools.swift.compiler (in target 'Logging' from project 'swift-log')
    cd /Users/steipete/Projects/CodeLooper
    builtin-Swift-Compilation -- /Applications/Xcode-beta.app/Contents/Developer/Toolchains/XcodeDefault.xctoolchain/usr/bin/swiftc -module-name Logging -Onone -enforce-exclusivity\=checked @/Users/steipete/Library/Developer/Xcode/DerivedData/CodeLooper-crrddjihwjtfkwegrjrymctnfixv/Build/Intermediates.noindex/swift-log.build/Debug/Logging.build/Objects-normal/arm64/Logging.SwiftFileList -DSWIFT_PACKAGE -DDEBUG -DSWIFT_MODULE_RESOURCE_BUNDLE_UNAVAILABLE -DXcode -enable-experimental-feature StrictConcurrency\=complete -enable-upcoming-feature MemberImportVisibility -plugin-path /Applications/Xcode-beta.app/Contents/Developer/Toolchains/XcodeDefault.xctoolchain/usr/lib/swift/host/plugins/testing -enable-experimental-feature DebugDescriptionMacro -sdk /Applications/Xcode-beta.app/Contents/Developer/Platforms/MacOSX.platform/Developer/SDKs/MacOSX26.0.sdk -target arm64-apple-macos10.13 -g -module-cache-path /Users/steipete/Library/Developer/Xcode/DerivedData/ModuleCache.noindex -Xfrontend -serialize-debugging-options -profile-coverage-mapping -profile-generate -enable-testing -suppress-warnings -index-store-path /Users/steipete/Library/Developer/Xcode/DerivedData/CodeLooper-crrddjihwjtfkwegrjrymctnfixv/Index.noindex/DataStore -swift-version 5 -I /Users/steipete/Library/Developer/Xcode/DerivedData/CodeLooper-crrddjihwjtfkwegrjrymctnfixv/Build/Products/Debug -I /Applications/Xcode-beta.app/Contents/Developer/Platforms/MacOSX.platform/Developer/usr/lib -F /Users/steipete/Library/Developer/Xcode/DerivedData/CodeLooper-crrddjihwjtfkwegrjrymctnfixv/Build/Products/Debug -F /Applications/Xcode-beta.app/Contents/Developer/Platforms/MacOSX.platform/Developer/Library/Frameworks -c -j16 -enable-batch-mode -incremental -Xcc -ivfsstatcache -Xcc /Users/steipete/Library/Developer/Xcode/DerivedData/SDKStatCaches.noindex/macosx26.0-25A5279m-5d9328ff1a6613a11d359de947506b52.sdkstatcache -output-file-map /Users/steipete/Library/Developer/Xcode/DerivedData/CodeLooper-crrddjihwjtfkwegrjrymctnfixv/Build/Intermediates.noindex/swift-log.build/Debug/Logging.build/Objects-normal/arm64/Logging-OutputFileMap.json -use-frontend-parseable-output -save-temps -no-color-diagnostics -explicit-module-build -module-cache-path /Users/steipete/Library/Developer/Xcode/DerivedData/CodeLooper-crrddjihwjtfkwegrjrymctnfixv/Build/Intermediates.noindex/SwiftExplicitPrecompiledModules -clang-scanner-module-cache-path /Users/steipete/Library/Developer/Xcode/DerivedData/ModuleCache.noindex -sdk-module-cache-path /Users/steipete/Library/Developer/Xcode/DerivedData/ModuleCache.noindex -serialize-diagnostics -emit-dependencies -emit-module -emit-module-path /Users/steipete/Library/Developer/Xcode/DerivedData/CodeLooper-crrddjihwjtfkwegrjrymctnfixv/Build/Intermediates.noindex/swift-log.build/Debug/Logging.build/Objects-normal/arm64/Logging.swiftmodule -validate-clang-modules-once -clang-build-session-file /Users/steipete/Library/Developer/Xcode/DerivedData/ModuleCache.noindex/Session.modulevalidation -package-name swift_log -Xcc -I/Users/steipete/Library/Developer/Xcode/DerivedData/CodeLooper-crrddjihwjtfkwegrjrymctnfixv/Build/Intermediates.noindex/swift-log.build/Debug/Logging.build/swift-overrides.hmap -emit-const-values -Xfrontend -const-gather-protocols-file -Xfrontend /Users/steipete/Library/Developer/Xcode/DerivedData/CodeLooper-crrddjihwjtfkwegrjrymctnfixv/Build/Intermediates.noindex/swift-log.build/Debug/Logging.build/Objects-normal/arm64/Logging_const_extract_protocols.json -Xcc -I/Users/steipete/Library/Developer/Xcode/DerivedData/CodeLooper-crrddjihwjtfkwegrjrymctnfixv/Build/Products/Debug/include -Xcc -I/Users/steipete/Library/Developer/Xcode/DerivedData/CodeLooper-crrddjihwjtfkwegrjrymctnfixv/Build/Intermediates.noindex/swift-log.build/Debug/Logging.build/DerivedSources-normal/arm64 -Xcc -I/Users/steipete/Library/Developer/Xcode/DerivedData/CodeLooper-crrddjihwjtfkwegrjrymctnfixv/Build/Intermediates.noindex/swift-log.build/Debug/Logging.build/DerivedSources/arm64 -Xcc -I/Users/steipete/Library/Developer/Xcode/DerivedData/CodeLooper-crrddjihwjtfkwegrjrymctnfixv/Build/Intermediates.noindex/swift-log.build/Debug/Logging.build/DerivedSources -Xcc -DSWIFT_PACKAGE -Xcc -DDEBUG\=1 -emit-objc-header -emit-objc-header-path /Users/steipete/Library/Developer/Xcode/DerivedData/CodeLooper-crrddjihwjtfkwegrjrymctnfixv/Build/Intermediates.noindex/swift-log.build/Debug/Logging.build/Objects-normal/arm64/Logging-Swift.h -working-directory /Users/steipete/Projects/CodeLooper -experimental-emit-module-separately -disable-cmo

SwiftDriverJobDiscovery normal arm64 Compiling FixedWidthInteger+roundUpToPowerOfTwo.swift (in target 'InternalCollectionsUtilities' from project 'swift-collections')

SwiftCompile normal arm64 Compiling\ NIOLock.swift /Users/steipete/Library/Developer/Xcode/DerivedData/CodeLooper-crrddjihwjtfkwegrjrymctnfixv/SourcePackages/checkouts/swift-http-types/Sources/HTTPTypes/NIOLock.swift (in target 'HTTPTypes' from project 'swift-http-types')

SwiftCompile normal arm64 /Users/steipete/Library/Developer/Xcode/DerivedData/CodeLooper-crrddjihwjtfkwegrjrymctnfixv/SourcePackages/checkouts/swift-http-types/Sources/HTTPTypes/NIOLock.swift (in target 'HTTPTypes' from project 'swift-http-types')
    cd /Users/steipete/Projects/CodeLooper
    

SwiftCompile normal arm64 Compiling\ HTTPParsedFields.swift /Users/steipete/Library/Developer/Xcode/DerivedData/CodeLooper-crrddjihwjtfkwegrjrymctnfixv/SourcePackages/checkouts/swift-http-types/Sources/HTTPTypes/HTTPParsedFields.swift (in target 'HTTPTypes' from project 'swift-http-types')

SwiftCompile normal arm64 /Users/steipete/Library/Developer/Xcode/DerivedData/CodeLooper-crrddjihwjtfkwegrjrymctnfixv/SourcePackages/checkouts/swift-http-types/Sources/HTTPTypes/HTTPParsedFields.swift (in target 'HTTPTypes' from project 'swift-http-types')
    cd /Users/steipete/Projects/CodeLooper
    

SwiftDriverJobDiscovery normal arm64 Compiling _UnsafeBitSet+Index.swift (in target 'InternalCollectionsUtilities' from project 'swift-collections')

SwiftCompile normal arm64 Compiling\ HTTPResponse.swift /Users/steipete/Library/Developer/Xcode/DerivedData/CodeLooper-crrddjihwjtfkwegrjrymctnfixv/SourcePackages/checkouts/swift-http-types/Sources/HTTPTypes/HTTPResponse.swift (in target 'HTTPTypes' from project 'swift-http-types')

SwiftCompile normal arm64 /Users/steipete/Library/Developer/Xcode/DerivedData/CodeLooper-crrddjihwjtfkwegrjrymctnfixv/SourcePackages/checkouts/swift-http-types/Sources/HTTPTypes/HTTPResponse.swift (in target 'HTTPTypes' from project 'swift-http-types')
    cd /Users/steipete/Projects/CodeLooper
    

SwiftDriverJobDiscovery normal arm64 Compiling UInt+first and last set bit.swift (in target 'InternalCollectionsUtilities' from project 'swift-collections')

SwiftDriverJobDiscovery normal arm64 Compiling Integer rank.swift (in target 'InternalCollectionsUtilities' from project 'swift-collections')

SwiftCompile normal arm64 Compiling\ DSShimmer.swift /Users/steipete/Projects/CodeLooper/DesignSystem/Sources/DesignSystem/Components/DSShimmer.swift (in target 'DesignSystem' from project 'DesignSystem')

SwiftCompile normal arm64 /Users/steipete/Projects/CodeLooper/DesignSystem/Sources/DesignSystem/Components/DSShimmer.swift (in target 'DesignSystem' from project 'DesignSystem')
    cd /Users/steipete/Projects/CodeLooper
    

SwiftDriverJobDiscovery normal arm64 Compiling UInt+reversed.swift (in target 'InternalCollectionsUtilities' from project 'swift-collections')

SwiftCompile normal arm64 Compiling\ TextStyles.swift /Users/steipete/Projects/CodeLooper/DesignSystem/Sources/DesignSystem/Typography/TextStyles.swift (in target 'DesignSystem' from project 'DesignSystem')

SwiftCompile normal arm64 /Users/steipete/Projects/CodeLooper/DesignSystem/Sources/DesignSystem/Typography/TextStyles.swift (in target 'DesignSystem' from project 'DesignSystem')
    cd /Users/steipete/Projects/CodeLooper
    

SwiftDriverJobDiscovery normal arm64 Compiling RecorderCocoa.swift (in target 'KeyboardShortcuts' from project 'KeyboardShortcuts')

SwiftCompile normal arm64 Compiling\ DSToggle.swift /Users/steipete/Projects/CodeLooper/DesignSystem/Sources/DesignSystem/Components/DSToggle.swift (in target 'DesignSystem' from project 'DesignSystem')

SwiftCompile normal arm64 /Users/steipete/Projects/CodeLooper/DesignSystem/Sources/DesignSystem/Components/DSToggle.swift (in target 'DesignSystem' from project 'DesignSystem')
    cd /Users/steipete/Projects/CodeLooper
    

SwiftCompile normal arm64 Compiling\ DSSlider.swift /Users/steipete/Projects/CodeLooper/DesignSystem/Sources/DesignSystem/Components/DSSlider.swift (in target 'DesignSystem' from project 'DesignSystem')

SwiftCompile normal arm64 /Users/steipete/Projects/CodeLooper/DesignSystem/Sources/DesignSystem/Components/DSSlider.swift (in target 'DesignSystem' from project 'DesignSystem')
    cd /Users/steipete/Projects/CodeLooper
    

SwiftDriverJobDiscovery normal arm64 Compiling Shortcut.swift (in target 'KeyboardShortcuts' from project 'KeyboardShortcuts')

SwiftCompile normal arm64 Compiling\ MaterialPalette.swift,\ DSBadge.swift /Users/steipete/Projects/CodeLooper/DesignSystem/Sources/DesignSystem/Colors/MaterialPalette.swift /Users/steipete/Projects/CodeLooper/DesignSystem/Sources/DesignSystem/Components/DSBadge.swift (in target 'DesignSystem' from project 'DesignSystem')

SwiftCompile normal arm64 /Users/steipete/Projects/CodeLooper/DesignSystem/Sources/DesignSystem/Colors/MaterialPalette.swift (in target 'DesignSystem' from project 'DesignSystem')
    cd /Users/steipete/Projects/CodeLooper
    

SwiftCompile normal arm64 /Users/steipete/Projects/CodeLooper/DesignSystem/Sources/DesignSystem/Components/DSBadge.swift (in target 'DesignSystem' from project 'DesignSystem')
    cd /Users/steipete/Projects/CodeLooper
    

SwiftDriverJobDiscovery normal arm64 Compiling Utilities.swift (in target 'KeyboardShortcuts' from project 'KeyboardShortcuts')

SwiftCompile normal arm64 Compiling\ View+DesignSystem.swift /Users/steipete/Projects/CodeLooper/DesignSystem/Sources/DesignSystem/Extensions/View+DesignSystem.swift (in target 'DesignSystem' from project 'DesignSystem')

SwiftCompile normal arm64 /Users/steipete/Projects/CodeLooper/DesignSystem/Sources/DesignSystem/Extensions/View+DesignSystem.swift (in target 'DesignSystem' from project 'DesignSystem')
    cd /Users/steipete/Projects/CodeLooper
    

SwiftDriverJobDiscovery normal arm64 Compiling CarbonKeyboardShortcuts.swift (in target 'KeyboardShortcuts' from project 'KeyboardShortcuts')

SwiftDriverJobDiscovery normal arm64 Compiling NIOLock.swift (in target 'HTTPTypes' from project 'swift-http-types')

SwiftDriver\ Compilation KeyboardShortcuts normal arm64 com.apple.xcode.tools.swift.compiler (in target 'KeyboardShortcuts' from project 'KeyboardShortcuts')
    cd /Users/steipete/Projects/CodeLooper
    builtin-Swift-Compilation -- /Applications/Xcode-beta.app/Contents/Developer/Toolchains/XcodeDefault.xctoolchain/usr/bin/swiftc -module-name KeyboardShortcuts -Onone -enforce-exclusivity\=checked @/Users/steipete/Library/Developer/Xcode/DerivedData/CodeLooper-crrddjihwjtfkwegrjrymctnfixv/Build/Intermediates.noindex/KeyboardShortcuts.build/Debug/KeyboardShortcuts.build/Objects-normal/arm64/KeyboardShortcuts.SwiftFileList -DSWIFT_PACKAGE -DDEBUG -DSWIFT_MODULE_RESOURCE_BUNDLE_AVAILABLE -DXcode -plugin-path /Applications/Xcode-beta.app/Contents/Developer/Toolchains/XcodeDefault.xctoolchain/usr/lib/swift/host/plugins/testing -enable-experimental-feature DebugDescriptionMacro -sdk /Applications/Xcode-beta.app/Contents/Developer/Platforms/MacOSX.platform/Developer/SDKs/MacOSX26.0.sdk -target arm64-apple-macos10.15 -g -module-cache-path /Users/steipete/Library/Developer/Xcode/DerivedData/ModuleCache.noindex -Xfrontend -serialize-debugging-options -profile-coverage-mapping -profile-generate -enable-testing -suppress-warnings -index-store-path /Users/steipete/Library/Developer/Xcode/DerivedData/CodeLooper-crrddjihwjtfkwegrjrymctnfixv/Index.noindex/DataStore -swift-version 5 -I /Users/steipete/Library/Developer/Xcode/DerivedData/CodeLooper-crrddjihwjtfkwegrjrymctnfixv/Build/Products/Debug -I /Applications/Xcode-beta.app/Contents/Developer/Platforms/MacOSX.platform/Developer/usr/lib -F /Users/steipete/Library/Developer/Xcode/DerivedData/CodeLooper-crrddjihwjtfkwegrjrymctnfixv/Build/Products/Debug -F /Applications/Xcode-beta.app/Contents/Developer/Platforms/MacOSX.platform/Developer/Library/Frameworks -emit-localized-strings -emit-localized-strings-path /Users/steipete/Library/Developer/Xcode/DerivedData/CodeLooper-crrddjihwjtfkwegrjrymctnfixv/Build/Intermediates.noindex/KeyboardShortcuts.build/Debug/KeyboardShortcuts.build/Objects-normal/arm64 -c -j16 -enable-batch-mode -incremental -Xcc -ivfsstatcache -Xcc /Users/steipete/Library/Developer/Xcode/DerivedData/SDKStatCaches.noindex/macosx26.0-25A5279m-5d9328ff1a6613a11d359de947506b52.sdkstatcache -output-file-map /Users/steipete/Library/Developer/Xcode/DerivedData/CodeLooper-crrddjihwjtfkwegrjrymctnfixv/Build/Intermediates.noindex/KeyboardShortcuts.build/Debug/KeyboardShortcuts.build/Objects-normal/arm64/KeyboardShortcuts-OutputFileMap.json -use-frontend-parseable-output -save-temps -no-color-diagnostics -explicit-module-build -module-cache-path /Users/steipete/Library/Developer/Xcode/DerivedData/CodeLooper-crrddjihwjtfkwegrjrymctnfixv/Build/Intermediates.noindex/SwiftExplicitPrecompiledModules -clang-scanner-module-cache-path /Users/steipete/Library/Developer/Xcode/DerivedData/ModuleCache.noindex -sdk-module-cache-path /Users/steipete/Library/Developer/Xcode/DerivedData/ModuleCache.noindex -serialize-diagnostics -emit-dependencies -emit-module -emit-module-path /Users/steipete/Library/Developer/Xcode/DerivedData/CodeLooper-crrddjihwjtfkwegrjrymctnfixv/Build/Intermediates.noindex/KeyboardShortcuts.build/Debug/KeyboardShortcuts.build/Objects-normal/arm64/KeyboardShortcuts.swiftmodule -validate-clang-modules-once -clang-build-session-file /Users/steipete/Library/Developer/Xcode/DerivedData/ModuleCache.noindex/Session.modulevalidation -package-name keyboardshortcuts -Xcc -I/Users/steipete/Library/Developer/Xcode/DerivedData/CodeLooper-crrddjihwjtfkwegrjrymctnfixv/Build/Intermediates.noindex/KeyboardShortcuts.build/Debug/KeyboardShortcuts.build/swift-overrides.hmap -emit-const-values -Xfrontend -const-gather-protocols-file -Xfrontend /Users/steipete/Library/Developer/Xcode/DerivedData/CodeLooper-crrddjihwjtfkwegrjrymctnfixv/Build/Intermediates.noindex/KeyboardShortcuts.build/Debug/KeyboardShortcuts.build/Objects-normal/arm64/KeyboardShortcuts_const_extract_protocols.json -Xcc -I/Users/steipete/Library/Developer/Xcode/DerivedData/CodeLooper-crrddjihwjtfkwegrjrymctnfixv/Build/Products/Debug/include -Xcc -I/Users/steipete/Library/Developer/Xcode/DerivedData/CodeLooper-crrddjihwjtfkwegrjrymctnfixv/Build/Intermediates.noindex/KeyboardShortcuts.build/Debug/KeyboardShortcuts.build/DerivedSources-normal/arm64 -Xcc -I/Users/steipete/Library/Developer/Xcode/DerivedData/CodeLooper-crrddjihwjtfkwegrjrymctnfixv/Build/Intermediates.noindex/KeyboardShortcuts.build/Debug/KeyboardShortcuts.build/DerivedSources/arm64 -Xcc -I/Users/steipete/Library/Developer/Xcode/DerivedData/CodeLooper-crrddjihwjtfkwegrjrymctnfixv/Build/Intermediates.noindex/KeyboardShortcuts.build/Debug/KeyboardShortcuts.build/DerivedSources -Xcc -DSWIFT_PACKAGE -Xcc -DDEBUG\=1 -emit-objc-header -emit-objc-header-path /Users/steipete/Library/Developer/Xcode/DerivedData/CodeLooper-crrddjihwjtfkwegrjrymctnfixv/Build/Intermediates.noindex/KeyboardShortcuts.build/Debug/KeyboardShortcuts.build/Objects-normal/arm64/KeyboardShortcuts-Swift.h -working-directory /Users/steipete/Projects/CodeLooper -experimental-emit-module-separately -disable-cmo

SwiftDriverJobDiscovery normal arm64 Compiling ISOLatin1String.swift (in target 'HTTPTypes' from project 'swift-http-types')

SwiftCompile normal arm64 Compiling\ DSTextField.swift /Users/steipete/Projects/CodeLooper/DesignSystem/Sources/DesignSystem/Components/DSTextField.swift (in target 'DesignSystem' from project 'DesignSystem')

SwiftCompile normal arm64 /Users/steipete/Projects/CodeLooper/DesignSystem/Sources/DesignSystem/Components/DSTextField.swift (in target 'DesignSystem' from project 'DesignSystem')
    cd /Users/steipete/Projects/CodeLooper
    

SwiftCompile normal arm64 Compiling\ Spacing.swift /Users/steipete/Projects/CodeLooper/DesignSystem/Sources/DesignSystem/Spacing/Spacing.swift (in target 'DesignSystem' from project 'DesignSystem')

SwiftCompile normal arm64 /Users/steipete/Projects/CodeLooper/DesignSystem/Sources/DesignSystem/Spacing/Spacing.swift (in target 'DesignSystem' from project 'DesignSystem')
    cd /Users/steipete/Projects/CodeLooper
    

SwiftCompile normal arm64 Compiling\ ColorPalette.swift,\ ColorTheme.swift /Users/steipete/Projects/CodeLooper/DesignSystem/Sources/DesignSystem/Colors/ColorPalette.swift /Users/steipete/Projects/CodeLooper/DesignSystem/Sources/DesignSystem/Colors/ColorTheme.swift (in target 'DesignSystem' from project 'DesignSystem')

SwiftCompile normal arm64 /Users/steipete/Projects/CodeLooper/DesignSystem/Sources/DesignSystem/Colors/ColorPalette.swift (in target 'DesignSystem' from project 'DesignSystem')
    cd /Users/steipete/Projects/CodeLooper
    

SwiftCompile normal arm64 /Users/steipete/Projects/CodeLooper/DesignSystem/Sources/DesignSystem/Colors/ColorTheme.swift (in target 'DesignSystem' from project 'DesignSystem')
    cd /Users/steipete/Projects/CodeLooper
    

SwiftDriverJobDiscovery normal arm64 Compiling _UnsafeBitSet+_Word.swift (in target 'InternalCollectionsUtilities' from project 'swift-collections')

SwiftCompile normal arm64 Compiling\ Layout.swift /Users/steipete/Projects/CodeLooper/DesignSystem/Sources/DesignSystem/Spacing/Layout.swift (in target 'DesignSystem' from project 'DesignSystem')

SwiftCompile normal arm64 /Users/steipete/Projects/CodeLooper/DesignSystem/Sources/DesignSystem/Spacing/Layout.swift (in target 'DesignSystem' from project 'DesignSystem')
    cd /Users/steipete/Projects/CodeLooper
    

SwiftDriverJobDiscovery normal arm64 Compiling HTTPFieldName.swift (in target 'HTTPTypes' from project 'swift-http-types')

SwiftDriverJobDiscovery normal arm64 Compiling TextStyles.swift (in target 'DesignSystem' from project 'DesignSystem')

SwiftDriver\ Compilation InternalCollectionsUtilities normal arm64 com.apple.xcode.tools.swift.compiler (in target 'InternalCollectionsUtilities' from project 'swift-collections')
    cd /Users/steipete/Projects/CodeLooper
    builtin-Swift-Compilation -- /Applications/Xcode-beta.app/Contents/Developer/Toolchains/XcodeDefault.xctoolchain/usr/bin/swiftc -module-name InternalCollectionsUtilities -Onone -enforce-exclusivity\=checked @/Users/steipete/Library/Developer/Xcode/DerivedData/CodeLooper-crrddjihwjtfkwegrjrymctnfixv/Build/Intermediates.noindex/swift-collections.build/Debug/InternalCollectionsUtilities.build/Objects-normal/arm64/InternalCollectionsUtilities.SwiftFileList -DSWIFT_PACKAGE -DDEBUG -DSWIFT_MODULE_RESOURCE_BUNDLE_UNAVAILABLE -DCOLLECTIONS_RANDOMIZED_TESTING -DXcode -plugin-path /Applications/Xcode-beta.app/Contents/Developer/Toolchains/XcodeDefault.xctoolchain/usr/lib/swift/host/plugins/testing -enable-experimental-feature DebugDescriptionMacro -sdk /Applications/Xcode-beta.app/Contents/Developer/Platforms/MacOSX.platform/Developer/SDKs/MacOSX26.0.sdk -target arm64-apple-macos10.13 -g -module-cache-path /Users/steipete/Library/Developer/Xcode/DerivedData/ModuleCache.noindex -Xfrontend -serialize-debugging-options -profile-coverage-mapping -profile-generate -enable-testing -suppress-warnings -index-store-path /Users/steipete/Library/Developer/Xcode/DerivedData/CodeLooper-crrddjihwjtfkwegrjrymctnfixv/Index.noindex/DataStore -swift-version 5 -I /Users/steipete/Library/Developer/Xcode/DerivedData/CodeLooper-crrddjihwjtfkwegrjrymctnfixv/Build/Products/Debug -I /Applications/Xcode-beta.app/Contents/Developer/Platforms/MacOSX.platform/Developer/usr/lib -F /Users/steipete/Library/Developer/Xcode/DerivedData/CodeLooper-crrddjihwjtfkwegrjrymctnfixv/Build/Products/Debug -F /Applications/Xcode-beta.app/Contents/Developer/Platforms/MacOSX.platform/Developer/Library/Frameworks -c -j16 -enable-batch-mode -incremental -Xcc -ivfsstatcache -Xcc /Users/steipete/Library/Developer/Xcode/DerivedData/SDKStatCaches.noindex/macosx26.0-25A5279m-5d9328ff1a6613a11d359de947506b52.sdkstatcache -output-file-map /Users/steipete/Library/Developer/Xcode/DerivedData/CodeLooper-crrddjihwjtfkwegrjrymctnfixv/Build/Intermediates.noindex/swift-collections.build/Debug/InternalCollectionsUtilities.build/Objects-normal/arm64/InternalCollectionsUtilities-OutputFileMap.json -use-frontend-parseable-output -save-temps -no-color-diagnostics -explicit-module-build -module-cache-path /Users/steipete/Library/Developer/Xcode/DerivedData/CodeLooper-crrddjihwjtfkwegrjrymctnfixv/Build/Intermediates.noindex/SwiftExplicitPrecompiledModules -clang-scanner-module-cache-path /Users/steipete/Library/Developer/Xcode/DerivedData/ModuleCache.noindex -sdk-module-cache-path /Users/steipete/Library/Developer/Xcode/DerivedData/ModuleCache.noindex -serialize-diagnostics -emit-dependencies -emit-module -emit-module-path /Users/steipete/Library/Developer/Xcode/DerivedData/CodeLooper-crrddjihwjtfkwegrjrymctnfixv/Build/Intermediates.noindex/swift-collections.build/Debug/InternalCollectionsUtilities.build/Objects-normal/arm64/InternalCollectionsUtilities.swiftmodule -validate-clang-modules-once -clang-build-session-file /Users/steipete/Library/Developer/Xcode/DerivedData/ModuleCache.noindex/Session.modulevalidation -package-name swift_collections -Xcc -I/Users/steipete/Library/Developer/Xcode/DerivedData/CodeLooper-crrddjihwjtfkwegrjrymctnfixv/Build/Intermediates.noindex/swift-collections.build/Debug/InternalCollectionsUtilities.build/swift-overrides.hmap -emit-const-values -Xfrontend -const-gather-protocols-file -Xfrontend /Users/steipete/Library/Developer/Xcode/DerivedData/CodeLooper-crrddjihwjtfkwegrjrymctnfixv/Build/Intermediates.noindex/swift-collections.build/Debug/InternalCollectionsUtilities.build/Objects-normal/arm64/InternalCollectionsUtilities_const_extract_protocols.json -Xcc -I/Users/steipete/Library/Developer/Xcode/DerivedData/CodeLooper-crrddjihwjtfkwegrjrymctnfixv/Build/Products/Debug/include -Xcc -I/Users/steipete/Library/Developer/Xcode/DerivedData/CodeLooper-crrddjihwjtfkwegrjrymctnfixv/Build/Intermediates.noindex/swift-collections.build/Debug/InternalCollectionsUtilities.build/DerivedSources-normal/arm64 -Xcc -I/Users/steipete/Library/Developer/Xcode/DerivedData/CodeLooper-crrddjihwjtfkwegrjrymctnfixv/Build/Intermediates.noindex/swift-collections.build/Debug/InternalCollectionsUtilities.build/DerivedSources/arm64 -Xcc -I/Users/steipete/Library/Developer/Xcode/DerivedData/CodeLooper-crrddjihwjtfkwegrjrymctnfixv/Build/Intermediates.noindex/swift-collections.build/Debug/InternalCollectionsUtilities.build/DerivedSources -Xcc -DSWIFT_PACKAGE -Xcc -DDEBUG\=1 -emit-objc-header -emit-objc-header-path /Users/steipete/Library/Developer/Xcode/DerivedData/CodeLooper-crrddjihwjtfkwegrjrymctnfixv/Build/Intermediates.noindex/swift-collections.build/Debug/InternalCollectionsUtilities.build/Objects-normal/arm64/InternalCollectionsUtilities-Swift.h -working-directory /Users/steipete/Projects/CodeLooper -experimental-emit-module-separately -disable-cmo

SwiftCompile normal arm64 Compiling\ DSSection.swift /Users/steipete/Projects/CodeLooper/DesignSystem/Sources/DesignSystem/Components/DSSection.swift (in target 'DesignSystem' from project 'DesignSystem')

SwiftCompile normal arm64 /Users/steipete/Projects/CodeLooper/DesignSystem/Sources/DesignSystem/Components/DSSection.swift (in target 'DesignSystem' from project 'DesignSystem')
    cd /Users/steipete/Projects/CodeLooper
    

SwiftCompile normal arm64 Compiling\ DesignSystem.swift /Users/steipete/Projects/CodeLooper/DesignSystem/Sources/DesignSystem/DesignSystem.swift (in target 'DesignSystem' from project 'DesignSystem')

SwiftCompile normal arm64 /Users/steipete/Projects/CodeLooper/DesignSystem/Sources/DesignSystem/DesignSystem.swift (in target 'DesignSystem' from project 'DesignSystem')
    cd /Users/steipete/Projects/CodeLooper
    

SwiftCompile normal arm64 Compiling\ Typography.swift /Users/steipete/Projects/CodeLooper/DesignSystem/Sources/DesignSystem/Typography/Typography.swift (in target 'DesignSystem' from project 'DesignSystem')

SwiftCompile normal arm64 /Users/steipete/Projects/CodeLooper/DesignSystem/Sources/DesignSystem/Typography/Typography.swift (in target 'DesignSystem' from project 'DesignSystem')
    cd /Users/steipete/Projects/CodeLooper
    

SwiftDriverJobDiscovery normal arm64 Compiling HTTPParsedFields.swift (in target 'HTTPTypes' from project 'swift-http-types')

SwiftDriverJobDiscovery normal arm64 Compiling HTTPField.swift (in target 'HTTPTypes' from project 'swift-http-types')

SwiftCompile normal arm64 Compiling\ DSTabView.swift /Users/steipete/Projects/CodeLooper/DesignSystem/Sources/DesignSystem/Components/DSTabView.swift (in target 'DesignSystem' from project 'DesignSystem')
SwiftCompile normal arm64 /Users/steipete/Projects/CodeLooper/DesignSystem/Sources/DesignSystem/Components/DSTabView.swift (in target 'DesignSystem' from project 'DesignSystem')
    cd /Users/steipete/Projects/CodeLooper
    

SwiftDriverJobDiscovery normal arm64 Compiling DSShimmer.swift (in target 'DesignSystem' from project 'DesignSystem')

SwiftCompile normal arm64 Compiling\ DSDivider.swift,\ DSPicker.swift /Users/steipete/Projects/CodeLooper/DesignSystem/Sources/DesignSystem/Components/DSDivider.swift /Users/steipete/Projects/CodeLooper/DesignSystem/Sources/DesignSystem/Components/DSPicker.swift (in target 'DesignSystem' from project 'DesignSystem')

SwiftCompile normal arm64 /Users/steipete/Projects/CodeLooper/DesignSystem/Sources/DesignSystem/Components/DSDivider.swift (in target 'DesignSystem' from project 'DesignSystem')
    cd /Users/steipete/Projects/CodeLooper
    

SwiftCompile normal arm64 /Users/steipete/Projects/CodeLooper/DesignSystem/Sources/DesignSystem/Components/DSPicker.swift (in target 'DesignSystem' from project 'DesignSystem')
    cd /Users/steipete/Projects/CodeLooper
    

SwiftDriverJobDiscovery normal arm64 Compiling DSToggle.swift (in target 'DesignSystem' from project 'DesignSystem')

SwiftCompile normal arm64 Compiling\ DSButton.swift,\ DSCard.swift /Users/steipete/Projects/CodeLooper/DesignSystem/Sources/DesignSystem/Components/DSButton.swift /Users/steipete/Projects/CodeLooper/DesignSystem/Sources/DesignSystem/Components/DSCard.swift (in target 'DesignSystem' from project 'DesignSystem')
SwiftCompile normal arm64 /Users/steipete/Projects/CodeLooper/DesignSystem/Sources/DesignSystem/Components/DSButton.swift (in target 'DesignSystem' from project 'DesignSystem')
    cd /Users/steipete/Projects/CodeLooper
    

SwiftCompile normal arm64 /Users/steipete/Projects/CodeLooper/DesignSystem/Sources/DesignSystem/Components/DSCard.swift (in target 'DesignSystem' from project 'DesignSystem')
    cd /Users/steipete/Projects/CodeLooper
    

SwiftDriverJobDiscovery normal arm64 Compiling DSSlider.swift (in target 'DesignSystem' from project 'DesignSystem')

SwiftDriverJobDiscovery normal arm64 Compiling Spacing.swift (in target 'DesignSystem' from project 'DesignSystem')

SwiftCompile normal arm64 Compiling\ TurndownRuntime.swift /Users/steipete/Library/Developer/Xcode/DerivedData/CodeLooper-crrddjihwjtfkwegrjrymctnfixv/SourcePackages/checkouts/Demark/Sources/Demark/TurndownRuntime.swift (in target 'Demark' from project 'Demark')
SwiftCompile normal arm64 /Users/steipete/Library/Developer/Xcode/DerivedData/CodeLooper-crrddjihwjtfkwegrjrymctnfixv/SourcePackages/checkouts/Demark/Sources/Demark/TurndownRuntime.swift (in target 'Demark' from project 'Demark')
    cd /Users/steipete/Projects/CodeLooper
    

SwiftCompile normal arm64 Compiling\ Demark.swift /Users/steipete/Library/Developer/Xcode/DerivedData/CodeLooper-crrddjihwjtfkwegrjrymctnfixv/SourcePackages/checkouts/Demark/Sources/Demark/Demark.swift (in target 'Demark' from project 'Demark')

SwiftCompile normal arm64 /Users/steipete/Library/Developer/Xcode/DerivedData/CodeLooper-crrddjihwjtfkwegrjrymctnfixv/SourcePackages/checkouts/Demark/Sources/Demark/Demark.swift (in target 'Demark' from project 'Demark')
    cd /Users/steipete/Projects/CodeLooper
    

SwiftDriverJobDiscovery normal arm64 Compiling HTTPRequest.swift (in target 'HTTPTypes' from project 'swift-http-types')

SwiftCompile normal arm64 Compiling\ BundleResourceHelper.swift /Users/steipete/Library/Developer/Xcode/DerivedData/CodeLooper-crrddjihwjtfkwegrjrymctnfixv/SourcePackages/checkouts/Demark/Sources/Demark/BundleResourceHelper.swift (in target 'Demark' from project 'Demark')

SwiftCompile normal arm64 /Users/steipete/Library/Developer/Xcode/DerivedData/CodeLooper-crrddjihwjtfkwegrjrymctnfixv/SourcePackages/checkouts/Demark/Sources/Demark/BundleResourceHelper.swift (in target 'Demark' from project 'Demark')
    cd /Users/steipete/Projects/CodeLooper
    

SwiftDriverJobDiscovery normal arm64 Compiling View+DesignSystem.swift (in target 'DesignSystem' from project 'DesignSystem')

SwiftCompile normal arm64 Compiling\ DemarkTypes.swift /Users/steipete/Library/Developer/Xcode/DerivedData/CodeLooper-crrddjihwjtfkwegrjrymctnfixv/SourcePackages/checkouts/Demark/Sources/Demark/DemarkTypes.swift (in target 'Demark' from project 'Demark')

SwiftCompile normal arm64 /Users/steipete/Library/Developer/Xcode/DerivedData/CodeLooper-crrddjihwjtfkwegrjrymctnfixv/SourcePackages/checkouts/Demark/Sources/Demark/DemarkTypes.swift (in target 'Demark' from project 'Demark')
    cd /Users/steipete/Projects/CodeLooper
    

SwiftDriverJobDiscovery normal arm64 Compiling Layout.swift (in target 'DesignSystem' from project 'DesignSystem')

SwiftCompile normal arm64 Compiling\ HTMLToMdRuntime.swift /Users/steipete/Library/Developer/Xcode/DerivedData/CodeLooper-crrddjihwjtfkwegrjrymctnfixv/SourcePackages/checkouts/Demark/Sources/Demark/HTMLToMdRuntime.swift (in target 'Demark' from project 'Demark')

SwiftCompile normal arm64 /Users/steipete/Library/Developer/Xcode/DerivedData/CodeLooper-crrddjihwjtfkwegrjrymctnfixv/SourcePackages/checkouts/Demark/Sources/Demark/HTMLToMdRuntime.swift (in target 'Demark' from project 'Demark')
    cd /Users/steipete/Projects/CodeLooper
    

SwiftDriverJobDiscovery normal arm64 Compiling MaterialPalette.swift, DSBadge.swift (in target 'DesignSystem' from project 'DesignSystem')

SwiftCompile normal arm64 Compiling\ resource_bundle_accessor.swift /Users/steipete/Library/Developer/Xcode/DerivedData/CodeLooper-crrddjihwjtfkwegrjrymctnfixv/Build/Intermediates.noindex/Demark.build/Debug/Demark.build/DerivedSources/resource_bundle_accessor.swift (in target 'Demark' from project 'Demark')

SwiftCompile normal arm64 /Users/steipete/Library/Developer/Xcode/DerivedData/CodeLooper-crrddjihwjtfkwegrjrymctnfixv/Build/Intermediates.noindex/Demark.build/Debug/Demark.build/DerivedSources/resource_bundle_accessor.swift (in target 'Demark' from project 'Demark')
    cd /Users/steipete/Projects/CodeLooper
    

SwiftDriverJobDiscovery normal arm64 Compiling HTTPResponse.swift (in target 'HTTPTypes' from project 'swift-http-types')

SwiftCompile normal arm64 Compiling\ Defaults+AnySerializable.swift /Users/steipete/Library/Developer/Xcode/DerivedData/CodeLooper-crrddjihwjtfkwegrjrymctnfixv/SourcePackages/checkouts/Defaults/Sources/Defaults/Defaults+AnySerializable.swift (in target 'Defaults' from project 'Defaults')

SwiftCompile normal arm64 /Users/steipete/Library/Developer/Xcode/DerivedData/CodeLooper-crrddjihwjtfkwegrjrymctnfixv/SourcePackages/checkouts/Defaults/Sources/Defaults/Defaults+AnySerializable.swift (in target 'Defaults' from project 'Defaults')
    cd /Users/steipete/Projects/CodeLooper
    

SwiftDriverJobDiscovery normal arm64 Compiling Typography.swift (in target 'DesignSystem' from project 'DesignSystem')

SwiftDriverJobDiscovery normal arm64 Compiling DSSection.swift (in target 'DesignSystem' from project 'DesignSystem')

SwiftCompile normal arm64 Compiling\ Defaults.swift /Users/steipete/Library/Developer/Xcode/DerivedData/CodeLooper-crrddjihwjtfkwegrjrymctnfixv/SourcePackages/checkouts/Defaults/Sources/Defaults/Defaults.swift (in target 'Defaults' from project 'Defaults')

SwiftCompile normal arm64 /Users/steipete/Library/Developer/Xcode/DerivedData/CodeLooper-crrddjihwjtfkwegrjrymctnfixv/SourcePackages/checkouts/Defaults/Sources/Defaults/Defaults.swift (in target 'Defaults' from project 'Defaults')
    cd /Users/steipete/Projects/CodeLooper
    

SwiftCompile normal arm64 Compiling\ Defaults+Bridge.swift /Users/steipete/Library/Developer/Xcode/DerivedData/CodeLooper-crrddjihwjtfkwegrjrymctnfixv/SourcePackages/checkouts/Defaults/Sources/Defaults/Defaults+Bridge.swift (in target 'Defaults' from project 'Defaults')

SwiftCompile normal arm64 /Users/steipete/Library/Developer/Xcode/DerivedData/CodeLooper-crrddjihwjtfkwegrjrymctnfixv/SourcePackages/checkouts/Defaults/Sources/Defaults/Defaults+Bridge.swift (in target 'Defaults' from project 'Defaults')
    cd /Users/steipete/Projects/CodeLooper
    

SwiftDriverJobDiscovery normal arm64 Compiling DesignSystem.swift (in target 'DesignSystem' from project 'DesignSystem')

SwiftCompile normal arm64 Compiling\ SwiftUI.swift /Users/steipete/Library/Developer/Xcode/DerivedData/CodeLooper-crrddjihwjtfkwegrjrymctnfixv/SourcePackages/checkouts/Defaults/Sources/Defaults/SwiftUI.swift (in target 'Defaults' from project 'Defaults')

SwiftCompile normal arm64 /Users/steipete/Library/Developer/Xcode/DerivedData/CodeLooper-crrddjihwjtfkwegrjrymctnfixv/SourcePackages/checkouts/Defaults/Sources/Defaults/SwiftUI.swift (in target 'Defaults' from project 'Defaults')
    cd /Users/steipete/Projects/CodeLooper
    

SwiftDriverJobDiscovery normal arm64 Compiling DSTextField.swift (in target 'DesignSystem' from project 'DesignSystem')

SwiftCompile normal arm64 Compiling\ Defaults+Protocol.swift /Users/steipete/Library/Developer/Xcode/DerivedData/CodeLooper-crrddjihwjtfkwegrjrymctnfixv/SourcePackages/checkouts/Defaults/Sources/Defaults/Defaults+Protocol.swift (in target 'Defaults' from project 'Defaults')

SwiftCompile normal arm64 /Users/steipete/Library/Developer/Xcode/DerivedData/CodeLooper-crrddjihwjtfkwegrjrymctnfixv/SourcePackages/checkouts/Defaults/Sources/Defaults/Defaults+Protocol.swift (in target 'Defaults' from project 'Defaults')
    cd /Users/steipete/Projects/CodeLooper
    

SwiftDriverJobDiscovery normal arm64 Compiling BundleResourceHelper.swift (in target 'Demark' from project 'Demark')

SwiftCompile normal arm64 Compiling\ Reset.swift /Users/steipete/Library/Developer/Xcode/DerivedData/CodeLooper-crrddjihwjtfkwegrjrymctnfixv/SourcePackages/checkouts/Defaults/Sources/Defaults/Reset.swift (in target 'Defaults' from project 'Defaults')

SwiftCompile normal arm64 /Users/steipete/Library/Developer/Xcode/DerivedData/CodeLooper-crrddjihwjtfkwegrjrymctnfixv/SourcePackages/checkouts/Defaults/Sources/Defaults/Reset.swift (in target 'Defaults' from project 'Defaults')
    cd /Users/steipete/Projects/CodeLooper
    

SwiftDriverJobDiscovery normal arm64 Compiling HTTPFields.swift (in target 'HTTPTypes' from project 'swift-http-types')

SwiftDriver\ Compilation HTTPTypes normal arm64 com.apple.xcode.tools.swift.compiler (in target 'HTTPTypes' from project 'swift-http-types')
    cd /Users/steipete/Projects/CodeLooper
    builtin-Swift-Compilation -- /Applications/Xcode-beta.app/Contents/Developer/Toolchains/XcodeDefault.xctoolchain/usr/bin/swiftc -module-name HTTPTypes -Onone -enforce-exclusivity\=checked @/Users/steipete/Library/Developer/Xcode/DerivedData/CodeLooper-crrddjihwjtfkwegrjrymctnfixv/Build/Intermediates.noindex/swift-http-types.build/Debug/HTTPTypes.build/Objects-normal/arm64/HTTPTypes.SwiftFileList -DSWIFT_PACKAGE -DDEBUG -DSWIFT_MODULE_RESOURCE_BUNDLE_UNAVAILABLE -DXcode -enable-experimental-feature StrictConcurrency\=complete -enable-upcoming-feature MemberImportVisibility -plugin-path /Applications/Xcode-beta.app/Contents/Developer/Toolchains/XcodeDefault.xctoolchain/usr/lib/swift/host/plugins/testing -enable-experimental-feature DebugDescriptionMacro -sdk /Applications/Xcode-beta.app/Contents/Developer/Platforms/MacOSX.platform/Developer/SDKs/MacOSX26.0.sdk -target arm64-apple-macos10.13 -g -module-cache-path /Users/steipete/Library/Developer/Xcode/DerivedData/ModuleCache.noindex -Xfrontend -serialize-debugging-options -profile-coverage-mapping -profile-generate -enable-testing -suppress-warnings -index-store-path /Users/steipete/Library/Developer/Xcode/DerivedData/CodeLooper-crrddjihwjtfkwegrjrymctnfixv/Index.noindex/DataStore -swift-version 5 -I /Users/steipete/Library/Developer/Xcode/DerivedData/CodeLooper-crrddjihwjtfkwegrjrymctnfixv/Build/Products/Debug -I /Applications/Xcode-beta.app/Contents/Developer/Platforms/MacOSX.platform/Developer/usr/lib -F /Users/steipete/Library/Developer/Xcode/DerivedData/CodeLooper-crrddjihwjtfkwegrjrymctnfixv/Build/Products/Debug -F /Applications/Xcode-beta.app/Contents/Developer/Platforms/MacOSX.platform/Developer/Library/Frameworks -c -j16 -enable-batch-mode -incremental -Xcc -ivfsstatcache -Xcc /Users/steipete/Library/Developer/Xcode/DerivedData/SDKStatCaches.noindex/macosx26.0-25A5279m-5d9328ff1a6613a11d359de947506b52.sdkstatcache -output-file-map /Users/steipete/Library/Developer/Xcode/DerivedData/CodeLooper-crrddjihwjtfkwegrjrymctnfixv/Build/Intermediates.noindex/swift-http-types.build/Debug/HTTPTypes.build/Objects-normal/arm64/HTTPTypes-OutputFileMap.json -use-frontend-parseable-output -save-temps -no-color-diagnostics -explicit-module-build -module-cache-path /Users/steipete/Library/Developer/Xcode/DerivedData/CodeLooper-crrddjihwjtfkwegrjrymctnfixv/Build/Intermediates.noindex/SwiftExplicitPrecompiledModules -clang-scanner-module-cache-path /Users/steipete/Library/Developer/Xcode/DerivedData/ModuleCache.noindex -sdk-module-cache-path /Users/steipete/Library/Developer/Xcode/DerivedData/ModuleCache.noindex -serialize-diagnostics -emit-dependencies -emit-module -emit-module-path /Users/steipete/Library/Developer/Xcode/DerivedData/CodeLooper-crrddjihwjtfkwegrjrymctnfixv/Build/Intermediates.noindex/swift-http-types.build/Debug/HTTPTypes.build/Objects-normal/arm64/HTTPTypes.swiftmodule -validate-clang-modules-once -clang-build-session-file /Users/steipete/Library/Developer/Xcode/DerivedData/ModuleCache.noindex/Session.modulevalidation -package-name swift_http_types -Xcc -I/Users/steipete/Library/Developer/Xcode/DerivedData/CodeLooper-crrddjihwjtfkwegrjrymctnfixv/Build/Intermediates.noindex/swift-http-types.build/Debug/HTTPTypes.build/swift-overrides.hmap -emit-const-values -Xfrontend -const-gather-protocols-file -Xfrontend /Users/steipete/Library/Developer/Xcode/DerivedData/CodeLooper-crrddjihwjtfkwegrjrymctnfixv/Build/Intermediates.noindex/swift-http-types.build/Debug/HTTPTypes.build/Objects-normal/arm64/HTTPTypes_const_extract_protocols.json -Xcc -I/Users/steipete/Library/Developer/Xcode/DerivedData/CodeLooper-crrddjihwjtfkwegrjrymctnfixv/Build/Products/Debug/include -Xcc -I/Users/steipete/Library/Developer/Xcode/DerivedData/CodeLooper-crrddjihwjtfkwegrjrymctnfixv/Build/Intermediates.noindex/swift-http-types.build/Debug/HTTPTypes.build/DerivedSources-normal/arm64 -Xcc -I/Users/steipete/Library/Developer/Xcode/DerivedData/CodeLooper-crrddjihwjtfkwegrjrymctnfixv/Build/Intermediates.noindex/swift-http-types.build/Debug/HTTPTypes.build/DerivedSources/arm64 -Xcc -I/Users/steipete/Library/Developer/Xcode/DerivedData/CodeLooper-crrddjihwjtfkwegrjrymctnfixv/Build/Intermediates.noindex/swift-http-types.build/Debug/HTTPTypes.build/DerivedSources -Xcc -DSWIFT_PACKAGE -Xcc -DDEBUG\=1 -emit-objc-header -emit-objc-header-path /Users/steipete/Library/Developer/Xcode/DerivedData/CodeLooper-crrddjihwjtfkwegrjrymctnfixv/Build/Intermediates.noindex/swift-http-types.build/Debug/HTTPTypes.build/Objects-normal/arm64/HTTPTypes-Swift.h -working-directory /Users/steipete/Projects/CodeLooper -experimental-emit-module-separately -disable-cmo

SwiftCompile normal arm64 Compiling\ Defaults+Extensions.swift /Users/steipete/Library/Developer/Xcode/DerivedData/CodeLooper-crrddjihwjtfkwegrjrymctnfixv/SourcePackages/checkouts/Defaults/Sources/Defaults/Defaults+Extensions.swift (in target 'Defaults' from project 'Defaults')

SwiftCompile normal arm64 /Users/steipete/Library/Developer/Xcode/DerivedData/CodeLooper-crrddjihwjtfkwegrjrymctnfixv/SourcePackages/checkouts/Defaults/Sources/Defaults/Defaults+Extensions.swift (in target 'Defaults' from project 'Defaults')
    cd /Users/steipete/Projects/CodeLooper
    

SwiftCompile normal arm64 Compiling\ Utilities.swift /Users/steipete/Library/Developer/Xcode/DerivedData/CodeLooper-crrddjihwjtfkwegrjrymctnfixv/SourcePackages/checkouts/Defaults/Sources/Defaults/Utilities.swift (in target 'Defaults' from project 'Defaults')

SwiftCompile normal arm64 /Users/steipete/Library/Developer/Xcode/DerivedData/CodeLooper-crrddjihwjtfkwegrjrymctnfixv/SourcePackages/checkouts/Defaults/Sources/Defaults/Utilities.swift (in target 'Defaults' from project 'Defaults')
    cd /Users/steipete/Projects/CodeLooper
    

SwiftDriverJobDiscovery normal arm64 Compiling ColorPalette.swift, ColorTheme.swift (in target 'DesignSystem' from project 'DesignSystem')

SwiftDriverJobDiscovery normal arm64 Compiling Keychain.swift (in target 'KeychainAccess' from project 'KeychainAccess')

SwiftDriver\ Compilation KeychainAccess normal arm64 com.apple.xcode.tools.swift.compiler (in target 'KeychainAccess' from project 'KeychainAccess')
    cd /Users/steipete/Projects/CodeLooper
    builtin-Swift-Compilation -- /Applications/Xcode-beta.app/Contents/Developer/Toolchains/XcodeDefault.xctoolchain/usr/bin/swiftc -module-name KeychainAccess -Onone -enforce-exclusivity\=checked @/Users/steipete/Library/Developer/Xcode/DerivedData/CodeLooper-crrddjihwjtfkwegrjrymctnfixv/Build/Intermediates.noindex/KeychainAccess.build/Debug/KeychainAccess.build/Objects-normal/arm64/KeychainAccess.SwiftFileList -DSWIFT_PACKAGE -DDEBUG -DSWIFT_MODULE_RESOURCE_BUNDLE_UNAVAILABLE -DXcode -plugin-path /Applications/Xcode-beta.app/Contents/Developer/Toolchains/XcodeDefault.xctoolchain/usr/lib/swift/host/plugins/testing -enable-experimental-feature DebugDescriptionMacro -sdk /Applications/Xcode-beta.app/Contents/Developer/Platforms/MacOSX.platform/Developer/SDKs/MacOSX26.0.sdk -target arm64-apple-macos10.13 -g -module-cache-path /Users/steipete/Library/Developer/Xcode/DerivedData/ModuleCache.noindex -Xfrontend -serialize-debugging-options -profile-coverage-mapping -profile-generate -enable-testing -suppress-warnings -index-store-path /Users/steipete/Library/Developer/Xcode/DerivedData/CodeLooper-crrddjihwjtfkwegrjrymctnfixv/Index.noindex/DataStore -swift-version 5 -I /Users/steipete/Library/Developer/Xcode/DerivedData/CodeLooper-crrddjihwjtfkwegrjrymctnfixv/Build/Products/Debug -I /Applications/Xcode-beta.app/Contents/Developer/Platforms/MacOSX.platform/Developer/usr/lib -F /Users/steipete/Library/Developer/Xcode/DerivedData/CodeLooper-crrddjihwjtfkwegrjrymctnfixv/Build/Products/Debug -F /Applications/Xcode-beta.app/Contents/Developer/Platforms/MacOSX.platform/Developer/Library/Frameworks -parse-as-library -c -j16 -enable-batch-mode -incremental -Xcc -ivfsstatcache -Xcc /Users/steipete/Library/Developer/Xcode/DerivedData/SDKStatCaches.noindex/macosx26.0-25A5279m-5d9328ff1a6613a11d359de947506b52.sdkstatcache -output-file-map /Users/steipete/Library/Developer/Xcode/DerivedData/CodeLooper-crrddjihwjtfkwegrjrymctnfixv/Build/Intermediates.noindex/KeychainAccess.build/Debug/KeychainAccess.build/Objects-normal/arm64/KeychainAccess-OutputFileMap.json -use-frontend-parseable-output -save-temps -no-color-diagnostics -explicit-module-build -module-cache-path /Users/steipete/Library/Developer/Xcode/DerivedData/CodeLooper-crrddjihwjtfkwegrjrymctnfixv/Build/Intermediates.noindex/SwiftExplicitPrecompiledModules -clang-scanner-module-cache-path /Users/steipete/Library/Developer/Xcode/DerivedData/ModuleCache.noindex -sdk-module-cache-path /Users/steipete/Library/Developer/Xcode/DerivedData/ModuleCache.noindex -serialize-diagnostics -emit-dependencies -emit-module -emit-module-path /Users/steipete/Library/Developer/Xcode/DerivedData/CodeLooper-crrddjihwjtfkwegrjrymctnfixv/Build/Intermediates.noindex/KeychainAccess.build/Debug/KeychainAccess.build/Objects-normal/arm64/KeychainAccess.swiftmodule -validate-clang-modules-once -clang-build-session-file /Users/steipete/Library/Developer/Xcode/DerivedData/ModuleCache.noindex/Session.modulevalidation -Xcc -I/Users/steipete/Library/Developer/Xcode/DerivedData/CodeLooper-crrddjihwjtfkwegrjrymctnfixv/Build/Intermediates.noindex/KeychainAccess.build/Debug/KeychainAccess.build/swift-overrides.hmap -emit-const-values -Xfrontend -const-gather-protocols-file -Xfrontend /Users/steipete/Library/Developer/Xcode/DerivedData/CodeLooper-crrddjihwjtfkwegrjrymctnfixv/Build/Intermediates.noindex/KeychainAccess.build/Debug/KeychainAccess.build/Objects-normal/arm64/KeychainAccess_const_extract_protocols.json -Xcc -I/Users/steipete/Library/Developer/Xcode/DerivedData/CodeLooper-crrddjihwjtfkwegrjrymctnfixv/Build/Products/Debug/include -Xcc -I/Users/steipete/Library/Developer/Xcode/DerivedData/CodeLooper-crrddjihwjtfkwegrjrymctnfixv/Build/Intermediates.noindex/KeychainAccess.build/Debug/KeychainAccess.build/DerivedSources-normal/arm64 -Xcc -I/Users/steipete/Library/Developer/Xcode/DerivedData/CodeLooper-crrddjihwjtfkwegrjrymctnfixv/Build/Intermediates.noindex/KeychainAccess.build/Debug/KeychainAccess.build/DerivedSources/arm64 -Xcc -I/Users/steipete/Library/Developer/Xcode/DerivedData/CodeLooper-crrddjihwjtfkwegrjrymctnfixv/Build/Intermediates.noindex/KeychainAccess.build/Debug/KeychainAccess.build/DerivedSources -Xcc -DSWIFT_PACKAGE -Xcc -DDEBUG\=1 -emit-objc-header -emit-objc-header-path /Users/steipete/Library/Developer/Xcode/DerivedData/CodeLooper-crrddjihwjtfkwegrjrymctnfixv/Build/Intermediates.noindex/KeychainAccess.build/Debug/KeychainAccess.build/Objects-normal/arm64/KeychainAccess-Swift.h -working-directory /Users/steipete/Projects/CodeLooper -experimental-emit-module-separately -disable-cmo

SwiftCompile normal arm64 Compiling\ Defaults+iCloud.swift /Users/steipete/Library/Developer/Xcode/DerivedData/CodeLooper-crrddjihwjtfkwegrjrymctnfixv/SourcePackages/checkouts/Defaults/Sources/Defaults/Defaults+iCloud.swift (in target 'Defaults' from project 'Defaults')
SwiftCompile normal arm64 /Users/steipete/Library/Developer/Xcode/DerivedData/CodeLooper-crrddjihwjtfkwegrjrymctnfixv/SourcePackages/checkouts/Defaults/Sources/Defaults/Defaults+iCloud.swift (in target 'Defaults' from project 'Defaults')
    cd /Users/steipete/Projects/CodeLooper
    

SwiftCompile normal arm64 Compiling\ UserDefaults.swift /Users/steipete/Library/Developer/Xcode/DerivedData/CodeLooper-crrddjihwjtfkwegrjrymctnfixv/SourcePackages/checkouts/Defaults/Sources/Defaults/UserDefaults.swift (in target 'Defaults' from project 'Defaults')

SwiftCompile normal arm64 /Users/steipete/Library/Developer/Xcode/DerivedData/CodeLooper-crrddjihwjtfkwegrjrymctnfixv/SourcePackages/checkouts/Defaults/Sources/Defaults/UserDefaults.swift (in target 'Defaults' from project 'Defaults')
    cd /Users/steipete/Projects/CodeLooper
    

SwiftCompile normal arm64 Compiling\ Observation.swift /Users/steipete/Library/Developer/Xcode/DerivedData/CodeLooper-crrddjihwjtfkwegrjrymctnfixv/SourcePackages/checkouts/Defaults/Sources/Defaults/Observation.swift (in target 'Defaults' from project 'Defaults')

SwiftCompile normal arm64 /Users/steipete/Library/Developer/Xcode/DerivedData/CodeLooper-crrddjihwjtfkwegrjrymctnfixv/SourcePackages/checkouts/Defaults/Sources/Defaults/Observation.swift (in target 'Defaults' from project 'Defaults')
    cd /Users/steipete/Projects/CodeLooper
    

SwiftDriverJobDiscovery normal arm64 Compiling DSDivider.swift, DSPicker.swift (in target 'DesignSystem' from project 'DesignSystem')

SwiftDriverJobDiscovery normal arm64 Compiling DemarkTypes.swift (in target 'Demark' from project 'Demark')

SwiftDriverJobDiscovery normal arm64 Compiling DSTabView.swift (in target 'DesignSystem' from project 'DesignSystem')

SwiftCompile normal arm64 Compiling\ Observation+Combine.swift /Users/steipete/Library/Developer/Xcode/DerivedData/CodeLooper-crrddjihwjtfkwegrjrymctnfixv/SourcePackages/checkouts/Defaults/Sources/Defaults/Observation+Combine.swift (in target 'Defaults' from project 'Defaults')

SwiftCompile normal arm64 /Users/steipete/Library/Developer/Xcode/DerivedData/CodeLooper-crrddjihwjtfkwegrjrymctnfixv/SourcePackages/checkouts/Defaults/Sources/Defaults/Observation+Combine.swift (in target 'Defaults' from project 'Defaults')
    cd /Users/steipete/Projects/CodeLooper
    

SwiftDriverJobDiscovery normal arm64 Compiling Demark.swift (in target 'Demark' from project 'Demark')

SwiftCompile normal arm64 Compiling\ resource_bundle_accessor.swift /Users/steipete/Library/Developer/Xcode/DerivedData/CodeLooper-crrddjihwjtfkwegrjrymctnfixv/Build/Intermediates.noindex/Defaults.build/Debug/Defaults.build/DerivedSources/resource_bundle_accessor.swift (in target 'Defaults' from project 'Defaults')

SwiftCompile normal arm64 /Users/steipete/Library/Developer/Xcode/DerivedData/CodeLooper-crrddjihwjtfkwegrjrymctnfixv/Build/Intermediates.noindex/Defaults.build/Debug/Defaults.build/DerivedSources/resource_bundle_accessor.swift (in target 'Defaults' from project 'Defaults')
    cd /Users/steipete/Projects/CodeLooper
    

SwiftDriverJobDiscovery normal arm64 Compiling resource_bundle_accessor.swift (in target 'Demark' from project 'Demark')

SwiftCompile normal arm64 Compiling\ Metrics.swift /Users/steipete/Library/Developer/Xcode/DerivedData/CodeLooper-crrddjihwjtfkwegrjrymctnfixv/SourcePackages/checkouts/swift-metrics/Sources/CoreMetrics/Metrics.swift (in target 'CoreMetrics' from project 'swift-metrics')
SwiftCompile normal arm64 /Users/steipete/Library/Developer/Xcode/DerivedData/CodeLooper-crrddjihwjtfkwegrjrymctnfixv/SourcePackages/checkouts/swift-metrics/Sources/CoreMetrics/Metrics.swift (in target 'CoreMetrics' from project 'swift-metrics')
    cd /Users/steipete/Projects/CodeLooper
    

SwiftCompile normal arm64 Compiling\ Locks.swift /Users/steipete/Library/Developer/Xcode/DerivedData/CodeLooper-crrddjihwjtfkwegrjrymctnfixv/SourcePackages/checkouts/swift-metrics/Sources/CoreMetrics/Locks.swift (in target 'CoreMetrics' from project 'swift-metrics')

SwiftCompile normal arm64 /Users/steipete/Library/Developer/Xcode/DerivedData/CodeLooper-crrddjihwjtfkwegrjrymctnfixv/SourcePackages/checkouts/swift-metrics/Sources/CoreMetrics/Locks.swift (in target 'CoreMetrics' from project 'swift-metrics')
    cd /Users/steipete/Projects/CodeLooper
    

SwiftDriverJobDiscovery normal arm64 Compiling Reset.swift (in target 'Defaults' from project 'Defaults')

SwiftDriverJobDiscovery normal arm64 Compiling Defaults+Protocol.swift (in target 'Defaults' from project 'Defaults')

SwiftCompile normal arm64 Compiling\ Lock.swift /Users/steipete/Library/Developer/Xcode/DerivedData/CodeLooper-crrddjihwjtfkwegrjrymctnfixv/SourcePackages/checkouts/swift-service-lifecycle/Sources/ConcurrencyHelpers/Lock.swift (in target 'ConcurrencyHelpers' from project 'swift-service-lifecycle')

SwiftCompile normal arm64 /Users/steipete/Library/Developer/Xcode/DerivedData/CodeLooper-crrddjihwjtfkwegrjrymctnfixv/SourcePackages/checkouts/swift-service-lifecycle/Sources/ConcurrencyHelpers/Lock.swift (in target 'ConcurrencyHelpers' from project 'swift-service-lifecycle')
    cd /Users/steipete/Projects/CodeLooper
    

SwiftDriverJobDiscovery normal arm64 Compiling DSButton.swift, DSCard.swift (in target 'DesignSystem' from project 'DesignSystem')

SwiftDriver\ Compilation DesignSystem normal arm64 com.apple.xcode.tools.swift.compiler (in target 'DesignSystem' from project 'DesignSystem')
    cd /Users/steipete/Projects/CodeLooper
    builtin-Swift-Compilation -- /Applications/Xcode-beta.app/Contents/Developer/Toolchains/XcodeDefault.xctoolchain/usr/bin/swiftc -module-name DesignSystem -Onone -enforce-exclusivity\=checked @/Users/steipete/Library/Developer/Xcode/DerivedData/CodeLooper-crrddjihwjtfkwegrjrymctnfixv/Build/Intermediates.noindex/DesignSystem.build/Debug/DesignSystem.build/Objects-normal/arm64/DesignSystem.SwiftFileList -DSWIFT_PACKAGE -DDEBUG -DSWIFT_MODULE_RESOURCE_BUNDLE_UNAVAILABLE -DXcode -enable-experimental-feature StrictConcurrency -plugin-path /Applications/Xcode-beta.app/Contents/Developer/Toolchains/XcodeDefault.xctoolchain/usr/lib/swift/host/plugins/testing -enable-experimental-feature DebugDescriptionMacro -sdk /Applications/Xcode-beta.app/Contents/Developer/Platforms/MacOSX.platform/Developer/SDKs/MacOSX26.0.sdk -target arm64-apple-macos14.0 -g -module-cache-path /Users/steipete/Library/Developer/Xcode/DerivedData/ModuleCache.noindex -Xfrontend -serialize-debugging-options -profile-coverage-mapping -profile-generate -enable-testing -index-store-path /Users/steipete/Library/Developer/Xcode/DerivedData/CodeLooper-crrddjihwjtfkwegrjrymctnfixv/Index.noindex/DataStore -swift-version 6 -I /Users/steipete/Library/Developer/Xcode/DerivedData/CodeLooper-crrddjihwjtfkwegrjrymctnfixv/Build/Products/Debug -I /Applications/Xcode-beta.app/Contents/Developer/Platforms/MacOSX.platform/Developer/usr/lib -F /Users/steipete/Library/Developer/Xcode/DerivedData/CodeLooper-crrddjihwjtfkwegrjrymctnfixv/Build/Products/Debug -F /Applications/Xcode-beta.app/Contents/Developer/Platforms/MacOSX.platform/Developer/Library/Frameworks -c -j16 -enable-batch-mode -incremental -Xcc -ivfsstatcache -Xcc /Users/steipete/Library/Developer/Xcode/DerivedData/SDKStatCaches.noindex/macosx26.0-25A5279m-5d9328ff1a6613a11d359de947506b52.sdkstatcache -output-file-map /Users/steipete/Library/Developer/Xcode/DerivedData/CodeLooper-crrddjihwjtfkwegrjrymctnfixv/Build/Intermediates.noindex/DesignSystem.build/Debug/DesignSystem.build/Objects-normal/arm64/DesignSystem-OutputFileMap.json -use-frontend-parseable-output -save-temps -no-color-diagnostics -explicit-module-build -module-cache-path /Users/steipete/Library/Developer/Xcode/DerivedData/CodeLooper-crrddjihwjtfkwegrjrymctnfixv/Build/Intermediates.noindex/SwiftExplicitPrecompiledModules -clang-scanner-module-cache-path /Users/steipete/Library/Developer/Xcode/DerivedData/ModuleCache.noindex -sdk-module-cache-path /Users/steipete/Library/Developer/Xcode/DerivedData/ModuleCache.noindex -serialize-diagnostics -emit-dependencies -emit-module -emit-module-path /Users/steipete/Library/Developer/Xcode/DerivedData/CodeLooper-crrddjihwjtfkwegrjrymctnfixv/Build/Intermediates.noindex/DesignSystem.build/Debug/DesignSystem.build/Objects-normal/arm64/DesignSystem.swiftmodule -validate-clang-modules-once -clang-build-session-file /Users/steipete/Library/Developer/Xcode/DerivedData/ModuleCache.noindex/Session.modulevalidation -package-name designsystem -Xcc -I/Users/steipete/Library/Developer/Xcode/DerivedData/CodeLooper-crrddjihwjtfkwegrjrymctnfixv/Build/Intermediates.noindex/DesignSystem.build/Debug/DesignSystem.build/swift-overrides.hmap -emit-const-values -Xfrontend -const-gather-protocols-file -Xfrontend /Users/steipete/Library/Developer/Xcode/DerivedData/CodeLooper-crrddjihwjtfkwegrjrymctnfixv/Build/Intermediates.noindex/DesignSystem.build/Debug/DesignSystem.build/Objects-normal/arm64/DesignSystem_const_extract_protocols.json -Xcc -I/Users/steipete/Library/Developer/Xcode/DerivedData/CodeLooper-crrddjihwjtfkwegrjrymctnfixv/Build/Products/Debug/include -Xcc -I/Users/steipete/Library/Developer/Xcode/DerivedData/CodeLooper-crrddjihwjtfkwegrjrymctnfixv/Build/Intermediates.noindex/DesignSystem.build/Debug/DesignSystem.build/DerivedSources-normal/arm64 -Xcc -I/Users/steipete/Library/Developer/Xcode/DerivedData/CodeLooper-crrddjihwjtfkwegrjrymctnfixv/Build/Intermediates.noindex/DesignSystem.build/Debug/DesignSystem.build/DerivedSources/arm64 -Xcc -I/Users/steipete/Library/Developer/Xcode/DerivedData/CodeLooper-crrddjihwjtfkwegrjrymctnfixv/Build/Intermediates.noindex/DesignSystem.build/Debug/DesignSystem.build/DerivedSources -Xcc -DSWIFT_PACKAGE -Xcc -DDEBUG\=1 -emit-objc-header -emit-objc-header-path /Users/steipete/Library/Developer/Xcode/DerivedData/CodeLooper-crrddjihwjtfkwegrjrymctnfixv/Build/Intermediates.noindex/DesignSystem.build/Debug/DesignSystem.build/Objects-normal/arm64/DesignSystem-Swift.h -working-directory /Users/steipete/Projects/CodeLooper -experimental-emit-module-separately -disable-cmo

SwiftDriverJobDiscovery normal arm64 Compiling Defaults.swift (in target 'Defaults' from project 'Defaults')

SwiftCompile normal arm64 Compiling\ LockedValueBox.swift /Users/steipete/Library/Developer/Xcode/DerivedData/CodeLooper-crrddjihwjtfkwegrjrymctnfixv/SourcePackages/checkouts/swift-service-lifecycle/Sources/ConcurrencyHelpers/LockedValueBox.swift (in target 'ConcurrencyHelpers' from project 'swift-service-lifecycle')

SwiftCompile normal arm64 /Users/steipete/Library/Developer/Xcode/DerivedData/CodeLooper-crrddjihwjtfkwegrjrymctnfixv/SourcePackages/checkouts/swift-service-lifecycle/Sources/ConcurrencyHelpers/LockedValueBox.swift (in target 'ConcurrencyHelpers' from project 'swift-service-lifecycle')
    cd /Users/steipete/Projects/CodeLooper
    

SwiftCompile normal arm64 Compiling\ AtomicValue.swift /Users/steipete/Library/Developer/Xcode/DerivedData/CodeLooper-crrddjihwjtfkwegrjrymctnfixv/SourcePackages/checkouts/swift-atomics/Sources/Atomics/Protocols/AtomicValue.swift (in target 'Atomics' from project 'swift-atomics')

SwiftCompile normal arm64 /Users/steipete/Library/Developer/Xcode/DerivedData/CodeLooper-crrddjihwjtfkwegrjrymctnfixv/SourcePackages/checkouts/swift-atomics/Sources/Atomics/Protocols/AtomicValue.swift (in target 'Atomics' from project 'swift-atomics')
    cd /Users/steipete/Projects/CodeLooper
    

SwiftCompile normal arm64 Compiling\ AtomicReference.swift /Users/steipete/Library/Developer/Xcode/DerivedData/CodeLooper-crrddjihwjtfkwegrjrymctnfixv/SourcePackages/checkouts/swift-atomics/Sources/Atomics/Protocols/AtomicReference.swift (in target 'Atomics' from project 'swift-atomics')

SwiftCompile normal arm64 /Users/steipete/Library/Developer/Xcode/DerivedData/CodeLooper-crrddjihwjtfkwegrjrymctnfixv/SourcePackages/checkouts/swift-atomics/Sources/Atomics/Protocols/AtomicReference.swift (in target 'Atomics' from project 'swift-atomics')
    cd /Users/steipete/Projects/CodeLooper
    

SwiftDriverJobDiscovery normal arm64 Compiling Defaults+AnySerializable.swift (in target 'Defaults' from project 'Defaults')

SwiftDriverJobDiscovery normal arm64 Compiling HTMLToMdRuntime.swift (in target 'Demark' from project 'Demark')

SwiftDriverJobDiscovery normal arm64 Compiling Observation+Combine.swift (in target 'Defaults' from project 'Defaults')

SwiftCompile normal arm64 Compiling\ AtomicStorage.swift /Users/steipete/Library/Developer/Xcode/DerivedData/CodeLooper-crrddjihwjtfkwegrjrymctnfixv/SourcePackages/checkouts/swift-atomics/Sources/Atomics/Protocols/AtomicStorage.swift (in target 'Atomics' from project 'swift-atomics')

SwiftCompile normal arm64 /Users/steipete/Library/Developer/Xcode/DerivedData/CodeLooper-crrddjihwjtfkwegrjrymctnfixv/SourcePackages/checkouts/swift-atomics/Sources/Atomics/Protocols/AtomicStorage.swift (in target 'Atomics' from project 'swift-atomics')
    cd /Users/steipete/Projects/CodeLooper
    

SwiftCompile normal arm64 Compiling\ PointerConformances.swift,\ Primitives.native.swift /Users/steipete/Library/Developer/Xcode/DerivedData/CodeLooper-crrddjihwjtfkwegrjrymctnfixv/SourcePackages/checkouts/swift-atomics/Sources/Atomics/Conformances/autogenerated/PointerConformances.swift /Users/steipete/Library/Developer/Xcode/DerivedData/CodeLooper-crrddjihwjtfkwegrjrymctnfixv/SourcePackages/checkouts/swift-atomics/Sources/Atomics/Primitives/autogenerated/Primitives.native.swift (in target 'Atomics' from project 'swift-atomics')
SwiftCompile normal arm64 /Users/steipete/Library/Developer/Xcode/DerivedData/CodeLooper-crrddjihwjtfkwegrjrymctnfixv/SourcePackages/checkouts/swift-atomics/Sources/Atomics/Conformances/autogenerated/PointerConformances.swift (in target 'Atomics' from project 'swift-atomics')
    cd /Users/steipete/Projects/CodeLooper
    

SwiftCompile normal arm64 /Users/steipete/Library/Developer/Xcode/DerivedData/CodeLooper-crrddjihwjtfkwegrjrymctnfixv/SourcePackages/checkouts/swift-atomics/Sources/Atomics/Primitives/autogenerated/Primitives.native.swift (in target 'Atomics' from project 'swift-atomics')
    cd /Users/steipete/Projects/CodeLooper
    

SwiftDriverJobDiscovery normal arm64 Compiling UserDefaults.swift (in target 'Defaults' from project 'Defaults')

SwiftCompile normal arm64 Compiling\ AtomicBool.swift,\ IntegerConformances.swift /Users/steipete/Library/Developer/Xcode/DerivedData/CodeLooper-crrddjihwjtfkwegrjrymctnfixv/SourcePackages/checkouts/swift-atomics/Sources/Atomics/Conformances/autogenerated/AtomicBool.swift /Users/steipete/Library/Developer/Xcode/DerivedData/CodeLooper-crrddjihwjtfkwegrjrymctnfixv/SourcePackages/checkouts/swift-atomics/Sources/Atomics/Conformances/autogenerated/IntegerConformances.swift (in target 'Atomics' from project 'swift-atomics')

SwiftCompile normal arm64 /Users/steipete/Library/Developer/Xcode/DerivedData/CodeLooper-crrddjihwjtfkwegrjrymctnfixv/SourcePackages/checkouts/swift-atomics/Sources/Atomics/Conformances/autogenerated/AtomicBool.swift (in target 'Atomics' from project 'swift-atomics')
    cd /Users/steipete/Projects/CodeLooper
    

SwiftCompile normal arm64 /Users/steipete/Library/Developer/Xcode/DerivedData/CodeLooper-crrddjihwjtfkwegrjrymctnfixv/SourcePackages/checkouts/swift-atomics/Sources/Atomics/Conformances/autogenerated/IntegerConformances.swift (in target 'Atomics' from project 'swift-atomics')
    cd /Users/steipete/Projects/CodeLooper
    

SwiftDriverJobDiscovery normal arm64 Compiling Defaults+Extensions.swift (in target 'Defaults' from project 'Defaults')

SwiftCompile normal arm64 Compiling\ Unmanaged\ extensions.swift /Users/steipete/Library/Developer/Xcode/DerivedData/CodeLooper-crrddjihwjtfkwegrjrymctnfixv/SourcePackages/checkouts/swift-atomics/Sources/Atomics/Unmanaged\ extensions.swift (in target 'Atomics' from project 'swift-atomics')

SwiftCompile normal arm64 /Users/steipete/Library/Developer/Xcode/DerivedData/CodeLooper-crrddjihwjtfkwegrjrymctnfixv/SourcePackages/checkouts/swift-atomics/Sources/Atomics/Unmanaged\ extensions.swift (in target 'Atomics' from project 'swift-atomics')
    cd /Users/steipete/Projects/CodeLooper
    

SwiftDriverJobDiscovery normal arm64 Compiling Locks.swift (in target 'CoreMetrics' from project 'swift-metrics')

SwiftCompile normal arm64 Compiling\ ManagedAtomic.swift /Users/steipete/Library/Developer/Xcode/DerivedData/CodeLooper-crrddjihwjtfkwegrjrymctnfixv/SourcePackages/checkouts/swift-atomics/Sources/Atomics/Types/ManagedAtomic.swift (in target 'Atomics' from project 'swift-atomics')

SwiftCompile normal arm64 /Users/steipete/Library/Developer/Xcode/DerivedData/CodeLooper-crrddjihwjtfkwegrjrymctnfixv/SourcePackages/checkouts/swift-atomics/Sources/Atomics/Types/ManagedAtomic.swift (in target 'Atomics' from project 'swift-atomics')
    cd /Users/steipete/Projects/CodeLooper
    

SwiftDriverJobDiscovery normal arm64 Compiling AtomicValue.swift (in target 'Atomics' from project 'swift-atomics')

SwiftCompile normal arm64 Compiling\ DoubleWord.swift /Users/steipete/Library/Developer/Xcode/DerivedData/CodeLooper-crrddjihwjtfkwegrjrymctnfixv/SourcePackages/checkouts/swift-atomics/Sources/Atomics/Types/DoubleWord.swift (in target 'Atomics' from project 'swift-atomics')

SwiftCompile normal arm64 /Users/steipete/Library/Developer/Xcode/DerivedData/CodeLooper-crrddjihwjtfkwegrjrymctnfixv/SourcePackages/checkouts/swift-atomics/Sources/Atomics/Types/DoubleWord.swift (in target 'Atomics' from project 'swift-atomics')
    cd /Users/steipete/Projects/CodeLooper
    

SwiftDriverJobDiscovery normal arm64 Compiling resource_bundle_accessor.swift (in target 'Defaults' from project 'Defaults')

SwiftCompile normal arm64 Compiling\ UnsafeAtomic.swift /Users/steipete/Library/Developer/Xcode/DerivedData/CodeLooper-crrddjihwjtfkwegrjrymctnfixv/SourcePackages/checkouts/swift-atomics/Sources/Atomics/Types/UnsafeAtomic.swift (in target 'Atomics' from project 'swift-atomics')

SwiftCompile normal arm64 /Users/steipete/Library/Developer/Xcode/DerivedData/CodeLooper-crrddjihwjtfkwegrjrymctnfixv/SourcePackages/checkouts/swift-atomics/Sources/Atomics/Types/UnsafeAtomic.swift (in target 'Atomics' from project 'swift-atomics')
    cd /Users/steipete/Projects/CodeLooper
    

SwiftDriverJobDiscovery normal arm64 Compiling LockedValueBox.swift (in target 'ConcurrencyHelpers' from project 'swift-service-lifecycle')

SwiftCompile normal arm64 Compiling\ AtomicOptionalWrappable.swift /Users/steipete/Library/Developer/Xcode/DerivedData/CodeLooper-crrddjihwjtfkwegrjrymctnfixv/SourcePackages/checkouts/swift-atomics/Sources/Atomics/Protocols/AtomicOptionalWrappable.swift (in target 'Atomics' from project 'swift-atomics')

SwiftCompile normal arm64 /Users/steipete/Library/Developer/Xcode/DerivedData/CodeLooper-crrddjihwjtfkwegrjrymctnfixv/SourcePackages/checkouts/swift-atomics/Sources/Atomics/Protocols/AtomicOptionalWrappable.swift (in target 'Atomics' from project 'swift-atomics')
    cd /Users/steipete/Projects/CodeLooper
    

SwiftDriverJobDiscovery normal arm64 Compiling SwiftUI.swift (in target 'Defaults' from project 'Defaults')

SwiftCompile normal arm64 Compiling\ ManagedAtomicLazyReference.swift /Users/steipete/Library/Developer/Xcode/DerivedData/CodeLooper-crrddjihwjtfkwegrjrymctnfixv/SourcePackages/checkouts/swift-atomics/Sources/Atomics/Types/ManagedAtomicLazyReference.swift (in target 'Atomics' from project 'swift-atomics')

SwiftCompile normal arm64 /Users/steipete/Library/Developer/Xcode/DerivedData/CodeLooper-crrddjihwjtfkwegrjrymctnfixv/SourcePackages/checkouts/swift-atomics/Sources/Atomics/Types/ManagedAtomicLazyReference.swift (in target 'Atomics' from project 'swift-atomics')
    cd /Users/steipete/Projects/CodeLooper
    

SwiftDriverJobDiscovery normal arm64 Compiling Defaults+Bridge.swift (in target 'Defaults' from project 'Defaults')

SwiftCompile normal arm64 Compiling\ AtomicInteger.swift /Users/steipete/Library/Developer/Xcode/DerivedData/CodeLooper-crrddjihwjtfkwegrjrymctnfixv/SourcePackages/checkouts/swift-atomics/Sources/Atomics/Protocols/AtomicInteger.swift (in target 'Atomics' from project 'swift-atomics')

SwiftCompile normal arm64 /Users/steipete/Library/Developer/Xcode/DerivedData/CodeLooper-crrddjihwjtfkwegrjrymctnfixv/SourcePackages/checkouts/swift-atomics/Sources/Atomics/Protocols/AtomicInteger.swift (in target 'Atomics' from project 'swift-atomics')
    cd /Users/steipete/Projects/CodeLooper
    

SwiftDriverJobDiscovery normal arm64 Compiling Lock.swift (in target 'ConcurrencyHelpers' from project 'swift-service-lifecycle')

SwiftDriver\ Compilation ConcurrencyHelpers normal arm64 com.apple.xcode.tools.swift.compiler (in target 'ConcurrencyHelpers' from project 'swift-service-lifecycle')
    cd /Users/steipete/Projects/CodeLooper
    builtin-Swift-Compilation -- /Applications/Xcode-beta.app/Contents/Developer/Toolchains/XcodeDefault.xctoolchain/usr/bin/swiftc -module-name ConcurrencyHelpers -Onone -enforce-exclusivity\=checked @/Users/steipete/Library/Developer/Xcode/DerivedData/CodeLooper-crrddjihwjtfkwegrjrymctnfixv/Build/Intermediates.noindex/swift-service-lifecycle.build/Debug/ConcurrencyHelpers.build/Objects-normal/arm64/ConcurrencyHelpers.SwiftFileList -DSWIFT_PACKAGE -DDEBUG -DSWIFT_MODULE_RESOURCE_BUNDLE_UNAVAILABLE -DXcode -plugin-path /Applications/Xcode-beta.app/Contents/Developer/Toolchains/XcodeDefault.xctoolchain/usr/lib/swift/host/plugins/testing -enable-experimental-feature DebugDescriptionMacro -sdk /Applications/Xcode-beta.app/Contents/Developer/Platforms/MacOSX.platform/Developer/SDKs/MacOSX26.0.sdk -target arm64-apple-macos10.13 -g -module-cache-path /Users/steipete/Library/Developer/Xcode/DerivedData/ModuleCache.noindex -Xfrontend -serialize-debugging-options -profile-coverage-mapping -profile-generate -enable-testing -suppress-warnings -index-store-path /Users/steipete/Library/Developer/Xcode/DerivedData/CodeLooper-crrddjihwjtfkwegrjrymctnfixv/Index.noindex/DataStore -swift-version 5 -I /Users/steipete/Library/Developer/Xcode/DerivedData/CodeLooper-crrddjihwjtfkwegrjrymctnfixv/Build/Products/Debug -I /Applications/Xcode-beta.app/Contents/Developer/Platforms/MacOSX.platform/Developer/usr/lib -F /Users/steipete/Library/Developer/Xcode/DerivedData/CodeLooper-crrddjihwjtfkwegrjrymctnfixv/Build/Products/Debug -F /Applications/Xcode-beta.app/Contents/Developer/Platforms/MacOSX.platform/Developer/Library/Frameworks -c -j16 -enable-batch-mode -incremental -Xcc -ivfsstatcache -Xcc /Users/steipete/Library/Developer/Xcode/DerivedData/SDKStatCaches.noindex/macosx26.0-25A5279m-5d9328ff1a6613a11d359de947506b52.sdkstatcache -output-file-map /Users/steipete/Library/Developer/Xcode/DerivedData/CodeLooper-crrddjihwjtfkwegrjrymctnfixv/Build/Intermediates.noindex/swift-service-lifecycle.build/Debug/ConcurrencyHelpers.build/Objects-normal/arm64/ConcurrencyHelpers-OutputFileMap.json -use-frontend-parseable-output -save-temps -no-color-diagnostics -explicit-module-build -module-cache-path /Users/steipete/Library/Developer/Xcode/DerivedData/CodeLooper-crrddjihwjtfkwegrjrymctnfixv/Build/Intermediates.noindex/SwiftExplicitPrecompiledModules -clang-scanner-module-cache-path /Users/steipete/Library/Developer/Xcode/DerivedData/ModuleCache.noindex -sdk-module-cache-path /Users/steipete/Library/Developer/Xcode/DerivedData/ModuleCache.noindex -serialize-diagnostics -emit-dependencies -emit-module -emit-module-path /Users/steipete/Library/Developer/Xcode/DerivedData/CodeLooper-crrddjihwjtfkwegrjrymctnfixv/Build/Intermediates.noindex/swift-service-lifecycle.build/Debug/ConcurrencyHelpers.build/Objects-normal/arm64/ConcurrencyHelpers.swiftmodule -validate-clang-modules-once -clang-build-session-file /Users/steipete/Library/Developer/Xcode/DerivedData/ModuleCache.noindex/Session.modulevalidation -Xcc -I/Users/steipete/Library/Developer/Xcode/DerivedData/CodeLooper-crrddjihwjtfkwegrjrymctnfixv/Build/Intermediates.noindex/swift-service-lifecycle.build/Debug/ConcurrencyHelpers.build/swift-overrides.hmap -emit-const-values -Xfrontend -const-gather-protocols-file -Xfrontend /Users/steipete/Library/Developer/Xcode/DerivedData/CodeLooper-crrddjihwjtfkwegrjrymctnfixv/Build/Intermediates.noindex/swift-service-lifecycle.build/Debug/ConcurrencyHelpers.build/Objects-normal/arm64/ConcurrencyHelpers_const_extract_protocols.json -Xcc -I/Users/steipete/Library/Developer/Xcode/DerivedData/CodeLooper-crrddjihwjtfkwegrjrymctnfixv/Build/Products/Debug/include -Xcc -I/Users/steipete/Library/Developer/Xcode/DerivedData/CodeLooper-crrddjihwjtfkwegrjrymctnfixv/Build/Intermediates.noindex/swift-service-lifecycle.build/Debug/ConcurrencyHelpers.build/DerivedSources-normal/arm64 -Xcc -I/Users/steipete/Library/Developer/Xcode/DerivedData/CodeLooper-crrddjihwjtfkwegrjrymctnfixv/Build/Intermediates.noindex/swift-service-lifecycle.build/Debug/ConcurrencyHelpers.build/DerivedSources/arm64 -Xcc -I/Users/steipete/Library/Developer/Xcode/DerivedData/CodeLooper-crrddjihwjtfkwegrjrymctnfixv/Build/Intermediates.noindex/swift-service-lifecycle.build/Debug/ConcurrencyHelpers.build/DerivedSources -Xcc -DSWIFT_PACKAGE -Xcc -DDEBUG\=1 -emit-objc-header -emit-objc-header-path /Users/steipete/Library/Developer/Xcode/DerivedData/CodeLooper-crrddjihwjtfkwegrjrymctnfixv/Build/Intermediates.noindex/swift-service-lifecycle.build/Debug/ConcurrencyHelpers.build/Objects-normal/arm64/ConcurrencyHelpers-Swift.h -working-directory /Users/steipete/Projects/CodeLooper -experimental-emit-module-separately -disable-cmo

SwiftDriverJobDiscovery normal arm64 Compiling AtomicStorage.swift (in target 'Atomics' from project 'swift-atomics')

SwiftCompile normal arm64 Compiling\ OptionalRawRepresentable.swift,\ RawRepresentable.swift /Users/steipete/Library/Developer/Xcode/DerivedData/CodeLooper-crrddjihwjtfkwegrjrymctnfixv/SourcePackages/checkouts/swift-atomics/Sources/Atomics/Conformances/OptionalRawRepresentable.swift /Users/steipete/Library/Developer/Xcode/DerivedData/CodeLooper-crrddjihwjtfkwegrjrymctnfixv/SourcePackages/checkouts/swift-atomics/Sources/Atomics/Conformances/RawRepresentable.swift (in target 'Atomics' from project 'swift-atomics')

SwiftCompile normal arm64 /Users/steipete/Library/Developer/Xcode/DerivedData/CodeLooper-crrddjihwjtfkwegrjrymctnfixv/SourcePackages/checkouts/swift-atomics/Sources/Atomics/Conformances/OptionalRawRepresentable.swift (in target 'Atomics' from project 'swift-atomics')
    cd /Users/steipete/Projects/CodeLooper
    

SwiftCompile normal arm64 /Users/steipete/Library/Developer/Xcode/DerivedData/CodeLooper-crrddjihwjtfkwegrjrymctnfixv/SourcePackages/checkouts/swift-atomics/Sources/Atomics/Conformances/RawRepresentable.swift (in target 'Atomics' from project 'swift-atomics')
    cd /Users/steipete/Projects/CodeLooper
    

SwiftCompile normal arm64 Compiling\ IntegerOperations.swift /Users/steipete/Library/Developer/Xcode/DerivedData/CodeLooper-crrddjihwjtfkwegrjrymctnfixv/SourcePackages/checkouts/swift-atomics/Sources/Atomics/Types/autogenerated/IntegerOperations.swift (in target 'Atomics' from project 'swift-atomics')

SwiftCompile normal arm64 /Users/steipete/Library/Developer/Xcode/DerivedData/CodeLooper-crrddjihwjtfkwegrjrymctnfixv/SourcePackages/checkouts/swift-atomics/Sources/Atomics/Types/autogenerated/IntegerOperations.swift (in target 'Atomics' from project 'swift-atomics')
    cd /Users/steipete/Projects/CodeLooper
    

SwiftDriverJobDiscovery normal arm64 Compiling ManagedAtomic.swift (in target 'Atomics' from project 'swift-atomics')

SwiftCompile normal arm64 Compiling\ AtomicMemoryOrderings.swift /Users/steipete/Library/Developer/Xcode/DerivedData/CodeLooper-crrddjihwjtfkwegrjrymctnfixv/SourcePackages/checkouts/swift-atomics/Sources/Atomics/Types/AtomicMemoryOrderings.swift (in target 'Atomics' from project 'swift-atomics')

SwiftCompile normal arm64 /Users/steipete/Library/Developer/Xcode/DerivedData/CodeLooper-crrddjihwjtfkwegrjrymctnfixv/SourcePackages/checkouts/swift-atomics/Sources/Atomics/Types/AtomicMemoryOrderings.swift (in target 'Atomics' from project 'swift-atomics')
    cd /Users/steipete/Projects/CodeLooper
    

SwiftDriverJobDiscovery normal arm64 Compiling AtomicOptionalWrappable.swift (in target 'Atomics' from project 'swift-atomics')

SwiftCompile normal arm64 Compiling\ UnsafeAtomicLazyReference.swift /Users/steipete/Library/Developer/Xcode/DerivedData/CodeLooper-crrddjihwjtfkwegrjrymctnfixv/SourcePackages/checkouts/swift-atomics/Sources/Atomics/Types/UnsafeAtomicLazyReference.swift (in target 'Atomics' from project 'swift-atomics')

SwiftCompile normal arm64 /Users/steipete/Library/Developer/Xcode/DerivedData/CodeLooper-crrddjihwjtfkwegrjrymctnfixv/SourcePackages/checkouts/swift-atomics/Sources/Atomics/Types/UnsafeAtomicLazyReference.swift (in target 'Atomics' from project 'swift-atomics')
    cd /Users/steipete/Projects/CodeLooper
    

SwiftDriverJobDiscovery normal arm64 Compiling Utilities.swift (in target 'Defaults' from project 'Defaults')

SwiftDriverJobDiscovery normal arm64 Compiling UnsafeAtomic.swift (in target 'Atomics' from project 'swift-atomics')

Ld /Users/steipete/Library/Developer/Xcode/DerivedData/CodeLooper-crrddjihwjtfkwegrjrymctnfixv/Build/Products/Debug/_NIODataStructures.o normal (in target '_NIODataStructures' from project 'swift-nio')
    cd /Users/steipete/Library/Developer/Xcode/DerivedData/CodeLooper-crrddjihwjtfkwegrjrymctnfixv/SourcePackages/checkouts/swift-nio
    /Applications/Xcode-beta.app/Contents/Developer/Toolchains/XcodeDefault.xctoolchain/usr/bin/clang -Xlinker -reproducible -target arm64-apple-macos10.13 -r -isysroot /Applications/Xcode-beta.app/Contents/Developer/Platforms/MacOSX.platform/Developer/SDKs/MacOSX26.0.sdk -O0 -w -L/Users/steipete/Library/Developer/Xcode/DerivedData/CodeLooper-crrddjihwjtfkwegrjrymctnfixv/Build/Intermediates.noindex/EagerLinkingTBDs/Debug -L/Users/steipete/Library/Developer/Xcode/DerivedData/CodeLooper-crrddjihwjtfkwegrjrymctnfixv/Build/Products/Debug -L/Applications/Xcode-beta.app/Contents/Developer/Platforms/MacOSX.platform/Developer/usr/lib -F/Users/steipete/Library/Developer/Xcode/DerivedData/CodeLooper-crrddjihwjtfkwegrjrymctnfixv/Build/Intermediates.noindex/EagerLinkingTBDs/Debug -F/Users/steipete/Library/Developer/Xcode/DerivedData/CodeLooper-crrddjihwjtfkwegrjrymctnfixv/Build/Products/Debug -iframework /Applications/Xcode-beta.app/Contents/Developer/Platforms/MacOSX.platform/Developer/Library/Frameworks -filelist /Users/steipete/Library/Developer/Xcode/DerivedData/CodeLooper-crrddjihwjtfkwegrjrymctnfixv/Build/Intermediates.noindex/swift-nio.build/Debug/_NIODataStructures.build/Objects-normal/arm64/_NIODataStructures.LinkFileList -nostdlib -Xlinker -object_path_lto -Xlinker /Users/steipete/Library/Developer/Xcode/DerivedData/CodeLooper-crrddjihwjtfkwegrjrymctnfixv/Build/Intermediates.noindex/swift-nio.build/Debug/_NIODataStructures.build/Objects-normal/arm64/_NIODataStructures_lto.o -rdynamic -Xlinker -no_deduplicate -Xlinker -debug_variant -Xlinker -dependency_info -Xlinker /Users/steipete/Library/Developer/Xcode/DerivedData/CodeLooper-crrddjihwjtfkwegrjrymctnfixv/Build/Intermediates.noindex/swift-nio.build/Debug/_NIODataStructures.build/Objects-normal/arm64/_NIODataStructures_dependency_info.dat -fobjc-link-runtime -L/Applications/Xcode-beta.app/Contents/Developer/Toolchains/XcodeDefault.xctoolchain/usr/lib/swift/macosx -L/usr/lib/swift -Xlinker -add_ast_path -Xlinker /Users/steipete/Library/Developer/Xcode/DerivedData/CodeLooper-crrddjihwjtfkwegrjrymctnfixv/Build/Intermediates.noindex/swift-nio.build/Debug/_NIODataStructures.build/Objects-normal/arm64/_NIODataStructures.swiftmodule @/Users/steipete/Library/Developer/Xcode/DerivedData/CodeLooper-crrddjihwjtfkwegrjrymctnfixv/Build/Intermediates.noindex/swift-nio.build/Debug/_NIODataStructures.build/Objects-normal/arm64/_NIODataStructures-linker-args.resp -o /Users/steipete/Library/Developer/Xcode/DerivedData/CodeLooper-crrddjihwjtfkwegrjrymctnfixv/Build/Products/Debug/_NIODataStructures.o

SwiftDriverJobDiscovery normal arm64 Compiling DoubleWord.swift (in target 'Atomics' from project 'swift-atomics')

SwiftDriverJobDiscovery normal arm64 Compiling Unmanaged extensions.swift (in target 'Atomics' from project 'swift-atomics')

SwiftDriverJobDiscovery normal arm64 Compiling AtomicInteger.swift (in target 'Atomics' from project 'swift-atomics')

SwiftDriverJobDiscovery normal arm64 Compiling TurndownRuntime.swift (in target 'Demark' from project 'Demark')

SwiftDriver\ Compilation Demark normal arm64 com.apple.xcode.tools.swift.compiler (in target 'Demark' from project 'Demark')
    cd /Users/steipete/Projects/CodeLooper
    builtin-Swift-Compilation -- /Applications/Xcode-beta.app/Contents/Developer/Toolchains/XcodeDefault.xctoolchain/usr/bin/swiftc -module-name Demark -Onone -enforce-exclusivity\=checked @/Users/steipete/Library/Developer/Xcode/DerivedData/CodeLooper-crrddjihwjtfkwegrjrymctnfixv/Build/Intermediates.noindex/Demark.build/Debug/Demark.build/Objects-normal/arm64/Demark.SwiftFileList -DSWIFT_PACKAGE -DDEBUG -DSWIFT_MODULE_RESOURCE_BUNDLE_AVAILABLE -DXcode -enable-experimental-feature StrictConcurrency -plugin-path /Applications/Xcode-beta.app/Contents/Developer/Toolchains/XcodeDefault.xctoolchain/usr/lib/swift/host/plugins/testing -enable-experimental-feature DebugDescriptionMacro -sdk /Applications/Xcode-beta.app/Contents/Developer/Platforms/MacOSX.platform/Developer/SDKs/MacOSX26.0.sdk -target arm64-apple-macos14.0 -g -module-cache-path /Users/steipete/Library/Developer/Xcode/DerivedData/ModuleCache.noindex -Xfrontend -serialize-debugging-options -profile-coverage-mapping -profile-generate -enable-testing -suppress-warnings -index-store-path /Users/steipete/Library/Developer/Xcode/DerivedData/CodeLooper-crrddjihwjtfkwegrjrymctnfixv/Index.noindex/DataStore -swift-version 6 -I /Users/steipete/Library/Developer/Xcode/DerivedData/CodeLooper-crrddjihwjtfkwegrjrymctnfixv/Build/Products/Debug -I /Applications/Xcode-beta.app/Contents/Developer/Platforms/MacOSX.platform/Developer/usr/lib -F /Users/steipete/Library/Developer/Xcode/DerivedData/CodeLooper-crrddjihwjtfkwegrjrymctnfixv/Build/Products/Debug -F /Applications/Xcode-beta.app/Contents/Developer/Platforms/MacOSX.platform/Developer/Library/Frameworks -c -j16 -enable-batch-mode -incremental -Xcc -ivfsstatcache -Xcc /Users/steipete/Library/Developer/Xcode/DerivedData/SDKStatCaches.noindex/macosx26.0-25A5279m-5d9328ff1a6613a11d359de947506b52.sdkstatcache -output-file-map /Users/steipete/Library/Developer/Xcode/DerivedData/CodeLooper-crrddjihwjtfkwegrjrymctnfixv/Build/Intermediates.noindex/Demark.build/Debug/Demark.build/Objects-normal/arm64/Demark-OutputFileMap.json -use-frontend-parseable-output -save-temps -no-color-diagnostics -explicit-module-build -module-cache-path /Users/steipete/Library/Developer/Xcode/DerivedData/CodeLooper-crrddjihwjtfkwegrjrymctnfixv/Build/Intermediates.noindex/SwiftExplicitPrecompiledModules -clang-scanner-module-cache-path /Users/steipete/Library/Developer/Xcode/DerivedData/ModuleCache.noindex -sdk-module-cache-path /Users/steipete/Library/Developer/Xcode/DerivedData/ModuleCache.noindex -serialize-diagnostics -emit-dependencies -emit-module -emit-module-path /Users/steipete/Library/Developer/Xcode/DerivedData/CodeLooper-crrddjihwjtfkwegrjrymctnfixv/Build/Intermediates.noindex/Demark.build/Debug/Demark.build/Objects-normal/arm64/Demark.swiftmodule -user-module-version 1.0.0 -validate-clang-modules-once -clang-build-session-file /Users/steipete/Library/Developer/Xcode/DerivedData/ModuleCache.noindex/Session.modulevalidation -package-name demark -Xcc -I/Users/steipete/Library/Developer/Xcode/DerivedData/CodeLooper-crrddjihwjtfkwegrjrymctnfixv/Build/Intermediates.noindex/Demark.build/Debug/Demark.build/swift-overrides.hmap -emit-const-values -Xfrontend -const-gather-protocols-file -Xfrontend /Users/steipete/Library/Developer/Xcode/DerivedData/CodeLooper-crrddjihwjtfkwegrjrymctnfixv/Build/Intermediates.noindex/Demark.build/Debug/Demark.build/Objects-normal/arm64/Demark_const_extract_protocols.json -Xcc -I/Users/steipete/Library/Developer/Xcode/DerivedData/CodeLooper-crrddjihwjtfkwegrjrymctnfixv/Build/Products/Debug/include -Xcc -I/Users/steipete/Library/Developer/Xcode/DerivedData/CodeLooper-crrddjihwjtfkwegrjrymctnfixv/Build/Intermediates.noindex/Demark.build/Debug/Demark.build/DerivedSources-normal/arm64 -Xcc -I/Users/steipete/Library/Developer/Xcode/DerivedData/CodeLooper-crrddjihwjtfkwegrjrymctnfixv/Build/Intermediates.noindex/Demark.build/Debug/Demark.build/DerivedSources/arm64 -Xcc -I/Users/steipete/Library/Developer/Xcode/DerivedData/CodeLooper-crrddjihwjtfkwegrjrymctnfixv/Build/Intermediates.noindex/Demark.build/Debug/Demark.build/DerivedSources -Xcc -DSWIFT_PACKAGE -Xcc -DDEBUG\=1 -emit-objc-header -emit-objc-header-path /Users/steipete/Library/Developer/Xcode/DerivedData/CodeLooper-crrddjihwjtfkwegrjrymctnfixv/Build/Intermediates.noindex/Demark.build/Debug/Demark.build/Objects-normal/arm64/Demark-Swift.h -working-directory /Users/steipete/Projects/CodeLooper -experimental-emit-module-separately -disable-cmo

SwiftDriverJobDiscovery normal arm64 Compiling Observation.swift (in target 'Defaults' from project 'Defaults')

Ld /Users/steipete/Library/Developer/Xcode/DerivedData/CodeLooper-crrddjihwjtfkwegrjrymctnfixv/Build/Products/Debug/_NIOBase64.o normal (in target '_NIOBase64' from project 'swift-nio')
    cd /Users/steipete/Library/Developer/Xcode/DerivedData/CodeLooper-crrddjihwjtfkwegrjrymctnfixv/SourcePackages/checkouts/swift-nio
    /Applications/Xcode-beta.app/Contents/Developer/Toolchains/XcodeDefault.xctoolchain/usr/bin/clang -Xlinker -reproducible -target arm64-apple-macos10.13 -r -isysroot /Applications/Xcode-beta.app/Contents/Developer/Platforms/MacOSX.platform/Developer/SDKs/MacOSX26.0.sdk -O0 -w -L/Users/steipete/Library/Developer/Xcode/DerivedData/CodeLooper-crrddjihwjtfkwegrjrymctnfixv/Build/Intermediates.noindex/EagerLinkingTBDs/Debug -L/Users/steipete/Library/Developer/Xcode/DerivedData/CodeLooper-crrddjihwjtfkwegrjrymctnfixv/Build/Products/Debug -L/Applications/Xcode-beta.app/Contents/Developer/Platforms/MacOSX.platform/Developer/usr/lib -F/Users/steipete/Library/Developer/Xcode/DerivedData/CodeLooper-crrddjihwjtfkwegrjrymctnfixv/Build/Intermediates.noindex/EagerLinkingTBDs/Debug -F/Users/steipete/Library/Developer/Xcode/DerivedData/CodeLooper-crrddjihwjtfkwegrjrymctnfixv/Build/Products/Debug -iframework /Applications/Xcode-beta.app/Contents/Developer/Platforms/MacOSX.platform/Developer/Library/Frameworks -filelist /Users/steipete/Library/Developer/Xcode/DerivedData/CodeLooper-crrddjihwjtfkwegrjrymctnfixv/Build/Intermediates.noindex/swift-nio.build/Debug/_NIOBase64.build/Objects-normal/arm64/_NIOBase64.LinkFileList -nostdlib -Xlinker -object_path_lto -Xlinker /Users/steipete/Library/Developer/Xcode/DerivedData/CodeLooper-crrddjihwjtfkwegrjrymctnfixv/Build/Intermediates.noindex/swift-nio.build/Debug/_NIOBase64.build/Objects-normal/arm64/_NIOBase64_lto.o -rdynamic -Xlinker -no_deduplicate -Xlinker -debug_variant -Xlinker -dependency_info -Xlinker /Users/steipete/Library/Developer/Xcode/DerivedData/CodeLooper-crrddjihwjtfkwegrjrymctnfixv/Build/Intermediates.noindex/swift-nio.build/Debug/_NIOBase64.build/Objects-normal/arm64/_NIOBase64_dependency_info.dat -fobjc-link-runtime -L/Applications/Xcode-beta.app/Contents/Developer/Toolchains/XcodeDefault.xctoolchain/usr/lib/swift/macosx -L/usr/lib/swift -Xlinker -add_ast_path -Xlinker /Users/steipete/Library/Developer/Xcode/DerivedData/CodeLooper-crrddjihwjtfkwegrjrymctnfixv/Build/Intermediates.noindex/swift-nio.build/Debug/_NIOBase64.build/Objects-normal/arm64/_NIOBase64.swiftmodule @/Users/steipete/Library/Developer/Xcode/DerivedData/CodeLooper-crrddjihwjtfkwegrjrymctnfixv/Build/Intermediates.noindex/swift-nio.build/Debug/_NIOBase64.build/Objects-normal/arm64/_NIOBase64-linker-args.resp -o /Users/steipete/Library/Developer/Xcode/DerivedData/CodeLooper-crrddjihwjtfkwegrjrymctnfixv/Build/Products/Debug/_NIOBase64.o

Ld /Users/steipete/Library/Developer/Xcode/DerivedData/CodeLooper-crrddjihwjtfkwegrjrymctnfixv/Build/Products/Debug/SwiftUIIntrospect.o normal (in target 'SwiftUIIntrospect' from project 'swiftui-introspect')
    cd /Users/steipete/Library/Developer/Xcode/DerivedData/CodeLooper-crrddjihwjtfkwegrjrymctnfixv/SourcePackages/checkouts/SwiftUI-Introspect
    /Applications/Xcode-beta.app/Contents/Developer/Toolchains/XcodeDefault.xctoolchain/usr/bin/clang -Xlinker -reproducible -target arm64-apple-macos10.15 -r -isysroot /Applications/Xcode-beta.app/Contents/Developer/Platforms/MacOSX.platform/Developer/SDKs/MacOSX26.0.sdk -O0 -w -L/Users/steipete/Library/Developer/Xcode/DerivedData/CodeLooper-crrddjihwjtfkwegrjrymctnfixv/Build/Intermediates.noindex/EagerLinkingTBDs/Debug -L/Users/steipete/Library/Developer/Xcode/DerivedData/CodeLooper-crrddjihwjtfkwegrjrymctnfixv/Build/Products/Debug -L/Applications/Xcode-beta.app/Contents/Developer/Platforms/MacOSX.platform/Developer/usr/lib -F/Users/steipete/Library/Developer/Xcode/DerivedData/CodeLooper-crrddjihwjtfkwegrjrymctnfixv/Build/Intermediates.noindex/EagerLinkingTBDs/Debug -F/Users/steipete/Library/Developer/Xcode/DerivedData/CodeLooper-crrddjihwjtfkwegrjrymctnfixv/Build/Products/Debug -iframework /Applications/Xcode-beta.app/Contents/Developer/Platforms/MacOSX.platform/Developer/Library/Frameworks -filelist /Users/steipete/Library/Developer/Xcode/DerivedData/CodeLooper-crrddjihwjtfkwegrjrymctnfixv/Build/Intermediates.noindex/swiftui-introspect.build/Debug/SwiftUIIntrospect.build/Objects-normal/arm64/SwiftUIIntrospect.LinkFileList -nostdlib -Xlinker -object_path_lto -Xlinker /Users/steipete/Library/Developer/Xcode/DerivedData/CodeLooper-crrddjihwjtfkwegrjrymctnfixv/Build/Intermediates.noindex/swiftui-introspect.build/Debug/SwiftUIIntrospect.build/Objects-normal/arm64/SwiftUIIntrospect_lto.o -rdynamic -Xlinker -no_deduplicate -Xlinker -debug_variant -Xlinker -dependency_info -Xlinker /Users/steipete/Library/Developer/Xcode/DerivedData/CodeLooper-crrddjihwjtfkwegrjrymctnfixv/Build/Intermediates.noindex/swiftui-introspect.build/Debug/SwiftUIIntrospect.build/Objects-normal/arm64/SwiftUIIntrospect_dependency_info.dat -fobjc-link-runtime -L/Applications/Xcode-beta.app/Contents/Developer/Toolchains/XcodeDefault.xctoolchain/usr/lib/swift/macosx -L/usr/lib/swift -Xlinker -add_ast_path -Xlinker /Users/steipete/Library/Developer/Xcode/DerivedData/CodeLooper-crrddjihwjtfkwegrjrymctnfixv/Build/Intermediates.noindex/swiftui-introspect.build/Debug/SwiftUIIntrospect.build/Objects-normal/arm64/SwiftUIIntrospect.swiftmodule @/Users/steipete/Library/Developer/Xcode/DerivedData/CodeLooper-crrddjihwjtfkwegrjrymctnfixv/Build/Intermediates.noindex/swiftui-introspect.build/Debug/SwiftUIIntrospect.build/Objects-normal/arm64/SwiftUIIntrospect-linker-args.resp -o /Users/steipete/Library/Developer/Xcode/DerivedData/CodeLooper-crrddjihwjtfkwegrjrymctnfixv/Build/Products/Debug/SwiftUIIntrospect.o

Ld /Users/steipete/Library/Developer/Xcode/DerivedData/CodeLooper-crrddjihwjtfkwegrjrymctnfixv/Build/Products/Debug/ServiceContextModule.o normal (in target 'ServiceContextModule' from project 'swift-service-context')
    cd /Users/steipete/Library/Developer/Xcode/DerivedData/CodeLooper-crrddjihwjtfkwegrjrymctnfixv/SourcePackages/checkouts/swift-service-context
    /Applications/Xcode-beta.app/Contents/Developer/Toolchains/XcodeDefault.xctoolchain/usr/bin/clang -Xlinker -reproducible -target arm64-apple-macos10.13 -r -isysroot /Applications/Xcode-beta.app/Contents/Developer/Platforms/MacOSX.platform/Developer/SDKs/MacOSX26.0.sdk -O0 -w -L/Users/steipete/Library/Developer/Xcode/DerivedData/CodeLooper-crrddjihwjtfkwegrjrymctnfixv/Build/Intermediates.noindex/EagerLinkingTBDs/Debug -L/Users/steipete/Library/Developer/Xcode/DerivedData/CodeLooper-crrddjihwjtfkwegrjrymctnfixv/Build/Products/Debug -L/Applications/Xcode-beta.app/Contents/Developer/Platforms/MacOSX.platform/Developer/usr/lib -F/Users/steipete/Library/Developer/Xcode/DerivedData/CodeLooper-crrddjihwjtfkwegrjrymctnfixv/Build/Intermediates.noindex/EagerLinkingTBDs/Debug -F/Users/steipete/Library/Developer/Xcode/DerivedData/CodeLooper-crrddjihwjtfkwegrjrymctnfixv/Build/Products/Debug -iframework /Applications/Xcode-beta.app/Contents/Developer/Platforms/MacOSX.platform/Developer/Library/Frameworks -filelist /Users/steipete/Library/Developer/Xcode/DerivedData/CodeLooper-crrddjihwjtfkwegrjrymctnfixv/Build/Intermediates.noindex/swift-service-context.build/Debug/ServiceContextModule.build/Objects-normal/arm64/ServiceContextModule.LinkFileList -nostdlib -Xlinker -object_path_lto -Xlinker /Users/steipete/Library/Developer/Xcode/DerivedData/CodeLooper-crrddjihwjtfkwegrjrymctnfixv/Build/Intermediates.noindex/swift-service-context.build/Debug/ServiceContextModule.build/Objects-normal/arm64/ServiceContextModule_lto.o -rdynamic -Xlinker -no_deduplicate -Xlinker -debug_variant -Xlinker -dependency_info -Xlinker /Users/steipete/Library/Developer/Xcode/DerivedData/CodeLooper-crrddjihwjtfkwegrjrymctnfixv/Build/Intermediates.noindex/swift-service-context.build/Debug/ServiceContextModule.build/Objects-normal/arm64/ServiceContextModule_dependency_info.dat -fobjc-link-runtime -L/Applications/Xcode-beta.app/Contents/Developer/Toolchains/XcodeDefault.xctoolchain/usr/lib/swift/macosx -L/usr/lib/swift -Xlinker -add_ast_path -Xlinker /Users/steipete/Library/Developer/Xcode/DerivedData/CodeLooper-crrddjihwjtfkwegrjrymctnfixv/Build/Intermediates.noindex/swift-service-context.build/Debug/ServiceContextModule.build/Objects-normal/arm64/ServiceContextModule.swiftmodule @/Users/steipete/Library/Developer/Xcode/DerivedData/CodeLooper-crrddjihwjtfkwegrjrymctnfixv/Build/Intermediates.noindex/swift-service-context.build/Debug/ServiceContextModule.build/Objects-normal/arm64/ServiceContextModule-linker-args.resp -o /Users/steipete/Library/Developer/Xcode/DerivedData/CodeLooper-crrddjihwjtfkwegrjrymctnfixv/Build/Products/Debug/ServiceContextModule.o

Ld /Users/steipete/Library/Developer/Xcode/DerivedData/CodeLooper-crrddjihwjtfkwegrjrymctnfixv/Build/Products/Debug/MenuBarExtraAccess.o normal (in target 'MenuBarExtraAccess' from project 'MenuBarExtraAccess')
    cd /Users/steipete/Library/Developer/Xcode/DerivedData/CodeLooper-crrddjihwjtfkwegrjrymctnfixv/SourcePackages/checkouts/MenuBarExtraAccess
    /Applications/Xcode-beta.app/Contents/Developer/Toolchains/XcodeDefault.xctoolchain/usr/bin/clang -Xlinker -reproducible -target arm64-apple-macos10.15 -r -isysroot /Applications/Xcode-beta.app/Contents/Developer/Platforms/MacOSX.platform/Developer/SDKs/MacOSX26.0.sdk -O0 -w -L/Users/steipete/Library/Developer/Xcode/DerivedData/CodeLooper-crrddjihwjtfkwegrjrymctnfixv/Build/Intermediates.noindex/EagerLinkingTBDs/Debug -L/Users/steipete/Library/Developer/Xcode/DerivedData/CodeLooper-crrddjihwjtfkwegrjrymctnfixv/Build/Products/Debug -L/Applications/Xcode-beta.app/Contents/Developer/Platforms/MacOSX.platform/Developer/usr/lib -F/Users/steipete/Library/Developer/Xcode/DerivedData/CodeLooper-crrddjihwjtfkwegrjrymctnfixv/Build/Intermediates.noindex/EagerLinkingTBDs/Debug -F/Users/steipete/Library/Developer/Xcode/DerivedData/CodeLooper-crrddjihwjtfkwegrjrymctnfixv/Build/Products/Debug -iframework /Applications/Xcode-beta.app/Contents/Developer/Platforms/MacOSX.platform/Developer/Library/Frameworks -filelist /Users/steipete/Library/Developer/Xcode/DerivedData/CodeLooper-crrddjihwjtfkwegrjrymctnfixv/Build/Intermediates.noindex/MenuBarExtraAccess.build/Debug/MenuBarExtraAccess.build/Objects-normal/arm64/MenuBarExtraAccess.LinkFileList -nostdlib -Xlinker -object_path_lto -Xlinker /Users/steipete/Library/Developer/Xcode/DerivedData/CodeLooper-crrddjihwjtfkwegrjrymctnfixv/Build/Intermediates.noindex/MenuBarExtraAccess.build/Debug/MenuBarExtraAccess.build/Objects-normal/arm64/MenuBarExtraAccess_lto.o -rdynamic -Xlinker -no_deduplicate -Xlinker -debug_variant -Xlinker -dependency_info -Xlinker /Users/steipete/Library/Developer/Xcode/DerivedData/CodeLooper-crrddjihwjtfkwegrjrymctnfixv/Build/Intermediates.noindex/MenuBarExtraAccess.build/Debug/MenuBarExtraAccess.build/Objects-normal/arm64/MenuBarExtraAccess_dependency_info.dat -fobjc-link-runtime -L/Applications/Xcode-beta.app/Contents/Developer/Toolchains/XcodeDefault.xctoolchain/usr/lib/swift/macosx -L/usr/lib/swift -Xlinker -add_ast_path -Xlinker /Users/steipete/Library/Developer/Xcode/DerivedData/CodeLooper-crrddjihwjtfkwegrjrymctnfixv/Build/Intermediates.noindex/MenuBarExtraAccess.build/Debug/MenuBarExtraAccess.build/Objects-normal/arm64/MenuBarExtraAccess.swiftmodule @/Users/steipete/Library/Developer/Xcode/DerivedData/CodeLooper-crrddjihwjtfkwegrjrymctnfixv/Build/Intermediates.noindex/MenuBarExtraAccess.build/Debug/MenuBarExtraAccess.build/Objects-normal/arm64/MenuBarExtraAccess-linker-args.resp -o /Users/steipete/Library/Developer/Xcode/DerivedData/CodeLooper-crrddjihwjtfkwegrjrymctnfixv/Build/Products/Debug/MenuBarExtraAccess.o

Ld /Users/steipete/Library/Developer/Xcode/DerivedData/CodeLooper-crrddjihwjtfkwegrjrymctnfixv/Build/Products/Debug/Ollama.o normal (in target 'Ollama' from project 'Ollama')
    cd /Users/steipete/Projects/ollama-swift
    /Applications/Xcode-beta.app/Contents/Developer/Toolchains/XcodeDefault.xctoolchain/usr/bin/clang -Xlinker -reproducible -target arm64-apple-macos13.0 -r -isysroot /Applications/Xcode-beta.app/Contents/Developer/Platforms/MacOSX.platform/Developer/SDKs/MacOSX26.0.sdk -O0 -L/Users/steipete/Library/Developer/Xcode/DerivedData/CodeLooper-crrddjihwjtfkwegrjrymctnfixv/Build/Intermediates.noindex/EagerLinkingTBDs/Debug -L/Users/steipete/Library/Developer/Xcode/DerivedData/CodeLooper-crrddjihwjtfkwegrjrymctnfixv/Build/Products/Debug -L/Applications/Xcode-beta.app/Contents/Developer/Platforms/MacOSX.platform/Developer/usr/lib -F/Users/steipete/Library/Developer/Xcode/DerivedData/CodeLooper-crrddjihwjtfkwegrjrymctnfixv/Build/Intermediates.noindex/EagerLinkingTBDs/Debug -F/Users/steipete/Library/Developer/Xcode/DerivedData/CodeLooper-crrddjihwjtfkwegrjrymctnfixv/Build/Products/Debug -iframework /Applications/Xcode-beta.app/Contents/Developer/Platforms/MacOSX.platform/Developer/Library/Frameworks -filelist /Users/steipete/Library/Developer/Xcode/DerivedData/CodeLooper-crrddjihwjtfkwegrjrymctnfixv/Build/Intermediates.noindex/Ollama.build/Debug/Ollama.build/Objects-normal/arm64/Ollama.LinkFileList -nostdlib -Xlinker -object_path_lto -Xlinker /Users/steipete/Library/Developer/Xcode/DerivedData/CodeLooper-crrddjihwjtfkwegrjrymctnfixv/Build/Intermediates.noindex/Ollama.build/Debug/Ollama.build/Objects-normal/arm64/Ollama_lto.o -rdynamic -Xlinker -no_deduplicate -Xlinker -debug_variant -Xlinker -dependency_info -Xlinker /Users/steipete/Library/Developer/Xcode/DerivedData/CodeLooper-crrddjihwjtfkwegrjrymctnfixv/Build/Intermediates.noindex/Ollama.build/Debug/Ollama.build/Objects-normal/arm64/Ollama_dependency_info.dat -fobjc-link-runtime -L/Applications/Xcode-beta.app/Contents/Developer/Toolchains/XcodeDefault.xctoolchain/usr/lib/swift/macosx -L/usr/lib/swift -Xlinker -add_ast_path -Xlinker /Users/steipete/Library/Developer/Xcode/DerivedData/CodeLooper-crrddjihwjtfkwegrjrymctnfixv/Build/Intermediates.noindex/Ollama.build/Debug/Ollama.build/Objects-normal/arm64/Ollama.swiftmodule @/Users/steipete/Library/Developer/Xcode/DerivedData/CodeLooper-crrddjihwjtfkwegrjrymctnfixv/Build/Intermediates.noindex/Ollama.build/Debug/Ollama.build/Objects-normal/arm64/Ollama-linker-args.resp -o /Users/steipete/Library/Developer/Xcode/DerivedData/CodeLooper-crrddjihwjtfkwegrjrymctnfixv/Build/Products/Debug/Ollama.o

Ld /Users/steipete/Library/Developer/Xcode/DerivedData/CodeLooper-crrddjihwjtfkwegrjrymctnfixv/Build/Products/Debug/Logging.o normal (in target 'Logging' from project 'swift-log')
    cd /Users/steipete/Library/Developer/Xcode/DerivedData/CodeLooper-crrddjihwjtfkwegrjrymctnfixv/SourcePackages/checkouts/swift-log
    /Applications/Xcode-beta.app/Contents/Developer/Toolchains/XcodeDefault.xctoolchain/usr/bin/clang -Xlinker -reproducible -target arm64-apple-macos10.13 -r -isysroot /Applications/Xcode-beta.app/Contents/Developer/Platforms/MacOSX.platform/Developer/SDKs/MacOSX26.0.sdk -O0 -w -L/Users/steipete/Library/Developer/Xcode/DerivedData/CodeLooper-crrddjihwjtfkwegrjrymctnfixv/Build/Intermediates.noindex/EagerLinkingTBDs/Debug -L/Users/steipete/Library/Developer/Xcode/DerivedData/CodeLooper-crrddjihwjtfkwegrjrymctnfixv/Build/Products/Debug -L/Applications/Xcode-beta.app/Contents/Developer/Platforms/MacOSX.platform/Developer/usr/lib -F/Users/steipete/Library/Developer/Xcode/DerivedData/CodeLooper-crrddjihwjtfkwegrjrymctnfixv/Build/Intermediates.noindex/EagerLinkingTBDs/Debug -F/Users/steipete/Library/Developer/Xcode/DerivedData/CodeLooper-crrddjihwjtfkwegrjrymctnfixv/Build/Products/Debug -iframework /Applications/Xcode-beta.app/Contents/Developer/Platforms/MacOSX.platform/Developer/Library/Frameworks -filelist /Users/steipete/Library/Developer/Xcode/DerivedData/CodeLooper-crrddjihwjtfkwegrjrymctnfixv/Build/Intermediates.noindex/swift-log.build/Debug/Logging.build/Objects-normal/arm64/Logging.LinkFileList -nostdlib -Xlinker -object_path_lto -Xlinker /Users/steipete/Library/Developer/Xcode/DerivedData/CodeLooper-crrddjihwjtfkwegrjrymctnfixv/Build/Intermediates.noindex/swift-log.build/Debug/Logging.build/Objects-normal/arm64/Logging_lto.o -rdynamic -Xlinker -no_deduplicate -Xlinker -debug_variant -Xlinker -dependency_info -Xlinker /Users/steipete/Library/Developer/Xcode/DerivedData/CodeLooper-crrddjihwjtfkwegrjrymctnfixv/Build/Intermediates.noindex/swift-log.build/Debug/Logging.build/Objects-normal/arm64/Logging_dependency_info.dat -fobjc-link-runtime -L/Applications/Xcode-beta.app/Contents/Developer/Toolchains/XcodeDefault.xctoolchain/usr/lib/swift/macosx -L/usr/lib/swift -Xlinker -add_ast_path -Xlinker /Users/steipete/Library/Developer/Xcode/DerivedData/CodeLooper-crrddjihwjtfkwegrjrymctnfixv/Build/Intermediates.noindex/swift-log.build/Debug/Logging.build/Objects-normal/arm64/Logging.swiftmodule @/Users/steipete/Library/Developer/Xcode/DerivedData/CodeLooper-crrddjihwjtfkwegrjrymctnfixv/Build/Intermediates.noindex/swift-log.build/Debug/Logging.build/Objects-normal/arm64/Logging-linker-args.resp -o /Users/steipete/Library/Developer/Xcode/DerivedData/CodeLooper-crrddjihwjtfkwegrjrymctnfixv/Build/Products/Debug/Logging.o

SwiftDriverJobDiscovery normal arm64 Compiling ManagedAtomicLazyReference.swift (in target 'Atomics' from project 'swift-atomics')

Ld /Users/steipete/Library/Developer/Xcode/DerivedData/CodeLooper-crrddjihwjtfkwegrjrymctnfixv/Build/Products/Debug/KeychainAccess.o normal (in target 'KeychainAccess' from project 'KeychainAccess')
    cd /Users/steipete/Library/Developer/Xcode/DerivedData/CodeLooper-crrddjihwjtfkwegrjrymctnfixv/SourcePackages/checkouts/KeychainAccess
    /Applications/Xcode-beta.app/Contents/Developer/Toolchains/XcodeDefault.xctoolchain/usr/bin/clang -Xlinker -reproducible -target arm64-apple-macos10.13 -r -isysroot /Applications/Xcode-beta.app/Contents/Developer/Platforms/MacOSX.platform/Developer/SDKs/MacOSX26.0.sdk -O0 -w -L/Users/steipete/Library/Developer/Xcode/DerivedData/CodeLooper-crrddjihwjtfkwegrjrymctnfixv/Build/Intermediates.noindex/EagerLinkingTBDs/Debug -L/Users/steipete/Library/Developer/Xcode/DerivedData/CodeLooper-crrddjihwjtfkwegrjrymctnfixv/Build/Products/Debug -L/Applications/Xcode-beta.app/Contents/Developer/Platforms/MacOSX.platform/Developer/usr/lib -F/Users/steipete/Library/Developer/Xcode/DerivedData/CodeLooper-crrddjihwjtfkwegrjrymctnfixv/Build/Intermediates.noindex/EagerLinkingTBDs/Debug -F/Users/steipete/Library/Developer/Xcode/DerivedData/CodeLooper-crrddjihwjtfkwegrjrymctnfixv/Build/Products/Debug -iframework /Applications/Xcode-beta.app/Contents/Developer/Platforms/MacOSX.platform/Developer/Library/Frameworks -filelist /Users/steipete/Library/Developer/Xcode/DerivedData/CodeLooper-crrddjihwjtfkwegrjrymctnfixv/Build/Intermediates.noindex/KeychainAccess.build/Debug/KeychainAccess.build/Objects-normal/arm64/KeychainAccess.LinkFileList -nostdlib -Xlinker -object_path_lto -Xlinker /Users/steipete/Library/Developer/Xcode/DerivedData/CodeLooper-crrddjihwjtfkwegrjrymctnfixv/Build/Intermediates.noindex/KeychainAccess.build/Debug/KeychainAccess.build/Objects-normal/arm64/KeychainAccess_lto.o -rdynamic -Xlinker -no_deduplicate -Xlinker -debug_variant -Xlinker -dependency_info -Xlinker /Users/steipete/Library/Developer/Xcode/DerivedData/CodeLooper-crrddjihwjtfkwegrjrymctnfixv/Build/Intermediates.noindex/KeychainAccess.build/Debug/KeychainAccess.build/Objects-normal/arm64/KeychainAccess_dependency_info.dat -fobjc-link-runtime -L/Applications/Xcode-beta.app/Contents/Developer/Toolchains/XcodeDefault.xctoolchain/usr/lib/swift/macosx -L/usr/lib/swift -Xlinker -add_ast_path -Xlinker /Users/steipete/Library/Developer/Xcode/DerivedData/CodeLooper-crrddjihwjtfkwegrjrymctnfixv/Build/Intermediates.noindex/KeychainAccess.build/Debug/KeychainAccess.build/Objects-normal/arm64/KeychainAccess.swiftmodule @/Users/steipete/Library/Developer/Xcode/DerivedData/CodeLooper-crrddjihwjtfkwegrjrymctnfixv/Build/Intermediates.noindex/KeychainAccess.build/Debug/KeychainAccess.build/Objects-normal/arm64/KeychainAccess-linker-args.resp -o /Users/steipete/Library/Developer/Xcode/DerivedData/CodeLooper-crrddjihwjtfkwegrjrymctnfixv/Build/Products/Debug/KeychainAccess.o

SwiftDriverJobDiscovery normal arm64 Compiling AtomicReference.swift (in target 'Atomics' from project 'swift-atomics')

Ld /Users/steipete/Library/Developer/Xcode/DerivedData/CodeLooper-crrddjihwjtfkwegrjrymctnfixv/Build/Products/Debug/KeyboardShortcuts.o normal (in target 'KeyboardShortcuts' from project 'KeyboardShortcuts')
    cd /Users/steipete/Library/Developer/Xcode/DerivedData/CodeLooper-crrddjihwjtfkwegrjrymctnfixv/SourcePackages/checkouts/KeyboardShortcuts
    /Applications/Xcode-beta.app/Contents/Developer/Toolchains/XcodeDefault.xctoolchain/usr/bin/clang -Xlinker -reproducible -target arm64-apple-macos10.15 -r -isysroot /Applications/Xcode-beta.app/Contents/Developer/Platforms/MacOSX.platform/Developer/SDKs/MacOSX26.0.sdk -O0 -w -L/Users/steipete/Library/Developer/Xcode/DerivedData/CodeLooper-crrddjihwjtfkwegrjrymctnfixv/Build/Intermediates.noindex/EagerLinkingTBDs/Debug -L/Users/steipete/Library/Developer/Xcode/DerivedData/CodeLooper-crrddjihwjtfkwegrjrymctnfixv/Build/Products/Debug -L/Applications/Xcode-beta.app/Contents/Developer/Platforms/MacOSX.platform/Developer/usr/lib -F/Users/steipete/Library/Developer/Xcode/DerivedData/CodeLooper-crrddjihwjtfkwegrjrymctnfixv/Build/Intermediates.noindex/EagerLinkingTBDs/Debug -F/Users/steipete/Library/Developer/Xcode/DerivedData/CodeLooper-crrddjihwjtfkwegrjrymctnfixv/Build/Products/Debug -iframework /Applications/Xcode-beta.app/Contents/Developer/Platforms/MacOSX.platform/Developer/Library/Frameworks -filelist /Users/steipete/Library/Developer/Xcode/DerivedData/CodeLooper-crrddjihwjtfkwegrjrymctnfixv/Build/Intermediates.noindex/KeyboardShortcuts.build/Debug/KeyboardShortcuts.build/Objects-normal/arm64/KeyboardShortcuts.LinkFileList -nostdlib -Xlinker -object_path_lto -Xlinker /Users/steipete/Library/Developer/Xcode/DerivedData/CodeLooper-crrddjihwjtfkwegrjrymctnfixv/Build/Intermediates.noindex/KeyboardShortcuts.build/Debug/KeyboardShortcuts.build/Objects-normal/arm64/KeyboardShortcuts_lto.o -rdynamic -Xlinker -no_deduplicate -Xlinker -debug_variant -Xlinker -dependency_info -Xlinker /Users/steipete/Library/Developer/Xcode/DerivedData/CodeLooper-crrddjihwjtfkwegrjrymctnfixv/Build/Intermediates.noindex/KeyboardShortcuts.build/Debug/KeyboardShortcuts.build/Objects-normal/arm64/KeyboardShortcuts_dependency_info.dat -fobjc-link-runtime -L/Applications/Xcode-beta.app/Contents/Developer/Toolchains/XcodeDefault.xctoolchain/usr/lib/swift/macosx -L/usr/lib/swift -Xlinker -add_ast_path -Xlinker /Users/steipete/Library/Developer/Xcode/DerivedData/CodeLooper-crrddjihwjtfkwegrjrymctnfixv/Build/Intermediates.noindex/KeyboardShortcuts.build/Debug/KeyboardShortcuts.build/Objects-normal/arm64/KeyboardShortcuts.swiftmodule @/Users/steipete/Library/Developer/Xcode/DerivedData/CodeLooper-crrddjihwjtfkwegrjrymctnfixv/Build/Intermediates.noindex/KeyboardShortcuts.build/Debug/KeyboardShortcuts.build/Objects-normal/arm64/KeyboardShortcuts-linker-args.resp -o /Users/steipete/Library/Developer/Xcode/DerivedData/CodeLooper-crrddjihwjtfkwegrjrymctnfixv/Build/Products/Debug/KeyboardShortcuts.o

Ld /Users/steipete/Library/Developer/Xcode/DerivedData/CodeLooper-crrddjihwjtfkwegrjrymctnfixv/Build/Products/Debug/InternalCollectionsUtilities.o normal (in target 'InternalCollectionsUtilities' from project 'swift-collections')
    cd /Users/steipete/Library/Developer/Xcode/DerivedData/CodeLooper-crrddjihwjtfkwegrjrymctnfixv/SourcePackages/checkouts/swift-collections
    /Applications/Xcode-beta.app/Contents/Developer/Toolchains/XcodeDefault.xctoolchain/usr/bin/clang -Xlinker -reproducible -target arm64-apple-macos10.13 -r -isysroot /Applications/Xcode-beta.app/Contents/Developer/Platforms/MacOSX.platform/Developer/SDKs/MacOSX26.0.sdk -O0 -w -L/Users/steipete/Library/Developer/Xcode/DerivedData/CodeLooper-crrddjihwjtfkwegrjrymctnfixv/Build/Intermediates.noindex/EagerLinkingTBDs/Debug -L/Users/steipete/Library/Developer/Xcode/DerivedData/CodeLooper-crrddjihwjtfkwegrjrymctnfixv/Build/Products/Debug -L/Applications/Xcode-beta.app/Contents/Developer/Platforms/MacOSX.platform/Developer/usr/lib -F/Users/steipete/Library/Developer/Xcode/DerivedData/CodeLooper-crrddjihwjtfkwegrjrymctnfixv/Build/Intermediates.noindex/EagerLinkingTBDs/Debug -F/Users/steipete/Library/Developer/Xcode/DerivedData/CodeLooper-crrddjihwjtfkwegrjrymctnfixv/Build/Products/Debug -iframework /Applications/Xcode-beta.app/Contents/Developer/Platforms/MacOSX.platform/Developer/Library/Frameworks -filelist /Users/steipete/Library/Developer/Xcode/DerivedData/CodeLooper-crrddjihwjtfkwegrjrymctnfixv/Build/Intermediates.noindex/swift-collections.build/Debug/InternalCollectionsUtilities.build/Objects-normal/arm64/InternalCollectionsUtilities.LinkFileList -nostdlib -Xlinker -object_path_lto -Xlinker /Users/steipete/Library/Developer/Xcode/DerivedData/CodeLooper-crrddjihwjtfkwegrjrymctnfixv/Build/Intermediates.noindex/swift-collections.build/Debug/InternalCollectionsUtilities.build/Objects-normal/arm64/InternalCollectionsUtilities_lto.o -rdynamic -Xlinker -no_deduplicate -Xlinker -debug_variant -Xlinker -dependency_info -Xlinker /Users/steipete/Library/Developer/Xcode/DerivedData/CodeLooper-crrddjihwjtfkwegrjrymctnfixv/Build/Intermediates.noindex/swift-collections.build/Debug/InternalCollectionsUtilities.build/Objects-normal/arm64/InternalCollectionsUtilities_dependency_info.dat -fobjc-link-runtime -L/Applications/Xcode-beta.app/Contents/Developer/Toolchains/XcodeDefault.xctoolchain/usr/lib/swift/macosx -L/usr/lib/swift -Xlinker -add_ast_path -Xlinker /Users/steipete/Library/Developer/Xcode/DerivedData/CodeLooper-crrddjihwjtfkwegrjrymctnfixv/Build/Intermediates.noindex/swift-collections.build/Debug/InternalCollectionsUtilities.build/Objects-normal/arm64/InternalCollectionsUtilities.swiftmodule @/Users/steipete/Library/Developer/Xcode/DerivedData/CodeLooper-crrddjihwjtfkwegrjrymctnfixv/Build/Intermediates.noindex/swift-collections.build/Debug/InternalCollectionsUtilities.build/Objects-normal/arm64/InternalCollectionsUtilities-linker-args.resp -o /Users/steipete/Library/Developer/Xcode/DerivedData/CodeLooper-crrddjihwjtfkwegrjrymctnfixv/Build/Products/Debug/InternalCollectionsUtilities.o

Ld /Users/steipete/Library/Developer/Xcode/DerivedData/CodeLooper-crrddjihwjtfkwegrjrymctnfixv/Build/Products/Debug/HTTPTypes.o normal (in target 'HTTPTypes' from project 'swift-http-types')
    cd /Users/steipete/Library/Developer/Xcode/DerivedData/CodeLooper-crrddjihwjtfkwegrjrymctnfixv/SourcePackages/checkouts/swift-http-types
    /Applications/Xcode-beta.app/Contents/Developer/Toolchains/XcodeDefault.xctoolchain/usr/bin/clang -Xlinker -reproducible -target arm64-apple-macos10.13 -r -isysroot /Applications/Xcode-beta.app/Contents/Developer/Platforms/MacOSX.platform/Developer/SDKs/MacOSX26.0.sdk -O0 -w -L/Users/steipete/Library/Developer/Xcode/DerivedData/CodeLooper-crrddjihwjtfkwegrjrymctnfixv/Build/Intermediates.noindex/EagerLinkingTBDs/Debug -L/Users/steipete/Library/Developer/Xcode/DerivedData/CodeLooper-crrddjihwjtfkwegrjrymctnfixv/Build/Products/Debug -L/Applications/Xcode-beta.app/Contents/Developer/Platforms/MacOSX.platform/Developer/usr/lib -F/Users/steipete/Library/Developer/Xcode/DerivedData/CodeLooper-crrddjihwjtfkwegrjrymctnfixv/Build/Intermediates.noindex/EagerLinkingTBDs/Debug -F/Users/steipete/Library/Developer/Xcode/DerivedData/CodeLooper-crrddjihwjtfkwegrjrymctnfixv/Build/Products/Debug -iframework /Applications/Xcode-beta.app/Contents/Developer/Platforms/MacOSX.platform/Developer/Library/Frameworks -filelist /Users/steipete/Library/Developer/Xcode/DerivedData/CodeLooper-crrddjihwjtfkwegrjrymctnfixv/Build/Intermediates.noindex/swift-http-types.build/Debug/HTTPTypes.build/Objects-normal/arm64/HTTPTypes.LinkFileList -nostdlib -Xlinker -object_path_lto -Xlinker /Users/steipete/Library/Developer/Xcode/DerivedData/CodeLooper-crrddjihwjtfkwegrjrymctnfixv/Build/Intermediates.noindex/swift-http-types.build/Debug/HTTPTypes.build/Objects-normal/arm64/HTTPTypes_lto.o -rdynamic -Xlinker -no_deduplicate -Xlinker -debug_variant -Xlinker -dependency_info -Xlinker /Users/steipete/Library/Developer/Xcode/DerivedData/CodeLooper-crrddjihwjtfkwegrjrymctnfixv/Build/Intermediates.noindex/swift-http-types.build/Debug/HTTPTypes.build/Objects-normal/arm64/HTTPTypes_dependency_info.dat -fobjc-link-runtime -L/Applications/Xcode-beta.app/Contents/Developer/Toolchains/XcodeDefault.xctoolchain/usr/lib/swift/macosx -L/usr/lib/swift -Xlinker -add_ast_path -Xlinker /Users/steipete/Library/Developer/Xcode/DerivedData/CodeLooper-crrddjihwjtfkwegrjrymctnfixv/Build/Intermediates.noindex/swift-http-types.build/Debug/HTTPTypes.build/Objects-normal/arm64/HTTPTypes.swiftmodule @/Users/steipete/Library/Developer/Xcode/DerivedData/CodeLooper-crrddjihwjtfkwegrjrymctnfixv/Build/Intermediates.noindex/swift-http-types.build/Debug/HTTPTypes.build/Objects-normal/arm64/HTTPTypes-linker-args.resp -o /Users/steipete/Library/Developer/Xcode/DerivedData/CodeLooper-crrddjihwjtfkwegrjrymctnfixv/Build/Products/Debug/HTTPTypes.o

Ld /Users/steipete/Library/Developer/Xcode/DerivedData/CodeLooper-crrddjihwjtfkwegrjrymctnfixv/Build/Products/Debug/DesignSystem.o normal (in target 'DesignSystem' from project 'DesignSystem')
    cd /Users/steipete/Projects/CodeLooper/DesignSystem
    /Applications/Xcode-beta.app/Contents/Developer/Toolchains/XcodeDefault.xctoolchain/usr/bin/clang -Xlinker -reproducible -target arm64-apple-macos14.0 -r -isysroot /Applications/Xcode-beta.app/Contents/Developer/Platforms/MacOSX.platform/Developer/SDKs/MacOSX26.0.sdk -O0 -L/Users/steipete/Library/Developer/Xcode/DerivedData/CodeLooper-crrddjihwjtfkwegrjrymctnfixv/Build/Intermediates.noindex/EagerLinkingTBDs/Debug -L/Users/steipete/Library/Developer/Xcode/DerivedData/CodeLooper-crrddjihwjtfkwegrjrymctnfixv/Build/Products/Debug -L/Applications/Xcode-beta.app/Contents/Developer/Platforms/MacOSX.platform/Developer/usr/lib -F/Users/steipete/Library/Developer/Xcode/DerivedData/CodeLooper-crrddjihwjtfkwegrjrymctnfixv/Build/Intermediates.noindex/EagerLinkingTBDs/Debug -F/Users/steipete/Library/Developer/Xcode/DerivedData/CodeLooper-crrddjihwjtfkwegrjrymctnfixv/Build/Products/Debug -iframework /Applications/Xcode-beta.app/Contents/Developer/Platforms/MacOSX.platform/Developer/Library/Frameworks -filelist /Users/steipete/Library/Developer/Xcode/DerivedData/CodeLooper-crrddjihwjtfkwegrjrymctnfixv/Build/Intermediates.noindex/DesignSystem.build/Debug/DesignSystem.build/Objects-normal/arm64/DesignSystem.LinkFileList -nostdlib -Xlinker -object_path_lto -Xlinker /Users/steipete/Library/Developer/Xcode/DerivedData/CodeLooper-crrddjihwjtfkwegrjrymctnfixv/Build/Intermediates.noindex/DesignSystem.build/Debug/DesignSystem.build/Objects-normal/arm64/DesignSystem_lto.o -rdynamic -Xlinker -no_deduplicate -Xlinker -debug_variant -Xlinker -dependency_info -Xlinker /Users/steipete/Library/Developer/Xcode/DerivedData/CodeLooper-crrddjihwjtfkwegrjrymctnfixv/Build/Intermediates.noindex/DesignSystem.build/Debug/DesignSystem.build/Objects-normal/arm64/DesignSystem_dependency_info.dat -fobjc-link-runtime -L/Applications/Xcode-beta.app/Contents/Developer/Toolchains/XcodeDefault.xctoolchain/usr/lib/swift/macosx -L/usr/lib/swift -Xlinker -add_ast_path -Xlinker /Users/steipete/Library/Developer/Xcode/DerivedData/CodeLooper-crrddjihwjtfkwegrjrymctnfixv/Build/Intermediates.noindex/DesignSystem.build/Debug/DesignSystem.build/Objects-normal/arm64/DesignSystem.swiftmodule @/Users/steipete/Library/Developer/Xcode/DerivedData/CodeLooper-crrddjihwjtfkwegrjrymctnfixv/Build/Intermediates.noindex/DesignSystem.build/Debug/DesignSystem.build/Objects-normal/arm64/DesignSystem-linker-args.resp -o /Users/steipete/Library/Developer/Xcode/DerivedData/CodeLooper-crrddjihwjtfkwegrjrymctnfixv/Build/Products/Debug/DesignSystem.o

Ld /Users/steipete/Library/Developer/Xcode/DerivedData/CodeLooper-crrddjihwjtfkwegrjrymctnfixv/Build/Products/Debug/Demark.o normal (in target 'Demark' from project 'Demark')
    cd /Users/steipete/Library/Developer/Xcode/DerivedData/CodeLooper-crrddjihwjtfkwegrjrymctnfixv/SourcePackages/checkouts/Demark
    /Applications/Xcode-beta.app/Contents/Developer/Toolchains/XcodeDefault.xctoolchain/usr/bin/clang -Xlinker -reproducible -target arm64-apple-macos14.0 -r -isysroot /Applications/Xcode-beta.app/Contents/Developer/Platforms/MacOSX.platform/Developer/SDKs/MacOSX26.0.sdk -O0 -w -L/Users/steipete/Library/Developer/Xcode/DerivedData/CodeLooper-crrddjihwjtfkwegrjrymctnfixv/Build/Intermediates.noindex/EagerLinkingTBDs/Debug -L/Users/steipete/Library/Developer/Xcode/DerivedData/CodeLooper-crrddjihwjtfkwegrjrymctnfixv/Build/Products/Debug -L/Applications/Xcode-beta.app/Contents/Developer/Platforms/MacOSX.platform/Developer/usr/lib -F/Users/steipete/Library/Developer/Xcode/DerivedData/CodeLooper-crrddjihwjtfkwegrjrymctnfixv/Build/Intermediates.noindex/EagerLinkingTBDs/Debug -F/Users/steipete/Library/Developer/Xcode/DerivedData/CodeLooper-crrddjihwjtfkwegrjrymctnfixv/Build/Products/Debug -iframework /Applications/Xcode-beta.app/Contents/Developer/Platforms/MacOSX.platform/Developer/Library/Frameworks -filelist /Users/steipete/Library/Developer/Xcode/DerivedData/CodeLooper-crrddjihwjtfkwegrjrymctnfixv/Build/Intermediates.noindex/Demark.build/Debug/Demark.build/Objects-normal/arm64/Demark.LinkFileList -nostdlib -Xlinker -object_path_lto -Xlinker /Users/steipete/Library/Developer/Xcode/DerivedData/CodeLooper-crrddjihwjtfkwegrjrymctnfixv/Build/Intermediates.noindex/Demark.build/Debug/Demark.build/Objects-normal/arm64/Demark_lto.o -rdynamic -Xlinker -no_deduplicate -Xlinker -debug_variant -Xlinker -dependency_info -Xlinker /Users/steipete/Library/Developer/Xcode/DerivedData/CodeLooper-crrddjihwjtfkwegrjrymctnfixv/Build/Intermediates.noindex/Demark.build/Debug/Demark.build/Objects-normal/arm64/Demark_dependency_info.dat -fobjc-link-runtime -L/Applications/Xcode-beta.app/Contents/Developer/Toolchains/XcodeDefault.xctoolchain/usr/lib/swift/macosx -L/usr/lib/swift -Xlinker -add_ast_path -Xlinker /Users/steipete/Library/Developer/Xcode/DerivedData/CodeLooper-crrddjihwjtfkwegrjrymctnfixv/Build/Intermediates.noindex/Demark.build/Debug/Demark.build/Objects-normal/arm64/Demark.swiftmodule @/Users/steipete/Library/Developer/Xcode/DerivedData/CodeLooper-crrddjihwjtfkwegrjrymctnfixv/Build/Intermediates.noindex/Demark.build/Debug/Demark.build/Objects-normal/arm64/Demark-linker-args.resp -o /Users/steipete/Library/Developer/Xcode/DerivedData/CodeLooper-crrddjihwjtfkwegrjrymctnfixv/Build/Products/Debug/Demark.o

Ld /Users/steipete/Library/Developer/Xcode/DerivedData/CodeLooper-crrddjihwjtfkwegrjrymctnfixv/Build/Products/Debug/ConcurrencyHelpers.o normal (in target 'ConcurrencyHelpers' from project 'swift-service-lifecycle')
    cd /Users/steipete/Library/Developer/Xcode/DerivedData/CodeLooper-crrddjihwjtfkwegrjrymctnfixv/SourcePackages/checkouts/swift-service-lifecycle
    /Applications/Xcode-beta.app/Contents/Developer/Toolchains/XcodeDefault.xctoolchain/usr/bin/clang -Xlinker -reproducible -target arm64-apple-macos10.13 -r -isysroot /Applications/Xcode-beta.app/Contents/Developer/Platforms/MacOSX.platform/Developer/SDKs/MacOSX26.0.sdk -O0 -w -L/Users/steipete/Library/Developer/Xcode/DerivedData/CodeLooper-crrddjihwjtfkwegrjrymctnfixv/Build/Intermediates.noindex/EagerLinkingTBDs/Debug -L/Users/steipete/Library/Developer/Xcode/DerivedData/CodeLooper-crrddjihwjtfkwegrjrymctnfixv/Build/Products/Debug -L/Applications/Xcode-beta.app/Contents/Developer/Platforms/MacOSX.platform/Developer/usr/lib -F/Users/steipete/Library/Developer/Xcode/DerivedData/CodeLooper-crrddjihwjtfkwegrjrymctnfixv/Build/Intermediates.noindex/EagerLinkingTBDs/Debug -F/Users/steipete/Library/Developer/Xcode/DerivedData/CodeLooper-crrddjihwjtfkwegrjrymctnfixv/Build/Products/Debug -iframework /Applications/Xcode-beta.app/Contents/Developer/Platforms/MacOSX.platform/Developer/Library/Frameworks -filelist /Users/steipete/Library/Developer/Xcode/DerivedData/CodeLooper-crrddjihwjtfkwegrjrymctnfixv/Build/Intermediates.noindex/swift-service-lifecycle.build/Debug/ConcurrencyHelpers.build/Objects-normal/arm64/ConcurrencyHelpers.LinkFileList -nostdlib -Xlinker -object_path_lto -Xlinker /Users/steipete/Library/Developer/Xcode/DerivedData/CodeLooper-crrddjihwjtfkwegrjrymctnfixv/Build/Intermediates.noindex/swift-service-lifecycle.build/Debug/ConcurrencyHelpers.build/Objects-normal/arm64/ConcurrencyHelpers_lto.o -rdynamic -Xlinker -no_deduplicate -Xlinker -debug_variant -Xlinker -dependency_info -Xlinker /Users/steipete/Library/Developer/Xcode/DerivedData/CodeLooper-crrddjihwjtfkwegrjrymctnfixv/Build/Intermediates.noindex/swift-service-lifecycle.build/Debug/ConcurrencyHelpers.build/Objects-normal/arm64/ConcurrencyHelpers_dependency_info.dat -fobjc-link-runtime -L/Applications/Xcode-beta.app/Contents/Developer/Toolchains/XcodeDefault.xctoolchain/usr/lib/swift/macosx -L/usr/lib/swift -Xlinker -add_ast_path -Xlinker /Users/steipete/Library/Developer/Xcode/DerivedData/CodeLooper-crrddjihwjtfkwegrjrymctnfixv/Build/Intermediates.noindex/swift-service-lifecycle.build/Debug/ConcurrencyHelpers.build/Objects-normal/arm64/ConcurrencyHelpers.swiftmodule @/Users/steipete/Library/Developer/Xcode/DerivedData/CodeLooper-crrddjihwjtfkwegrjrymctnfixv/Build/Intermediates.noindex/swift-service-lifecycle.build/Debug/ConcurrencyHelpers.build/Objects-normal/arm64/ConcurrencyHelpers-linker-args.resp -o /Users/steipete/Library/Developer/Xcode/DerivedData/CodeLooper-crrddjihwjtfkwegrjrymctnfixv/Build/Products/Debug/ConcurrencyHelpers.o

ExtractAppIntentsMetadata (in target '_NIODataStructures' from project 'swift-nio')
    cd /Users/steipete/Library/Developer/Xcode/DerivedData/CodeLooper-crrddjihwjtfkwegrjrymctnfixv/SourcePackages/checkouts/swift-nio
    /Applications/Xcode-beta.app/Contents/Developer/Toolchains/XcodeDefault.xctoolchain/usr/bin/appintentsmetadataprocessor --toolchain-dir /Applications/Xcode-beta.app/Contents/Developer/Toolchains/XcodeDefault.xctoolchain --module-name _NIODataStructures --sdk-root /Applications/Xcode-beta.app/Contents/Developer/Platforms/MacOSX.platform/Developer/SDKs/MacOSX26.0.sdk --xcode-version 17A5241e --platform-family macOS --deployment-target 10.13 --bundle-identifier swift-nio.-NIODataStructures --output /Users/steipete/Library/Developer/Xcode/DerivedData/CodeLooper-crrddjihwjtfkwegrjrymctnfixv/Build/Products/Debug/_NIODataStructures.appintents --target-triple arm64-apple-macos10.13 --binary-file /Users/steipete/Library/Developer/Xcode/DerivedData/CodeLooper-crrddjihwjtfkwegrjrymctnfixv/Build/Products/Debug/_NIODataStructures.o --dependency-file /Users/steipete/Library/Developer/Xcode/DerivedData/CodeLooper-crrddjihwjtfkwegrjrymctnfixv/Build/Intermediates.noindex/swift-nio.build/Debug/_NIODataStructures.build/Objects-normal/arm64/_NIODataStructures_dependency_info.dat --stringsdata-file /Users/steipete/Library/Developer/Xcode/DerivedData/CodeLooper-crrddjihwjtfkwegrjrymctnfixv/Build/Intermediates.noindex/swift-nio.build/Debug/_NIODataStructures.build/Objects-normal/arm64/ExtractedAppShortcutsMetadata.stringsdata --source-file-list /Users/steipete/Library/Developer/Xcode/DerivedData/CodeLooper-crrddjihwjtfkwegrjrymctnfixv/Build/Intermediates.noindex/swift-nio.build/Debug/_NIODataStructures.build/Objects-normal/arm64/_NIODataStructures.SwiftFileList --metadata-file-list /Users/steipete/Library/Developer/Xcode/DerivedData/CodeLooper-crrddjihwjtfkwegrjrymctnfixv/Build/Intermediates.noindex/swift-nio.build/Debug/_NIODataStructures.build/_NIODataStructures.DependencyMetadataFileList --static-metadata-file-list /Users/steipete/Library/Developer/Xcode/DerivedData/CodeLooper-crrddjihwjtfkwegrjrymctnfixv/Build/Intermediates.noindex/swift-nio.build/Debug/_NIODataStructures.build/_NIODataStructures.DependencyStaticMetadataFileList --swift-const-vals-list /Users/steipete/Library/Developer/Xcode/DerivedData/CodeLooper-crrddjihwjtfkwegrjrymctnfixv/Build/Intermediates.noindex/swift-nio.build/Debug/_NIODataStructures.build/Objects-normal/arm64/_NIODataStructures.SwiftConstValuesFileList --force --compile-time-extraction --deployment-aware-processing --validate-assistant-intents --no-app-shortcuts-localization
2025-06-10 00:10:33.127 appintentsmetadataprocessor[98359:11265502] Starting appintentsmetadataprocessor export
2025-06-10 00:10:33.162 appintentsmetadataprocessor[98359:11265502] Extracted no relevant App Intents symbols, skipping writing output

ExtractAppIntentsMetadata (in target '_NIOBase64' from project 'swift-nio')
    cd /Users/steipete/Library/Developer/Xcode/DerivedData/CodeLooper-crrddjihwjtfkwegrjrymctnfixv/SourcePackages/checkouts/swift-nio
    /Applications/Xcode-beta.app/Contents/Developer/Toolchains/XcodeDefault.xctoolchain/usr/bin/appintentsmetadataprocessor --toolchain-dir /Applications/Xcode-beta.app/Contents/Developer/Toolchains/XcodeDefault.xctoolchain --module-name _NIOBase64 --sdk-root /Applications/Xcode-beta.app/Contents/Developer/Platforms/MacOSX.platform/Developer/SDKs/MacOSX26.0.sdk --xcode-version 17A5241e --platform-family macOS --deployment-target 10.13 --bundle-identifier swift-nio.-NIOBase64 --output /Users/steipete/Library/Developer/Xcode/DerivedData/CodeLooper-crrddjihwjtfkwegrjrymctnfixv/Build/Products/Debug/_NIOBase64.appintents --target-triple arm64-apple-macos10.13 --binary-file /Users/steipete/Library/Developer/Xcode/DerivedData/CodeLooper-crrddjihwjtfkwegrjrymctnfixv/Build/Products/Debug/_NIOBase64.o --dependency-file /Users/steipete/Library/Developer/Xcode/DerivedData/CodeLooper-crrddjihwjtfkwegrjrymctnfixv/Build/Intermediates.noindex/swift-nio.build/Debug/_NIOBase64.build/Objects-normal/arm64/_NIOBase64_dependency_info.dat --stringsdata-file /Users/steipete/Library/Developer/Xcode/DerivedData/CodeLooper-crrddjihwjtfkwegrjrymctnfixv/Build/Intermediates.noindex/swift-nio.build/Debug/_NIOBase64.build/Objects-normal/arm64/ExtractedAppShortcutsMetadata.stringsdata --source-file-list /Users/steipete/Library/Developer/Xcode/DerivedData/CodeLooper-crrddjihwjtfkwegrjrymctnfixv/Build/Intermediates.noindex/swift-nio.build/Debug/_NIOBase64.build/Objects-normal/arm64/_NIOBase64.SwiftFileList --metadata-file-list /Users/steipete/Library/Developer/Xcode/DerivedData/CodeLooper-crrddjihwjtfkwegrjrymctnfixv/Build/Intermediates.noindex/swift-nio.build/Debug/_NIOBase64.build/_NIOBase64.DependencyMetadataFileList --static-metadata-file-list /Users/steipete/Library/Developer/Xcode/DerivedData/CodeLooper-crrddjihwjtfkwegrjrymctnfixv/Build/Intermediates.noindex/swift-nio.build/Debug/_NIOBase64.build/_NIOBase64.DependencyStaticMetadataFileList --swift-const-vals-list /Users/steipete/Library/Developer/Xcode/DerivedData/CodeLooper-crrddjihwjtfkwegrjrymctnfixv/Build/Intermediates.noindex/swift-nio.build/Debug/_NIOBase64.build/Objects-normal/arm64/_NIOBase64.SwiftConstValuesFileList --force --compile-time-extraction --deployment-aware-processing --validate-assistant-intents --no-app-shortcuts-localization
2025-06-10 00:10:33.128 appintentsmetadataprocessor[98360:11265506] Starting appintentsmetadataprocessor export
2025-06-10 00:10:33.160 appintentsmetadataprocessor[98360:11265506] Extracted no relevant App Intents symbols, skipping writing output

SwiftDriverJobDiscovery normal arm64 Compiling UnsafeAtomicLazyReference.swift (in target 'Atomics' from project 'swift-atomics')

SwiftDriverJobDiscovery normal arm64 Compiling IntegerOperations.swift (in target 'Atomics' from project 'swift-atomics')

SwiftDriverJobDiscovery normal arm64 Compiling AtomicMemoryOrderings.swift (in target 'Atomics' from project 'swift-atomics')

ExtractAppIntentsMetadata (in target 'SwiftUIIntrospect' from project 'swiftui-introspect')
    cd /Users/steipete/Library/Developer/Xcode/DerivedData/CodeLooper-crrddjihwjtfkwegrjrymctnfixv/SourcePackages/checkouts/SwiftUI-Introspect
    /Applications/Xcode-beta.app/Contents/Developer/Toolchains/XcodeDefault.xctoolchain/usr/bin/appintentsmetadataprocessor --toolchain-dir /Applications/Xcode-beta.app/Contents/Developer/Toolchains/XcodeDefault.xctoolchain --module-name SwiftUIIntrospect --sdk-root /Applications/Xcode-beta.app/Contents/Developer/Platforms/MacOSX.platform/Developer/SDKs/MacOSX26.0.sdk --xcode-version 17A5241e --platform-family macOS --deployment-target 10.15 --bundle-identifier swiftui-introspect.SwiftUIIntrospect --output /Users/steipete/Library/Developer/Xcode/DerivedData/CodeLooper-crrddjihwjtfkwegrjrymctnfixv/Build/Products/Debug/SwiftUIIntrospect.appintents --target-triple arm64-apple-macos10.15 --binary-file /Users/steipete/Library/Developer/Xcode/DerivedData/CodeLooper-crrddjihwjtfkwegrjrymctnfixv/Build/Products/Debug/SwiftUIIntrospect.o --dependency-file /Users/steipete/Library/Developer/Xcode/DerivedData/CodeLooper-crrddjihwjtfkwegrjrymctnfixv/Build/Intermediates.noindex/swiftui-introspect.build/Debug/SwiftUIIntrospect.build/Objects-normal/arm64/SwiftUIIntrospect_dependency_info.dat --stringsdata-file /Users/steipete/Library/Developer/Xcode/DerivedData/CodeLooper-crrddjihwjtfkwegrjrymctnfixv/Build/Intermediates.noindex/swiftui-introspect.build/Debug/SwiftUIIntrospect.build/Objects-normal/arm64/ExtractedAppShortcutsMetadata.stringsdata --source-file-list /Users/steipete/Library/Developer/Xcode/DerivedData/CodeLooper-crrddjihwjtfkwegrjrymctnfixv/Build/Intermediates.noindex/swiftui-introspect.build/Debug/SwiftUIIntrospect.build/Objects-normal/arm64/SwiftUIIntrospect.SwiftFileList --metadata-file-list /Users/steipete/Library/Developer/Xcode/DerivedData/CodeLooper-crrddjihwjtfkwegrjrymctnfixv/Build/Intermediates.noindex/swiftui-introspect.build/Debug/SwiftUIIntrospect.build/SwiftUIIntrospect.DependencyMetadataFileList --static-metadata-file-list /Users/steipete/Library/Developer/Xcode/DerivedData/CodeLooper-crrddjihwjtfkwegrjrymctnfixv/Build/Intermediates.noindex/swiftui-introspect.build/Debug/SwiftUIIntrospect.build/SwiftUIIntrospect.DependencyStaticMetadataFileList --swift-const-vals-list /Users/steipete/Library/Developer/Xcode/DerivedData/CodeLooper-crrddjihwjtfkwegrjrymctnfixv/Build/Intermediates.noindex/swiftui-introspect.build/Debug/SwiftUIIntrospect.build/Objects-normal/arm64/SwiftUIIntrospect.SwiftConstValuesFileList --force --compile-time-extraction --deployment-aware-processing --validate-assistant-intents --no-app-shortcuts-localization
2025-06-10 00:10:33.136 appintentsmetadataprocessor[98361:11265614] Starting appintentsmetadataprocessor export
2025-06-10 00:10:33.169 appintentsmetadataprocessor[98361:11265614] Extracted no relevant App Intents symbols, skipping writing output

ExtractAppIntentsMetadata (in target 'ServiceContextModule' from project 'swift-service-context')
    cd /Users/steipete/Library/Developer/Xcode/DerivedData/CodeLooper-crrddjihwjtfkwegrjrymctnfixv/SourcePackages/checkouts/swift-service-context
    /Applications/Xcode-beta.app/Contents/Developer/Toolchains/XcodeDefault.xctoolchain/usr/bin/appintentsmetadataprocessor --toolchain-dir /Applications/Xcode-beta.app/Contents/Developer/Toolchains/XcodeDefault.xctoolchain --module-name ServiceContextModule --sdk-root /Applications/Xcode-beta.app/Contents/Developer/Platforms/MacOSX.platform/Developer/SDKs/MacOSX26.0.sdk --xcode-version 17A5241e --platform-family macOS --deployment-target 10.13 --bundle-identifier swift-service-context.ServiceContextModule --output /Users/steipete/Library/Developer/Xcode/DerivedData/CodeLooper-crrddjihwjtfkwegrjrymctnfixv/Build/Products/Debug/ServiceContextModule.appintents --target-triple arm64-apple-macos10.13 --binary-file /Users/steipete/Library/Developer/Xcode/DerivedData/CodeLooper-crrddjihwjtfkwegrjrymctnfixv/Build/Products/Debug/ServiceContextModule.o --dependency-file /Users/steipete/Library/Developer/Xcode/DerivedData/CodeLooper-crrddjihwjtfkwegrjrymctnfixv/Build/Intermediates.noindex/swift-service-context.build/Debug/ServiceContextModule.build/Objects-normal/arm64/ServiceContextModule_dependency_info.dat --stringsdata-file /Users/steipete/Library/Developer/Xcode/DerivedData/CodeLooper-crrddjihwjtfkwegrjrymctnfixv/Build/Intermediates.noindex/swift-service-context.build/Debug/ServiceContextModule.build/Objects-normal/arm64/ExtractedAppShortcutsMetadata.stringsdata --source-file-list /Users/steipete/Library/Developer/Xcode/DerivedData/CodeLooper-crrddjihwjtfkwegrjrymctnfixv/Build/Intermediates.noindex/swift-service-context.build/Debug/ServiceContextModule.build/Objects-normal/arm64/ServiceContextModule.SwiftFileList --metadata-file-list /Users/steipete/Library/Developer/Xcode/DerivedData/CodeLooper-crrddjihwjtfkwegrjrymctnfixv/Build/Intermediates.noindex/swift-service-context.build/Debug/ServiceContextModule.build/ServiceContextModule.DependencyMetadataFileList --static-metadata-file-list /Users/steipete/Library/Developer/Xcode/DerivedData/CodeLooper-crrddjihwjtfkwegrjrymctnfixv/Build/Intermediates.noindex/swift-service-context.build/Debug/ServiceContextModule.build/ServiceContextModule.DependencyStaticMetadataFileList --swift-const-vals-list /Users/steipete/Library/Developer/Xcode/DerivedData/CodeLooper-crrddjihwjtfkwegrjrymctnfixv/Build/Intermediates.noindex/swift-service-context.build/Debug/ServiceContextModule.build/Objects-normal/arm64/ServiceContextModule.SwiftConstValuesFileList --force --compile-time-extraction --deployment-aware-processing --validate-assistant-intents --no-app-shortcuts-localization
2025-06-10 00:10:33.136 appintentsmetadataprocessor[98362:11265615] Starting appintentsmetadataprocessor export
2025-06-10 00:10:33.167 appintentsmetadataprocessor[98362:11265615] Extracted no relevant App Intents symbols, skipping writing output

SwiftDriver _RopeModule normal arm64 com.apple.xcode.tools.swift.compiler (in target '_RopeModule' from project 'swift-collections')
    cd /Users/steipete/Projects/CodeLooper
    builtin-SwiftDriver -- /Applications/Xcode-beta.app/Contents/Developer/Toolchains/XcodeDefault.xctoolchain/usr/bin/swiftc -module-name _RopeModule -Onone -enforce-exclusivity\=checked @/Users/steipete/Library/Developer/Xcode/DerivedData/CodeLooper-crrddjihwjtfkwegrjrymctnfixv/Build/Intermediates.noindex/swift-collections.build/Debug/_RopeModule.build/Objects-normal/arm64/_RopeModule.SwiftFileList -DSWIFT_PACKAGE -DDEBUG -DSWIFT_MODULE_RESOURCE_BUNDLE_UNAVAILABLE -DCOLLECTIONS_RANDOMIZED_TESTING -DXcode -plugin-path /Applications/Xcode-beta.app/Contents/Developer/Toolchains/XcodeDefault.xctoolchain/usr/lib/swift/host/plugins/testing -enable-experimental-feature DebugDescriptionMacro -sdk /Applications/Xcode-beta.app/Contents/Developer/Platforms/MacOSX.platform/Developer/SDKs/MacOSX26.0.sdk -target arm64-apple-macos10.13 -g -module-cache-path /Users/steipete/Library/Developer/Xcode/DerivedData/ModuleCache.noindex -Xfrontend -serialize-debugging-options -profile-coverage-mapping -profile-generate -enable-testing -suppress-warnings -index-store-path /Users/steipete/Library/Developer/Xcode/DerivedData/CodeLooper-crrddjihwjtfkwegrjrymctnfixv/Index.noindex/DataStore -swift-version 5 -I /Users/steipete/Library/Developer/Xcode/DerivedData/CodeLooper-crrddjihwjtfkwegrjrymctnfixv/Build/Products/Debug -I /Applications/Xcode-beta.app/Contents/Developer/Platforms/MacOSX.platform/Developer/usr/lib -F /Users/steipete/Library/Developer/Xcode/DerivedData/CodeLooper-crrddjihwjtfkwegrjrymctnfixv/Build/Products/Debug/PackageFrameworks -F /Users/steipete/Library/Developer/Xcode/DerivedData/CodeLooper-crrddjihwjtfkwegrjrymctnfixv/Build/Products/Debug -F /Applications/Xcode-beta.app/Contents/Developer/Platforms/MacOSX.platform/Developer/Library/Frameworks -c -j16 -enable-batch-mode -incremental -Xcc -ivfsstatcache -Xcc /Users/steipete/Library/Developer/Xcode/DerivedData/SDKStatCaches.noindex/macosx26.0-25A5279m-5d9328ff1a6613a11d359de947506b52.sdkstatcache -output-file-map /Users/steipete/Library/Developer/Xcode/DerivedData/CodeLooper-crrddjihwjtfkwegrjrymctnfixv/Build/Intermediates.noindex/swift-collections.build/Debug/_RopeModule.build/Objects-normal/arm64/_RopeModule-OutputFileMap.json -use-frontend-parseable-output -save-temps -no-color-diagnostics -explicit-module-build -module-cache-path /Users/steipete/Library/Developer/Xcode/DerivedData/CodeLooper-crrddjihwjtfkwegrjrymctnfixv/Build/Intermediates.noindex/SwiftExplicitPrecompiledModules -clang-scanner-module-cache-path /Users/steipete/Library/Developer/Xcode/DerivedData/ModuleCache.noindex -sdk-module-cache-path /Users/steipete/Library/Developer/Xcode/DerivedData/ModuleCache.noindex -serialize-diagnostics -emit-dependencies -emit-module -emit-module-path /Users/steipete/Library/Developer/Xcode/DerivedData/CodeLooper-crrddjihwjtfkwegrjrymctnfixv/Build/Intermediates.noindex/swift-collections.build/Debug/_RopeModule.build/Objects-normal/arm64/_RopeModule.swiftmodule -validate-clang-modules-once -clang-build-session-file /Users/steipete/Library/Developer/Xcode/DerivedData/ModuleCache.noindex/Session.modulevalidation -package-name swift_collections -Xcc -I/Users/steipete/Library/Developer/Xcode/DerivedData/CodeLooper-crrddjihwjtfkwegrjrymctnfixv/Build/Intermediates.noindex/swift-collections.build/Debug/_RopeModule.build/swift-overrides.hmap -emit-const-values -Xfrontend -const-gather-protocols-file -Xfrontend /Users/steipete/Library/Developer/Xcode/DerivedData/CodeLooper-crrddjihwjtfkwegrjrymctnfixv/Build/Intermediates.noindex/swift-collections.build/Debug/_RopeModule.build/Objects-normal/arm64/_RopeModule_const_extract_protocols.json -Xcc -I/Users/steipete/Library/Developer/Xcode/DerivedData/CodeLooper-crrddjihwjtfkwegrjrymctnfixv/Build/Products/Debug/include -Xcc -I/Users/steipete/Library/Developer/Xcode/DerivedData/CodeLooper-crrddjihwjtfkwegrjrymctnfixv/Build/Intermediates.noindex/swift-collections.build/Debug/_RopeModule.build/DerivedSources-normal/arm64 -Xcc -I/Users/steipete/Library/Developer/Xcode/DerivedData/CodeLooper-crrddjihwjtfkwegrjrymctnfixv/Build/Intermediates.noindex/swift-collections.build/Debug/_RopeModule.build/DerivedSources/arm64 -Xcc -I/Users/steipete/Library/Developer/Xcode/DerivedData/CodeLooper-crrddjihwjtfkwegrjrymctnfixv/Build/Intermediates.noindex/swift-collections.build/Debug/_RopeModule.build/DerivedSources -Xcc -DSWIFT_PACKAGE -Xcc -DDEBUG\=1 -emit-objc-header -emit-objc-header-path /Users/steipete/Library/Developer/Xcode/DerivedData/CodeLooper-crrddjihwjtfkwegrjrymctnfixv/Build/Intermediates.noindex/swift-collections.build/Debug/_RopeModule.build/Objects-normal/arm64/_RopeModule-Swift.h -working-directory /Users/steipete/Projects/CodeLooper -experimental-emit-module-separately -disable-cmo

ExtractAppIntentsMetadata (in target 'Ollama' from project 'Ollama')
    cd /Users/steipete/Projects/ollama-swift
    /Applications/Xcode-beta.app/Contents/Developer/Toolchains/XcodeDefault.xctoolchain/usr/bin/appintentsmetadataprocessor --toolchain-dir /Applications/Xcode-beta.app/Contents/Developer/Toolchains/XcodeDefault.xctoolchain --module-name Ollama --sdk-root /Applications/Xcode-beta.app/Contents/Developer/Platforms/MacOSX.platform/Developer/SDKs/MacOSX26.0.sdk --xcode-version 17A5241e --platform-family macOS --deployment-target 13.0 --bundle-identifier ollama-swift.Ollama --output /Users/steipete/Library/Developer/Xcode/DerivedData/CodeLooper-crrddjihwjtfkwegrjrymctnfixv/Build/Products/Debug/Ollama.appintents --target-triple arm64-apple-macos13.0 --binary-file /Users/steipete/Library/Developer/Xcode/DerivedData/CodeLooper-crrddjihwjtfkwegrjrymctnfixv/Build/Products/Debug/Ollama.o --dependency-file /Users/steipete/Library/Developer/Xcode/DerivedData/CodeLooper-crrddjihwjtfkwegrjrymctnfixv/Build/Intermediates.noindex/Ollama.build/Debug/Ollama.build/Objects-normal/arm64/Ollama_dependency_info.dat --stringsdata-file /Users/steipete/Library/Developer/Xcode/DerivedData/CodeLooper-crrddjihwjtfkwegrjrymctnfixv/Build/Intermediates.noindex/Ollama.build/Debug/Ollama.build/Objects-normal/arm64/ExtractedAppShortcutsMetadata.stringsdata --source-file-list /Users/steipete/Library/Developer/Xcode/DerivedData/CodeLooper-crrddjihwjtfkwegrjrymctnfixv/Build/Intermediates.noindex/Ollama.build/Debug/Ollama.build/Objects-normal/arm64/Ollama.SwiftFileList --metadata-file-list /Users/steipete/Library/Developer/Xcode/DerivedData/CodeLooper-crrddjihwjtfkwegrjrymctnfixv/Build/Intermediates.noindex/Ollama.build/Debug/Ollama.build/Ollama.DependencyMetadataFileList --static-metadata-file-list /Users/steipete/Library/Developer/Xcode/DerivedData/CodeLooper-crrddjihwjtfkwegrjrymctnfixv/Build/Intermediates.noindex/Ollama.build/Debug/Ollama.build/Ollama.DependencyStaticMetadataFileList --swift-const-vals-list /Users/steipete/Library/Developer/Xcode/DerivedData/CodeLooper-crrddjihwjtfkwegrjrymctnfixv/Build/Intermediates.noindex/Ollama.build/Debug/Ollama.build/Objects-normal/arm64/Ollama.SwiftConstValuesFileList --force --compile-time-extraction --deployment-aware-processing --validate-assistant-intents --no-app-shortcuts-localization
2025-06-10 00:10:33.139 appintentsmetadataprocessor[98364:11265618] Starting appintentsmetadataprocessor export
2025-06-10 00:10:33.176 appintentsmetadataprocessor[98364:11265618] Extracted no relevant App Intents symbols, skipping writing output

ExtractAppIntentsMetadata (in target 'MenuBarExtraAccess' from project 'MenuBarExtraAccess')
    cd /Users/steipete/Library/Developer/Xcode/DerivedData/CodeLooper-crrddjihwjtfkwegrjrymctnfixv/SourcePackages/checkouts/MenuBarExtraAccess
    /Applications/Xcode-beta.app/Contents/Developer/Toolchains/XcodeDefault.xctoolchain/usr/bin/appintentsmetadataprocessor --toolchain-dir /Applications/Xcode-beta.app/Contents/Developer/Toolchains/XcodeDefault.xctoolchain --module-name MenuBarExtraAccess --sdk-root /Applications/Xcode-beta.app/Contents/Developer/Platforms/MacOSX.platform/Developer/SDKs/MacOSX26.0.sdk --xcode-version 17A5241e --platform-family macOS --deployment-target 10.15 --bundle-identifier menubarextraaccess.MenuBarExtraAccess --output /Users/steipete/Library/Developer/Xcode/DerivedData/CodeLooper-crrddjihwjtfkwegrjrymctnfixv/Build/Products/Debug/MenuBarExtraAccess.appintents --target-triple arm64-apple-macos10.15 --binary-file /Users/steipete/Library/Developer/Xcode/DerivedData/CodeLooper-crrddjihwjtfkwegrjrymctnfixv/Build/Products/Debug/MenuBarExtraAccess.o --dependency-file /Users/steipete/Library/Developer/Xcode/DerivedData/CodeLooper-crrddjihwjtfkwegrjrymctnfixv/Build/Intermediates.noindex/MenuBarExtraAccess.build/Debug/MenuBarExtraAccess.build/Objects-normal/arm64/MenuBarExtraAccess_dependency_info.dat --stringsdata-file /Users/steipete/Library/Developer/Xcode/DerivedData/CodeLooper-crrddjihwjtfkwegrjrymctnfixv/Build/Intermediates.noindex/MenuBarExtraAccess.build/Debug/MenuBarExtraAccess.build/Objects-normal/arm64/ExtractedAppShortcutsMetadata.stringsdata --source-file-list /Users/steipete/Library/Developer/Xcode/DerivedData/CodeLooper-crrddjihwjtfkwegrjrymctnfixv/Build/Intermediates.noindex/MenuBarExtraAccess.build/Debug/MenuBarExtraAccess.build/Objects-normal/arm64/MenuBarExtraAccess.SwiftFileList --metadata-file-list /Users/steipete/Library/Developer/Xcode/DerivedData/CodeLooper-crrddjihwjtfkwegrjrymctnfixv/Build/Intermediates.noindex/MenuBarExtraAccess.build/Debug/MenuBarExtraAccess.build/MenuBarExtraAccess.DependencyMetadataFileList --static-metadata-file-list /Users/steipete/Library/Developer/Xcode/DerivedData/CodeLooper-crrddjihwjtfkwegrjrymctnfixv/Build/Intermediates.noindex/MenuBarExtraAccess.build/Debug/MenuBarExtraAccess.build/MenuBarExtraAccess.DependencyStaticMetadataFileList --swift-const-vals-list /Users/steipete/Library/Developer/Xcode/DerivedData/CodeLooper-crrddjihwjtfkwegrjrymctnfixv/Build/Intermediates.noindex/MenuBarExtraAccess.build/Debug/MenuBarExtraAccess.build/Objects-normal/arm64/MenuBarExtraAccess.SwiftConstValuesFileList --force --compile-time-extraction --deployment-aware-processing --validate-assistant-intents --no-app-shortcuts-localization
2025-06-10 00:10:33.138 appintentsmetadataprocessor[98365:11265620] Starting appintentsmetadataprocessor export
2025-06-10 00:10:33.172 appintentsmetadataprocessor[98365:11265620] Extracted no relevant App Intents symbols, skipping writing output

ExtractAppIntentsMetadata (in target 'Logging' from project 'swift-log')
    cd /Users/steipete/Library/Developer/Xcode/DerivedData/CodeLooper-crrddjihwjtfkwegrjrymctnfixv/SourcePackages/checkouts/swift-log
    /Applications/Xcode-beta.app/Contents/Developer/Toolchains/XcodeDefault.xctoolchain/usr/bin/appintentsmetadataprocessor --toolchain-dir /Applications/Xcode-beta.app/Contents/Developer/Toolchains/XcodeDefault.xctoolchain --module-name Logging --sdk-root /Applications/Xcode-beta.app/Contents/Developer/Platforms/MacOSX.platform/Developer/SDKs/MacOSX26.0.sdk --xcode-version 17A5241e --platform-family macOS --deployment-target 10.13 --bundle-identifier swift-log.Logging --output /Users/steipete/Library/Developer/Xcode/DerivedData/CodeLooper-crrddjihwjtfkwegrjrymctnfixv/Build/Products/Debug/Logging.appintents --target-triple arm64-apple-macos10.13 --binary-file /Users/steipete/Library/Developer/Xcode/DerivedData/CodeLooper-crrddjihwjtfkwegrjrymctnfixv/Build/Products/Debug/Logging.o --dependency-file /Users/steipete/Library/Developer/Xcode/DerivedData/CodeLooper-crrddjihwjtfkwegrjrymctnfixv/Build/Intermediates.noindex/swift-log.build/Debug/Logging.build/Objects-normal/arm64/Logging_dependency_info.dat --stringsdata-file /Users/steipete/Library/Developer/Xcode/DerivedData/CodeLooper-crrddjihwjtfkwegrjrymctnfixv/Build/Intermediates.noindex/swift-log.build/Debug/Logging.build/Objects-normal/arm64/ExtractedAppShortcutsMetadata.stringsdata --source-file-list /Users/steipete/Library/Developer/Xcode/DerivedData/CodeLooper-crrddjihwjtfkwegrjrymctnfixv/Build/Intermediates.noindex/swift-log.build/Debug/Logging.build/Objects-normal/arm64/Logging.SwiftFileList --metadata-file-list /Users/steipete/Library/Developer/Xcode/DerivedData/CodeLooper-crrddjihwjtfkwegrjrymctnfixv/Build/Intermediates.noindex/swift-log.build/Debug/Logging.build/Logging.DependencyMetadataFileList --static-metadata-file-list /Users/steipete/Library/Developer/Xcode/DerivedData/CodeLooper-crrddjihwjtfkwegrjrymctnfixv/Build/Intermediates.noindex/swift-log.build/Debug/Logging.build/Logging.DependencyStaticMetadataFileList --swift-const-vals-list /Users/steipete/Library/Developer/Xcode/DerivedData/CodeLooper-crrddjihwjtfkwegrjrymctnfixv/Build/Intermediates.noindex/swift-log.build/Debug/Logging.build/Objects-normal/arm64/Logging.SwiftConstValuesFileList --force --compile-time-extraction --deployment-aware-processing --validate-assistant-intents --no-app-shortcuts-localization
2025-06-10 00:10:33.139 appintentsmetadataprocessor[98366:11265621] Starting appintentsmetadataprocessor export
2025-06-10 00:10:33.174 appintentsmetadataprocessor[98366:11265621] Extracted no relevant App Intents symbols, skipping writing output

SwiftDriver UnixSignals normal arm64 com.apple.xcode.tools.swift.compiler (in target 'UnixSignals' from project 'swift-service-lifecycle')
    cd /Users/steipete/Projects/CodeLooper
    builtin-SwiftDriver -- /Applications/Xcode-beta.app/Contents/Developer/Toolchains/XcodeDefault.xctoolchain/usr/bin/swiftc -module-name UnixSignals -Onone -enforce-exclusivity\=checked @/Users/steipete/Library/Developer/Xcode/DerivedData/CodeLooper-crrddjihwjtfkwegrjrymctnfixv/Build/Intermediates.noindex/swift-service-lifecycle.build/Debug/UnixSignals.build/Objects-normal/arm64/UnixSignals.SwiftFileList -DSWIFT_PACKAGE -DDEBUG -DSWIFT_MODULE_RESOURCE_BUNDLE_UNAVAILABLE -DXcode -plugin-path /Applications/Xcode-beta.app/Contents/Developer/Toolchains/XcodeDefault.xctoolchain/usr/lib/swift/host/plugins/testing -enable-experimental-feature DebugDescriptionMacro -sdk /Applications/Xcode-beta.app/Contents/Developer/Platforms/MacOSX.platform/Developer/SDKs/MacOSX26.0.sdk -target arm64-apple-macos10.13 -g -module-cache-path /Users/steipete/Library/Developer/Xcode/DerivedData/ModuleCache.noindex -Xfrontend -serialize-debugging-options -profile-coverage-mapping -profile-generate -enable-testing -suppress-warnings -index-store-path /Users/steipete/Library/Developer/Xcode/DerivedData/CodeLooper-crrddjihwjtfkwegrjrymctnfixv/Index.noindex/DataStore -swift-version 5 -I /Users/steipete/Library/Developer/Xcode/DerivedData/CodeLooper-crrddjihwjtfkwegrjrymctnfixv/Build/Products/Debug -I /Applications/Xcode-beta.app/Contents/Developer/Platforms/MacOSX.platform/Developer/usr/lib -F /Users/steipete/Library/Developer/Xcode/DerivedData/CodeLooper-crrddjihwjtfkwegrjrymctnfixv/Build/Products/Debug/PackageFrameworks -F /Users/steipete/Library/Developer/Xcode/DerivedData/CodeLooper-crrddjihwjtfkwegrjrymctnfixv/Build/Products/Debug -F /Applications/Xcode-beta.app/Contents/Developer/Platforms/MacOSX.platform/Developer/Library/Frameworks -c -j16 -enable-batch-mode -incremental -Xcc -ivfsstatcache -Xcc /Users/steipete/Library/Developer/Xcode/DerivedData/SDKStatCaches.noindex/macosx26.0-25A5279m-5d9328ff1a6613a11d359de947506b52.sdkstatcache -output-file-map /Users/steipete/Library/Developer/Xcode/DerivedData/CodeLooper-crrddjihwjtfkwegrjrymctnfixv/Build/Intermediates.noindex/swift-service-lifecycle.build/Debug/UnixSignals.build/Objects-normal/arm64/UnixSignals-OutputFileMap.json -use-frontend-parseable-output -save-temps -no-color-diagnostics -explicit-module-build -module-cache-path /Users/steipete/Library/Developer/Xcode/DerivedData/CodeLooper-crrddjihwjtfkwegrjrymctnfixv/Build/Intermediates.noindex/SwiftExplicitPrecompiledModules -clang-scanner-module-cache-path /Users/steipete/Library/Developer/Xcode/DerivedData/ModuleCache.noindex -sdk-module-cache-path /Users/steipete/Library/Developer/Xcode/DerivedData/ModuleCache.noindex -serialize-diagnostics -emit-dependencies -emit-module -emit-module-path /Users/steipete/Library/Developer/Xcode/DerivedData/CodeLooper-crrddjihwjtfkwegrjrymctnfixv/Build/Intermediates.noindex/swift-service-lifecycle.build/Debug/UnixSignals.build/Objects-normal/arm64/UnixSignals.swiftmodule -validate-clang-modules-once -clang-build-session-file /Users/steipete/Library/Developer/Xcode/DerivedData/ModuleCache.noindex/Session.modulevalidation -Xcc -I/Users/steipete/Library/Developer/Xcode/DerivedData/CodeLooper-crrddjihwjtfkwegrjrymctnfixv/Build/Intermediates.noindex/swift-service-lifecycle.build/Debug/UnixSignals.build/swift-overrides.hmap -emit-const-values -Xfrontend -const-gather-protocols-file -Xfrontend /Users/steipete/Library/Developer/Xcode/DerivedData/CodeLooper-crrddjihwjtfkwegrjrymctnfixv/Build/Intermediates.noindex/swift-service-lifecycle.build/Debug/UnixSignals.build/Objects-normal/arm64/UnixSignals_const_extract_protocols.json -Xcc -I/Users/steipete/Library/Developer/Xcode/DerivedData/CodeLooper-crrddjihwjtfkwegrjrymctnfixv/Build/Products/Debug/include -Xcc -I/Users/steipete/Library/Developer/Xcode/DerivedData/CodeLooper-crrddjihwjtfkwegrjrymctnfixv/Build/Intermediates.noindex/swift-service-lifecycle.build/Debug/UnixSignals.build/DerivedSources-normal/arm64 -Xcc -I/Users/steipete/Library/Developer/Xcode/DerivedData/CodeLooper-crrddjihwjtfkwegrjrymctnfixv/Build/Intermediates.noindex/swift-service-lifecycle.build/Debug/UnixSignals.build/DerivedSources/arm64 -Xcc -I/Users/steipete/Library/Developer/Xcode/DerivedData/CodeLooper-crrddjihwjtfkwegrjrymctnfixv/Build/Intermediates.noindex/swift-service-lifecycle.build/Debug/UnixSignals.build/DerivedSources -Xcc -DSWIFT_PACKAGE -Xcc -DDEBUG\=1 -emit-objc-header -emit-objc-header-path /Users/steipete/Library/Developer/Xcode/DerivedData/CodeLooper-crrddjihwjtfkwegrjrymctnfixv/Build/Intermediates.noindex/swift-service-lifecycle.build/Debug/UnixSignals.build/Objects-normal/arm64/UnixSignals-Swift.h -working-directory /Users/steipete/Projects/CodeLooper -experimental-emit-module-separately -disable-cmo

SwiftDriverJobDiscovery normal arm64 Compiling OptionalRawRepresentable.swift, RawRepresentable.swift (in target 'Atomics' from project 'swift-atomics')

RegisterExecutionPolicyException /Users/steipete/Library/Developer/Xcode/DerivedData/CodeLooper-crrddjihwjtfkwegrjrymctnfixv/Build/Products/Debug/_AtomicsShims.o (in target '_AtomicsShims' from project 'swift-atomics')
    cd /Users/steipete/Library/Developer/Xcode/DerivedData/CodeLooper-crrddjihwjtfkwegrjrymctnfixv/SourcePackages/checkouts/swift-atomics
    builtin-RegisterExecutionPolicyException /Users/steipete/Library/Developer/Xcode/DerivedData/CodeLooper-crrddjihwjtfkwegrjrymctnfixv/Build/Products/Debug/_AtomicsShims.o

SwiftDriver OrderedCollections normal arm64 com.apple.xcode.tools.swift.compiler (in target 'OrderedCollections' from project 'swift-collections')
    cd /Users/steipete/Projects/CodeLooper
    builtin-SwiftDriver -- /Applications/Xcode-beta.app/Contents/Developer/Toolchains/XcodeDefault.xctoolchain/usr/bin/swiftc -module-name OrderedCollections -Onone -enforce-exclusivity\=checked @/Users/steipete/Library/Developer/Xcode/DerivedData/CodeLooper-crrddjihwjtfkwegrjrymctnfixv/Build/Intermediates.noindex/swift-collections.build/Debug/OrderedCollections.build/Objects-normal/arm64/OrderedCollections.SwiftFileList -DSWIFT_PACKAGE -DDEBUG -DSWIFT_MODULE_RESOURCE_BUNDLE_UNAVAILABLE -DCOLLECTIONS_RANDOMIZED_TESTING -DXcode -plugin-path /Applications/Xcode-beta.app/Contents/Developer/Toolchains/XcodeDefault.xctoolchain/usr/lib/swift/host/plugins/testing -enable-experimental-feature DebugDescriptionMacro -sdk /Applications/Xcode-beta.app/Contents/Developer/Platforms/MacOSX.platform/Developer/SDKs/MacOSX26.0.sdk -target arm64-apple-macos10.13 -g -module-cache-path /Users/steipete/Library/Developer/Xcode/DerivedData/ModuleCache.noindex -Xfrontend -serialize-debugging-options -profile-coverage-mapping -profile-generate -enable-testing -suppress-warnings -index-store-path /Users/steipete/Library/Developer/Xcode/DerivedData/CodeLooper-crrddjihwjtfkwegrjrymctnfixv/Index.noindex/DataStore -swift-version 5 -I /Users/steipete/Library/Developer/Xcode/DerivedData/CodeLooper-crrddjihwjtfkwegrjrymctnfixv/Build/Products/Debug -I /Applications/Xcode-beta.app/Contents/Developer/Platforms/MacOSX.platform/Developer/usr/lib -F /Users/steipete/Library/Developer/Xcode/DerivedData/CodeLooper-crrddjihwjtfkwegrjrymctnfixv/Build/Products/Debug/PackageFrameworks -F /Users/steipete/Library/Developer/Xcode/DerivedData/CodeLooper-crrddjihwjtfkwegrjrymctnfixv/Build/Products/Debug -F /Applications/Xcode-beta.app/Contents/Developer/Platforms/MacOSX.platform/Developer/Library/Frameworks -c -j16 -enable-batch-mode -incremental -Xcc -ivfsstatcache -Xcc /Users/steipete/Library/Developer/Xcode/DerivedData/SDKStatCaches.noindex/macosx26.0-25A5279m-5d9328ff1a6613a11d359de947506b52.sdkstatcache -output-file-map /Users/steipete/Library/Developer/Xcode/DerivedData/CodeLooper-crrddjihwjtfkwegrjrymctnfixv/Build/Intermediates.noindex/swift-collections.build/Debug/OrderedCollections.build/Objects-normal/arm64/OrderedCollections-OutputFileMap.json -use-frontend-parseable-output -save-temps -no-color-diagnostics -explicit-module-build -module-cache-path /Users/steipete/Library/Developer/Xcode/DerivedData/CodeLooper-crrddjihwjtfkwegrjrymctnfixv/Build/Intermediates.noindex/SwiftExplicitPrecompiledModules -clang-scanner-module-cache-path /Users/steipete/Library/Developer/Xcode/DerivedData/ModuleCache.noindex -sdk-module-cache-path /Users/steipete/Library/Developer/Xcode/DerivedData/ModuleCache.noindex -serialize-diagnostics -emit-dependencies -emit-module -emit-module-path /Users/steipete/Library/Developer/Xcode/DerivedData/CodeLooper-crrddjihwjtfkwegrjrymctnfixv/Build/Intermediates.noindex/swift-collections.build/Debug/OrderedCollections.build/Objects-normal/arm64/OrderedCollections.swiftmodule -validate-clang-modules-once -clang-build-session-file /Users/steipete/Library/Developer/Xcode/DerivedData/ModuleCache.noindex/Session.modulevalidation -package-name swift_collections -Xcc -I/Users/steipete/Library/Developer/Xcode/DerivedData/CodeLooper-crrddjihwjtfkwegrjrymctnfixv/Build/Intermediates.noindex/swift-collections.build/Debug/OrderedCollections.build/swift-overrides.hmap -emit-const-values -Xfrontend -const-gather-protocols-file -Xfrontend /Users/steipete/Library/Developer/Xcode/DerivedData/CodeLooper-crrddjihwjtfkwegrjrymctnfixv/Build/Intermediates.noindex/swift-collections.build/Debug/OrderedCollections.build/Objects-normal/arm64/OrderedCollections_const_extract_protocols.json -Xcc -I/Users/steipete/Library/Developer/Xcode/DerivedData/CodeLooper-crrddjihwjtfkwegrjrymctnfixv/Build/Products/Debug/include -Xcc -I/Users/steipete/Library/Developer/Xcode/DerivedData/CodeLooper-crrddjihwjtfkwegrjrymctnfixv/Build/Intermediates.noindex/swift-collections.build/Debug/OrderedCollections.build/DerivedSources-normal/arm64 -Xcc -I/Users/steipete/Library/Developer/Xcode/DerivedData/CodeLooper-crrddjihwjtfkwegrjrymctnfixv/Build/Intermediates.noindex/swift-collections.build/Debug/OrderedCollections.build/DerivedSources/arm64 -Xcc -I/Users/steipete/Library/Developer/Xcode/DerivedData/CodeLooper-crrddjihwjtfkwegrjrymctnfixv/Build/Intermediates.noindex/swift-collections.build/Debug/OrderedCollections.build/DerivedSources -Xcc -DSWIFT_PACKAGE -Xcc -DDEBUG\=1 -emit-objc-header -emit-objc-header-path /Users/steipete/Library/Developer/Xcode/DerivedData/CodeLooper-crrddjihwjtfkwegrjrymctnfixv/Build/Intermediates.noindex/swift-collections.build/Debug/OrderedCollections.build/Objects-normal/arm64/OrderedCollections-Swift.h -working-directory /Users/steipete/Projects/CodeLooper -experimental-emit-module-separately -disable-cmo

SwiftDriver OpenAPIRuntime normal arm64 com.apple.xcode.tools.swift.compiler (in target 'OpenAPIRuntime' from project 'swift-openapi-runtime')
    cd /Users/steipete/Projects/CodeLooper
    builtin-SwiftDriver -- /Applications/Xcode-beta.app/Contents/Developer/Toolchains/XcodeDefault.xctoolchain/usr/bin/swiftc -module-name OpenAPIRuntime -Onone -enforce-exclusivity\=checked @/Users/steipete/Library/Developer/Xcode/DerivedData/CodeLooper-crrddjihwjtfkwegrjrymctnfixv/Build/Intermediates.noindex/swift-openapi-runtime.build/Debug/OpenAPIRuntime.build/Objects-normal/arm64/OpenAPIRuntime.SwiftFileList -DSWIFT_PACKAGE -DDEBUG -DSWIFT_MODULE_RESOURCE_BUNDLE_UNAVAILABLE -DXcode -enable-upcoming-feature ExistentialAny -enable-upcoming-feature MemberImportVisibility -plugin-path /Applications/Xcode-beta.app/Contents/Developer/Toolchains/XcodeDefault.xctoolchain/usr/lib/swift/host/plugins/testing -enable-experimental-feature DebugDescriptionMacro -sdk /Applications/Xcode-beta.app/Contents/Developer/Platforms/MacOSX.platform/Developer/SDKs/MacOSX26.0.sdk -target arm64-apple-macos10.15 -g -module-cache-path /Users/steipete/Library/Developer/Xcode/DerivedData/ModuleCache.noindex -Xfrontend -serialize-debugging-options -profile-coverage-mapping -profile-generate -enable-testing -suppress-warnings -index-store-path /Users/steipete/Library/Developer/Xcode/DerivedData/CodeLooper-crrddjihwjtfkwegrjrymctnfixv/Index.noindex/DataStore -swift-version 5 -I /Users/steipete/Library/Developer/Xcode/DerivedData/CodeLooper-crrddjihwjtfkwegrjrymctnfixv/Build/Products/Debug -I /Applications/Xcode-beta.app/Contents/Developer/Platforms/MacOSX.platform/Developer/usr/lib -F /Users/steipete/Library/Developer/Xcode/DerivedData/CodeLooper-crrddjihwjtfkwegrjrymctnfixv/Build/Products/Debug/PackageFrameworks -F /Users/steipete/Library/Developer/Xcode/DerivedData/CodeLooper-crrddjihwjtfkwegrjrymctnfixv/Build/Products/Debug -F /Applications/Xcode-beta.app/Contents/Developer/Platforms/MacOSX.platform/Developer/Library/Frameworks -c -j16 -enable-batch-mode -incremental -Xcc -ivfsstatcache -Xcc /Users/steipete/Library/Developer/Xcode/DerivedData/SDKStatCaches.noindex/macosx26.0-25A5279m-5d9328ff1a6613a11d359de947506b52.sdkstatcache -output-file-map /Users/steipete/Library/Developer/Xcode/DerivedData/CodeLooper-crrddjihwjtfkwegrjrymctnfixv/Build/Intermediates.noindex/swift-openapi-runtime.build/Debug/OpenAPIRuntime.build/Objects-normal/arm64/OpenAPIRuntime-OutputFileMap.json -use-frontend-parseable-output -save-temps -no-color-diagnostics -explicit-module-build -module-cache-path /Users/steipete/Library/Developer/Xcode/DerivedData/CodeLooper-crrddjihwjtfkwegrjrymctnfixv/Build/Intermediates.noindex/SwiftExplicitPrecompiledModules -clang-scanner-module-cache-path /Users/steipete/Library/Developer/Xcode/DerivedData/ModuleCache.noindex -sdk-module-cache-path /Users/steipete/Library/Developer/Xcode/DerivedData/ModuleCache.noindex -serialize-diagnostics -emit-dependencies -emit-module -emit-module-path /Users/steipete/Library/Developer/Xcode/DerivedData/CodeLooper-crrddjihwjtfkwegrjrymctnfixv/Build/Intermediates.noindex/swift-openapi-runtime.build/Debug/OpenAPIRuntime.build/Objects-normal/arm64/OpenAPIRuntime.swiftmodule -validate-clang-modules-once -clang-build-session-file /Users/steipete/Library/Developer/Xcode/DerivedData/ModuleCache.noindex/Session.modulevalidation -package-name swift_openapi_runtime -Xcc -I/Users/steipete/Library/Developer/Xcode/DerivedData/CodeLooper-crrddjihwjtfkwegrjrymctnfixv/Build/Intermediates.noindex/swift-openapi-runtime.build/Debug/OpenAPIRuntime.build/swift-overrides.hmap -emit-const-values -Xfrontend -const-gather-protocols-file -Xfrontend /Users/steipete/Library/Developer/Xcode/DerivedData/CodeLooper-crrddjihwjtfkwegrjrymctnfixv/Build/Intermediates.noindex/swift-openapi-runtime.build/Debug/OpenAPIRuntime.build/Objects-normal/arm64/OpenAPIRuntime_const_extract_protocols.json -Xcc -I/Users/steipete/Library/Developer/Xcode/DerivedData/CodeLooper-crrddjihwjtfkwegrjrymctnfixv/Build/Products/Debug/include -Xcc -I/Users/steipete/Library/Developer/Xcode/DerivedData/CodeLooper-crrddjihwjtfkwegrjrymctnfixv/Build/Intermediates.noindex/swift-openapi-runtime.build/Debug/OpenAPIRuntime.build/DerivedSources-normal/arm64 -Xcc -I/Users/steipete/Library/Developer/Xcode/DerivedData/CodeLooper-crrddjihwjtfkwegrjrymctnfixv/Build/Intermediates.noindex/swift-openapi-runtime.build/Debug/OpenAPIRuntime.build/DerivedSources/arm64 -Xcc -I/Users/steipete/Library/Developer/Xcode/DerivedData/CodeLooper-crrddjihwjtfkwegrjrymctnfixv/Build/Intermediates.noindex/swift-openapi-runtime.build/Debug/OpenAPIRuntime.build/DerivedSources -Xcc -DSWIFT_PACKAGE -Xcc -DDEBUG\=1 -emit-objc-header -emit-objc-header-path /Users/steipete/Library/Developer/Xcode/DerivedData/CodeLooper-crrddjihwjtfkwegrjrymctnfixv/Build/Intermediates.noindex/swift-openapi-runtime.build/Debug/OpenAPIRuntime.build/Objects-normal/arm64/OpenAPIRuntime-Swift.h -working-directory /Users/steipete/Projects/CodeLooper -experimental-emit-module-separately -disable-cmo

ExtractAppIntentsMetadata (in target 'KeychainAccess' from project 'KeychainAccess')
    cd /Users/steipete/Library/Developer/Xcode/DerivedData/CodeLooper-crrddjihwjtfkwegrjrymctnfixv/SourcePackages/checkouts/KeychainAccess
    /Applications/Xcode-beta.app/Contents/Developer/Toolchains/XcodeDefault.xctoolchain/usr/bin/appintentsmetadataprocessor --toolchain-dir /Applications/Xcode-beta.app/Contents/Developer/Toolchains/XcodeDefault.xctoolchain --module-name KeychainAccess --sdk-root /Applications/Xcode-beta.app/Contents/Developer/Platforms/MacOSX.platform/Developer/SDKs/MacOSX26.0.sdk --xcode-version 17A5241e --platform-family macOS --deployment-target 10.13 --bundle-identifier keychainaccess.KeychainAccess --output /Users/steipete/Library/Developer/Xcode/DerivedData/CodeLooper-crrddjihwjtfkwegrjrymctnfixv/Build/Products/Debug/KeychainAccess.appintents --target-triple arm64-apple-macos10.13 --binary-file /Users/steipete/Library/Developer/Xcode/DerivedData/CodeLooper-crrddjihwjtfkwegrjrymctnfixv/Build/Products/Debug/KeychainAccess.o --dependency-file /Users/steipete/Library/Developer/Xcode/DerivedData/CodeLooper-crrddjihwjtfkwegrjrymctnfixv/Build/Intermediates.noindex/KeychainAccess.build/Debug/KeychainAccess.build/Objects-normal/arm64/KeychainAccess_dependency_info.dat --stringsdata-file /Users/steipete/Library/Developer/Xcode/DerivedData/CodeLooper-crrddjihwjtfkwegrjrymctnfixv/Build/Intermediates.noindex/KeychainAccess.build/Debug/KeychainAccess.build/Objects-normal/arm64/ExtractedAppShortcutsMetadata.stringsdata --source-file-list /Users/steipete/Library/Developer/Xcode/DerivedData/CodeLooper-crrddjihwjtfkwegrjrymctnfixv/Build/Intermediates.noindex/KeychainAccess.build/Debug/KeychainAccess.build/Objects-normal/arm64/KeychainAccess.SwiftFileList --metadata-file-list /Users/steipete/Library/Developer/Xcode/DerivedData/CodeLooper-crrddjihwjtfkwegrjrymctnfixv/Build/Intermediates.noindex/KeychainAccess.build/Debug/KeychainAccess.build/KeychainAccess.DependencyMetadataFileList --static-metadata-file-list /Users/steipete/Library/Developer/Xcode/DerivedData/CodeLooper-crrddjihwjtfkwegrjrymctnfixv/Build/Intermediates.noindex/KeychainAccess.build/Debug/KeychainAccess.build/KeychainAccess.DependencyStaticMetadataFileList --swift-const-vals-list /Users/steipete/Library/Developer/Xcode/DerivedData/CodeLooper-crrddjihwjtfkwegrjrymctnfixv/Build/Intermediates.noindex/KeychainAccess.build/Debug/KeychainAccess.build/Objects-normal/arm64/KeychainAccess.SwiftConstValuesFileList --force --compile-time-extraction --deployment-aware-processing --validate-assistant-intents --no-app-shortcuts-localization
2025-06-10 00:10:33.152 appintentsmetadataprocessor[98367:11265628] Starting appintentsmetadataprocessor export
2025-06-10 00:10:33.187 appintentsmetadataprocessor[98367:11265628] Extracted no relevant App Intents symbols, skipping writing output

ExtractAppIntentsMetadata (in target 'KeyboardShortcuts' from project 'KeyboardShortcuts')
    cd /Users/steipete/Library/Developer/Xcode/DerivedData/CodeLooper-crrddjihwjtfkwegrjrymctnfixv/SourcePackages/checkouts/KeyboardShortcuts
    /Applications/Xcode-beta.app/Contents/Developer/Toolchains/XcodeDefault.xctoolchain/usr/bin/appintentsmetadataprocessor --toolchain-dir /Applications/Xcode-beta.app/Contents/Developer/Toolchains/XcodeDefault.xctoolchain --module-name KeyboardShortcuts --sdk-root /Applications/Xcode-beta.app/Contents/Developer/Platforms/MacOSX.platform/Developer/SDKs/MacOSX26.0.sdk --xcode-version 17A5241e --platform-family macOS --deployment-target 10.15 --bundle-identifier keyboardshortcuts.KeyboardShortcuts --output /Users/steipete/Library/Developer/Xcode/DerivedData/CodeLooper-crrddjihwjtfkwegrjrymctnfixv/Build/Products/Debug/KeyboardShortcuts.appintents --target-triple arm64-apple-macos10.15 --binary-file /Users/steipete/Library/Developer/Xcode/DerivedData/CodeLooper-crrddjihwjtfkwegrjrymctnfixv/Build/Products/Debug/KeyboardShortcuts.o --dependency-file /Users/steipete/Library/Developer/Xcode/DerivedData/CodeLooper-crrddjihwjtfkwegrjrymctnfixv/Build/Intermediates.noindex/KeyboardShortcuts.build/Debug/KeyboardShortcuts.build/Objects-normal/arm64/KeyboardShortcuts_dependency_info.dat --stringsdata-file /Users/steipete/Library/Developer/Xcode/DerivedData/CodeLooper-crrddjihwjtfkwegrjrymctnfixv/Build/Intermediates.noindex/KeyboardShortcuts.build/Debug/KeyboardShortcuts.build/Objects-normal/arm64/ExtractedAppShortcutsMetadata.stringsdata --source-file-list /Users/steipete/Library/Developer/Xcode/DerivedData/CodeLooper-crrddjihwjtfkwegrjrymctnfixv/Build/Intermediates.noindex/KeyboardShortcuts.build/Debug/KeyboardShortcuts.build/Objects-normal/arm64/KeyboardShortcuts.SwiftFileList --metadata-file-list /Users/steipete/Library/Developer/Xcode/DerivedData/CodeLooper-crrddjihwjtfkwegrjrymctnfixv/Build/Intermediates.noindex/KeyboardShortcuts.build/Debug/KeyboardShortcuts.build/KeyboardShortcuts.DependencyMetadataFileList --static-metadata-file-list /Users/steipete/Library/Developer/Xcode/DerivedData/CodeLooper-crrddjihwjtfkwegrjrymctnfixv/Build/Intermediates.noindex/KeyboardShortcuts.build/Debug/KeyboardShortcuts.build/KeyboardShortcuts.DependencyStaticMetadataFileList --swift-const-vals-list /Users/steipete/Library/Developer/Xcode/DerivedData/CodeLooper-crrddjihwjtfkwegrjrymctnfixv/Build/Intermediates.noindex/KeyboardShortcuts.build/Debug/KeyboardShortcuts.build/Objects-normal/arm64/KeyboardShortcuts.SwiftConstValuesFileList --force --compile-time-extraction --deployment-aware-processing --validate-assistant-intents --no-app-shortcuts-localization
2025-06-10 00:10:33.157 appintentsmetadataprocessor[98368:11265640] Starting appintentsmetadataprocessor export
2025-06-10 00:10:33.191 appintentsmetadataprocessor[98368:11265640] Extracted no relevant App Intents symbols, skipping writing output

SwiftDriverJobDiscovery normal arm64 Compiling Defaults+iCloud.swift (in target 'Defaults' from project 'Defaults')

ExtractAppIntentsMetadata (in target 'InternalCollectionsUtilities' from project 'swift-collections')
    cd /Users/steipete/Library/Developer/Xcode/DerivedData/CodeLooper-crrddjihwjtfkwegrjrymctnfixv/SourcePackages/checkouts/swift-collections
    /Applications/Xcode-beta.app/Contents/Developer/Toolchains/XcodeDefault.xctoolchain/usr/bin/appintentsmetadataprocessor --toolchain-dir /Applications/Xcode-beta.app/Contents/Developer/Toolchains/XcodeDefault.xctoolchain --module-name InternalCollectionsUtilities --sdk-root /Applications/Xcode-beta.app/Contents/Developer/Platforms/MacOSX.platform/Developer/SDKs/MacOSX26.0.sdk --xcode-version 17A5241e --platform-family macOS --deployment-target 10.13 --bundle-identifier swift-collections.InternalCollectionsUtilities --output /Users/steipete/Library/Developer/Xcode/DerivedData/CodeLooper-crrddjihwjtfkwegrjrymctnfixv/Build/Products/Debug/InternalCollectionsUtilities.appintents --target-triple arm64-apple-macos10.13 --binary-file /Users/steipete/Library/Developer/Xcode/DerivedData/CodeLooper-crrddjihwjtfkwegrjrymctnfixv/Build/Products/Debug/InternalCollectionsUtilities.o --dependency-file /Users/steipete/Library/Developer/Xcode/DerivedData/CodeLooper-crrddjihwjtfkwegrjrymctnfixv/Build/Intermediates.noindex/swift-collections.build/Debug/InternalCollectionsUtilities.build/Objects-normal/arm64/InternalCollectionsUtilities_dependency_info.dat --stringsdata-file /Users/steipete/Library/Developer/Xcode/DerivedData/CodeLooper-crrddjihwjtfkwegrjrymctnfixv/Build/Intermediates.noindex/swift-collections.build/Debug/InternalCollectionsUtilities.build/Objects-normal/arm64/ExtractedAppShortcutsMetadata.stringsdata --source-file-list /Users/steipete/Library/Developer/Xcode/DerivedData/CodeLooper-crrddjihwjtfkwegrjrymctnfixv/Build/Intermediates.noindex/swift-collections.build/Debug/InternalCollectionsUtilities.build/Objects-normal/arm64/InternalCollectionsUtilities.SwiftFileList --metadata-file-list /Users/steipete/Library/Developer/Xcode/DerivedData/CodeLooper-crrddjihwjtfkwegrjrymctnfixv/Build/Intermediates.noindex/swift-collections.build/Debug/InternalCollectionsUtilities.build/InternalCollectionsUtilities.DependencyMetadataFileList --static-metadata-file-list /Users/steipete/Library/Developer/Xcode/DerivedData/CodeLooper-crrddjihwjtfkwegrjrymctnfixv/Build/Intermediates.noindex/swift-collections.build/Debug/InternalCollectionsUtilities.build/InternalCollectionsUtilities.DependencyStaticMetadataFileList --swift-const-vals-list /Users/steipete/Library/Developer/Xcode/DerivedData/CodeLooper-crrddjihwjtfkwegrjrymctnfixv/Build/Intermediates.noindex/swift-collections.build/Debug/InternalCollectionsUtilities.build/Objects-normal/arm64/InternalCollectionsUtilities.SwiftConstValuesFileList --force --compile-time-extraction --deployment-aware-processing --validate-assistant-intents --no-app-shortcuts-localization
2025-06-10 00:10:33.170 appintentsmetadataprocessor[98369:11265641] Starting appintentsmetadataprocessor export
2025-06-10 00:10:33.202 appintentsmetadataprocessor[98369:11265641] Extracted no relevant App Intents symbols, skipping writing output

SwiftDriverJobDiscovery normal arm64 Compiling Metrics.swift (in target 'CoreMetrics' from project 'swift-metrics')

SwiftDriver\ Compilation Defaults normal arm64 com.apple.xcode.tools.swift.compiler (in target 'Defaults' from project 'Defaults')
    cd /Users/steipete/Projects/CodeLooper
    builtin-Swift-Compilation -- /Applications/Xcode-beta.app/Contents/Developer/Toolchains/XcodeDefault.xctoolchain/usr/bin/swiftc -module-name Defaults -Onone -enforce-exclusivity\=checked @/Users/steipete/Library/Developer/Xcode/DerivedData/CodeLooper-crrddjihwjtfkwegrjrymctnfixv/Build/Intermediates.noindex/Defaults.build/Debug/Defaults.build/Objects-normal/arm64/Defaults.SwiftFileList -DSWIFT_PACKAGE -DDEBUG -DSWIFT_MODULE_RESOURCE_BUNDLE_AVAILABLE -DXcode -plugin-path /Applications/Xcode-beta.app/Contents/Developer/Toolchains/XcodeDefault.xctoolchain/usr/lib/swift/host/plugins/testing -enable-experimental-feature DebugDescriptionMacro -sdk /Applications/Xcode-beta.app/Contents/Developer/Platforms/MacOSX.platform/Developer/SDKs/MacOSX26.0.sdk -target arm64-apple-macos11.0 -g -module-cache-path /Users/steipete/Library/Developer/Xcode/DerivedData/ModuleCache.noindex -Xfrontend -serialize-debugging-options -profile-coverage-mapping -profile-generate -enable-testing -suppress-warnings -index-store-path /Users/steipete/Library/Developer/Xcode/DerivedData/CodeLooper-crrddjihwjtfkwegrjrymctnfixv/Index.noindex/DataStore -swift-version 5 -I /Users/steipete/Library/Developer/Xcode/DerivedData/CodeLooper-crrddjihwjtfkwegrjrymctnfixv/Build/Products/Debug -I /Applications/Xcode-beta.app/Contents/Developer/Platforms/MacOSX.platform/Developer/usr/lib -F /Users/steipete/Library/Developer/Xcode/DerivedData/CodeLooper-crrddjihwjtfkwegrjrymctnfixv/Build/Products/Debug -F /Applications/Xcode-beta.app/Contents/Developer/Platforms/MacOSX.platform/Developer/Library/Frameworks -c -j16 -enable-batch-mode -incremental -Xcc -ivfsstatcache -Xcc /Users/steipete/Library/Developer/Xcode/DerivedData/SDKStatCaches.noindex/macosx26.0-25A5279m-5d9328ff1a6613a11d359de947506b52.sdkstatcache -output-file-map /Users/steipete/Library/Developer/Xcode/DerivedData/CodeLooper-crrddjihwjtfkwegrjrymctnfixv/Build/Intermediates.noindex/Defaults.build/Debug/Defaults.build/Objects-normal/arm64/Defaults-OutputFileMap.json -use-frontend-parseable-output -save-temps -no-color-diagnostics -explicit-module-build -module-cache-path /Users/steipete/Library/Developer/Xcode/DerivedData/CodeLooper-crrddjihwjtfkwegrjrymctnfixv/Build/Intermediates.noindex/SwiftExplicitPrecompiledModules -clang-scanner-module-cache-path /Users/steipete/Library/Developer/Xcode/DerivedData/ModuleCache.noindex -sdk-module-cache-path /Users/steipete/Library/Developer/Xcode/DerivedData/ModuleCache.noindex -serialize-diagnostics -emit-dependencies -emit-module -emit-module-path /Users/steipete/Library/Developer/Xcode/DerivedData/CodeLooper-crrddjihwjtfkwegrjrymctnfixv/Build/Intermediates.noindex/Defaults.build/Debug/Defaults.build/Objects-normal/arm64/Defaults.swiftmodule -validate-clang-modules-once -clang-build-session-file /Users/steipete/Library/Developer/Xcode/DerivedData/ModuleCache.noindex/Session.modulevalidation -package-name defaults -Xcc -I/Users/steipete/Library/Developer/Xcode/DerivedData/CodeLooper-crrddjihwjtfkwegrjrymctnfixv/Build/Intermediates.noindex/Defaults.build/Debug/Defaults.build/swift-overrides.hmap -emit-const-values -Xfrontend -const-gather-protocols-file -Xfrontend /Users/steipete/Library/Developer/Xcode/DerivedData/CodeLooper-crrddjihwjtfkwegrjrymctnfixv/Build/Intermediates.noindex/Defaults.build/Debug/Defaults.build/Objects-normal/arm64/Defaults_const_extract_protocols.json -Xcc -I/Users/steipete/Library/Developer/Xcode/DerivedData/CodeLooper-crrddjihwjtfkwegrjrymctnfixv/Build/Products/Debug/include -Xcc -I/Users/steipete/Library/Developer/Xcode/DerivedData/CodeLooper-crrddjihwjtfkwegrjrymctnfixv/Build/Intermediates.noindex/Defaults.build/Debug/Defaults.build/DerivedSources-normal/arm64 -Xcc -I/Users/steipete/Library/Developer/Xcode/DerivedData/CodeLooper-crrddjihwjtfkwegrjrymctnfixv/Build/Intermediates.noindex/Defaults.build/Debug/Defaults.build/DerivedSources/arm64 -Xcc -I/Users/steipete/Library/Developer/Xcode/DerivedData/CodeLooper-crrddjihwjtfkwegrjrymctnfixv/Build/Intermediates.noindex/Defaults.build/Debug/Defaults.build/DerivedSources -Xcc -DSWIFT_PACKAGE -Xcc -DDEBUG\=1 -emit-objc-header -emit-objc-header-path /Users/steipete/Library/Developer/Xcode/DerivedData/CodeLooper-crrddjihwjtfkwegrjrymctnfixv/Build/Intermediates.noindex/Defaults.build/Debug/Defaults.build/Objects-normal/arm64/Defaults-Swift.h -working-directory /Users/steipete/Projects/CodeLooper -experimental-emit-module-separately -disable-cmo

SwiftDriver\ Compilation CoreMetrics normal arm64 com.apple.xcode.tools.swift.compiler (in target 'CoreMetrics' from project 'swift-metrics')
    cd /Users/steipete/Projects/CodeLooper
    builtin-Swift-Compilation -- /Applications/Xcode-beta.app/Contents/Developer/Toolchains/XcodeDefault.xctoolchain/usr/bin/swiftc -module-name CoreMetrics -Onone -enforce-exclusivity\=checked @/Users/steipete/Library/Developer/Xcode/DerivedData/CodeLooper-crrddjihwjtfkwegrjrymctnfixv/Build/Intermediates.noindex/swift-metrics.build/Debug/CoreMetrics.build/Objects-normal/arm64/CoreMetrics.SwiftFileList -DSWIFT_PACKAGE -DDEBUG -DSWIFT_MODULE_RESOURCE_BUNDLE_UNAVAILABLE -DXcode -enable-experimental-feature StrictConcurrency\=complete -enable-upcoming-feature MemberImportVisibility -plugin-path /Applications/Xcode-beta.app/Contents/Developer/Toolchains/XcodeDefault.xctoolchain/usr/lib/swift/host/plugins/testing -enable-experimental-feature DebugDescriptionMacro -sdk /Applications/Xcode-beta.app/Contents/Developer/Platforms/MacOSX.platform/Developer/SDKs/MacOSX26.0.sdk -target arm64-apple-macos10.13 -g -module-cache-path /Users/steipete/Library/Developer/Xcode/DerivedData/ModuleCache.noindex -Xfrontend -serialize-debugging-options -profile-coverage-mapping -profile-generate -enable-testing -suppress-warnings -index-store-path /Users/steipete/Library/Developer/Xcode/DerivedData/CodeLooper-crrddjihwjtfkwegrjrymctnfixv/Index.noindex/DataStore -swift-version 5 -I /Users/steipete/Library/Developer/Xcode/DerivedData/CodeLooper-crrddjihwjtfkwegrjrymctnfixv/Build/Products/Debug -I /Applications/Xcode-beta.app/Contents/Developer/Platforms/MacOSX.platform/Developer/usr/lib -F /Users/steipete/Library/Developer/Xcode/DerivedData/CodeLooper-crrddjihwjtfkwegrjrymctnfixv/Build/Products/Debug -F /Applications/Xcode-beta.app/Contents/Developer/Platforms/MacOSX.platform/Developer/Library/Frameworks -c -j16 -enable-batch-mode -incremental -Xcc -ivfsstatcache -Xcc /Users/steipete/Library/Developer/Xcode/DerivedData/SDKStatCaches.noindex/macosx26.0-25A5279m-5d9328ff1a6613a11d359de947506b52.sdkstatcache -output-file-map /Users/steipete/Library/Developer/Xcode/DerivedData/CodeLooper-crrddjihwjtfkwegrjrymctnfixv/Build/Intermediates.noindex/swift-metrics.build/Debug/CoreMetrics.build/Objects-normal/arm64/CoreMetrics-OutputFileMap.json -use-frontend-parseable-output -save-temps -no-color-diagnostics -explicit-module-build -module-cache-path /Users/steipete/Library/Developer/Xcode/DerivedData/CodeLooper-crrddjihwjtfkwegrjrymctnfixv/Build/Intermediates.noindex/SwiftExplicitPrecompiledModules -clang-scanner-module-cache-path /Users/steipete/Library/Developer/Xcode/DerivedData/ModuleCache.noindex -sdk-module-cache-path /Users/steipete/Library/Developer/Xcode/DerivedData/ModuleCache.noindex -serialize-diagnostics -emit-dependencies -emit-module -emit-module-path /Users/steipete/Library/Developer/Xcode/DerivedData/CodeLooper-crrddjihwjtfkwegrjrymctnfixv/Build/Intermediates.noindex/swift-metrics.build/Debug/CoreMetrics.build/Objects-normal/arm64/CoreMetrics.swiftmodule -validate-clang-modules-once -clang-build-session-file /Users/steipete/Library/Developer/Xcode/DerivedData/ModuleCache.noindex/Session.modulevalidation -package-name swift_metrics -Xcc -I/Users/steipete/Library/Developer/Xcode/DerivedData/CodeLooper-crrddjihwjtfkwegrjrymctnfixv/Build/Intermediates.noindex/swift-metrics.build/Debug/CoreMetrics.build/swift-overrides.hmap -emit-const-values -Xfrontend -const-gather-protocols-file -Xfrontend /Users/steipete/Library/Developer/Xcode/DerivedData/CodeLooper-crrddjihwjtfkwegrjrymctnfixv/Build/Intermediates.noindex/swift-metrics.build/Debug/CoreMetrics.build/Objects-normal/arm64/CoreMetrics_const_extract_protocols.json -Xcc -I/Users/steipete/Library/Developer/Xcode/DerivedData/CodeLooper-crrddjihwjtfkwegrjrymctnfixv/Build/Products/Debug/include -Xcc -I/Users/steipete/Library/Developer/Xcode/DerivedData/CodeLooper-crrddjihwjtfkwegrjrymctnfixv/Build/Intermediates.noindex/swift-metrics.build/Debug/CoreMetrics.build/DerivedSources-normal/arm64 -Xcc -I/Users/steipete/Library/Developer/Xcode/DerivedData/CodeLooper-crrddjihwjtfkwegrjrymctnfixv/Build/Intermediates.noindex/swift-metrics.build/Debug/CoreMetrics.build/DerivedSources/arm64 -Xcc -I/Users/steipete/Library/Developer/Xcode/DerivedData/CodeLooper-crrddjihwjtfkwegrjrymctnfixv/Build/Intermediates.noindex/swift-metrics.build/Debug/CoreMetrics.build/DerivedSources -Xcc -DSWIFT_PACKAGE -Xcc -DDEBUG\=1 -emit-objc-header -emit-objc-header-path /Users/steipete/Library/Developer/Xcode/DerivedData/CodeLooper-crrddjihwjtfkwegrjrymctnfixv/Build/Intermediates.noindex/swift-metrics.build/Debug/CoreMetrics.build/Objects-normal/arm64/CoreMetrics-Swift.h -working-directory /Users/steipete/Projects/CodeLooper -experimental-emit-module-separately -disable-cmo

Ld /Users/steipete/Library/Developer/Xcode/DerivedData/CodeLooper-crrddjihwjtfkwegrjrymctnfixv/Build/Products/Debug/CoreMetrics.o normal (in target 'CoreMetrics' from project 'swift-metrics')
    cd /Users/steipete/Library/Developer/Xcode/DerivedData/CodeLooper-crrddjihwjtfkwegrjrymctnfixv/SourcePackages/checkouts/swift-metrics
    /Applications/Xcode-beta.app/Contents/Developer/Toolchains/XcodeDefault.xctoolchain/usr/bin/clang -Xlinker -reproducible -target arm64-apple-macos10.13 -r -isysroot /Applications/Xcode-beta.app/Contents/Developer/Platforms/MacOSX.platform/Developer/SDKs/MacOSX26.0.sdk -O0 -w -L/Users/steipete/Library/Developer/Xcode/DerivedData/CodeLooper-crrddjihwjtfkwegrjrymctnfixv/Build/Intermediates.noindex/EagerLinkingTBDs/Debug -L/Users/steipete/Library/Developer/Xcode/DerivedData/CodeLooper-crrddjihwjtfkwegrjrymctnfixv/Build/Products/Debug -L/Applications/Xcode-beta.app/Contents/Developer/Platforms/MacOSX.platform/Developer/usr/lib -F/Users/steipete/Library/Developer/Xcode/DerivedData/CodeLooper-crrddjihwjtfkwegrjrymctnfixv/Build/Intermediates.noindex/EagerLinkingTBDs/Debug -F/Users/steipete/Library/Developer/Xcode/DerivedData/CodeLooper-crrddjihwjtfkwegrjrymctnfixv/Build/Products/Debug -iframework /Applications/Xcode-beta.app/Contents/Developer/Platforms/MacOSX.platform/Developer/Library/Frameworks -filelist /Users/steipete/Library/Developer/Xcode/DerivedData/CodeLooper-crrddjihwjtfkwegrjrymctnfixv/Build/Intermediates.noindex/swift-metrics.build/Debug/CoreMetrics.build/Objects-normal/arm64/CoreMetrics.LinkFileList -nostdlib -Xlinker -object_path_lto -Xlinker /Users/steipete/Library/Developer/Xcode/DerivedData/CodeLooper-crrddjihwjtfkwegrjrymctnfixv/Build/Intermediates.noindex/swift-metrics.build/Debug/CoreMetrics.build/Objects-normal/arm64/CoreMetrics_lto.o -rdynamic -Xlinker -no_deduplicate -Xlinker -debug_variant -Xlinker -dependency_info -Xlinker /Users/steipete/Library/Developer/Xcode/DerivedData/CodeLooper-crrddjihwjtfkwegrjrymctnfixv/Build/Intermediates.noindex/swift-metrics.build/Debug/CoreMetrics.build/Objects-normal/arm64/CoreMetrics_dependency_info.dat -fobjc-link-runtime -L/Applications/Xcode-beta.app/Contents/Developer/Toolchains/XcodeDefault.xctoolchain/usr/lib/swift/macosx -L/usr/lib/swift -Xlinker -add_ast_path -Xlinker /Users/steipete/Library/Developer/Xcode/DerivedData/CodeLooper-crrddjihwjtfkwegrjrymctnfixv/Build/Intermediates.noindex/swift-metrics.build/Debug/CoreMetrics.build/Objects-normal/arm64/CoreMetrics.swiftmodule @/Users/steipete/Library/Developer/Xcode/DerivedData/CodeLooper-crrddjihwjtfkwegrjrymctnfixv/Build/Intermediates.noindex/swift-metrics.build/Debug/CoreMetrics.build/Objects-normal/arm64/CoreMetrics-linker-args.resp -o /Users/steipete/Library/Developer/Xcode/DerivedData/CodeLooper-crrddjihwjtfkwegrjrymctnfixv/Build/Products/Debug/CoreMetrics.o

Ld /Users/steipete/Library/Developer/Xcode/DerivedData/CodeLooper-crrddjihwjtfkwegrjrymctnfixv/Build/Products/Debug/Defaults.o normal (in target 'Defaults' from project 'Defaults')
    cd /Users/steipete/Library/Developer/Xcode/DerivedData/CodeLooper-crrddjihwjtfkwegrjrymctnfixv/SourcePackages/checkouts/Defaults
    /Applications/Xcode-beta.app/Contents/Developer/Toolchains/XcodeDefault.xctoolchain/usr/bin/clang -Xlinker -reproducible -target arm64-apple-macos11.0 -r -isysroot /Applications/Xcode-beta.app/Contents/Developer/Platforms/MacOSX.platform/Developer/SDKs/MacOSX26.0.sdk -O0 -w -L/Users/steipete/Library/Developer/Xcode/DerivedData/CodeLooper-crrddjihwjtfkwegrjrymctnfixv/Build/Intermediates.noindex/EagerLinkingTBDs/Debug -L/Users/steipete/Library/Developer/Xcode/DerivedData/CodeLooper-crrddjihwjtfkwegrjrymctnfixv/Build/Products/Debug -L/Applications/Xcode-beta.app/Contents/Developer/Platforms/MacOSX.platform/Developer/usr/lib -F/Users/steipete/Library/Developer/Xcode/DerivedData/CodeLooper-crrddjihwjtfkwegrjrymctnfixv/Build/Intermediates.noindex/EagerLinkingTBDs/Debug -F/Users/steipete/Library/Developer/Xcode/DerivedData/CodeLooper-crrddjihwjtfkwegrjrymctnfixv/Build/Products/Debug -iframework /Applications/Xcode-beta.app/Contents/Developer/Platforms/MacOSX.platform/Developer/Library/Frameworks -filelist /Users/steipete/Library/Developer/Xcode/DerivedData/CodeLooper-crrddjihwjtfkwegrjrymctnfixv/Build/Intermediates.noindex/Defaults.build/Debug/Defaults.build/Objects-normal/arm64/Defaults.LinkFileList -nostdlib -Xlinker -object_path_lto -Xlinker /Users/steipete/Library/Developer/Xcode/DerivedData/CodeLooper-crrddjihwjtfkwegrjrymctnfixv/Build/Intermediates.noindex/Defaults.build/Debug/Defaults.build/Objects-normal/arm64/Defaults_lto.o -rdynamic -Xlinker -no_deduplicate -Xlinker -debug_variant -Xlinker -dependency_info -Xlinker /Users/steipete/Library/Developer/Xcode/DerivedData/CodeLooper-crrddjihwjtfkwegrjrymctnfixv/Build/Intermediates.noindex/Defaults.build/Debug/Defaults.build/Objects-normal/arm64/Defaults_dependency_info.dat -fobjc-link-runtime -L/Applications/Xcode-beta.app/Contents/Developer/Toolchains/XcodeDefault.xctoolchain/usr/lib/swift/macosx -L/usr/lib/swift -Xlinker -add_ast_path -Xlinker /Users/steipete/Library/Developer/Xcode/DerivedData/CodeLooper-crrddjihwjtfkwegrjrymctnfixv/Build/Intermediates.noindex/Defaults.build/Debug/Defaults.build/Objects-normal/arm64/Defaults.swiftmodule @/Users/steipete/Library/Developer/Xcode/DerivedData/CodeLooper-crrddjihwjtfkwegrjrymctnfixv/Build/Intermediates.noindex/Defaults.build/Debug/Defaults.build/Objects-normal/arm64/Defaults-linker-args.resp -o /Users/steipete/Library/Developer/Xcode/DerivedData/CodeLooper-crrddjihwjtfkwegrjrymctnfixv/Build/Products/Debug/Defaults.o

RegisterExecutionPolicyException /Users/steipete/Library/Developer/Xcode/DerivedData/CodeLooper-crrddjihwjtfkwegrjrymctnfixv/Build/Products/Debug/_NIODataStructures.o (in target '_NIODataStructures' from project 'swift-nio')
    cd /Users/steipete/Library/Developer/Xcode/DerivedData/CodeLooper-crrddjihwjtfkwegrjrymctnfixv/SourcePackages/checkouts/swift-nio
    builtin-RegisterExecutionPolicyException /Users/steipete/Library/Developer/Xcode/DerivedData/CodeLooper-crrddjihwjtfkwegrjrymctnfixv/Build/Products/Debug/_NIODataStructures.o

RegisterExecutionPolicyException /Users/steipete/Library/Developer/Xcode/DerivedData/CodeLooper-crrddjihwjtfkwegrjrymctnfixv/Build/Products/Debug/_NIOBase64.o (in target '_NIOBase64' from project 'swift-nio')
    cd /Users/steipete/Library/Developer/Xcode/DerivedData/CodeLooper-crrddjihwjtfkwegrjrymctnfixv/SourcePackages/checkouts/swift-nio
    builtin-RegisterExecutionPolicyException /Users/steipete/Library/Developer/Xcode/DerivedData/CodeLooper-crrddjihwjtfkwegrjrymctnfixv/Build/Products/Debug/_NIOBase64.o

SwiftDriver Metrics normal arm64 com.apple.xcode.tools.swift.compiler (in target 'Metrics' from project 'swift-metrics')
    cd /Users/steipete/Projects/CodeLooper
    builtin-SwiftDriver -- /Applications/Xcode-beta.app/Contents/Developer/Toolchains/XcodeDefault.xctoolchain/usr/bin/swiftc -module-name Metrics -Onone -enforce-exclusivity\=checked @/Users/steipete/Library/Developer/Xcode/DerivedData/CodeLooper-crrddjihwjtfkwegrjrymctnfixv/Build/Intermediates.noindex/swift-metrics.build/Debug/Metrics.build/Objects-normal/arm64/Metrics.SwiftFileList -DSWIFT_PACKAGE -DDEBUG -DSWIFT_MODULE_RESOURCE_BUNDLE_UNAVAILABLE -DXcode -enable-experimental-feature StrictConcurrency\=complete -enable-upcoming-feature MemberImportVisibility -plugin-path /Applications/Xcode-beta.app/Contents/Developer/Toolchains/XcodeDefault.xctoolchain/usr/lib/swift/host/plugins/testing -enable-experimental-feature DebugDescriptionMacro -sdk /Applications/Xcode-beta.app/Contents/Developer/Platforms/MacOSX.platform/Developer/SDKs/MacOSX26.0.sdk -target arm64-apple-macos10.13 -g -module-cache-path /Users/steipete/Library/Developer/Xcode/DerivedData/ModuleCache.noindex -Xfrontend -serialize-debugging-options -profile-coverage-mapping -profile-generate -enable-testing -suppress-warnings -index-store-path /Users/steipete/Library/Developer/Xcode/DerivedData/CodeLooper-crrddjihwjtfkwegrjrymctnfixv/Index.noindex/DataStore -swift-version 5 -I /Users/steipete/Library/Developer/Xcode/DerivedData/CodeLooper-crrddjihwjtfkwegrjrymctnfixv/Build/Products/Debug -I /Applications/Xcode-beta.app/Contents/Developer/Platforms/MacOSX.platform/Developer/usr/lib -F /Users/steipete/Library/Developer/Xcode/DerivedData/CodeLooper-crrddjihwjtfkwegrjrymctnfixv/Build/Products/Debug/PackageFrameworks -F /Users/steipete/Library/Developer/Xcode/DerivedData/CodeLooper-crrddjihwjtfkwegrjrymctnfixv/Build/Products/Debug -F /Applications/Xcode-beta.app/Contents/Developer/Platforms/MacOSX.platform/Developer/Library/Frameworks -parse-as-library -c -j16 -enable-batch-mode -incremental -Xcc -ivfsstatcache -Xcc /Users/steipete/Library/Developer/Xcode/DerivedData/SDKStatCaches.noindex/macosx26.0-25A5279m-5d9328ff1a6613a11d359de947506b52.sdkstatcache -output-file-map /Users/steipete/Library/Developer/Xcode/DerivedData/CodeLooper-crrddjihwjtfkwegrjrymctnfixv/Build/Intermediates.noindex/swift-metrics.build/Debug/Metrics.build/Objects-normal/arm64/Metrics-OutputFileMap.json -use-frontend-parseable-output -save-temps -no-color-diagnostics -explicit-module-build -module-cache-path /Users/steipete/Library/Developer/Xcode/DerivedData/CodeLooper-crrddjihwjtfkwegrjrymctnfixv/Build/Intermediates.noindex/SwiftExplicitPrecompiledModules -clang-scanner-module-cache-path /Users/steipete/Library/Developer/Xcode/DerivedData/ModuleCache.noindex -sdk-module-cache-path /Users/steipete/Library/Developer/Xcode/DerivedData/ModuleCache.noindex -serialize-diagnostics -emit-dependencies -emit-module -emit-module-path /Users/steipete/Library/Developer/Xcode/DerivedData/CodeLooper-crrddjihwjtfkwegrjrymctnfixv/Build/Intermediates.noindex/swift-metrics.build/Debug/Metrics.build/Objects-normal/arm64/Metrics.swiftmodule -validate-clang-modules-once -clang-build-session-file /Users/steipete/Library/Developer/Xcode/DerivedData/ModuleCache.noindex/Session.modulevalidation -package-name swift_metrics -Xcc -I/Users/steipete/Library/Developer/Xcode/DerivedData/CodeLooper-crrddjihwjtfkwegrjrymctnfixv/Build/Intermediates.noindex/swift-metrics.build/Debug/Metrics.build/swift-overrides.hmap -emit-const-values -Xfrontend -const-gather-protocols-file -Xfrontend /Users/steipete/Library/Developer/Xcode/DerivedData/CodeLooper-crrddjihwjtfkwegrjrymctnfixv/Build/Intermediates.noindex/swift-metrics.build/Debug/Metrics.build/Objects-normal/arm64/Metrics_const_extract_protocols.json -Xcc -I/Users/steipete/Library/Developer/Xcode/DerivedData/CodeLooper-crrddjihwjtfkwegrjrymctnfixv/Build/Products/Debug/include -Xcc -I/Users/steipete/Library/Developer/Xcode/DerivedData/CodeLooper-crrddjihwjtfkwegrjrymctnfixv/Build/Intermediates.noindex/swift-metrics.build/Debug/Metrics.build/DerivedSources-normal/arm64 -Xcc -I/Users/steipete/Library/Developer/Xcode/DerivedData/CodeLooper-crrddjihwjtfkwegrjrymctnfixv/Build/Intermediates.noindex/swift-metrics.build/Debug/Metrics.build/DerivedSources/arm64 -Xcc -I/Users/steipete/Library/Developer/Xcode/DerivedData/CodeLooper-crrddjihwjtfkwegrjrymctnfixv/Build/Intermediates.noindex/swift-metrics.build/Debug/Metrics.build/DerivedSources -Xcc -DSWIFT_PACKAGE -Xcc -DDEBUG\=1 -emit-objc-header -emit-objc-header-path /Users/steipete/Library/Developer/Xcode/DerivedData/CodeLooper-crrddjihwjtfkwegrjrymctnfixv/Build/Intermediates.noindex/swift-metrics.build/Debug/Metrics.build/Objects-normal/arm64/Metrics-Swift.h -working-directory /Users/steipete/Projects/CodeLooper -experimental-emit-module-separately -disable-cmo

RegisterExecutionPolicyException /Users/steipete/Library/Developer/Xcode/DerivedData/CodeLooper-crrddjihwjtfkwegrjrymctnfixv/Build/Products/Debug/SwiftUIIntrospect.o (in target 'SwiftUIIntrospect' from project 'swiftui-introspect')
    cd /Users/steipete/Library/Developer/Xcode/DerivedData/CodeLooper-crrddjihwjtfkwegrjrymctnfixv/SourcePackages/checkouts/SwiftUI-Introspect
    builtin-RegisterExecutionPolicyException /Users/steipete/Library/Developer/Xcode/DerivedData/CodeLooper-crrddjihwjtfkwegrjrymctnfixv/Build/Products/Debug/SwiftUIIntrospect.o

RegisterExecutionPolicyException /Users/steipete/Library/Developer/Xcode/DerivedData/CodeLooper-crrddjihwjtfkwegrjrymctnfixv/Build/Products/Debug/ServiceContextModule.o (in target 'ServiceContextModule' from project 'swift-service-context')
    cd /Users/steipete/Library/Developer/Xcode/DerivedData/CodeLooper-crrddjihwjtfkwegrjrymctnfixv/SourcePackages/checkouts/swift-service-context
    builtin-RegisterExecutionPolicyException /Users/steipete/Library/Developer/Xcode/DerivedData/CodeLooper-crrddjihwjtfkwegrjrymctnfixv/Build/Products/Debug/ServiceContextModule.o

ExtractAppIntentsMetadata (in target 'HTTPTypes' from project 'swift-http-types')
    cd /Users/steipete/Library/Developer/Xcode/DerivedData/CodeLooper-crrddjihwjtfkwegrjrymctnfixv/SourcePackages/checkouts/swift-http-types
    /Applications/Xcode-beta.app/Contents/Developer/Toolchains/XcodeDefault.xctoolchain/usr/bin/appintentsmetadataprocessor --toolchain-dir /Applications/Xcode-beta.app/Contents/Developer/Toolchains/XcodeDefault.xctoolchain --module-name HTTPTypes --sdk-root /Applications/Xcode-beta.app/Contents/Developer/Platforms/MacOSX.platform/Developer/SDKs/MacOSX26.0.sdk --xcode-version 17A5241e --platform-family macOS --deployment-target 10.13 --bundle-identifier swift-http-types.HTTPTypes --output /Users/steipete/Library/Developer/Xcode/DerivedData/CodeLooper-crrddjihwjtfkwegrjrymctnfixv/Build/Products/Debug/HTTPTypes.appintents --target-triple arm64-apple-macos10.13 --binary-file /Users/steipete/Library/Developer/Xcode/DerivedData/CodeLooper-crrddjihwjtfkwegrjrymctnfixv/Build/Products/Debug/HTTPTypes.o --dependency-file /Users/steipete/Library/Developer/Xcode/DerivedData/CodeLooper-crrddjihwjtfkwegrjrymctnfixv/Build/Intermediates.noindex/swift-http-types.build/Debug/HTTPTypes.build/Objects-normal/arm64/HTTPTypes_dependency_info.dat --stringsdata-file /Users/steipete/Library/Developer/Xcode/DerivedData/CodeLooper-crrddjihwjtfkwegrjrymctnfixv/Build/Intermediates.noindex/swift-http-types.build/Debug/HTTPTypes.build/Objects-normal/arm64/ExtractedAppShortcutsMetadata.stringsdata --source-file-list /Users/steipete/Library/Developer/Xcode/DerivedData/CodeLooper-crrddjihwjtfkwegrjrymctnfixv/Build/Intermediates.noindex/swift-http-types.build/Debug/HTTPTypes.build/Objects-normal/arm64/HTTPTypes.SwiftFileList --metadata-file-list /Users/steipete/Library/Developer/Xcode/DerivedData/CodeLooper-crrddjihwjtfkwegrjrymctnfixv/Build/Intermediates.noindex/swift-http-types.build/Debug/HTTPTypes.build/HTTPTypes.DependencyMetadataFileList --static-metadata-file-list /Users/steipete/Library/Developer/Xcode/DerivedData/CodeLooper-crrddjihwjtfkwegrjrymctnfixv/Build/Intermediates.noindex/swift-http-types.build/Debug/HTTPTypes.build/HTTPTypes.DependencyStaticMetadataFileList --swift-const-vals-list /Users/steipete/Library/Developer/Xcode/DerivedData/CodeLooper-crrddjihwjtfkwegrjrymctnfixv/Build/Intermediates.noindex/swift-http-types.build/Debug/HTTPTypes.build/Objects-normal/arm64/HTTPTypes.SwiftConstValuesFileList --force --compile-time-extraction --deployment-aware-processing --validate-assistant-intents --no-app-shortcuts-localization
2025-06-10 00:10:33.192 appintentsmetadataprocessor[98374:11265655] Starting appintentsmetadataprocessor export
2025-06-10 00:10:33.223 appintentsmetadataprocessor[98374:11265655] Extracted no relevant App Intents symbols, skipping writing output

RegisterExecutionPolicyException /Users/steipete/Library/Developer/Xcode/DerivedData/CodeLooper-crrddjihwjtfkwegrjrymctnfixv/Build/Products/Debug/Ollama.o (in target 'Ollama' from project 'Ollama')
    cd /Users/steipete/Projects/ollama-swift
    builtin-RegisterExecutionPolicyException /Users/steipete/Library/Developer/Xcode/DerivedData/CodeLooper-crrddjihwjtfkwegrjrymctnfixv/Build/Products/Debug/Ollama.o

RegisterExecutionPolicyException /Users/steipete/Library/Developer/Xcode/DerivedData/CodeLooper-crrddjihwjtfkwegrjrymctnfixv/Build/Products/Debug/MenuBarExtraAccess.o (in target 'MenuBarExtraAccess' from project 'MenuBarExtraAccess')
    cd /Users/steipete/Library/Developer/Xcode/DerivedData/CodeLooper-crrddjihwjtfkwegrjrymctnfixv/SourcePackages/checkouts/MenuBarExtraAccess
    builtin-RegisterExecutionPolicyException /Users/steipete/Library/Developer/Xcode/DerivedData/CodeLooper-crrddjihwjtfkwegrjrymctnfixv/Build/Products/Debug/MenuBarExtraAccess.o

SwiftDriver Instrumentation normal arm64 com.apple.xcode.tools.swift.compiler (in target 'Instrumentation' from project 'swift-distributed-tracing')
    cd /Users/steipete/Projects/CodeLooper
    builtin-SwiftDriver -- /Applications/Xcode-beta.app/Contents/Developer/Toolchains/XcodeDefault.xctoolchain/usr/bin/swiftc -module-name Instrumentation -Onone -enforce-exclusivity\=checked @/Users/steipete/Library/Developer/Xcode/DerivedData/CodeLooper-crrddjihwjtfkwegrjrymctnfixv/Build/Intermediates.noindex/swift-distributed-tracing.build/Debug/Instrumentation.build/Objects-normal/arm64/Instrumentation.SwiftFileList -DSWIFT_PACKAGE -DDEBUG -DSWIFT_MODULE_RESOURCE_BUNDLE_UNAVAILABLE -DXcode -enable-experimental-feature StrictConcurrency\=complete -plugin-path /Applications/Xcode-beta.app/Contents/Developer/Toolchains/XcodeDefault.xctoolchain/usr/lib/swift/host/plugins/testing -enable-experimental-feature DebugDescriptionMacro -sdk /Applications/Xcode-beta.app/Contents/Developer/Platforms/MacOSX.platform/Developer/SDKs/MacOSX26.0.sdk -target arm64-apple-macos10.13 -g -module-cache-path /Users/steipete/Library/Developer/Xcode/DerivedData/ModuleCache.noindex -Xfrontend -serialize-debugging-options -profile-coverage-mapping -profile-generate -enable-testing -suppress-warnings -index-store-path /Users/steipete/Library/Developer/Xcode/DerivedData/CodeLooper-crrddjihwjtfkwegrjrymctnfixv/Index.noindex/DataStore -swift-version 5 -I /Users/steipete/Library/Developer/Xcode/DerivedData/CodeLooper-crrddjihwjtfkwegrjrymctnfixv/Build/Products/Debug -I /Applications/Xcode-beta.app/Contents/Developer/Platforms/MacOSX.platform/Developer/usr/lib -F /Users/steipete/Library/Developer/Xcode/DerivedData/CodeLooper-crrddjihwjtfkwegrjrymctnfixv/Build/Products/Debug/PackageFrameworks -F /Users/steipete/Library/Developer/Xcode/DerivedData/CodeLooper-crrddjihwjtfkwegrjrymctnfixv/Build/Products/Debug -F /Applications/Xcode-beta.app/Contents/Developer/Platforms/MacOSX.platform/Developer/Library/Frameworks -c -j16 -enable-batch-mode -incremental -Xcc -ivfsstatcache -Xcc /Users/steipete/Library/Developer/Xcode/DerivedData/SDKStatCaches.noindex/macosx26.0-25A5279m-5d9328ff1a6613a11d359de947506b52.sdkstatcache -output-file-map /Users/steipete/Library/Developer/Xcode/DerivedData/CodeLooper-crrddjihwjtfkwegrjrymctnfixv/Build/Intermediates.noindex/swift-distributed-tracing.build/Debug/Instrumentation.build/Objects-normal/arm64/Instrumentation-OutputFileMap.json -use-frontend-parseable-output -save-temps -no-color-diagnostics -explicit-module-build -module-cache-path /Users/steipete/Library/Developer/Xcode/DerivedData/CodeLooper-crrddjihwjtfkwegrjrymctnfixv/Build/Intermediates.noindex/SwiftExplicitPrecompiledModules -clang-scanner-module-cache-path /Users/steipete/Library/Developer/Xcode/DerivedData/ModuleCache.noindex -sdk-module-cache-path /Users/steipete/Library/Developer/Xcode/DerivedData/ModuleCache.noindex -serialize-diagnostics -emit-dependencies -emit-module -emit-module-path /Users/steipete/Library/Developer/Xcode/DerivedData/CodeLooper-crrddjihwjtfkwegrjrymctnfixv/Build/Intermediates.noindex/swift-distributed-tracing.build/Debug/Instrumentation.build/Objects-normal/arm64/Instrumentation.swiftmodule -validate-clang-modules-once -clang-build-session-file /Users/steipete/Library/Developer/Xcode/DerivedData/ModuleCache.noindex/Session.modulevalidation -package-name swift_distributed_tracing -Xcc -I/Users/steipete/Library/Developer/Xcode/DerivedData/CodeLooper-crrddjihwjtfkwegrjrymctnfixv/Build/Intermediates.noindex/swift-distributed-tracing.build/Debug/Instrumentation.build/swift-overrides.hmap -emit-const-values -Xfrontend -const-gather-protocols-file -Xfrontend /Users/steipete/Library/Developer/Xcode/DerivedData/CodeLooper-crrddjihwjtfkwegrjrymctnfixv/Build/Intermediates.noindex/swift-distributed-tracing.build/Debug/Instrumentation.build/Objects-normal/arm64/Instrumentation_const_extract_protocols.json -Xcc -I/Users/steipete/Library/Developer/Xcode/DerivedData/CodeLooper-crrddjihwjtfkwegrjrymctnfixv/Build/Products/Debug/include -Xcc -I/Users/steipete/Library/Developer/Xcode/DerivedData/CodeLooper-crrddjihwjtfkwegrjrymctnfixv/Build/Intermediates.noindex/swift-distributed-tracing.build/Debug/Instrumentation.build/DerivedSources-normal/arm64 -Xcc -I/Users/steipete/Library/Developer/Xcode/DerivedData/CodeLooper-crrddjihwjtfkwegrjrymctnfixv/Build/Intermediates.noindex/swift-distributed-tracing.build/Debug/Instrumentation.build/DerivedSources/arm64 -Xcc -I/Users/steipete/Library/Developer/Xcode/DerivedData/CodeLooper-crrddjihwjtfkwegrjrymctnfixv/Build/Intermediates.noindex/swift-distributed-tracing.build/Debug/Instrumentation.build/DerivedSources -Xcc -DSWIFT_PACKAGE -Xcc -DDEBUG\=1 -emit-objc-header -emit-objc-header-path /Users/steipete/Library/Developer/Xcode/DerivedData/CodeLooper-crrddjihwjtfkwegrjrymctnfixv/Build/Intermediates.noindex/swift-distributed-tracing.build/Debug/Instrumentation.build/Objects-normal/arm64/Instrumentation-Swift.h -working-directory /Users/steipete/Projects/CodeLooper -experimental-emit-module-separately -disable-cmo

ExtractAppIntentsMetadata (in target 'DesignSystem' from project 'DesignSystem')
    cd /Users/steipete/Projects/CodeLooper/DesignSystem
    /Applications/Xcode-beta.app/Contents/Developer/Toolchains/XcodeDefault.xctoolchain/usr/bin/appintentsmetadataprocessor --toolchain-dir /Applications/Xcode-beta.app/Contents/Developer/Toolchains/XcodeDefault.xctoolchain --module-name DesignSystem --sdk-root /Applications/Xcode-beta.app/Contents/Developer/Platforms/MacOSX.platform/Developer/SDKs/MacOSX26.0.sdk --xcode-version 17A5241e --platform-family macOS --deployment-target 14.0 --bundle-identifier designsystem.DesignSystem --output /Users/steipete/Library/Developer/Xcode/DerivedData/CodeLooper-crrddjihwjtfkwegrjrymctnfixv/Build/Products/Debug/DesignSystem.appintents --target-triple arm64-apple-macos14.0 --binary-file /Users/steipete/Library/Developer/Xcode/DerivedData/CodeLooper-crrddjihwjtfkwegrjrymctnfixv/Build/Products/Debug/DesignSystem.o --dependency-file /Users/steipete/Library/Developer/Xcode/DerivedData/CodeLooper-crrddjihwjtfkwegrjrymctnfixv/Build/Intermediates.noindex/DesignSystem.build/Debug/DesignSystem.build/Objects-normal/arm64/DesignSystem_dependency_info.dat --stringsdata-file /Users/steipete/Library/Developer/Xcode/DerivedData/CodeLooper-crrddjihwjtfkwegrjrymctnfixv/Build/Intermediates.noindex/DesignSystem.build/Debug/DesignSystem.build/Objects-normal/arm64/ExtractedAppShortcutsMetadata.stringsdata --source-file-list /Users/steipete/Library/Developer/Xcode/DerivedData/CodeLooper-crrddjihwjtfkwegrjrymctnfixv/Build/Intermediates.noindex/DesignSystem.build/Debug/DesignSystem.build/Objects-normal/arm64/DesignSystem.SwiftFileList --metadata-file-list /Users/steipete/Library/Developer/Xcode/DerivedData/CodeLooper-crrddjihwjtfkwegrjrymctnfixv/Build/Intermediates.noindex/DesignSystem.build/Debug/DesignSystem.build/DesignSystem.DependencyMetadataFileList --static-metadata-file-list /Users/steipete/Library/Developer/Xcode/DerivedData/CodeLooper-crrddjihwjtfkwegrjrymctnfixv/Build/Intermediates.noindex/DesignSystem.build/Debug/DesignSystem.build/DesignSystem.DependencyStaticMetadataFileList --swift-const-vals-list /Users/steipete/Library/Developer/Xcode/DerivedData/CodeLooper-crrddjihwjtfkwegrjrymctnfixv/Build/Intermediates.noindex/DesignSystem.build/Debug/DesignSystem.build/Objects-normal/arm64/DesignSystem.SwiftConstValuesFileList --force --compile-time-extraction --deployment-aware-processing --validate-assistant-intents --no-app-shortcuts-localization
2025-06-10 00:10:33.206 appintentsmetadataprocessor[98375:11265695] Starting appintentsmetadataprocessor export
2025-06-10 00:10:33.237 appintentsmetadataprocessor[98375:11265695] Extracted no relevant App Intents symbols, skipping writing output

SwiftDriver HeapModule normal arm64 com.apple.xcode.tools.swift.compiler (in target 'HeapModule' from project 'swift-collections')
    cd /Users/steipete/Projects/CodeLooper
    builtin-SwiftDriver -- /Applications/Xcode-beta.app/Contents/Developer/Toolchains/XcodeDefault.xctoolchain/usr/bin/swiftc -module-name HeapModule -Onone -enforce-exclusivity\=checked @/Users/steipete/Library/Developer/Xcode/DerivedData/CodeLooper-crrddjihwjtfkwegrjrymctnfixv/Build/Intermediates.noindex/swift-collections.build/Debug/HeapModule.build/Objects-normal/arm64/HeapModule.SwiftFileList -DSWIFT_PACKAGE -DDEBUG -DSWIFT_MODULE_RESOURCE_BUNDLE_UNAVAILABLE -DCOLLECTIONS_RANDOMIZED_TESTING -DXcode -plugin-path /Applications/Xcode-beta.app/Contents/Developer/Toolchains/XcodeDefault.xctoolchain/usr/lib/swift/host/plugins/testing -enable-experimental-feature DebugDescriptionMacro -sdk /Applications/Xcode-beta.app/Contents/Developer/Platforms/MacOSX.platform/Developer/SDKs/MacOSX26.0.sdk -target arm64-apple-macos10.13 -g -module-cache-path /Users/steipete/Library/Developer/Xcode/DerivedData/ModuleCache.noindex -Xfrontend -serialize-debugging-options -profile-coverage-mapping -profile-generate -enable-testing -suppress-warnings -index-store-path /Users/steipete/Library/Developer/Xcode/DerivedData/CodeLooper-crrddjihwjtfkwegrjrymctnfixv/Index.noindex/DataStore -swift-version 5 -I /Users/steipete/Library/Developer/Xcode/DerivedData/CodeLooper-crrddjihwjtfkwegrjrymctnfixv/Build/Products/Debug -I /Applications/Xcode-beta.app/Contents/Developer/Platforms/MacOSX.platform/Developer/usr/lib -F /Users/steipete/Library/Developer/Xcode/DerivedData/CodeLooper-crrddjihwjtfkwegrjrymctnfixv/Build/Products/Debug/PackageFrameworks -F /Users/steipete/Library/Developer/Xcode/DerivedData/CodeLooper-crrddjihwjtfkwegrjrymctnfixv/Build/Products/Debug -F /Applications/Xcode-beta.app/Contents/Developer/Platforms/MacOSX.platform/Developer/Library/Frameworks -c -j16 -enable-batch-mode -incremental -Xcc -ivfsstatcache -Xcc /Users/steipete/Library/Developer/Xcode/DerivedData/SDKStatCaches.noindex/macosx26.0-25A5279m-5d9328ff1a6613a11d359de947506b52.sdkstatcache -output-file-map /Users/steipete/Library/Developer/Xcode/DerivedData/CodeLooper-crrddjihwjtfkwegrjrymctnfixv/Build/Intermediates.noindex/swift-collections.build/Debug/HeapModule.build/Objects-normal/arm64/HeapModule-OutputFileMap.json -use-frontend-parseable-output -save-temps -no-color-diagnostics -explicit-module-build -module-cache-path /Users/steipete/Library/Developer/Xcode/DerivedData/CodeLooper-crrddjihwjtfkwegrjrymctnfixv/Build/Intermediates.noindex/SwiftExplicitPrecompiledModules -clang-scanner-module-cache-path /Users/steipete/Library/Developer/Xcode/DerivedData/ModuleCache.noindex -sdk-module-cache-path /Users/steipete/Library/Developer/Xcode/DerivedData/ModuleCache.noindex -serialize-diagnostics -emit-dependencies -emit-module -emit-module-path /Users/steipete/Library/Developer/Xcode/DerivedData/CodeLooper-crrddjihwjtfkwegrjrymctnfixv/Build/Intermediates.noindex/swift-collections.build/Debug/HeapModule.build/Objects-normal/arm64/HeapModule.swiftmodule -validate-clang-modules-once -clang-build-session-file /Users/steipete/Library/Developer/Xcode/DerivedData/ModuleCache.noindex/Session.modulevalidation -package-name swift_collections -Xcc -I/Users/steipete/Library/Developer/Xcode/DerivedData/CodeLooper-crrddjihwjtfkwegrjrymctnfixv/Build/Intermediates.noindex/swift-collections.build/Debug/HeapModule.build/swift-overrides.hmap -emit-const-values -Xfrontend -const-gather-protocols-file -Xfrontend /Users/steipete/Library/Developer/Xcode/DerivedData/CodeLooper-crrddjihwjtfkwegrjrymctnfixv/Build/Intermediates.noindex/swift-collections.build/Debug/HeapModule.build/Objects-normal/arm64/HeapModule_const_extract_protocols.json -Xcc -I/Users/steipete/Library/Developer/Xcode/DerivedData/CodeLooper-crrddjihwjtfkwegrjrymctnfixv/Build/Products/Debug/include -Xcc -I/Users/steipete/Library/Developer/Xcode/DerivedData/CodeLooper-crrddjihwjtfkwegrjrymctnfixv/Build/Intermediates.noindex/swift-collections.build/Debug/HeapModule.build/DerivedSources-normal/arm64 -Xcc -I/Users/steipete/Library/Developer/Xcode/DerivedData/CodeLooper-crrddjihwjtfkwegrjrymctnfixv/Build/Intermediates.noindex/swift-collections.build/Debug/HeapModule.build/DerivedSources/arm64 -Xcc -I/Users/steipete/Library/Developer/Xcode/DerivedData/CodeLooper-crrddjihwjtfkwegrjrymctnfixv/Build/Intermediates.noindex/swift-collections.build/Debug/HeapModule.build/DerivedSources -Xcc -DSWIFT_PACKAGE -Xcc -DDEBUG\=1 -emit-objc-header -emit-objc-header-path /Users/steipete/Library/Developer/Xcode/DerivedData/CodeLooper-crrddjihwjtfkwegrjrymctnfixv/Build/Intermediates.noindex/swift-collections.build/Debug/HeapModule.build/Objects-normal/arm64/HeapModule-Swift.h -working-directory /Users/steipete/Projects/CodeLooper -experimental-emit-module-separately -disable-cmo

ExtractAppIntentsMetadata (in target 'Demark' from project 'Demark')
    cd /Users/steipete/Library/Developer/Xcode/DerivedData/CodeLooper-crrddjihwjtfkwegrjrymctnfixv/SourcePackages/checkouts/Demark
    /Applications/Xcode-beta.app/Contents/Developer/Toolchains/XcodeDefault.xctoolchain/usr/bin/appintentsmetadataprocessor --toolchain-dir /Applications/Xcode-beta.app/Contents/Developer/Toolchains/XcodeDefault.xctoolchain --module-name Demark --sdk-root /Applications/Xcode-beta.app/Contents/Developer/Platforms/MacOSX.platform/Developer/SDKs/MacOSX26.0.sdk --xcode-version 17A5241e --platform-family macOS --deployment-target 14.0 --bundle-identifier demark.Demark --output /Users/steipete/Library/Developer/Xcode/DerivedData/CodeLooper-crrddjihwjtfkwegrjrymctnfixv/Build/Products/Debug/Demark.appintents --target-triple arm64-apple-macos14.0 --binary-file /Users/steipete/Library/Developer/Xcode/DerivedData/CodeLooper-crrddjihwjtfkwegrjrymctnfixv/Build/Products/Debug/Demark.o --dependency-file /Users/steipete/Library/Developer/Xcode/DerivedData/CodeLooper-crrddjihwjtfkwegrjrymctnfixv/Build/Intermediates.noindex/Demark.build/Debug/Demark.build/Objects-normal/arm64/Demark_dependency_info.dat --stringsdata-file /Users/steipete/Library/Developer/Xcode/DerivedData/CodeLooper-crrddjihwjtfkwegrjrymctnfixv/Build/Intermediates.noindex/Demark.build/Debug/Demark.build/Objects-normal/arm64/ExtractedAppShortcutsMetadata.stringsdata --source-file-list /Users/steipete/Library/Developer/Xcode/DerivedData/CodeLooper-crrddjihwjtfkwegrjrymctnfixv/Build/Intermediates.noindex/Demark.build/Debug/Demark.build/Objects-normal/arm64/Demark.SwiftFileList --metadata-file-list /Users/steipete/Library/Developer/Xcode/DerivedData/CodeLooper-crrddjihwjtfkwegrjrymctnfixv/Build/Intermediates.noindex/Demark.build/Debug/Demark.build/Demark.DependencyMetadataFileList --static-metadata-file-list /Users/steipete/Library/Developer/Xcode/DerivedData/CodeLooper-crrddjihwjtfkwegrjrymctnfixv/Build/Intermediates.noindex/Demark.build/Debug/Demark.build/Demark.DependencyStaticMetadataFileList --swift-const-vals-list /Users/steipete/Library/Developer/Xcode/DerivedData/CodeLooper-crrddjihwjtfkwegrjrymctnfixv/Build/Intermediates.noindex/Demark.build/Debug/Demark.build/Objects-normal/arm64/Demark.SwiftConstValuesFileList --force --compile-time-extraction --deployment-aware-processing --validate-assistant-intents --no-app-shortcuts-localization
2025-06-10 00:10:33.208 appintentsmetadataprocessor[98376:11265697] Starting appintentsmetadataprocessor export
2025-06-10 00:10:33.237 appintentsmetadataprocessor[98376:11265697] Extracted no relevant App Intents symbols, skipping writing output

ExtractAppIntentsMetadata (in target 'CoreMetrics' from project 'swift-metrics')
    cd /Users/steipete/Library/Developer/Xcode/DerivedData/CodeLooper-crrddjihwjtfkwegrjrymctnfixv/SourcePackages/checkouts/swift-metrics
    /Applications/Xcode-beta.app/Contents/Developer/Toolchains/XcodeDefault.xctoolchain/usr/bin/appintentsmetadataprocessor --toolchain-dir /Applications/Xcode-beta.app/Contents/Developer/Toolchains/XcodeDefault.xctoolchain --module-name CoreMetrics --sdk-root /Applications/Xcode-beta.app/Contents/Developer/Platforms/MacOSX.platform/Developer/SDKs/MacOSX26.0.sdk --xcode-version 17A5241e --platform-family macOS --deployment-target 10.13 --bundle-identifier swift-metrics.CoreMetrics --output /Users/steipete/Library/Developer/Xcode/DerivedData/CodeLooper-crrddjihwjtfkwegrjrymctnfixv/Build/Products/Debug/CoreMetrics.appintents --target-triple arm64-apple-macos10.13 --binary-file /Users/steipete/Library/Developer/Xcode/DerivedData/CodeLooper-crrddjihwjtfkwegrjrymctnfixv/Build/Products/Debug/CoreMetrics.o --dependency-file /Users/steipete/Library/Developer/Xcode/DerivedData/CodeLooper-crrddjihwjtfkwegrjrymctnfixv/Build/Intermediates.noindex/swift-metrics.build/Debug/CoreMetrics.build/Objects-normal/arm64/CoreMetrics_dependency_info.dat --stringsdata-file /Users/steipete/Library/Developer/Xcode/DerivedData/CodeLooper-crrddjihwjtfkwegrjrymctnfixv/Build/Intermediates.noindex/swift-metrics.build/Debug/CoreMetrics.build/Objects-normal/arm64/ExtractedAppShortcutsMetadata.stringsdata --source-file-list /Users/steipete/Library/Developer/Xcode/DerivedData/CodeLooper-crrddjihwjtfkwegrjrymctnfixv/Build/Intermediates.noindex/swift-metrics.build/Debug/CoreMetrics.build/Objects-normal/arm64/CoreMetrics.SwiftFileList --metadata-file-list /Users/steipete/Library/Developer/Xcode/DerivedData/CodeLooper-crrddjihwjtfkwegrjrymctnfixv/Build/Intermediates.noindex/swift-metrics.build/Debug/CoreMetrics.build/CoreMetrics.DependencyMetadataFileList --static-metadata-file-list /Users/steipete/Library/Developer/Xcode/DerivedData/CodeLooper-crrddjihwjtfkwegrjrymctnfixv/Build/Intermediates.noindex/swift-metrics.build/Debug/CoreMetrics.build/CoreMetrics.DependencyStaticMetadataFileList --swift-const-vals-list /Users/steipete/Library/Developer/Xcode/DerivedData/CodeLooper-crrddjihwjtfkwegrjrymctnfixv/Build/Intermediates.noindex/swift-metrics.build/Debug/CoreMetrics.build/Objects-normal/arm64/CoreMetrics.SwiftConstValuesFileList --force --compile-time-extraction --deployment-aware-processing --validate-assistant-intents --no-app-shortcuts-localization
2025-06-10 00:10:33.209 appintentsmetadataprocessor[98377:11265698] Starting appintentsmetadataprocessor export
2025-06-10 00:10:33.241 appintentsmetadataprocessor[98377:11265698] Extracted no relevant App Intents symbols, skipping writing output

ExtractAppIntentsMetadata (in target 'ConcurrencyHelpers' from project 'swift-service-lifecycle')
    cd /Users/steipete/Library/Developer/Xcode/DerivedData/CodeLooper-crrddjihwjtfkwegrjrymctnfixv/SourcePackages/checkouts/swift-service-lifecycle
    /Applications/Xcode-beta.app/Contents/Developer/Toolchains/XcodeDefault.xctoolchain/usr/bin/appintentsmetadataprocessor --toolchain-dir /Applications/Xcode-beta.app/Contents/Developer/Toolchains/XcodeDefault.xctoolchain --module-name ConcurrencyHelpers --sdk-root /Applications/Xcode-beta.app/Contents/Developer/Platforms/MacOSX.platform/Developer/SDKs/MacOSX26.0.sdk --xcode-version 17A5241e --platform-family macOS --deployment-target 10.13 --bundle-identifier swift-service-lifecycle.ConcurrencyHelpers --output /Users/steipete/Library/Developer/Xcode/DerivedData/CodeLooper-crrddjihwjtfkwegrjrymctnfixv/Build/Products/Debug/ConcurrencyHelpers.appintents --target-triple arm64-apple-macos10.13 --binary-file /Users/steipete/Library/Developer/Xcode/DerivedData/CodeLooper-crrddjihwjtfkwegrjrymctnfixv/Build/Products/Debug/ConcurrencyHelpers.o --dependency-file /Users/steipete/Library/Developer/Xcode/DerivedData/CodeLooper-crrddjihwjtfkwegrjrymctnfixv/Build/Intermediates.noindex/swift-service-lifecycle.build/Debug/ConcurrencyHelpers.build/Objects-normal/arm64/ConcurrencyHelpers_dependency_info.dat --stringsdata-file /Users/steipete/Library/Developer/Xcode/DerivedData/CodeLooper-crrddjihwjtfkwegrjrymctnfixv/Build/Intermediates.noindex/swift-service-lifecycle.build/Debug/ConcurrencyHelpers.build/Objects-normal/arm64/ExtractedAppShortcutsMetadata.stringsdata --source-file-list /Users/steipete/Library/Developer/Xcode/DerivedData/CodeLooper-crrddjihwjtfkwegrjrymctnfixv/Build/Intermediates.noindex/swift-service-lifecycle.build/Debug/ConcurrencyHelpers.build/Objects-normal/arm64/ConcurrencyHelpers.SwiftFileList --metadata-file-list /Users/steipete/Library/Developer/Xcode/DerivedData/CodeLooper-crrddjihwjtfkwegrjrymctnfixv/Build/Intermediates.noindex/swift-service-lifecycle.build/Debug/ConcurrencyHelpers.build/ConcurrencyHelpers.DependencyMetadataFileList --static-metadata-file-list /Users/steipete/Library/Developer/Xcode/DerivedData/CodeLooper-crrddjihwjtfkwegrjrymctnfixv/Build/Intermediates.noindex/swift-service-lifecycle.build/Debug/ConcurrencyHelpers.build/ConcurrencyHelpers.DependencyStaticMetadataFileList --swift-const-vals-list /Users/steipete/Library/Developer/Xcode/DerivedData/CodeLooper-crrddjihwjtfkwegrjrymctnfixv/Build/Intermediates.noindex/swift-service-lifecycle.build/Debug/ConcurrencyHelpers.build/Objects-normal/arm64/ConcurrencyHelpers.SwiftConstValuesFileList --force --compile-time-extraction --deployment-aware-processing --validate-assistant-intents --no-app-shortcuts-localization
2025-06-10 00:10:33.208 appintentsmetadataprocessor[98378:11265701] Starting appintentsmetadataprocessor export
2025-06-10 00:10:33.239 appintentsmetadataprocessor[98378:11265701] Extracted no relevant App Intents symbols, skipping writing output

RegisterExecutionPolicyException /Users/steipete/Library/Developer/Xcode/DerivedData/CodeLooper-crrddjihwjtfkwegrjrymctnfixv/Build/Products/Debug/Logging.o (in target 'Logging' from project 'swift-log')
    cd /Users/steipete/Library/Developer/Xcode/DerivedData/CodeLooper-crrddjihwjtfkwegrjrymctnfixv/SourcePackages/checkouts/swift-log
    builtin-RegisterExecutionPolicyException /Users/steipete/Library/Developer/Xcode/DerivedData/CodeLooper-crrddjihwjtfkwegrjrymctnfixv/Build/Products/Debug/Logging.o

RegisterExecutionPolicyException /Users/steipete/Library/Developer/Xcode/DerivedData/CodeLooper-crrddjihwjtfkwegrjrymctnfixv/Build/Products/Debug/KeychainAccess.o (in target 'KeychainAccess' from project 'KeychainAccess')
    cd /Users/steipete/Library/Developer/Xcode/DerivedData/CodeLooper-crrddjihwjtfkwegrjrymctnfixv/SourcePackages/checkouts/KeychainAccess
    builtin-RegisterExecutionPolicyException /Users/steipete/Library/Developer/Xcode/DerivedData/CodeLooper-crrddjihwjtfkwegrjrymctnfixv/Build/Products/Debug/KeychainAccess.o

SwiftDriverJobDiscovery normal arm64 Compiling AtomicBool.swift, IntegerConformances.swift (in target 'Atomics' from project 'swift-atomics')

ExtractAppIntentsMetadata (in target 'Defaults' from project 'Defaults')
    cd /Users/steipete/Library/Developer/Xcode/DerivedData/CodeLooper-crrddjihwjtfkwegrjrymctnfixv/SourcePackages/checkouts/Defaults
    /Applications/Xcode-beta.app/Contents/Developer/Toolchains/XcodeDefault.xctoolchain/usr/bin/appintentsmetadataprocessor --toolchain-dir /Applications/Xcode-beta.app/Contents/Developer/Toolchains/XcodeDefault.xctoolchain --module-name Defaults --sdk-root /Applications/Xcode-beta.app/Contents/Developer/Platforms/MacOSX.platform/Developer/SDKs/MacOSX26.0.sdk --xcode-version 17A5241e --platform-family macOS --deployment-target 11.0 --bundle-identifier defaults.Defaults --output /Users/steipete/Library/Developer/Xcode/DerivedData/CodeLooper-crrddjihwjtfkwegrjrymctnfixv/Build/Products/Debug/Defaults.appintents --target-triple arm64-apple-macos11.0 --binary-file /Users/steipete/Library/Developer/Xcode/DerivedData/CodeLooper-crrddjihwjtfkwegrjrymctnfixv/Build/Products/Debug/Defaults.o --dependency-file /Users/steipete/Library/Developer/Xcode/DerivedData/CodeLooper-crrddjihwjtfkwegrjrymctnfixv/Build/Intermediates.noindex/Defaults.build/Debug/Defaults.build/Objects-normal/arm64/Defaults_dependency_info.dat --stringsdata-file /Users/steipete/Library/Developer/Xcode/DerivedData/CodeLooper-crrddjihwjtfkwegrjrymctnfixv/Build/Intermediates.noindex/Defaults.build/Debug/Defaults.build/Objects-normal/arm64/ExtractedAppShortcutsMetadata.stringsdata --source-file-list /Users/steipete/Library/Developer/Xcode/DerivedData/CodeLooper-crrddjihwjtfkwegrjrymctnfixv/Build/Intermediates.noindex/Defaults.build/Debug/Defaults.build/Objects-normal/arm64/Defaults.SwiftFileList --metadata-file-list /Users/steipete/Library/Developer/Xcode/DerivedData/CodeLooper-crrddjihwjtfkwegrjrymctnfixv/Build/Intermediates.noindex/Defaults.build/Debug/Defaults.build/Defaults.DependencyMetadataFileList --static-metadata-file-list /Users/steipete/Library/Developer/Xcode/DerivedData/CodeLooper-crrddjihwjtfkwegrjrymctnfixv/Build/Intermediates.noindex/Defaults.build/Debug/Defaults.build/Defaults.DependencyStaticMetadataFileList --swift-const-vals-list /Users/steipete/Library/Developer/Xcode/DerivedData/CodeLooper-crrddjihwjtfkwegrjrymctnfixv/Build/Intermediates.noindex/Defaults.build/Debug/Defaults.build/Objects-normal/arm64/Defaults.SwiftConstValuesFileList --force --compile-time-extraction --deployment-aware-processing --validate-assistant-intents --no-app-shortcuts-localization
2025-06-10 00:10:33.237 appintentsmetadataprocessor[98379:11265713] Starting appintentsmetadataprocessor export
2025-06-10 00:10:33.267 appintentsmetadataprocessor[98379:11265713] Extracted no relevant App Intents symbols, skipping writing output

SwiftDriver HashTreeCollections normal arm64 com.apple.xcode.tools.swift.compiler (in target 'HashTreeCollections' from project 'swift-collections')
    cd /Users/steipete/Projects/CodeLooper
    builtin-SwiftDriver -- /Applications/Xcode-beta.app/Contents/Developer/Toolchains/XcodeDefault.xctoolchain/usr/bin/swiftc -module-name HashTreeCollections -Onone -enforce-exclusivity\=checked @/Users/steipete/Library/Developer/Xcode/DerivedData/CodeLooper-crrddjihwjtfkwegrjrymctnfixv/Build/Intermediates.noindex/swift-collections.build/Debug/HashTreeCollections.build/Objects-normal/arm64/HashTreeCollections.SwiftFileList -DSWIFT_PACKAGE -DDEBUG -DSWIFT_MODULE_RESOURCE_BUNDLE_UNAVAILABLE -DCOLLECTIONS_RANDOMIZED_TESTING -DXcode -plugin-path /Applications/Xcode-beta.app/Contents/Developer/Toolchains/XcodeDefault.xctoolchain/usr/lib/swift/host/plugins/testing -enable-experimental-feature DebugDescriptionMacro -sdk /Applications/Xcode-beta.app/Contents/Developer/Platforms/MacOSX.platform/Developer/SDKs/MacOSX26.0.sdk -target arm64-apple-macos10.13 -g -module-cache-path /Users/steipete/Library/Developer/Xcode/DerivedData/ModuleCache.noindex -Xfrontend -serialize-debugging-options -profile-coverage-mapping -profile-generate -enable-testing -suppress-warnings -index-store-path /Users/steipete/Library/Developer/Xcode/DerivedData/CodeLooper-crrddjihwjtfkwegrjrymctnfixv/Index.noindex/DataStore -swift-version 5 -I /Users/steipete/Library/Developer/Xcode/DerivedData/CodeLooper-crrddjihwjtfkwegrjrymctnfixv/Build/Products/Debug -I /Applications/Xcode-beta.app/Contents/Developer/Platforms/MacOSX.platform/Developer/usr/lib -F /Users/steipete/Library/Developer/Xcode/DerivedData/CodeLooper-crrddjihwjtfkwegrjrymctnfixv/Build/Products/Debug/PackageFrameworks -F /Users/steipete/Library/Developer/Xcode/DerivedData/CodeLooper-crrddjihwjtfkwegrjrymctnfixv/Build/Products/Debug -F /Applications/Xcode-beta.app/Contents/Developer/Platforms/MacOSX.platform/Developer/Library/Frameworks -c -j16 -enable-batch-mode -incremental -Xcc -ivfsstatcache -Xcc /Users/steipete/Library/Developer/Xcode/DerivedData/SDKStatCaches.noindex/macosx26.0-25A5279m-5d9328ff1a6613a11d359de947506b52.sdkstatcache -output-file-map /Users/steipete/Library/Developer/Xcode/DerivedData/CodeLooper-crrddjihwjtfkwegrjrymctnfixv/Build/Intermediates.noindex/swift-collections.build/Debug/HashTreeCollections.build/Objects-normal/arm64/HashTreeCollections-OutputFileMap.json -use-frontend-parseable-output -save-temps -no-color-diagnostics -explicit-module-build -module-cache-path /Users/steipete/Library/Developer/Xcode/DerivedData/CodeLooper-crrddjihwjtfkwegrjrymctnfixv/Build/Intermediates.noindex/SwiftExplicitPrecompiledModules -clang-scanner-module-cache-path /Users/steipete/Library/Developer/Xcode/DerivedData/ModuleCache.noindex -sdk-module-cache-path /Users/steipete/Library/Developer/Xcode/DerivedData/ModuleCache.noindex -serialize-diagnostics -emit-dependencies -emit-module -emit-module-path /Users/steipete/Library/Developer/Xcode/DerivedData/CodeLooper-crrddjihwjtfkwegrjrymctnfixv/Build/Intermediates.noindex/swift-collections.build/Debug/HashTreeCollections.build/Objects-normal/arm64/HashTreeCollections.swiftmodule -validate-clang-modules-once -clang-build-session-file /Users/steipete/Library/Developer/Xcode/DerivedData/ModuleCache.noindex/Session.modulevalidation -package-name swift_collections -Xcc -I/Users/steipete/Library/Developer/Xcode/DerivedData/CodeLooper-crrddjihwjtfkwegrjrymctnfixv/Build/Intermediates.noindex/swift-collections.build/Debug/HashTreeCollections.build/swift-overrides.hmap -emit-const-values -Xfrontend -const-gather-protocols-file -Xfrontend /Users/steipete/Library/Developer/Xcode/DerivedData/CodeLooper-crrddjihwjtfkwegrjrymctnfixv/Build/Intermediates.noindex/swift-collections.build/Debug/HashTreeCollections.build/Objects-normal/arm64/HashTreeCollections_const_extract_protocols.json -Xcc -I/Users/steipete/Library/Developer/Xcode/DerivedData/CodeLooper-crrddjihwjtfkwegrjrymctnfixv/Build/Products/Debug/include -Xcc -I/Users/steipete/Library/Developer/Xcode/DerivedData/CodeLooper-crrddjihwjtfkwegrjrymctnfixv/Build/Intermediates.noindex/swift-collections.build/Debug/HashTreeCollections.build/DerivedSources-normal/arm64 -Xcc -I/Users/steipete/Library/Developer/Xcode/DerivedData/CodeLooper-crrddjihwjtfkwegrjrymctnfixv/Build/Intermediates.noindex/swift-collections.build/Debug/HashTreeCollections.build/DerivedSources/arm64 -Xcc -I/Users/steipete/Library/Developer/Xcode/DerivedData/CodeLooper-crrddjihwjtfkwegrjrymctnfixv/Build/Intermediates.noindex/swift-collections.build/Debug/HashTreeCollections.build/DerivedSources -Xcc -DSWIFT_PACKAGE -Xcc -DDEBUG\=1 -emit-objc-header -emit-objc-header-path /Users/steipete/Library/Developer/Xcode/DerivedData/CodeLooper-crrddjihwjtfkwegrjrymctnfixv/Build/Intermediates.noindex/swift-collections.build/Debug/HashTreeCollections.build/Objects-normal/arm64/HashTreeCollections-Swift.h -working-directory /Users/steipete/Projects/CodeLooper -experimental-emit-module-separately -disable-cmo

RegisterExecutionPolicyException /Users/steipete/Library/Developer/Xcode/DerivedData/CodeLooper-crrddjihwjtfkwegrjrymctnfixv/Build/Products/Debug/KeyboardShortcuts.o (in target 'KeyboardShortcuts' from project 'KeyboardShortcuts')
    cd /Users/steipete/Library/Developer/Xcode/DerivedData/CodeLooper-crrddjihwjtfkwegrjrymctnfixv/SourcePackages/checkouts/KeyboardShortcuts
    builtin-RegisterExecutionPolicyException /Users/steipete/Library/Developer/Xcode/DerivedData/CodeLooper-crrddjihwjtfkwegrjrymctnfixv/Build/Products/Debug/KeyboardShortcuts.o

RegisterExecutionPolicyException /Users/steipete/Library/Developer/Xcode/DerivedData/CodeLooper-crrddjihwjtfkwegrjrymctnfixv/Build/Products/Debug/InternalCollectionsUtilities.o (in target 'InternalCollectionsUtilities' from project 'swift-collections')
    cd /Users/steipete/Library/Developer/Xcode/DerivedData/CodeLooper-crrddjihwjtfkwegrjrymctnfixv/SourcePackages/checkouts/swift-collections
    builtin-RegisterExecutionPolicyException /Users/steipete/Library/Developer/Xcode/DerivedData/CodeLooper-crrddjihwjtfkwegrjrymctnfixv/Build/Products/Debug/InternalCollectionsUtilities.o

SwiftDriver DequeModule normal arm64 com.apple.xcode.tools.swift.compiler (in target 'DequeModule' from project 'swift-collections')
    cd /Users/steipete/Projects/CodeLooper
    builtin-SwiftDriver -- /Applications/Xcode-beta.app/Contents/Developer/Toolchains/XcodeDefault.xctoolchain/usr/bin/swiftc -module-name DequeModule -Onone -enforce-exclusivity\=checked @/Users/steipete/Library/Developer/Xcode/DerivedData/CodeLooper-crrddjihwjtfkwegrjrymctnfixv/Build/Intermediates.noindex/swift-collections.build/Debug/DequeModule.build/Objects-normal/arm64/DequeModule.SwiftFileList -DSWIFT_PACKAGE -DDEBUG -DSWIFT_MODULE_RESOURCE_BUNDLE_UNAVAILABLE -DCOLLECTIONS_RANDOMIZED_TESTING -DXcode -plugin-path /Applications/Xcode-beta.app/Contents/Developer/Toolchains/XcodeDefault.xctoolchain/usr/lib/swift/host/plugins/testing -enable-experimental-feature DebugDescriptionMacro -sdk /Applications/Xcode-beta.app/Contents/Developer/Platforms/MacOSX.platform/Developer/SDKs/MacOSX26.0.sdk -target arm64-apple-macos10.13 -g -module-cache-path /Users/steipete/Library/Developer/Xcode/DerivedData/ModuleCache.noindex -Xfrontend -serialize-debugging-options -profile-coverage-mapping -profile-generate -enable-testing -suppress-warnings -index-store-path /Users/steipete/Library/Developer/Xcode/DerivedData/CodeLooper-crrddjihwjtfkwegrjrymctnfixv/Index.noindex/DataStore -swift-version 5 -I /Users/steipete/Library/Developer/Xcode/DerivedData/CodeLooper-crrddjihwjtfkwegrjrymctnfixv/Build/Products/Debug -I /Applications/Xcode-beta.app/Contents/Developer/Platforms/MacOSX.platform/Developer/usr/lib -F /Users/steipete/Library/Developer/Xcode/DerivedData/CodeLooper-crrddjihwjtfkwegrjrymctnfixv/Build/Products/Debug/PackageFrameworks -F /Users/steipete/Library/Developer/Xcode/DerivedData/CodeLooper-crrddjihwjtfkwegrjrymctnfixv/Build/Products/Debug -F /Applications/Xcode-beta.app/Contents/Developer/Platforms/MacOSX.platform/Developer/Library/Frameworks -c -j16 -enable-batch-mode -incremental -Xcc -ivfsstatcache -Xcc /Users/steipete/Library/Developer/Xcode/DerivedData/SDKStatCaches.noindex/macosx26.0-25A5279m-5d9328ff1a6613a11d359de947506b52.sdkstatcache -output-file-map /Users/steipete/Library/Developer/Xcode/DerivedData/CodeLooper-crrddjihwjtfkwegrjrymctnfixv/Build/Intermediates.noindex/swift-collections.build/Debug/DequeModule.build/Objects-normal/arm64/DequeModule-OutputFileMap.json -use-frontend-parseable-output -save-temps -no-color-diagnostics -explicit-module-build -module-cache-path /Users/steipete/Library/Developer/Xcode/DerivedData/CodeLooper-crrddjihwjtfkwegrjrymctnfixv/Build/Intermediates.noindex/SwiftExplicitPrecompiledModules -clang-scanner-module-cache-path /Users/steipete/Library/Developer/Xcode/DerivedData/ModuleCache.noindex -sdk-module-cache-path /Users/steipete/Library/Developer/Xcode/DerivedData/ModuleCache.noindex -serialize-diagnostics -emit-dependencies -emit-module -emit-module-path /Users/steipete/Library/Developer/Xcode/DerivedData/CodeLooper-crrddjihwjtfkwegrjrymctnfixv/Build/Intermediates.noindex/swift-collections.build/Debug/DequeModule.build/Objects-normal/arm64/DequeModule.swiftmodule -validate-clang-modules-once -clang-build-session-file /Users/steipete/Library/Developer/Xcode/DerivedData/ModuleCache.noindex/Session.modulevalidation -package-name swift_collections -Xcc -I/Users/steipete/Library/Developer/Xcode/DerivedData/CodeLooper-crrddjihwjtfkwegrjrymctnfixv/Build/Intermediates.noindex/swift-collections.build/Debug/DequeModule.build/swift-overrides.hmap -emit-const-values -Xfrontend -const-gather-protocols-file -Xfrontend /Users/steipete/Library/Developer/Xcode/DerivedData/CodeLooper-crrddjihwjtfkwegrjrymctnfixv/Build/Intermediates.noindex/swift-collections.build/Debug/DequeModule.build/Objects-normal/arm64/DequeModule_const_extract_protocols.json -Xcc -I/Users/steipete/Library/Developer/Xcode/DerivedData/CodeLooper-crrddjihwjtfkwegrjrymctnfixv/Build/Products/Debug/include -Xcc -I/Users/steipete/Library/Developer/Xcode/DerivedData/CodeLooper-crrddjihwjtfkwegrjrymctnfixv/Build/Intermediates.noindex/swift-collections.build/Debug/DequeModule.build/DerivedSources-normal/arm64 -Xcc -I/Users/steipete/Library/Developer/Xcode/DerivedData/CodeLooper-crrddjihwjtfkwegrjrymctnfixv/Build/Intermediates.noindex/swift-collections.build/Debug/DequeModule.build/DerivedSources/arm64 -Xcc -I/Users/steipete/Library/Developer/Xcode/DerivedData/CodeLooper-crrddjihwjtfkwegrjrymctnfixv/Build/Intermediates.noindex/swift-collections.build/Debug/DequeModule.build/DerivedSources -Xcc -DSWIFT_PACKAGE -Xcc -DDEBUG\=1 -emit-objc-header -emit-objc-header-path /Users/steipete/Library/Developer/Xcode/DerivedData/CodeLooper-crrddjihwjtfkwegrjrymctnfixv/Build/Intermediates.noindex/swift-collections.build/Debug/DequeModule.build/Objects-normal/arm64/DequeModule-Swift.h -working-directory /Users/steipete/Projects/CodeLooper -experimental-emit-module-separately -disable-cmo

RegisterExecutionPolicyException /Users/steipete/Library/Developer/Xcode/DerivedData/CodeLooper-crrddjihwjtfkwegrjrymctnfixv/Build/Products/Debug/HTTPTypes.o (in target 'HTTPTypes' from project 'swift-http-types')
    cd /Users/steipete/Library/Developer/Xcode/DerivedData/CodeLooper-crrddjihwjtfkwegrjrymctnfixv/SourcePackages/checkouts/swift-http-types
    builtin-RegisterExecutionPolicyException /Users/steipete/Library/Developer/Xcode/DerivedData/CodeLooper-crrddjihwjtfkwegrjrymctnfixv/Build/Products/Debug/HTTPTypes.o

RegisterExecutionPolicyException /Users/steipete/Library/Developer/Xcode/DerivedData/CodeLooper-crrddjihwjtfkwegrjrymctnfixv/Build/Products/Debug/DesignSystem.o (in target 'DesignSystem' from project 'DesignSystem')
    cd /Users/steipete/Projects/CodeLooper/DesignSystem
    builtin-RegisterExecutionPolicyException /Users/steipete/Library/Developer/Xcode/DerivedData/CodeLooper-crrddjihwjtfkwegrjrymctnfixv/Build/Products/Debug/DesignSystem.o

RegisterExecutionPolicyException /Users/steipete/Library/Developer/Xcode/DerivedData/CodeLooper-crrddjihwjtfkwegrjrymctnfixv/Build/Products/Debug/CNIOWindows.o (in target 'CNIOWindows' from project 'swift-nio')
    cd /Users/steipete/Library/Developer/Xcode/DerivedData/CodeLooper-crrddjihwjtfkwegrjrymctnfixv/SourcePackages/checkouts/swift-nio
    builtin-RegisterExecutionPolicyException /Users/steipete/Library/Developer/Xcode/DerivedData/CodeLooper-crrddjihwjtfkwegrjrymctnfixv/Build/Products/Debug/CNIOWindows.o

RegisterExecutionPolicyException /Users/steipete/Library/Developer/Xcode/DerivedData/CodeLooper-crrddjihwjtfkwegrjrymctnfixv/Build/Products/Debug/Demark.o (in target 'Demark' from project 'Demark')
    cd /Users/steipete/Library/Developer/Xcode/DerivedData/CodeLooper-crrddjihwjtfkwegrjrymctnfixv/SourcePackages/checkouts/Demark
    builtin-RegisterExecutionPolicyException /Users/steipete/Library/Developer/Xcode/DerivedData/CodeLooper-crrddjihwjtfkwegrjrymctnfixv/Build/Products/Debug/Demark.o

RegisterExecutionPolicyException /Users/steipete/Library/Developer/Xcode/DerivedData/CodeLooper-crrddjihwjtfkwegrjrymctnfixv/Build/Products/Debug/CNIOWASI.o (in target 'CNIOWASI' from project 'swift-nio')
    cd /Users/steipete/Library/Developer/Xcode/DerivedData/CodeLooper-crrddjihwjtfkwegrjrymctnfixv/SourcePackages/checkouts/swift-nio
    builtin-RegisterExecutionPolicyException /Users/steipete/Library/Developer/Xcode/DerivedData/CodeLooper-crrddjihwjtfkwegrjrymctnfixv/Build/Products/Debug/CNIOWASI.o

RegisterExecutionPolicyException /Users/steipete/Library/Developer/Xcode/DerivedData/CodeLooper-crrddjihwjtfkwegrjrymctnfixv/Build/Products/Debug/ConcurrencyHelpers.o (in target 'ConcurrencyHelpers' from project 'swift-service-lifecycle')
    cd /Users/steipete/Library/Developer/Xcode/DerivedData/CodeLooper-crrddjihwjtfkwegrjrymctnfixv/SourcePackages/checkouts/swift-service-lifecycle
    builtin-RegisterExecutionPolicyException /Users/steipete/Library/Developer/Xcode/DerivedData/CodeLooper-crrddjihwjtfkwegrjrymctnfixv/Build/Products/Debug/ConcurrencyHelpers.o

RegisterExecutionPolicyException /Users/steipete/Library/Developer/Xcode/DerivedData/CodeLooper-crrddjihwjtfkwegrjrymctnfixv/Build/Products/Debug/CoreMetrics.o (in target 'CoreMetrics' from project 'swift-metrics')
    cd /Users/steipete/Library/Developer/Xcode/DerivedData/CodeLooper-crrddjihwjtfkwegrjrymctnfixv/SourcePackages/checkouts/swift-metrics
    builtin-RegisterExecutionPolicyException /Users/steipete/Library/Developer/Xcode/DerivedData/CodeLooper-crrddjihwjtfkwegrjrymctnfixv/Build/Products/Debug/CoreMetrics.o

RegisterExecutionPolicyException /Users/steipete/Library/Developer/Xcode/DerivedData/CodeLooper-crrddjihwjtfkwegrjrymctnfixv/Build/Products/Debug/CNIOLinux.o (in target 'CNIOLinux' from project 'swift-nio')
    cd /Users/steipete/Library/Developer/Xcode/DerivedData/CodeLooper-crrddjihwjtfkwegrjrymctnfixv/SourcePackages/checkouts/swift-nio
    builtin-RegisterExecutionPolicyException /Users/steipete/Library/Developer/Xcode/DerivedData/CodeLooper-crrddjihwjtfkwegrjrymctnfixv/Build/Products/Debug/CNIOLinux.o

RegisterExecutionPolicyException /Users/steipete/Library/Developer/Xcode/DerivedData/CodeLooper-crrddjihwjtfkwegrjrymctnfixv/Build/Products/Debug/CNIOLLHTTP.o (in target 'CNIOLLHTTP' from project 'swift-nio')
    cd /Users/steipete/Library/Developer/Xcode/DerivedData/CodeLooper-crrddjihwjtfkwegrjrymctnfixv/SourcePackages/checkouts/swift-nio
    builtin-RegisterExecutionPolicyException /Users/steipete/Library/Developer/Xcode/DerivedData/CodeLooper-crrddjihwjtfkwegrjrymctnfixv/Build/Products/Debug/CNIOLLHTTP.o

RegisterExecutionPolicyException /Users/steipete/Library/Developer/Xcode/DerivedData/CodeLooper-crrddjihwjtfkwegrjrymctnfixv/Build/Products/Debug/CNIODarwin.o (in target 'CNIODarwin' from project 'swift-nio')
    cd /Users/steipete/Library/Developer/Xcode/DerivedData/CodeLooper-crrddjihwjtfkwegrjrymctnfixv/SourcePackages/checkouts/swift-nio
    builtin-RegisterExecutionPolicyException /Users/steipete/Library/Developer/Xcode/DerivedData/CodeLooper-crrddjihwjtfkwegrjrymctnfixv/Build/Products/Debug/CNIODarwin.o

RegisterExecutionPolicyException /Users/steipete/Library/Developer/Xcode/DerivedData/CodeLooper-crrddjihwjtfkwegrjrymctnfixv/Build/Products/Debug/CNIOAtomics.o (in target 'CNIOAtomics' from project 'swift-nio')
    cd /Users/steipete/Library/Developer/Xcode/DerivedData/CodeLooper-crrddjihwjtfkwegrjrymctnfixv/SourcePackages/checkouts/swift-nio
    builtin-RegisterExecutionPolicyException /Users/steipete/Library/Developer/Xcode/DerivedData/CodeLooper-crrddjihwjtfkwegrjrymctnfixv/Build/Products/Debug/CNIOAtomics.o

SwiftDriver BitCollections normal arm64 com.apple.xcode.tools.swift.compiler (in target 'BitCollections' from project 'swift-collections')
    cd /Users/steipete/Projects/CodeLooper
    builtin-SwiftDriver -- /Applications/Xcode-beta.app/Contents/Developer/Toolchains/XcodeDefault.xctoolchain/usr/bin/swiftc -module-name BitCollections -Onone -enforce-exclusivity\=checked @/Users/steipete/Library/Developer/Xcode/DerivedData/CodeLooper-crrddjihwjtfkwegrjrymctnfixv/Build/Intermediates.noindex/swift-collections.build/Debug/BitCollections.build/Objects-normal/arm64/BitCollections.SwiftFileList -DSWIFT_PACKAGE -DDEBUG -DSWIFT_MODULE_RESOURCE_BUNDLE_UNAVAILABLE -DCOLLECTIONS_RANDOMIZED_TESTING -DXcode -plugin-path /Applications/Xcode-beta.app/Contents/Developer/Toolchains/XcodeDefault.xctoolchain/usr/lib/swift/host/plugins/testing -enable-experimental-feature DebugDescriptionMacro -sdk /Applications/Xcode-beta.app/Contents/Developer/Platforms/MacOSX.platform/Developer/SDKs/MacOSX26.0.sdk -target arm64-apple-macos10.13 -g -module-cache-path /Users/steipete/Library/Developer/Xcode/DerivedData/ModuleCache.noindex -Xfrontend -serialize-debugging-options -profile-coverage-mapping -profile-generate -enable-testing -suppress-warnings -index-store-path /Users/steipete/Library/Developer/Xcode/DerivedData/CodeLooper-crrddjihwjtfkwegrjrymctnfixv/Index.noindex/DataStore -swift-version 5 -I /Users/steipete/Library/Developer/Xcode/DerivedData/CodeLooper-crrddjihwjtfkwegrjrymctnfixv/Build/Products/Debug -I /Applications/Xcode-beta.app/Contents/Developer/Platforms/MacOSX.platform/Developer/usr/lib -F /Users/steipete/Library/Developer/Xcode/DerivedData/CodeLooper-crrddjihwjtfkwegrjrymctnfixv/Build/Products/Debug/PackageFrameworks -F /Users/steipete/Library/Developer/Xcode/DerivedData/CodeLooper-crrddjihwjtfkwegrjrymctnfixv/Build/Products/Debug -F /Applications/Xcode-beta.app/Contents/Developer/Platforms/MacOSX.platform/Developer/Library/Frameworks -c -j16 -enable-batch-mode -incremental -Xcc -ivfsstatcache -Xcc /Users/steipete/Library/Developer/Xcode/DerivedData/SDKStatCaches.noindex/macosx26.0-25A5279m-5d9328ff1a6613a11d359de947506b52.sdkstatcache -output-file-map /Users/steipete/Library/Developer/Xcode/DerivedData/CodeLooper-crrddjihwjtfkwegrjrymctnfixv/Build/Intermediates.noindex/swift-collections.build/Debug/BitCollections.build/Objects-normal/arm64/BitCollections-OutputFileMap.json -use-frontend-parseable-output -save-temps -no-color-diagnostics -explicit-module-build -module-cache-path /Users/steipete/Library/Developer/Xcode/DerivedData/CodeLooper-crrddjihwjtfkwegrjrymctnfixv/Build/Intermediates.noindex/SwiftExplicitPrecompiledModules -clang-scanner-module-cache-path /Users/steipete/Library/Developer/Xcode/DerivedData/ModuleCache.noindex -sdk-module-cache-path /Users/steipete/Library/Developer/Xcode/DerivedData/ModuleCache.noindex -serialize-diagnostics -emit-dependencies -emit-module -emit-module-path /Users/steipete/Library/Developer/Xcode/DerivedData/CodeLooper-crrddjihwjtfkwegrjrymctnfixv/Build/Intermediates.noindex/swift-collections.build/Debug/BitCollections.build/Objects-normal/arm64/BitCollections.swiftmodule -validate-clang-modules-once -clang-build-session-file /Users/steipete/Library/Developer/Xcode/DerivedData/ModuleCache.noindex/Session.modulevalidation -package-name swift_collections -Xcc -I/Users/steipete/Library/Developer/Xcode/DerivedData/CodeLooper-crrddjihwjtfkwegrjrymctnfixv/Build/Intermediates.noindex/swift-collections.build/Debug/BitCollections.build/swift-overrides.hmap -emit-const-values -Xfrontend -const-gather-protocols-file -Xfrontend /Users/steipete/Library/Developer/Xcode/DerivedData/CodeLooper-crrddjihwjtfkwegrjrymctnfixv/Build/Intermediates.noindex/swift-collections.build/Debug/BitCollections.build/Objects-normal/arm64/BitCollections_const_extract_protocols.json -Xcc -I/Users/steipete/Library/Developer/Xcode/DerivedData/CodeLooper-crrddjihwjtfkwegrjrymctnfixv/Build/Products/Debug/include -Xcc -I/Users/steipete/Library/Developer/Xcode/DerivedData/CodeLooper-crrddjihwjtfkwegrjrymctnfixv/Build/Intermediates.noindex/swift-collections.build/Debug/BitCollections.build/DerivedSources-normal/arm64 -Xcc -I/Users/steipete/Library/Developer/Xcode/DerivedData/CodeLooper-crrddjihwjtfkwegrjrymctnfixv/Build/Intermediates.noindex/swift-collections.build/Debug/BitCollections.build/DerivedSources/arm64 -Xcc -I/Users/steipete/Library/Developer/Xcode/DerivedData/CodeLooper-crrddjihwjtfkwegrjrymctnfixv/Build/Intermediates.noindex/swift-collections.build/Debug/BitCollections.build/DerivedSources -Xcc -DSWIFT_PACKAGE -Xcc -DDEBUG\=1 -emit-objc-header -emit-objc-header-path /Users/steipete/Library/Developer/Xcode/DerivedData/CodeLooper-crrddjihwjtfkwegrjrymctnfixv/Build/Intermediates.noindex/swift-collections.build/Debug/BitCollections.build/Objects-normal/arm64/BitCollections-Swift.h -working-directory /Users/steipete/Projects/CodeLooper -experimental-emit-module-separately -disable-cmo

SwiftDriver AXorcist normal arm64 com.apple.xcode.tools.swift.compiler (in target 'AXorcist' from project 'axPackage')
    cd /Users/steipete/Projects/CodeLooper
    builtin-SwiftDriver -- /Applications/Xcode-beta.app/Contents/Developer/Toolchains/XcodeDefault.xctoolchain/usr/bin/swiftc -module-name AXorcist -Onone -enforce-exclusivity\=checked @/Users/steipete/Library/Developer/Xcode/DerivedData/CodeLooper-crrddjihwjtfkwegrjrymctnfixv/Build/Intermediates.noindex/axPackage.build/Debug/AXorcist.build/Objects-normal/arm64/AXorcist.SwiftFileList -DSWIFT_PACKAGE -DDEBUG -DSWIFT_MODULE_RESOURCE_BUNDLE_UNAVAILABLE -DXcode -plugin-path /Applications/Xcode-beta.app/Contents/Developer/Toolchains/XcodeDefault.xctoolchain/usr/lib/swift/host/plugins/testing -enable-experimental-feature DebugDescriptionMacro -sdk /Applications/Xcode-beta.app/Contents/Developer/Platforms/MacOSX.platform/Developer/SDKs/MacOSX26.0.sdk -target arm64-apple-macos13.0 -g -module-cache-path /Users/steipete/Library/Developer/Xcode/DerivedData/ModuleCache.noindex -Xfrontend -serialize-debugging-options -profile-coverage-mapping -profile-generate -enable-testing -index-store-path /Users/steipete/Library/Developer/Xcode/DerivedData/CodeLooper-crrddjihwjtfkwegrjrymctnfixv/Index.noindex/DataStore -swift-version 6 -I /Users/steipete/Library/Developer/Xcode/DerivedData/CodeLooper-crrddjihwjtfkwegrjrymctnfixv/Build/Products/Debug -I /Applications/Xcode-beta.app/Contents/Developer/Platforms/MacOSX.platform/Developer/usr/lib -F /Users/steipete/Library/Developer/Xcode/DerivedData/CodeLooper-crrddjihwjtfkwegrjrymctnfixv/Build/Products/Debug/PackageFrameworks -F /Users/steipete/Library/Developer/Xcode/DerivedData/CodeLooper-crrddjihwjtfkwegrjrymctnfixv/Build/Products/Debug -F /Applications/Xcode-beta.app/Contents/Developer/Platforms/MacOSX.platform/Developer/Library/Frameworks -c -j16 -enable-batch-mode -incremental -Xcc -ivfsstatcache -Xcc /Users/steipete/Library/Developer/Xcode/DerivedData/SDKStatCaches.noindex/macosx26.0-25A5279m-5d9328ff1a6613a11d359de947506b52.sdkstatcache -output-file-map /Users/steipete/Library/Developer/Xcode/DerivedData/CodeLooper-crrddjihwjtfkwegrjrymctnfixv/Build/Intermediates.noindex/axPackage.build/Debug/AXorcist.build/Objects-normal/arm64/AXorcist-OutputFileMap.json -use-frontend-parseable-output -save-temps -no-color-diagnostics -explicit-module-build -module-cache-path /Users/steipete/Library/Developer/Xcode/DerivedData/CodeLooper-crrddjihwjtfkwegrjrymctnfixv/Build/Intermediates.noindex/SwiftExplicitPrecompiledModules -clang-scanner-module-cache-path /Users/steipete/Library/Developer/Xcode/DerivedData/ModuleCache.noindex -sdk-module-cache-path /Users/steipete/Library/Developer/Xcode/DerivedData/ModuleCache.noindex -serialize-diagnostics -emit-dependencies -emit-module -emit-module-path /Users/steipete/Library/Developer/Xcode/DerivedData/CodeLooper-crrddjihwjtfkwegrjrymctnfixv/Build/Intermediates.noindex/axPackage.build/Debug/AXorcist.build/Objects-normal/arm64/AXorcist.swiftmodule -validate-clang-modules-once -clang-build-session-file /Users/steipete/Library/Developer/Xcode/DerivedData/ModuleCache.noindex/Session.modulevalidation -package-name axorcist -Xcc -I/Users/steipete/Library/Developer/Xcode/DerivedData/CodeLooper-crrddjihwjtfkwegrjrymctnfixv/Build/Intermediates.noindex/axPackage.build/Debug/AXorcist.build/swift-overrides.hmap -emit-const-values -Xfrontend -const-gather-protocols-file -Xfrontend /Users/steipete/Library/Developer/Xcode/DerivedData/CodeLooper-crrddjihwjtfkwegrjrymctnfixv/Build/Intermediates.noindex/axPackage.build/Debug/AXorcist.build/Objects-normal/arm64/AXorcist_const_extract_protocols.json -Xcc -I/Users/steipete/Library/Developer/Xcode/DerivedData/CodeLooper-crrddjihwjtfkwegrjrymctnfixv/Build/Products/Debug/include -Xcc -I/Users/steipete/Library/Developer/Xcode/DerivedData/CodeLooper-crrddjihwjtfkwegrjrymctnfixv/Build/Intermediates.noindex/axPackage.build/Debug/AXorcist.build/DerivedSources-normal/arm64 -Xcc -I/Users/steipete/Library/Developer/Xcode/DerivedData/CodeLooper-crrddjihwjtfkwegrjrymctnfixv/Build/Intermediates.noindex/axPackage.build/Debug/AXorcist.build/DerivedSources/arm64 -Xcc -I/Users/steipete/Library/Developer/Xcode/DerivedData/CodeLooper-crrddjihwjtfkwegrjrymctnfixv/Build/Intermediates.noindex/axPackage.build/Debug/AXorcist.build/DerivedSources -Xcc -DSWIFT_PACKAGE -Xcc -DDEBUG\=1 -emit-objc-header -emit-objc-header-path /Users/steipete/Library/Developer/Xcode/DerivedData/CodeLooper-crrddjihwjtfkwegrjrymctnfixv/Build/Intermediates.noindex/axPackage.build/Debug/AXorcist.build/Objects-normal/arm64/AXorcist-Swift.h -working-directory /Users/steipete/Projects/CodeLooper -experimental-emit-module-separately -disable-cmo

RegisterExecutionPolicyException /Users/steipete/Library/Developer/Xcode/DerivedData/CodeLooper-crrddjihwjtfkwegrjrymctnfixv/Build/Products/Debug/Defaults.o (in target 'Defaults' from project 'Defaults')
    cd /Users/steipete/Library/Developer/Xcode/DerivedData/CodeLooper-crrddjihwjtfkwegrjrymctnfixv/SourcePackages/checkouts/Defaults
    builtin-RegisterExecutionPolicyException /Users/steipete/Library/Developer/Xcode/DerivedData/CodeLooper-crrddjihwjtfkwegrjrymctnfixv/Build/Products/Debug/Defaults.o

Ld /Users/steipete/Library/Developer/Xcode/DerivedData/CodeLooper-crrddjihwjtfkwegrjrymctnfixv/Build/Products/Debug/NIOConcurrencyHelpers.o normal (in target 'NIOConcurrencyHelpers' from project 'swift-nio')
    cd /Users/steipete/Library/Developer/Xcode/DerivedData/CodeLooper-crrddjihwjtfkwegrjrymctnfixv/SourcePackages/checkouts/swift-nio
    /Applications/Xcode-beta.app/Contents/Developer/Toolchains/XcodeDefault.xctoolchain/usr/bin/clang -Xlinker -reproducible -target arm64-apple-macos10.13 -r -isysroot /Applications/Xcode-beta.app/Contents/Developer/Platforms/MacOSX.platform/Developer/SDKs/MacOSX26.0.sdk -O0 -w -L/Users/steipete/Library/Developer/Xcode/DerivedData/CodeLooper-crrddjihwjtfkwegrjrymctnfixv/Build/Intermediates.noindex/EagerLinkingTBDs/Debug -L/Users/steipete/Library/Developer/Xcode/DerivedData/CodeLooper-crrddjihwjtfkwegrjrymctnfixv/Build/Products/Debug -L/Applications/Xcode-beta.app/Contents/Developer/Platforms/MacOSX.platform/Developer/usr/lib -F/Users/steipete/Library/Developer/Xcode/DerivedData/CodeLooper-crrddjihwjtfkwegrjrymctnfixv/Build/Intermediates.noindex/EagerLinkingTBDs/Debug -F/Users/steipete/Library/Developer/Xcode/DerivedData/CodeLooper-crrddjihwjtfkwegrjrymctnfixv/Build/Products/Debug/PackageFrameworks -F/Users/steipete/Library/Developer/Xcode/DerivedData/CodeLooper-crrddjihwjtfkwegrjrymctnfixv/Build/Products/Debug -iframework /Applications/Xcode-beta.app/Contents/Developer/Platforms/MacOSX.platform/Developer/Library/Frameworks -filelist /Users/steipete/Library/Developer/Xcode/DerivedData/CodeLooper-crrddjihwjtfkwegrjrymctnfixv/Build/Intermediates.noindex/swift-nio.build/Debug/NIOConcurrencyHelpers.build/Objects-normal/arm64/NIOConcurrencyHelpers.LinkFileList -nostdlib -Xlinker -object_path_lto -Xlinker /Users/steipete/Library/Developer/Xcode/DerivedData/CodeLooper-crrddjihwjtfkwegrjrymctnfixv/Build/Intermediates.noindex/swift-nio.build/Debug/NIOConcurrencyHelpers.build/Objects-normal/arm64/NIOConcurrencyHelpers_lto.o -rdynamic -Xlinker -no_deduplicate -Xlinker -debug_variant -Xlinker -dependency_info -Xlinker /Users/steipete/Library/Developer/Xcode/DerivedData/CodeLooper-crrddjihwjtfkwegrjrymctnfixv/Build/Intermediates.noindex/swift-nio.build/Debug/NIOConcurrencyHelpers.build/Objects-normal/arm64/NIOConcurrencyHelpers_dependency_info.dat -fobjc-link-runtime -L/Applications/Xcode-beta.app/Contents/Developer/Toolchains/XcodeDefault.xctoolchain/usr/lib/swift/macosx -L/usr/lib/swift -Xlinker -add_ast_path -Xlinker /Users/steipete/Library/Developer/Xcode/DerivedData/CodeLooper-crrddjihwjtfkwegrjrymctnfixv/Build/Intermediates.noindex/swift-nio.build/Debug/NIOConcurrencyHelpers.build/Objects-normal/arm64/NIOConcurrencyHelpers.swiftmodule @/Users/steipete/Library/Developer/Xcode/DerivedData/CodeLooper-crrddjihwjtfkwegrjrymctnfixv/Build/Intermediates.noindex/swift-nio.build/Debug/NIOConcurrencyHelpers.build/Objects-normal/arm64/NIOConcurrencyHelpers-linker-args.resp -o /Users/steipete/Library/Developer/Xcode/DerivedData/CodeLooper-crrddjihwjtfkwegrjrymctnfixv/Build/Products/Debug/NIOConcurrencyHelpers.o

ExtractAppIntentsMetadata (in target 'NIOConcurrencyHelpers' from project 'swift-nio')
    cd /Users/steipete/Library/Developer/Xcode/DerivedData/CodeLooper-crrddjihwjtfkwegrjrymctnfixv/SourcePackages/checkouts/swift-nio
    /Applications/Xcode-beta.app/Contents/Developer/Toolchains/XcodeDefault.xctoolchain/usr/bin/appintentsmetadataprocessor --toolchain-dir /Applications/Xcode-beta.app/Contents/Developer/Toolchains/XcodeDefault.xctoolchain --module-name NIOConcurrencyHelpers --sdk-root /Applications/Xcode-beta.app/Contents/Developer/Platforms/MacOSX.platform/Developer/SDKs/MacOSX26.0.sdk --xcode-version 17A5241e --platform-family macOS --deployment-target 10.13 --bundle-identifier swift-nio.NIOConcurrencyHelpers --output /Users/steipete/Library/Developer/Xcode/DerivedData/CodeLooper-crrddjihwjtfkwegrjrymctnfixv/Build/Products/Debug/NIOConcurrencyHelpers.appintents --target-triple arm64-apple-macos10.13 --binary-file /Users/steipete/Library/Developer/Xcode/DerivedData/CodeLooper-crrddjihwjtfkwegrjrymctnfixv/Build/Products/Debug/NIOConcurrencyHelpers.o --dependency-file /Users/steipete/Library/Developer/Xcode/DerivedData/CodeLooper-crrddjihwjtfkwegrjrymctnfixv/Build/Intermediates.noindex/swift-nio.build/Debug/NIOConcurrencyHelpers.build/Objects-normal/arm64/NIOConcurrencyHelpers_dependency_info.dat --stringsdata-file /Users/steipete/Library/Developer/Xcode/DerivedData/CodeLooper-crrddjihwjtfkwegrjrymctnfixv/Build/Intermediates.noindex/swift-nio.build/Debug/NIOConcurrencyHelpers.build/Objects-normal/arm64/ExtractedAppShortcutsMetadata.stringsdata --source-file-list /Users/steipete/Library/Developer/Xcode/DerivedData/CodeLooper-crrddjihwjtfkwegrjrymctnfixv/Build/Intermediates.noindex/swift-nio.build/Debug/NIOConcurrencyHelpers.build/Objects-normal/arm64/NIOConcurrencyHelpers.SwiftFileList --metadata-file-list /Users/steipete/Library/Developer/Xcode/DerivedData/CodeLooper-crrddjihwjtfkwegrjrymctnfixv/Build/Intermediates.noindex/swift-nio.build/Debug/NIOConcurrencyHelpers.build/NIOConcurrencyHelpers.DependencyMetadataFileList --static-metadata-file-list /Users/steipete/Library/Developer/Xcode/DerivedData/CodeLooper-crrddjihwjtfkwegrjrymctnfixv/Build/Intermediates.noindex/swift-nio.build/Debug/NIOConcurrencyHelpers.build/NIOConcurrencyHelpers.DependencyStaticMetadataFileList --swift-const-vals-list /Users/steipete/Library/Developer/Xcode/DerivedData/CodeLooper-crrddjihwjtfkwegrjrymctnfixv/Build/Intermediates.noindex/swift-nio.build/Debug/NIOConcurrencyHelpers.build/Objects-normal/arm64/NIOConcurrencyHelpers.SwiftConstValuesFileList --force --compile-time-extraction --deployment-aware-processing --validate-assistant-intents --no-app-shortcuts-localization
2025-06-10 00:10:33.308 appintentsmetadataprocessor[98384:11265770] Starting appintentsmetadataprocessor export
2025-06-10 00:10:33.339 appintentsmetadataprocessor[98384:11265770] Extracted no relevant App Intents symbols, skipping writing output

SwiftCompile normal arm64 Compiling\ Heap+Descriptions.swift /Users/steipete/Library/Developer/Xcode/DerivedData/CodeLooper-crrddjihwjtfkwegrjrymctnfixv/SourcePackages/checkouts/swift-collections/Sources/HeapModule/Heap+Descriptions.swift (in target 'HeapModule' from project 'swift-collections')

SwiftCompile normal arm64 /Users/steipete/Library/Developer/Xcode/DerivedData/CodeLooper-crrddjihwjtfkwegrjrymctnfixv/SourcePackages/checkouts/swift-collections/Sources/HeapModule/Heap+Descriptions.swift (in target 'HeapModule' from project 'swift-collections')
    cd /Users/steipete/Projects/CodeLooper
    

SwiftEmitModule normal arm64 Emitting\ module\ for\ HeapModule (in target 'HeapModule' from project 'swift-collections')

EmitSwiftModule normal arm64 (in target 'HeapModule' from project 'swift-collections')
    cd /Users/steipete/Projects/CodeLooper
    

SwiftCompile normal arm64 Compiling\ _HeapNode.swift /Users/steipete/Library/Developer/Xcode/DerivedData/CodeLooper-crrddjihwjtfkwegrjrymctnfixv/SourcePackages/checkouts/swift-collections/Sources/HeapModule/_HeapNode.swift (in target 'HeapModule' from project 'swift-collections')

SwiftCompile normal arm64 /Users/steipete/Library/Developer/Xcode/DerivedData/CodeLooper-crrddjihwjtfkwegrjrymctnfixv/SourcePackages/checkouts/swift-collections/Sources/HeapModule/_HeapNode.swift (in target 'HeapModule' from project 'swift-collections')
    cd /Users/steipete/Projects/CodeLooper
    

SwiftCompile normal arm64 Compiling\ Heap+UnsafeHandle.swift /Users/steipete/Library/Developer/Xcode/DerivedData/CodeLooper-crrddjihwjtfkwegrjrymctnfixv/SourcePackages/checkouts/swift-collections/Sources/HeapModule/Heap+UnsafeHandle.swift (in target 'HeapModule' from project 'swift-collections')

SwiftCompile normal arm64 /Users/steipete/Library/Developer/Xcode/DerivedData/CodeLooper-crrddjihwjtfkwegrjrymctnfixv/SourcePackages/checkouts/swift-collections/Sources/HeapModule/Heap+UnsafeHandle.swift (in target 'HeapModule' from project 'swift-collections')
    cd /Users/steipete/Projects/CodeLooper
    

SwiftCompile normal arm64 Compiling\ Heap.swift /Users/steipete/Library/Developer/Xcode/DerivedData/CodeLooper-crrddjihwjtfkwegrjrymctnfixv/SourcePackages/checkouts/swift-collections/Sources/HeapModule/Heap.swift (in target 'HeapModule' from project 'swift-collections')

SwiftCompile normal arm64 /Users/steipete/Library/Developer/Xcode/DerivedData/CodeLooper-crrddjihwjtfkwegrjrymctnfixv/SourcePackages/checkouts/swift-collections/Sources/HeapModule/Heap.swift (in target 'HeapModule' from project 'swift-collections')
    cd /Users/steipete/Projects/CodeLooper
    

SwiftDriverJobDiscovery normal arm64 Compiling PointerConformances.swift, Primitives.native.swift (in target 'Atomics' from project 'swift-atomics')

SwiftCompile normal arm64 Compiling\ Heap+Invariants.swift /Users/steipete/Library/Developer/Xcode/DerivedData/CodeLooper-crrddjihwjtfkwegrjrymctnfixv/SourcePackages/checkouts/swift-collections/Sources/HeapModule/Heap+Invariants.swift (in target 'HeapModule' from project 'swift-collections')

SwiftCompile normal arm64 /Users/steipete/Library/Developer/Xcode/DerivedData/CodeLooper-crrddjihwjtfkwegrjrymctnfixv/SourcePackages/checkouts/swift-collections/Sources/HeapModule/Heap+Invariants.swift (in target 'HeapModule' from project 'swift-collections')
    cd /Users/steipete/Projects/CodeLooper
    

SwiftCompile normal arm64 Compiling\ Heap+ExpressibleByArrayLiteral.swift /Users/steipete/Library/Developer/Xcode/DerivedData/CodeLooper-crrddjihwjtfkwegrjrymctnfixv/SourcePackages/checkouts/swift-collections/Sources/HeapModule/Heap+ExpressibleByArrayLiteral.swift (in target 'HeapModule' from project 'swift-collections')

SwiftCompile normal arm64 /Users/steipete/Library/Developer/Xcode/DerivedData/CodeLooper-crrddjihwjtfkwegrjrymctnfixv/SourcePackages/checkouts/swift-collections/Sources/HeapModule/Heap+ExpressibleByArrayLiteral.swift (in target 'HeapModule' from project 'swift-collections')
    cd /Users/steipete/Projects/CodeLooper
    

SwiftDriverJobDiscovery normal arm64 Compiling Heap+Descriptions.swift (in target 'HeapModule' from project 'swift-collections')

SwiftDriver\ Compilation Atomics normal arm64 com.apple.xcode.tools.swift.compiler (in target 'Atomics' from project 'swift-atomics')
    cd /Users/steipete/Projects/CodeLooper
    builtin-Swift-Compilation -- /Applications/Xcode-beta.app/Contents/Developer/Toolchains/XcodeDefault.xctoolchain/usr/bin/swiftc -module-name Atomics -Onone -enforce-exclusivity\=checked @/Users/steipete/Library/Developer/Xcode/DerivedData/CodeLooper-crrddjihwjtfkwegrjrymctnfixv/Build/Intermediates.noindex/swift-atomics.build/Debug/Atomics.build/Objects-normal/arm64/Atomics.SwiftFileList -DSWIFT_PACKAGE -DDEBUG -DSWIFT_MODULE_RESOURCE_BUNDLE_UNAVAILABLE -DXcode -enable-experimental-feature BuiltinModule -plugin-path /Applications/Xcode-beta.app/Contents/Developer/Toolchains/XcodeDefault.xctoolchain/usr/lib/swift/host/plugins/testing -enable-experimental-feature DebugDescriptionMacro -sdk /Applications/Xcode-beta.app/Contents/Developer/Platforms/MacOSX.platform/Developer/SDKs/MacOSX26.0.sdk -target arm64-apple-macos10.13 -g -module-cache-path /Users/steipete/Library/Developer/Xcode/DerivedData/ModuleCache.noindex -Xfrontend -serialize-debugging-options -profile-coverage-mapping -profile-generate -enable-testing -suppress-warnings -index-store-path /Users/steipete/Library/Developer/Xcode/DerivedData/CodeLooper-crrddjihwjtfkwegrjrymctnfixv/Index.noindex/DataStore -swift-version 5 -I /Users/steipete/Library/Developer/Xcode/DerivedData/CodeLooper-crrddjihwjtfkwegrjrymctnfixv/Build/Products/Debug -I /Applications/Xcode-beta.app/Contents/Developer/Platforms/MacOSX.platform/Developer/usr/lib -F /Users/steipete/Library/Developer/Xcode/DerivedData/CodeLooper-crrddjihwjtfkwegrjrymctnfixv/Build/Products/Debug/PackageFrameworks -F /Users/steipete/Library/Developer/Xcode/DerivedData/CodeLooper-crrddjihwjtfkwegrjrymctnfixv/Build/Products/Debug -F /Applications/Xcode-beta.app/Contents/Developer/Platforms/MacOSX.platform/Developer/Library/Frameworks -c -j16 -enable-batch-mode -incremental -Xcc -ivfsstatcache -Xcc /Users/steipete/Library/Developer/Xcode/DerivedData/SDKStatCaches.noindex/macosx26.0-25A5279m-5d9328ff1a6613a11d359de947506b52.sdkstatcache -output-file-map /Users/steipete/Library/Developer/Xcode/DerivedData/CodeLooper-crrddjihwjtfkwegrjrymctnfixv/Build/Intermediates.noindex/swift-atomics.build/Debug/Atomics.build/Objects-normal/arm64/Atomics-OutputFileMap.json -use-frontend-parseable-output -save-temps -no-color-diagnostics -explicit-module-build -module-cache-path /Users/steipete/Library/Developer/Xcode/DerivedData/CodeLooper-crrddjihwjtfkwegrjrymctnfixv/Build/Intermediates.noindex/SwiftExplicitPrecompiledModules -clang-scanner-module-cache-path /Users/steipete/Library/Developer/Xcode/DerivedData/ModuleCache.noindex -sdk-module-cache-path /Users/steipete/Library/Developer/Xcode/DerivedData/ModuleCache.noindex -serialize-diagnostics -emit-dependencies -emit-module -emit-module-path /Users/steipete/Library/Developer/Xcode/DerivedData/CodeLooper-crrddjihwjtfkwegrjrymctnfixv/Build/Intermediates.noindex/swift-atomics.build/Debug/Atomics.build/Objects-normal/arm64/Atomics.swiftmodule -validate-clang-modules-once -clang-build-session-file /Users/steipete/Library/Developer/Xcode/DerivedData/ModuleCache.noindex/Session.modulevalidation -package-name swift_atomics -Xcc -I/Users/steipete/Library/Developer/Xcode/DerivedData/CodeLooper-crrddjihwjtfkwegrjrymctnfixv/Build/Intermediates.noindex/swift-atomics.build/Debug/Atomics.build/swift-overrides.hmap -emit-const-values -Xfrontend -const-gather-protocols-file -Xfrontend /Users/steipete/Library/Developer/Xcode/DerivedData/CodeLooper-crrddjihwjtfkwegrjrymctnfixv/Build/Intermediates.noindex/swift-atomics.build/Debug/Atomics.build/Objects-normal/arm64/Atomics_const_extract_protocols.json -Xcc -I/Users/steipete/Library/Developer/Xcode/DerivedData/CodeLooper-crrddjihwjtfkwegrjrymctnfixv/SourcePackages/checkouts/swift-atomics/Sources/_AtomicsShims/include -Xcc -I/Users/steipete/Library/Developer/Xcode/DerivedData/CodeLooper-crrddjihwjtfkwegrjrymctnfixv/Build/Products/Debug/include -Xcc -I/Users/steipete/Library/Developer/Xcode/DerivedData/CodeLooper-crrddjihwjtfkwegrjrymctnfixv/Build/Intermediates.noindex/swift-atomics.build/Debug/Atomics.build/DerivedSources-normal/arm64 -Xcc -I/Users/steipete/Library/Developer/Xcode/DerivedData/CodeLooper-crrddjihwjtfkwegrjrymctnfixv/Build/Intermediates.noindex/swift-atomics.build/Debug/Atomics.build/DerivedSources/arm64 -Xcc -I/Users/steipete/Library/Developer/Xcode/DerivedData/CodeLooper-crrddjihwjtfkwegrjrymctnfixv/Build/Intermediates.noindex/swift-atomics.build/Debug/Atomics.build/DerivedSources -Xcc -DSWIFT_PACKAGE -Xcc -DDEBUG\=1 -emit-objc-header -emit-objc-header-path /Users/steipete/Library/Developer/Xcode/DerivedData/CodeLooper-crrddjihwjtfkwegrjrymctnfixv/Build/Intermediates.noindex/swift-atomics.build/Debug/Atomics.build/Objects-normal/arm64/Atomics-Swift.h -working-directory /Users/steipete/Projects/CodeLooper -experimental-emit-module-separately -disable-cmo

SwiftEmitModule normal arm64 Emitting\ module\ for\ UnixSignals (in target 'UnixSignals' from project 'swift-service-lifecycle')

EmitSwiftModule normal arm64 (in target 'UnixSignals' from project 'swift-service-lifecycle')
    cd /Users/steipete/Projects/CodeLooper
    

Ld /Users/steipete/Library/Developer/Xcode/DerivedData/CodeLooper-crrddjihwjtfkwegrjrymctnfixv/Build/Products/Debug/Atomics.o normal (in target 'Atomics' from project 'swift-atomics')
    cd /Users/steipete/Library/Developer/Xcode/DerivedData/CodeLooper-crrddjihwjtfkwegrjrymctnfixv/SourcePackages/checkouts/swift-atomics
    /Applications/Xcode-beta.app/Contents/Developer/Toolchains/XcodeDefault.xctoolchain/usr/bin/clang -Xlinker -reproducible -target arm64-apple-macos10.13 -r -isysroot /Applications/Xcode-beta.app/Contents/Developer/Platforms/MacOSX.platform/Developer/SDKs/MacOSX26.0.sdk -O0 -w -L/Users/steipete/Library/Developer/Xcode/DerivedData/CodeLooper-crrddjihwjtfkwegrjrymctnfixv/Build/Intermediates.noindex/EagerLinkingTBDs/Debug -L/Users/steipete/Library/Developer/Xcode/DerivedData/CodeLooper-crrddjihwjtfkwegrjrymctnfixv/Build/Products/Debug -L/Applications/Xcode-beta.app/Contents/Developer/Platforms/MacOSX.platform/Developer/usr/lib -F/Users/steipete/Library/Developer/Xcode/DerivedData/CodeLooper-crrddjihwjtfkwegrjrymctnfixv/Build/Intermediates.noindex/EagerLinkingTBDs/Debug -F/Users/steipete/Library/Developer/Xcode/DerivedData/CodeLooper-crrddjihwjtfkwegrjrymctnfixv/Build/Products/Debug/PackageFrameworks -F/Users/steipete/Library/Developer/Xcode/DerivedData/CodeLooper-crrddjihwjtfkwegrjrymctnfixv/Build/Products/Debug -iframework /Applications/Xcode-beta.app/Contents/Developer/Platforms/MacOSX.platform/Developer/Library/Frameworks -filelist /Users/steipete/Library/Developer/Xcode/DerivedData/CodeLooper-crrddjihwjtfkwegrjrymctnfixv/Build/Intermediates.noindex/swift-atomics.build/Debug/Atomics.build/Objects-normal/arm64/Atomics.LinkFileList -nostdlib -Xlinker -object_path_lto -Xlinker /Users/steipete/Library/Developer/Xcode/DerivedData/CodeLooper-crrddjihwjtfkwegrjrymctnfixv/Build/Intermediates.noindex/swift-atomics.build/Debug/Atomics.build/Objects-normal/arm64/Atomics_lto.o -rdynamic -Xlinker -no_deduplicate -Xlinker -debug_variant -Xlinker -dependency_info -Xlinker /Users/steipete/Library/Developer/Xcode/DerivedData/CodeLooper-crrddjihwjtfkwegrjrymctnfixv/Build/Intermediates.noindex/swift-atomics.build/Debug/Atomics.build/Objects-normal/arm64/Atomics_dependency_info.dat -fobjc-link-runtime -L/Applications/Xcode-beta.app/Contents/Developer/Toolchains/XcodeDefault.xctoolchain/usr/lib/swift/macosx -L/usr/lib/swift -Xlinker -add_ast_path -Xlinker /Users/steipete/Library/Developer/Xcode/DerivedData/CodeLooper-crrddjihwjtfkwegrjrymctnfixv/Build/Intermediates.noindex/swift-atomics.build/Debug/Atomics.build/Objects-normal/arm64/Atomics.swiftmodule @/Users/steipete/Library/Developer/Xcode/DerivedData/CodeLooper-crrddjihwjtfkwegrjrymctnfixv/Build/Intermediates.noindex/swift-atomics.build/Debug/Atomics.build/Objects-normal/arm64/Atomics-linker-args.resp -o /Users/steipete/Library/Developer/Xcode/DerivedData/CodeLooper-crrddjihwjtfkwegrjrymctnfixv/Build/Products/Debug/Atomics.o

SwiftDriverJobDiscovery normal arm64 Compiling Heap+Invariants.swift (in target 'HeapModule' from project 'swift-collections')

SwiftCompile normal arm64 Compiling\ UnixSignalsSequence.swift /Users/steipete/Library/Developer/Xcode/DerivedData/CodeLooper-crrddjihwjtfkwegrjrymctnfixv/SourcePackages/checkouts/swift-service-lifecycle/Sources/UnixSignals/UnixSignalsSequence.swift (in target 'UnixSignals' from project 'swift-service-lifecycle')

SwiftCompile normal arm64 /Users/steipete/Library/Developer/Xcode/DerivedData/CodeLooper-crrddjihwjtfkwegrjrymctnfixv/SourcePackages/checkouts/swift-service-lifecycle/Sources/UnixSignals/UnixSignalsSequence.swift (in target 'UnixSignals' from project 'swift-service-lifecycle')
    cd /Users/steipete/Projects/CodeLooper
    

SwiftDriverJobDiscovery normal arm64 Compiling _HeapNode.swift (in target 'HeapModule' from project 'swift-collections')

SwiftCompile normal arm64 Compiling\ UnixSignal.swift /Users/steipete/Library/Developer/Xcode/DerivedData/CodeLooper-crrddjihwjtfkwegrjrymctnfixv/SourcePackages/checkouts/swift-service-lifecycle/Sources/UnixSignals/UnixSignal.swift (in target 'UnixSignals' from project 'swift-service-lifecycle')

SwiftCompile normal arm64 /Users/steipete/Library/Developer/Xcode/DerivedData/CodeLooper-crrddjihwjtfkwegrjrymctnfixv/SourcePackages/checkouts/swift-service-lifecycle/Sources/UnixSignals/UnixSignal.swift (in target 'UnixSignals' from project 'swift-service-lifecycle')
    cd /Users/steipete/Projects/CodeLooper
    

SwiftDriverJobDiscovery normal arm64 Compiling Heap.swift (in target 'HeapModule' from project 'swift-collections')

SwiftDriverJobDiscovery normal arm64 Compiling Heap+ExpressibleByArrayLiteral.swift (in target 'HeapModule' from project 'swift-collections')

SwiftEmitModule normal arm64 Emitting\ module\ for\ Instrumentation (in target 'Instrumentation' from project 'swift-distributed-tracing')

EmitSwiftModule normal arm64 (in target 'Instrumentation' from project 'swift-distributed-tracing')
    cd /Users/steipete/Projects/CodeLooper
    

SwiftCompile normal arm64 Compiling\ Instrument.swift /Users/steipete/Library/Developer/Xcode/DerivedData/CodeLooper-crrddjihwjtfkwegrjrymctnfixv/SourcePackages/checkouts/swift-distributed-tracing/Sources/Instrumentation/Instrument.swift (in target 'Instrumentation' from project 'swift-distributed-tracing')

SwiftCompile normal arm64 /Users/steipete/Library/Developer/Xcode/DerivedData/CodeLooper-crrddjihwjtfkwegrjrymctnfixv/SourcePackages/checkouts/swift-distributed-tracing/Sources/Instrumentation/Instrument.swift (in target 'Instrumentation' from project 'swift-distributed-tracing')
    cd /Users/steipete/Projects/CodeLooper
    

SwiftCompile normal arm64 Compiling\ NoOpInstrument.swift /Users/steipete/Library/Developer/Xcode/DerivedData/CodeLooper-crrddjihwjtfkwegrjrymctnfixv/SourcePackages/checkouts/swift-distributed-tracing/Sources/Instrumentation/NoOpInstrument.swift (in target 'Instrumentation' from project 'swift-distributed-tracing')

SwiftCompile normal arm64 /Users/steipete/Library/Developer/Xcode/DerivedData/CodeLooper-crrddjihwjtfkwegrjrymctnfixv/SourcePackages/checkouts/swift-distributed-tracing/Sources/Instrumentation/NoOpInstrument.swift (in target 'Instrumentation' from project 'swift-distributed-tracing')
    cd /Users/steipete/Projects/CodeLooper
    

SwiftCompile normal arm64 Compiling\ InstrumentationSystem.swift /Users/steipete/Library/Developer/Xcode/DerivedData/CodeLooper-crrddjihwjtfkwegrjrymctnfixv/SourcePackages/checkouts/swift-distributed-tracing/Sources/Instrumentation/InstrumentationSystem.swift (in target 'Instrumentation' from project 'swift-distributed-tracing')

SwiftCompile normal arm64 /Users/steipete/Library/Developer/Xcode/DerivedData/CodeLooper-crrddjihwjtfkwegrjrymctnfixv/SourcePackages/checkouts/swift-distributed-tracing/Sources/Instrumentation/InstrumentationSystem.swift (in target 'Instrumentation' from project 'swift-distributed-tracing')
    cd /Users/steipete/Projects/CodeLooper
    

SwiftDriverJobDiscovery normal arm64 Compiling Heap+UnsafeHandle.swift (in target 'HeapModule' from project 'swift-collections')

SwiftCompile normal arm64 Compiling\ Locks.swift /Users/steipete/Library/Developer/Xcode/DerivedData/CodeLooper-crrddjihwjtfkwegrjrymctnfixv/SourcePackages/checkouts/swift-distributed-tracing/Sources/Instrumentation/Locks.swift (in target 'Instrumentation' from project 'swift-distributed-tracing')

SwiftCompile normal arm64 /Users/steipete/Library/Developer/Xcode/DerivedData/CodeLooper-crrddjihwjtfkwegrjrymctnfixv/SourcePackages/checkouts/swift-distributed-tracing/Sources/Instrumentation/Locks.swift (in target 'Instrumentation' from project 'swift-distributed-tracing')
    cd /Users/steipete/Projects/CodeLooper
    

SwiftDriverJobDiscovery normal arm64 Emitting module for HeapModule (in target 'HeapModule' from project 'swift-collections')

SwiftDriver\ Compilation\ Requirements HeapModule normal arm64 com.apple.xcode.tools.swift.compiler (in target 'HeapModule' from project 'swift-collections')
    cd /Users/steipete/Projects/CodeLooper
    builtin-Swift-Compilation-Requirements -- /Applications/Xcode-beta.app/Contents/Developer/Toolchains/XcodeDefault.xctoolchain/usr/bin/swiftc -module-name HeapModule -Onone -enforce-exclusivity\=checked @/Users/steipete/Library/Developer/Xcode/DerivedData/CodeLooper-crrddjihwjtfkwegrjrymctnfixv/Build/Intermediates.noindex/swift-collections.build/Debug/HeapModule.build/Objects-normal/arm64/HeapModule.SwiftFileList -DSWIFT_PACKAGE -DDEBUG -DSWIFT_MODULE_RESOURCE_BUNDLE_UNAVAILABLE -DCOLLECTIONS_RANDOMIZED_TESTING -DXcode -plugin-path /Applications/Xcode-beta.app/Contents/Developer/Toolchains/XcodeDefault.xctoolchain/usr/lib/swift/host/plugins/testing -enable-experimental-feature DebugDescriptionMacro -sdk /Applications/Xcode-beta.app/Contents/Developer/Platforms/MacOSX.platform/Developer/SDKs/MacOSX26.0.sdk -target arm64-apple-macos10.13 -g -module-cache-path /Users/steipete/Library/Developer/Xcode/DerivedData/ModuleCache.noindex -Xfrontend -serialize-debugging-options -profile-coverage-mapping -profile-generate -enable-testing -suppress-warnings -index-store-path /Users/steipete/Library/Developer/Xcode/DerivedData/CodeLooper-crrddjihwjtfkwegrjrymctnfixv/Index.noindex/DataStore -swift-version 5 -I /Users/steipete/Library/Developer/Xcode/DerivedData/CodeLooper-crrddjihwjtfkwegrjrymctnfixv/Build/Products/Debug -I /Applications/Xcode-beta.app/Contents/Developer/Platforms/MacOSX.platform/Developer/usr/lib -F /Users/steipete/Library/Developer/Xcode/DerivedData/CodeLooper-crrddjihwjtfkwegrjrymctnfixv/Build/Products/Debug/PackageFrameworks -F /Users/steipete/Library/Developer/Xcode/DerivedData/CodeLooper-crrddjihwjtfkwegrjrymctnfixv/Build/Products/Debug -F /Applications/Xcode-beta.app/Contents/Developer/Platforms/MacOSX.platform/Developer/Library/Frameworks -c -j16 -enable-batch-mode -incremental -Xcc -ivfsstatcache -Xcc /Users/steipete/Library/Developer/Xcode/DerivedData/SDKStatCaches.noindex/macosx26.0-25A5279m-5d9328ff1a6613a11d359de947506b52.sdkstatcache -output-file-map /Users/steipete/Library/Developer/Xcode/DerivedData/CodeLooper-crrddjihwjtfkwegrjrymctnfixv/Build/Intermediates.noindex/swift-collections.build/Debug/HeapModule.build/Objects-normal/arm64/HeapModule-OutputFileMap.json -use-frontend-parseable-output -save-temps -no-color-diagnostics -explicit-module-build -module-cache-path /Users/steipete/Library/Developer/Xcode/DerivedData/CodeLooper-crrddjihwjtfkwegrjrymctnfixv/Build/Intermediates.noindex/SwiftExplicitPrecompiledModules -clang-scanner-module-cache-path /Users/steipete/Library/Developer/Xcode/DerivedData/ModuleCache.noindex -sdk-module-cache-path /Users/steipete/Library/Developer/Xcode/DerivedData/ModuleCache.noindex -serialize-diagnostics -emit-dependencies -emit-module -emit-module-path /Users/steipete/Library/Developer/Xcode/DerivedData/CodeLooper-crrddjihwjtfkwegrjrymctnfixv/Build/Intermediates.noindex/swift-collections.build/Debug/HeapModule.build/Objects-normal/arm64/HeapModule.swiftmodule -validate-clang-modules-once -clang-build-session-file /Users/steipete/Library/Developer/Xcode/DerivedData/ModuleCache.noindex/Session.modulevalidation -package-name swift_collections -Xcc -I/Users/steipete/Library/Developer/Xcode/DerivedData/CodeLooper-crrddjihwjtfkwegrjrymctnfixv/Build/Intermediates.noindex/swift-collections.build/Debug/HeapModule.build/swift-overrides.hmap -emit-const-values -Xfrontend -const-gather-protocols-file -Xfrontend /Users/steipete/Library/Developer/Xcode/DerivedData/CodeLooper-crrddjihwjtfkwegrjrymctnfixv/Build/Intermediates.noindex/swift-collections.build/Debug/HeapModule.build/Objects-normal/arm64/HeapModule_const_extract_protocols.json -Xcc -I/Users/steipete/Library/Developer/Xcode/DerivedData/CodeLooper-crrddjihwjtfkwegrjrymctnfixv/Build/Products/Debug/include -Xcc -I/Users/steipete/Library/Developer/Xcode/DerivedData/CodeLooper-crrddjihwjtfkwegrjrymctnfixv/Build/Intermediates.noindex/swift-collections.build/Debug/HeapModule.build/DerivedSources-normal/arm64 -Xcc -I/Users/steipete/Library/Developer/Xcode/DerivedData/CodeLooper-crrddjihwjtfkwegrjrymctnfixv/Build/Intermediates.noindex/swift-collections.build/Debug/HeapModule.build/DerivedSources/arm64 -Xcc -I/Users/steipete/Library/Developer/Xcode/DerivedData/CodeLooper-crrddjihwjtfkwegrjrymctnfixv/Build/Intermediates.noindex/swift-collections.build/Debug/HeapModule.build/DerivedSources -Xcc -DSWIFT_PACKAGE -Xcc -DDEBUG\=1 -emit-objc-header -emit-objc-header-path /Users/steipete/Library/Developer/Xcode/DerivedData/CodeLooper-crrddjihwjtfkwegrjrymctnfixv/Build/Intermediates.noindex/swift-collections.build/Debug/HeapModule.build/Objects-normal/arm64/HeapModule-Swift.h -working-directory /Users/steipete/Projects/CodeLooper -experimental-emit-module-separately -disable-cmo

SwiftDriverJobDiscovery normal arm64 Emitting module for UnixSignals (in target 'UnixSignals' from project 'swift-service-lifecycle')

SwiftDriver\ Compilation\ Requirements UnixSignals normal arm64 com.apple.xcode.tools.swift.compiler (in target 'UnixSignals' from project 'swift-service-lifecycle')
    cd /Users/steipete/Projects/CodeLooper
    builtin-Swift-Compilation-Requirements -- /Applications/Xcode-beta.app/Contents/Developer/Toolchains/XcodeDefault.xctoolchain/usr/bin/swiftc -module-name UnixSignals -Onone -enforce-exclusivity\=checked @/Users/steipete/Library/Developer/Xcode/DerivedData/CodeLooper-crrddjihwjtfkwegrjrymctnfixv/Build/Intermediates.noindex/swift-service-lifecycle.build/Debug/UnixSignals.build/Objects-normal/arm64/UnixSignals.SwiftFileList -DSWIFT_PACKAGE -DDEBUG -DSWIFT_MODULE_RESOURCE_BUNDLE_UNAVAILABLE -DXcode -plugin-path /Applications/Xcode-beta.app/Contents/Developer/Toolchains/XcodeDefault.xctoolchain/usr/lib/swift/host/plugins/testing -enable-experimental-feature DebugDescriptionMacro -sdk /Applications/Xcode-beta.app/Contents/Developer/Platforms/MacOSX.platform/Developer/SDKs/MacOSX26.0.sdk -target arm64-apple-macos10.13 -g -module-cache-path /Users/steipete/Library/Developer/Xcode/DerivedData/ModuleCache.noindex -Xfrontend -serialize-debugging-options -profile-coverage-mapping -profile-generate -enable-testing -suppress-warnings -index-store-path /Users/steipete/Library/Developer/Xcode/DerivedData/CodeLooper-crrddjihwjtfkwegrjrymctnfixv/Index.noindex/DataStore -swift-version 5 -I /Users/steipete/Library/Developer/Xcode/DerivedData/CodeLooper-crrddjihwjtfkwegrjrymctnfixv/Build/Products/Debug -I /Applications/Xcode-beta.app/Contents/Developer/Platforms/MacOSX.platform/Developer/usr/lib -F /Users/steipete/Library/Developer/Xcode/DerivedData/CodeLooper-crrddjihwjtfkwegrjrymctnfixv/Build/Products/Debug/PackageFrameworks -F /Users/steipete/Library/Developer/Xcode/DerivedData/CodeLooper-crrddjihwjtfkwegrjrymctnfixv/Build/Products/Debug -F /Applications/Xcode-beta.app/Contents/Developer/Platforms/MacOSX.platform/Developer/Library/Frameworks -c -j16 -enable-batch-mode -incremental -Xcc -ivfsstatcache -Xcc /Users/steipete/Library/Developer/Xcode/DerivedData/SDKStatCaches.noindex/macosx26.0-25A5279m-5d9328ff1a6613a11d359de947506b52.sdkstatcache -output-file-map /Users/steipete/Library/Developer/Xcode/DerivedData/CodeLooper-crrddjihwjtfkwegrjrymctnfixv/Build/Intermediates.noindex/swift-service-lifecycle.build/Debug/UnixSignals.build/Objects-normal/arm64/UnixSignals-OutputFileMap.json -use-frontend-parseable-output -save-temps -no-color-diagnostics -explicit-module-build -module-cache-path /Users/steipete/Library/Developer/Xcode/DerivedData/CodeLooper-crrddjihwjtfkwegrjrymctnfixv/Build/Intermediates.noindex/SwiftExplicitPrecompiledModules -clang-scanner-module-cache-path /Users/steipete/Library/Developer/Xcode/DerivedData/ModuleCache.noindex -sdk-module-cache-path /Users/steipete/Library/Developer/Xcode/DerivedData/ModuleCache.noindex -serialize-diagnostics -emit-dependencies -emit-module -emit-module-path /Users/steipete/Library/Developer/Xcode/DerivedData/CodeLooper-crrddjihwjtfkwegrjrymctnfixv/Build/Intermediates.noindex/swift-service-lifecycle.build/Debug/UnixSignals.build/Objects-normal/arm64/UnixSignals.swiftmodule -validate-clang-modules-once -clang-build-session-file /Users/steipete/Library/Developer/Xcode/DerivedData/ModuleCache.noindex/Session.modulevalidation -Xcc -I/Users/steipete/Library/Developer/Xcode/DerivedData/CodeLooper-crrddjihwjtfkwegrjrymctnfixv/Build/Intermediates.noindex/swift-service-lifecycle.build/Debug/UnixSignals.build/swift-overrides.hmap -emit-const-values -Xfrontend -const-gather-protocols-file -Xfrontend /Users/steipete/Library/Developer/Xcode/DerivedData/CodeLooper-crrddjihwjtfkwegrjrymctnfixv/Build/Intermediates.noindex/swift-service-lifecycle.build/Debug/UnixSignals.build/Objects-normal/arm64/UnixSignals_const_extract_protocols.json -Xcc -I/Users/steipete/Library/Developer/Xcode/DerivedData/CodeLooper-crrddjihwjtfkwegrjrymctnfixv/Build/Products/Debug/include -Xcc -I/Users/steipete/Library/Developer/Xcode/DerivedData/CodeLooper-crrddjihwjtfkwegrjrymctnfixv/Build/Intermediates.noindex/swift-service-lifecycle.build/Debug/UnixSignals.build/DerivedSources-normal/arm64 -Xcc -I/Users/steipete/Library/Developer/Xcode/DerivedData/CodeLooper-crrddjihwjtfkwegrjrymctnfixv/Build/Intermediates.noindex/swift-service-lifecycle.build/Debug/UnixSignals.build/DerivedSources/arm64 -Xcc -I/Users/steipete/Library/Developer/Xcode/DerivedData/CodeLooper-crrddjihwjtfkwegrjrymctnfixv/Build/Intermediates.noindex/swift-service-lifecycle.build/Debug/UnixSignals.build/DerivedSources -Xcc -DSWIFT_PACKAGE -Xcc -DDEBUG\=1 -emit-objc-header -emit-objc-header-path /Users/steipete/Library/Developer/Xcode/DerivedData/CodeLooper-crrddjihwjtfkwegrjrymctnfixv/Build/Intermediates.noindex/swift-service-lifecycle.build/Debug/UnixSignals.build/Objects-normal/arm64/UnixSignals-Swift.h -working-directory /Users/steipete/Projects/CodeLooper -experimental-emit-module-separately -disable-cmo

SwiftMergeGeneratedHeaders /Users/steipete/Library/Developer/Xcode/DerivedData/CodeLooper-crrddjihwjtfkwegrjrymctnfixv/Build/Intermediates.noindex/GeneratedModuleMaps/HeapModule-Swift.h /Users/steipete/Library/Developer/Xcode/DerivedData/CodeLooper-crrddjihwjtfkwegrjrymctnfixv/Build/Intermediates.noindex/swift-collections.build/Debug/HeapModule.build/Objects-normal/arm64/HeapModule-Swift.h (in target 'HeapModule' from project 'swift-collections')
    cd /Users/steipete/Library/Developer/Xcode/DerivedData/CodeLooper-crrddjihwjtfkwegrjrymctnfixv/SourcePackages/checkouts/swift-collections
    builtin-swiftHeaderTool -arch arm64 /Users/steipete/Library/Developer/Xcode/DerivedData/CodeLooper-crrddjihwjtfkwegrjrymctnfixv/Build/Intermediates.noindex/swift-collections.build/Debug/HeapModule.build/Objects-normal/arm64/HeapModule-Swift.h -o /Users/steipete/Library/Developer/Xcode/DerivedData/CodeLooper-crrddjihwjtfkwegrjrymctnfixv/Build/Intermediates.noindex/GeneratedModuleMaps/HeapModule-Swift.h

SwiftMergeGeneratedHeaders /Users/steipete/Library/Developer/Xcode/DerivedData/CodeLooper-crrddjihwjtfkwegrjrymctnfixv/Build/Intermediates.noindex/GeneratedModuleMaps/UnixSignals-Swift.h /Users/steipete/Library/Developer/Xcode/DerivedData/CodeLooper-crrddjihwjtfkwegrjrymctnfixv/Build/Intermediates.noindex/swift-service-lifecycle.build/Debug/UnixSignals.build/Objects-normal/arm64/UnixSignals-Swift.h (in target 'UnixSignals' from project 'swift-service-lifecycle')
    cd /Users/steipete/Library/Developer/Xcode/DerivedData/CodeLooper-crrddjihwjtfkwegrjrymctnfixv/SourcePackages/checkouts/swift-service-lifecycle
    builtin-swiftHeaderTool -arch arm64 /Users/steipete/Library/Developer/Xcode/DerivedData/CodeLooper-crrddjihwjtfkwegrjrymctnfixv/Build/Intermediates.noindex/swift-service-lifecycle.build/Debug/UnixSignals.build/Objects-normal/arm64/UnixSignals-Swift.h -o /Users/steipete/Library/Developer/Xcode/DerivedData/CodeLooper-crrddjihwjtfkwegrjrymctnfixv/Build/Intermediates.noindex/GeneratedModuleMaps/UnixSignals-Swift.h

Copy /Users/steipete/Library/Developer/Xcode/DerivedData/CodeLooper-crrddjihwjtfkwegrjrymctnfixv/Build/Products/Debug/UnixSignals.swiftmodule/arm64-apple-macos.swiftmodule /Users/steipete/Library/Developer/Xcode/DerivedData/CodeLooper-crrddjihwjtfkwegrjrymctnfixv/Build/Intermediates.noindex/swift-service-lifecycle.build/Debug/UnixSignals.build/Objects-normal/arm64/UnixSignals.swiftmodule (in target 'UnixSignals' from project 'swift-service-lifecycle')
    cd /Users/steipete/Library/Developer/Xcode/DerivedData/CodeLooper-crrddjihwjtfkwegrjrymctnfixv/SourcePackages/checkouts/swift-service-lifecycle
    builtin-copy -exclude .DS_Store -exclude CVS -exclude .svn -exclude .git -exclude .hg -resolve-src-symlinks -rename /Users/steipete/Library/Developer/Xcode/DerivedData/CodeLooper-crrddjihwjtfkwegrjrymctnfixv/Build/Intermediates.noindex/swift-service-lifecycle.build/Debug/UnixSignals.build/Objects-normal/arm64/UnixSignals.swiftmodule /Users/steipete/Library/Developer/Xcode/DerivedData/CodeLooper-crrddjihwjtfkwegrjrymctnfixv/Build/Products/Debug/UnixSignals.swiftmodule/arm64-apple-macos.swiftmodule

Copy /Users/steipete/Library/Developer/Xcode/DerivedData/CodeLooper-crrddjihwjtfkwegrjrymctnfixv/Build/Products/Debug/UnixSignals.swiftmodule/arm64-apple-macos.swiftdoc /Users/steipete/Library/Developer/Xcode/DerivedData/CodeLooper-crrddjihwjtfkwegrjrymctnfixv/Build/Intermediates.noindex/swift-service-lifecycle.build/Debug/UnixSignals.build/Objects-normal/arm64/UnixSignals.swiftdoc (in target 'UnixSignals' from project 'swift-service-lifecycle')
    cd /Users/steipete/Library/Developer/Xcode/DerivedData/CodeLooper-crrddjihwjtfkwegrjrymctnfixv/SourcePackages/checkouts/swift-service-lifecycle
    builtin-copy -exclude .DS_Store -exclude CVS -exclude .svn -exclude .git -exclude .hg -resolve-src-symlinks -rename /Users/steipete/Library/Developer/Xcode/DerivedData/CodeLooper-crrddjihwjtfkwegrjrymctnfixv/Build/Intermediates.noindex/swift-service-lifecycle.build/Debug/UnixSignals.build/Objects-normal/arm64/UnixSignals.swiftdoc /Users/steipete/Library/Developer/Xcode/DerivedData/CodeLooper-crrddjihwjtfkwegrjrymctnfixv/Build/Products/Debug/UnixSignals.swiftmodule/arm64-apple-macos.swiftdoc

Copy /Users/steipete/Library/Developer/Xcode/DerivedData/CodeLooper-crrddjihwjtfkwegrjrymctnfixv/Build/Products/Debug/UnixSignals.swiftmodule/arm64-apple-macos.abi.json /Users/steipete/Library/Developer/Xcode/DerivedData/CodeLooper-crrddjihwjtfkwegrjrymctnfixv/Build/Intermediates.noindex/swift-service-lifecycle.build/Debug/UnixSignals.build/Objects-normal/arm64/UnixSignals.abi.json (in target 'UnixSignals' from project 'swift-service-lifecycle')
    cd /Users/steipete/Library/Developer/Xcode/DerivedData/CodeLooper-crrddjihwjtfkwegrjrymctnfixv/SourcePackages/checkouts/swift-service-lifecycle
    builtin-copy -exclude .DS_Store -exclude CVS -exclude .svn -exclude .git -exclude .hg -resolve-src-symlinks -rename /Users/steipete/Library/Developer/Xcode/DerivedData/CodeLooper-crrddjihwjtfkwegrjrymctnfixv/Build/Intermediates.noindex/swift-service-lifecycle.build/Debug/UnixSignals.build/Objects-normal/arm64/UnixSignals.abi.json /Users/steipete/Library/Developer/Xcode/DerivedData/CodeLooper-crrddjihwjtfkwegrjrymctnfixv/Build/Products/Debug/UnixSignals.swiftmodule/arm64-apple-macos.abi.json

Copy /Users/steipete/Library/Developer/Xcode/DerivedData/CodeLooper-crrddjihwjtfkwegrjrymctnfixv/Build/Products/Debug/UnixSignals.swiftmodule/Project/arm64-apple-macos.swiftsourceinfo /Users/steipete/Library/Developer/Xcode/DerivedData/CodeLooper-crrddjihwjtfkwegrjrymctnfixv/Build/Intermediates.noindex/swift-service-lifecycle.build/Debug/UnixSignals.build/Objects-normal/arm64/UnixSignals.swiftsourceinfo (in target 'UnixSignals' from project 'swift-service-lifecycle')
    cd /Users/steipete/Library/Developer/Xcode/DerivedData/CodeLooper-crrddjihwjtfkwegrjrymctnfixv/SourcePackages/checkouts/swift-service-lifecycle
    builtin-copy -exclude .DS_Store -exclude CVS -exclude .svn -exclude .git -exclude .hg -resolve-src-symlinks -rename /Users/steipete/Library/Developer/Xcode/DerivedData/CodeLooper-crrddjihwjtfkwegrjrymctnfixv/Build/Intermediates.noindex/swift-service-lifecycle.build/Debug/UnixSignals.build/Objects-normal/arm64/UnixSignals.swiftsourceinfo /Users/steipete/Library/Developer/Xcode/DerivedData/CodeLooper-crrddjihwjtfkwegrjrymctnfixv/Build/Products/Debug/UnixSignals.swiftmodule/Project/arm64-apple-macos.swiftsourceinfo

Copy /Users/steipete/Library/Developer/Xcode/DerivedData/CodeLooper-crrddjihwjtfkwegrjrymctnfixv/Build/Products/Debug/HeapModule.swiftmodule/arm64-apple-macos.swiftmodule /Users/steipete/Library/Developer/Xcode/DerivedData/CodeLooper-crrddjihwjtfkwegrjrymctnfixv/Build/Intermediates.noindex/swift-collections.build/Debug/HeapModule.build/Objects-normal/arm64/HeapModule.swiftmodule (in target 'HeapModule' from project 'swift-collections')
    cd /Users/steipete/Library/Developer/Xcode/DerivedData/CodeLooper-crrddjihwjtfkwegrjrymctnfixv/SourcePackages/checkouts/swift-collections
    builtin-copy -exclude .DS_Store -exclude CVS -exclude .svn -exclude .git -exclude .hg -resolve-src-symlinks -rename /Users/steipete/Library/Developer/Xcode/DerivedData/CodeLooper-crrddjihwjtfkwegrjrymctnfixv/Build/Intermediates.noindex/swift-collections.build/Debug/HeapModule.build/Objects-normal/arm64/HeapModule.swiftmodule /Users/steipete/Library/Developer/Xcode/DerivedData/CodeLooper-crrddjihwjtfkwegrjrymctnfixv/Build/Products/Debug/HeapModule.swiftmodule/arm64-apple-macos.swiftmodule

Copy /Users/steipete/Library/Developer/Xcode/DerivedData/CodeLooper-crrddjihwjtfkwegrjrymctnfixv/Build/Products/Debug/HeapModule.swiftmodule/arm64-apple-macos.swiftdoc /Users/steipete/Library/Developer/Xcode/DerivedData/CodeLooper-crrddjihwjtfkwegrjrymctnfixv/Build/Intermediates.noindex/swift-collections.build/Debug/HeapModule.build/Objects-normal/arm64/HeapModule.swiftdoc (in target 'HeapModule' from project 'swift-collections')
    cd /Users/steipete/Library/Developer/Xcode/DerivedData/CodeLooper-crrddjihwjtfkwegrjrymctnfixv/SourcePackages/checkouts/swift-collections
    builtin-copy -exclude .DS_Store -exclude CVS -exclude .svn -exclude .git -exclude .hg -resolve-src-symlinks -rename /Users/steipete/Library/Developer/Xcode/DerivedData/CodeLooper-crrddjihwjtfkwegrjrymctnfixv/Build/Intermediates.noindex/swift-collections.build/Debug/HeapModule.build/Objects-normal/arm64/HeapModule.swiftdoc /Users/steipete/Library/Developer/Xcode/DerivedData/CodeLooper-crrddjihwjtfkwegrjrymctnfixv/Build/Products/Debug/HeapModule.swiftmodule/arm64-apple-macos.swiftdoc

SwiftDriverJobDiscovery normal arm64 Compiling Instrument.swift (in target 'Instrumentation' from project 'swift-distributed-tracing')

Copy /Users/steipete/Library/Developer/Xcode/DerivedData/CodeLooper-crrddjihwjtfkwegrjrymctnfixv/Build/Products/Debug/HeapModule.swiftmodule/arm64-apple-macos.abi.json /Users/steipete/Library/Developer/Xcode/DerivedData/CodeLooper-crrddjihwjtfkwegrjrymctnfixv/Build/Intermediates.noindex/swift-collections.build/Debug/HeapModule.build/Objects-normal/arm64/HeapModule.abi.json (in target 'HeapModule' from project 'swift-collections')
    cd /Users/steipete/Library/Developer/Xcode/DerivedData/CodeLooper-crrddjihwjtfkwegrjrymctnfixv/SourcePackages/checkouts/swift-collections
    builtin-copy -exclude .DS_Store -exclude CVS -exclude .svn -exclude .git -exclude .hg -resolve-src-symlinks -rename /Users/steipete/Library/Developer/Xcode/DerivedData/CodeLooper-crrddjihwjtfkwegrjrymctnfixv/Build/Intermediates.noindex/swift-collections.build/Debug/HeapModule.build/Objects-normal/arm64/HeapModule.abi.json /Users/steipete/Library/Developer/Xcode/DerivedData/CodeLooper-crrddjihwjtfkwegrjrymctnfixv/Build/Products/Debug/HeapModule.swiftmodule/arm64-apple-macos.abi.json

Copy /Users/steipete/Library/Developer/Xcode/DerivedData/CodeLooper-crrddjihwjtfkwegrjrymctnfixv/Build/Products/Debug/HeapModule.swiftmodule/Project/arm64-apple-macos.swiftsourceinfo /Users/steipete/Library/Developer/Xcode/DerivedData/CodeLooper-crrddjihwjtfkwegrjrymctnfixv/Build/Intermediates.noindex/swift-collections.build/Debug/HeapModule.build/Objects-normal/arm64/HeapModule.swiftsourceinfo (in target 'HeapModule' from project 'swift-collections')
    cd /Users/steipete/Library/Developer/Xcode/DerivedData/CodeLooper-crrddjihwjtfkwegrjrymctnfixv/SourcePackages/checkouts/swift-collections
    builtin-copy -exclude .DS_Store -exclude CVS -exclude .svn -exclude .git -exclude .hg -resolve-src-symlinks -rename /Users/steipete/Library/Developer/Xcode/DerivedData/CodeLooper-crrddjihwjtfkwegrjrymctnfixv/Build/Intermediates.noindex/swift-collections.build/Debug/HeapModule.build/Objects-normal/arm64/HeapModule.swiftsourceinfo /Users/steipete/Library/Developer/Xcode/DerivedData/CodeLooper-crrddjihwjtfkwegrjrymctnfixv/Build/Products/Debug/HeapModule.swiftmodule/Project/arm64-apple-macos.swiftsourceinfo

SwiftCompile normal arm64 Compiling\ MultiplexInstrument.swift /Users/steipete/Library/Developer/Xcode/DerivedData/CodeLooper-crrddjihwjtfkwegrjrymctnfixv/SourcePackages/checkouts/swift-distributed-tracing/Sources/Instrumentation/MultiplexInstrument.swift (in target 'Instrumentation' from project 'swift-distributed-tracing')

SwiftCompile normal arm64 /Users/steipete/Library/Developer/Xcode/DerivedData/CodeLooper-crrddjihwjtfkwegrjrymctnfixv/SourcePackages/checkouts/swift-distributed-tracing/Sources/Instrumentation/MultiplexInstrument.swift (in target 'Instrumentation' from project 'swift-distributed-tracing')
    cd /Users/steipete/Projects/CodeLooper
    

SwiftDriver\ Compilation HeapModule normal arm64 com.apple.xcode.tools.swift.compiler (in target 'HeapModule' from project 'swift-collections')
    cd /Users/steipete/Projects/CodeLooper
    builtin-Swift-Compilation -- /Applications/Xcode-beta.app/Contents/Developer/Toolchains/XcodeDefault.xctoolchain/usr/bin/swiftc -module-name HeapModule -Onone -enforce-exclusivity\=checked @/Users/steipete/Library/Developer/Xcode/DerivedData/CodeLooper-crrddjihwjtfkwegrjrymctnfixv/Build/Intermediates.noindex/swift-collections.build/Debug/HeapModule.build/Objects-normal/arm64/HeapModule.SwiftFileList -DSWIFT_PACKAGE -DDEBUG -DSWIFT_MODULE_RESOURCE_BUNDLE_UNAVAILABLE -DCOLLECTIONS_RANDOMIZED_TESTING -DXcode -plugin-path /Applications/Xcode-beta.app/Contents/Developer/Toolchains/XcodeDefault.xctoolchain/usr/lib/swift/host/plugins/testing -enable-experimental-feature DebugDescriptionMacro -sdk /Applications/Xcode-beta.app/Contents/Developer/Platforms/MacOSX.platform/Developer/SDKs/MacOSX26.0.sdk -target arm64-apple-macos10.13 -g -module-cache-path /Users/steipete/Library/Developer/Xcode/DerivedData/ModuleCache.noindex -Xfrontend -serialize-debugging-options -profile-coverage-mapping -profile-generate -enable-testing -suppress-warnings -index-store-path /Users/steipete/Library/Developer/Xcode/DerivedData/CodeLooper-crrddjihwjtfkwegrjrymctnfixv/Index.noindex/DataStore -swift-version 5 -I /Users/steipete/Library/Developer/Xcode/DerivedData/CodeLooper-crrddjihwjtfkwegrjrymctnfixv/Build/Products/Debug -I /Applications/Xcode-beta.app/Contents/Developer/Platforms/MacOSX.platform/Developer/usr/lib -F /Users/steipete/Library/Developer/Xcode/DerivedData/CodeLooper-crrddjihwjtfkwegrjrymctnfixv/Build/Products/Debug/PackageFrameworks -F /Users/steipete/Library/Developer/Xcode/DerivedData/CodeLooper-crrddjihwjtfkwegrjrymctnfixv/Build/Products/Debug -F /Applications/Xcode-beta.app/Contents/Developer/Platforms/MacOSX.platform/Developer/Library/Frameworks -c -j16 -enable-batch-mode -incremental -Xcc -ivfsstatcache -Xcc /Users/steipete/Library/Developer/Xcode/DerivedData/SDKStatCaches.noindex/macosx26.0-25A5279m-5d9328ff1a6613a11d359de947506b52.sdkstatcache -output-file-map /Users/steipete/Library/Developer/Xcode/DerivedData/CodeLooper-crrddjihwjtfkwegrjrymctnfixv/Build/Intermediates.noindex/swift-collections.build/Debug/HeapModule.build/Objects-normal/arm64/HeapModule-OutputFileMap.json -use-frontend-parseable-output -save-temps -no-color-diagnostics -explicit-module-build -module-cache-path /Users/steipete/Library/Developer/Xcode/DerivedData/CodeLooper-crrddjihwjtfkwegrjrymctnfixv/Build/Intermediates.noindex/SwiftExplicitPrecompiledModules -clang-scanner-module-cache-path /Users/steipete/Library/Developer/Xcode/DerivedData/ModuleCache.noindex -sdk-module-cache-path /Users/steipete/Library/Developer/Xcode/DerivedData/ModuleCache.noindex -serialize-diagnostics -emit-dependencies -emit-module -emit-module-path /Users/steipete/Library/Developer/Xcode/DerivedData/CodeLooper-crrddjihwjtfkwegrjrymctnfixv/Build/Intermediates.noindex/swift-collections.build/Debug/HeapModule.build/Objects-normal/arm64/HeapModule.swiftmodule -validate-clang-modules-once -clang-build-session-file /Users/steipete/Library/Developer/Xcode/DerivedData/ModuleCache.noindex/Session.modulevalidation -package-name swift_collections -Xcc -I/Users/steipete/Library/Developer/Xcode/DerivedData/CodeLooper-crrddjihwjtfkwegrjrymctnfixv/Build/Intermediates.noindex/swift-collections.build/Debug/HeapModule.build/swift-overrides.hmap -emit-const-values -Xfrontend -const-gather-protocols-file -Xfrontend /Users/steipete/Library/Developer/Xcode/DerivedData/CodeLooper-crrddjihwjtfkwegrjrymctnfixv/Build/Intermediates.noindex/swift-collections.build/Debug/HeapModule.build/Objects-normal/arm64/HeapModule_const_extract_protocols.json -Xcc -I/Users/steipete/Library/Developer/Xcode/DerivedData/CodeLooper-crrddjihwjtfkwegrjrymctnfixv/Build/Products/Debug/include -Xcc -I/Users/steipete/Library/Developer/Xcode/DerivedData/CodeLooper-crrddjihwjtfkwegrjrymctnfixv/Build/Intermediates.noindex/swift-collections.build/Debug/HeapModule.build/DerivedSources-normal/arm64 -Xcc -I/Users/steipete/Library/Developer/Xcode/DerivedData/CodeLooper-crrddjihwjtfkwegrjrymctnfixv/Build/Intermediates.noindex/swift-collections.build/Debug/HeapModule.build/DerivedSources/arm64 -Xcc -I/Users/steipete/Library/Developer/Xcode/DerivedData/CodeLooper-crrddjihwjtfkwegrjrymctnfixv/Build/Intermediates.noindex/swift-collections.build/Debug/HeapModule.build/DerivedSources -Xcc -DSWIFT_PACKAGE -Xcc -DDEBUG\=1 -emit-objc-header -emit-objc-header-path /Users/steipete/Library/Developer/Xcode/DerivedData/CodeLooper-crrddjihwjtfkwegrjrymctnfixv/Build/Intermediates.noindex/swift-collections.build/Debug/HeapModule.build/Objects-normal/arm64/HeapModule-Swift.h -working-directory /Users/steipete/Projects/CodeLooper -experimental-emit-module-separately -disable-cmo

Ld /Users/steipete/Library/Developer/Xcode/DerivedData/CodeLooper-crrddjihwjtfkwegrjrymctnfixv/Build/Products/Debug/HeapModule.o normal (in target 'HeapModule' from project 'swift-collections')
    cd /Users/steipete/Library/Developer/Xcode/DerivedData/CodeLooper-crrddjihwjtfkwegrjrymctnfixv/SourcePackages/checkouts/swift-collections
    /Applications/Xcode-beta.app/Contents/Developer/Toolchains/XcodeDefault.xctoolchain/usr/bin/clang -Xlinker -reproducible -target arm64-apple-macos10.13 -r -isysroot /Applications/Xcode-beta.app/Contents/Developer/Platforms/MacOSX.platform/Developer/SDKs/MacOSX26.0.sdk -O0 -w -L/Users/steipete/Library/Developer/Xcode/DerivedData/CodeLooper-crrddjihwjtfkwegrjrymctnfixv/Build/Intermediates.noindex/EagerLinkingTBDs/Debug -L/Users/steipete/Library/Developer/Xcode/DerivedData/CodeLooper-crrddjihwjtfkwegrjrymctnfixv/Build/Products/Debug -L/Applications/Xcode-beta.app/Contents/Developer/Platforms/MacOSX.platform/Developer/usr/lib -F/Users/steipete/Library/Developer/Xcode/DerivedData/CodeLooper-crrddjihwjtfkwegrjrymctnfixv/Build/Intermediates.noindex/EagerLinkingTBDs/Debug -F/Users/steipete/Library/Developer/Xcode/DerivedData/CodeLooper-crrddjihwjtfkwegrjrymctnfixv/Build/Products/Debug/PackageFrameworks -F/Users/steipete/Library/Developer/Xcode/DerivedData/CodeLooper-crrddjihwjtfkwegrjrymctnfixv/Build/Products/Debug -iframework /Applications/Xcode-beta.app/Contents/Developer/Platforms/MacOSX.platform/Developer/Library/Frameworks -filelist /Users/steipete/Library/Developer/Xcode/DerivedData/CodeLooper-crrddjihwjtfkwegrjrymctnfixv/Build/Intermediates.noindex/swift-collections.build/Debug/HeapModule.build/Objects-normal/arm64/HeapModule.LinkFileList -nostdlib -Xlinker -object_path_lto -Xlinker /Users/steipete/Library/Developer/Xcode/DerivedData/CodeLooper-crrddjihwjtfkwegrjrymctnfixv/Build/Intermediates.noindex/swift-collections.build/Debug/HeapModule.build/Objects-normal/arm64/HeapModule_lto.o -rdynamic -Xlinker -no_deduplicate -Xlinker -debug_variant -Xlinker -dependency_info -Xlinker /Users/steipete/Library/Developer/Xcode/DerivedData/CodeLooper-crrddjihwjtfkwegrjrymctnfixv/Build/Intermediates.noindex/swift-collections.build/Debug/HeapModule.build/Objects-normal/arm64/HeapModule_dependency_info.dat -fobjc-link-runtime -L/Applications/Xcode-beta.app/Contents/Developer/Toolchains/XcodeDefault.xctoolchain/usr/lib/swift/macosx -L/usr/lib/swift -Xlinker -add_ast_path -Xlinker /Users/steipete/Library/Developer/Xcode/DerivedData/CodeLooper-crrddjihwjtfkwegrjrymctnfixv/Build/Intermediates.noindex/swift-collections.build/Debug/HeapModule.build/Objects-normal/arm64/HeapModule.swiftmodule @/Users/steipete/Library/Developer/Xcode/DerivedData/CodeLooper-crrddjihwjtfkwegrjrymctnfixv/Build/Intermediates.noindex/swift-collections.build/Debug/HeapModule.build/Objects-normal/arm64/HeapModule-linker-args.resp -o /Users/steipete/Library/Developer/Xcode/DerivedData/CodeLooper-crrddjihwjtfkwegrjrymctnfixv/Build/Products/Debug/HeapModule.o

SwiftDriverJobDiscovery normal arm64 Compiling NoOpInstrument.swift (in target 'Instrumentation' from project 'swift-distributed-tracing')

SwiftDriverJobDiscovery normal arm64 Emitting module for Instrumentation (in target 'Instrumentation' from project 'swift-distributed-tracing')

ExtractAppIntentsMetadata (in target 'Atomics' from project 'swift-atomics')
    cd /Users/steipete/Library/Developer/Xcode/DerivedData/CodeLooper-crrddjihwjtfkwegrjrymctnfixv/SourcePackages/checkouts/swift-atomics
    /Applications/Xcode-beta.app/Contents/Developer/Toolchains/XcodeDefault.xctoolchain/usr/bin/appintentsmetadataprocessor --toolchain-dir /Applications/Xcode-beta.app/Contents/Developer/Toolchains/XcodeDefault.xctoolchain --module-name Atomics --sdk-root /Applications/Xcode-beta.app/Contents/Developer/Platforms/MacOSX.platform/Developer/SDKs/MacOSX26.0.sdk --xcode-version 17A5241e --platform-family macOS --deployment-target 10.13 --bundle-identifier swift-atomics.Atomics --output /Users/steipete/Library/Developer/Xcode/DerivedData/CodeLooper-crrddjihwjtfkwegrjrymctnfixv/Build/Products/Debug/Atomics.appintents --target-triple arm64-apple-macos10.13 --binary-file /Users/steipete/Library/Developer/Xcode/DerivedData/CodeLooper-crrddjihwjtfkwegrjrymctnfixv/Build/Products/Debug/Atomics.o --dependency-file /Users/steipete/Library/Developer/Xcode/DerivedData/CodeLooper-crrddjihwjtfkwegrjrymctnfixv/Build/Intermediates.noindex/swift-atomics.build/Debug/Atomics.build/Objects-normal/arm64/Atomics_dependency_info.dat --stringsdata-file /Users/steipete/Library/Developer/Xcode/DerivedData/CodeLooper-crrddjihwjtfkwegrjrymctnfixv/Build/Intermediates.noindex/swift-atomics.build/Debug/Atomics.build/Objects-normal/arm64/ExtractedAppShortcutsMetadata.stringsdata --source-file-list /Users/steipete/Library/Developer/Xcode/DerivedData/CodeLooper-crrddjihwjtfkwegrjrymctnfixv/Build/Intermediates.noindex/swift-atomics.build/Debug/Atomics.build/Objects-normal/arm64/Atomics.SwiftFileList --metadata-file-list /Users/steipete/Library/Developer/Xcode/DerivedData/CodeLooper-crrddjihwjtfkwegrjrymctnfixv/Build/Intermediates.noindex/swift-atomics.build/Debug/Atomics.build/Atomics.DependencyMetadataFileList --static-metadata-file-list /Users/steipete/Library/Developer/Xcode/DerivedData/CodeLooper-crrddjihwjtfkwegrjrymctnfixv/Build/Intermediates.noindex/swift-atomics.build/Debug/Atomics.build/Atomics.DependencyStaticMetadataFileList --swift-const-vals-list /Users/steipete/Library/Developer/Xcode/DerivedData/CodeLooper-crrddjihwjtfkwegrjrymctnfixv/Build/Intermediates.noindex/swift-atomics.build/Debug/Atomics.build/Objects-normal/arm64/Atomics.SwiftConstValuesFileList --force --compile-time-extraction --deployment-aware-processing --validate-assistant-intents --no-app-shortcuts-localization
2025-06-10 00:10:33.482 appintentsmetadataprocessor[98405:11265910] Starting appintentsmetadataprocessor export
2025-06-10 00:10:33.512 appintentsmetadataprocessor[98405:11265910] Extracted no relevant App Intents symbols, skipping writing output

SwiftDriver\ Compilation\ Requirements Instrumentation normal arm64 com.apple.xcode.tools.swift.compiler (in target 'Instrumentation' from project 'swift-distributed-tracing')
    cd /Users/steipete/Projects/CodeLooper
    builtin-Swift-Compilation-Requirements -- /Applications/Xcode-beta.app/Contents/Developer/Toolchains/XcodeDefault.xctoolchain/usr/bin/swiftc -module-name Instrumentation -Onone -enforce-exclusivity\=checked @/Users/steipete/Library/Developer/Xcode/DerivedData/CodeLooper-crrddjihwjtfkwegrjrymctnfixv/Build/Intermediates.noindex/swift-distributed-tracing.build/Debug/Instrumentation.build/Objects-normal/arm64/Instrumentation.SwiftFileList -DSWIFT_PACKAGE -DDEBUG -DSWIFT_MODULE_RESOURCE_BUNDLE_UNAVAILABLE -DXcode -enable-experimental-feature StrictConcurrency\=complete -plugin-path /Applications/Xcode-beta.app/Contents/Developer/Toolchains/XcodeDefault.xctoolchain/usr/lib/swift/host/plugins/testing -enable-experimental-feature DebugDescriptionMacro -sdk /Applications/Xcode-beta.app/Contents/Developer/Platforms/MacOSX.platform/Developer/SDKs/MacOSX26.0.sdk -target arm64-apple-macos10.13 -g -module-cache-path /Users/steipete/Library/Developer/Xcode/DerivedData/ModuleCache.noindex -Xfrontend -serialize-debugging-options -profile-coverage-mapping -profile-generate -enable-testing -suppress-warnings -index-store-path /Users/steipete/Library/Developer/Xcode/DerivedData/CodeLooper-crrddjihwjtfkwegrjrymctnfixv/Index.noindex/DataStore -swift-version 5 -I /Users/steipete/Library/Developer/Xcode/DerivedData/CodeLooper-crrddjihwjtfkwegrjrymctnfixv/Build/Products/Debug -I /Applications/Xcode-beta.app/Contents/Developer/Platforms/MacOSX.platform/Developer/usr/lib -F /Users/steipete/Library/Developer/Xcode/DerivedData/CodeLooper-crrddjihwjtfkwegrjrymctnfixv/Build/Products/Debug/PackageFrameworks -F /Users/steipete/Library/Developer/Xcode/DerivedData/CodeLooper-crrddjihwjtfkwegrjrymctnfixv/Build/Products/Debug -F /Applications/Xcode-beta.app/Contents/Developer/Platforms/MacOSX.platform/Developer/Library/Frameworks -c -j16 -enable-batch-mode -incremental -Xcc -ivfsstatcache -Xcc /Users/steipete/Library/Developer/Xcode/DerivedData/SDKStatCaches.noindex/macosx26.0-25A5279m-5d9328ff1a6613a11d359de947506b52.sdkstatcache -output-file-map /Users/steipete/Library/Developer/Xcode/DerivedData/CodeLooper-crrddjihwjtfkwegrjrymctnfixv/Build/Intermediates.noindex/swift-distributed-tracing.build/Debug/Instrumentation.build/Objects-normal/arm64/Instrumentation-OutputFileMap.json -use-frontend-parseable-output -save-temps -no-color-diagnostics -explicit-module-build -module-cache-path /Users/steipete/Library/Developer/Xcode/DerivedData/CodeLooper-crrddjihwjtfkwegrjrymctnfixv/Build/Intermediates.noindex/SwiftExplicitPrecompiledModules -clang-scanner-module-cache-path /Users/steipete/Library/Developer/Xcode/DerivedData/ModuleCache.noindex -sdk-module-cache-path /Users/steipete/Library/Developer/Xcode/DerivedData/ModuleCache.noindex -serialize-diagnostics -emit-dependencies -emit-module -emit-module-path /Users/steipete/Library/Developer/Xcode/DerivedData/CodeLooper-crrddjihwjtfkwegrjrymctnfixv/Build/Intermediates.noindex/swift-distributed-tracing.build/Debug/Instrumentation.build/Objects-normal/arm64/Instrumentation.swiftmodule -validate-clang-modules-once -clang-build-session-file /Users/steipete/Library/Developer/Xcode/DerivedData/ModuleCache.noindex/Session.modulevalidation -package-name swift_distributed_tracing -Xcc -I/Users/steipete/Library/Developer/Xcode/DerivedData/CodeLooper-crrddjihwjtfkwegrjrymctnfixv/Build/Intermediates.noindex/swift-distributed-tracing.build/Debug/Instrumentation.build/swift-overrides.hmap -emit-const-values -Xfrontend -const-gather-protocols-file -Xfrontend /Users/steipete/Library/Developer/Xcode/DerivedData/CodeLooper-crrddjihwjtfkwegrjrymctnfixv/Build/Intermediates.noindex/swift-distributed-tracing.build/Debug/Instrumentation.build/Objects-normal/arm64/Instrumentation_const_extract_protocols.json -Xcc -I/Users/steipete/Library/Developer/Xcode/DerivedData/CodeLooper-crrddjihwjtfkwegrjrymctnfixv/Build/Products/Debug/include -Xcc -I/Users/steipete/Library/Developer/Xcode/DerivedData/CodeLooper-crrddjihwjtfkwegrjrymctnfixv/Build/Intermediates.noindex/swift-distributed-tracing.build/Debug/Instrumentation.build/DerivedSources-normal/arm64 -Xcc -I/Users/steipete/Library/Developer/Xcode/DerivedData/CodeLooper-crrddjihwjtfkwegrjrymctnfixv/Build/Intermediates.noindex/swift-distributed-tracing.build/Debug/Instrumentation.build/DerivedSources/arm64 -Xcc -I/Users/steipete/Library/Developer/Xcode/DerivedData/CodeLooper-crrddjihwjtfkwegrjrymctnfixv/Build/Intermediates.noindex/swift-distributed-tracing.build/Debug/Instrumentation.build/DerivedSources -Xcc -DSWIFT_PACKAGE -Xcc -DDEBUG\=1 -emit-objc-header -emit-objc-header-path /Users/steipete/Library/Developer/Xcode/DerivedData/CodeLooper-crrddjihwjtfkwegrjrymctnfixv/Build/Intermediates.noindex/swift-distributed-tracing.build/Debug/Instrumentation.build/Objects-normal/arm64/Instrumentation-Swift.h -working-directory /Users/steipete/Projects/CodeLooper -experimental-emit-module-separately -disable-cmo

SwiftMergeGeneratedHeaders /Users/steipete/Library/Developer/Xcode/DerivedData/CodeLooper-crrddjihwjtfkwegrjrymctnfixv/Build/Intermediates.noindex/GeneratedModuleMaps/Instrumentation-Swift.h /Users/steipete/Library/Developer/Xcode/DerivedData/CodeLooper-crrddjihwjtfkwegrjrymctnfixv/Build/Intermediates.noindex/swift-distributed-tracing.build/Debug/Instrumentation.build/Objects-normal/arm64/Instrumentation-Swift.h (in target 'Instrumentation' from project 'swift-distributed-tracing')
    cd /Users/steipete/Library/Developer/Xcode/DerivedData/CodeLooper-crrddjihwjtfkwegrjrymctnfixv/SourcePackages/checkouts/swift-distributed-tracing
    builtin-swiftHeaderTool -arch arm64 /Users/steipete/Library/Developer/Xcode/DerivedData/CodeLooper-crrddjihwjtfkwegrjrymctnfixv/Build/Intermediates.noindex/swift-distributed-tracing.build/Debug/Instrumentation.build/Objects-normal/arm64/Instrumentation-Swift.h -o /Users/steipete/Library/Developer/Xcode/DerivedData/CodeLooper-crrddjihwjtfkwegrjrymctnfixv/Build/Intermediates.noindex/GeneratedModuleMaps/Instrumentation-Swift.h

Copy /Users/steipete/Library/Developer/Xcode/DerivedData/CodeLooper-crrddjihwjtfkwegrjrymctnfixv/Build/Products/Debug/Instrumentation.swiftmodule/arm64-apple-macos.swiftmodule /Users/steipete/Library/Developer/Xcode/DerivedData/CodeLooper-crrddjihwjtfkwegrjrymctnfixv/Build/Intermediates.noindex/swift-distributed-tracing.build/Debug/Instrumentation.build/Objects-normal/arm64/Instrumentation.swiftmodule (in target 'Instrumentation' from project 'swift-distributed-tracing')
    cd /Users/steipete/Library/Developer/Xcode/DerivedData/CodeLooper-crrddjihwjtfkwegrjrymctnfixv/SourcePackages/checkouts/swift-distributed-tracing
    builtin-copy -exclude .DS_Store -exclude CVS -exclude .svn -exclude .git -exclude .hg -resolve-src-symlinks -rename /Users/steipete/Library/Developer/Xcode/DerivedData/CodeLooper-crrddjihwjtfkwegrjrymctnfixv/Build/Intermediates.noindex/swift-distributed-tracing.build/Debug/Instrumentation.build/Objects-normal/arm64/Instrumentation.swiftmodule /Users/steipete/Library/Developer/Xcode/DerivedData/CodeLooper-crrddjihwjtfkwegrjrymctnfixv/Build/Products/Debug/Instrumentation.swiftmodule/arm64-apple-macos.swiftmodule

Copy /Users/steipete/Library/Developer/Xcode/DerivedData/CodeLooper-crrddjihwjtfkwegrjrymctnfixv/Build/Products/Debug/Instrumentation.swiftmodule/arm64-apple-macos.swiftdoc /Users/steipete/Library/Developer/Xcode/DerivedData/CodeLooper-crrddjihwjtfkwegrjrymctnfixv/Build/Intermediates.noindex/swift-distributed-tracing.build/Debug/Instrumentation.build/Objects-normal/arm64/Instrumentation.swiftdoc (in target 'Instrumentation' from project 'swift-distributed-tracing')
    cd /Users/steipete/Library/Developer/Xcode/DerivedData/CodeLooper-crrddjihwjtfkwegrjrymctnfixv/SourcePackages/checkouts/swift-distributed-tracing
    builtin-copy -exclude .DS_Store -exclude CVS -exclude .svn -exclude .git -exclude .hg -resolve-src-symlinks -rename /Users/steipete/Library/Developer/Xcode/DerivedData/CodeLooper-crrddjihwjtfkwegrjrymctnfixv/Build/Intermediates.noindex/swift-distributed-tracing.build/Debug/Instrumentation.build/Objects-normal/arm64/Instrumentation.swiftdoc /Users/steipete/Library/Developer/Xcode/DerivedData/CodeLooper-crrddjihwjtfkwegrjrymctnfixv/Build/Products/Debug/Instrumentation.swiftmodule/arm64-apple-macos.swiftdoc

Copy /Users/steipete/Library/Developer/Xcode/DerivedData/CodeLooper-crrddjihwjtfkwegrjrymctnfixv/Build/Products/Debug/Instrumentation.swiftmodule/arm64-apple-macos.abi.json /Users/steipete/Library/Developer/Xcode/DerivedData/CodeLooper-crrddjihwjtfkwegrjrymctnfixv/Build/Intermediates.noindex/swift-distributed-tracing.build/Debug/Instrumentation.build/Objects-normal/arm64/Instrumentation.abi.json (in target 'Instrumentation' from project 'swift-distributed-tracing')
    cd /Users/steipete/Library/Developer/Xcode/DerivedData/CodeLooper-crrddjihwjtfkwegrjrymctnfixv/SourcePackages/checkouts/swift-distributed-tracing
    builtin-copy -exclude .DS_Store -exclude CVS -exclude .svn -exclude .git -exclude .hg -resolve-src-symlinks -rename /Users/steipete/Library/Developer/Xcode/DerivedData/CodeLooper-crrddjihwjtfkwegrjrymctnfixv/Build/Intermediates.noindex/swift-distributed-tracing.build/Debug/Instrumentation.build/Objects-normal/arm64/Instrumentation.abi.json /Users/steipete/Library/Developer/Xcode/DerivedData/CodeLooper-crrddjihwjtfkwegrjrymctnfixv/Build/Products/Debug/Instrumentation.swiftmodule/arm64-apple-macos.abi.json

Copy /Users/steipete/Library/Developer/Xcode/DerivedData/CodeLooper-crrddjihwjtfkwegrjrymctnfixv/Build/Products/Debug/Instrumentation.swiftmodule/Project/arm64-apple-macos.swiftsourceinfo /Users/steipete/Library/Developer/Xcode/DerivedData/CodeLooper-crrddjihwjtfkwegrjrymctnfixv/Build/Intermediates.noindex/swift-distributed-tracing.build/Debug/Instrumentation.build/Objects-normal/arm64/Instrumentation.swiftsourceinfo (in target 'Instrumentation' from project 'swift-distributed-tracing')
    cd /Users/steipete/Library/Developer/Xcode/DerivedData/CodeLooper-crrddjihwjtfkwegrjrymctnfixv/SourcePackages/checkouts/swift-distributed-tracing
    builtin-copy -exclude .DS_Store -exclude CVS -exclude .svn -exclude .git -exclude .hg -resolve-src-symlinks -rename /Users/steipete/Library/Developer/Xcode/DerivedData/CodeLooper-crrddjihwjtfkwegrjrymctnfixv/Build/Intermediates.noindex/swift-distributed-tracing.build/Debug/Instrumentation.build/Objects-normal/arm64/Instrumentation.swiftsourceinfo /Users/steipete/Library/Developer/Xcode/DerivedData/CodeLooper-crrddjihwjtfkwegrjrymctnfixv/Build/Products/Debug/Instrumentation.swiftmodule/Project/arm64-apple-macos.swiftsourceinfo

RegisterExecutionPolicyException /Users/steipete/Library/Developer/Xcode/DerivedData/CodeLooper-crrddjihwjtfkwegrjrymctnfixv/Build/Products/Debug/NIOConcurrencyHelpers.o (in target 'NIOConcurrencyHelpers' from project 'swift-nio')
    cd /Users/steipete/Library/Developer/Xcode/DerivedData/CodeLooper-crrddjihwjtfkwegrjrymctnfixv/SourcePackages/checkouts/swift-nio
    builtin-RegisterExecutionPolicyException /Users/steipete/Library/Developer/Xcode/DerivedData/CodeLooper-crrddjihwjtfkwegrjrymctnfixv/Build/Products/Debug/NIOConcurrencyHelpers.o

SwiftDriverJobDiscovery normal arm64 Compiling UnixSignal.swift (in target 'UnixSignals' from project 'swift-service-lifecycle')

SwiftEmitModule normal arm64 Emitting\ module\ for\ DequeModule (in target 'DequeModule' from project 'swift-collections')

EmitSwiftModule normal arm64 (in target 'DequeModule' from project 'swift-collections')
    cd /Users/steipete/Projects/CodeLooper
    

SwiftCompile normal arm64 Compiling\ Deque+Extras.swift /Users/steipete/Library/Developer/Xcode/DerivedData/CodeLooper-crrddjihwjtfkwegrjrymctnfixv/SourcePackages/checkouts/swift-collections/Sources/DequeModule/Deque+Extras.swift (in target 'DequeModule' from project 'swift-collections')

SwiftCompile normal arm64 /Users/steipete/Library/Developer/Xcode/DerivedData/CodeLooper-crrddjihwjtfkwegrjrymctnfixv/SourcePackages/checkouts/swift-collections/Sources/DequeModule/Deque+Extras.swift (in target 'DequeModule' from project 'swift-collections')
    cd /Users/steipete/Projects/CodeLooper
    

SwiftCompile normal arm64 Compiling\ Deque+Descriptions.swift /Users/steipete/Library/Developer/Xcode/DerivedData/CodeLooper-crrddjihwjtfkwegrjrymctnfixv/SourcePackages/checkouts/swift-collections/Sources/DequeModule/Deque+Descriptions.swift (in target 'DequeModule' from project 'swift-collections')

SwiftCompile normal arm64 /Users/steipete/Library/Developer/Xcode/DerivedData/CodeLooper-crrddjihwjtfkwegrjrymctnfixv/SourcePackages/checkouts/swift-collections/Sources/DequeModule/Deque+Descriptions.swift (in target 'DequeModule' from project 'swift-collections')
    cd /Users/steipete/Projects/CodeLooper
    

SwiftCompile normal arm64 Compiling\ Deque+CustomReflectable.swift /Users/steipete/Library/Developer/Xcode/DerivedData/CodeLooper-crrddjihwjtfkwegrjrymctnfixv/SourcePackages/checkouts/swift-collections/Sources/DequeModule/Deque+CustomReflectable.swift (in target 'DequeModule' from project 'swift-collections')

SwiftCompile normal arm64 /Users/steipete/Library/Developer/Xcode/DerivedData/CodeLooper-crrddjihwjtfkwegrjrymctnfixv/SourcePackages/checkouts/swift-collections/Sources/DequeModule/Deque+CustomReflectable.swift (in target 'DequeModule' from project 'swift-collections')
    cd /Users/steipete/Projects/CodeLooper
    

SwiftDriverJobDiscovery normal arm64 Compiling InstrumentationSystem.swift (in target 'Instrumentation' from project 'swift-distributed-tracing')

SwiftCompile normal arm64 Compiling\ Deque+Hashable.swift /Users/steipete/Library/Developer/Xcode/DerivedData/CodeLooper-crrddjihwjtfkwegrjrymctnfixv/SourcePackages/checkouts/swift-collections/Sources/DequeModule/Deque+Hashable.swift (in target 'DequeModule' from project 'swift-collections')

SwiftCompile normal arm64 /Users/steipete/Library/Developer/Xcode/DerivedData/CodeLooper-crrddjihwjtfkwegrjrymctnfixv/SourcePackages/checkouts/swift-collections/Sources/DequeModule/Deque+Hashable.swift (in target 'DequeModule' from project 'swift-collections')
    cd /Users/steipete/Projects/CodeLooper
    

SwiftCompile normal arm64 Compiling\ Deque+Equatable.swift /Users/steipete/Library/Developer/Xcode/DerivedData/CodeLooper-crrddjihwjtfkwegrjrymctnfixv/SourcePackages/checkouts/swift-collections/Sources/DequeModule/Deque+Equatable.swift (in target 'DequeModule' from project 'swift-collections')

SwiftCompile normal arm64 /Users/steipete/Library/Developer/Xcode/DerivedData/CodeLooper-crrddjihwjtfkwegrjrymctnfixv/SourcePackages/checkouts/swift-collections/Sources/DequeModule/Deque+Equatable.swift (in target 'DequeModule' from project 'swift-collections')
    cd /Users/steipete/Projects/CodeLooper
    

SwiftDriverJobDiscovery normal arm64 Compiling Locks.swift (in target 'Instrumentation' from project 'swift-distributed-tracing')

SwiftCompile normal arm64 Compiling\ _DequeBufferHeader.swift /Users/steipete/Library/Developer/Xcode/DerivedData/CodeLooper-crrddjihwjtfkwegrjrymctnfixv/SourcePackages/checkouts/swift-collections/Sources/DequeModule/_DequeBufferHeader.swift (in target 'DequeModule' from project 'swift-collections')

SwiftCompile normal arm64 /Users/steipete/Library/Developer/Xcode/DerivedData/CodeLooper-crrddjihwjtfkwegrjrymctnfixv/SourcePackages/checkouts/swift-collections/Sources/DequeModule/_DequeBufferHeader.swift (in target 'DequeModule' from project 'swift-collections')
    cd /Users/steipete/Projects/CodeLooper
    

SwiftEmitModule normal arm64 Emitting\ module\ for\ Metrics (in target 'Metrics' from project 'swift-metrics')

SwiftCompile normal arm64 /Users/steipete/Library/Developer/Xcode/DerivedData/CodeLooper-crrddjihwjtfkwegrjrymctnfixv/SourcePackages/checkouts/swift-metrics/Sources/Metrics/Metrics.swift (in target 'Metrics' from project 'swift-metrics')
    cd /Users/steipete/Projects/CodeLooper
    

SwiftCompile normal arm64 Compiling\ Metrics.swift /Users/steipete/Library/Developer/Xcode/DerivedData/CodeLooper-crrddjihwjtfkwegrjrymctnfixv/SourcePackages/checkouts/swift-metrics/Sources/Metrics/Metrics.swift (in target 'Metrics' from project 'swift-metrics')

SwiftCompile normal arm64 /Users/steipete/Library/Developer/Xcode/DerivedData/CodeLooper-crrddjihwjtfkwegrjrymctnfixv/SourcePackages/checkouts/swift-metrics/Sources/Metrics/Metrics.swift (in target 'Metrics' from project 'swift-metrics')
    cd /Users/steipete/Projects/CodeLooper
    

SwiftDriverJobDiscovery normal arm64 Compiling MultiplexInstrument.swift (in target 'Instrumentation' from project 'swift-distributed-tracing')

SwiftDriver\ Compilation Instrumentation normal arm64 com.apple.xcode.tools.swift.compiler (in target 'Instrumentation' from project 'swift-distributed-tracing')
    cd /Users/steipete/Projects/CodeLooper
    builtin-Swift-Compilation -- /Applications/Xcode-beta.app/Contents/Developer/Toolchains/XcodeDefault.xctoolchain/usr/bin/swiftc -module-name Instrumentation -Onone -enforce-exclusivity\=checked @/Users/steipete/Library/Developer/Xcode/DerivedData/CodeLooper-crrddjihwjtfkwegrjrymctnfixv/Build/Intermediates.noindex/swift-distributed-tracing.build/Debug/Instrumentation.build/Objects-normal/arm64/Instrumentation.SwiftFileList -DSWIFT_PACKAGE -DDEBUG -DSWIFT_MODULE_RESOURCE_BUNDLE_UNAVAILABLE -DXcode -enable-experimental-feature StrictConcurrency\=complete -plugin-path /Applications/Xcode-beta.app/Contents/Developer/Toolchains/XcodeDefault.xctoolchain/usr/lib/swift/host/plugins/testing -enable-experimental-feature DebugDescriptionMacro -sdk /Applications/Xcode-beta.app/Contents/Developer/Platforms/MacOSX.platform/Developer/SDKs/MacOSX26.0.sdk -target arm64-apple-macos10.13 -g -module-cache-path /Users/steipete/Library/Developer/Xcode/DerivedData/ModuleCache.noindex -Xfrontend -serialize-debugging-options -profile-coverage-mapping -profile-generate -enable-testing -suppress-warnings -index-store-path /Users/steipete/Library/Developer/Xcode/DerivedData/CodeLooper-crrddjihwjtfkwegrjrymctnfixv/Index.noindex/DataStore -swift-version 5 -I /Users/steipete/Library/Developer/Xcode/DerivedData/CodeLooper-crrddjihwjtfkwegrjrymctnfixv/Build/Products/Debug -I /Applications/Xcode-beta.app/Contents/Developer/Platforms/MacOSX.platform/Developer/usr/lib -F /Users/steipete/Library/Developer/Xcode/DerivedData/CodeLooper-crrddjihwjtfkwegrjrymctnfixv/Build/Products/Debug/PackageFrameworks -F /Users/steipete/Library/Developer/Xcode/DerivedData/CodeLooper-crrddjihwjtfkwegrjrymctnfixv/Build/Products/Debug -F /Applications/Xcode-beta.app/Contents/Developer/Platforms/MacOSX.platform/Developer/Library/Frameworks -c -j16 -enable-batch-mode -incremental -Xcc -ivfsstatcache -Xcc /Users/steipete/Library/Developer/Xcode/DerivedData/SDKStatCaches.noindex/macosx26.0-25A5279m-5d9328ff1a6613a11d359de947506b52.sdkstatcache -output-file-map /Users/steipete/Library/Developer/Xcode/DerivedData/CodeLooper-crrddjihwjtfkwegrjrymctnfixv/Build/Intermediates.noindex/swift-distributed-tracing.build/Debug/Instrumentation.build/Objects-normal/arm64/Instrumentation-OutputFileMap.json -use-frontend-parseable-output -save-temps -no-color-diagnostics -explicit-module-build -module-cache-path /Users/steipete/Library/Developer/Xcode/DerivedData/CodeLooper-crrddjihwjtfkwegrjrymctnfixv/Build/Intermediates.noindex/SwiftExplicitPrecompiledModules -clang-scanner-module-cache-path /Users/steipete/Library/Developer/Xcode/DerivedData/ModuleCache.noindex -sdk-module-cache-path /Users/steipete/Library/Developer/Xcode/DerivedData/ModuleCache.noindex -serialize-diagnostics -emit-dependencies -emit-module -emit-module-path /Users/steipete/Library/Developer/Xcode/DerivedData/CodeLooper-crrddjihwjtfkwegrjrymctnfixv/Build/Intermediates.noindex/swift-distributed-tracing.build/Debug/Instrumentation.build/Objects-normal/arm64/Instrumentation.swiftmodule -validate-clang-modules-once -clang-build-session-file /Users/steipete/Library/Developer/Xcode/DerivedData/ModuleCache.noindex/Session.modulevalidation -package-name swift_distributed_tracing -Xcc -I/Users/steipete/Library/Developer/Xcode/DerivedData/CodeLooper-crrddjihwjtfkwegrjrymctnfixv/Build/Intermediates.noindex/swift-distributed-tracing.build/Debug/Instrumentation.build/swift-overrides.hmap -emit-const-values -Xfrontend -const-gather-protocols-file -Xfrontend /Users/steipete/Library/Developer/Xcode/DerivedData/CodeLooper-crrddjihwjtfkwegrjrymctnfixv/Build/Intermediates.noindex/swift-distributed-tracing.build/Debug/Instrumentation.build/Objects-normal/arm64/Instrumentation_const_extract_protocols.json -Xcc -I/Users/steipete/Library/Developer/Xcode/DerivedData/CodeLooper-crrddjihwjtfkwegrjrymctnfixv/Build/Products/Debug/include -Xcc -I/Users/steipete/Library/Developer/Xcode/DerivedData/CodeLooper-crrddjihwjtfkwegrjrymctnfixv/Build/Intermediates.noindex/swift-distributed-tracing.build/Debug/Instrumentation.build/DerivedSources-normal/arm64 -Xcc -I/Users/steipete/Library/Developer/Xcode/DerivedData/CodeLooper-crrddjihwjtfkwegrjrymctnfixv/Build/Intermediates.noindex/swift-distributed-tracing.build/Debug/Instrumentation.build/DerivedSources/arm64 -Xcc -I/Users/steipete/Library/Developer/Xcode/DerivedData/CodeLooper-crrddjihwjtfkwegrjrymctnfixv/Build/Intermediates.noindex/swift-distributed-tracing.build/Debug/Instrumentation.build/DerivedSources -Xcc -DSWIFT_PACKAGE -Xcc -DDEBUG\=1 -emit-objc-header -emit-objc-header-path /Users/steipete/Library/Developer/Xcode/DerivedData/CodeLooper-crrddjihwjtfkwegrjrymctnfixv/Build/Intermediates.noindex/swift-distributed-tracing.build/Debug/Instrumentation.build/Objects-normal/arm64/Instrumentation-Swift.h -working-directory /Users/steipete/Projects/CodeLooper -experimental-emit-module-separately -disable-cmo

SwiftDriverJobDiscovery normal arm64 Compiling Deque+CustomReflectable.swift (in target 'DequeModule' from project 'swift-collections')

SwiftCompile normal arm64 Compiling\ Deque+Collection.swift /Users/steipete/Library/Developer/Xcode/DerivedData/CodeLooper-crrddjihwjtfkwegrjrymctnfixv/SourcePackages/checkouts/swift-collections/Sources/DequeModule/Deque+Collection.swift (in target 'DequeModule' from project 'swift-collections')

SwiftCompile normal arm64 /Users/steipete/Library/Developer/Xcode/DerivedData/CodeLooper-crrddjihwjtfkwegrjrymctnfixv/SourcePackages/checkouts/swift-collections/Sources/DequeModule/Deque+Collection.swift (in target 'DequeModule' from project 'swift-collections')
    cd /Users/steipete/Projects/CodeLooper
    

SwiftCompile normal arm64 Compiling\ _UnsafeWrappedBuffer.swift /Users/steipete/Library/Developer/Xcode/DerivedData/CodeLooper-crrddjihwjtfkwegrjrymctnfixv/SourcePackages/checkouts/swift-collections/Sources/DequeModule/_UnsafeWrappedBuffer.swift (in target 'DequeModule' from project 'swift-collections')

SwiftCompile normal arm64 /Users/steipete/Library/Developer/Xcode/DerivedData/CodeLooper-crrddjihwjtfkwegrjrymctnfixv/SourcePackages/checkouts/swift-collections/Sources/DequeModule/_UnsafeWrappedBuffer.swift (in target 'DequeModule' from project 'swift-collections')
    cd /Users/steipete/Projects/CodeLooper
    

SwiftCompile normal arm64 Compiling\ Deque.swift /Users/steipete/Library/Developer/Xcode/DerivedData/CodeLooper-crrddjihwjtfkwegrjrymctnfixv/SourcePackages/checkouts/swift-collections/Sources/DequeModule/Deque.swift (in target 'DequeModule' from project 'swift-collections')

SwiftCompile normal arm64 /Users/steipete/Library/Developer/Xcode/DerivedData/CodeLooper-crrddjihwjtfkwegrjrymctnfixv/SourcePackages/checkouts/swift-collections/Sources/DequeModule/Deque.swift (in target 'DequeModule' from project 'swift-collections')
    cd /Users/steipete/Projects/CodeLooper
    

SwiftDriverJobDiscovery normal arm64 Compiling Deque+Descriptions.swift (in target 'DequeModule' from project 'swift-collections')

SwiftCompile normal arm64 Compiling\ _DequeBuffer.swift /Users/steipete/Library/Developer/Xcode/DerivedData/CodeLooper-crrddjihwjtfkwegrjrymctnfixv/SourcePackages/checkouts/swift-collections/Sources/DequeModule/_DequeBuffer.swift (in target 'DequeModule' from project 'swift-collections')

SwiftCompile normal arm64 /Users/steipete/Library/Developer/Xcode/DerivedData/CodeLooper-crrddjihwjtfkwegrjrymctnfixv/SourcePackages/checkouts/swift-collections/Sources/DequeModule/_DequeBuffer.swift (in target 'DequeModule' from project 'swift-collections')
    cd /Users/steipete/Projects/CodeLooper
    

SwiftCompile normal arm64 Compiling\ Deque+Codable.swift /Users/steipete/Library/Developer/Xcode/DerivedData/CodeLooper-crrddjihwjtfkwegrjrymctnfixv/SourcePackages/checkouts/swift-collections/Sources/DequeModule/Deque+Codable.swift (in target 'DequeModule' from project 'swift-collections')

SwiftCompile normal arm64 /Users/steipete/Library/Developer/Xcode/DerivedData/CodeLooper-crrddjihwjtfkwegrjrymctnfixv/SourcePackages/checkouts/swift-collections/Sources/DequeModule/Deque+Codable.swift (in target 'DequeModule' from project 'swift-collections')
    cd /Users/steipete/Projects/CodeLooper
    

SwiftDriverJobDiscovery normal arm64 Compiling UnixSignalsSequence.swift (in target 'UnixSignals' from project 'swift-service-lifecycle')

SwiftDriverJobDiscovery normal arm64 Compiling Deque+Hashable.swift (in target 'DequeModule' from project 'swift-collections')

SwiftDriverJobDiscovery normal arm64 Compiling Deque+Equatable.swift (in target 'DequeModule' from project 'swift-collections')

Ld /Users/steipete/Library/Developer/Xcode/DerivedData/CodeLooper-crrddjihwjtfkwegrjrymctnfixv/Build/Products/Debug/Instrumentation.o normal (in target 'Instrumentation' from project 'swift-distributed-tracing')
    cd /Users/steipete/Library/Developer/Xcode/DerivedData/CodeLooper-crrddjihwjtfkwegrjrymctnfixv/SourcePackages/checkouts/swift-distributed-tracing
    /Applications/Xcode-beta.app/Contents/Developer/Toolchains/XcodeDefault.xctoolchain/usr/bin/clang -Xlinker -reproducible -target arm64-apple-macos10.13 -r -isysroot /Applications/Xcode-beta.app/Contents/Developer/Platforms/MacOSX.platform/Developer/SDKs/MacOSX26.0.sdk -O0 -w -L/Users/steipete/Library/Developer/Xcode/DerivedData/CodeLooper-crrddjihwjtfkwegrjrymctnfixv/Build/Intermediates.noindex/EagerLinkingTBDs/Debug -L/Users/steipete/Library/Developer/Xcode/DerivedData/CodeLooper-crrddjihwjtfkwegrjrymctnfixv/Build/Products/Debug -L/Applications/Xcode-beta.app/Contents/Developer/Platforms/MacOSX.platform/Developer/usr/lib -F/Users/steipete/Library/Developer/Xcode/DerivedData/CodeLooper-crrddjihwjtfkwegrjrymctnfixv/Build/Intermediates.noindex/EagerLinkingTBDs/Debug -F/Users/steipete/Library/Developer/Xcode/DerivedData/CodeLooper-crrddjihwjtfkwegrjrymctnfixv/Build/Products/Debug/PackageFrameworks -F/Users/steipete/Library/Developer/Xcode/DerivedData/CodeLooper-crrddjihwjtfkwegrjrymctnfixv/Build/Products/Debug -iframework /Applications/Xcode-beta.app/Contents/Developer/Platforms/MacOSX.platform/Developer/Library/Frameworks -filelist /Users/steipete/Library/Developer/Xcode/DerivedData/CodeLooper-crrddjihwjtfkwegrjrymctnfixv/Build/Intermediates.noindex/swift-distributed-tracing.build/Debug/Instrumentation.build/Objects-normal/arm64/Instrumentation.LinkFileList -nostdlib -Xlinker -object_path_lto -Xlinker /Users/steipete/Library/Developer/Xcode/DerivedData/CodeLooper-crrddjihwjtfkwegrjrymctnfixv/Build/Intermediates.noindex/swift-distributed-tracing.build/Debug/Instrumentation.build/Objects-normal/arm64/Instrumentation_lto.o -rdynamic -Xlinker -no_deduplicate -Xlinker -debug_variant -Xlinker -dependency_info -Xlinker /Users/steipete/Library/Developer/Xcode/DerivedData/CodeLooper-crrddjihwjtfkwegrjrymctnfixv/Build/Intermediates.noindex/swift-distributed-tracing.build/Debug/Instrumentation.build/Objects-normal/arm64/Instrumentation_dependency_info.dat -fobjc-link-runtime -L/Applications/Xcode-beta.app/Contents/Developer/Toolchains/XcodeDefault.xctoolchain/usr/lib/swift/macosx -L/usr/lib/swift -Xlinker -add_ast_path -Xlinker /Users/steipete/Library/Developer/Xcode/DerivedData/CodeLooper-crrddjihwjtfkwegrjrymctnfixv/Build/Intermediates.noindex/swift-distributed-tracing.build/Debug/Instrumentation.build/Objects-normal/arm64/Instrumentation.swiftmodule @/Users/steipete/Library/Developer/Xcode/DerivedData/CodeLooper-crrddjihwjtfkwegrjrymctnfixv/Build/Intermediates.noindex/swift-distributed-tracing.build/Debug/Instrumentation.build/Objects-normal/arm64/Instrumentation-linker-args.resp -o /Users/steipete/Library/Developer/Xcode/DerivedData/CodeLooper-crrddjihwjtfkwegrjrymctnfixv/Build/Products/Debug/Instrumentation.o

SwiftDriverJobDiscovery normal arm64 Compiling _DequeBufferHeader.swift (in target 'DequeModule' from project 'swift-collections')

SwiftDriver\ Compilation UnixSignals normal arm64 com.apple.xcode.tools.swift.compiler (in target 'UnixSignals' from project 'swift-service-lifecycle')
    cd /Users/steipete/Projects/CodeLooper
    builtin-Swift-Compilation -- /Applications/Xcode-beta.app/Contents/Developer/Toolchains/XcodeDefault.xctoolchain/usr/bin/swiftc -module-name UnixSignals -Onone -enforce-exclusivity\=checked @/Users/steipete/Library/Developer/Xcode/DerivedData/CodeLooper-crrddjihwjtfkwegrjrymctnfixv/Build/Intermediates.noindex/swift-service-lifecycle.build/Debug/UnixSignals.build/Objects-normal/arm64/UnixSignals.SwiftFileList -DSWIFT_PACKAGE -DDEBUG -DSWIFT_MODULE_RESOURCE_BUNDLE_UNAVAILABLE -DXcode -plugin-path /Applications/Xcode-beta.app/Contents/Developer/Toolchains/XcodeDefault.xctoolchain/usr/lib/swift/host/plugins/testing -enable-experimental-feature DebugDescriptionMacro -sdk /Applications/Xcode-beta.app/Contents/Developer/Platforms/MacOSX.platform/Developer/SDKs/MacOSX26.0.sdk -target arm64-apple-macos10.13 -g -module-cache-path /Users/steipete/Library/Developer/Xcode/DerivedData/ModuleCache.noindex -Xfrontend -serialize-debugging-options -profile-coverage-mapping -profile-generate -enable-testing -suppress-warnings -index-store-path /Users/steipete/Library/Developer/Xcode/DerivedData/CodeLooper-crrddjihwjtfkwegrjrymctnfixv/Index.noindex/DataStore -swift-version 5 -I /Users/steipete/Library/Developer/Xcode/DerivedData/CodeLooper-crrddjihwjtfkwegrjrymctnfixv/Build/Products/Debug -I /Applications/Xcode-beta.app/Contents/Developer/Platforms/MacOSX.platform/Developer/usr/lib -F /Users/steipete/Library/Developer/Xcode/DerivedData/CodeLooper-crrddjihwjtfkwegrjrymctnfixv/Build/Products/Debug/PackageFrameworks -F /Users/steipete/Library/Developer/Xcode/DerivedData/CodeLooper-crrddjihwjtfkwegrjrymctnfixv/Build/Products/Debug -F /Applications/Xcode-beta.app/Contents/Developer/Platforms/MacOSX.platform/Developer/Library/Frameworks -c -j16 -enable-batch-mode -incremental -Xcc -ivfsstatcache -Xcc /Users/steipete/Library/Developer/Xcode/DerivedData/SDKStatCaches.noindex/macosx26.0-25A5279m-5d9328ff1a6613a11d359de947506b52.sdkstatcache -output-file-map /Users/steipete/Library/Developer/Xcode/DerivedData/CodeLooper-crrddjihwjtfkwegrjrymctnfixv/Build/Intermediates.noindex/swift-service-lifecycle.build/Debug/UnixSignals.build/Objects-normal/arm64/UnixSignals-OutputFileMap.json -use-frontend-parseable-output -save-temps -no-color-diagnostics -explicit-module-build -module-cache-path /Users/steipete/Library/Developer/Xcode/DerivedData/CodeLooper-crrddjihwjtfkwegrjrymctnfixv/Build/Intermediates.noindex/SwiftExplicitPrecompiledModules -clang-scanner-module-cache-path /Users/steipete/Library/Developer/Xcode/DerivedData/ModuleCache.noindex -sdk-module-cache-path /Users/steipete/Library/Developer/Xcode/DerivedData/ModuleCache.noindex -serialize-diagnostics -emit-dependencies -emit-module -emit-module-path /Users/steipete/Library/Developer/Xcode/DerivedData/CodeLooper-crrddjihwjtfkwegrjrymctnfixv/Build/Intermediates.noindex/swift-service-lifecycle.build/Debug/UnixSignals.build/Objects-normal/arm64/UnixSignals.swiftmodule -validate-clang-modules-once -clang-build-session-file /Users/steipete/Library/Developer/Xcode/DerivedData/ModuleCache.noindex/Session.modulevalidation -Xcc -I/Users/steipete/Library/Developer/Xcode/DerivedData/CodeLooper-crrddjihwjtfkwegrjrymctnfixv/Build/Intermediates.noindex/swift-service-lifecycle.build/Debug/UnixSignals.build/swift-overrides.hmap -emit-const-values -Xfrontend -const-gather-protocols-file -Xfrontend /Users/steipete/Library/Developer/Xcode/DerivedData/CodeLooper-crrddjihwjtfkwegrjrymctnfixv/Build/Intermediates.noindex/swift-service-lifecycle.build/Debug/UnixSignals.build/Objects-normal/arm64/UnixSignals_const_extract_protocols.json -Xcc -I/Users/steipete/Library/Developer/Xcode/DerivedData/CodeLooper-crrddjihwjtfkwegrjrymctnfixv/Build/Products/Debug/include -Xcc -I/Users/steipete/Library/Developer/Xcode/DerivedData/CodeLooper-crrddjihwjtfkwegrjrymctnfixv/Build/Intermediates.noindex/swift-service-lifecycle.build/Debug/UnixSignals.build/DerivedSources-normal/arm64 -Xcc -I/Users/steipete/Library/Developer/Xcode/DerivedData/CodeLooper-crrddjihwjtfkwegrjrymctnfixv/Build/Intermediates.noindex/swift-service-lifecycle.build/Debug/UnixSignals.build/DerivedSources/arm64 -Xcc -I/Users/steipete/Library/Developer/Xcode/DerivedData/CodeLooper-crrddjihwjtfkwegrjrymctnfixv/Build/Intermediates.noindex/swift-service-lifecycle.build/Debug/UnixSignals.build/DerivedSources -Xcc -DSWIFT_PACKAGE -Xcc -DDEBUG\=1 -emit-objc-header -emit-objc-header-path /Users/steipete/Library/Developer/Xcode/DerivedData/CodeLooper-crrddjihwjtfkwegrjrymctnfixv/Build/Intermediates.noindex/swift-service-lifecycle.build/Debug/UnixSignals.build/Objects-normal/arm64/UnixSignals-Swift.h -working-directory /Users/steipete/Projects/CodeLooper -experimental-emit-module-separately -disable-cmo

SwiftDriverJobDiscovery normal arm64 Compiling Deque+Extras.swift (in target 'DequeModule' from project 'swift-collections')

SwiftCompile normal arm64 Compiling\ Deque._UnsafeHandle.swift /Users/steipete/Library/Developer/Xcode/DerivedData/CodeLooper-crrddjihwjtfkwegrjrymctnfixv/SourcePackages/checkouts/swift-collections/Sources/DequeModule/Deque._UnsafeHandle.swift (in target 'DequeModule' from project 'swift-collections')

SwiftCompile normal arm64 /Users/steipete/Library/Developer/Xcode/DerivedData/CodeLooper-crrddjihwjtfkwegrjrymctnfixv/SourcePackages/checkouts/swift-collections/Sources/DequeModule/Deque._UnsafeHandle.swift (in target 'DequeModule' from project 'swift-collections')
    cd /Users/steipete/Projects/CodeLooper
    

SwiftDriverJobDiscovery normal arm64 Emitting module for Metrics (in target 'Metrics' from project 'swift-metrics')

SwiftDriver\ Compilation\ Requirements Metrics normal arm64 com.apple.xcode.tools.swift.compiler (in target 'Metrics' from project 'swift-metrics')
    cd /Users/steipete/Projects/CodeLooper
    builtin-Swift-Compilation-Requirements -- /Applications/Xcode-beta.app/Contents/Developer/Toolchains/XcodeDefault.xctoolchain/usr/bin/swiftc -module-name Metrics -Onone -enforce-exclusivity\=checked @/Users/steipete/Library/Developer/Xcode/DerivedData/CodeLooper-crrddjihwjtfkwegrjrymctnfixv/Build/Intermediates.noindex/swift-metrics.build/Debug/Metrics.build/Objects-normal/arm64/Metrics.SwiftFileList -DSWIFT_PACKAGE -DDEBUG -DSWIFT_MODULE_RESOURCE_BUNDLE_UNAVAILABLE -DXcode -enable-experimental-feature StrictConcurrency\=complete -enable-upcoming-feature MemberImportVisibility -plugin-path /Applications/Xcode-beta.app/Contents/Developer/Toolchains/XcodeDefault.xctoolchain/usr/lib/swift/host/plugins/testing -enable-experimental-feature DebugDescriptionMacro -sdk /Applications/Xcode-beta.app/Contents/Developer/Platforms/MacOSX.platform/Developer/SDKs/MacOSX26.0.sdk -target arm64-apple-macos10.13 -g -module-cache-path /Users/steipete/Library/Developer/Xcode/DerivedData/ModuleCache.noindex -Xfrontend -serialize-debugging-options -profile-coverage-mapping -profile-generate -enable-testing -suppress-warnings -index-store-path /Users/steipete/Library/Developer/Xcode/DerivedData/CodeLooper-crrddjihwjtfkwegrjrymctnfixv/Index.noindex/DataStore -swift-version 5 -I /Users/steipete/Library/Developer/Xcode/DerivedData/CodeLooper-crrddjihwjtfkwegrjrymctnfixv/Build/Products/Debug -I /Applications/Xcode-beta.app/Contents/Developer/Platforms/MacOSX.platform/Developer/usr/lib -F /Users/steipete/Library/Developer/Xcode/DerivedData/CodeLooper-crrddjihwjtfkwegrjrymctnfixv/Build/Products/Debug/PackageFrameworks -F /Users/steipete/Library/Developer/Xcode/DerivedData/CodeLooper-crrddjihwjtfkwegrjrymctnfixv/Build/Products/Debug -F /Applications/Xcode-beta.app/Contents/Developer/Platforms/MacOSX.platform/Developer/Library/Frameworks -parse-as-library -c -j16 -enable-batch-mode -incremental -Xcc -ivfsstatcache -Xcc /Users/steipete/Library/Developer/Xcode/DerivedData/SDKStatCaches.noindex/macosx26.0-25A5279m-5d9328ff1a6613a11d359de947506b52.sdkstatcache -output-file-map /Users/steipete/Library/Developer/Xcode/DerivedData/CodeLooper-crrddjihwjtfkwegrjrymctnfixv/Build/Intermediates.noindex/swift-metrics.build/Debug/Metrics.build/Objects-normal/arm64/Metrics-OutputFileMap.json -use-frontend-parseable-output -save-temps -no-color-diagnostics -explicit-module-build -module-cache-path /Users/steipete/Library/Developer/Xcode/DerivedData/CodeLooper-crrddjihwjtfkwegrjrymctnfixv/Build/Intermediates.noindex/SwiftExplicitPrecompiledModules -clang-scanner-module-cache-path /Users/steipete/Library/Developer/Xcode/DerivedData/ModuleCache.noindex -sdk-module-cache-path /Users/steipete/Library/Developer/Xcode/DerivedData/ModuleCache.noindex -serialize-diagnostics -emit-dependencies -emit-module -emit-module-path /Users/steipete/Library/Developer/Xcode/DerivedData/CodeLooper-crrddjihwjtfkwegrjrymctnfixv/Build/Intermediates.noindex/swift-metrics.build/Debug/Metrics.build/Objects-normal/arm64/Metrics.swiftmodule -validate-clang-modules-once -clang-build-session-file /Users/steipete/Library/Developer/Xcode/DerivedData/ModuleCache.noindex/Session.modulevalidation -package-name swift_metrics -Xcc -I/Users/steipete/Library/Developer/Xcode/DerivedData/CodeLooper-crrddjihwjtfkwegrjrymctnfixv/Build/Intermediates.noindex/swift-metrics.build/Debug/Metrics.build/swift-overrides.hmap -emit-const-values -Xfrontend -const-gather-protocols-file -Xfrontend /Users/steipete/Library/Developer/Xcode/DerivedData/CodeLooper-crrddjihwjtfkwegrjrymctnfixv/Build/Intermediates.noindex/swift-metrics.build/Debug/Metrics.build/Objects-normal/arm64/Metrics_const_extract_protocols.json -Xcc -I/Users/steipete/Library/Developer/Xcode/DerivedData/CodeLooper-crrddjihwjtfkwegrjrymctnfixv/Build/Products/Debug/include -Xcc -I/Users/steipete/Library/Developer/Xcode/DerivedData/CodeLooper-crrddjihwjtfkwegrjrymctnfixv/Build/Intermediates.noindex/swift-metrics.build/Debug/Metrics.build/DerivedSources-normal/arm64 -Xcc -I/Users/steipete/Library/Developer/Xcode/DerivedData/CodeLooper-crrddjihwjtfkwegrjrymctnfixv/Build/Intermediates.noindex/swift-metrics.build/Debug/Metrics.build/DerivedSources/arm64 -Xcc -I/Users/steipete/Library/Developer/Xcode/DerivedData/CodeLooper-crrddjihwjtfkwegrjrymctnfixv/Build/Intermediates.noindex/swift-metrics.build/Debug/Metrics.build/DerivedSources -Xcc -DSWIFT_PACKAGE -Xcc -DDEBUG\=1 -emit-objc-header -emit-objc-header-path /Users/steipete/Library/Developer/Xcode/DerivedData/CodeLooper-crrddjihwjtfkwegrjrymctnfixv/Build/Intermediates.noindex/swift-metrics.build/Debug/Metrics.build/Objects-normal/arm64/Metrics-Swift.h -working-directory /Users/steipete/Projects/CodeLooper -experimental-emit-module-separately -disable-cmo

Ld /Users/steipete/Library/Developer/Xcode/DerivedData/CodeLooper-crrddjihwjtfkwegrjrymctnfixv/Build/Products/Debug/UnixSignals.o normal (in target 'UnixSignals' from project 'swift-service-lifecycle')
    cd /Users/steipete/Library/Developer/Xcode/DerivedData/CodeLooper-crrddjihwjtfkwegrjrymctnfixv/SourcePackages/checkouts/swift-service-lifecycle
    /Applications/Xcode-beta.app/Contents/Developer/Toolchains/XcodeDefault.xctoolchain/usr/bin/clang -Xlinker -reproducible -target arm64-apple-macos10.13 -r -isysroot /Applications/Xcode-beta.app/Contents/Developer/Platforms/MacOSX.platform/Developer/SDKs/MacOSX26.0.sdk -O0 -w -L/Users/steipete/Library/Developer/Xcode/DerivedData/CodeLooper-crrddjihwjtfkwegrjrymctnfixv/Build/Intermediates.noindex/EagerLinkingTBDs/Debug -L/Users/steipete/Library/Developer/Xcode/DerivedData/CodeLooper-crrddjihwjtfkwegrjrymctnfixv/Build/Products/Debug -L/Applications/Xcode-beta.app/Contents/Developer/Platforms/MacOSX.platform/Developer/usr/lib -F/Users/steipete/Library/Developer/Xcode/DerivedData/CodeLooper-crrddjihwjtfkwegrjrymctnfixv/Build/Intermediates.noindex/EagerLinkingTBDs/Debug -F/Users/steipete/Library/Developer/Xcode/DerivedData/CodeLooper-crrddjihwjtfkwegrjrymctnfixv/Build/Products/Debug/PackageFrameworks -F/Users/steipete/Library/Developer/Xcode/DerivedData/CodeLooper-crrddjihwjtfkwegrjrymctnfixv/Build/Products/Debug -iframework /Applications/Xcode-beta.app/Contents/Developer/Platforms/MacOSX.platform/Developer/Library/Frameworks -filelist /Users/steipete/Library/Developer/Xcode/DerivedData/CodeLooper-crrddjihwjtfkwegrjrymctnfixv/Build/Intermediates.noindex/swift-service-lifecycle.build/Debug/UnixSignals.build/Objects-normal/arm64/UnixSignals.LinkFileList -nostdlib -Xlinker -object_path_lto -Xlinker /Users/steipete/Library/Developer/Xcode/DerivedData/CodeLooper-crrddjihwjtfkwegrjrymctnfixv/Build/Intermediates.noindex/swift-service-lifecycle.build/Debug/UnixSignals.build/Objects-normal/arm64/UnixSignals_lto.o -rdynamic -Xlinker -no_deduplicate -Xlinker -debug_variant -Xlinker -dependency_info -Xlinker /Users/steipete/Library/Developer/Xcode/DerivedData/CodeLooper-crrddjihwjtfkwegrjrymctnfixv/Build/Intermediates.noindex/swift-service-lifecycle.build/Debug/UnixSignals.build/Objects-normal/arm64/UnixSignals_dependency_info.dat -fobjc-link-runtime -L/Applications/Xcode-beta.app/Contents/Developer/Toolchains/XcodeDefault.xctoolchain/usr/lib/swift/macosx -L/usr/lib/swift -Xlinker -add_ast_path -Xlinker /Users/steipete/Library/Developer/Xcode/DerivedData/CodeLooper-crrddjihwjtfkwegrjrymctnfixv/Build/Intermediates.noindex/swift-service-lifecycle.build/Debug/UnixSignals.build/Objects-normal/arm64/UnixSignals.swiftmodule @/Users/steipete/Library/Developer/Xcode/DerivedData/CodeLooper-crrddjihwjtfkwegrjrymctnfixv/Build/Intermediates.noindex/swift-service-lifecycle.build/Debug/UnixSignals.build/Objects-normal/arm64/UnixSignals-linker-args.resp -o /Users/steipete/Library/Developer/Xcode/DerivedData/CodeLooper-crrddjihwjtfkwegrjrymctnfixv/Build/Products/Debug/UnixSignals.o

SwiftMergeGeneratedHeaders /Users/steipete/Library/Developer/Xcode/DerivedData/CodeLooper-crrddjihwjtfkwegrjrymctnfixv/Build/Intermediates.noindex/GeneratedModuleMaps/Metrics-Swift.h /Users/steipete/Library/Developer/Xcode/DerivedData/CodeLooper-crrddjihwjtfkwegrjrymctnfixv/Build/Intermediates.noindex/swift-metrics.build/Debug/Metrics.build/Objects-normal/arm64/Metrics-Swift.h (in target 'Metrics' from project 'swift-metrics')
    cd /Users/steipete/Library/Developer/Xcode/DerivedData/CodeLooper-crrddjihwjtfkwegrjrymctnfixv/SourcePackages/checkouts/swift-metrics
    builtin-swiftHeaderTool -arch arm64 /Users/steipete/Library/Developer/Xcode/DerivedData/CodeLooper-crrddjihwjtfkwegrjrymctnfixv/Build/Intermediates.noindex/swift-metrics.build/Debug/Metrics.build/Objects-normal/arm64/Metrics-Swift.h -o /Users/steipete/Library/Developer/Xcode/DerivedData/CodeLooper-crrddjihwjtfkwegrjrymctnfixv/Build/Intermediates.noindex/GeneratedModuleMaps/Metrics-Swift.h

Copy /Users/steipete/Library/Developer/Xcode/DerivedData/CodeLooper-crrddjihwjtfkwegrjrymctnfixv/Build/Products/Debug/Metrics.swiftmodule/arm64-apple-macos.swiftmodule /Users/steipete/Library/Developer/Xcode/DerivedData/CodeLooper-crrddjihwjtfkwegrjrymctnfixv/Build/Intermediates.noindex/swift-metrics.build/Debug/Metrics.build/Objects-normal/arm64/Metrics.swiftmodule (in target 'Metrics' from project 'swift-metrics')
    cd /Users/steipete/Library/Developer/Xcode/DerivedData/CodeLooper-crrddjihwjtfkwegrjrymctnfixv/SourcePackages/checkouts/swift-metrics
    builtin-copy -exclude .DS_Store -exclude CVS -exclude .svn -exclude .git -exclude .hg -resolve-src-symlinks -rename /Users/steipete/Library/Developer/Xcode/DerivedData/CodeLooper-crrddjihwjtfkwegrjrymctnfixv/Build/Intermediates.noindex/swift-metrics.build/Debug/Metrics.build/Objects-normal/arm64/Metrics.swiftmodule /Users/steipete/Library/Developer/Xcode/DerivedData/CodeLooper-crrddjihwjtfkwegrjrymctnfixv/Build/Products/Debug/Metrics.swiftmodule/arm64-apple-macos.swiftmodule

Copy /Users/steipete/Library/Developer/Xcode/DerivedData/CodeLooper-crrddjihwjtfkwegrjrymctnfixv/Build/Products/Debug/Metrics.swiftmodule/arm64-apple-macos.swiftdoc /Users/steipete/Library/Developer/Xcode/DerivedData/CodeLooper-crrddjihwjtfkwegrjrymctnfixv/Build/Intermediates.noindex/swift-metrics.build/Debug/Metrics.build/Objects-normal/arm64/Metrics.swiftdoc (in target 'Metrics' from project 'swift-metrics')
    cd /Users/steipete/Library/Developer/Xcode/DerivedData/CodeLooper-crrddjihwjtfkwegrjrymctnfixv/SourcePackages/checkouts/swift-metrics
    builtin-copy -exclude .DS_Store -exclude CVS -exclude .svn -exclude .git -exclude .hg -resolve-src-symlinks -rename /Users/steipete/Library/Developer/Xcode/DerivedData/CodeLooper-crrddjihwjtfkwegrjrymctnfixv/Build/Intermediates.noindex/swift-metrics.build/Debug/Metrics.build/Objects-normal/arm64/Metrics.swiftdoc /Users/steipete/Library/Developer/Xcode/DerivedData/CodeLooper-crrddjihwjtfkwegrjrymctnfixv/Build/Products/Debug/Metrics.swiftmodule/arm64-apple-macos.swiftdoc

Copy /Users/steipete/Library/Developer/Xcode/DerivedData/CodeLooper-crrddjihwjtfkwegrjrymctnfixv/Build/Products/Debug/Metrics.swiftmodule/arm64-apple-macos.abi.json /Users/steipete/Library/Developer/Xcode/DerivedData/CodeLooper-crrddjihwjtfkwegrjrymctnfixv/Build/Intermediates.noindex/swift-metrics.build/Debug/Metrics.build/Objects-normal/arm64/Metrics.abi.json (in target 'Metrics' from project 'swift-metrics')
    cd /Users/steipete/Library/Developer/Xcode/DerivedData/CodeLooper-crrddjihwjtfkwegrjrymctnfixv/SourcePackages/checkouts/swift-metrics
    builtin-copy -exclude .DS_Store -exclude CVS -exclude .svn -exclude .git -exclude .hg -resolve-src-symlinks -rename /Users/steipete/Library/Developer/Xcode/DerivedData/CodeLooper-crrddjihwjtfkwegrjrymctnfixv/Build/Intermediates.noindex/swift-metrics.build/Debug/Metrics.build/Objects-normal/arm64/Metrics.abi.json /Users/steipete/Library/Developer/Xcode/DerivedData/CodeLooper-crrddjihwjtfkwegrjrymctnfixv/Build/Products/Debug/Metrics.swiftmodule/arm64-apple-macos.abi.json

Copy /Users/steipete/Library/Developer/Xcode/DerivedData/CodeLooper-crrddjihwjtfkwegrjrymctnfixv/Build/Products/Debug/Metrics.swiftmodule/Project/arm64-apple-macos.swiftsourceinfo /Users/steipete/Library/Developer/Xcode/DerivedData/CodeLooper-crrddjihwjtfkwegrjrymctnfixv/Build/Intermediates.noindex/swift-metrics.build/Debug/Metrics.build/Objects-normal/arm64/Metrics.swiftsourceinfo (in target 'Metrics' from project 'swift-metrics')
    cd /Users/steipete/Library/Developer/Xcode/DerivedData/CodeLooper-crrddjihwjtfkwegrjrymctnfixv/SourcePackages/checkouts/swift-metrics
    builtin-copy -exclude .DS_Store -exclude CVS -exclude .svn -exclude .git -exclude .hg -resolve-src-symlinks -rename /Users/steipete/Library/Developer/Xcode/DerivedData/CodeLooper-crrddjihwjtfkwegrjrymctnfixv/Build/Intermediates.noindex/swift-metrics.build/Debug/Metrics.build/Objects-normal/arm64/Metrics.swiftsourceinfo /Users/steipete/Library/Developer/Xcode/DerivedData/CodeLooper-crrddjihwjtfkwegrjrymctnfixv/Build/Products/Debug/Metrics.swiftmodule/Project/arm64-apple-macos.swiftsourceinfo

SwiftCompile normal arm64 Compiling\ Deque._Storage.swift /Users/steipete/Library/Developer/Xcode/DerivedData/CodeLooper-crrddjihwjtfkwegrjrymctnfixv/SourcePackages/checkouts/swift-collections/Sources/DequeModule/Deque._Storage.swift (in target 'DequeModule' from project 'swift-collections')

SwiftCompile normal arm64 /Users/steipete/Library/Developer/Xcode/DerivedData/CodeLooper-crrddjihwjtfkwegrjrymctnfixv/SourcePackages/checkouts/swift-collections/Sources/DequeModule/Deque._Storage.swift (in target 'DequeModule' from project 'swift-collections')
    cd /Users/steipete/Projects/CodeLooper
    

SwiftDriverJobDiscovery normal arm64 Compiling Deque.swift (in target 'DequeModule' from project 'swift-collections')

SwiftCompile normal arm64 Compiling\ _DequeSlot.swift /Users/steipete/Library/Developer/Xcode/DerivedData/CodeLooper-crrddjihwjtfkwegrjrymctnfixv/SourcePackages/checkouts/swift-collections/Sources/DequeModule/_DequeSlot.swift (in target 'DequeModule' from project 'swift-collections')

SwiftCompile normal arm64 /Users/steipete/Library/Developer/Xcode/DerivedData/CodeLooper-crrddjihwjtfkwegrjrymctnfixv/SourcePackages/checkouts/swift-collections/Sources/DequeModule/_DequeSlot.swift (in target 'DequeModule' from project 'swift-collections')
    cd /Users/steipete/Projects/CodeLooper
    

SwiftDriverJobDiscovery normal arm64 Compiling Metrics.swift (in target 'Metrics' from project 'swift-metrics')

SwiftCompile normal arm64 Compiling\ Deque+Testing.swift /Users/steipete/Library/Developer/Xcode/DerivedData/CodeLooper-crrddjihwjtfkwegrjrymctnfixv/SourcePackages/checkouts/swift-collections/Sources/DequeModule/Deque+Testing.swift (in target 'DequeModule' from project 'swift-collections')

SwiftCompile normal arm64 /Users/steipete/Library/Developer/Xcode/DerivedData/CodeLooper-crrddjihwjtfkwegrjrymctnfixv/SourcePackages/checkouts/swift-collections/Sources/DequeModule/Deque+Testing.swift (in target 'DequeModule' from project 'swift-collections')
    cd /Users/steipete/Projects/CodeLooper
    

SwiftDriver\ Compilation Metrics normal arm64 com.apple.xcode.tools.swift.compiler (in target 'Metrics' from project 'swift-metrics')
    cd /Users/steipete/Projects/CodeLooper
    builtin-Swift-Compilation -- /Applications/Xcode-beta.app/Contents/Developer/Toolchains/XcodeDefault.xctoolchain/usr/bin/swiftc -module-name Metrics -Onone -enforce-exclusivity\=checked @/Users/steipete/Library/Developer/Xcode/DerivedData/CodeLooper-crrddjihwjtfkwegrjrymctnfixv/Build/Intermediates.noindex/swift-metrics.build/Debug/Metrics.build/Objects-normal/arm64/Metrics.SwiftFileList -DSWIFT_PACKAGE -DDEBUG -DSWIFT_MODULE_RESOURCE_BUNDLE_UNAVAILABLE -DXcode -enable-experimental-feature StrictConcurrency\=complete -enable-upcoming-feature MemberImportVisibility -plugin-path /Applications/Xcode-beta.app/Contents/Developer/Toolchains/XcodeDefault.xctoolchain/usr/lib/swift/host/plugins/testing -enable-experimental-feature DebugDescriptionMacro -sdk /Applications/Xcode-beta.app/Contents/Developer/Platforms/MacOSX.platform/Developer/SDKs/MacOSX26.0.sdk -target arm64-apple-macos10.13 -g -module-cache-path /Users/steipete/Library/Developer/Xcode/DerivedData/ModuleCache.noindex -Xfrontend -serialize-debugging-options -profile-coverage-mapping -profile-generate -enable-testing -suppress-warnings -index-store-path /Users/steipete/Library/Developer/Xcode/DerivedData/CodeLooper-crrddjihwjtfkwegrjrymctnfixv/Index.noindex/DataStore -swift-version 5 -I /Users/steipete/Library/Developer/Xcode/DerivedData/CodeLooper-crrddjihwjtfkwegrjrymctnfixv/Build/Products/Debug -I /Applications/Xcode-beta.app/Contents/Developer/Platforms/MacOSX.platform/Developer/usr/lib -F /Users/steipete/Library/Developer/Xcode/DerivedData/CodeLooper-crrddjihwjtfkwegrjrymctnfixv/Build/Products/Debug/PackageFrameworks -F /Users/steipete/Library/Developer/Xcode/DerivedData/CodeLooper-crrddjihwjtfkwegrjrymctnfixv/Build/Products/Debug -F /Applications/Xcode-beta.app/Contents/Developer/Platforms/MacOSX.platform/Developer/Library/Frameworks -parse-as-library -c -j16 -enable-batch-mode -incremental -Xcc -ivfsstatcache -Xcc /Users/steipete/Library/Developer/Xcode/DerivedData/SDKStatCaches.noindex/macosx26.0-25A5279m-5d9328ff1a6613a11d359de947506b52.sdkstatcache -output-file-map /Users/steipete/Library/Developer/Xcode/DerivedData/CodeLooper-crrddjihwjtfkwegrjrymctnfixv/Build/Intermediates.noindex/swift-metrics.build/Debug/Metrics.build/Objects-normal/arm64/Metrics-OutputFileMap.json -use-frontend-parseable-output -save-temps -no-color-diagnostics -explicit-module-build -module-cache-path /Users/steipete/Library/Developer/Xcode/DerivedData/CodeLooper-crrddjihwjtfkwegrjrymctnfixv/Build/Intermediates.noindex/SwiftExplicitPrecompiledModules -clang-scanner-module-cache-path /Users/steipete/Library/Developer/Xcode/DerivedData/ModuleCache.noindex -sdk-module-cache-path /Users/steipete/Library/Developer/Xcode/DerivedData/ModuleCache.noindex -serialize-diagnostics -emit-dependencies -emit-module -emit-module-path /Users/steipete/Library/Developer/Xcode/DerivedData/CodeLooper-crrddjihwjtfkwegrjrymctnfixv/Build/Intermediates.noindex/swift-metrics.build/Debug/Metrics.build/Objects-normal/arm64/Metrics.swiftmodule -validate-clang-modules-once -clang-build-session-file /Users/steipete/Library/Developer/Xcode/DerivedData/ModuleCache.noindex/Session.modulevalidation -package-name swift_metrics -Xcc -I/Users/steipete/Library/Developer/Xcode/DerivedData/CodeLooper-crrddjihwjtfkwegrjrymctnfixv/Build/Intermediates.noindex/swift-metrics.build/Debug/Metrics.build/swift-overrides.hmap -emit-const-values -Xfrontend -const-gather-protocols-file -Xfrontend /Users/steipete/Library/Developer/Xcode/DerivedData/CodeLooper-crrddjihwjtfkwegrjrymctnfixv/Build/Intermediates.noindex/swift-metrics.build/Debug/Metrics.build/Objects-normal/arm64/Metrics_const_extract_protocols.json -Xcc -I/Users/steipete/Library/Developer/Xcode/DerivedData/CodeLooper-crrddjihwjtfkwegrjrymctnfixv/Build/Products/Debug/include -Xcc -I/Users/steipete/Library/Developer/Xcode/DerivedData/CodeLooper-crrddjihwjtfkwegrjrymctnfixv/Build/Intermediates.noindex/swift-metrics.build/Debug/Metrics.build/DerivedSources-normal/arm64 -Xcc -I/Users/steipete/Library/Developer/Xcode/DerivedData/CodeLooper-crrddjihwjtfkwegrjrymctnfixv/Build/Intermediates.noindex/swift-metrics.build/Debug/Metrics.build/DerivedSources/arm64 -Xcc -I/Users/steipete/Library/Developer/Xcode/DerivedData/CodeLooper-crrddjihwjtfkwegrjrymctnfixv/Build/Intermediates.noindex/swift-metrics.build/Debug/Metrics.build/DerivedSources -Xcc -DSWIFT_PACKAGE -Xcc -DDEBUG\=1 -emit-objc-header -emit-objc-header-path /Users/steipete/Library/Developer/Xcode/DerivedData/CodeLooper-crrddjihwjtfkwegrjrymctnfixv/Build/Intermediates.noindex/swift-metrics.build/Debug/Metrics.build/Objects-normal/arm64/Metrics-Swift.h -working-directory /Users/steipete/Projects/CodeLooper -experimental-emit-module-separately -disable-cmo

SwiftDriverJobDiscovery normal arm64 Compiling Deque+Codable.swift (in target 'DequeModule' from project 'swift-collections')

SwiftCompile normal arm64 Compiling\ Deque+ExpressibleByArrayLiteral.swift /Users/steipete/Library/Developer/Xcode/DerivedData/CodeLooper-crrddjihwjtfkwegrjrymctnfixv/SourcePackages/checkouts/swift-collections/Sources/DequeModule/Deque+ExpressibleByArrayLiteral.swift (in target 'DequeModule' from project 'swift-collections')

SwiftCompile normal arm64 /Users/steipete/Library/Developer/Xcode/DerivedData/CodeLooper-crrddjihwjtfkwegrjrymctnfixv/SourcePackages/checkouts/swift-collections/Sources/DequeModule/Deque+ExpressibleByArrayLiteral.swift (in target 'DequeModule' from project 'swift-collections')
    cd /Users/steipete/Projects/CodeLooper
    

SwiftDriverJobDiscovery normal arm64 Compiling _DequeBuffer.swift (in target 'DequeModule' from project 'swift-collections')

Ld /Users/steipete/Library/Developer/Xcode/DerivedData/CodeLooper-crrddjihwjtfkwegrjrymctnfixv/Build/Products/Debug/Metrics.o normal (in target 'Metrics' from project 'swift-metrics')
    cd /Users/steipete/Library/Developer/Xcode/DerivedData/CodeLooper-crrddjihwjtfkwegrjrymctnfixv/SourcePackages/checkouts/swift-metrics
    /Applications/Xcode-beta.app/Contents/Developer/Toolchains/XcodeDefault.xctoolchain/usr/bin/clang -Xlinker -reproducible -target arm64-apple-macos10.13 -r -isysroot /Applications/Xcode-beta.app/Contents/Developer/Platforms/MacOSX.platform/Developer/SDKs/MacOSX26.0.sdk -O0 -w -L/Users/steipete/Library/Developer/Xcode/DerivedData/CodeLooper-crrddjihwjtfkwegrjrymctnfixv/Build/Intermediates.noindex/EagerLinkingTBDs/Debug -L/Users/steipete/Library/Developer/Xcode/DerivedData/CodeLooper-crrddjihwjtfkwegrjrymctnfixv/Build/Products/Debug -L/Applications/Xcode-beta.app/Contents/Developer/Platforms/MacOSX.platform/Developer/usr/lib -F/Users/steipete/Library/Developer/Xcode/DerivedData/CodeLooper-crrddjihwjtfkwegrjrymctnfixv/Build/Intermediates.noindex/EagerLinkingTBDs/Debug -F/Users/steipete/Library/Developer/Xcode/DerivedData/CodeLooper-crrddjihwjtfkwegrjrymctnfixv/Build/Products/Debug/PackageFrameworks -F/Users/steipete/Library/Developer/Xcode/DerivedData/CodeLooper-crrddjihwjtfkwegrjrymctnfixv/Build/Products/Debug -iframework /Applications/Xcode-beta.app/Contents/Developer/Platforms/MacOSX.platform/Developer/Library/Frameworks -filelist /Users/steipete/Library/Developer/Xcode/DerivedData/CodeLooper-crrddjihwjtfkwegrjrymctnfixv/Build/Intermediates.noindex/swift-metrics.build/Debug/Metrics.build/Objects-normal/arm64/Metrics.LinkFileList -nostdlib -Xlinker -object_path_lto -Xlinker /Users/steipete/Library/Developer/Xcode/DerivedData/CodeLooper-crrddjihwjtfkwegrjrymctnfixv/Build/Intermediates.noindex/swift-metrics.build/Debug/Metrics.build/Objects-normal/arm64/Metrics_lto.o -rdynamic -Xlinker -no_deduplicate -Xlinker -debug_variant -Xlinker -dependency_info -Xlinker /Users/steipete/Library/Developer/Xcode/DerivedData/CodeLooper-crrddjihwjtfkwegrjrymctnfixv/Build/Intermediates.noindex/swift-metrics.build/Debug/Metrics.build/Objects-normal/arm64/Metrics_dependency_info.dat -fobjc-link-runtime -L/Applications/Xcode-beta.app/Contents/Developer/Toolchains/XcodeDefault.xctoolchain/usr/lib/swift/macosx -L/usr/lib/swift -Xlinker -add_ast_path -Xlinker /Users/steipete/Library/Developer/Xcode/DerivedData/CodeLooper-crrddjihwjtfkwegrjrymctnfixv/Build/Intermediates.noindex/swift-metrics.build/Debug/Metrics.build/Objects-normal/arm64/Metrics.swiftmodule @/Users/steipete/Library/Developer/Xcode/DerivedData/CodeLooper-crrddjihwjtfkwegrjrymctnfixv/Build/Intermediates.noindex/swift-metrics.build/Debug/Metrics.build/Objects-normal/arm64/Metrics-linker-args.resp -o /Users/steipete/Library/Developer/Xcode/DerivedData/CodeLooper-crrddjihwjtfkwegrjrymctnfixv/Build/Products/Debug/Metrics.o

ExtractAppIntentsMetadata (in target 'Instrumentation' from project 'swift-distributed-tracing')
    cd /Users/steipete/Library/Developer/Xcode/DerivedData/CodeLooper-crrddjihwjtfkwegrjrymctnfixv/SourcePackages/checkouts/swift-distributed-tracing
    /Applications/Xcode-beta.app/Contents/Developer/Toolchains/XcodeDefault.xctoolchain/usr/bin/appintentsmetadataprocessor --toolchain-dir /Applications/Xcode-beta.app/Contents/Developer/Toolchains/XcodeDefault.xctoolchain --module-name Instrumentation --sdk-root /Applications/Xcode-beta.app/Contents/Developer/Platforms/MacOSX.platform/Developer/SDKs/MacOSX26.0.sdk --xcode-version 17A5241e --platform-family macOS --deployment-target 10.13 --bundle-identifier swift-distributed-tracing.Instrumentation --output /Users/steipete/Library/Developer/Xcode/DerivedData/CodeLooper-crrddjihwjtfkwegrjrymctnfixv/Build/Products/Debug/Instrumentation.appintents --target-triple arm64-apple-macos10.13 --binary-file /Users/steipete/Library/Developer/Xcode/DerivedData/CodeLooper-crrddjihwjtfkwegrjrymctnfixv/Build/Products/Debug/Instrumentation.o --dependency-file /Users/steipete/Library/Developer/Xcode/DerivedData/CodeLooper-crrddjihwjtfkwegrjrymctnfixv/Build/Intermediates.noindex/swift-distributed-tracing.build/Debug/Instrumentation.build/Objects-normal/arm64/Instrumentation_dependency_info.dat --stringsdata-file /Users/steipete/Library/Developer/Xcode/DerivedData/CodeLooper-crrddjihwjtfkwegrjrymctnfixv/Build/Intermediates.noindex/swift-distributed-tracing.build/Debug/Instrumentation.build/Objects-normal/arm64/ExtractedAppShortcutsMetadata.stringsdata --source-file-list /Users/steipete/Library/Developer/Xcode/DerivedData/CodeLooper-crrddjihwjtfkwegrjrymctnfixv/Build/Intermediates.noindex/swift-distributed-tracing.build/Debug/Instrumentation.build/Objects-normal/arm64/Instrumentation.SwiftFileList --metadata-file-list /Users/steipete/Library/Developer/Xcode/DerivedData/CodeLooper-crrddjihwjtfkwegrjrymctnfixv/Build/Intermediates.noindex/swift-distributed-tracing.build/Debug/Instrumentation.build/Instrumentation.DependencyMetadataFileList --static-metadata-file-list /Users/steipete/Library/Developer/Xcode/DerivedData/CodeLooper-crrddjihwjtfkwegrjrymctnfixv/Build/Intermediates.noindex/swift-distributed-tracing.build/Debug/Instrumentation.build/Instrumentation.DependencyStaticMetadataFileList --swift-const-vals-list /Users/steipete/Library/Developer/Xcode/DerivedData/CodeLooper-crrddjihwjtfkwegrjrymctnfixv/Build/Intermediates.noindex/swift-distributed-tracing.build/Debug/Instrumentation.build/Objects-normal/arm64/Instrumentation.SwiftConstValuesFileList --force --compile-time-extraction --deployment-aware-processing --validate-assistant-intents --no-app-shortcuts-localization
2025-06-10 00:10:33.635 appintentsmetadataprocessor[98431:11266038] Starting appintentsmetadataprocessor export
2025-06-10 00:10:33.665 appintentsmetadataprocessor[98431:11266038] Extracted no relevant App Intents symbols, skipping writing output

ExtractAppIntentsMetadata (in target 'HeapModule' from project 'swift-collections')
    cd /Users/steipete/Library/Developer/Xcode/DerivedData/CodeLooper-crrddjihwjtfkwegrjrymctnfixv/SourcePackages/checkouts/swift-collections
    /Applications/Xcode-beta.app/Contents/Developer/Toolchains/XcodeDefault.xctoolchain/usr/bin/appintentsmetadataprocessor --toolchain-dir /Applications/Xcode-beta.app/Contents/Developer/Toolchains/XcodeDefault.xctoolchain --module-name HeapModule --sdk-root /Applications/Xcode-beta.app/Contents/Developer/Platforms/MacOSX.platform/Developer/SDKs/MacOSX26.0.sdk --xcode-version 17A5241e --platform-family macOS --deployment-target 10.13 --bundle-identifier swift-collections.HeapModule --output /Users/steipete/Library/Developer/Xcode/DerivedData/CodeLooper-crrddjihwjtfkwegrjrymctnfixv/Build/Products/Debug/HeapModule.appintents --target-triple arm64-apple-macos10.13 --binary-file /Users/steipete/Library/Developer/Xcode/DerivedData/CodeLooper-crrddjihwjtfkwegrjrymctnfixv/Build/Products/Debug/HeapModule.o --dependency-file /Users/steipete/Library/Developer/Xcode/DerivedData/CodeLooper-crrddjihwjtfkwegrjrymctnfixv/Build/Intermediates.noindex/swift-collections.build/Debug/HeapModule.build/Objects-normal/arm64/HeapModule_dependency_info.dat --stringsdata-file /Users/steipete/Library/Developer/Xcode/DerivedData/CodeLooper-crrddjihwjtfkwegrjrymctnfixv/Build/Intermediates.noindex/swift-collections.build/Debug/HeapModule.build/Objects-normal/arm64/ExtractedAppShortcutsMetadata.stringsdata --source-file-list /Users/steipete/Library/Developer/Xcode/DerivedData/CodeLooper-crrddjihwjtfkwegrjrymctnfixv/Build/Intermediates.noindex/swift-collections.build/Debug/HeapModule.build/Objects-normal/arm64/HeapModule.SwiftFileList --metadata-file-list /Users/steipete/Library/Developer/Xcode/DerivedData/CodeLooper-crrddjihwjtfkwegrjrymctnfixv/Build/Intermediates.noindex/swift-collections.build/Debug/HeapModule.build/HeapModule.DependencyMetadataFileList --static-metadata-file-list /Users/steipete/Library/Developer/Xcode/DerivedData/CodeLooper-crrddjihwjtfkwegrjrymctnfixv/Build/Intermediates.noindex/swift-collections.build/Debug/HeapModule.build/HeapModule.DependencyStaticMetadataFileList --swift-const-vals-list /Users/steipete/Library/Developer/Xcode/DerivedData/CodeLooper-crrddjihwjtfkwegrjrymctnfixv/Build/Intermediates.noindex/swift-collections.build/Debug/HeapModule.build/Objects-normal/arm64/HeapModule.SwiftConstValuesFileList --force --compile-time-extraction --deployment-aware-processing --validate-assistant-intents --no-app-shortcuts-localization
2025-06-10 00:10:33.648 appintentsmetadataprocessor[98434:11266042] Starting appintentsmetadataprocessor export
2025-06-10 00:10:33.678 appintentsmetadataprocessor[98434:11266042] Extracted no relevant App Intents symbols, skipping writing output

SwiftDriverJobDiscovery normal arm64 Compiling _UnsafeWrappedBuffer.swift (in target 'DequeModule' from project 'swift-collections')

ExtractAppIntentsMetadata (in target 'UnixSignals' from project 'swift-service-lifecycle')
    cd /Users/steipete/Library/Developer/Xcode/DerivedData/CodeLooper-crrddjihwjtfkwegrjrymctnfixv/SourcePackages/checkouts/swift-service-lifecycle
    /Applications/Xcode-beta.app/Contents/Developer/Toolchains/XcodeDefault.xctoolchain/usr/bin/appintentsmetadataprocessor --toolchain-dir /Applications/Xcode-beta.app/Contents/Developer/Toolchains/XcodeDefault.xctoolchain --module-name UnixSignals --sdk-root /Applications/Xcode-beta.app/Contents/Developer/Platforms/MacOSX.platform/Developer/SDKs/MacOSX26.0.sdk --xcode-version 17A5241e --platform-family macOS --deployment-target 10.13 --bundle-identifier swift-service-lifecycle.UnixSignals --output /Users/steipete/Library/Developer/Xcode/DerivedData/CodeLooper-crrddjihwjtfkwegrjrymctnfixv/Build/Products/Debug/UnixSignals.appintents --target-triple arm64-apple-macos10.13 --binary-file /Users/steipete/Library/Developer/Xcode/DerivedData/CodeLooper-crrddjihwjtfkwegrjrymctnfixv/Build/Products/Debug/UnixSignals.o --dependency-file /Users/steipete/Library/Developer/Xcode/DerivedData/CodeLooper-crrddjihwjtfkwegrjrymctnfixv/Build/Intermediates.noindex/swift-service-lifecycle.build/Debug/UnixSignals.build/Objects-normal/arm64/UnixSignals_dependency_info.dat --stringsdata-file /Users/steipete/Library/Developer/Xcode/DerivedData/CodeLooper-crrddjihwjtfkwegrjrymctnfixv/Build/Intermediates.noindex/swift-service-lifecycle.build/Debug/UnixSignals.build/Objects-normal/arm64/ExtractedAppShortcutsMetadata.stringsdata --source-file-list /Users/steipete/Library/Developer/Xcode/DerivedData/CodeLooper-crrddjihwjtfkwegrjrymctnfixv/Build/Intermediates.noindex/swift-service-lifecycle.build/Debug/UnixSignals.build/Objects-normal/arm64/UnixSignals.SwiftFileList --metadata-file-list /Users/steipete/Library/Developer/Xcode/DerivedData/CodeLooper-crrddjihwjtfkwegrjrymctnfixv/Build/Intermediates.noindex/swift-service-lifecycle.build/Debug/UnixSignals.build/UnixSignals.DependencyMetadataFileList --static-metadata-file-list /Users/steipete/Library/Developer/Xcode/DerivedData/CodeLooper-crrddjihwjtfkwegrjrymctnfixv/Build/Intermediates.noindex/swift-service-lifecycle.build/Debug/UnixSignals.build/UnixSignals.DependencyStaticMetadataFileList --swift-const-vals-list /Users/steipete/Library/Developer/Xcode/DerivedData/CodeLooper-crrddjihwjtfkwegrjrymctnfixv/Build/Intermediates.noindex/swift-service-lifecycle.build/Debug/UnixSignals.build/Objects-normal/arm64/UnixSignals.SwiftConstValuesFileList --force --compile-time-extraction --deployment-aware-processing --validate-assistant-intents --no-app-shortcuts-localization
2025-06-10 00:10:33.658 appintentsmetadataprocessor[98435:11266061] Starting appintentsmetadataprocessor export
2025-06-10 00:10:33.688 appintentsmetadataprocessor[98435:11266061] Extracted no relevant App Intents symbols, skipping writing output

SwiftDriverJobDiscovery normal arm64 Compiling Deque+ExpressibleByArrayLiteral.swift (in target 'DequeModule' from project 'swift-collections')

ExtractAppIntentsMetadata (in target 'Metrics' from project 'swift-metrics')
    cd /Users/steipete/Library/Developer/Xcode/DerivedData/CodeLooper-crrddjihwjtfkwegrjrymctnfixv/SourcePackages/checkouts/swift-metrics
    /Applications/Xcode-beta.app/Contents/Developer/Toolchains/XcodeDefault.xctoolchain/usr/bin/appintentsmetadataprocessor --toolchain-dir /Applications/Xcode-beta.app/Contents/Developer/Toolchains/XcodeDefault.xctoolchain --module-name Metrics --sdk-root /Applications/Xcode-beta.app/Contents/Developer/Platforms/MacOSX.platform/Developer/SDKs/MacOSX26.0.sdk --xcode-version 17A5241e --platform-family macOS --deployment-target 10.13 --bundle-identifier swift-metrics.Metrics --output /Users/steipete/Library/Developer/Xcode/DerivedData/CodeLooper-crrddjihwjtfkwegrjrymctnfixv/Build/Products/Debug/Metrics.appintents --target-triple arm64-apple-macos10.13 --binary-file /Users/steipete/Library/Developer/Xcode/DerivedData/CodeLooper-crrddjihwjtfkwegrjrymctnfixv/Build/Products/Debug/Metrics.o --dependency-file /Users/steipete/Library/Developer/Xcode/DerivedData/CodeLooper-crrddjihwjtfkwegrjrymctnfixv/Build/Intermediates.noindex/swift-metrics.build/Debug/Metrics.build/Objects-normal/arm64/Metrics_dependency_info.dat --stringsdata-file /Users/steipete/Library/Developer/Xcode/DerivedData/CodeLooper-crrddjihwjtfkwegrjrymctnfixv/Build/Intermediates.noindex/swift-metrics.build/Debug/Metrics.build/Objects-normal/arm64/ExtractedAppShortcutsMetadata.stringsdata --source-file-list /Users/steipete/Library/Developer/Xcode/DerivedData/CodeLooper-crrddjihwjtfkwegrjrymctnfixv/Build/Intermediates.noindex/swift-metrics.build/Debug/Metrics.build/Objects-normal/arm64/Metrics.SwiftFileList --metadata-file-list /Users/steipete/Library/Developer/Xcode/DerivedData/CodeLooper-crrddjihwjtfkwegrjrymctnfixv/Build/Intermediates.noindex/swift-metrics.build/Debug/Metrics.build/Metrics.DependencyMetadataFileList --static-metadata-file-list /Users/steipete/Library/Developer/Xcode/DerivedData/CodeLooper-crrddjihwjtfkwegrjrymctnfixv/Build/Intermediates.noindex/swift-metrics.build/Debug/Metrics.build/Metrics.DependencyStaticMetadataFileList --swift-const-vals-list /Users/steipete/Library/Developer/Xcode/DerivedData/CodeLooper-crrddjihwjtfkwegrjrymctnfixv/Build/Intermediates.noindex/swift-metrics.build/Debug/Metrics.build/Objects-normal/arm64/Metrics.SwiftConstValuesFileList --force --compile-time-extraction --deployment-aware-processing --validate-assistant-intents --no-app-shortcuts-localization
2025-06-10 00:10:33.674 appintentsmetadataprocessor[98436:11266068] Starting appintentsmetadataprocessor export
2025-06-10 00:10:33.705 appintentsmetadataprocessor[98436:11266068] Extracted no relevant App Intents symbols, skipping writing output

SwiftDriver Tracing normal arm64 com.apple.xcode.tools.swift.compiler (in target 'Tracing' from project 'swift-distributed-tracing')
    cd /Users/steipete/Projects/CodeLooper
    builtin-SwiftDriver -- /Applications/Xcode-beta.app/Contents/Developer/Toolchains/XcodeDefault.xctoolchain/usr/bin/swiftc -module-name Tracing -Onone -enforce-exclusivity\=checked @/Users/steipete/Library/Developer/Xcode/DerivedData/CodeLooper-crrddjihwjtfkwegrjrymctnfixv/Build/Intermediates.noindex/swift-distributed-tracing.build/Debug/Tracing.build/Objects-normal/arm64/Tracing.SwiftFileList -DSWIFT_PACKAGE -DDEBUG -DSWIFT_MODULE_RESOURCE_BUNDLE_UNAVAILABLE -DXcode -enable-experimental-feature StrictConcurrency\=complete -plugin-path /Applications/Xcode-beta.app/Contents/Developer/Toolchains/XcodeDefault.xctoolchain/usr/lib/swift/host/plugins/testing -enable-experimental-feature DebugDescriptionMacro -sdk /Applications/Xcode-beta.app/Contents/Developer/Platforms/MacOSX.platform/Developer/SDKs/MacOSX26.0.sdk -target arm64-apple-macos10.13 -g -module-cache-path /Users/steipete/Library/Developer/Xcode/DerivedData/ModuleCache.noindex -Xfrontend -serialize-debugging-options -profile-coverage-mapping -profile-generate -enable-testing -suppress-warnings -index-store-path /Users/steipete/Library/Developer/Xcode/DerivedData/CodeLooper-crrddjihwjtfkwegrjrymctnfixv/Index.noindex/DataStore -swift-version 5 -I /Users/steipete/Library/Developer/Xcode/DerivedData/CodeLooper-crrddjihwjtfkwegrjrymctnfixv/Build/Products/Debug -I /Applications/Xcode-beta.app/Contents/Developer/Platforms/MacOSX.platform/Developer/usr/lib -F /Users/steipete/Library/Developer/Xcode/DerivedData/CodeLooper-crrddjihwjtfkwegrjrymctnfixv/Build/Products/Debug/PackageFrameworks -F /Users/steipete/Library/Developer/Xcode/DerivedData/CodeLooper-crrddjihwjtfkwegrjrymctnfixv/Build/Products/Debug/PackageFrameworks -F /Users/steipete/Library/Developer/Xcode/DerivedData/CodeLooper-crrddjihwjtfkwegrjrymctnfixv/Build/Products/Debug -F /Applications/Xcode-beta.app/Contents/Developer/Platforms/MacOSX.platform/Developer/Library/Frameworks -c -j16 -enable-batch-mode -incremental -Xcc -ivfsstatcache -Xcc /Users/steipete/Library/Developer/Xcode/DerivedData/SDKStatCaches.noindex/macosx26.0-25A5279m-5d9328ff1a6613a11d359de947506b52.sdkstatcache -output-file-map /Users/steipete/Library/Developer/Xcode/DerivedData/CodeLooper-crrddjihwjtfkwegrjrymctnfixv/Build/Intermediates.noindex/swift-distributed-tracing.build/Debug/Tracing.build/Objects-normal/arm64/Tracing-OutputFileMap.json -use-frontend-parseable-output -save-temps -no-color-diagnostics -explicit-module-build -module-cache-path /Users/steipete/Library/Developer/Xcode/DerivedData/CodeLooper-crrddjihwjtfkwegrjrymctnfixv/Build/Intermediates.noindex/SwiftExplicitPrecompiledModules -clang-scanner-module-cache-path /Users/steipete/Library/Developer/Xcode/DerivedData/ModuleCache.noindex -sdk-module-cache-path /Users/steipete/Library/Developer/Xcode/DerivedData/ModuleCache.noindex -serialize-diagnostics -emit-dependencies -emit-module -emit-module-path /Users/steipete/Library/Developer/Xcode/DerivedData/CodeLooper-crrddjihwjtfkwegrjrymctnfixv/Build/Intermediates.noindex/swift-distributed-tracing.build/Debug/Tracing.build/Objects-normal/arm64/Tracing.swiftmodule -validate-clang-modules-once -clang-build-session-file /Users/steipete/Library/Developer/Xcode/DerivedData/ModuleCache.noindex/Session.modulevalidation -package-name swift_distributed_tracing -Xcc -I/Users/steipete/Library/Developer/Xcode/DerivedData/CodeLooper-crrddjihwjtfkwegrjrymctnfixv/Build/Intermediates.noindex/swift-distributed-tracing.build/Debug/Tracing.build/swift-overrides.hmap -emit-const-values -Xfrontend -const-gather-protocols-file -Xfrontend /Users/steipete/Library/Developer/Xcode/DerivedData/CodeLooper-crrddjihwjtfkwegrjrymctnfixv/Build/Intermediates.noindex/swift-distributed-tracing.build/Debug/Tracing.build/Objects-normal/arm64/Tracing_const_extract_protocols.json -Xcc -I/Users/steipete/Library/Developer/Xcode/DerivedData/CodeLooper-crrddjihwjtfkwegrjrymctnfixv/Build/Products/Debug/include -Xcc -I/Users/steipete/Library/Developer/Xcode/DerivedData/CodeLooper-crrddjihwjtfkwegrjrymctnfixv/Build/Intermediates.noindex/swift-distributed-tracing.build/Debug/Tracing.build/DerivedSources-normal/arm64 -Xcc -I/Users/steipete/Library/Developer/Xcode/DerivedData/CodeLooper-crrddjihwjtfkwegrjrymctnfixv/Build/Intermediates.noindex/swift-distributed-tracing.build/Debug/Tracing.build/DerivedSources/arm64 -Xcc -I/Users/steipete/Library/Developer/Xcode/DerivedData/CodeLooper-crrddjihwjtfkwegrjrymctnfixv/Build/Intermediates.noindex/swift-distributed-tracing.build/Debug/Tracing.build/DerivedSources -Xcc -DSWIFT_PACKAGE -Xcc -DDEBUG\=1 -emit-objc-header -emit-objc-header-path /Users/steipete/Library/Developer/Xcode/DerivedData/CodeLooper-crrddjihwjtfkwegrjrymctnfixv/Build/Intermediates.noindex/swift-distributed-tracing.build/Debug/Tracing.build/Objects-normal/arm64/Tracing-Swift.h -working-directory /Users/steipete/Projects/CodeLooper -experimental-emit-module-separately -disable-cmo

SwiftDriverJobDiscovery normal arm64 Compiling _DequeSlot.swift (in target 'DequeModule' from project 'swift-collections')

RegisterExecutionPolicyException /Users/steipete/Library/Developer/Xcode/DerivedData/CodeLooper-crrddjihwjtfkwegrjrymctnfixv/Build/Products/Debug/Instrumentation.o (in target 'Instrumentation' from project 'swift-distributed-tracing')
    cd /Users/steipete/Library/Developer/Xcode/DerivedData/CodeLooper-crrddjihwjtfkwegrjrymctnfixv/SourcePackages/checkouts/swift-distributed-tracing
    builtin-RegisterExecutionPolicyException /Users/steipete/Library/Developer/Xcode/DerivedData/CodeLooper-crrddjihwjtfkwegrjrymctnfixv/Build/Products/Debug/Instrumentation.o

RegisterExecutionPolicyException /Users/steipete/Library/Developer/Xcode/DerivedData/CodeLooper-crrddjihwjtfkwegrjrymctnfixv/Build/Products/Debug/Atomics.o (in target 'Atomics' from project 'swift-atomics')
    cd /Users/steipete/Library/Developer/Xcode/DerivedData/CodeLooper-crrddjihwjtfkwegrjrymctnfixv/SourcePackages/checkouts/swift-atomics
    builtin-RegisterExecutionPolicyException /Users/steipete/Library/Developer/Xcode/DerivedData/CodeLooper-crrddjihwjtfkwegrjrymctnfixv/Build/Products/Debug/Atomics.o

RegisterExecutionPolicyException /Users/steipete/Library/Developer/Xcode/DerivedData/CodeLooper-crrddjihwjtfkwegrjrymctnfixv/Build/Products/Debug/HeapModule.o (in target 'HeapModule' from project 'swift-collections')
    cd /Users/steipete/Library/Developer/Xcode/DerivedData/CodeLooper-crrddjihwjtfkwegrjrymctnfixv/SourcePackages/checkouts/swift-collections
    builtin-RegisterExecutionPolicyException /Users/steipete/Library/Developer/Xcode/DerivedData/CodeLooper-crrddjihwjtfkwegrjrymctnfixv/Build/Products/Debug/HeapModule.o

SwiftDriverJobDiscovery normal arm64 Compiling Deque+Testing.swift (in target 'DequeModule' from project 'swift-collections')

SwiftDriverJobDiscovery normal arm64 Compiling Deque._Storage.swift (in target 'DequeModule' from project 'swift-collections')

RegisterExecutionPolicyException /Users/steipete/Library/Developer/Xcode/DerivedData/CodeLooper-crrddjihwjtfkwegrjrymctnfixv/Build/Products/Debug/UnixSignals.o (in target 'UnixSignals' from project 'swift-service-lifecycle')
    cd /Users/steipete/Library/Developer/Xcode/DerivedData/CodeLooper-crrddjihwjtfkwegrjrymctnfixv/SourcePackages/checkouts/swift-service-lifecycle
    builtin-RegisterExecutionPolicyException /Users/steipete/Library/Developer/Xcode/DerivedData/CodeLooper-crrddjihwjtfkwegrjrymctnfixv/Build/Products/Debug/UnixSignals.o

SwiftCompile normal arm64 Compiling\ OrderedSet+Partial\ SetAlgebra\ isStrictSuperset.swift,\ OrderedSet+Partial\ SetAlgebra\ isSubset.swift,\ OrderedSet+Partial\ SetAlgebra\ isSuperset.swift,\ OrderedSet+Partial\ SetAlgebra\ subtract.swift /Users/steipete/Library/Developer/Xcode/DerivedData/CodeLooper-crrddjihwjtfkwegrjrymctnfixv/SourcePackages/checkouts/swift-collections/Sources/OrderedCollections/OrderedSet/OrderedSet+Partial\ SetAlgebra\ isStrictSuperset.swift /Users/steipete/Library/Developer/Xcode/DerivedData/CodeLooper-crrddjihwjtfkwegrjrymctnfixv/SourcePackages/checkouts/swift-collections/Sources/OrderedCollections/OrderedSet/OrderedSet+Partial\ SetAlgebra\ isSubset.swift /Users/steipete/Library/Developer/Xcode/DerivedData/CodeLooper-crrddjihwjtfkwegrjrymctnfixv/SourcePackages/checkouts/swift-collections/Sources/OrderedCollections/OrderedSet/OrderedSet+Partial\ SetAlgebra\ isSuperset.swift /Users/steipete/Library/Developer/Xcode/DerivedData/CodeLooper-crrddjihwjtfkwegrjrymctnfixv/SourcePackages/checkouts/swift-collections/Sources/OrderedCollections/OrderedSet/OrderedSet+Partial\ SetAlgebra\ subtract.swift (in target 'OrderedCollections' from project 'swift-collections')

SwiftCompile normal arm64 /Users/steipete/Library/Developer/Xcode/DerivedData/CodeLooper-crrddjihwjtfkwegrjrymctnfixv/SourcePackages/checkouts/swift-collections/Sources/OrderedCollections/OrderedSet/OrderedSet+Partial\ SetAlgebra\ isStrictSuperset.swift (in target 'OrderedCollections' from project 'swift-collections')
    cd /Users/steipete/Projects/CodeLooper
    

SwiftCompile normal arm64 /Users/steipete/Library/Developer/Xcode/DerivedData/CodeLooper-crrddjihwjtfkwegrjrymctnfixv/SourcePackages/checkouts/swift-collections/Sources/OrderedCollections/OrderedSet/OrderedSet+Partial\ SetAlgebra\ isSubset.swift (in target 'OrderedCollections' from project 'swift-collections')
    cd /Users/steipete/Projects/CodeLooper
    

SwiftCompile normal arm64 /Users/steipete/Library/Developer/Xcode/DerivedData/CodeLooper-crrddjihwjtfkwegrjrymctnfixv/SourcePackages/checkouts/swift-collections/Sources/OrderedCollections/OrderedSet/OrderedSet+Partial\ SetAlgebra\ isSuperset.swift (in target 'OrderedCollections' from project 'swift-collections')
    cd /Users/steipete/Projects/CodeLooper
    

SwiftCompile normal arm64 /Users/steipete/Library/Developer/Xcode/DerivedData/CodeLooper-crrddjihwjtfkwegrjrymctnfixv/SourcePackages/checkouts/swift-collections/Sources/OrderedCollections/OrderedSet/OrderedSet+Partial\ SetAlgebra\ subtract.swift (in target 'OrderedCollections' from project 'swift-collections')
    cd /Users/steipete/Projects/CodeLooper
    

SwiftEmitModule normal arm64 Emitting\ module\ for\ OrderedCollections (in target 'OrderedCollections' from project 'swift-collections')
EmitSwiftModule normal arm64 (in target 'OrderedCollections' from project 'swift-collections')
    cd /Users/steipete/Projects/CodeLooper
    

SwiftCompile normal arm64 Compiling\ _HashTable+Bucket.swift,\ _HashTable+BucketIterator.swift,\ _HashTable+Constants.swift,\ _HashTable+CustomStringConvertible.swift /Users/steipete/Library/Developer/Xcode/DerivedData/CodeLooper-crrddjihwjtfkwegrjrymctnfixv/SourcePackages/checkouts/swift-collections/Sources/OrderedCollections/HashTable/_HashTable+Bucket.swift /Users/steipete/Library/Developer/Xcode/DerivedData/CodeLooper-crrddjihwjtfkwegrjrymctnfixv/SourcePackages/checkouts/swift-collections/Sources/OrderedCollections/HashTable/_HashTable+BucketIterator.swift /Users/steipete/Library/Developer/Xcode/DerivedData/CodeLooper-crrddjihwjtfkwegrjrymctnfixv/SourcePackages/checkouts/swift-collections/Sources/OrderedCollections/HashTable/_HashTable+Constants.swift /Users/steipete/Library/Developer/Xcode/DerivedData/CodeLooper-crrddjihwjtfkwegrjrymctnfixv/SourcePackages/checkouts/swift-collections/Sources/OrderedCollections/HashTable/_HashTable+CustomStringConvertible.swift (in target 'OrderedCollections' from project 'swift-collections')

SwiftCompile normal arm64 /Users/steipete/Library/Developer/Xcode/DerivedData/CodeLooper-crrddjihwjtfkwegrjrymctnfixv/SourcePackages/checkouts/swift-collections/Sources/OrderedCollections/HashTable/_HashTable+Bucket.swift (in target 'OrderedCollections' from project 'swift-collections')
    cd /Users/steipete/Projects/CodeLooper
    

SwiftCompile normal arm64 /Users/steipete/Library/Developer/Xcode/DerivedData/CodeLooper-crrddjihwjtfkwegrjrymctnfixv/SourcePackages/checkouts/swift-collections/Sources/OrderedCollections/HashTable/_HashTable+BucketIterator.swift (in target 'OrderedCollections' from project 'swift-collections')
    cd /Users/steipete/Projects/CodeLooper
    

SwiftCompile normal arm64 /Users/steipete/Library/Developer/Xcode/DerivedData/CodeLooper-crrddjihwjtfkwegrjrymctnfixv/SourcePackages/checkouts/swift-collections/Sources/OrderedCollections/HashTable/_HashTable+Constants.swift (in target 'OrderedCollections' from project 'swift-collections')
    cd /Users/steipete/Projects/CodeLooper
    

SwiftCompile normal arm64 /Users/steipete/Library/Developer/Xcode/DerivedData/CodeLooper-crrddjihwjtfkwegrjrymctnfixv/SourcePackages/checkouts/swift-collections/Sources/OrderedCollections/HashTable/_HashTable+CustomStringConvertible.swift (in target 'OrderedCollections' from project 'swift-collections')
    cd /Users/steipete/Projects/CodeLooper
    

SwiftCompile normal arm64 Compiling\ OrderedSet+Initializers.swift,\ OrderedSet+Insertions.swift,\ OrderedSet+Invariants.swift,\ OrderedSet+Partial\ MutableCollection.swift /Users/steipete/Library/Developer/Xcode/DerivedData/CodeLooper-crrddjihwjtfkwegrjrymctnfixv/SourcePackages/checkouts/swift-collections/Sources/OrderedCollections/OrderedSet/OrderedSet+Initializers.swift /Users/steipete/Library/Developer/Xcode/DerivedData/CodeLooper-crrddjihwjtfkwegrjrymctnfixv/SourcePackages/checkouts/swift-collections/Sources/OrderedCollections/OrderedSet/OrderedSet+Insertions.swift /Users/steipete/Library/Developer/Xcode/DerivedData/CodeLooper-crrddjihwjtfkwegrjrymctnfixv/SourcePackages/checkouts/swift-collections/Sources/OrderedCollections/OrderedSet/OrderedSet+Invariants.swift /Users/steipete/Library/Developer/Xcode/DerivedData/CodeLooper-crrddjihwjtfkwegrjrymctnfixv/SourcePackages/checkouts/swift-collections/Sources/OrderedCollections/OrderedSet/OrderedSet+Partial\ MutableCollection.swift (in target 'OrderedCollections' from project 'swift-collections')

SwiftCompile normal arm64 /Users/steipete/Library/Developer/Xcode/DerivedData/CodeLooper-crrddjihwjtfkwegrjrymctnfixv/SourcePackages/checkouts/swift-collections/Sources/OrderedCollections/OrderedSet/OrderedSet+Initializers.swift (in target 'OrderedCollections' from project 'swift-collections')
    cd /Users/steipete/Projects/CodeLooper
    

SwiftCompile normal arm64 /Users/steipete/Library/Developer/Xcode/DerivedData/CodeLooper-crrddjihwjtfkwegrjrymctnfixv/SourcePackages/checkouts/swift-collections/Sources/OrderedCollections/OrderedSet/OrderedSet+Insertions.swift (in target 'OrderedCollections' from project 'swift-collections')
    cd /Users/steipete/Projects/CodeLooper
    

SwiftCompile normal arm64 /Users/steipete/Library/Developer/Xcode/DerivedData/CodeLooper-crrddjihwjtfkwegrjrymctnfixv/SourcePackages/checkouts/swift-collections/Sources/OrderedCollections/OrderedSet/OrderedSet+Invariants.swift (in target 'OrderedCollections' from project 'swift-collections')
    cd /Users/steipete/Projects/CodeLooper
    

SwiftCompile normal arm64 /Users/steipete/Library/Developer/Xcode/DerivedData/CodeLooper-crrddjihwjtfkwegrjrymctnfixv/SourcePackages/checkouts/swift-collections/Sources/OrderedCollections/OrderedSet/OrderedSet+Partial\ MutableCollection.swift (in target 'OrderedCollections' from project 'swift-collections')
    cd /Users/steipete/Projects/CodeLooper
    

SwiftCompile normal arm64 Compiling\ OrderedDictionary+Codable.swift,\ OrderedDictionary+CustomReflectable.swift,\ OrderedDictionary+Deprecations.swift,\ OrderedDictionary+Descriptions.swift /Users/steipete/Library/Developer/Xcode/DerivedData/CodeLooper-crrddjihwjtfkwegrjrymctnfixv/SourcePackages/checkouts/swift-collections/Sources/OrderedCollections/OrderedDictionary/OrderedDictionary+Codable.swift /Users/steipete/Library/Developer/Xcode/DerivedData/CodeLooper-crrddjihwjtfkwegrjrymctnfixv/SourcePackages/checkouts/swift-collections/Sources/OrderedCollections/OrderedDictionary/OrderedDictionary+CustomReflectable.swift /Users/steipete/Library/Developer/Xcode/DerivedData/CodeLooper-crrddjihwjtfkwegrjrymctnfixv/SourcePackages/checkouts/swift-collections/Sources/OrderedCollections/OrderedDictionary/OrderedDictionary+Deprecations.swift /Users/steipete/Library/Developer/Xcode/DerivedData/CodeLooper-crrddjihwjtfkwegrjrymctnfixv/SourcePackages/checkouts/swift-collections/Sources/OrderedCollections/OrderedDictionary/OrderedDictionary+Descriptions.swift (in target 'OrderedCollections' from project 'swift-collections')

SwiftCompile normal arm64 /Users/steipete/Library/Developer/Xcode/DerivedData/CodeLooper-crrddjihwjtfkwegrjrymctnfixv/SourcePackages/checkouts/swift-collections/Sources/OrderedCollections/OrderedDictionary/OrderedDictionary+Codable.swift (in target 'OrderedCollections' from project 'swift-collections')
    cd /Users/steipete/Projects/CodeLooper
    

SwiftCompile normal arm64 /Users/steipete/Library/Developer/Xcode/DerivedData/CodeLooper-crrddjihwjtfkwegrjrymctnfixv/SourcePackages/checkouts/swift-collections/Sources/OrderedCollections/OrderedDictionary/OrderedDictionary+CustomReflectable.swift (in target 'OrderedCollections' from project 'swift-collections')
    cd /Users/steipete/Projects/CodeLooper
    

SwiftCompile normal arm64 /Users/steipete/Library/Developer/Xcode/DerivedData/CodeLooper-crrddjihwjtfkwegrjrymctnfixv/SourcePackages/checkouts/swift-collections/Sources/OrderedCollections/OrderedDictionary/OrderedDictionary+Deprecations.swift (in target 'OrderedCollections' from project 'swift-collections')
    cd /Users/steipete/Projects/CodeLooper
    

SwiftCompile normal arm64 /Users/steipete/Library/Developer/Xcode/DerivedData/CodeLooper-crrddjihwjtfkwegrjrymctnfixv/SourcePackages/checkouts/swift-collections/Sources/OrderedCollections/OrderedDictionary/OrderedDictionary+Descriptions.swift (in target 'OrderedCollections' from project 'swift-collections')
    cd /Users/steipete/Projects/CodeLooper
    

SwiftCompile normal arm64 Compiling\ OrderedSet+RandomAccessCollection.swift,\ OrderedSet+ReserveCapacity.swift,\ OrderedSet+Sendable.swift /Users/steipete/Library/Developer/Xcode/DerivedData/CodeLooper-crrddjihwjtfkwegrjrymctnfixv/SourcePackages/checkouts/swift-collections/Sources/OrderedCollections/OrderedSet/OrderedSet+RandomAccessCollection.swift /Users/steipete/Library/Developer/Xcode/DerivedData/CodeLooper-crrddjihwjtfkwegrjrymctnfixv/SourcePackages/checkouts/swift-collections/Sources/OrderedCollections/OrderedSet/OrderedSet+ReserveCapacity.swift /Users/steipete/Library/Developer/Xcode/DerivedData/CodeLooper-crrddjihwjtfkwegrjrymctnfixv/SourcePackages/checkouts/swift-collections/Sources/OrderedCollections/OrderedSet/OrderedSet+Sendable.swift (in target 'OrderedCollections' from project 'swift-collections')

SwiftCompile normal arm64 /Users/steipete/Library/Developer/Xcode/DerivedData/CodeLooper-crrddjihwjtfkwegrjrymctnfixv/SourcePackages/checkouts/swift-collections/Sources/OrderedCollections/OrderedSet/OrderedSet+RandomAccessCollection.swift (in target 'OrderedCollections' from project 'swift-collections')
    cd /Users/steipete/Projects/CodeLooper
    

SwiftCompile normal arm64 /Users/steipete/Library/Developer/Xcode/DerivedData/CodeLooper-crrddjihwjtfkwegrjrymctnfixv/SourcePackages/checkouts/swift-collections/Sources/OrderedCollections/OrderedSet/OrderedSet+ReserveCapacity.swift (in target 'OrderedCollections' from project 'swift-collections')
    cd /Users/steipete/Projects/CodeLooper
    

SwiftCompile normal arm64 /Users/steipete/Library/Developer/Xcode/DerivedData/CodeLooper-crrddjihwjtfkwegrjrymctnfixv/SourcePackages/checkouts/swift-collections/Sources/OrderedCollections/OrderedSet/OrderedSet+Sendable.swift (in target 'OrderedCollections' from project 'swift-collections')
    cd /Users/steipete/Projects/CodeLooper
    

SwiftCompile normal arm64 Compiling\ OrderedDictionary+Elements.SubSequence.swift,\ OrderedDictionary+Elements.swift,\ OrderedDictionary+Equatable.swift,\ OrderedDictionary+ExpressibleByDictionaryLiteral.swift /Users/steipete/Library/Developer/Xcode/DerivedData/CodeLooper-crrddjihwjtfkwegrjrymctnfixv/SourcePackages/checkouts/swift-collections/Sources/OrderedCollections/OrderedDictionary/OrderedDictionary+Elements.SubSequence.swift /Users/steipete/Library/Developer/Xcode/DerivedData/CodeLooper-crrddjihwjtfkwegrjrymctnfixv/SourcePackages/checkouts/swift-collections/Sources/OrderedCollections/OrderedDictionary/OrderedDictionary+Elements.swift /Users/steipete/Library/Developer/Xcode/DerivedData/CodeLooper-crrddjihwjtfkwegrjrymctnfixv/SourcePackages/checkouts/swift-collections/Sources/OrderedCollections/OrderedDictionary/OrderedDictionary+Equatable.swift /Users/steipete/Library/Developer/Xcode/DerivedData/CodeLooper-crrddjihwjtfkwegrjrymctnfixv/SourcePackages/checkouts/swift-collections/Sources/OrderedCollections/OrderedDictionary/OrderedDictionary+ExpressibleByDictionaryLiteral.swift (in target 'OrderedCollections' from project 'swift-collections')

SwiftCompile normal arm64 /Users/steipete/Library/Developer/Xcode/DerivedData/CodeLooper-crrddjihwjtfkwegrjrymctnfixv/SourcePackages/checkouts/swift-collections/Sources/OrderedCollections/OrderedDictionary/OrderedDictionary+Elements.SubSequence.swift (in target 'OrderedCollections' from project 'swift-collections')
    cd /Users/steipete/Projects/CodeLooper
    

SwiftCompile normal arm64 /Users/steipete/Library/Developer/Xcode/DerivedData/CodeLooper-crrddjihwjtfkwegrjrymctnfixv/SourcePackages/checkouts/swift-collections/Sources/OrderedCollections/OrderedDictionary/OrderedDictionary+Elements.swift (in target 'OrderedCollections' from project 'swift-collections')
    cd /Users/steipete/Projects/CodeLooper
    

SwiftCompile normal arm64 /Users/steipete/Library/Developer/Xcode/DerivedData/CodeLooper-crrddjihwjtfkwegrjrymctnfixv/SourcePackages/checkouts/swift-collections/Sources/OrderedCollections/OrderedDictionary/OrderedDictionary+Equatable.swift (in target 'OrderedCollections' from project 'swift-collections')
    cd /Users/steipete/Projects/CodeLooper
    

SwiftCompile normal arm64 /Users/steipete/Library/Developer/Xcode/DerivedData/CodeLooper-crrddjihwjtfkwegrjrymctnfixv/SourcePackages/checkouts/swift-collections/Sources/OrderedCollections/OrderedDictionary/OrderedDictionary+ExpressibleByDictionaryLiteral.swift (in target 'OrderedCollections' from project 'swift-collections')
    cd /Users/steipete/Projects/CodeLooper
    

SwiftCompile normal arm64 Compiling\ OrderedDictionary+Hashable.swift,\ OrderedDictionary+Initializers.swift,\ OrderedDictionary+Invariants.swift,\ OrderedDictionary+Partial\ MutableCollection.swift /Users/steipete/Library/Developer/Xcode/DerivedData/CodeLooper-crrddjihwjtfkwegrjrymctnfixv/SourcePackages/checkouts/swift-collections/Sources/OrderedCollections/OrderedDictionary/OrderedDictionary+Hashable.swift /Users/steipete/Library/Developer/Xcode/DerivedData/CodeLooper-crrddjihwjtfkwegrjrymctnfixv/SourcePackages/checkouts/swift-collections/Sources/OrderedCollections/OrderedDictionary/OrderedDictionary+Initializers.swift /Users/steipete/Library/Developer/Xcode/DerivedData/CodeLooper-crrddjihwjtfkwegrjrymctnfixv/SourcePackages/checkouts/swift-collections/Sources/OrderedCollections/OrderedDictionary/OrderedDictionary+Invariants.swift /Users/steipete/Library/Developer/Xcode/DerivedData/CodeLooper-crrddjihwjtfkwegrjrymctnfixv/SourcePackages/checkouts/swift-collections/Sources/OrderedCollections/OrderedDictionary/OrderedDictionary+Partial\ MutableCollection.swift (in target 'OrderedCollections' from project 'swift-collections')

SwiftCompile normal arm64 /Users/steipete/Library/Developer/Xcode/DerivedData/CodeLooper-crrddjihwjtfkwegrjrymctnfixv/SourcePackages/checkouts/swift-collections/Sources/OrderedCollections/OrderedDictionary/OrderedDictionary+Hashable.swift (in target 'OrderedCollections' from project 'swift-collections')
    cd /Users/steipete/Projects/CodeLooper
    

SwiftCompile normal arm64 /Users/steipete/Library/Developer/Xcode/DerivedData/CodeLooper-crrddjihwjtfkwegrjrymctnfixv/SourcePackages/checkouts/swift-collections/Sources/OrderedCollections/OrderedDictionary/OrderedDictionary+Initializers.swift (in target 'OrderedCollections' from project 'swift-collections')
    cd /Users/steipete/Projects/CodeLooper
    

SwiftCompile normal arm64 /Users/steipete/Library/Developer/Xcode/DerivedData/CodeLooper-crrddjihwjtfkwegrjrymctnfixv/SourcePackages/checkouts/swift-collections/Sources/OrderedCollections/OrderedDictionary/OrderedDictionary+Invariants.swift (in target 'OrderedCollections' from project 'swift-collections')
    cd /Users/steipete/Projects/CodeLooper
    

SwiftCompile normal arm64 /Users/steipete/Library/Developer/Xcode/DerivedData/CodeLooper-crrddjihwjtfkwegrjrymctnfixv/SourcePackages/checkouts/swift-collections/Sources/OrderedCollections/OrderedDictionary/OrderedDictionary+Partial\ MutableCollection.swift (in target 'OrderedCollections' from project 'swift-collections')
    cd /Users/steipete/Projects/CodeLooper
    

SwiftEmitModule normal arm64 Emitting\ module\ for\ BitCollections (in target 'BitCollections' from project 'swift-collections')

EmitSwiftModule normal arm64 (in target 'BitCollections' from project 'swift-collections')
    cd /Users/steipete/Projects/CodeLooper
    

SwiftDriverJobDiscovery normal arm64 Compiling Deque+Collection.swift (in target 'DequeModule' from project 'swift-collections')

SwiftCompile normal arm64 Compiling\ OrderedSet+SubSequence.swift,\ OrderedSet+Testing.swift,\ OrderedSet+UnorderedView.swift /Users/steipete/Library/Developer/Xcode/DerivedData/CodeLooper-crrddjihwjtfkwegrjrymctnfixv/SourcePackages/checkouts/swift-collections/Sources/OrderedCollections/OrderedSet/OrderedSet+SubSequence.swift /Users/steipete/Library/Developer/Xcode/DerivedData/CodeLooper-crrddjihwjtfkwegrjrymctnfixv/SourcePackages/checkouts/swift-collections/Sources/OrderedCollections/OrderedSet/OrderedSet+Testing.swift /Users/steipete/Library/Developer/Xcode/DerivedData/CodeLooper-crrddjihwjtfkwegrjrymctnfixv/SourcePackages/checkouts/swift-collections/Sources/OrderedCollections/OrderedSet/OrderedSet+UnorderedView.swift (in target 'OrderedCollections' from project 'swift-collections')

SwiftCompile normal arm64 /Users/steipete/Library/Developer/Xcode/DerivedData/CodeLooper-crrddjihwjtfkwegrjrymctnfixv/SourcePackages/checkouts/swift-collections/Sources/OrderedCollections/OrderedSet/OrderedSet+SubSequence.swift (in target 'OrderedCollections' from project 'swift-collections')
    cd /Users/steipete/Projects/CodeLooper
    

SwiftCompile normal arm64 /Users/steipete/Library/Developer/Xcode/DerivedData/CodeLooper-crrddjihwjtfkwegrjrymctnfixv/SourcePackages/checkouts/swift-collections/Sources/OrderedCollections/OrderedSet/OrderedSet+Testing.swift (in target 'OrderedCollections' from project 'swift-collections')
    cd /Users/steipete/Projects/CodeLooper
    

SwiftCompile normal arm64 /Users/steipete/Library/Developer/Xcode/DerivedData/CodeLooper-crrddjihwjtfkwegrjrymctnfixv/SourcePackages/checkouts/swift-collections/Sources/OrderedCollections/OrderedSet/OrderedSet+UnorderedView.swift (in target 'OrderedCollections' from project 'swift-collections')
    cd /Users/steipete/Projects/CodeLooper
    

SwiftDriverJobDiscovery normal arm64 Emitting module for DequeModule (in target 'DequeModule' from project 'swift-collections')

SwiftDriver\ Compilation\ Requirements DequeModule normal arm64 com.apple.xcode.tools.swift.compiler (in target 'DequeModule' from project 'swift-collections')
    cd /Users/steipete/Projects/CodeLooper
    builtin-Swift-Compilation-Requirements -- /Applications/Xcode-beta.app/Contents/Developer/Toolchains/XcodeDefault.xctoolchain/usr/bin/swiftc -module-name DequeModule -Onone -enforce-exclusivity\=checked @/Users/steipete/Library/Developer/Xcode/DerivedData/CodeLooper-crrddjihwjtfkwegrjrymctnfixv/Build/Intermediates.noindex/swift-collections.build/Debug/DequeModule.build/Objects-normal/arm64/DequeModule.SwiftFileList -DSWIFT_PACKAGE -DDEBUG -DSWIFT_MODULE_RESOURCE_BUNDLE_UNAVAILABLE -DCOLLECTIONS_RANDOMIZED_TESTING -DXcode -plugin-path /Applications/Xcode-beta.app/Contents/Developer/Toolchains/XcodeDefault.xctoolchain/usr/lib/swift/host/plugins/testing -enable-experimental-feature DebugDescriptionMacro -sdk /Applications/Xcode-beta.app/Contents/Developer/Platforms/MacOSX.platform/Developer/SDKs/MacOSX26.0.sdk -target arm64-apple-macos10.13 -g -module-cache-path /Users/steipete/Library/Developer/Xcode/DerivedData/ModuleCache.noindex -Xfrontend -serialize-debugging-options -profile-coverage-mapping -profile-generate -enable-testing -suppress-warnings -index-store-path /Users/steipete/Library/Developer/Xcode/DerivedData/CodeLooper-crrddjihwjtfkwegrjrymctnfixv/Index.noindex/DataStore -swift-version 5 -I /Users/steipete/Library/Developer/Xcode/DerivedData/CodeLooper-crrddjihwjtfkwegrjrymctnfixv/Build/Products/Debug -I /Applications/Xcode-beta.app/Contents/Developer/Platforms/MacOSX.platform/Developer/usr/lib -F /Users/steipete/Library/Developer/Xcode/DerivedData/CodeLooper-crrddjihwjtfkwegrjrymctnfixv/Build/Products/Debug/PackageFrameworks -F /Users/steipete/Library/Developer/Xcode/DerivedData/CodeLooper-crrddjihwjtfkwegrjrymctnfixv/Build/Products/Debug -F /Applications/Xcode-beta.app/Contents/Developer/Platforms/MacOSX.platform/Developer/Library/Frameworks -c -j16 -enable-batch-mode -incremental -Xcc -ivfsstatcache -Xcc /Users/steipete/Library/Developer/Xcode/DerivedData/SDKStatCaches.noindex/macosx26.0-25A5279m-5d9328ff1a6613a11d359de947506b52.sdkstatcache -output-file-map /Users/steipete/Library/Developer/Xcode/DerivedData/CodeLooper-crrddjihwjtfkwegrjrymctnfixv/Build/Intermediates.noindex/swift-collections.build/Debug/DequeModule.build/Objects-normal/arm64/DequeModule-OutputFileMap.json -use-frontend-parseable-output -save-temps -no-color-diagnostics -explicit-module-build -module-cache-path /Users/steipete/Library/Developer/Xcode/DerivedData/CodeLooper-crrddjihwjtfkwegrjrymctnfixv/Build/Intermediates.noindex/SwiftExplicitPrecompiledModules -clang-scanner-module-cache-path /Users/steipete/Library/Developer/Xcode/DerivedData/ModuleCache.noindex -sdk-module-cache-path /Users/steipete/Library/Developer/Xcode/DerivedData/ModuleCache.noindex -serialize-diagnostics -emit-dependencies -emit-module -emit-module-path /Users/steipete/Library/Developer/Xcode/DerivedData/CodeLooper-crrddjihwjtfkwegrjrymctnfixv/Build/Intermediates.noindex/swift-collections.build/Debug/DequeModule.build/Objects-normal/arm64/DequeModule.swiftmodule -validate-clang-modules-once -clang-build-session-file /Users/steipete/Library/Developer/Xcode/DerivedData/ModuleCache.noindex/Session.modulevalidation -package-name swift_collections -Xcc -I/Users/steipete/Library/Developer/Xcode/DerivedData/CodeLooper-crrddjihwjtfkwegrjrymctnfixv/Build/Intermediates.noindex/swift-collections.build/Debug/DequeModule.build/swift-overrides.hmap -emit-const-values -Xfrontend -const-gather-protocols-file -Xfrontend /Users/steipete/Library/Developer/Xcode/DerivedData/CodeLooper-crrddjihwjtfkwegrjrymctnfixv/Build/Intermediates.noindex/swift-collections.build/Debug/DequeModule.build/Objects-normal/arm64/DequeModule_const_extract_protocols.json -Xcc -I/Users/steipete/Library/Developer/Xcode/DerivedData/CodeLooper-crrddjihwjtfkwegrjrymctnfixv/Build/Products/Debug/include -Xcc -I/Users/steipete/Library/Developer/Xcode/DerivedData/CodeLooper-crrddjihwjtfkwegrjrymctnfixv/Build/Intermediates.noindex/swift-collections.build/Debug/DequeModule.build/DerivedSources-normal/arm64 -Xcc -I/Users/steipete/Library/Developer/Xcode/DerivedData/CodeLooper-crrddjihwjtfkwegrjrymctnfixv/Build/Intermediates.noindex/swift-collections.build/Debug/DequeModule.build/DerivedSources/arm64 -Xcc -I/Users/steipete/Library/Developer/Xcode/DerivedData/CodeLooper-crrddjihwjtfkwegrjrymctnfixv/Build/Intermediates.noindex/swift-collections.build/Debug/DequeModule.build/DerivedSources -Xcc -DSWIFT_PACKAGE -Xcc -DDEBUG\=1 -emit-objc-header -emit-objc-header-path /Users/steipete/Library/Developer/Xcode/DerivedData/CodeLooper-crrddjihwjtfkwegrjrymctnfixv/Build/Intermediates.noindex/swift-collections.build/Debug/DequeModule.build/Objects-normal/arm64/DequeModule-Swift.h -working-directory /Users/steipete/Projects/CodeLooper -experimental-emit-module-separately -disable-cmo

SwiftDriverJobDiscovery normal arm64 Compiling Deque._UnsafeHandle.swift (in target 'DequeModule' from project 'swift-collections')

SwiftCompile normal arm64 Compiling\ OrderedSet+Diffing.swift,\ OrderedSet+Equatable.swift,\ OrderedSet+ExpressibleByArrayLiteral.swift,\ OrderedSet+Hashable.swift /Users/steipete/Library/Developer/Xcode/DerivedData/CodeLooper-crrddjihwjtfkwegrjrymctnfixv/SourcePackages/checkouts/swift-collections/Sources/OrderedCollections/OrderedSet/OrderedSet+Diffing.swift /Users/steipete/Library/Developer/Xcode/DerivedData/CodeLooper-crrddjihwjtfkwegrjrymctnfixv/SourcePackages/checkouts/swift-collections/Sources/OrderedCollections/OrderedSet/OrderedSet+Equatable.swift /Users/steipete/Library/Developer/Xcode/DerivedData/CodeLooper-crrddjihwjtfkwegrjrymctnfixv/SourcePackages/checkouts/swift-collections/Sources/OrderedCollections/OrderedSet/OrderedSet+ExpressibleByArrayLiteral.swift /Users/steipete/Library/Developer/Xcode/DerivedData/CodeLooper-crrddjihwjtfkwegrjrymctnfixv/SourcePackages/checkouts/swift-collections/Sources/OrderedCollections/OrderedSet/OrderedSet+Hashable.swift (in target 'OrderedCollections' from project 'swift-collections')

SwiftCompile normal arm64 /Users/steipete/Library/Developer/Xcode/DerivedData/CodeLooper-crrddjihwjtfkwegrjrymctnfixv/SourcePackages/checkouts/swift-collections/Sources/OrderedCollections/OrderedSet/OrderedSet+Diffing.swift (in target 'OrderedCollections' from project 'swift-collections')
    cd /Users/steipete/Projects/CodeLooper
    

SwiftCompile normal arm64 /Users/steipete/Library/Developer/Xcode/DerivedData/CodeLooper-crrddjihwjtfkwegrjrymctnfixv/SourcePackages/checkouts/swift-collections/Sources/OrderedCollections/OrderedSet/OrderedSet+Equatable.swift (in target 'OrderedCollections' from project 'swift-collections')
    cd /Users/steipete/Projects/CodeLooper
    

SwiftCompile normal arm64 /Users/steipete/Library/Developer/Xcode/DerivedData/CodeLooper-crrddjihwjtfkwegrjrymctnfixv/SourcePackages/checkouts/swift-collections/Sources/OrderedCollections/OrderedSet/OrderedSet+ExpressibleByArrayLiteral.swift (in target 'OrderedCollections' from project 'swift-collections')
    cd /Users/steipete/Projects/CodeLooper
    

SwiftCompile normal arm64 /Users/steipete/Library/Developer/Xcode/DerivedData/CodeLooper-crrddjihwjtfkwegrjrymctnfixv/SourcePackages/checkouts/swift-collections/Sources/OrderedCollections/OrderedSet/OrderedSet+Hashable.swift (in target 'OrderedCollections' from project 'swift-collections')
    cd /Users/steipete/Projects/CodeLooper
    

SwiftMergeGeneratedHeaders /Users/steipete/Library/Developer/Xcode/DerivedData/CodeLooper-crrddjihwjtfkwegrjrymctnfixv/Build/Intermediates.noindex/GeneratedModuleMaps/DequeModule-Swift.h /Users/steipete/Library/Developer/Xcode/DerivedData/CodeLooper-crrddjihwjtfkwegrjrymctnfixv/Build/Intermediates.noindex/swift-collections.build/Debug/DequeModule.build/Objects-normal/arm64/DequeModule-Swift.h (in target 'DequeModule' from project 'swift-collections')
    cd /Users/steipete/Library/Developer/Xcode/DerivedData/CodeLooper-crrddjihwjtfkwegrjrymctnfixv/SourcePackages/checkouts/swift-collections
    builtin-swiftHeaderTool -arch arm64 /Users/steipete/Library/Developer/Xcode/DerivedData/CodeLooper-crrddjihwjtfkwegrjrymctnfixv/Build/Intermediates.noindex/swift-collections.build/Debug/DequeModule.build/Objects-normal/arm64/DequeModule-Swift.h -o /Users/steipete/Library/Developer/Xcode/DerivedData/CodeLooper-crrddjihwjtfkwegrjrymctnfixv/Build/Intermediates.noindex/GeneratedModuleMaps/DequeModule-Swift.h

SwiftDriverJobDiscovery normal arm64 Compiling OrderedDictionary+Codable.swift, OrderedDictionary+CustomReflectable.swift, OrderedDictionary+Deprecations.swift, OrderedDictionary+Descriptions.swift (in target 'OrderedCollections' from project 'swift-collections')

Copy /Users/steipete/Library/Developer/Xcode/DerivedData/CodeLooper-crrddjihwjtfkwegrjrymctnfixv/Build/Products/Debug/DequeModule.swiftmodule/arm64-apple-macos.swiftmodule /Users/steipete/Library/Developer/Xcode/DerivedData/CodeLooper-crrddjihwjtfkwegrjrymctnfixv/Build/Intermediates.noindex/swift-collections.build/Debug/DequeModule.build/Objects-normal/arm64/DequeModule.swiftmodule (in target 'DequeModule' from project 'swift-collections')
    cd /Users/steipete/Library/Developer/Xcode/DerivedData/CodeLooper-crrddjihwjtfkwegrjrymctnfixv/SourcePackages/checkouts/swift-collections
    builtin-copy -exclude .DS_Store -exclude CVS -exclude .svn -exclude .git -exclude .hg -resolve-src-symlinks -rename /Users/steipete/Library/Developer/Xcode/DerivedData/CodeLooper-crrddjihwjtfkwegrjrymctnfixv/Build/Intermediates.noindex/swift-collections.build/Debug/DequeModule.build/Objects-normal/arm64/DequeModule.swiftmodule /Users/steipete/Library/Developer/Xcode/DerivedData/CodeLooper-crrddjihwjtfkwegrjrymctnfixv/Build/Products/Debug/DequeModule.swiftmodule/arm64-apple-macos.swiftmodule

Copy /Users/steipete/Library/Developer/Xcode/DerivedData/CodeLooper-crrddjihwjtfkwegrjrymctnfixv/Build/Products/Debug/DequeModule.swiftmodule/arm64-apple-macos.swiftdoc /Users/steipete/Library/Developer/Xcode/DerivedData/CodeLooper-crrddjihwjtfkwegrjrymctnfixv/Build/Intermediates.noindex/swift-collections.build/Debug/DequeModule.build/Objects-normal/arm64/DequeModule.swiftdoc (in target 'DequeModule' from project 'swift-collections')
    cd /Users/steipete/Library/Developer/Xcode/DerivedData/CodeLooper-crrddjihwjtfkwegrjrymctnfixv/SourcePackages/checkouts/swift-collections
    builtin-copy -exclude .DS_Store -exclude CVS -exclude .svn -exclude .git -exclude .hg -resolve-src-symlinks -rename /Users/steipete/Library/Developer/Xcode/DerivedData/CodeLooper-crrddjihwjtfkwegrjrymctnfixv/Build/Intermediates.noindex/swift-collections.build/Debug/DequeModule.build/Objects-normal/arm64/DequeModule.swiftdoc /Users/steipete/Library/Developer/Xcode/DerivedData/CodeLooper-crrddjihwjtfkwegrjrymctnfixv/Build/Products/Debug/DequeModule.swiftmodule/arm64-apple-macos.swiftdoc

Copy /Users/steipete/Library/Developer/Xcode/DerivedData/CodeLooper-crrddjihwjtfkwegrjrymctnfixv/Build/Products/Debug/DequeModule.swiftmodule/arm64-apple-macos.abi.json /Users/steipete/Library/Developer/Xcode/DerivedData/CodeLooper-crrddjihwjtfkwegrjrymctnfixv/Build/Intermediates.noindex/swift-collections.build/Debug/DequeModule.build/Objects-normal/arm64/DequeModule.abi.json (in target 'DequeModule' from project 'swift-collections')
    cd /Users/steipete/Library/Developer/Xcode/DerivedData/CodeLooper-crrddjihwjtfkwegrjrymctnfixv/SourcePackages/checkouts/swift-collections
    builtin-copy -exclude .DS_Store -exclude CVS -exclude .svn -exclude .git -exclude .hg -resolve-src-symlinks -rename /Users/steipete/Library/Developer/Xcode/DerivedData/CodeLooper-crrddjihwjtfkwegrjrymctnfixv/Build/Intermediates.noindex/swift-collections.build/Debug/DequeModule.build/Objects-normal/arm64/DequeModule.abi.json /Users/steipete/Library/Developer/Xcode/DerivedData/CodeLooper-crrddjihwjtfkwegrjrymctnfixv/Build/Products/Debug/DequeModule.swiftmodule/arm64-apple-macos.abi.json

Copy /Users/steipete/Library/Developer/Xcode/DerivedData/CodeLooper-crrddjihwjtfkwegrjrymctnfixv/Build/Products/Debug/DequeModule.swiftmodule/Project/arm64-apple-macos.swiftsourceinfo /Users/steipete/Library/Developer/Xcode/DerivedData/CodeLooper-crrddjihwjtfkwegrjrymctnfixv/Build/Intermediates.noindex/swift-collections.build/Debug/DequeModule.build/Objects-normal/arm64/DequeModule.swiftsourceinfo (in target 'DequeModule' from project 'swift-collections')
    cd /Users/steipete/Library/Developer/Xcode/DerivedData/CodeLooper-crrddjihwjtfkwegrjrymctnfixv/SourcePackages/checkouts/swift-collections
    builtin-copy -exclude .DS_Store -exclude CVS -exclude .svn -exclude .git -exclude .hg -resolve-src-symlinks -rename /Users/steipete/Library/Developer/Xcode/DerivedData/CodeLooper-crrddjihwjtfkwegrjrymctnfixv/Build/Intermediates.noindex/swift-collections.build/Debug/DequeModule.build/Objects-normal/arm64/DequeModule.swiftsourceinfo /Users/steipete/Library/Developer/Xcode/DerivedData/CodeLooper-crrddjihwjtfkwegrjrymctnfixv/Build/Products/Debug/DequeModule.swiftmodule/Project/arm64-apple-macos.swiftsourceinfo

SwiftCompile normal arm64 Compiling\ OrderedSet+Partial\ SetAlgebra\ subtracting.swift,\ OrderedSet+Partial\ SetAlgebra\ symmetricDifference.swift,\ OrderedSet+Partial\ SetAlgebra\ union.swift,\ OrderedSet+Partial\ SetAlgebra+Basics.swift /Users/steipete/Library/Developer/Xcode/DerivedData/CodeLooper-crrddjihwjtfkwegrjrymctnfixv/SourcePackages/checkouts/swift-collections/Sources/OrderedCollections/OrderedSet/OrderedSet+Partial\ SetAlgebra\ subtracting.swift /Users/steipete/Library/Developer/Xcode/DerivedData/CodeLooper-crrddjihwjtfkwegrjrymctnfixv/SourcePackages/checkouts/swift-collections/Sources/OrderedCollections/OrderedSet/OrderedSet+Partial\ SetAlgebra\ symmetricDifference.swift /Users/steipete/Library/Developer/Xcode/DerivedData/CodeLooper-crrddjihwjtfkwegrjrymctnfixv/SourcePackages/checkouts/swift-collections/Sources/OrderedCollections/OrderedSet/OrderedSet+Partial\ SetAlgebra\ union.swift /Users/steipete/Library/Developer/Xcode/DerivedData/CodeLooper-crrddjihwjtfkwegrjrymctnfixv/SourcePackages/checkouts/swift-collections/Sources/OrderedCollections/OrderedSet/OrderedSet+Partial\ SetAlgebra+Basics.swift (in target 'OrderedCollections' from project 'swift-collections')

SwiftCompile normal arm64 /Users/steipete/Library/Developer/Xcode/DerivedData/CodeLooper-crrddjihwjtfkwegrjrymctnfixv/SourcePackages/checkouts/swift-collections/Sources/OrderedCollections/OrderedSet/OrderedSet+Partial\ SetAlgebra\ subtracting.swift (in target 'OrderedCollections' from project 'swift-collections')
    cd /Users/steipete/Projects/CodeLooper
    

SwiftCompile normal arm64 /Users/steipete/Library/Developer/Xcode/DerivedData/CodeLooper-crrddjihwjtfkwegrjrymctnfixv/SourcePackages/checkouts/swift-collections/Sources/OrderedCollections/OrderedSet/OrderedSet+Partial\ SetAlgebra\ symmetricDifference.swift (in target 'OrderedCollections' from project 'swift-collections')
    cd /Users/steipete/Projects/CodeLooper
    

SwiftCompile normal arm64 /Users/steipete/Library/Developer/Xcode/DerivedData/CodeLooper-crrddjihwjtfkwegrjrymctnfixv/SourcePackages/checkouts/swift-collections/Sources/OrderedCollections/OrderedSet/OrderedSet+Partial\ SetAlgebra\ union.swift (in target 'OrderedCollections' from project 'swift-collections')
    cd /Users/steipete/Projects/CodeLooper
    

SwiftCompile normal arm64 /Users/steipete/Library/Developer/Xcode/DerivedData/CodeLooper-crrddjihwjtfkwegrjrymctnfixv/SourcePackages/checkouts/swift-collections/Sources/OrderedCollections/OrderedSet/OrderedSet+Partial\ SetAlgebra+Basics.swift (in target 'OrderedCollections' from project 'swift-collections')
    cd /Users/steipete/Projects/CodeLooper
    

SwiftCompile normal arm64 Compiling\ OrderedSet+Partial\ RangeReplaceableCollection.swift,\ OrderedSet+Partial\ SetAlgebra\ formIntersection.swift,\ OrderedSet+Partial\ SetAlgebra\ formSymmetricDifference.swift,\ OrderedSet+Partial\ SetAlgebra\ formUnion.swift /Users/steipete/Library/Developer/Xcode/DerivedData/CodeLooper-crrddjihwjtfkwegrjrymctnfixv/SourcePackages/checkouts/swift-collections/Sources/OrderedCollections/OrderedSet/OrderedSet+Partial\ RangeReplaceableCollection.swift /Users/steipete/Library/Developer/Xcode/DerivedData/CodeLooper-crrddjihwjtfkwegrjrymctnfixv/SourcePackages/checkouts/swift-collections/Sources/OrderedCollections/OrderedSet/OrderedSet+Partial\ SetAlgebra\ formIntersection.swift /Users/steipete/Library/Developer/Xcode/DerivedData/CodeLooper-crrddjihwjtfkwegrjrymctnfixv/SourcePackages/checkouts/swift-collections/Sources/OrderedCollections/OrderedSet/OrderedSet+Partial\ SetAlgebra\ formSymmetricDifference.swift /Users/steipete/Library/Developer/Xcode/DerivedData/CodeLooper-crrddjihwjtfkwegrjrymctnfixv/SourcePackages/checkouts/swift-collections/Sources/OrderedCollections/OrderedSet/OrderedSet+Partial\ SetAlgebra\ formUnion.swift (in target 'OrderedCollections' from project 'swift-collections')

SwiftCompile normal arm64 /Users/steipete/Library/Developer/Xcode/DerivedData/CodeLooper-crrddjihwjtfkwegrjrymctnfixv/SourcePackages/checkouts/swift-collections/Sources/OrderedCollections/OrderedSet/OrderedSet+Partial\ RangeReplaceableCollection.swift (in target 'OrderedCollections' from project 'swift-collections')
    cd /Users/steipete/Projects/CodeLooper
    

SwiftCompile normal arm64 /Users/steipete/Library/Developer/Xcode/DerivedData/CodeLooper-crrddjihwjtfkwegrjrymctnfixv/SourcePackages/checkouts/swift-collections/Sources/OrderedCollections/OrderedSet/OrderedSet+Partial\ SetAlgebra\ formIntersection.swift (in target 'OrderedCollections' from project 'swift-collections')
    cd /Users/steipete/Projects/CodeLooper
    

SwiftCompile normal arm64 /Users/steipete/Library/Developer/Xcode/DerivedData/CodeLooper-crrddjihwjtfkwegrjrymctnfixv/SourcePackages/checkouts/swift-collections/Sources/OrderedCollections/OrderedSet/OrderedSet+Partial\ SetAlgebra\ formSymmetricDifference.swift (in target 'OrderedCollections' from project 'swift-collections')
    cd /Users/steipete/Projects/CodeLooper
    

SwiftCompile normal arm64 /Users/steipete/Library/Developer/Xcode/DerivedData/CodeLooper-crrddjihwjtfkwegrjrymctnfixv/SourcePackages/checkouts/swift-collections/Sources/OrderedCollections/OrderedSet/OrderedSet+Partial\ SetAlgebra\ formUnion.swift (in target 'OrderedCollections' from project 'swift-collections')
    cd /Users/steipete/Projects/CodeLooper
    

SwiftDriverJobDiscovery normal arm64 Compiling OrderedSet+Partial SetAlgebra isStrictSuperset.swift, OrderedSet+Partial SetAlgebra isSubset.swift, OrderedSet+Partial SetAlgebra isSuperset.swift, OrderedSet+Partial SetAlgebra subtract.swift (in target 'OrderedCollections' from project 'swift-collections')

SwiftCompile normal arm64 Compiling\ OrderedDictionary+Partial\ RangeReplaceableCollection.swift,\ OrderedDictionary+Sendable.swift,\ OrderedDictionary+Sequence.swift,\ OrderedDictionary+Values.swift /Users/steipete/Library/Developer/Xcode/DerivedData/CodeLooper-crrddjihwjtfkwegrjrymctnfixv/SourcePackages/checkouts/swift-collections/Sources/OrderedCollections/OrderedDictionary/OrderedDictionary+Partial\ RangeReplaceableCollection.swift /Users/steipete/Library/Developer/Xcode/DerivedData/CodeLooper-crrddjihwjtfkwegrjrymctnfixv/SourcePackages/checkouts/swift-collections/Sources/OrderedCollections/OrderedDictionary/OrderedDictionary+Sendable.swift /Users/steipete/Library/Developer/Xcode/DerivedData/CodeLooper-crrddjihwjtfkwegrjrymctnfixv/SourcePackages/checkouts/swift-collections/Sources/OrderedCollections/OrderedDictionary/OrderedDictionary+Sequence.swift /Users/steipete/Library/Developer/Xcode/DerivedData/CodeLooper-crrddjihwjtfkwegrjrymctnfixv/SourcePackages/checkouts/swift-collections/Sources/OrderedCollections/OrderedDictionary/OrderedDictionary+Values.swift (in target 'OrderedCollections' from project 'swift-collections')

SwiftCompile normal arm64 /Users/steipete/Library/Developer/Xcode/DerivedData/CodeLooper-crrddjihwjtfkwegrjrymctnfixv/SourcePackages/checkouts/swift-collections/Sources/OrderedCollections/OrderedDictionary/OrderedDictionary+Partial\ RangeReplaceableCollection.swift (in target 'OrderedCollections' from project 'swift-collections')
    cd /Users/steipete/Projects/CodeLooper
    

SwiftCompile normal arm64 /Users/steipete/Library/Developer/Xcode/DerivedData/CodeLooper-crrddjihwjtfkwegrjrymctnfixv/SourcePackages/checkouts/swift-collections/Sources/OrderedCollections/OrderedDictionary/OrderedDictionary+Sendable.swift (in target 'OrderedCollections' from project 'swift-collections')
    cd /Users/steipete/Projects/CodeLooper
    

SwiftCompile normal arm64 /Users/steipete/Library/Developer/Xcode/DerivedData/CodeLooper-crrddjihwjtfkwegrjrymctnfixv/SourcePackages/checkouts/swift-collections/Sources/OrderedCollections/OrderedDictionary/OrderedDictionary+Sequence.swift (in target 'OrderedCollections' from project 'swift-collections')
    cd /Users/steipete/Projects/CodeLooper
    

SwiftCompile normal arm64 /Users/steipete/Library/Developer/Xcode/DerivedData/CodeLooper-crrddjihwjtfkwegrjrymctnfixv/SourcePackages/checkouts/swift-collections/Sources/OrderedCollections/OrderedDictionary/OrderedDictionary+Values.swift (in target 'OrderedCollections' from project 'swift-collections')
    cd /Users/steipete/Projects/CodeLooper
    

SwiftEmitModule normal arm64 Emitting\ module\ for\ _RopeModule (in target '_RopeModule' from project 'swift-collections')
EmitSwiftModule normal arm64 (in target '_RopeModule' from project 'swift-collections')
    cd /Users/steipete/Projects/CodeLooper
    

SwiftCompile normal arm64 Compiling\ BigString+Chunk+Append\ and\ Insert.swift,\ BigString+Chunk+Breaks.swift,\ BigString+Chunk+Counts.swift,\ BigString+Chunk+Description.swift,\ BigString+Chunk+Indexing\ by\ Characters.swift /Users/steipete/Library/Developer/Xcode/DerivedData/CodeLooper-crrddjihwjtfkwegrjrymctnfixv/SourcePackages/checkouts/swift-collections/Sources/RopeModule/BigString/Chunk/BigString+Chunk+Append\ and\ Insert.swift /Users/steipete/Library/Developer/Xcode/DerivedData/CodeLooper-crrddjihwjtfkwegrjrymctnfixv/SourcePackages/checkouts/swift-collections/Sources/RopeModule/BigString/Chunk/BigString+Chunk+Breaks.swift /Users/steipete/Library/Developer/Xcode/DerivedData/CodeLooper-crrddjihwjtfkwegrjrymctnfixv/SourcePackages/checkouts/swift-collections/Sources/RopeModule/BigString/Chunk/BigString+Chunk+Counts.swift /Users/steipete/Library/Developer/Xcode/DerivedData/CodeLooper-crrddjihwjtfkwegrjrymctnfixv/SourcePackages/checkouts/swift-collections/Sources/RopeModule/BigString/Chunk/BigString+Chunk+Description.swift /Users/steipete/Library/Developer/Xcode/DerivedData/CodeLooper-crrddjihwjtfkwegrjrymctnfixv/SourcePackages/checkouts/swift-collections/Sources/RopeModule/BigString/Chunk/BigString+Chunk+Indexing\ by\ Characters.swift (in target '_RopeModule' from project 'swift-collections')

SwiftCompile normal arm64 /Users/steipete/Library/Developer/Xcode/DerivedData/CodeLooper-crrddjihwjtfkwegrjrymctnfixv/SourcePackages/checkouts/swift-collections/Sources/RopeModule/BigString/Chunk/BigString+Chunk+Append\ and\ Insert.swift (in target '_RopeModule' from project 'swift-collections')
    cd /Users/steipete/Projects/CodeLooper
    

SwiftCompile normal arm64 /Users/steipete/Library/Developer/Xcode/DerivedData/CodeLooper-crrddjihwjtfkwegrjrymctnfixv/SourcePackages/checkouts/swift-collections/Sources/RopeModule/BigString/Chunk/BigString+Chunk+Breaks.swift (in target '_RopeModule' from project 'swift-collections')
    cd /Users/steipete/Projects/CodeLooper
    

SwiftCompile normal arm64 /Users/steipete/Library/Developer/Xcode/DerivedData/CodeLooper-crrddjihwjtfkwegrjrymctnfixv/SourcePackages/checkouts/swift-collections/Sources/RopeModule/BigString/Chunk/BigString+Chunk+Counts.swift (in target '_RopeModule' from project 'swift-collections')
    cd /Users/steipete/Projects/CodeLooper
    

SwiftCompile normal arm64 /Users/steipete/Library/Developer/Xcode/DerivedData/CodeLooper-crrddjihwjtfkwegrjrymctnfixv/SourcePackages/checkouts/swift-collections/Sources/RopeModule/BigString/Chunk/BigString+Chunk+Description.swift (in target '_RopeModule' from project 'swift-collections')
    cd /Users/steipete/Projects/CodeLooper
    

SwiftCompile normal arm64 /Users/steipete/Library/Developer/Xcode/DerivedData/CodeLooper-crrddjihwjtfkwegrjrymctnfixv/SourcePackages/checkouts/swift-collections/Sources/RopeModule/BigString/Chunk/BigString+Chunk+Indexing\ by\ Characters.swift (in target '_RopeModule' from project 'swift-collections')
    cd /Users/steipete/Projects/CodeLooper
    

SwiftEmitModule normal arm64 Emitting\ module\ for\ Tracing (in target 'Tracing' from project 'swift-distributed-tracing')

EmitSwiftModule normal arm64 (in target 'Tracing' from project 'swift-distributed-tracing')
    cd /Users/steipete/Projects/CodeLooper
    

SwiftEmitModule normal arm64 Emitting\ module\ for\ OpenAPIRuntime (in target 'OpenAPIRuntime' from project 'swift-openapi-runtime')

EmitSwiftModule normal arm64 (in target 'OpenAPIRuntime' from project 'swift-openapi-runtime')
    cd /Users/steipete/Projects/CodeLooper
    

SwiftDriverJobDiscovery normal arm64 Compiling OrderedSet+RandomAccessCollection.swift, OrderedSet+ReserveCapacity.swift, OrderedSet+Sendable.swift (in target 'OrderedCollections' from project 'swift-collections')

SwiftEmitModule normal arm64 Emitting\ module\ for\ HashTreeCollections (in target 'HashTreeCollections' from project 'swift-collections')
EmitSwiftModule normal arm64 (in target 'HashTreeCollections' from project 'swift-collections')
    cd /Users/steipete/Projects/CodeLooper
    

SwiftEmitModule normal arm64 Emitting\ module\ for\ AXorcist (in target 'AXorcist' from project 'axPackage')

EmitSwiftModule normal arm64 (in target 'AXorcist' from project 'axPackage')
    cd /Users/steipete/Projects/CodeLooper
    

SwiftDriverJobDiscovery normal arm64 Compiling OrderedSet+Diffing.swift, OrderedSet+Equatable.swift, OrderedSet+ExpressibleByArrayLiteral.swift, OrderedSet+Hashable.swift (in target 'OrderedCollections' from project 'swift-collections')

SwiftCompile normal arm64 Compiling\ BigString+Builder.swift,\ BigString+Contents.swift,\ BigString+Debugging.swift,\ BigString+Index.swift,\ BigString+Ingester.swift /Users/steipete/Library/Developer/Xcode/DerivedData/CodeLooper-crrddjihwjtfkwegrjrymctnfixv/SourcePackages/checkouts/swift-collections/Sources/RopeModule/BigString/Basics/BigString+Builder.swift /Users/steipete/Library/Developer/Xcode/DerivedData/CodeLooper-crrddjihwjtfkwegrjrymctnfixv/SourcePackages/checkouts/swift-collections/Sources/RopeModule/BigString/Basics/BigString+Contents.swift /Users/steipete/Library/Developer/Xcode/DerivedData/CodeLooper-crrddjihwjtfkwegrjrymctnfixv/SourcePackages/checkouts/swift-collections/Sources/RopeModule/BigString/Basics/BigString+Debugging.swift /Users/steipete/Library/Developer/Xcode/DerivedData/CodeLooper-crrddjihwjtfkwegrjrymctnfixv/SourcePackages/checkouts/swift-collections/Sources/RopeModule/BigString/Basics/BigString+Index.swift /Users/steipete/Library/Developer/Xcode/DerivedData/CodeLooper-crrddjihwjtfkwegrjrymctnfixv/SourcePackages/checkouts/swift-collections/Sources/RopeModule/BigString/Basics/BigString+Ingester.swift (in target '_RopeModule' from project 'swift-collections')

SwiftCompile normal arm64 /Users/steipete/Library/Developer/Xcode/DerivedData/CodeLooper-crrddjihwjtfkwegrjrymctnfixv/SourcePackages/checkouts/swift-collections/Sources/RopeModule/BigString/Basics/BigString+Builder.swift (in target '_RopeModule' from project 'swift-collections')
    cd /Users/steipete/Projects/CodeLooper
    

SwiftCompile normal arm64 /Users/steipete/Library/Developer/Xcode/DerivedData/CodeLooper-crrddjihwjtfkwegrjrymctnfixv/SourcePackages/checkouts/swift-collections/Sources/RopeModule/BigString/Basics/BigString+Contents.swift (in target '_RopeModule' from project 'swift-collections')
    cd /Users/steipete/Projects/CodeLooper
    

SwiftCompile normal arm64 /Users/steipete/Library/Developer/Xcode/DerivedData/CodeLooper-crrddjihwjtfkwegrjrymctnfixv/SourcePackages/checkouts/swift-collections/Sources/RopeModule/BigString/Basics/BigString+Debugging.swift (in target '_RopeModule' from project 'swift-collections')
    cd /Users/steipete/Projects/CodeLooper
    

SwiftCompile normal arm64 /Users/steipete/Library/Developer/Xcode/DerivedData/CodeLooper-crrddjihwjtfkwegrjrymctnfixv/SourcePackages/checkouts/swift-collections/Sources/RopeModule/BigString/Basics/BigString+Index.swift (in target '_RopeModule' from project 'swift-collections')
    cd /Users/steipete/Projects/CodeLooper
    

SwiftCompile normal arm64 /Users/steipete/Library/Developer/Xcode/DerivedData/CodeLooper-crrddjihwjtfkwegrjrymctnfixv/SourcePackages/checkouts/swift-collections/Sources/RopeModule/BigString/Basics/BigString+Ingester.swift (in target '_RopeModule' from project 'swift-collections')
    cd /Users/steipete/Projects/CodeLooper
    

SwiftDriverJobDiscovery normal arm64 Compiling OrderedSet+Partial SetAlgebra subtracting.swift, OrderedSet+Partial SetAlgebra symmetricDifference.swift, OrderedSet+Partial SetAlgebra union.swift, OrderedSet+Partial SetAlgebra+Basics.swift (in target 'OrderedCollections' from project 'swift-collections')

SwiftCompile normal arm64 Compiling\ BigString+Hashing.swift,\ BigString+LosslessStringConvertible.swift,\ BigString+RangeReplaceableCollection.swift,\ BigString+Sequence.swift,\ BigString+TextOutputStream.swift /Users/steipete/Library/Developer/Xcode/DerivedData/CodeLooper-crrddjihwjtfkwegrjrymctnfixv/SourcePackages/checkouts/swift-collections/Sources/RopeModule/BigString/Conformances/BigString+Hashing.swift /Users/steipete/Library/Developer/Xcode/DerivedData/CodeLooper-crrddjihwjtfkwegrjrymctnfixv/SourcePackages/checkouts/swift-collections/Sources/RopeModule/BigString/Conformances/BigString+LosslessStringConvertible.swift /Users/steipete/Library/Developer/Xcode/DerivedData/CodeLooper-crrddjihwjtfkwegrjrymctnfixv/SourcePackages/checkouts/swift-collections/Sources/RopeModule/BigString/Conformances/BigString+RangeReplaceableCollection.swift /Users/steipete/Library/Developer/Xcode/DerivedData/CodeLooper-crrddjihwjtfkwegrjrymctnfixv/SourcePackages/checkouts/swift-collections/Sources/RopeModule/BigString/Conformances/BigString+Sequence.swift /Users/steipete/Library/Developer/Xcode/DerivedData/CodeLooper-crrddjihwjtfkwegrjrymctnfixv/SourcePackages/checkouts/swift-collections/Sources/RopeModule/BigString/Conformances/BigString+TextOutputStream.swift (in target '_RopeModule' from project 'swift-collections')

SwiftCompile normal arm64 /Users/steipete/Library/Developer/Xcode/DerivedData/CodeLooper-crrddjihwjtfkwegrjrymctnfixv/SourcePackages/checkouts/swift-collections/Sources/RopeModule/BigString/Conformances/BigString+Hashing.swift (in target '_RopeModule' from project 'swift-collections')
    cd /Users/steipete/Projects/CodeLooper
    

SwiftCompile normal arm64 /Users/steipete/Library/Developer/Xcode/DerivedData/CodeLooper-crrddjihwjtfkwegrjrymctnfixv/SourcePackages/checkouts/swift-collections/Sources/RopeModule/BigString/Conformances/BigString+LosslessStringConvertible.swift (in target '_RopeModule' from project 'swift-collections')
    cd /Users/steipete/Projects/CodeLooper
    

SwiftCompile normal arm64 /Users/steipete/Library/Developer/Xcode/DerivedData/CodeLooper-crrddjihwjtfkwegrjrymctnfixv/SourcePackages/checkouts/swift-collections/Sources/RopeModule/BigString/Conformances/BigString+RangeReplaceableCollection.swift (in target '_RopeModule' from project 'swift-collections')
    cd /Users/steipete/Projects/CodeLooper
    

SwiftCompile normal arm64 /Users/steipete/Library/Developer/Xcode/DerivedData/CodeLooper-crrddjihwjtfkwegrjrymctnfixv/SourcePackages/checkouts/swift-collections/Sources/RopeModule/BigString/Conformances/BigString+Sequence.swift (in target '_RopeModule' from project 'swift-collections')
    cd /Users/steipete/Projects/CodeLooper
    

SwiftCompile normal arm64 /Users/steipete/Library/Developer/Xcode/DerivedData/CodeLooper-crrddjihwjtfkwegrjrymctnfixv/SourcePackages/checkouts/swift-collections/Sources/RopeModule/BigString/Conformances/BigString+TextOutputStream.swift (in target '_RopeModule' from project 'swift-collections')
    cd /Users/steipete/Projects/CodeLooper
    

SwiftDriverJobDiscovery normal arm64 Compiling OrderedSet+Partial RangeReplaceableCollection.swift, OrderedSet+Partial SetAlgebra formIntersection.swift, OrderedSet+Partial SetAlgebra formSymmetricDifference.swift, OrderedSet+Partial SetAlgebra formUnion.swift (in target 'OrderedCollections' from project 'swift-collections')

SwiftCompile normal arm64 Compiling\ BigString+Chunk+Indexing\ by\ UTF16.swift,\ BigString+Chunk+RopeElement.swift,\ BigString+Chunk+Splitting.swift,\ BigString+Chunk.swift,\ BigString+BidirectionalCollection.swift /Users/steipete/Library/Developer/Xcode/DerivedData/CodeLooper-crrddjihwjtfkwegrjrymctnfixv/SourcePackages/checkouts/swift-collections/Sources/RopeModule/BigString/Chunk/BigString+Chunk+Indexing\ by\ UTF16.swift /Users/steipete/Library/Developer/Xcode/DerivedData/CodeLooper-crrddjihwjtfkwegrjrymctnfixv/SourcePackages/checkouts/swift-collections/Sources/RopeModule/BigString/Chunk/BigString+Chunk+RopeElement.swift /Users/steipete/Library/Developer/Xcode/DerivedData/CodeLooper-crrddjihwjtfkwegrjrymctnfixv/SourcePackages/checkouts/swift-collections/Sources/RopeModule/BigString/Chunk/BigString+Chunk+Splitting.swift /Users/steipete/Library/Developer/Xcode/DerivedData/CodeLooper-crrddjihwjtfkwegrjrymctnfixv/SourcePackages/checkouts/swift-collections/Sources/RopeModule/BigString/Chunk/BigString+Chunk.swift /Users/steipete/Library/Developer/Xcode/DerivedData/CodeLooper-crrddjihwjtfkwegrjrymctnfixv/SourcePackages/checkouts/swift-collections/Sources/RopeModule/BigString/Conformances/BigString+BidirectionalCollection.swift (in target '_RopeModule' from project 'swift-collections')

SwiftCompile normal arm64 /Users/steipete/Library/Developer/Xcode/DerivedData/CodeLooper-crrddjihwjtfkwegrjrymctnfixv/SourcePackages/checkouts/swift-collections/Sources/RopeModule/BigString/Chunk/BigString+Chunk+Indexing\ by\ UTF16.swift (in target '_RopeModule' from project 'swift-collections')
    cd /Users/steipete/Projects/CodeLooper
    

SwiftCompile normal arm64 /Users/steipete/Library/Developer/Xcode/DerivedData/CodeLooper-crrddjihwjtfkwegrjrymctnfixv/SourcePackages/checkouts/swift-collections/Sources/RopeModule/BigString/Chunk/BigString+Chunk+RopeElement.swift (in target '_RopeModule' from project 'swift-collections')
    cd /Users/steipete/Projects/CodeLooper
    

SwiftCompile normal arm64 /Users/steipete/Library/Developer/Xcode/DerivedData/CodeLooper-crrddjihwjtfkwegrjrymctnfixv/SourcePackages/checkouts/swift-collections/Sources/RopeModule/BigString/Chunk/BigString+Chunk+Splitting.swift (in target '_RopeModule' from project 'swift-collections')
    cd /Users/steipete/Projects/CodeLooper
    

SwiftCompile normal arm64 /Users/steipete/Library/Developer/Xcode/DerivedData/CodeLooper-crrddjihwjtfkwegrjrymctnfixv/SourcePackages/checkouts/swift-collections/Sources/RopeModule/BigString/Chunk/BigString+Chunk.swift (in target '_RopeModule' from project 'swift-collections')
    cd /Users/steipete/Projects/CodeLooper
    

SwiftCompile normal arm64 /Users/steipete/Library/Developer/Xcode/DerivedData/CodeLooper-crrddjihwjtfkwegrjrymctnfixv/SourcePackages/checkouts/swift-collections/Sources/RopeModule/BigString/Conformances/BigString+BidirectionalCollection.swift (in target '_RopeModule' from project 'swift-collections')
    cd /Users/steipete/Projects/CodeLooper
    

SwiftDriverJobDiscovery normal arm64 Compiling OrderedDictionary+Hashable.swift, OrderedDictionary+Initializers.swift, OrderedDictionary+Invariants.swift, OrderedDictionary+Partial MutableCollection.swift (in target 'OrderedCollections' from project 'swift-collections')

SwiftCompile normal arm64 Compiling\ Rope+_UnmanagedLeaf.swift,\ Rope+_UnsafeHandle.swift,\ Rope.swift,\ RopeElement.swift,\ RopeMetric.swift /Users/steipete/Library/Developer/Xcode/DerivedData/CodeLooper-crrddjihwjtfkwegrjrymctnfixv/SourcePackages/checkouts/swift-collections/Sources/RopeModule/Rope/Basics/Rope+_UnmanagedLeaf.swift /Users/steipete/Library/Developer/Xcode/DerivedData/CodeLooper-crrddjihwjtfkwegrjrymctnfixv/SourcePackages/checkouts/swift-collections/Sources/RopeModule/Rope/Basics/Rope+_UnsafeHandle.swift /Users/steipete/Library/Developer/Xcode/DerivedData/CodeLooper-crrddjihwjtfkwegrjrymctnfixv/SourcePackages/checkouts/swift-collections/Sources/RopeModule/Rope/Basics/Rope.swift /Users/steipete/Library/Developer/Xcode/DerivedData/CodeLooper-crrddjihwjtfkwegrjrymctnfixv/SourcePackages/checkouts/swift-collections/Sources/RopeModule/Rope/Basics/RopeElement.swift /Users/steipete/Library/Developer/Xcode/DerivedData/CodeLooper-crrddjihwjtfkwegrjrymctnfixv/SourcePackages/checkouts/swift-collections/Sources/RopeModule/Rope/Basics/RopeMetric.swift (in target '_RopeModule' from project 'swift-collections')

SwiftCompile normal arm64 /Users/steipete/Library/Developer/Xcode/DerivedData/CodeLooper-crrddjihwjtfkwegrjrymctnfixv/SourcePackages/checkouts/swift-collections/Sources/RopeModule/Rope/Basics/Rope+_UnmanagedLeaf.swift (in target '_RopeModule' from project 'swift-collections')
    cd /Users/steipete/Projects/CodeLooper
    

SwiftCompile normal arm64 /Users/steipete/Library/Developer/Xcode/DerivedData/CodeLooper-crrddjihwjtfkwegrjrymctnfixv/SourcePackages/checkouts/swift-collections/Sources/RopeModule/Rope/Basics/Rope+_UnsafeHandle.swift (in target '_RopeModule' from project 'swift-collections')
    cd /Users/steipete/Projects/CodeLooper
    

SwiftCompile normal arm64 /Users/steipete/Library/Developer/Xcode/DerivedData/CodeLooper-crrddjihwjtfkwegrjrymctnfixv/SourcePackages/checkouts/swift-collections/Sources/RopeModule/Rope/Basics/Rope.swift (in target '_RopeModule' from project 'swift-collections')
    cd /Users/steipete/Projects/CodeLooper
    

SwiftCompile normal arm64 /Users/steipete/Library/Developer/Xcode/DerivedData/CodeLooper-crrddjihwjtfkwegrjrymctnfixv/SourcePackages/checkouts/swift-collections/Sources/RopeModule/Rope/Basics/RopeElement.swift (in target '_RopeModule' from project 'swift-collections')
    cd /Users/steipete/Projects/CodeLooper
    

SwiftCompile normal arm64 /Users/steipete/Library/Developer/Xcode/DerivedData/CodeLooper-crrddjihwjtfkwegrjrymctnfixv/SourcePackages/checkouts/swift-collections/Sources/RopeModule/Rope/Basics/RopeMetric.swift (in target '_RopeModule' from project 'swift-collections')
    cd /Users/steipete/Projects/CodeLooper
    

SwiftDriverJobDiscovery normal arm64 Compiling OrderedDictionary+Elements.SubSequence.swift, OrderedDictionary+Elements.swift, OrderedDictionary+Equatable.swift, OrderedDictionary+ExpressibleByDictionaryLiteral.swift (in target 'OrderedCollections' from project 'swift-collections')

SwiftCompile normal arm64 Compiling\ BigString+Comparable.swift,\ BigString+CustomDebugStringConvertible.swift,\ BigString+CustomStringConvertible.swift,\ BigString+Equatable.swift,\ BigString+ExpressibleByStringLiteral.swift /Users/steipete/Library/Developer/Xcode/DerivedData/CodeLooper-crrddjihwjtfkwegrjrymctnfixv/SourcePackages/checkouts/swift-collections/Sources/RopeModule/BigString/Conformances/BigString+Comparable.swift /Users/steipete/Library/Developer/Xcode/DerivedData/CodeLooper-crrddjihwjtfkwegrjrymctnfixv/SourcePackages/checkouts/swift-collections/Sources/RopeModule/BigString/Conformances/BigString+CustomDebugStringConvertible.swift /Users/steipete/Library/Developer/Xcode/DerivedData/CodeLooper-crrddjihwjtfkwegrjrymctnfixv/SourcePackages/checkouts/swift-collections/Sources/RopeModule/BigString/Conformances/BigString+CustomStringConvertible.swift /Users/steipete/Library/Developer/Xcode/DerivedData/CodeLooper-crrddjihwjtfkwegrjrymctnfixv/SourcePackages/checkouts/swift-collections/Sources/RopeModule/BigString/Conformances/BigString+Equatable.swift /Users/steipete/Library/Developer/Xcode/DerivedData/CodeLooper-crrddjihwjtfkwegrjrymctnfixv/SourcePackages/checkouts/swift-collections/Sources/RopeModule/BigString/Conformances/BigString+ExpressibleByStringLiteral.swift (in target '_RopeModule' from project 'swift-collections')

SwiftCompile normal arm64 /Users/steipete/Library/Developer/Xcode/DerivedData/CodeLooper-crrddjihwjtfkwegrjrymctnfixv/SourcePackages/checkouts/swift-collections/Sources/RopeModule/BigString/Conformances/BigString+Comparable.swift (in target '_RopeModule' from project 'swift-collections')
    cd /Users/steipete/Projects/CodeLooper
    

SwiftCompile normal arm64 /Users/steipete/Library/Developer/Xcode/DerivedData/CodeLooper-crrddjihwjtfkwegrjrymctnfixv/SourcePackages/checkouts/swift-collections/Sources/RopeModule/BigString/Conformances/BigString+CustomDebugStringConvertible.swift (in target '_RopeModule' from project 'swift-collections')
    cd /Users/steipete/Projects/CodeLooper
    

SwiftCompile normal arm64 /Users/steipete/Library/Developer/Xcode/DerivedData/CodeLooper-crrddjihwjtfkwegrjrymctnfixv/SourcePackages/checkouts/swift-collections/Sources/RopeModule/BigString/Conformances/BigString+CustomStringConvertible.swift (in target '_RopeModule' from project 'swift-collections')
    cd /Users/steipete/Projects/CodeLooper
    

SwiftCompile normal arm64 /Users/steipete/Library/Developer/Xcode/DerivedData/CodeLooper-crrddjihwjtfkwegrjrymctnfixv/SourcePackages/checkouts/swift-collections/Sources/RopeModule/BigString/Conformances/BigString+Equatable.swift (in target '_RopeModule' from project 'swift-collections')
    cd /Users/steipete/Projects/CodeLooper
    

SwiftCompile normal arm64 /Users/steipete/Library/Developer/Xcode/DerivedData/CodeLooper-crrddjihwjtfkwegrjrymctnfixv/SourcePackages/checkouts/swift-collections/Sources/RopeModule/BigString/Conformances/BigString+ExpressibleByStringLiteral.swift (in target '_RopeModule' from project 'swift-collections')
    cd /Users/steipete/Projects/CodeLooper
    

SwiftDriverJobDiscovery normal arm64 Emitting module for Tracing (in target 'Tracing' from project 'swift-distributed-tracing')

SwiftDriver\ Compilation\ Requirements Tracing normal arm64 com.apple.xcode.tools.swift.compiler (in target 'Tracing' from project 'swift-distributed-tracing')
    cd /Users/steipete/Projects/CodeLooper
    builtin-Swift-Compilation-Requirements -- /Applications/Xcode-beta.app/Contents/Developer/Toolchains/XcodeDefault.xctoolchain/usr/bin/swiftc -module-name Tracing -Onone -enforce-exclusivity\=checked @/Users/steipete/Library/Developer/Xcode/DerivedData/CodeLooper-crrddjihwjtfkwegrjrymctnfixv/Build/Intermediates.noindex/swift-distributed-tracing.build/Debug/Tracing.build/Objects-normal/arm64/Tracing.SwiftFileList -DSWIFT_PACKAGE -DDEBUG -DSWIFT_MODULE_RESOURCE_BUNDLE_UNAVAILABLE -DXcode -enable-experimental-feature StrictConcurrency\=complete -plugin-path /Applications/Xcode-beta.app/Contents/Developer/Toolchains/XcodeDefault.xctoolchain/usr/lib/swift/host/plugins/testing -enable-experimental-feature DebugDescriptionMacro -sdk /Applications/Xcode-beta.app/Contents/Developer/Platforms/MacOSX.platform/Developer/SDKs/MacOSX26.0.sdk -target arm64-apple-macos10.13 -g -module-cache-path /Users/steipete/Library/Developer/Xcode/DerivedData/ModuleCache.noindex -Xfrontend -serialize-debugging-options -profile-coverage-mapping -profile-generate -enable-testing -suppress-warnings -index-store-path /Users/steipete/Library/Developer/Xcode/DerivedData/CodeLooper-crrddjihwjtfkwegrjrymctnfixv/Index.noindex/DataStore -swift-version 5 -I /Users/steipete/Library/Developer/Xcode/DerivedData/CodeLooper-crrddjihwjtfkwegrjrymctnfixv/Build/Products/Debug -I /Applications/Xcode-beta.app/Contents/Developer/Platforms/MacOSX.platform/Developer/usr/lib -F /Users/steipete/Library/Developer/Xcode/DerivedData/CodeLooper-crrddjihwjtfkwegrjrymctnfixv/Build/Products/Debug/PackageFrameworks -F /Users/steipete/Library/Developer/Xcode/DerivedData/CodeLooper-crrddjihwjtfkwegrjrymctnfixv/Build/Products/Debug/PackageFrameworks -F /Users/steipete/Library/Developer/Xcode/DerivedData/CodeLooper-crrddjihwjtfkwegrjrymctnfixv/Build/Products/Debug -F /Applications/Xcode-beta.app/Contents/Developer/Platforms/MacOSX.platform/Developer/Library/Frameworks -c -j16 -enable-batch-mode -incremental -Xcc -ivfsstatcache -Xcc /Users/steipete/Library/Developer/Xcode/DerivedData/SDKStatCaches.noindex/macosx26.0-25A5279m-5d9328ff1a6613a11d359de947506b52.sdkstatcache -output-file-map /Users/steipete/Library/Developer/Xcode/DerivedData/CodeLooper-crrddjihwjtfkwegrjrymctnfixv/Build/Intermediates.noindex/swift-distributed-tracing.build/Debug/Tracing.build/Objects-normal/arm64/Tracing-OutputFileMap.json -use-frontend-parseable-output -save-temps -no-color-diagnostics -explicit-module-build -module-cache-path /Users/steipete/Library/Developer/Xcode/DerivedData/CodeLooper-crrddjihwjtfkwegrjrymctnfixv/Build/Intermediates.noindex/SwiftExplicitPrecompiledModules -clang-scanner-module-cache-path /Users/steipete/Library/Developer/Xcode/DerivedData/ModuleCache.noindex -sdk-module-cache-path /Users/steipete/Library/Developer/Xcode/DerivedData/ModuleCache.noindex -serialize-diagnostics -emit-dependencies -emit-module -emit-module-path /Users/steipete/Library/Developer/Xcode/DerivedData/CodeLooper-crrddjihwjtfkwegrjrymctnfixv/Build/Intermediates.noindex/swift-distributed-tracing.build/Debug/Tracing.build/Objects-normal/arm64/Tracing.swiftmodule -validate-clang-modules-once -clang-build-session-file /Users/steipete/Library/Developer/Xcode/DerivedData/ModuleCache.noindex/Session.modulevalidation -package-name swift_distributed_tracing -Xcc -I/Users/steipete/Library/Developer/Xcode/DerivedData/CodeLooper-crrddjihwjtfkwegrjrymctnfixv/Build/Intermediates.noindex/swift-distributed-tracing.build/Debug/Tracing.build/swift-overrides.hmap -emit-const-values -Xfrontend -const-gather-protocols-file -Xfrontend /Users/steipete/Library/Developer/Xcode/DerivedData/CodeLooper-crrddjihwjtfkwegrjrymctnfixv/Build/Intermediates.noindex/swift-distributed-tracing.build/Debug/Tracing.build/Objects-normal/arm64/Tracing_const_extract_protocols.json -Xcc -I/Users/steipete/Library/Developer/Xcode/DerivedData/CodeLooper-crrddjihwjtfkwegrjrymctnfixv/Build/Products/Debug/include -Xcc -I/Users/steipete/Library/Developer/Xcode/DerivedData/CodeLooper-crrddjihwjtfkwegrjrymctnfixv/Build/Intermediates.noindex/swift-distributed-tracing.build/Debug/Tracing.build/DerivedSources-normal/arm64 -Xcc -I/Users/steipete/Library/Developer/Xcode/DerivedData/CodeLooper-crrddjihwjtfkwegrjrymctnfixv/Build/Intermediates.noindex/swift-distributed-tracing.build/Debug/Tracing.build/DerivedSources/arm64 -Xcc -I/Users/steipete/Library/Developer/Xcode/DerivedData/CodeLooper-crrddjihwjtfkwegrjrymctnfixv/Build/Intermediates.noindex/swift-distributed-tracing.build/Debug/Tracing.build/DerivedSources -Xcc -DSWIFT_PACKAGE -Xcc -DDEBUG\=1 -emit-objc-header -emit-objc-header-path /Users/steipete/Library/Developer/Xcode/DerivedData/CodeLooper-crrddjihwjtfkwegrjrymctnfixv/Build/Intermediates.noindex/swift-distributed-tracing.build/Debug/Tracing.build/Objects-normal/arm64/Tracing-Swift.h -working-directory /Users/steipete/Projects/CodeLooper -experimental-emit-module-separately -disable-cmo

SwiftDriverJobDiscovery normal arm64 Compiling _HashTable+Bucket.swift, _HashTable+BucketIterator.swift, _HashTable+Constants.swift, _HashTable+CustomStringConvertible.swift (in target 'OrderedCollections' from project 'swift-collections')

SwiftCompile normal arm64 Compiling\ BigString+Append.swift,\ BigString+Initializers.swift,\ BigString+Insert.swift,\ BigString+Managing\ Breaks.swift,\ BigString+RemoveSubrange.swift /Users/steipete/Library/Developer/Xcode/DerivedData/CodeLooper-crrddjihwjtfkwegrjrymctnfixv/SourcePackages/checkouts/swift-collections/Sources/RopeModule/BigString/Operations/BigString+Append.swift /Users/steipete/Library/Developer/Xcode/DerivedData/CodeLooper-crrddjihwjtfkwegrjrymctnfixv/SourcePackages/checkouts/swift-collections/Sources/RopeModule/BigString/Operations/BigString+Initializers.swift /Users/steipete/Library/Developer/Xcode/DerivedData/CodeLooper-crrddjihwjtfkwegrjrymctnfixv/SourcePackages/checkouts/swift-collections/Sources/RopeModule/BigString/Operations/BigString+Insert.swift /Users/steipete/Library/Developer/Xcode/DerivedData/CodeLooper-crrddjihwjtfkwegrjrymctnfixv/SourcePackages/checkouts/swift-collections/Sources/RopeModule/BigString/Operations/BigString+Managing\ Breaks.swift /Users/steipete/Library/Developer/Xcode/DerivedData/CodeLooper-crrddjihwjtfkwegrjrymctnfixv/SourcePackages/checkouts/swift-collections/Sources/RopeModule/BigString/Operations/BigString+RemoveSubrange.swift (in target '_RopeModule' from project 'swift-collections')

SwiftCompile normal arm64 /Users/steipete/Library/Developer/Xcode/DerivedData/CodeLooper-crrddjihwjtfkwegrjrymctnfixv/SourcePackages/checkouts/swift-collections/Sources/RopeModule/BigString/Operations/BigString+Append.swift (in target '_RopeModule' from project 'swift-collections')
    cd /Users/steipete/Projects/CodeLooper
    

SwiftCompile normal arm64 /Users/steipete/Library/Developer/Xcode/DerivedData/CodeLooper-crrddjihwjtfkwegrjrymctnfixv/SourcePackages/checkouts/swift-collections/Sources/RopeModule/BigString/Operations/BigString+Initializers.swift (in target '_RopeModule' from project 'swift-collections')
    cd /Users/steipete/Projects/CodeLooper
    

SwiftCompile normal arm64 /Users/steipete/Library/Developer/Xcode/DerivedData/CodeLooper-crrddjihwjtfkwegrjrymctnfixv/SourcePackages/checkouts/swift-collections/Sources/RopeModule/BigString/Operations/BigString+Insert.swift (in target '_RopeModule' from project 'swift-collections')
    cd /Users/steipete/Projects/CodeLooper
    

SwiftCompile normal arm64 /Users/steipete/Library/Developer/Xcode/DerivedData/CodeLooper-crrddjihwjtfkwegrjrymctnfixv/SourcePackages/checkouts/swift-collections/Sources/RopeModule/BigString/Operations/BigString+Managing\ Breaks.swift (in target '_RopeModule' from project 'swift-collections')
    cd /Users/steipete/Projects/CodeLooper
    

SwiftCompile normal arm64 /Users/steipete/Library/Developer/Xcode/DerivedData/CodeLooper-crrddjihwjtfkwegrjrymctnfixv/SourcePackages/checkouts/swift-collections/Sources/RopeModule/BigString/Operations/BigString+RemoveSubrange.swift (in target '_RopeModule' from project 'swift-collections')
    cd /Users/steipete/Projects/CodeLooper
    

SwiftMergeGeneratedHeaders /Users/steipete/Library/Developer/Xcode/DerivedData/CodeLooper-crrddjihwjtfkwegrjrymctnfixv/Build/Intermediates.noindex/GeneratedModuleMaps/Tracing-Swift.h /Users/steipete/Library/Developer/Xcode/DerivedData/CodeLooper-crrddjihwjtfkwegrjrymctnfixv/Build/Intermediates.noindex/swift-distributed-tracing.build/Debug/Tracing.build/Objects-normal/arm64/Tracing-Swift.h (in target 'Tracing' from project 'swift-distributed-tracing')
    cd /Users/steipete/Library/Developer/Xcode/DerivedData/CodeLooper-crrddjihwjtfkwegrjrymctnfixv/SourcePackages/checkouts/swift-distributed-tracing
    builtin-swiftHeaderTool -arch arm64 /Users/steipete/Library/Developer/Xcode/DerivedData/CodeLooper-crrddjihwjtfkwegrjrymctnfixv/Build/Intermediates.noindex/swift-distributed-tracing.build/Debug/Tracing.build/Objects-normal/arm64/Tracing-Swift.h -o /Users/steipete/Library/Developer/Xcode/DerivedData/CodeLooper-crrddjihwjtfkwegrjrymctnfixv/Build/Intermediates.noindex/GeneratedModuleMaps/Tracing-Swift.h

SwiftDriverJobDiscovery normal arm64 Compiling OrderedDictionary+Partial RangeReplaceableCollection.swift, OrderedDictionary+Sendable.swift, OrderedDictionary+Sequence.swift, OrderedDictionary+Values.swift (in target 'OrderedCollections' from project 'swift-collections')

Copy /Users/steipete/Library/Developer/Xcode/DerivedData/CodeLooper-crrddjihwjtfkwegrjrymctnfixv/Build/Products/Debug/Tracing.swiftmodule/arm64-apple-macos.swiftmodule /Users/steipete/Library/Developer/Xcode/DerivedData/CodeLooper-crrddjihwjtfkwegrjrymctnfixv/Build/Intermediates.noindex/swift-distributed-tracing.build/Debug/Tracing.build/Objects-normal/arm64/Tracing.swiftmodule (in target 'Tracing' from project 'swift-distributed-tracing')
    cd /Users/steipete/Library/Developer/Xcode/DerivedData/CodeLooper-crrddjihwjtfkwegrjrymctnfixv/SourcePackages/checkouts/swift-distributed-tracing
    builtin-copy -exclude .DS_Store -exclude CVS -exclude .svn -exclude .git -exclude .hg -resolve-src-symlinks -rename /Users/steipete/Library/Developer/Xcode/DerivedData/CodeLooper-crrddjihwjtfkwegrjrymctnfixv/Build/Intermediates.noindex/swift-distributed-tracing.build/Debug/Tracing.build/Objects-normal/arm64/Tracing.swiftmodule /Users/steipete/Library/Developer/Xcode/DerivedData/CodeLooper-crrddjihwjtfkwegrjrymctnfixv/Build/Products/Debug/Tracing.swiftmodule/arm64-apple-macos.swiftmodule

Copy /Users/steipete/Library/Developer/Xcode/DerivedData/CodeLooper-crrddjihwjtfkwegrjrymctnfixv/Build/Products/Debug/Tracing.swiftmodule/arm64-apple-macos.swiftdoc /Users/steipete/Library/Developer/Xcode/DerivedData/CodeLooper-crrddjihwjtfkwegrjrymctnfixv/Build/Intermediates.noindex/swift-distributed-tracing.build/Debug/Tracing.build/Objects-normal/arm64/Tracing.swiftdoc (in target 'Tracing' from project 'swift-distributed-tracing')
    cd /Users/steipete/Library/Developer/Xcode/DerivedData/CodeLooper-crrddjihwjtfkwegrjrymctnfixv/SourcePackages/checkouts/swift-distributed-tracing
    builtin-copy -exclude .DS_Store -exclude CVS -exclude .svn -exclude .git -exclude .hg -resolve-src-symlinks -rename /Users/steipete/Library/Developer/Xcode/DerivedData/CodeLooper-crrddjihwjtfkwegrjrymctnfixv/Build/Intermediates.noindex/swift-distributed-tracing.build/Debug/Tracing.build/Objects-normal/arm64/Tracing.swiftdoc /Users/steipete/Library/Developer/Xcode/DerivedData/CodeLooper-crrddjihwjtfkwegrjrymctnfixv/Build/Products/Debug/Tracing.swiftmodule/arm64-apple-macos.swiftdoc

Copy /Users/steipete/Library/Developer/Xcode/DerivedData/CodeLooper-crrddjihwjtfkwegrjrymctnfixv/Build/Products/Debug/Tracing.swiftmodule/arm64-apple-macos.abi.json /Users/steipete/Library/Developer/Xcode/DerivedData/CodeLooper-crrddjihwjtfkwegrjrymctnfixv/Build/Intermediates.noindex/swift-distributed-tracing.build/Debug/Tracing.build/Objects-normal/arm64/Tracing.abi.json (in target 'Tracing' from project 'swift-distributed-tracing')
    cd /Users/steipete/Library/Developer/Xcode/DerivedData/CodeLooper-crrddjihwjtfkwegrjrymctnfixv/SourcePackages/checkouts/swift-distributed-tracing
    builtin-copy -exclude .DS_Store -exclude CVS -exclude .svn -exclude .git -exclude .hg -resolve-src-symlinks -rename /Users/steipete/Library/Developer/Xcode/DerivedData/CodeLooper-crrddjihwjtfkwegrjrymctnfixv/Build/Intermediates.noindex/swift-distributed-tracing.build/Debug/Tracing.build/Objects-normal/arm64/Tracing.abi.json /Users/steipete/Library/Developer/Xcode/DerivedData/CodeLooper-crrddjihwjtfkwegrjrymctnfixv/Build/Products/Debug/Tracing.swiftmodule/arm64-apple-macos.abi.json

Copy /Users/steipete/Library/Developer/Xcode/DerivedData/CodeLooper-crrddjihwjtfkwegrjrymctnfixv/Build/Products/Debug/Tracing.swiftmodule/Project/arm64-apple-macos.swiftsourceinfo /Users/steipete/Library/Developer/Xcode/DerivedData/CodeLooper-crrddjihwjtfkwegrjrymctnfixv/Build/Intermediates.noindex/swift-distributed-tracing.build/Debug/Tracing.build/Objects-normal/arm64/Tracing.swiftsourceinfo (in target 'Tracing' from project 'swift-distributed-tracing')
    cd /Users/steipete/Library/Developer/Xcode/DerivedData/CodeLooper-crrddjihwjtfkwegrjrymctnfixv/SourcePackages/checkouts/swift-distributed-tracing
    builtin-copy -exclude .DS_Store -exclude CVS -exclude .svn -exclude .git -exclude .hg -resolve-src-symlinks -rename /Users/steipete/Library/Developer/Xcode/DerivedData/CodeLooper-crrddjihwjtfkwegrjrymctnfixv/Build/Intermediates.noindex/swift-distributed-tracing.build/Debug/Tracing.build/Objects-normal/arm64/Tracing.swiftsourceinfo /Users/steipete/Library/Developer/Xcode/DerivedData/CodeLooper-crrddjihwjtfkwegrjrymctnfixv/Build/Products/Debug/Tracing.swiftmodule/Project/arm64-apple-macos.swiftsourceinfo

SwiftCompile normal arm64 Compiling\ Optional\ Utilities.swift,\ String\ Utilities.swift,\ String.Index+ABI.swift,\ _CharacterRecognizer.swift /Users/steipete/Library/Developer/Xcode/DerivedData/CodeLooper-crrddjihwjtfkwegrjrymctnfixv/SourcePackages/checkouts/swift-collections/Sources/RopeModule/Utilities/Optional\ Utilities.swift /Users/steipete/Library/Developer/Xcode/DerivedData/CodeLooper-crrddjihwjtfkwegrjrymctnfixv/SourcePackages/checkouts/swift-collections/Sources/RopeModule/Utilities/String\ Utilities.swift /Users/steipete/Library/Developer/Xcode/DerivedData/CodeLooper-crrddjihwjtfkwegrjrymctnfixv/SourcePackages/checkouts/swift-collections/Sources/RopeModule/Utilities/String.Index+ABI.swift /Users/steipete/Library/Developer/Xcode/DerivedData/CodeLooper-crrddjihwjtfkwegrjrymctnfixv/SourcePackages/checkouts/swift-collections/Sources/RopeModule/Utilities/_CharacterRecognizer.swift (in target '_RopeModule' from project 'swift-collections')

SwiftCompile normal arm64 /Users/steipete/Library/Developer/Xcode/DerivedData/CodeLooper-crrddjihwjtfkwegrjrymctnfixv/SourcePackages/checkouts/swift-collections/Sources/RopeModule/Utilities/Optional\ Utilities.swift (in target '_RopeModule' from project 'swift-collections')
    cd /Users/steipete/Projects/CodeLooper
    

SwiftCompile normal arm64 /Users/steipete/Library/Developer/Xcode/DerivedData/CodeLooper-crrddjihwjtfkwegrjrymctnfixv/SourcePackages/checkouts/swift-collections/Sources/RopeModule/Utilities/String\ Utilities.swift (in target '_RopeModule' from project 'swift-collections')
    cd /Users/steipete/Projects/CodeLooper
    

SwiftCompile normal arm64 /Users/steipete/Library/Developer/Xcode/DerivedData/CodeLooper-crrddjihwjtfkwegrjrymctnfixv/SourcePackages/checkouts/swift-collections/Sources/RopeModule/Utilities/String.Index+ABI.swift (in target '_RopeModule' from project 'swift-collections')
    cd /Users/steipete/Projects/CodeLooper
    

SwiftCompile normal arm64 /Users/steipete/Library/Developer/Xcode/DerivedData/CodeLooper-crrddjihwjtfkwegrjrymctnfixv/SourcePackages/checkouts/swift-collections/Sources/RopeModule/Utilities/_CharacterRecognizer.swift (in target '_RopeModule' from project 'swift-collections')
    cd /Users/steipete/Projects/CodeLooper
    

SwiftCompile normal arm64 Compiling\ BigString+Invariants.swift,\ BigString+Iterators.swift,\ BigString+Metrics.swift,\ BigString+Summary.swift,\ BigString.swift /Users/steipete/Library/Developer/Xcode/DerivedData/CodeLooper-crrddjihwjtfkwegrjrymctnfixv/SourcePackages/checkouts/swift-collections/Sources/RopeModule/BigString/Basics/BigString+Invariants.swift /Users/steipete/Library/Developer/Xcode/DerivedData/CodeLooper-crrddjihwjtfkwegrjrymctnfixv/SourcePackages/checkouts/swift-collections/Sources/RopeModule/BigString/Basics/BigString+Iterators.swift /Users/steipete/Library/Developer/Xcode/DerivedData/CodeLooper-crrddjihwjtfkwegrjrymctnfixv/SourcePackages/checkouts/swift-collections/Sources/RopeModule/BigString/Basics/BigString+Metrics.swift /Users/steipete/Library/Developer/Xcode/DerivedData/CodeLooper-crrddjihwjtfkwegrjrymctnfixv/SourcePackages/checkouts/swift-collections/Sources/RopeModule/BigString/Basics/BigString+Summary.swift /Users/steipete/Library/Developer/Xcode/DerivedData/CodeLooper-crrddjihwjtfkwegrjrymctnfixv/SourcePackages/checkouts/swift-collections/Sources/RopeModule/BigString/Basics/BigString.swift (in target '_RopeModule' from project 'swift-collections')

SwiftCompile normal arm64 /Users/steipete/Library/Developer/Xcode/DerivedData/CodeLooper-crrddjihwjtfkwegrjrymctnfixv/SourcePackages/checkouts/swift-collections/Sources/RopeModule/BigString/Basics/BigString+Invariants.swift (in target '_RopeModule' from project 'swift-collections')
    cd /Users/steipete/Projects/CodeLooper
    

SwiftCompile normal arm64 /Users/steipete/Library/Developer/Xcode/DerivedData/CodeLooper-crrddjihwjtfkwegrjrymctnfixv/SourcePackages/checkouts/swift-collections/Sources/RopeModule/BigString/Basics/BigString+Iterators.swift (in target '_RopeModule' from project 'swift-collections')
    cd /Users/steipete/Projects/CodeLooper
    

SwiftCompile normal arm64 /Users/steipete/Library/Developer/Xcode/DerivedData/CodeLooper-crrddjihwjtfkwegrjrymctnfixv/SourcePackages/checkouts/swift-collections/Sources/RopeModule/BigString/Basics/BigString+Metrics.swift (in target '_RopeModule' from project 'swift-collections')
    cd /Users/steipete/Projects/CodeLooper
    

SwiftCompile normal arm64 /Users/steipete/Library/Developer/Xcode/DerivedData/CodeLooper-crrddjihwjtfkwegrjrymctnfixv/SourcePackages/checkouts/swift-collections/Sources/RopeModule/BigString/Basics/BigString+Summary.swift (in target '_RopeModule' from project 'swift-collections')
    cd /Users/steipete/Projects/CodeLooper
    

SwiftCompile normal arm64 /Users/steipete/Library/Developer/Xcode/DerivedData/CodeLooper-crrddjihwjtfkwegrjrymctnfixv/SourcePackages/checkouts/swift-collections/Sources/RopeModule/BigString/Basics/BigString.swift (in target '_RopeModule' from project 'swift-collections')
    cd /Users/steipete/Projects/CodeLooper
    

SwiftDriverJobDiscovery normal arm64 Compiling OrderedSet+Initializers.swift, OrderedSet+Insertions.swift, OrderedSet+Invariants.swift, OrderedSet+Partial MutableCollection.swift (in target 'OrderedCollections' from project 'swift-collections')

SwiftCompile normal arm64 Compiling\ Rope+MutatingForEach.swift,\ Rope+Remove.swift,\ Rope+RemoveSubrange.swift,\ Rope+Split.swift /Users/steipete/Library/Developer/Xcode/DerivedData/CodeLooper-crrddjihwjtfkwegrjrymctnfixv/SourcePackages/checkouts/swift-collections/Sources/RopeModule/Rope/Operations/Rope+MutatingForEach.swift /Users/steipete/Library/Developer/Xcode/DerivedData/CodeLooper-crrddjihwjtfkwegrjrymctnfixv/SourcePackages/checkouts/swift-collections/Sources/RopeModule/Rope/Operations/Rope+Remove.swift /Users/steipete/Library/Developer/Xcode/DerivedData/CodeLooper-crrddjihwjtfkwegrjrymctnfixv/SourcePackages/checkouts/swift-collections/Sources/RopeModule/Rope/Operations/Rope+RemoveSubrange.swift /Users/steipete/Library/Developer/Xcode/DerivedData/CodeLooper-crrddjihwjtfkwegrjrymctnfixv/SourcePackages/checkouts/swift-collections/Sources/RopeModule/Rope/Operations/Rope+Split.swift (in target '_RopeModule' from project 'swift-collections')

SwiftCompile normal arm64 /Users/steipete/Library/Developer/Xcode/DerivedData/CodeLooper-crrddjihwjtfkwegrjrymctnfixv/SourcePackages/checkouts/swift-collections/Sources/RopeModule/Rope/Operations/Rope+MutatingForEach.swift (in target '_RopeModule' from project 'swift-collections')
    cd /Users/steipete/Projects/CodeLooper
    

SwiftCompile normal arm64 /Users/steipete/Library/Developer/Xcode/DerivedData/CodeLooper-crrddjihwjtfkwegrjrymctnfixv/SourcePackages/checkouts/swift-collections/Sources/RopeModule/Rope/Operations/Rope+Remove.swift (in target '_RopeModule' from project 'swift-collections')
    cd /Users/steipete/Projects/CodeLooper
    

SwiftCompile normal arm64 /Users/steipete/Library/Developer/Xcode/DerivedData/CodeLooper-crrddjihwjtfkwegrjrymctnfixv/SourcePackages/checkouts/swift-collections/Sources/RopeModule/Rope/Operations/Rope+RemoveSubrange.swift (in target '_RopeModule' from project 'swift-collections')
    cd /Users/steipete/Projects/CodeLooper
    

SwiftCompile normal arm64 /Users/steipete/Library/Developer/Xcode/DerivedData/CodeLooper-crrddjihwjtfkwegrjrymctnfixv/SourcePackages/checkouts/swift-collections/Sources/RopeModule/Rope/Operations/Rope+Split.swift (in target '_RopeModule' from project 'swift-collections')
    cd /Users/steipete/Projects/CodeLooper
    

SwiftDriverJobDiscovery normal arm64 Emitting module for BitCollections (in target 'BitCollections' from project 'swift-collections')

SwiftDriver\ Compilation\ Requirements BitCollections normal arm64 com.apple.xcode.tools.swift.compiler (in target 'BitCollections' from project 'swift-collections')
    cd /Users/steipete/Projects/CodeLooper
    builtin-Swift-Compilation-Requirements -- /Applications/Xcode-beta.app/Contents/Developer/Toolchains/XcodeDefault.xctoolchain/usr/bin/swiftc -module-name BitCollections -Onone -enforce-exclusivity\=checked @/Users/steipete/Library/Developer/Xcode/DerivedData/CodeLooper-crrddjihwjtfkwegrjrymctnfixv/Build/Intermediates.noindex/swift-collections.build/Debug/BitCollections.build/Objects-normal/arm64/BitCollections.SwiftFileList -DSWIFT_PACKAGE -DDEBUG -DSWIFT_MODULE_RESOURCE_BUNDLE_UNAVAILABLE -DCOLLECTIONS_RANDOMIZED_TESTING -DXcode -plugin-path /Applications/Xcode-beta.app/Contents/Developer/Toolchains/XcodeDefault.xctoolchain/usr/lib/swift/host/plugins/testing -enable-experimental-feature DebugDescriptionMacro -sdk /Applications/Xcode-beta.app/Contents/Developer/Platforms/MacOSX.platform/Developer/SDKs/MacOSX26.0.sdk -target arm64-apple-macos10.13 -g -module-cache-path /Users/steipete/Library/Developer/Xcode/DerivedData/ModuleCache.noindex -Xfrontend -serialize-debugging-options -profile-coverage-mapping -profile-generate -enable-testing -suppress-warnings -index-store-path /Users/steipete/Library/Developer/Xcode/DerivedData/CodeLooper-crrddjihwjtfkwegrjrymctnfixv/Index.noindex/DataStore -swift-version 5 -I /Users/steipete/Library/Developer/Xcode/DerivedData/CodeLooper-crrddjihwjtfkwegrjrymctnfixv/Build/Products/Debug -I /Applications/Xcode-beta.app/Contents/Developer/Platforms/MacOSX.platform/Developer/usr/lib -F /Users/steipete/Library/Developer/Xcode/DerivedData/CodeLooper-crrddjihwjtfkwegrjrymctnfixv/Build/Products/Debug/PackageFrameworks -F /Users/steipete/Library/Developer/Xcode/DerivedData/CodeLooper-crrddjihwjtfkwegrjrymctnfixv/Build/Products/Debug -F /Applications/Xcode-beta.app/Contents/Developer/Platforms/MacOSX.platform/Developer/Library/Frameworks -c -j16 -enable-batch-mode -incremental -Xcc -ivfsstatcache -Xcc /Users/steipete/Library/Developer/Xcode/DerivedData/SDKStatCaches.noindex/macosx26.0-25A5279m-5d9328ff1a6613a11d359de947506b52.sdkstatcache -output-file-map /Users/steipete/Library/Developer/Xcode/DerivedData/CodeLooper-crrddjihwjtfkwegrjrymctnfixv/Build/Intermediates.noindex/swift-collections.build/Debug/BitCollections.build/Objects-normal/arm64/BitCollections-OutputFileMap.json -use-frontend-parseable-output -save-temps -no-color-diagnostics -explicit-module-build -module-cache-path /Users/steipete/Library/Developer/Xcode/DerivedData/CodeLooper-crrddjihwjtfkwegrjrymctnfixv/Build/Intermediates.noindex/SwiftExplicitPrecompiledModules -clang-scanner-module-cache-path /Users/steipete/Library/Developer/Xcode/DerivedData/ModuleCache.noindex -sdk-module-cache-path /Users/steipete/Library/Developer/Xcode/DerivedData/ModuleCache.noindex -serialize-diagnostics -emit-dependencies -emit-module -emit-module-path /Users/steipete/Library/Developer/Xcode/DerivedData/CodeLooper-crrddjihwjtfkwegrjrymctnfixv/Build/Intermediates.noindex/swift-collections.build/Debug/BitCollections.build/Objects-normal/arm64/BitCollections.swiftmodule -validate-clang-modules-once -clang-build-session-file /Users/steipete/Library/Developer/Xcode/DerivedData/ModuleCache.noindex/Session.modulevalidation -package-name swift_collections -Xcc -I/Users/steipete/Library/Developer/Xcode/DerivedData/CodeLooper-crrddjihwjtfkwegrjrymctnfixv/Build/Intermediates.noindex/swift-collections.build/Debug/BitCollections.build/swift-overrides.hmap -emit-const-values -Xfrontend -const-gather-protocols-file -Xfrontend /Users/steipete/Library/Developer/Xcode/DerivedData/CodeLooper-crrddjihwjtfkwegrjrymctnfixv/Build/Intermediates.noindex/swift-collections.build/Debug/BitCollections.build/Objects-normal/arm64/BitCollections_const_extract_protocols.json -Xcc -I/Users/steipete/Library/Developer/Xcode/DerivedData/CodeLooper-crrddjihwjtfkwegrjrymctnfixv/Build/Products/Debug/include -Xcc -I/Users/steipete/Library/Developer/Xcode/DerivedData/CodeLooper-crrddjihwjtfkwegrjrymctnfixv/Build/Intermediates.noindex/swift-collections.build/Debug/BitCollections.build/DerivedSources-normal/arm64 -Xcc -I/Users/steipete/Library/Developer/Xcode/DerivedData/CodeLooper-crrddjihwjtfkwegrjrymctnfixv/Build/Intermediates.noindex/swift-collections.build/Debug/BitCollections.build/DerivedSources/arm64 -Xcc -I/Users/steipete/Library/Developer/Xcode/DerivedData/CodeLooper-crrddjihwjtfkwegrjrymctnfixv/Build/Intermediates.noindex/swift-collections.build/Debug/BitCollections.build/DerivedSources -Xcc -DSWIFT_PACKAGE -Xcc -DDEBUG\=1 -emit-objc-header -emit-objc-header-path /Users/steipete/Library/Developer/Xcode/DerivedData/CodeLooper-crrddjihwjtfkwegrjrymctnfixv/Build/Intermediates.noindex/swift-collections.build/Debug/BitCollections.build/Objects-normal/arm64/BitCollections-Swift.h -working-directory /Users/steipete/Projects/CodeLooper -experimental-emit-module-separately -disable-cmo

SwiftDriverJobDiscovery normal arm64 Compiling OrderedSet+SubSequence.swift, OrderedSet+Testing.swift, OrderedSet+UnorderedView.swift (in target 'OrderedCollections' from project 'swift-collections')

SwiftCompile normal arm64 Compiling\ BigString+ReplaceSubrange.swift,\ BigString+Split.swift,\ Range+BigString.swift,\ BigString+UTF16View.swift,\ BigString+UTF8View.swift /Users/steipete/Library/Developer/Xcode/DerivedData/CodeLooper-crrddjihwjtfkwegrjrymctnfixv/SourcePackages/checkouts/swift-collections/Sources/RopeModule/BigString/Operations/BigString+ReplaceSubrange.swift /Users/steipete/Library/Developer/Xcode/DerivedData/CodeLooper-crrddjihwjtfkwegrjrymctnfixv/SourcePackages/checkouts/swift-collections/Sources/RopeModule/BigString/Operations/BigString+Split.swift /Users/steipete/Library/Developer/Xcode/DerivedData/CodeLooper-crrddjihwjtfkwegrjrymctnfixv/SourcePackages/checkouts/swift-collections/Sources/RopeModule/BigString/Operations/Range+BigString.swift /Users/steipete/Library/Developer/Xcode/DerivedData/CodeLooper-crrddjihwjtfkwegrjrymctnfixv/SourcePackages/checkouts/swift-collections/Sources/RopeModule/BigString/Views/BigString+UTF16View.swift /Users/steipete/Library/Developer/Xcode/DerivedData/CodeLooper-crrddjihwjtfkwegrjrymctnfixv/SourcePackages/checkouts/swift-collections/Sources/RopeModule/BigString/Views/BigString+UTF8View.swift (in target '_RopeModule' from project 'swift-collections')

SwiftCompile normal arm64 /Users/steipete/Library/Developer/Xcode/DerivedData/CodeLooper-crrddjihwjtfkwegrjrymctnfixv/SourcePackages/checkouts/swift-collections/Sources/RopeModule/BigString/Operations/BigString+ReplaceSubrange.swift (in target '_RopeModule' from project 'swift-collections')
    cd /Users/steipete/Projects/CodeLooper
    

SwiftCompile normal arm64 /Users/steipete/Library/Developer/Xcode/DerivedData/CodeLooper-crrddjihwjtfkwegrjrymctnfixv/SourcePackages/checkouts/swift-collections/Sources/RopeModule/BigString/Operations/BigString+Split.swift (in target '_RopeModule' from project 'swift-collections')
    cd /Users/steipete/Projects/CodeLooper
    

SwiftCompile normal arm64 /Users/steipete/Library/Developer/Xcode/DerivedData/CodeLooper-crrddjihwjtfkwegrjrymctnfixv/SourcePackages/checkouts/swift-collections/Sources/RopeModule/BigString/Operations/Range+BigString.swift (in target '_RopeModule' from project 'swift-collections')
    cd /Users/steipete/Projects/CodeLooper
    

SwiftCompile normal arm64 /Users/steipete/Library/Developer/Xcode/DerivedData/CodeLooper-crrddjihwjtfkwegrjrymctnfixv/SourcePackages/checkouts/swift-collections/Sources/RopeModule/BigString/Views/BigString+UTF16View.swift (in target '_RopeModule' from project 'swift-collections')
    cd /Users/steipete/Projects/CodeLooper
    

SwiftCompile normal arm64 /Users/steipete/Library/Developer/Xcode/DerivedData/CodeLooper-crrddjihwjtfkwegrjrymctnfixv/SourcePackages/checkouts/swift-collections/Sources/RopeModule/BigString/Views/BigString+UTF8View.swift (in target '_RopeModule' from project 'swift-collections')
    cd /Users/steipete/Projects/CodeLooper
    

SwiftCompile normal arm64 Compiling\ Rope+Builder.swift,\ Rope+Debugging.swift,\ Rope+Invariants.swift,\ Rope+_Node.swift,\ Rope+_Storage.swift /Users/steipete/Library/Developer/Xcode/DerivedData/CodeLooper-crrddjihwjtfkwegrjrymctnfixv/SourcePackages/checkouts/swift-collections/Sources/RopeModule/Rope/Basics/Rope+Builder.swift /Users/steipete/Library/Developer/Xcode/DerivedData/CodeLooper-crrddjihwjtfkwegrjrymctnfixv/SourcePackages/checkouts/swift-collections/Sources/RopeModule/Rope/Basics/Rope+Debugging.swift /Users/steipete/Library/Developer/Xcode/DerivedData/CodeLooper-crrddjihwjtfkwegrjrymctnfixv/SourcePackages/checkouts/swift-collections/Sources/RopeModule/Rope/Basics/Rope+Invariants.swift /Users/steipete/Library/Developer/Xcode/DerivedData/CodeLooper-crrddjihwjtfkwegrjrymctnfixv/SourcePackages/checkouts/swift-collections/Sources/RopeModule/Rope/Basics/Rope+_Node.swift /Users/steipete/Library/Developer/Xcode/DerivedData/CodeLooper-crrddjihwjtfkwegrjrymctnfixv/SourcePackages/checkouts/swift-collections/Sources/RopeModule/Rope/Basics/Rope+_Storage.swift (in target '_RopeModule' from project 'swift-collections')

SwiftCompile normal arm64 /Users/steipete/Library/Developer/Xcode/DerivedData/CodeLooper-crrddjihwjtfkwegrjrymctnfixv/SourcePackages/checkouts/swift-collections/Sources/RopeModule/Rope/Basics/Rope+Builder.swift (in target '_RopeModule' from project 'swift-collections')
    cd /Users/steipete/Projects/CodeLooper
    

SwiftCompile normal arm64 /Users/steipete/Library/Developer/Xcode/DerivedData/CodeLooper-crrddjihwjtfkwegrjrymctnfixv/SourcePackages/checkouts/swift-collections/Sources/RopeModule/Rope/Basics/Rope+Debugging.swift (in target '_RopeModule' from project 'swift-collections')
    cd /Users/steipete/Projects/CodeLooper
    

SwiftCompile normal arm64 /Users/steipete/Library/Developer/Xcode/DerivedData/CodeLooper-crrddjihwjtfkwegrjrymctnfixv/SourcePackages/checkouts/swift-collections/Sources/RopeModule/Rope/Basics/Rope+Invariants.swift (in target '_RopeModule' from project 'swift-collections')
    cd /Users/steipete/Projects/CodeLooper
    

SwiftCompile normal arm64 /Users/steipete/Library/Developer/Xcode/DerivedData/CodeLooper-crrddjihwjtfkwegrjrymctnfixv/SourcePackages/checkouts/swift-collections/Sources/RopeModule/Rope/Basics/Rope+_Node.swift (in target '_RopeModule' from project 'swift-collections')
    cd /Users/steipete/Projects/CodeLooper
    

SwiftCompile normal arm64 /Users/steipete/Library/Developer/Xcode/DerivedData/CodeLooper-crrddjihwjtfkwegrjrymctnfixv/SourcePackages/checkouts/swift-collections/Sources/RopeModule/Rope/Basics/Rope+_Storage.swift (in target '_RopeModule' from project 'swift-collections')
    cd /Users/steipete/Projects/CodeLooper
    

SwiftDriverJobDiscovery normal arm64 Compiling BigString+Comparable.swift, BigString+CustomDebugStringConvertible.swift, BigString+CustomStringConvertible.swift, BigString+Equatable.swift, BigString+ExpressibleByStringLiteral.swift (in target '_RopeModule' from project 'swift-collections')

SwiftCompile normal arm64 Compiling\ BigString+UnicodeScalarView.swift,\ BigSubstring+UTF16View.swift,\ BigSubstring+UTF8View.swift,\ BigSubstring+UnicodeScalarView.swift,\ BigSubstring.swift /Users/steipete/Library/Developer/Xcode/DerivedData/CodeLooper-crrddjihwjtfkwegrjrymctnfixv/SourcePackages/checkouts/swift-collections/Sources/RopeModule/BigString/Views/BigString+UnicodeScalarView.swift /Users/steipete/Library/Developer/Xcode/DerivedData/CodeLooper-crrddjihwjtfkwegrjrymctnfixv/SourcePackages/checkouts/swift-collections/Sources/RopeModule/BigString/Views/BigSubstring+UTF16View.swift /Users/steipete/Library/Developer/Xcode/DerivedData/CodeLooper-crrddjihwjtfkwegrjrymctnfixv/SourcePackages/checkouts/swift-collections/Sources/RopeModule/BigString/Views/BigSubstring+UTF8View.swift /Users/steipete/Library/Developer/Xcode/DerivedData/CodeLooper-crrddjihwjtfkwegrjrymctnfixv/SourcePackages/checkouts/swift-collections/Sources/RopeModule/BigString/Views/BigSubstring+UnicodeScalarView.swift /Users/steipete/Library/Developer/Xcode/DerivedData/CodeLooper-crrddjihwjtfkwegrjrymctnfixv/SourcePackages/checkouts/swift-collections/Sources/RopeModule/BigString/Views/BigSubstring.swift (in target '_RopeModule' from project 'swift-collections')

SwiftCompile normal arm64 /Users/steipete/Library/Developer/Xcode/DerivedData/CodeLooper-crrddjihwjtfkwegrjrymctnfixv/SourcePackages/checkouts/swift-collections/Sources/RopeModule/BigString/Views/BigString+UnicodeScalarView.swift (in target '_RopeModule' from project 'swift-collections')
    cd /Users/steipete/Projects/CodeLooper
    

SwiftCompile normal arm64 /Users/steipete/Library/Developer/Xcode/DerivedData/CodeLooper-crrddjihwjtfkwegrjrymctnfixv/SourcePackages/checkouts/swift-collections/Sources/RopeModule/BigString/Views/BigSubstring+UTF16View.swift (in target '_RopeModule' from project 'swift-collections')
    cd /Users/steipete/Projects/CodeLooper
    

SwiftCompile normal arm64 /Users/steipete/Library/Developer/Xcode/DerivedData/CodeLooper-crrddjihwjtfkwegrjrymctnfixv/SourcePackages/checkouts/swift-collections/Sources/RopeModule/BigString/Views/BigSubstring+UTF8View.swift (in target '_RopeModule' from project 'swift-collections')
    cd /Users/steipete/Projects/CodeLooper
    

SwiftCompile normal arm64 /Users/steipete/Library/Developer/Xcode/DerivedData/CodeLooper-crrddjihwjtfkwegrjrymctnfixv/SourcePackages/checkouts/swift-collections/Sources/RopeModule/BigString/Views/BigSubstring+UnicodeScalarView.swift (in target '_RopeModule' from project 'swift-collections')
    cd /Users/steipete/Projects/CodeLooper
    

SwiftCompile normal arm64 /Users/steipete/Library/Developer/Xcode/DerivedData/CodeLooper-crrddjihwjtfkwegrjrymctnfixv/SourcePackages/checkouts/swift-collections/Sources/RopeModule/BigString/Views/BigSubstring.swift (in target '_RopeModule' from project 'swift-collections')
    cd /Users/steipete/Projects/CodeLooper
    

SwiftDriverJobDiscovery normal arm64 Compiling Rope+_UnmanagedLeaf.swift, Rope+_UnsafeHandle.swift, Rope.swift, RopeElement.swift, RopeMetric.swift (in target '_RopeModule' from project 'swift-collections')

SwiftMergeGeneratedHeaders /Users/steipete/Library/Developer/Xcode/DerivedData/CodeLooper-crrddjihwjtfkwegrjrymctnfixv/Build/Intermediates.noindex/GeneratedModuleMaps/BitCollections-Swift.h /Users/steipete/Library/Developer/Xcode/DerivedData/CodeLooper-crrddjihwjtfkwegrjrymctnfixv/Build/Intermediates.noindex/swift-collections.build/Debug/BitCollections.build/Objects-normal/arm64/BitCollections-Swift.h (in target 'BitCollections' from project 'swift-collections')
    cd /Users/steipete/Library/Developer/Xcode/DerivedData/CodeLooper-crrddjihwjtfkwegrjrymctnfixv/SourcePackages/checkouts/swift-collections
    builtin-swiftHeaderTool -arch arm64 /Users/steipete/Library/Developer/Xcode/DerivedData/CodeLooper-crrddjihwjtfkwegrjrymctnfixv/Build/Intermediates.noindex/swift-collections.build/Debug/BitCollections.build/Objects-normal/arm64/BitCollections-Swift.h -o /Users/steipete/Library/Developer/Xcode/DerivedData/CodeLooper-crrddjihwjtfkwegrjrymctnfixv/Build/Intermediates.noindex/GeneratedModuleMaps/BitCollections-Swift.h

SwiftDriverJobDiscovery normal arm64 Compiling BigString+Hashing.swift, BigString+LosslessStringConvertible.swift, BigString+RangeReplaceableCollection.swift, BigString+Sequence.swift, BigString+TextOutputStream.swift (in target '_RopeModule' from project 'swift-collections')

Copy /Users/steipete/Library/Developer/Xcode/DerivedData/CodeLooper-crrddjihwjtfkwegrjrymctnfixv/Build/Products/Debug/BitCollections.swiftmodule/arm64-apple-macos.swiftmodule /Users/steipete/Library/Developer/Xcode/DerivedData/CodeLooper-crrddjihwjtfkwegrjrymctnfixv/Build/Intermediates.noindex/swift-collections.build/Debug/BitCollections.build/Objects-normal/arm64/BitCollections.swiftmodule (in target 'BitCollections' from project 'swift-collections')
    cd /Users/steipete/Library/Developer/Xcode/DerivedData/CodeLooper-crrddjihwjtfkwegrjrymctnfixv/SourcePackages/checkouts/swift-collections
    builtin-copy -exclude .DS_Store -exclude CVS -exclude .svn -exclude .git -exclude .hg -resolve-src-symlinks -rename /Users/steipete/Library/Developer/Xcode/DerivedData/CodeLooper-crrddjihwjtfkwegrjrymctnfixv/Build/Intermediates.noindex/swift-collections.build/Debug/BitCollections.build/Objects-normal/arm64/BitCollections.swiftmodule /Users/steipete/Library/Developer/Xcode/DerivedData/CodeLooper-crrddjihwjtfkwegrjrymctnfixv/Build/Products/Debug/BitCollections.swiftmodule/arm64-apple-macos.swiftmodule

Copy /Users/steipete/Library/Developer/Xcode/DerivedData/CodeLooper-crrddjihwjtfkwegrjrymctnfixv/Build/Products/Debug/BitCollections.swiftmodule/arm64-apple-macos.swiftdoc /Users/steipete/Library/Developer/Xcode/DerivedData/CodeLooper-crrddjihwjtfkwegrjrymctnfixv/Build/Intermediates.noindex/swift-collections.build/Debug/BitCollections.build/Objects-normal/arm64/BitCollections.swiftdoc (in target 'BitCollections' from project 'swift-collections')
    cd /Users/steipete/Library/Developer/Xcode/DerivedData/CodeLooper-crrddjihwjtfkwegrjrymctnfixv/SourcePackages/checkouts/swift-collections
    builtin-copy -exclude .DS_Store -exclude CVS -exclude .svn -exclude .git -exclude .hg -resolve-src-symlinks -rename /Users/steipete/Library/Developer/Xcode/DerivedData/CodeLooper-crrddjihwjtfkwegrjrymctnfixv/Build/Intermediates.noindex/swift-collections.build/Debug/BitCollections.build/Objects-normal/arm64/BitCollections.swiftdoc /Users/steipete/Library/Developer/Xcode/DerivedData/CodeLooper-crrddjihwjtfkwegrjrymctnfixv/Build/Products/Debug/BitCollections.swiftmodule/arm64-apple-macos.swiftdoc

Copy /Users/steipete/Library/Developer/Xcode/DerivedData/CodeLooper-crrddjihwjtfkwegrjrymctnfixv/Build/Products/Debug/BitCollections.swiftmodule/arm64-apple-macos.abi.json /Users/steipete/Library/Developer/Xcode/DerivedData/CodeLooper-crrddjihwjtfkwegrjrymctnfixv/Build/Intermediates.noindex/swift-collections.build/Debug/BitCollections.build/Objects-normal/arm64/BitCollections.abi.json (in target 'BitCollections' from project 'swift-collections')
    cd /Users/steipete/Library/Developer/Xcode/DerivedData/CodeLooper-crrddjihwjtfkwegrjrymctnfixv/SourcePackages/checkouts/swift-collections
    builtin-copy -exclude .DS_Store -exclude CVS -exclude .svn -exclude .git -exclude .hg -resolve-src-symlinks -rename /Users/steipete/Library/Developer/Xcode/DerivedData/CodeLooper-crrddjihwjtfkwegrjrymctnfixv/Build/Intermediates.noindex/swift-collections.build/Debug/BitCollections.build/Objects-normal/arm64/BitCollections.abi.json /Users/steipete/Library/Developer/Xcode/DerivedData/CodeLooper-crrddjihwjtfkwegrjrymctnfixv/Build/Products/Debug/BitCollections.swiftmodule/arm64-apple-macos.abi.json

Copy /Users/steipete/Library/Developer/Xcode/DerivedData/CodeLooper-crrddjihwjtfkwegrjrymctnfixv/Build/Products/Debug/BitCollections.swiftmodule/Project/arm64-apple-macos.swiftsourceinfo /Users/steipete/Library/Developer/Xcode/DerivedData/CodeLooper-crrddjihwjtfkwegrjrymctnfixv/Build/Intermediates.noindex/swift-collections.build/Debug/BitCollections.build/Objects-normal/arm64/BitCollections.swiftsourceinfo (in target 'BitCollections' from project 'swift-collections')
    cd /Users/steipete/Library/Developer/Xcode/DerivedData/CodeLooper-crrddjihwjtfkwegrjrymctnfixv/SourcePackages/checkouts/swift-collections
    builtin-copy -exclude .DS_Store -exclude CVS -exclude .svn -exclude .git -exclude .hg -resolve-src-symlinks -rename /Users/steipete/Library/Developer/Xcode/DerivedData/CodeLooper-crrddjihwjtfkwegrjrymctnfixv/Build/Intermediates.noindex/swift-collections.build/Debug/BitCollections.build/Objects-normal/arm64/BitCollections.swiftsourceinfo /Users/steipete/Library/Developer/Xcode/DerivedData/CodeLooper-crrddjihwjtfkwegrjrymctnfixv/Build/Products/Debug/BitCollections.swiftmodule/Project/arm64-apple-macos.swiftsourceinfo

SwiftDriverJobDiscovery normal arm64 Compiling Optional Utilities.swift, String Utilities.swift, String.Index+ABI.swift, _CharacterRecognizer.swift (in target '_RopeModule' from project 'swift-collections')

SwiftCompile normal arm64 Compiling\ Rope+Find.swift,\ Rope+ForEachWhile.swift,\ Rope+Insert.swift,\ Rope+Join.swift /Users/steipete/Library/Developer/Xcode/DerivedData/CodeLooper-crrddjihwjtfkwegrjrymctnfixv/SourcePackages/checkouts/swift-collections/Sources/RopeModule/Rope/Operations/Rope+Find.swift /Users/steipete/Library/Developer/Xcode/DerivedData/CodeLooper-crrddjihwjtfkwegrjrymctnfixv/SourcePackages/checkouts/swift-collections/Sources/RopeModule/Rope/Operations/Rope+ForEachWhile.swift /Users/steipete/Library/Developer/Xcode/DerivedData/CodeLooper-crrddjihwjtfkwegrjrymctnfixv/SourcePackages/checkouts/swift-collections/Sources/RopeModule/Rope/Operations/Rope+Insert.swift /Users/steipete/Library/Developer/Xcode/DerivedData/CodeLooper-crrddjihwjtfkwegrjrymctnfixv/SourcePackages/checkouts/swift-collections/Sources/RopeModule/Rope/Operations/Rope+Join.swift (in target '_RopeModule' from project 'swift-collections')

SwiftCompile normal arm64 /Users/steipete/Library/Developer/Xcode/DerivedData/CodeLooper-crrddjihwjtfkwegrjrymctnfixv/SourcePackages/checkouts/swift-collections/Sources/RopeModule/Rope/Operations/Rope+Find.swift (in target '_RopeModule' from project 'swift-collections')
    cd /Users/steipete/Projects/CodeLooper
    

SwiftCompile normal arm64 /Users/steipete/Library/Developer/Xcode/DerivedData/CodeLooper-crrddjihwjtfkwegrjrymctnfixv/SourcePackages/checkouts/swift-collections/Sources/RopeModule/Rope/Operations/Rope+ForEachWhile.swift (in target '_RopeModule' from project 'swift-collections')
    cd /Users/steipete/Projects/CodeLooper
    

SwiftCompile normal arm64 /Users/steipete/Library/Developer/Xcode/DerivedData/CodeLooper-crrddjihwjtfkwegrjrymctnfixv/SourcePackages/checkouts/swift-collections/Sources/RopeModule/Rope/Operations/Rope+Insert.swift (in target '_RopeModule' from project 'swift-collections')
    cd /Users/steipete/Projects/CodeLooper
    

SwiftCompile normal arm64 /Users/steipete/Library/Developer/Xcode/DerivedData/CodeLooper-crrddjihwjtfkwegrjrymctnfixv/SourcePackages/checkouts/swift-collections/Sources/RopeModule/Rope/Operations/Rope+Join.swift (in target '_RopeModule' from project 'swift-collections')
    cd /Users/steipete/Projects/CodeLooper
    

SwiftCompile normal arm64 Compiling\ RopeSummary.swift,\ _RopeItem.swift,\ _RopePath.swift,\ _RopeVersion.swift,\ Rope+Collection.swift /Users/steipete/Library/Developer/Xcode/DerivedData/CodeLooper-crrddjihwjtfkwegrjrymctnfixv/SourcePackages/checkouts/swift-collections/Sources/RopeModule/Rope/Basics/RopeSummary.swift /Users/steipete/Library/Developer/Xcode/DerivedData/CodeLooper-crrddjihwjtfkwegrjrymctnfixv/SourcePackages/checkouts/swift-collections/Sources/RopeModule/Rope/Basics/_RopeItem.swift /Users/steipete/Library/Developer/Xcode/DerivedData/CodeLooper-crrddjihwjtfkwegrjrymctnfixv/SourcePackages/checkouts/swift-collections/Sources/RopeModule/Rope/Basics/_RopePath.swift /Users/steipete/Library/Developer/Xcode/DerivedData/CodeLooper-crrddjihwjtfkwegrjrymctnfixv/SourcePackages/checkouts/swift-collections/Sources/RopeModule/Rope/Basics/_RopeVersion.swift /Users/steipete/Library/Developer/Xcode/DerivedData/CodeLooper-crrddjihwjtfkwegrjrymctnfixv/SourcePackages/checkouts/swift-collections/Sources/RopeModule/Rope/Conformances/Rope+Collection.swift (in target '_RopeModule' from project 'swift-collections')

SwiftCompile normal arm64 /Users/steipete/Library/Developer/Xcode/DerivedData/CodeLooper-crrddjihwjtfkwegrjrymctnfixv/SourcePackages/checkouts/swift-collections/Sources/RopeModule/Rope/Basics/RopeSummary.swift (in target '_RopeModule' from project 'swift-collections')
    cd /Users/steipete/Projects/CodeLooper
    

SwiftCompile normal arm64 /Users/steipete/Library/Developer/Xcode/DerivedData/CodeLooper-crrddjihwjtfkwegrjrymctnfixv/SourcePackages/checkouts/swift-collections/Sources/RopeModule/Rope/Basics/_RopeItem.swift (in target '_RopeModule' from project 'swift-collections')
    cd /Users/steipete/Projects/CodeLooper
    

SwiftCompile normal arm64 /Users/steipete/Library/Developer/Xcode/DerivedData/CodeLooper-crrddjihwjtfkwegrjrymctnfixv/SourcePackages/checkouts/swift-collections/Sources/RopeModule/Rope/Basics/_RopePath.swift (in target '_RopeModule' from project 'swift-collections')
    cd /Users/steipete/Projects/CodeLooper
    

SwiftCompile normal arm64 /Users/steipete/Library/Developer/Xcode/DerivedData/CodeLooper-crrddjihwjtfkwegrjrymctnfixv/SourcePackages/checkouts/swift-collections/Sources/RopeModule/Rope/Basics/_RopeVersion.swift (in target '_RopeModule' from project 'swift-collections')
    cd /Users/steipete/Projects/CodeLooper
    

SwiftCompile normal arm64 /Users/steipete/Library/Developer/Xcode/DerivedData/CodeLooper-crrddjihwjtfkwegrjrymctnfixv/SourcePackages/checkouts/swift-collections/Sources/RopeModule/Rope/Conformances/Rope+Collection.swift (in target '_RopeModule' from project 'swift-collections')
    cd /Users/steipete/Projects/CodeLooper
    

SwiftCompile normal arm64 Compiling\ Rope+Index.swift,\ Rope+Sequence.swift,\ Rope+Append.swift,\ Rope+Extract.swift /Users/steipete/Library/Developer/Xcode/DerivedData/CodeLooper-crrddjihwjtfkwegrjrymctnfixv/SourcePackages/checkouts/swift-collections/Sources/RopeModule/Rope/Conformances/Rope+Index.swift /Users/steipete/Library/Developer/Xcode/DerivedData/CodeLooper-crrddjihwjtfkwegrjrymctnfixv/SourcePackages/checkouts/swift-collections/Sources/RopeModule/Rope/Conformances/Rope+Sequence.swift /Users/steipete/Library/Developer/Xcode/DerivedData/CodeLooper-crrddjihwjtfkwegrjrymctnfixv/SourcePackages/checkouts/swift-collections/Sources/RopeModule/Rope/Operations/Rope+Append.swift /Users/steipete/Library/Developer/Xcode/DerivedData/CodeLooper-crrddjihwjtfkwegrjrymctnfixv/SourcePackages/checkouts/swift-collections/Sources/RopeModule/Rope/Operations/Rope+Extract.swift (in target '_RopeModule' from project 'swift-collections')

SwiftCompile normal arm64 /Users/steipete/Library/Developer/Xcode/DerivedData/CodeLooper-crrddjihwjtfkwegrjrymctnfixv/SourcePackages/checkouts/swift-collections/Sources/RopeModule/Rope/Conformances/Rope+Index.swift (in target '_RopeModule' from project 'swift-collections')
    cd /Users/steipete/Projects/CodeLooper
    

SwiftCompile normal arm64 /Users/steipete/Library/Developer/Xcode/DerivedData/CodeLooper-crrddjihwjtfkwegrjrymctnfixv/SourcePackages/checkouts/swift-collections/Sources/RopeModule/Rope/Conformances/Rope+Sequence.swift (in target '_RopeModule' from project 'swift-collections')
    cd /Users/steipete/Projects/CodeLooper
    

SwiftCompile normal arm64 /Users/steipete/Library/Developer/Xcode/DerivedData/CodeLooper-crrddjihwjtfkwegrjrymctnfixv/SourcePackages/checkouts/swift-collections/Sources/RopeModule/Rope/Operations/Rope+Append.swift (in target '_RopeModule' from project 'swift-collections')
    cd /Users/steipete/Projects/CodeLooper
    

SwiftCompile normal arm64 /Users/steipete/Library/Developer/Xcode/DerivedData/CodeLooper-crrddjihwjtfkwegrjrymctnfixv/SourcePackages/checkouts/swift-collections/Sources/RopeModule/Rope/Operations/Rope+Extract.swift (in target '_RopeModule' from project 'swift-collections')
    cd /Users/steipete/Projects/CodeLooper
    

SwiftDriverJobDiscovery normal arm64 Compiling BigString+Chunk+Indexing by UTF16.swift, BigString+Chunk+RopeElement.swift, BigString+Chunk+Splitting.swift, BigString+Chunk.swift, BigString+BidirectionalCollection.swift (in target '_RopeModule' from project 'swift-collections')

SwiftCompile normal arm64 Compiling\ Tracer.swift /Users/steipete/Library/Developer/Xcode/DerivedData/CodeLooper-crrddjihwjtfkwegrjrymctnfixv/SourcePackages/checkouts/swift-distributed-tracing/Sources/Tracing/Tracer.swift (in target 'Tracing' from project 'swift-distributed-tracing')

SwiftCompile normal arm64 /Users/steipete/Library/Developer/Xcode/DerivedData/CodeLooper-crrddjihwjtfkwegrjrymctnfixv/SourcePackages/checkouts/swift-distributed-tracing/Sources/Tracing/Tracer.swift (in target 'Tracing' from project 'swift-distributed-tracing')
    cd /Users/steipete/Projects/CodeLooper
    

SwiftCompile normal arm64 Compiling\ TracerProtocol.swift /Users/steipete/Library/Developer/Xcode/DerivedData/CodeLooper-crrddjihwjtfkwegrjrymctnfixv/SourcePackages/checkouts/swift-distributed-tracing/Sources/Tracing/TracerProtocol.swift (in target 'Tracing' from project 'swift-distributed-tracing')

SwiftCompile normal arm64 /Users/steipete/Library/Developer/Xcode/DerivedData/CodeLooper-crrddjihwjtfkwegrjrymctnfixv/SourcePackages/checkouts/swift-distributed-tracing/Sources/Tracing/TracerProtocol.swift (in target 'Tracing' from project 'swift-distributed-tracing')
    cd /Users/steipete/Projects/CodeLooper
    

SwiftDriverJobDiscovery normal arm64 Compiling BigString+Invariants.swift, BigString+Iterators.swift, BigString+Metrics.swift, BigString+Summary.swift, BigString.swift (in target '_RopeModule' from project 'swift-collections')

SwiftDriverJobDiscovery normal arm64 Compiling BigString+Chunk+Append and Insert.swift, BigString+Chunk+Breaks.swift, BigString+Chunk+Counts.swift, BigString+Chunk+Description.swift, BigString+Chunk+Indexing by Characters.swift (in target '_RopeModule' from project 'swift-collections')

SwiftCompile normal arm64 Compiling\ TracerProtocol+Legacy.swift /Users/steipete/Library/Developer/Xcode/DerivedData/CodeLooper-crrddjihwjtfkwegrjrymctnfixv/SourcePackages/checkouts/swift-distributed-tracing/Sources/Tracing/TracerProtocol+Legacy.swift (in target 'Tracing' from project 'swift-distributed-tracing')

SwiftCompile normal arm64 /Users/steipete/Library/Developer/Xcode/DerivedData/CodeLooper-crrddjihwjtfkwegrjrymctnfixv/SourcePackages/checkouts/swift-distributed-tracing/Sources/Tracing/TracerProtocol+Legacy.swift (in target 'Tracing' from project 'swift-distributed-tracing')
    cd /Users/steipete/Projects/CodeLooper
    

SwiftDriverJobDiscovery normal arm64 Emitting module for OpenAPIRuntime (in target 'OpenAPIRuntime' from project 'swift-openapi-runtime')

SwiftDriver\ Compilation\ Requirements OpenAPIRuntime normal arm64 com.apple.xcode.tools.swift.compiler (in target 'OpenAPIRuntime' from project 'swift-openapi-runtime')
    cd /Users/steipete/Projects/CodeLooper
    builtin-Swift-Compilation-Requirements -- /Applications/Xcode-beta.app/Contents/Developer/Toolchains/XcodeDefault.xctoolchain/usr/bin/swiftc -module-name OpenAPIRuntime -Onone -enforce-exclusivity\=checked @/Users/steipete/Library/Developer/Xcode/DerivedData/CodeLooper-crrddjihwjtfkwegrjrymctnfixv/Build/Intermediates.noindex/swift-openapi-runtime.build/Debug/OpenAPIRuntime.build/Objects-normal/arm64/OpenAPIRuntime.SwiftFileList -DSWIFT_PACKAGE -DDEBUG -DSWIFT_MODULE_RESOURCE_BUNDLE_UNAVAILABLE -DXcode -enable-upcoming-feature ExistentialAny -enable-upcoming-feature MemberImportVisibility -plugin-path /Applications/Xcode-beta.app/Contents/Developer/Toolchains/XcodeDefault.xctoolchain/usr/lib/swift/host/plugins/testing -enable-experimental-feature DebugDescriptionMacro -sdk /Applications/Xcode-beta.app/Contents/Developer/Platforms/MacOSX.platform/Developer/SDKs/MacOSX26.0.sdk -target arm64-apple-macos10.15 -g -module-cache-path /Users/steipete/Library/Developer/Xcode/DerivedData/ModuleCache.noindex -Xfrontend -serialize-debugging-options -profile-coverage-mapping -profile-generate -enable-testing -suppress-warnings -index-store-path /Users/steipete/Library/Developer/Xcode/DerivedData/CodeLooper-crrddjihwjtfkwegrjrymctnfixv/Index.noindex/DataStore -swift-version 5 -I /Users/steipete/Library/Developer/Xcode/DerivedData/CodeLooper-crrddjihwjtfkwegrjrymctnfixv/Build/Products/Debug -I /Applications/Xcode-beta.app/Contents/Developer/Platforms/MacOSX.platform/Developer/usr/lib -F /Users/steipete/Library/Developer/Xcode/DerivedData/CodeLooper-crrddjihwjtfkwegrjrymctnfixv/Build/Products/Debug/PackageFrameworks -F /Users/steipete/Library/Developer/Xcode/DerivedData/CodeLooper-crrddjihwjtfkwegrjrymctnfixv/Build/Products/Debug -F /Applications/Xcode-beta.app/Contents/Developer/Platforms/MacOSX.platform/Developer/Library/Frameworks -c -j16 -enable-batch-mode -incremental -Xcc -ivfsstatcache -Xcc /Users/steipete/Library/Developer/Xcode/DerivedData/SDKStatCaches.noindex/macosx26.0-25A5279m-5d9328ff1a6613a11d359de947506b52.sdkstatcache -output-file-map /Users/steipete/Library/Developer/Xcode/DerivedData/CodeLooper-crrddjihwjtfkwegrjrymctnfixv/Build/Intermediates.noindex/swift-openapi-runtime.build/Debug/OpenAPIRuntime.build/Objects-normal/arm64/OpenAPIRuntime-OutputFileMap.json -use-frontend-parseable-output -save-temps -no-color-diagnostics -explicit-module-build -module-cache-path /Users/steipete/Library/Developer/Xcode/DerivedData/CodeLooper-crrddjihwjtfkwegrjrymctnfixv/Build/Intermediates.noindex/SwiftExplicitPrecompiledModules -clang-scanner-module-cache-path /Users/steipete/Library/Developer/Xcode/DerivedData/ModuleCache.noindex -sdk-module-cache-path /Users/steipete/Library/Developer/Xcode/DerivedData/ModuleCache.noindex -serialize-diagnostics -emit-dependencies -emit-module -emit-module-path /Users/steipete/Library/Developer/Xcode/DerivedData/CodeLooper-crrddjihwjtfkwegrjrymctnfixv/Build/Intermediates.noindex/swift-openapi-runtime.build/Debug/OpenAPIRuntime.build/Objects-normal/arm64/OpenAPIRuntime.swiftmodule -validate-clang-modules-once -clang-build-session-file /Users/steipete/Library/Developer/Xcode/DerivedData/ModuleCache.noindex/Session.modulevalidation -package-name swift_openapi_runtime -Xcc -I/Users/steipete/Library/Developer/Xcode/DerivedData/CodeLooper-crrddjihwjtfkwegrjrymctnfixv/Build/Intermediates.noindex/swift-openapi-runtime.build/Debug/OpenAPIRuntime.build/swift-overrides.hmap -emit-const-values -Xfrontend -const-gather-protocols-file -Xfrontend /Users/steipete/Library/Developer/Xcode/DerivedData/CodeLooper-crrddjihwjtfkwegrjrymctnfixv/Build/Intermediates.noindex/swift-openapi-runtime.build/Debug/OpenAPIRuntime.build/Objects-normal/arm64/OpenAPIRuntime_const_extract_protocols.json -Xcc -I/Users/steipete/Library/Developer/Xcode/DerivedData/CodeLooper-crrddjihwjtfkwegrjrymctnfixv/Build/Products/Debug/include -Xcc -I/Users/steipete/Library/Developer/Xcode/DerivedData/CodeLooper-crrddjihwjtfkwegrjrymctnfixv/Build/Intermediates.noindex/swift-openapi-runtime.build/Debug/OpenAPIRuntime.build/DerivedSources-normal/arm64 -Xcc -I/Users/steipete/Library/Developer/Xcode/DerivedData/CodeLooper-crrddjihwjtfkwegrjrymctnfixv/Build/Intermediates.noindex/swift-openapi-runtime.build/Debug/OpenAPIRuntime.build/DerivedSources/arm64 -Xcc -I/Users/steipete/Library/Developer/Xcode/DerivedData/CodeLooper-crrddjihwjtfkwegrjrymctnfixv/Build/Intermediates.noindex/swift-openapi-runtime.build/Debug/OpenAPIRuntime.build/DerivedSources -Xcc -DSWIFT_PACKAGE -Xcc -DDEBUG\=1 -emit-objc-header -emit-objc-header-path /Users/steipete/Library/Developer/Xcode/DerivedData/CodeLooper-crrddjihwjtfkwegrjrymctnfixv/Build/Intermediates.noindex/swift-openapi-runtime.build/Debug/OpenAPIRuntime.build/Objects-normal/arm64/OpenAPIRuntime-Swift.h -working-directory /Users/steipete/Projects/CodeLooper -experimental-emit-module-separately -disable-cmo

SwiftDriverJobDiscovery normal arm64 Compiling BigString+Append.swift, BigString+Initializers.swift, BigString+Insert.swift, BigString+Managing Breaks.swift, BigString+RemoveSubrange.swift (in target '_RopeModule' from project 'swift-collections')

SwiftCompile normal arm64 Compiling\ SpanProtocol.swift /Users/steipete/Library/Developer/Xcode/DerivedData/CodeLooper-crrddjihwjtfkwegrjrymctnfixv/SourcePackages/checkouts/swift-distributed-tracing/Sources/Tracing/SpanProtocol.swift (in target 'Tracing' from project 'swift-distributed-tracing')

SwiftCompile normal arm64 /Users/steipete/Library/Developer/Xcode/DerivedData/CodeLooper-crrddjihwjtfkwegrjrymctnfixv/SourcePackages/checkouts/swift-distributed-tracing/Sources/Tracing/SpanProtocol.swift (in target 'Tracing' from project 'swift-distributed-tracing')
    cd /Users/steipete/Projects/CodeLooper
    

SwiftMergeGeneratedHeaders /Users/steipete/Library/Developer/Xcode/DerivedData/CodeLooper-crrddjihwjtfkwegrjrymctnfixv/Build/Intermediates.noindex/GeneratedModuleMaps/OpenAPIRuntime-Swift.h /Users/steipete/Library/Developer/Xcode/DerivedData/CodeLooper-crrddjihwjtfkwegrjrymctnfixv/Build/Intermediates.noindex/swift-openapi-runtime.build/Debug/OpenAPIRuntime.build/Objects-normal/arm64/OpenAPIRuntime-Swift.h (in target 'OpenAPIRuntime' from project 'swift-openapi-runtime')
    cd /Users/steipete/Library/Developer/Xcode/DerivedData/CodeLooper-crrddjihwjtfkwegrjrymctnfixv/SourcePackages/checkouts/swift-openapi-runtime
    builtin-swiftHeaderTool -arch arm64 /Users/steipete/Library/Developer/Xcode/DerivedData/CodeLooper-crrddjihwjtfkwegrjrymctnfixv/Build/Intermediates.noindex/swift-openapi-runtime.build/Debug/OpenAPIRuntime.build/Objects-normal/arm64/OpenAPIRuntime-Swift.h -o /Users/steipete/Library/Developer/Xcode/DerivedData/CodeLooper-crrddjihwjtfkwegrjrymctnfixv/Build/Intermediates.noindex/GeneratedModuleMaps/OpenAPIRuntime-Swift.h

SwiftDriverJobDiscovery normal arm64 Compiling BigString+ReplaceSubrange.swift, BigString+Split.swift, Range+BigString.swift, BigString+UTF16View.swift, BigString+UTF8View.swift (in target '_RopeModule' from project 'swift-collections')

Copy /Users/steipete/Library/Developer/Xcode/DerivedData/CodeLooper-crrddjihwjtfkwegrjrymctnfixv/Build/Products/Debug/OpenAPIRuntime.swiftmodule/arm64-apple-macos.swiftmodule /Users/steipete/Library/Developer/Xcode/DerivedData/CodeLooper-crrddjihwjtfkwegrjrymctnfixv/Build/Intermediates.noindex/swift-openapi-runtime.build/Debug/OpenAPIRuntime.build/Objects-normal/arm64/OpenAPIRuntime.swiftmodule (in target 'OpenAPIRuntime' from project 'swift-openapi-runtime')
    cd /Users/steipete/Library/Developer/Xcode/DerivedData/CodeLooper-crrddjihwjtfkwegrjrymctnfixv/SourcePackages/checkouts/swift-openapi-runtime
    builtin-copy -exclude .DS_Store -exclude CVS -exclude .svn -exclude .git -exclude .hg -resolve-src-symlinks -rename /Users/steipete/Library/Developer/Xcode/DerivedData/CodeLooper-crrddjihwjtfkwegrjrymctnfixv/Build/Intermediates.noindex/swift-openapi-runtime.build/Debug/OpenAPIRuntime.build/Objects-normal/arm64/OpenAPIRuntime.swiftmodule /Users/steipete/Library/Developer/Xcode/DerivedData/CodeLooper-crrddjihwjtfkwegrjrymctnfixv/Build/Products/Debug/OpenAPIRuntime.swiftmodule/arm64-apple-macos.swiftmodule

Copy /Users/steipete/Library/Developer/Xcode/DerivedData/CodeLooper-crrddjihwjtfkwegrjrymctnfixv/Build/Products/Debug/OpenAPIRuntime.swiftmodule/arm64-apple-macos.swiftdoc /Users/steipete/Library/Developer/Xcode/DerivedData/CodeLooper-crrddjihwjtfkwegrjrymctnfixv/Build/Intermediates.noindex/swift-openapi-runtime.build/Debug/OpenAPIRuntime.build/Objects-normal/arm64/OpenAPIRuntime.swiftdoc (in target 'OpenAPIRuntime' from project 'swift-openapi-runtime')
    cd /Users/steipete/Library/Developer/Xcode/DerivedData/CodeLooper-crrddjihwjtfkwegrjrymctnfixv/SourcePackages/checkouts/swift-openapi-runtime
    builtin-copy -exclude .DS_Store -exclude CVS -exclude .svn -exclude .git -exclude .hg -resolve-src-symlinks -rename /Users/steipete/Library/Developer/Xcode/DerivedData/CodeLooper-crrddjihwjtfkwegrjrymctnfixv/Build/Intermediates.noindex/swift-openapi-runtime.build/Debug/OpenAPIRuntime.build/Objects-normal/arm64/OpenAPIRuntime.swiftdoc /Users/steipete/Library/Developer/Xcode/DerivedData/CodeLooper-crrddjihwjtfkwegrjrymctnfixv/Build/Products/Debug/OpenAPIRuntime.swiftmodule/arm64-apple-macos.swiftdoc

Copy /Users/steipete/Library/Developer/Xcode/DerivedData/CodeLooper-crrddjihwjtfkwegrjrymctnfixv/Build/Products/Debug/OpenAPIRuntime.swiftmodule/arm64-apple-macos.abi.json /Users/steipete/Library/Developer/Xcode/DerivedData/CodeLooper-crrddjihwjtfkwegrjrymctnfixv/Build/Intermediates.noindex/swift-openapi-runtime.build/Debug/OpenAPIRuntime.build/Objects-normal/arm64/OpenAPIRuntime.abi.json (in target 'OpenAPIRuntime' from project 'swift-openapi-runtime')
    cd /Users/steipete/Library/Developer/Xcode/DerivedData/CodeLooper-crrddjihwjtfkwegrjrymctnfixv/SourcePackages/checkouts/swift-openapi-runtime
    builtin-copy -exclude .DS_Store -exclude CVS -exclude .svn -exclude .git -exclude .hg -resolve-src-symlinks -rename /Users/steipete/Library/Developer/Xcode/DerivedData/CodeLooper-crrddjihwjtfkwegrjrymctnfixv/Build/Intermediates.noindex/swift-openapi-runtime.build/Debug/OpenAPIRuntime.build/Objects-normal/arm64/OpenAPIRuntime.abi.json /Users/steipete/Library/Developer/Xcode/DerivedData/CodeLooper-crrddjihwjtfkwegrjrymctnfixv/Build/Products/Debug/OpenAPIRuntime.swiftmodule/arm64-apple-macos.abi.json

Copy /Users/steipete/Library/Developer/Xcode/DerivedData/CodeLooper-crrddjihwjtfkwegrjrymctnfixv/Build/Products/Debug/OpenAPIRuntime.swiftmodule/Project/arm64-apple-macos.swiftsourceinfo /Users/steipete/Library/Developer/Xcode/DerivedData/CodeLooper-crrddjihwjtfkwegrjrymctnfixv/Build/Intermediates.noindex/swift-openapi-runtime.build/Debug/OpenAPIRuntime.build/Objects-normal/arm64/OpenAPIRuntime.swiftsourceinfo (in target 'OpenAPIRuntime' from project 'swift-openapi-runtime')
    cd /Users/steipete/Library/Developer/Xcode/DerivedData/CodeLooper-crrddjihwjtfkwegrjrymctnfixv/SourcePackages/checkouts/swift-openapi-runtime
    builtin-copy -exclude .DS_Store -exclude CVS -exclude .svn -exclude .git -exclude .hg -resolve-src-symlinks -rename /Users/steipete/Library/Developer/Xcode/DerivedData/CodeLooper-crrddjihwjtfkwegrjrymctnfixv/Build/Intermediates.noindex/swift-openapi-runtime.build/Debug/OpenAPIRuntime.build/Objects-normal/arm64/OpenAPIRuntime.swiftsourceinfo /Users/steipete/Library/Developer/Xcode/DerivedData/CodeLooper-crrddjihwjtfkwegrjrymctnfixv/Build/Products/Debug/OpenAPIRuntime.swiftmodule/Project/arm64-apple-macos.swiftsourceinfo

SwiftCompile normal arm64 Compiling\ TracingTime.swift /Users/steipete/Library/Developer/Xcode/DerivedData/CodeLooper-crrddjihwjtfkwegrjrymctnfixv/SourcePackages/checkouts/swift-distributed-tracing/Sources/Tracing/TracingTime.swift (in target 'Tracing' from project 'swift-distributed-tracing')

SwiftCompile normal arm64 /Users/steipete/Library/Developer/Xcode/DerivedData/CodeLooper-crrddjihwjtfkwegrjrymctnfixv/SourcePackages/checkouts/swift-distributed-tracing/Sources/Tracing/TracingTime.swift (in target 'Tracing' from project 'swift-distributed-tracing')
    cd /Users/steipete/Projects/CodeLooper
    

SwiftCompile normal arm64 Compiling\ NoOpTracer.swift /Users/steipete/Library/Developer/Xcode/DerivedData/CodeLooper-crrddjihwjtfkwegrjrymctnfixv/SourcePackages/checkouts/swift-distributed-tracing/Sources/Tracing/NoOpTracer.swift (in target 'Tracing' from project 'swift-distributed-tracing')

SwiftCompile normal arm64 /Users/steipete/Library/Developer/Xcode/DerivedData/CodeLooper-crrddjihwjtfkwegrjrymctnfixv/SourcePackages/checkouts/swift-distributed-tracing/Sources/Tracing/NoOpTracer.swift (in target 'Tracing' from project 'swift-distributed-tracing')
    cd /Users/steipete/Projects/CodeLooper
    

SwiftDriverJobDiscovery normal arm64 Compiling TracerProtocol.swift (in target 'Tracing' from project 'swift-distributed-tracing')

SwiftCompile normal arm64 Compiling\ InstrumentationSystem+Tracing.swift /Users/steipete/Library/Developer/Xcode/DerivedData/CodeLooper-crrddjihwjtfkwegrjrymctnfixv/SourcePackages/checkouts/swift-distributed-tracing/Sources/Tracing/InstrumentationSystem+Tracing.swift (in target 'Tracing' from project 'swift-distributed-tracing')

SwiftCompile normal arm64 /Users/steipete/Library/Developer/Xcode/DerivedData/CodeLooper-crrddjihwjtfkwegrjrymctnfixv/SourcePackages/checkouts/swift-distributed-tracing/Sources/Tracing/InstrumentationSystem+Tracing.swift (in target 'Tracing' from project 'swift-distributed-tracing')
    cd /Users/steipete/Projects/CodeLooper
    

SwiftDriverJobDiscovery normal arm64 Compiling BigString+Builder.swift, BigString+Contents.swift, BigString+Debugging.swift, BigString+Index.swift, BigString+Ingester.swift (in target '_RopeModule' from project 'swift-collections')

SwiftDriverJobDiscovery normal arm64 Emitting module for OrderedCollections (in target 'OrderedCollections' from project 'swift-collections')

SwiftCompile normal arm64 Compiling\ _HashTable+Testing.swift,\ _HashTable+UnsafeHandle.swift,\ _HashTable.swift,\ _Hashtable+Header.swift /Users/steipete/Library/Developer/Xcode/DerivedData/CodeLooper-crrddjihwjtfkwegrjrymctnfixv/SourcePackages/checkouts/swift-collections/Sources/OrderedCollections/HashTable/_HashTable+Testing.swift /Users/steipete/Library/Developer/Xcode/DerivedData/CodeLooper-crrddjihwjtfkwegrjrymctnfixv/SourcePackages/checkouts/swift-collections/Sources/OrderedCollections/HashTable/_HashTable+UnsafeHandle.swift /Users/steipete/Library/Developer/Xcode/DerivedData/CodeLooper-crrddjihwjtfkwegrjrymctnfixv/SourcePackages/checkouts/swift-collections/Sources/OrderedCollections/HashTable/_HashTable.swift /Users/steipete/Library/Developer/Xcode/DerivedData/CodeLooper-crrddjihwjtfkwegrjrymctnfixv/SourcePackages/checkouts/swift-collections/Sources/OrderedCollections/HashTable/_Hashtable+Header.swift (in target 'OrderedCollections' from project 'swift-collections')

SwiftCompile normal arm64 /Users/steipete/Library/Developer/Xcode/DerivedData/CodeLooper-crrddjihwjtfkwegrjrymctnfixv/SourcePackages/checkouts/swift-collections/Sources/OrderedCollections/HashTable/_HashTable+Testing.swift (in target 'OrderedCollections' from project 'swift-collections')
    cd /Users/steipete/Projects/CodeLooper
    

SwiftCompile normal arm64 /Users/steipete/Library/Developer/Xcode/DerivedData/CodeLooper-crrddjihwjtfkwegrjrymctnfixv/SourcePackages/checkouts/swift-collections/Sources/OrderedCollections/HashTable/_HashTable+UnsafeHandle.swift (in target 'OrderedCollections' from project 'swift-collections')
    cd /Users/steipete/Projects/CodeLooper
    

SwiftCompile normal arm64 /Users/steipete/Library/Developer/Xcode/DerivedData/CodeLooper-crrddjihwjtfkwegrjrymctnfixv/SourcePackages/checkouts/swift-collections/Sources/OrderedCollections/HashTable/_HashTable.swift (in target 'OrderedCollections' from project 'swift-collections')
    cd /Users/steipete/Projects/CodeLooper
    

SwiftCompile normal arm64 /Users/steipete/Library/Developer/Xcode/DerivedData/CodeLooper-crrddjihwjtfkwegrjrymctnfixv/SourcePackages/checkouts/swift-collections/Sources/OrderedCollections/HashTable/_Hashtable+Header.swift (in target 'OrderedCollections' from project 'swift-collections')
    cd /Users/steipete/Projects/CodeLooper
    

SwiftDriver\ Compilation\ Requirements OrderedCollections normal arm64 com.apple.xcode.tools.swift.compiler (in target 'OrderedCollections' from project 'swift-collections')
    cd /Users/steipete/Projects/CodeLooper
    builtin-Swift-Compilation-Requirements -- /Applications/Xcode-beta.app/Contents/Developer/Toolchains/XcodeDefault.xctoolchain/usr/bin/swiftc -module-name OrderedCollections -Onone -enforce-exclusivity\=checked @/Users/steipete/Library/Developer/Xcode/DerivedData/CodeLooper-crrddjihwjtfkwegrjrymctnfixv/Build/Intermediates.noindex/swift-collections.build/Debug/OrderedCollections.build/Objects-normal/arm64/OrderedCollections.SwiftFileList -DSWIFT_PACKAGE -DDEBUG -DSWIFT_MODULE_RESOURCE_BUNDLE_UNAVAILABLE -DCOLLECTIONS_RANDOMIZED_TESTING -DXcode -plugin-path /Applications/Xcode-beta.app/Contents/Developer/Toolchains/XcodeDefault.xctoolchain/usr/lib/swift/host/plugins/testing -enable-experimental-feature DebugDescriptionMacro -sdk /Applications/Xcode-beta.app/Contents/Developer/Platforms/MacOSX.platform/Developer/SDKs/MacOSX26.0.sdk -target arm64-apple-macos10.13 -g -module-cache-path /Users/steipete/Library/Developer/Xcode/DerivedData/ModuleCache.noindex -Xfrontend -serialize-debugging-options -profile-coverage-mapping -profile-generate -enable-testing -suppress-warnings -index-store-path /Users/steipete/Library/Developer/Xcode/DerivedData/CodeLooper-crrddjihwjtfkwegrjrymctnfixv/Index.noindex/DataStore -swift-version 5 -I /Users/steipete/Library/Developer/Xcode/DerivedData/CodeLooper-crrddjihwjtfkwegrjrymctnfixv/Build/Products/Debug -I /Applications/Xcode-beta.app/Contents/Developer/Platforms/MacOSX.platform/Developer/usr/lib -F /Users/steipete/Library/Developer/Xcode/DerivedData/CodeLooper-crrddjihwjtfkwegrjrymctnfixv/Build/Products/Debug/PackageFrameworks -F /Users/steipete/Library/Developer/Xcode/DerivedData/CodeLooper-crrddjihwjtfkwegrjrymctnfixv/Build/Products/Debug -F /Applications/Xcode-beta.app/Contents/Developer/Platforms/MacOSX.platform/Developer/Library/Frameworks -c -j16 -enable-batch-mode -incremental -Xcc -ivfsstatcache -Xcc /Users/steipete/Library/Developer/Xcode/DerivedData/SDKStatCaches.noindex/macosx26.0-25A5279m-5d9328ff1a6613a11d359de947506b52.sdkstatcache -output-file-map /Users/steipete/Library/Developer/Xcode/DerivedData/CodeLooper-crrddjihwjtfkwegrjrymctnfixv/Build/Intermediates.noindex/swift-collections.build/Debug/OrderedCollections.build/Objects-normal/arm64/OrderedCollections-OutputFileMap.json -use-frontend-parseable-output -save-temps -no-color-diagnostics -explicit-module-build -module-cache-path /Users/steipete/Library/Developer/Xcode/DerivedData/CodeLooper-crrddjihwjtfkwegrjrymctnfixv/Build/Intermediates.noindex/SwiftExplicitPrecompiledModules -clang-scanner-module-cache-path /Users/steipete/Library/Developer/Xcode/DerivedData/ModuleCache.noindex -sdk-module-cache-path /Users/steipete/Library/Developer/Xcode/DerivedData/ModuleCache.noindex -serialize-diagnostics -emit-dependencies -emit-module -emit-module-path /Users/steipete/Library/Developer/Xcode/DerivedData/CodeLooper-crrddjihwjtfkwegrjrymctnfixv/Build/Intermediates.noindex/swift-collections.build/Debug/OrderedCollections.build/Objects-normal/arm64/OrderedCollections.swiftmodule -validate-clang-modules-once -clang-build-session-file /Users/steipete/Library/Developer/Xcode/DerivedData/ModuleCache.noindex/Session.modulevalidation -package-name swift_collections -Xcc -I/Users/steipete/Library/Developer/Xcode/DerivedData/CodeLooper-crrddjihwjtfkwegrjrymctnfixv/Build/Intermediates.noindex/swift-collections.build/Debug/OrderedCollections.build/swift-overrides.hmap -emit-const-values -Xfrontend -const-gather-protocols-file -Xfrontend /Users/steipete/Library/Developer/Xcode/DerivedData/CodeLooper-crrddjihwjtfkwegrjrymctnfixv/Build/Intermediates.noindex/swift-collections.build/Debug/OrderedCollections.build/Objects-normal/arm64/OrderedCollections_const_extract_protocols.json -Xcc -I/Users/steipete/Library/Developer/Xcode/DerivedData/CodeLooper-crrddjihwjtfkwegrjrymctnfixv/Build/Products/Debug/include -Xcc -I/Users/steipete/Library/Developer/Xcode/DerivedData/CodeLooper-crrddjihwjtfkwegrjrymctnfixv/Build/Intermediates.noindex/swift-collections.build/Debug/OrderedCollections.build/DerivedSources-normal/arm64 -Xcc -I/Users/steipete/Library/Developer/Xcode/DerivedData/CodeLooper-crrddjihwjtfkwegrjrymctnfixv/Build/Intermediates.noindex/swift-collections.build/Debug/OrderedCollections.build/DerivedSources/arm64 -Xcc -I/Users/steipete/Library/Developer/Xcode/DerivedData/CodeLooper-crrddjihwjtfkwegrjrymctnfixv/Build/Intermediates.noindex/swift-collections.build/Debug/OrderedCollections.build/DerivedSources -Xcc -DSWIFT_PACKAGE -Xcc -DDEBUG\=1 -emit-objc-header -emit-objc-header-path /Users/steipete/Library/Developer/Xcode/DerivedData/CodeLooper-crrddjihwjtfkwegrjrymctnfixv/Build/Intermediates.noindex/swift-collections.build/Debug/OrderedCollections.build/Objects-normal/arm64/OrderedCollections-Swift.h -working-directory /Users/steipete/Projects/CodeLooper -experimental-emit-module-separately -disable-cmo

SwiftDriverJobDiscovery normal arm64 Emitting module for AXorcist (in target 'AXorcist' from project 'axPackage')

SwiftDriver\ Compilation\ Requirements AXorcist normal arm64 com.apple.xcode.tools.swift.compiler (in target 'AXorcist' from project 'axPackage')
    cd /Users/steipete/Projects/CodeLooper
    builtin-Swift-Compilation-Requirements -- /Applications/Xcode-beta.app/Contents/Developer/Toolchains/XcodeDefault.xctoolchain/usr/bin/swiftc -module-name AXorcist -Onone -enforce-exclusivity\=checked @/Users/steipete/Library/Developer/Xcode/DerivedData/CodeLooper-crrddjihwjtfkwegrjrymctnfixv/Build/Intermediates.noindex/axPackage.build/Debug/AXorcist.build/Objects-normal/arm64/AXorcist.SwiftFileList -DSWIFT_PACKAGE -DDEBUG -DSWIFT_MODULE_RESOURCE_BUNDLE_UNAVAILABLE -DXcode -plugin-path /Applications/Xcode-beta.app/Contents/Developer/Toolchains/XcodeDefault.xctoolchain/usr/lib/swift/host/plugins/testing -enable-experimental-feature DebugDescriptionMacro -sdk /Applications/Xcode-beta.app/Contents/Developer/Platforms/MacOSX.platform/Developer/SDKs/MacOSX26.0.sdk -target arm64-apple-macos13.0 -g -module-cache-path /Users/steipete/Library/Developer/Xcode/DerivedData/ModuleCache.noindex -Xfrontend -serialize-debugging-options -profile-coverage-mapping -profile-generate -enable-testing -index-store-path /Users/steipete/Library/Developer/Xcode/DerivedData/CodeLooper-crrddjihwjtfkwegrjrymctnfixv/Index.noindex/DataStore -swift-version 6 -I /Users/steipete/Library/Developer/Xcode/DerivedData/CodeLooper-crrddjihwjtfkwegrjrymctnfixv/Build/Products/Debug -I /Applications/Xcode-beta.app/Contents/Developer/Platforms/MacOSX.platform/Developer/usr/lib -F /Users/steipete/Library/Developer/Xcode/DerivedData/CodeLooper-crrddjihwjtfkwegrjrymctnfixv/Build/Products/Debug/PackageFrameworks -F /Users/steipete/Library/Developer/Xcode/DerivedData/CodeLooper-crrddjihwjtfkwegrjrymctnfixv/Build/Products/Debug -F /Applications/Xcode-beta.app/Contents/Developer/Platforms/MacOSX.platform/Developer/Library/Frameworks -c -j16 -enable-batch-mode -incremental -Xcc -ivfsstatcache -Xcc /Users/steipete/Library/Developer/Xcode/DerivedData/SDKStatCaches.noindex/macosx26.0-25A5279m-5d9328ff1a6613a11d359de947506b52.sdkstatcache -output-file-map /Users/steipete/Library/Developer/Xcode/DerivedData/CodeLooper-crrddjihwjtfkwegrjrymctnfixv/Build/Intermediates.noindex/axPackage.build/Debug/AXorcist.build/Objects-normal/arm64/AXorcist-OutputFileMap.json -use-frontend-parseable-output -save-temps -no-color-diagnostics -explicit-module-build -module-cache-path /Users/steipete/Library/Developer/Xcode/DerivedData/CodeLooper-crrddjihwjtfkwegrjrymctnfixv/Build/Intermediates.noindex/SwiftExplicitPrecompiledModules -clang-scanner-module-cache-path /Users/steipete/Library/Developer/Xcode/DerivedData/ModuleCache.noindex -sdk-module-cache-path /Users/steipete/Library/Developer/Xcode/DerivedData/ModuleCache.noindex -serialize-diagnostics -emit-dependencies -emit-module -emit-module-path /Users/steipete/Library/Developer/Xcode/DerivedData/CodeLooper-crrddjihwjtfkwegrjrymctnfixv/Build/Intermediates.noindex/axPackage.build/Debug/AXorcist.build/Objects-normal/arm64/AXorcist.swiftmodule -validate-clang-modules-once -clang-build-session-file /Users/steipete/Library/Developer/Xcode/DerivedData/ModuleCache.noindex/Session.modulevalidation -package-name axorcist -Xcc -I/Users/steipete/Library/Developer/Xcode/DerivedData/CodeLooper-crrddjihwjtfkwegrjrymctnfixv/Build/Intermediates.noindex/axPackage.build/Debug/AXorcist.build/swift-overrides.hmap -emit-const-values -Xfrontend -const-gather-protocols-file -Xfrontend /Users/steipete/Library/Developer/Xcode/DerivedData/CodeLooper-crrddjihwjtfkwegrjrymctnfixv/Build/Intermediates.noindex/axPackage.build/Debug/AXorcist.build/Objects-normal/arm64/AXorcist_const_extract_protocols.json -Xcc -I/Users/steipete/Library/Developer/Xcode/DerivedData/CodeLooper-crrddjihwjtfkwegrjrymctnfixv/Build/Products/Debug/include -Xcc -I/Users/steipete/Library/Developer/Xcode/DerivedData/CodeLooper-crrddjihwjtfkwegrjrymctnfixv/Build/Intermediates.noindex/axPackage.build/Debug/AXorcist.build/DerivedSources-normal/arm64 -Xcc -I/Users/steipete/Library/Developer/Xcode/DerivedData/CodeLooper-crrddjihwjtfkwegrjrymctnfixv/Build/Intermediates.noindex/axPackage.build/Debug/AXorcist.build/DerivedSources/arm64 -Xcc -I/Users/steipete/Library/Developer/Xcode/DerivedData/CodeLooper-crrddjihwjtfkwegrjrymctnfixv/Build/Intermediates.noindex/axPackage.build/Debug/AXorcist.build/DerivedSources -Xcc -DSWIFT_PACKAGE -Xcc -DDEBUG\=1 -emit-objc-header -emit-objc-header-path /Users/steipete/Library/Developer/Xcode/DerivedData/CodeLooper-crrddjihwjtfkwegrjrymctnfixv/Build/Intermediates.noindex/axPackage.build/Debug/AXorcist.build/Objects-normal/arm64/AXorcist-Swift.h -working-directory /Users/steipete/Projects/CodeLooper -experimental-emit-module-separately -disable-cmo

SwiftDriverJobDiscovery normal arm64 Compiling TracerProtocol+Legacy.swift (in target 'Tracing' from project 'swift-distributed-tracing')

SwiftMergeGeneratedHeaders /Users/steipete/Library/Developer/Xcode/DerivedData/CodeLooper-crrddjihwjtfkwegrjrymctnfixv/Build/Intermediates.noindex/GeneratedModuleMaps/OrderedCollections-Swift.h /Users/steipete/Library/Developer/Xcode/DerivedData/CodeLooper-crrddjihwjtfkwegrjrymctnfixv/Build/Intermediates.noindex/swift-collections.build/Debug/OrderedCollections.build/Objects-normal/arm64/OrderedCollections-Swift.h (in target 'OrderedCollections' from project 'swift-collections')
    cd /Users/steipete/Library/Developer/Xcode/DerivedData/CodeLooper-crrddjihwjtfkwegrjrymctnfixv/SourcePackages/checkouts/swift-collections
    builtin-swiftHeaderTool -arch arm64 /Users/steipete/Library/Developer/Xcode/DerivedData/CodeLooper-crrddjihwjtfkwegrjrymctnfixv/Build/Intermediates.noindex/swift-collections.build/Debug/OrderedCollections.build/Objects-normal/arm64/OrderedCollections-Swift.h -o /Users/steipete/Library/Developer/Xcode/DerivedData/CodeLooper-crrddjihwjtfkwegrjrymctnfixv/Build/Intermediates.noindex/GeneratedModuleMaps/OrderedCollections-Swift.h

Copy /Users/steipete/Library/Developer/Xcode/DerivedData/CodeLooper-crrddjihwjtfkwegrjrymctnfixv/Build/Products/Debug/OrderedCollections.swiftmodule/arm64-apple-macos.swiftmodule /Users/steipete/Library/Developer/Xcode/DerivedData/CodeLooper-crrddjihwjtfkwegrjrymctnfixv/Build/Intermediates.noindex/swift-collections.build/Debug/OrderedCollections.build/Objects-normal/arm64/OrderedCollections.swiftmodule (in target 'OrderedCollections' from project 'swift-collections')
    cd /Users/steipete/Library/Developer/Xcode/DerivedData/CodeLooper-crrddjihwjtfkwegrjrymctnfixv/SourcePackages/checkouts/swift-collections
    builtin-copy -exclude .DS_Store -exclude CVS -exclude .svn -exclude .git -exclude .hg -resolve-src-symlinks -rename /Users/steipete/Library/Developer/Xcode/DerivedData/CodeLooper-crrddjihwjtfkwegrjrymctnfixv/Build/Intermediates.noindex/swift-collections.build/Debug/OrderedCollections.build/Objects-normal/arm64/OrderedCollections.swiftmodule /Users/steipete/Library/Developer/Xcode/DerivedData/CodeLooper-crrddjihwjtfkwegrjrymctnfixv/Build/Products/Debug/OrderedCollections.swiftmodule/arm64-apple-macos.swiftmodule

Copy /Users/steipete/Library/Developer/Xcode/DerivedData/CodeLooper-crrddjihwjtfkwegrjrymctnfixv/Build/Products/Debug/OrderedCollections.swiftmodule/arm64-apple-macos.swiftdoc /Users/steipete/Library/Developer/Xcode/DerivedData/CodeLooper-crrddjihwjtfkwegrjrymctnfixv/Build/Intermediates.noindex/swift-collections.build/Debug/OrderedCollections.build/Objects-normal/arm64/OrderedCollections.swiftdoc (in target 'OrderedCollections' from project 'swift-collections')
    cd /Users/steipete/Library/Developer/Xcode/DerivedData/CodeLooper-crrddjihwjtfkwegrjrymctnfixv/SourcePackages/checkouts/swift-collections
    builtin-copy -exclude .DS_Store -exclude CVS -exclude .svn -exclude .git -exclude .hg -resolve-src-symlinks -rename /Users/steipete/Library/Developer/Xcode/DerivedData/CodeLooper-crrddjihwjtfkwegrjrymctnfixv/Build/Intermediates.noindex/swift-collections.build/Debug/OrderedCollections.build/Objects-normal/arm64/OrderedCollections.swiftdoc /Users/steipete/Library/Developer/Xcode/DerivedData/CodeLooper-crrddjihwjtfkwegrjrymctnfixv/Build/Products/Debug/OrderedCollections.swiftmodule/arm64-apple-macos.swiftdoc

SwiftDriverJobDiscovery normal arm64 Compiling Tracer.swift (in target 'Tracing' from project 'swift-distributed-tracing')

Copy /Users/steipete/Library/Developer/Xcode/DerivedData/CodeLooper-crrddjihwjtfkwegrjrymctnfixv/Build/Products/Debug/OrderedCollections.swiftmodule/arm64-apple-macos.abi.json /Users/steipete/Library/Developer/Xcode/DerivedData/CodeLooper-crrddjihwjtfkwegrjrymctnfixv/Build/Intermediates.noindex/swift-collections.build/Debug/OrderedCollections.build/Objects-normal/arm64/OrderedCollections.abi.json (in target 'OrderedCollections' from project 'swift-collections')
    cd /Users/steipete/Library/Developer/Xcode/DerivedData/CodeLooper-crrddjihwjtfkwegrjrymctnfixv/SourcePackages/checkouts/swift-collections
    builtin-copy -exclude .DS_Store -exclude CVS -exclude .svn -exclude .git -exclude .hg -resolve-src-symlinks -rename /Users/steipete/Library/Developer/Xcode/DerivedData/CodeLooper-crrddjihwjtfkwegrjrymctnfixv/Build/Intermediates.noindex/swift-collections.build/Debug/OrderedCollections.build/Objects-normal/arm64/OrderedCollections.abi.json /Users/steipete/Library/Developer/Xcode/DerivedData/CodeLooper-crrddjihwjtfkwegrjrymctnfixv/Build/Products/Debug/OrderedCollections.swiftmodule/arm64-apple-macos.abi.json

Copy /Users/steipete/Library/Developer/Xcode/DerivedData/CodeLooper-crrddjihwjtfkwegrjrymctnfixv/Build/Products/Debug/OrderedCollections.swiftmodule/Project/arm64-apple-macos.swiftsourceinfo /Users/steipete/Library/Developer/Xcode/DerivedData/CodeLooper-crrddjihwjtfkwegrjrymctnfixv/Build/Intermediates.noindex/swift-collections.build/Debug/OrderedCollections.build/Objects-normal/arm64/OrderedCollections.swiftsourceinfo (in target 'OrderedCollections' from project 'swift-collections')
    cd /Users/steipete/Library/Developer/Xcode/DerivedData/CodeLooper-crrddjihwjtfkwegrjrymctnfixv/SourcePackages/checkouts/swift-collections
    builtin-copy -exclude .DS_Store -exclude CVS -exclude .svn -exclude .git -exclude .hg -resolve-src-symlinks -rename /Users/steipete/Library/Developer/Xcode/DerivedData/CodeLooper-crrddjihwjtfkwegrjrymctnfixv/Build/Intermediates.noindex/swift-collections.build/Debug/OrderedCollections.build/Objects-normal/arm64/OrderedCollections.swiftsourceinfo /Users/steipete/Library/Developer/Xcode/DerivedData/CodeLooper-crrddjihwjtfkwegrjrymctnfixv/Build/Products/Debug/OrderedCollections.swiftmodule/Project/arm64-apple-macos.swiftsourceinfo

SwiftMergeGeneratedHeaders /Users/steipete/Library/Developer/Xcode/DerivedData/CodeLooper-crrddjihwjtfkwegrjrymctnfixv/Build/Intermediates.noindex/GeneratedModuleMaps/AXorcist-Swift.h /Users/steipete/Library/Developer/Xcode/DerivedData/CodeLooper-crrddjihwjtfkwegrjrymctnfixv/Build/Intermediates.noindex/axPackage.build/Debug/AXorcist.build/Objects-normal/arm64/AXorcist-Swift.h (in target 'AXorcist' from project 'axPackage')
    cd /Users/steipete/Projects/CodeLooper/AXorcist
    builtin-swiftHeaderTool -arch arm64 /Users/steipete/Library/Developer/Xcode/DerivedData/CodeLooper-crrddjihwjtfkwegrjrymctnfixv/Build/Intermediates.noindex/axPackage.build/Debug/AXorcist.build/Objects-normal/arm64/AXorcist-Swift.h -o /Users/steipete/Library/Developer/Xcode/DerivedData/CodeLooper-crrddjihwjtfkwegrjrymctnfixv/Build/Intermediates.noindex/GeneratedModuleMaps/AXorcist-Swift.h

Copy /Users/steipete/Library/Developer/Xcode/DerivedData/CodeLooper-crrddjihwjtfkwegrjrymctnfixv/Build/Products/Debug/AXorcist.swiftmodule/arm64-apple-macos.swiftmodule /Users/steipete/Library/Developer/Xcode/DerivedData/CodeLooper-crrddjihwjtfkwegrjrymctnfixv/Build/Intermediates.noindex/axPackage.build/Debug/AXorcist.build/Objects-normal/arm64/AXorcist.swiftmodule (in target 'AXorcist' from project 'axPackage')
    cd /Users/steipete/Projects/CodeLooper/AXorcist
    builtin-copy -exclude .DS_Store -exclude CVS -exclude .svn -exclude .git -exclude .hg -resolve-src-symlinks -rename /Users/steipete/Library/Developer/Xcode/DerivedData/CodeLooper-crrddjihwjtfkwegrjrymctnfixv/Build/Intermediates.noindex/axPackage.build/Debug/AXorcist.build/Objects-normal/arm64/AXorcist.swiftmodule /Users/steipete/Library/Developer/Xcode/DerivedData/CodeLooper-crrddjihwjtfkwegrjrymctnfixv/Build/Products/Debug/AXorcist.swiftmodule/arm64-apple-macos.swiftmodule

Copy /Users/steipete/Library/Developer/Xcode/DerivedData/CodeLooper-crrddjihwjtfkwegrjrymctnfixv/Build/Products/Debug/AXorcist.swiftmodule/arm64-apple-macos.swiftdoc /Users/steipete/Library/Developer/Xcode/DerivedData/CodeLooper-crrddjihwjtfkwegrjrymctnfixv/Build/Intermediates.noindex/axPackage.build/Debug/AXorcist.build/Objects-normal/arm64/AXorcist.swiftdoc (in target 'AXorcist' from project 'axPackage')
    cd /Users/steipete/Projects/CodeLooper/AXorcist
    builtin-copy -exclude .DS_Store -exclude CVS -exclude .svn -exclude .git -exclude .hg -resolve-src-symlinks -rename /Users/steipete/Library/Developer/Xcode/DerivedData/CodeLooper-crrddjihwjtfkwegrjrymctnfixv/Build/Intermediates.noindex/axPackage.build/Debug/AXorcist.build/Objects-normal/arm64/AXorcist.swiftdoc /Users/steipete/Library/Developer/Xcode/DerivedData/CodeLooper-crrddjihwjtfkwegrjrymctnfixv/Build/Products/Debug/AXorcist.swiftmodule/arm64-apple-macos.swiftdoc

Copy /Users/steipete/Library/Developer/Xcode/DerivedData/CodeLooper-crrddjihwjtfkwegrjrymctnfixv/Build/Products/Debug/AXorcist.swiftmodule/arm64-apple-macos.abi.json /Users/steipete/Library/Developer/Xcode/DerivedData/CodeLooper-crrddjihwjtfkwegrjrymctnfixv/Build/Intermediates.noindex/axPackage.build/Debug/AXorcist.build/Objects-normal/arm64/AXorcist.abi.json (in target 'AXorcist' from project 'axPackage')
    cd /Users/steipete/Projects/CodeLooper/AXorcist
    builtin-copy -exclude .DS_Store -exclude CVS -exclude .svn -exclude .git -exclude .hg -resolve-src-symlinks -rename /Users/steipete/Library/Developer/Xcode/DerivedData/CodeLooper-crrddjihwjtfkwegrjrymctnfixv/Build/Intermediates.noindex/axPackage.build/Debug/AXorcist.build/Objects-normal/arm64/AXorcist.abi.json /Users/steipete/Library/Developer/Xcode/DerivedData/CodeLooper-crrddjihwjtfkwegrjrymctnfixv/Build/Products/Debug/AXorcist.swiftmodule/arm64-apple-macos.abi.json

Copy /Users/steipete/Library/Developer/Xcode/DerivedData/CodeLooper-crrddjihwjtfkwegrjrymctnfixv/Build/Products/Debug/AXorcist.swiftmodule/Project/arm64-apple-macos.swiftsourceinfo /Users/steipete/Library/Developer/Xcode/DerivedData/CodeLooper-crrddjihwjtfkwegrjrymctnfixv/Build/Intermediates.noindex/axPackage.build/Debug/AXorcist.build/Objects-normal/arm64/AXorcist.swiftsourceinfo (in target 'AXorcist' from project 'axPackage')
    cd /Users/steipete/Projects/CodeLooper/AXorcist
    builtin-copy -exclude .DS_Store -exclude CVS -exclude .svn -exclude .git -exclude .hg -resolve-src-symlinks -rename /Users/steipete/Library/Developer/Xcode/DerivedData/CodeLooper-crrddjihwjtfkwegrjrymctnfixv/Build/Intermediates.noindex/axPackage.build/Debug/AXorcist.build/Objects-normal/arm64/AXorcist.swiftsourceinfo /Users/steipete/Library/Developer/Xcode/DerivedData/CodeLooper-crrddjihwjtfkwegrjrymctnfixv/Build/Products/Debug/AXorcist.swiftmodule/Project/arm64-apple-macos.swiftsourceinfo

SwiftCompile normal arm64 Compiling\ OrderedDictionary.swift,\ OrderedSet+Codable.swift,\ OrderedSet+CustomReflectable.swift,\ OrderedSet+Descriptions.swift /Users/steipete/Library/Developer/Xcode/DerivedData/CodeLooper-crrddjihwjtfkwegrjrymctnfixv/SourcePackages/checkouts/swift-collections/Sources/OrderedCollections/OrderedDictionary/OrderedDictionary.swift /Users/steipete/Library/Developer/Xcode/DerivedData/CodeLooper-crrddjihwjtfkwegrjrymctnfixv/SourcePackages/checkouts/swift-collections/Sources/OrderedCollections/OrderedSet/OrderedSet+Codable.swift /Users/steipete/Library/Developer/Xcode/DerivedData/CodeLooper-crrddjihwjtfkwegrjrymctnfixv/SourcePackages/checkouts/swift-collections/Sources/OrderedCollections/OrderedSet/OrderedSet+CustomReflectable.swift /Users/steipete/Library/Developer/Xcode/DerivedData/CodeLooper-crrddjihwjtfkwegrjrymctnfixv/SourcePackages/checkouts/swift-collections/Sources/OrderedCollections/OrderedSet/OrderedSet+Descriptions.swift (in target 'OrderedCollections' from project 'swift-collections')

SwiftCompile normal arm64 /Users/steipete/Library/Developer/Xcode/DerivedData/CodeLooper-crrddjihwjtfkwegrjrymctnfixv/SourcePackages/checkouts/swift-collections/Sources/OrderedCollections/OrderedDictionary/OrderedDictionary.swift (in target 'OrderedCollections' from project 'swift-collections')
    cd /Users/steipete/Projects/CodeLooper
    

SwiftCompile normal arm64 /Users/steipete/Library/Developer/Xcode/DerivedData/CodeLooper-crrddjihwjtfkwegrjrymctnfixv/SourcePackages/checkouts/swift-collections/Sources/OrderedCollections/OrderedSet/OrderedSet+Codable.swift (in target 'OrderedCollections' from project 'swift-collections')
    cd /Users/steipete/Projects/CodeLooper
    

SwiftCompile normal arm64 /Users/steipete/Library/Developer/Xcode/DerivedData/CodeLooper-crrddjihwjtfkwegrjrymctnfixv/SourcePackages/checkouts/swift-collections/Sources/OrderedCollections/OrderedSet/OrderedSet+CustomReflectable.swift (in target 'OrderedCollections' from project 'swift-collections')
    cd /Users/steipete/Projects/CodeLooper
    

SwiftCompile normal arm64 /Users/steipete/Library/Developer/Xcode/DerivedData/CodeLooper-crrddjihwjtfkwegrjrymctnfixv/SourcePackages/checkouts/swift-collections/Sources/OrderedCollections/OrderedSet/OrderedSet+Descriptions.swift (in target 'OrderedCollections' from project 'swift-collections')
    cd /Users/steipete/Projects/CodeLooper
    

SwiftCompile normal arm64 Compiling\ OrderedSet+Partial\ SetAlgebra\ intersection.swift,\ OrderedSet+Partial\ SetAlgebra\ isDisjoint.swift,\ OrderedSet+Partial\ SetAlgebra\ isEqualSet.swift,\ OrderedSet+Partial\ SetAlgebra\ isStrictSubset.swift /Users/steipete/Library/Developer/Xcode/DerivedData/CodeLooper-crrddjihwjtfkwegrjrymctnfixv/SourcePackages/checkouts/swift-collections/Sources/OrderedCollections/OrderedSet/OrderedSet+Partial\ SetAlgebra\ intersection.swift /Users/steipete/Library/Developer/Xcode/DerivedData/CodeLooper-crrddjihwjtfkwegrjrymctnfixv/SourcePackages/checkouts/swift-collections/Sources/OrderedCollections/OrderedSet/OrderedSet+Partial\ SetAlgebra\ isDisjoint.swift /Users/steipete/Library/Developer/Xcode/DerivedData/CodeLooper-crrddjihwjtfkwegrjrymctnfixv/SourcePackages/checkouts/swift-collections/Sources/OrderedCollections/OrderedSet/OrderedSet+Partial\ SetAlgebra\ isEqualSet.swift /Users/steipete/Library/Developer/Xcode/DerivedData/CodeLooper-crrddjihwjtfkwegrjrymctnfixv/SourcePackages/checkouts/swift-collections/Sources/OrderedCollections/OrderedSet/OrderedSet+Partial\ SetAlgebra\ isStrictSubset.swift (in target 'OrderedCollections' from project 'swift-collections')

SwiftCompile normal arm64 /Users/steipete/Library/Developer/Xcode/DerivedData/CodeLooper-crrddjihwjtfkwegrjrymctnfixv/SourcePackages/checkouts/swift-collections/Sources/OrderedCollections/OrderedSet/OrderedSet+Partial\ SetAlgebra\ intersection.swift (in target 'OrderedCollections' from project 'swift-collections')
    cd /Users/steipete/Projects/CodeLooper
    

SwiftCompile normal arm64 /Users/steipete/Library/Developer/Xcode/DerivedData/CodeLooper-crrddjihwjtfkwegrjrymctnfixv/SourcePackages/checkouts/swift-collections/Sources/OrderedCollections/OrderedSet/OrderedSet+Partial\ SetAlgebra\ isDisjoint.swift (in target 'OrderedCollections' from project 'swift-collections')
    cd /Users/steipete/Projects/CodeLooper
    

SwiftCompile normal arm64 /Users/steipete/Library/Developer/Xcode/DerivedData/CodeLooper-crrddjihwjtfkwegrjrymctnfixv/SourcePackages/checkouts/swift-collections/Sources/OrderedCollections/OrderedSet/OrderedSet+Partial\ SetAlgebra\ isEqualSet.swift (in target 'OrderedCollections' from project 'swift-collections')
    cd /Users/steipete/Projects/CodeLooper
    

SwiftCompile normal arm64 /Users/steipete/Library/Developer/Xcode/DerivedData/CodeLooper-crrddjihwjtfkwegrjrymctnfixv/SourcePackages/checkouts/swift-collections/Sources/OrderedCollections/OrderedSet/OrderedSet+Partial\ SetAlgebra\ isStrictSubset.swift (in target 'OrderedCollections' from project 'swift-collections')
    cd /Users/steipete/Projects/CodeLooper
    

SwiftCompile normal arm64 Compiling\ OrderedSet+UnstableInternals.swift,\ OrderedSet.swift,\ _UnsafeBitset.swift /Users/steipete/Library/Developer/Xcode/DerivedData/CodeLooper-crrddjihwjtfkwegrjrymctnfixv/SourcePackages/checkouts/swift-collections/Sources/OrderedCollections/OrderedSet/OrderedSet+UnstableInternals.swift /Users/steipete/Library/Developer/Xcode/DerivedData/CodeLooper-crrddjihwjtfkwegrjrymctnfixv/SourcePackages/checkouts/swift-collections/Sources/OrderedCollections/OrderedSet/OrderedSet.swift /Users/steipete/Library/Developer/Xcode/DerivedData/CodeLooper-crrddjihwjtfkwegrjrymctnfixv/SourcePackages/checkouts/swift-collections/Sources/OrderedCollections/Utilities/_UnsafeBitset.swift (in target 'OrderedCollections' from project 'swift-collections')

SwiftCompile normal arm64 /Users/steipete/Library/Developer/Xcode/DerivedData/CodeLooper-crrddjihwjtfkwegrjrymctnfixv/SourcePackages/checkouts/swift-collections/Sources/OrderedCollections/OrderedSet/OrderedSet+UnstableInternals.swift (in target 'OrderedCollections' from project 'swift-collections')
    cd /Users/steipete/Projects/CodeLooper
    

SwiftCompile normal arm64 /Users/steipete/Library/Developer/Xcode/DerivedData/CodeLooper-crrddjihwjtfkwegrjrymctnfixv/SourcePackages/checkouts/swift-collections/Sources/OrderedCollections/OrderedSet/OrderedSet.swift (in target 'OrderedCollections' from project 'swift-collections')
    cd /Users/steipete/Projects/CodeLooper
    

SwiftCompile normal arm64 /Users/steipete/Library/Developer/Xcode/DerivedData/CodeLooper-crrddjihwjtfkwegrjrymctnfixv/SourcePackages/checkouts/swift-collections/Sources/OrderedCollections/Utilities/_UnsafeBitset.swift (in target 'OrderedCollections' from project 'swift-collections')
    cd /Users/steipete/Projects/CodeLooper
    

SwiftDriverJobDiscovery normal arm64 Compiling InstrumentationSystem+Tracing.swift (in target 'Tracing' from project 'swift-distributed-tracing')

SwiftCompile normal arm64 Compiling\ Acceptable.swift,\ Base64EncodedData.swift,\ ByteUtilities.swift,\ ContentDisposition.swift,\ CopyOnWriteBox.swift /Users/steipete/Library/Developer/Xcode/DerivedData/CodeLooper-crrddjihwjtfkwegrjrymctnfixv/SourcePackages/checkouts/swift-openapi-runtime/Sources/OpenAPIRuntime/Base/Acceptable.swift /Users/steipete/Library/Developer/Xcode/DerivedData/CodeLooper-crrddjihwjtfkwegrjrymctnfixv/SourcePackages/checkouts/swift-openapi-runtime/Sources/OpenAPIRuntime/Base/Base64EncodedData.swift /Users/steipete/Library/Developer/Xcode/DerivedData/CodeLooper-crrddjihwjtfkwegrjrymctnfixv/SourcePackages/checkouts/swift-openapi-runtime/Sources/OpenAPIRuntime/Base/ByteUtilities.swift /Users/steipete/Library/Developer/Xcode/DerivedData/CodeLooper-crrddjihwjtfkwegrjrymctnfixv/SourcePackages/checkouts/swift-openapi-runtime/Sources/OpenAPIRuntime/Base/ContentDisposition.swift /Users/steipete/Library/Developer/Xcode/DerivedData/CodeLooper-crrddjihwjtfkwegrjrymctnfixv/SourcePackages/checkouts/swift-openapi-runtime/Sources/OpenAPIRuntime/Base/CopyOnWriteBox.swift (in target 'OpenAPIRuntime' from project 'swift-openapi-runtime')

SwiftCompile normal arm64 /Users/steipete/Library/Developer/Xcode/DerivedData/CodeLooper-crrddjihwjtfkwegrjrymctnfixv/SourcePackages/checkouts/swift-openapi-runtime/Sources/OpenAPIRuntime/Base/Acceptable.swift (in target 'OpenAPIRuntime' from project 'swift-openapi-runtime')
    cd /Users/steipete/Projects/CodeLooper
    

SwiftCompile normal arm64 /Users/steipete/Library/Developer/Xcode/DerivedData/CodeLooper-crrddjihwjtfkwegrjrymctnfixv/SourcePackages/checkouts/swift-openapi-runtime/Sources/OpenAPIRuntime/Base/Base64EncodedData.swift (in target 'OpenAPIRuntime' from project 'swift-openapi-runtime')
    cd /Users/steipete/Projects/CodeLooper
    

SwiftCompile normal arm64 /Users/steipete/Library/Developer/Xcode/DerivedData/CodeLooper-crrddjihwjtfkwegrjrymctnfixv/SourcePackages/checkouts/swift-openapi-runtime/Sources/OpenAPIRuntime/Base/ByteUtilities.swift (in target 'OpenAPIRuntime' from project 'swift-openapi-runtime')
    cd /Users/steipete/Projects/CodeLooper
    

SwiftCompile normal arm64 /Users/steipete/Library/Developer/Xcode/DerivedData/CodeLooper-crrddjihwjtfkwegrjrymctnfixv/SourcePackages/checkouts/swift-openapi-runtime/Sources/OpenAPIRuntime/Base/ContentDisposition.swift (in target 'OpenAPIRuntime' from project 'swift-openapi-runtime')
    cd /Users/steipete/Projects/CodeLooper
    

SwiftCompile normal arm64 /Users/steipete/Library/Developer/Xcode/DerivedData/CodeLooper-crrddjihwjtfkwegrjrymctnfixv/SourcePackages/checkouts/swift-openapi-runtime/Sources/OpenAPIRuntime/Base/CopyOnWriteBox.swift (in target 'OpenAPIRuntime' from project 'swift-openapi-runtime')
    cd /Users/steipete/Projects/CodeLooper
    

SwiftDriverJobDiscovery normal arm64 Compiling Rope+Index.swift, Rope+Sequence.swift, Rope+Append.swift, Rope+Extract.swift (in target '_RopeModule' from project 'swift-collections')

SwiftCompile normal arm64 Compiling\ MultipartPublicTypesExtensions.swift,\ MultipartRawPartsToFramesSequence.swift,\ MultipartValidation.swift,\ OpenAPIMIMEType+Multipart.swift /Users/steipete/Library/Developer/Xcode/DerivedData/CodeLooper-crrddjihwjtfkwegrjrymctnfixv/SourcePackages/checkouts/swift-openapi-runtime/Sources/OpenAPIRuntime/Multipart/MultipartPublicTypesExtensions.swift /Users/steipete/Library/Developer/Xcode/DerivedData/CodeLooper-crrddjihwjtfkwegrjrymctnfixv/SourcePackages/checkouts/swift-openapi-runtime/Sources/OpenAPIRuntime/Multipart/MultipartRawPartsToFramesSequence.swift /Users/steipete/Library/Developer/Xcode/DerivedData/CodeLooper-crrddjihwjtfkwegrjrymctnfixv/SourcePackages/checkouts/swift-openapi-runtime/Sources/OpenAPIRuntime/Multipart/MultipartValidation.swift /Users/steipete/Library/Developer/Xcode/DerivedData/CodeLooper-crrddjihwjtfkwegrjrymctnfixv/SourcePackages/checkouts/swift-openapi-runtime/Sources/OpenAPIRuntime/Multipart/OpenAPIMIMEType+Multipart.swift (in target 'OpenAPIRuntime' from project 'swift-openapi-runtime')

SwiftCompile normal arm64 /Users/steipete/Library/Developer/Xcode/DerivedData/CodeLooper-crrddjihwjtfkwegrjrymctnfixv/SourcePackages/checkouts/swift-openapi-runtime/Sources/OpenAPIRuntime/Multipart/MultipartPublicTypesExtensions.swift (in target 'OpenAPIRuntime' from project 'swift-openapi-runtime')
    cd /Users/steipete/Projects/CodeLooper
    

SwiftCompile normal arm64 /Users/steipete/Library/Developer/Xcode/DerivedData/CodeLooper-crrddjihwjtfkwegrjrymctnfixv/SourcePackages/checkouts/swift-openapi-runtime/Sources/OpenAPIRuntime/Multipart/MultipartRawPartsToFramesSequence.swift (in target 'OpenAPIRuntime' from project 'swift-openapi-runtime')
    cd /Users/steipete/Projects/CodeLooper
    

SwiftCompile normal arm64 /Users/steipete/Library/Developer/Xcode/DerivedData/CodeLooper-crrddjihwjtfkwegrjrymctnfixv/SourcePackages/checkouts/swift-openapi-runtime/Sources/OpenAPIRuntime/Multipart/MultipartValidation.swift (in target 'OpenAPIRuntime' from project 'swift-openapi-runtime')
    cd /Users/steipete/Projects/CodeLooper
    

SwiftCompile normal arm64 /Users/steipete/Library/Developer/Xcode/DerivedData/CodeLooper-crrddjihwjtfkwegrjrymctnfixv/SourcePackages/checkouts/swift-openapi-runtime/Sources/OpenAPIRuntime/Multipart/OpenAPIMIMEType+Multipart.swift (in target 'OpenAPIRuntime' from project 'swift-openapi-runtime')
    cd /Users/steipete/Projects/CodeLooper
    

SwiftCompile normal arm64 Compiling\ URICodeCodingKey.swift,\ URICoderConfiguration.swift,\ URIEncodedNode.swift,\ URIParsedTypes.swift /Users/steipete/Library/Developer/Xcode/DerivedData/CodeLooper-crrddjihwjtfkwegrjrymctnfixv/SourcePackages/checkouts/swift-openapi-runtime/Sources/OpenAPIRuntime/URICoder/Common/URICodeCodingKey.swift /Users/steipete/Library/Developer/Xcode/DerivedData/CodeLooper-crrddjihwjtfkwegrjrymctnfixv/SourcePackages/checkouts/swift-openapi-runtime/Sources/OpenAPIRuntime/URICoder/Common/URICoderConfiguration.swift /Users/steipete/Library/Developer/Xcode/DerivedData/CodeLooper-crrddjihwjtfkwegrjrymctnfixv/SourcePackages/checkouts/swift-openapi-runtime/Sources/OpenAPIRuntime/URICoder/Common/URIEncodedNode.swift /Users/steipete/Library/Developer/Xcode/DerivedData/CodeLooper-crrddjihwjtfkwegrjrymctnfixv/SourcePackages/checkouts/swift-openapi-runtime/Sources/OpenAPIRuntime/URICoder/Common/URIParsedTypes.swift (in target 'OpenAPIRuntime' from project 'swift-openapi-runtime')

SwiftCompile normal arm64 /Users/steipete/Library/Developer/Xcode/DerivedData/CodeLooper-crrddjihwjtfkwegrjrymctnfixv/SourcePackages/checkouts/swift-openapi-runtime/Sources/OpenAPIRuntime/URICoder/Common/URICodeCodingKey.swift (in target 'OpenAPIRuntime' from project 'swift-openapi-runtime')
    cd /Users/steipete/Projects/CodeLooper
    

SwiftCompile normal arm64 /Users/steipete/Library/Developer/Xcode/DerivedData/CodeLooper-crrddjihwjtfkwegrjrymctnfixv/SourcePackages/checkouts/swift-openapi-runtime/Sources/OpenAPIRuntime/URICoder/Common/URICoderConfiguration.swift (in target 'OpenAPIRuntime' from project 'swift-openapi-runtime')
    cd /Users/steipete/Projects/CodeLooper
    

SwiftCompile normal arm64 /Users/steipete/Library/Developer/Xcode/DerivedData/CodeLooper-crrddjihwjtfkwegrjrymctnfixv/SourcePackages/checkouts/swift-openapi-runtime/Sources/OpenAPIRuntime/URICoder/Common/URIEncodedNode.swift (in target 'OpenAPIRuntime' from project 'swift-openapi-runtime')
    cd /Users/steipete/Projects/CodeLooper
    

SwiftCompile normal arm64 /Users/steipete/Library/Developer/Xcode/DerivedData/CodeLooper-crrddjihwjtfkwegrjrymctnfixv/SourcePackages/checkouts/swift-openapi-runtime/Sources/OpenAPIRuntime/URICoder/Common/URIParsedTypes.swift (in target 'OpenAPIRuntime' from project 'swift-openapi-runtime')
    cd /Users/steipete/Projects/CodeLooper
    

SwiftCompile normal arm64 Compiling\ URIDecoder.swift,\ URIValueFromNodeDecoder+Keyed.swift,\ URIValueFromNodeDecoder+Single.swift,\ URIValueFromNodeDecoder+Unkeyed.swift /Users/steipete/Library/Developer/Xcode/DerivedData/CodeLooper-crrddjihwjtfkwegrjrymctnfixv/SourcePackages/checkouts/swift-openapi-runtime/Sources/OpenAPIRuntime/URICoder/Decoding/URIDecoder.swift /Users/steipete/Library/Developer/Xcode/DerivedData/CodeLooper-crrddjihwjtfkwegrjrymctnfixv/SourcePackages/checkouts/swift-openapi-runtime/Sources/OpenAPIRuntime/URICoder/Decoding/URIValueFromNodeDecoder+Keyed.swift /Users/steipete/Library/Developer/Xcode/DerivedData/CodeLooper-crrddjihwjtfkwegrjrymctnfixv/SourcePackages/checkouts/swift-openapi-runtime/Sources/OpenAPIRuntime/URICoder/Decoding/URIValueFromNodeDecoder+Single.swift /Users/steipete/Library/Developer/Xcode/DerivedData/CodeLooper-crrddjihwjtfkwegrjrymctnfixv/SourcePackages/checkouts/swift-openapi-runtime/Sources/OpenAPIRuntime/URICoder/Decoding/URIValueFromNodeDecoder+Unkeyed.swift (in target 'OpenAPIRuntime' from project 'swift-openapi-runtime')

SwiftCompile normal arm64 /Users/steipete/Library/Developer/Xcode/DerivedData/CodeLooper-crrddjihwjtfkwegrjrymctnfixv/SourcePackages/checkouts/swift-openapi-runtime/Sources/OpenAPIRuntime/URICoder/Decoding/URIDecoder.swift (in target 'OpenAPIRuntime' from project 'swift-openapi-runtime')
    cd /Users/steipete/Projects/CodeLooper
    

SwiftCompile normal arm64 /Users/steipete/Library/Developer/Xcode/DerivedData/CodeLooper-crrddjihwjtfkwegrjrymctnfixv/SourcePackages/checkouts/swift-openapi-runtime/Sources/OpenAPIRuntime/URICoder/Decoding/URIValueFromNodeDecoder+Keyed.swift (in target 'OpenAPIRuntime' from project 'swift-openapi-runtime')
    cd /Users/steipete/Projects/CodeLooper
    

SwiftCompile normal arm64 /Users/steipete/Library/Developer/Xcode/DerivedData/CodeLooper-crrddjihwjtfkwegrjrymctnfixv/SourcePackages/checkouts/swift-openapi-runtime/Sources/OpenAPIRuntime/URICoder/Decoding/URIValueFromNodeDecoder+Single.swift (in target 'OpenAPIRuntime' from project 'swift-openapi-runtime')
    cd /Users/steipete/Projects/CodeLooper
    

SwiftCompile normal arm64 /Users/steipete/Library/Developer/Xcode/DerivedData/CodeLooper-crrddjihwjtfkwegrjrymctnfixv/SourcePackages/checkouts/swift-openapi-runtime/Sources/OpenAPIRuntime/URICoder/Decoding/URIValueFromNodeDecoder+Unkeyed.swift (in target 'OpenAPIRuntime' from project 'swift-openapi-runtime')
    cd /Users/steipete/Projects/CodeLooper
    

SwiftDriverJobDiscovery normal arm64 Compiling Rope+MutatingForEach.swift, Rope+Remove.swift, Rope+RemoveSubrange.swift, Rope+Split.swift (in target '_RopeModule' from project 'swift-collections')

SwiftDriverJobDiscovery normal arm64 Compiling TracingTime.swift (in target 'Tracing' from project 'swift-distributed-tracing')

SwiftDriverJobDiscovery normal arm64 Compiling NoOpTracer.swift (in target 'Tracing' from project 'swift-distributed-tracing')

SwiftCompile normal arm64 Compiling\ CodableExtensions.swift,\ Configuration.swift,\ Converter+Client.swift,\ Converter+Common.swift,\ Converter+Server.swift /Users/steipete/Library/Developer/Xcode/DerivedData/CodeLooper-crrddjihwjtfkwegrjrymctnfixv/SourcePackages/checkouts/swift-openapi-runtime/Sources/OpenAPIRuntime/Conversion/CodableExtensions.swift /Users/steipete/Library/Developer/Xcode/DerivedData/CodeLooper-crrddjihwjtfkwegrjrymctnfixv/SourcePackages/checkouts/swift-openapi-runtime/Sources/OpenAPIRuntime/Conversion/Configuration.swift /Users/steipete/Library/Developer/Xcode/DerivedData/CodeLooper-crrddjihwjtfkwegrjrymctnfixv/SourcePackages/checkouts/swift-openapi-runtime/Sources/OpenAPIRuntime/Conversion/Converter+Client.swift /Users/steipete/Library/Developer/Xcode/DerivedData/CodeLooper-crrddjihwjtfkwegrjrymctnfixv/SourcePackages/checkouts/swift-openapi-runtime/Sources/OpenAPIRuntime/Conversion/Converter+Common.swift /Users/steipete/Library/Developer/Xcode/DerivedData/CodeLooper-crrddjihwjtfkwegrjrymctnfixv/SourcePackages/checkouts/swift-openapi-runtime/Sources/OpenAPIRuntime/Conversion/Converter+Server.swift (in target 'OpenAPIRuntime' from project 'swift-openapi-runtime')
SwiftCompile normal arm64 /Users/steipete/Library/Developer/Xcode/DerivedData/CodeLooper-crrddjihwjtfkwegrjrymctnfixv/SourcePackages/checkouts/swift-openapi-runtime/Sources/OpenAPIRuntime/Conversion/CodableExtensions.swift (in target 'OpenAPIRuntime' from project 'swift-openapi-runtime')
    cd /Users/steipete/Projects/CodeLooper
    

SwiftCompile normal arm64 /Users/steipete/Library/Developer/Xcode/DerivedData/CodeLooper-crrddjihwjtfkwegrjrymctnfixv/SourcePackages/checkouts/swift-openapi-runtime/Sources/OpenAPIRuntime/Conversion/Configuration.swift (in target 'OpenAPIRuntime' from project 'swift-openapi-runtime')
    cd /Users/steipete/Projects/CodeLooper
    

SwiftCompile normal arm64 /Users/steipete/Library/Developer/Xcode/DerivedData/CodeLooper-crrddjihwjtfkwegrjrymctnfixv/SourcePackages/checkouts/swift-openapi-runtime/Sources/OpenAPIRuntime/Conversion/Converter+Client.swift (in target 'OpenAPIRuntime' from project 'swift-openapi-runtime')
    cd /Users/steipete/Projects/CodeLooper
    

SwiftCompile normal arm64 /Users/steipete/Library/Developer/Xcode/DerivedData/CodeLooper-crrddjihwjtfkwegrjrymctnfixv/SourcePackages/checkouts/swift-openapi-runtime/Sources/OpenAPIRuntime/Conversion/Converter+Common.swift (in target 'OpenAPIRuntime' from project 'swift-openapi-runtime')
    cd /Users/steipete/Projects/CodeLooper
    

SwiftCompile normal arm64 /Users/steipete/Library/Developer/Xcode/DerivedData/CodeLooper-crrddjihwjtfkwegrjrymctnfixv/SourcePackages/checkouts/swift-openapi-runtime/Sources/OpenAPIRuntime/Conversion/Converter+Server.swift (in target 'OpenAPIRuntime' from project 'swift-openapi-runtime')
    cd /Users/steipete/Projects/CodeLooper
    

SwiftCompile normal arm64 Compiling\ OpenAPIMIMEType.swift,\ OpenAPIValue.swift,\ PrettyStringConvertible.swift,\ UndocumentedPayload.swift,\ WarningSuppressingAnnotations.swift /Users/steipete/Library/Developer/Xcode/DerivedData/CodeLooper-crrddjihwjtfkwegrjrymctnfixv/SourcePackages/checkouts/swift-openapi-runtime/Sources/OpenAPIRuntime/Base/OpenAPIMIMEType.swift /Users/steipete/Library/Developer/Xcode/DerivedData/CodeLooper-crrddjihwjtfkwegrjrymctnfixv/SourcePackages/checkouts/swift-openapi-runtime/Sources/OpenAPIRuntime/Base/OpenAPIValue.swift /Users/steipete/Library/Developer/Xcode/DerivedData/CodeLooper-crrddjihwjtfkwegrjrymctnfixv/SourcePackages/checkouts/swift-openapi-runtime/Sources/OpenAPIRuntime/Base/PrettyStringConvertible.swift /Users/steipete/Library/Developer/Xcode/DerivedData/CodeLooper-crrddjihwjtfkwegrjrymctnfixv/SourcePackages/checkouts/swift-openapi-runtime/Sources/OpenAPIRuntime/Base/UndocumentedPayload.swift /Users/steipete/Library/Developer/Xcode/DerivedData/CodeLooper-crrddjihwjtfkwegrjrymctnfixv/SourcePackages/checkouts/swift-openapi-runtime/Sources/OpenAPIRuntime/Base/WarningSuppressingAnnotations.swift (in target 'OpenAPIRuntime' from project 'swift-openapi-runtime')

SwiftCompile normal arm64 /Users/steipete/Library/Developer/Xcode/DerivedData/CodeLooper-crrddjihwjtfkwegrjrymctnfixv/SourcePackages/checkouts/swift-openapi-runtime/Sources/OpenAPIRuntime/Base/OpenAPIMIMEType.swift (in target 'OpenAPIRuntime' from project 'swift-openapi-runtime')
    cd /Users/steipete/Projects/CodeLooper
    

SwiftCompile normal arm64 /Users/steipete/Library/Developer/Xcode/DerivedData/CodeLooper-crrddjihwjtfkwegrjrymctnfixv/SourcePackages/checkouts/swift-openapi-runtime/Sources/OpenAPIRuntime/Base/OpenAPIValue.swift (in target 'OpenAPIRuntime' from project 'swift-openapi-runtime')
    cd /Users/steipete/Projects/CodeLooper
    

SwiftCompile normal arm64 /Users/steipete/Library/Developer/Xcode/DerivedData/CodeLooper-crrddjihwjtfkwegrjrymctnfixv/SourcePackages/checkouts/swift-openapi-runtime/Sources/OpenAPIRuntime/Base/PrettyStringConvertible.swift (in target 'OpenAPIRuntime' from project 'swift-openapi-runtime')
    cd /Users/steipete/Projects/CodeLooper
    

SwiftCompile normal arm64 /Users/steipete/Library/Developer/Xcode/DerivedData/CodeLooper-crrddjihwjtfkwegrjrymctnfixv/SourcePackages/checkouts/swift-openapi-runtime/Sources/OpenAPIRuntime/Base/UndocumentedPayload.swift (in target 'OpenAPIRuntime' from project 'swift-openapi-runtime')
    cd /Users/steipete/Projects/CodeLooper
    

SwiftCompile normal arm64 /Users/steipete/Library/Developer/Xcode/DerivedData/CodeLooper-crrddjihwjtfkwegrjrymctnfixv/SourcePackages/checkouts/swift-openapi-runtime/Sources/OpenAPIRuntime/Base/WarningSuppressingAnnotations.swift (in target 'OpenAPIRuntime' from project 'swift-openapi-runtime')
    cd /Users/steipete/Projects/CodeLooper
    

SwiftDriverJobDiscovery normal arm64 Compiling Rope+Find.swift, Rope+ForEachWhile.swift, Rope+Insert.swift, Rope+Join.swift (in target '_RopeModule' from project 'swift-collections')

SwiftCompile normal arm64 Compiling\ UniversalClient.swift,\ UniversalServer.swift,\ MultipartBoundaryGenerator.swift,\ MultipartBytesToFramesSequence.swift /Users/steipete/Library/Developer/Xcode/DerivedData/CodeLooper-crrddjihwjtfkwegrjrymctnfixv/SourcePackages/checkouts/swift-openapi-runtime/Sources/OpenAPIRuntime/Interface/UniversalClient.swift /Users/steipete/Library/Developer/Xcode/DerivedData/CodeLooper-crrddjihwjtfkwegrjrymctnfixv/SourcePackages/checkouts/swift-openapi-runtime/Sources/OpenAPIRuntime/Interface/UniversalServer.swift /Users/steipete/Library/Developer/Xcode/DerivedData/CodeLooper-crrddjihwjtfkwegrjrymctnfixv/SourcePackages/checkouts/swift-openapi-runtime/Sources/OpenAPIRuntime/Multipart/MultipartBoundaryGenerator.swift /Users/steipete/Library/Developer/Xcode/DerivedData/CodeLooper-crrddjihwjtfkwegrjrymctnfixv/SourcePackages/checkouts/swift-openapi-runtime/Sources/OpenAPIRuntime/Multipart/MultipartBytesToFramesSequence.swift (in target 'OpenAPIRuntime' from project 'swift-openapi-runtime')
SwiftCompile normal arm64 /Users/steipete/Library/Developer/Xcode/DerivedData/CodeLooper-crrddjihwjtfkwegrjrymctnfixv/SourcePackages/checkouts/swift-openapi-runtime/Sources/OpenAPIRuntime/Interface/UniversalClient.swift (in target 'OpenAPIRuntime' from project 'swift-openapi-runtime')
    cd /Users/steipete/Projects/CodeLooper
    

SwiftCompile normal arm64 /Users/steipete/Library/Developer/Xcode/DerivedData/CodeLooper-crrddjihwjtfkwegrjrymctnfixv/SourcePackages/checkouts/swift-openapi-runtime/Sources/OpenAPIRuntime/Interface/UniversalServer.swift (in target 'OpenAPIRuntime' from project 'swift-openapi-runtime')
    cd /Users/steipete/Projects/CodeLooper
    

SwiftCompile normal arm64 /Users/steipete/Library/Developer/Xcode/DerivedData/CodeLooper-crrddjihwjtfkwegrjrymctnfixv/SourcePackages/checkouts/swift-openapi-runtime/Sources/OpenAPIRuntime/Multipart/MultipartBoundaryGenerator.swift (in target 'OpenAPIRuntime' from project 'swift-openapi-runtime')
    cd /Users/steipete/Projects/CodeLooper
    

SwiftCompile normal arm64 /Users/steipete/Library/Developer/Xcode/DerivedData/CodeLooper-crrddjihwjtfkwegrjrymctnfixv/SourcePackages/checkouts/swift-openapi-runtime/Sources/OpenAPIRuntime/Multipart/MultipartBytesToFramesSequence.swift (in target 'OpenAPIRuntime' from project 'swift-openapi-runtime')
    cd /Users/steipete/Projects/CodeLooper
    

SwiftDriverJobDiscovery normal arm64 Compiling SpanProtocol.swift (in target 'Tracing' from project 'swift-distributed-tracing')

SwiftDriver\ Compilation Tracing normal arm64 com.apple.xcode.tools.swift.compiler (in target 'Tracing' from project 'swift-distributed-tracing')
    cd /Users/steipete/Projects/CodeLooper
    builtin-Swift-Compilation -- /Applications/Xcode-beta.app/Contents/Developer/Toolchains/XcodeDefault.xctoolchain/usr/bin/swiftc -module-name Tracing -Onone -enforce-exclusivity\=checked @/Users/steipete/Library/Developer/Xcode/DerivedData/CodeLooper-crrddjihwjtfkwegrjrymctnfixv/Build/Intermediates.noindex/swift-distributed-tracing.build/Debug/Tracing.build/Objects-normal/arm64/Tracing.SwiftFileList -DSWIFT_PACKAGE -DDEBUG -DSWIFT_MODULE_RESOURCE_BUNDLE_UNAVAILABLE -DXcode -enable-experimental-feature StrictConcurrency\=complete -plugin-path /Applications/Xcode-beta.app/Contents/Developer/Toolchains/XcodeDefault.xctoolchain/usr/lib/swift/host/plugins/testing -enable-experimental-feature DebugDescriptionMacro -sdk /Applications/Xcode-beta.app/Contents/Developer/Platforms/MacOSX.platform/Developer/SDKs/MacOSX26.0.sdk -target arm64-apple-macos10.13 -g -module-cache-path /Users/steipete/Library/Developer/Xcode/DerivedData/ModuleCache.noindex -Xfrontend -serialize-debugging-options -profile-coverage-mapping -profile-generate -enable-testing -suppress-warnings -index-store-path /Users/steipete/Library/Developer/Xcode/DerivedData/CodeLooper-crrddjihwjtfkwegrjrymctnfixv/Index.noindex/DataStore -swift-version 5 -I /Users/steipete/Library/Developer/Xcode/DerivedData/CodeLooper-crrddjihwjtfkwegrjrymctnfixv/Build/Products/Debug -I /Applications/Xcode-beta.app/Contents/Developer/Platforms/MacOSX.platform/Developer/usr/lib -F /Users/steipete/Library/Developer/Xcode/DerivedData/CodeLooper-crrddjihwjtfkwegrjrymctnfixv/Build/Products/Debug/PackageFrameworks -F /Users/steipete/Library/Developer/Xcode/DerivedData/CodeLooper-crrddjihwjtfkwegrjrymctnfixv/Build/Products/Debug/PackageFrameworks -F /Users/steipete/Library/Developer/Xcode/DerivedData/CodeLooper-crrddjihwjtfkwegrjrymctnfixv/Build/Products/Debug -F /Applications/Xcode-beta.app/Contents/Developer/Platforms/MacOSX.platform/Developer/Library/Frameworks -c -j16 -enable-batch-mode -incremental -Xcc -ivfsstatcache -Xcc /Users/steipete/Library/Developer/Xcode/DerivedData/SDKStatCaches.noindex/macosx26.0-25A5279m-5d9328ff1a6613a11d359de947506b52.sdkstatcache -output-file-map /Users/steipete/Library/Developer/Xcode/DerivedData/CodeLooper-crrddjihwjtfkwegrjrymctnfixv/Build/Intermediates.noindex/swift-distributed-tracing.build/Debug/Tracing.build/Objects-normal/arm64/Tracing-OutputFileMap.json -use-frontend-parseable-output -save-temps -no-color-diagnostics -explicit-module-build -module-cache-path /Users/steipete/Library/Developer/Xcode/DerivedData/CodeLooper-crrddjihwjtfkwegrjrymctnfixv/Build/Intermediates.noindex/SwiftExplicitPrecompiledModules -clang-scanner-module-cache-path /Users/steipete/Library/Developer/Xcode/DerivedData/ModuleCache.noindex -sdk-module-cache-path /Users/steipete/Library/Developer/Xcode/DerivedData/ModuleCache.noindex -serialize-diagnostics -emit-dependencies -emit-module -emit-module-path /Users/steipete/Library/Developer/Xcode/DerivedData/CodeLooper-crrddjihwjtfkwegrjrymctnfixv/Build/Intermediates.noindex/swift-distributed-tracing.build/Debug/Tracing.build/Objects-normal/arm64/Tracing.swiftmodule -validate-clang-modules-once -clang-build-session-file /Users/steipete/Library/Developer/Xcode/DerivedData/ModuleCache.noindex/Session.modulevalidation -package-name swift_distributed_tracing -Xcc -I/Users/steipete/Library/Developer/Xcode/DerivedData/CodeLooper-crrddjihwjtfkwegrjrymctnfixv/Build/Intermediates.noindex/swift-distributed-tracing.build/Debug/Tracing.build/swift-overrides.hmap -emit-const-values -Xfrontend -const-gather-protocols-file -Xfrontend /Users/steipete/Library/Developer/Xcode/DerivedData/CodeLooper-crrddjihwjtfkwegrjrymctnfixv/Build/Intermediates.noindex/swift-distributed-tracing.build/Debug/Tracing.build/Objects-normal/arm64/Tracing_const_extract_protocols.json -Xcc -I/Users/steipete/Library/Developer/Xcode/DerivedData/CodeLooper-crrddjihwjtfkwegrjrymctnfixv/Build/Products/Debug/include -Xcc -I/Users/steipete/Library/Developer/Xcode/DerivedData/CodeLooper-crrddjihwjtfkwegrjrymctnfixv/Build/Intermediates.noindex/swift-distributed-tracing.build/Debug/Tracing.build/DerivedSources-normal/arm64 -Xcc -I/Users/steipete/Library/Developer/Xcode/DerivedData/CodeLooper-crrddjihwjtfkwegrjrymctnfixv/Build/Intermediates.noindex/swift-distributed-tracing.build/Debug/Tracing.build/DerivedSources/arm64 -Xcc -I/Users/steipete/Library/Developer/Xcode/DerivedData/CodeLooper-crrddjihwjtfkwegrjrymctnfixv/Build/Intermediates.noindex/swift-distributed-tracing.build/Debug/Tracing.build/DerivedSources -Xcc -DSWIFT_PACKAGE -Xcc -DDEBUG\=1 -emit-objc-header -emit-objc-header-path /Users/steipete/Library/Developer/Xcode/DerivedData/CodeLooper-crrddjihwjtfkwegrjrymctnfixv/Build/Intermediates.noindex/swift-distributed-tracing.build/Debug/Tracing.build/Objects-normal/arm64/Tracing-Swift.h -working-directory /Users/steipete/Projects/CodeLooper -experimental-emit-module-separately -disable-cmo

SwiftDriverJobDiscovery normal arm64 Emitting module for _RopeModule (in target '_RopeModule' from project 'swift-collections')

SwiftDriver\ Compilation\ Requirements _RopeModule normal arm64 com.apple.xcode.tools.swift.compiler (in target '_RopeModule' from project 'swift-collections')
    cd /Users/steipete/Projects/CodeLooper
    builtin-Swift-Compilation-Requirements -- /Applications/Xcode-beta.app/Contents/Developer/Toolchains/XcodeDefault.xctoolchain/usr/bin/swiftc -module-name _RopeModule -Onone -enforce-exclusivity\=checked @/Users/steipete/Library/Developer/Xcode/DerivedData/CodeLooper-crrddjihwjtfkwegrjrymctnfixv/Build/Intermediates.noindex/swift-collections.build/Debug/_RopeModule.build/Objects-normal/arm64/_RopeModule.SwiftFileList -DSWIFT_PACKAGE -DDEBUG -DSWIFT_MODULE_RESOURCE_BUNDLE_UNAVAILABLE -DCOLLECTIONS_RANDOMIZED_TESTING -DXcode -plugin-path /Applications/Xcode-beta.app/Contents/Developer/Toolchains/XcodeDefault.xctoolchain/usr/lib/swift/host/plugins/testing -enable-experimental-feature DebugDescriptionMacro -sdk /Applications/Xcode-beta.app/Contents/Developer/Platforms/MacOSX.platform/Developer/SDKs/MacOSX26.0.sdk -target arm64-apple-macos10.13 -g -module-cache-path /Users/steipete/Library/Developer/Xcode/DerivedData/ModuleCache.noindex -Xfrontend -serialize-debugging-options -profile-coverage-mapping -profile-generate -enable-testing -suppress-warnings -index-store-path /Users/steipete/Library/Developer/Xcode/DerivedData/CodeLooper-crrddjihwjtfkwegrjrymctnfixv/Index.noindex/DataStore -swift-version 5 -I /Users/steipete/Library/Developer/Xcode/DerivedData/CodeLooper-crrddjihwjtfkwegrjrymctnfixv/Build/Products/Debug -I /Applications/Xcode-beta.app/Contents/Developer/Platforms/MacOSX.platform/Developer/usr/lib -F /Users/steipete/Library/Developer/Xcode/DerivedData/CodeLooper-crrddjihwjtfkwegrjrymctnfixv/Build/Products/Debug/PackageFrameworks -F /Users/steipete/Library/Developer/Xcode/DerivedData/CodeLooper-crrddjihwjtfkwegrjrymctnfixv/Build/Products/Debug -F /Applications/Xcode-beta.app/Contents/Developer/Platforms/MacOSX.platform/Developer/Library/Frameworks -c -j16 -enable-batch-mode -incremental -Xcc -ivfsstatcache -Xcc /Users/steipete/Library/Developer/Xcode/DerivedData/SDKStatCaches.noindex/macosx26.0-25A5279m-5d9328ff1a6613a11d359de947506b52.sdkstatcache -output-file-map /Users/steipete/Library/Developer/Xcode/DerivedData/CodeLooper-crrddjihwjtfkwegrjrymctnfixv/Build/Intermediates.noindex/swift-collections.build/Debug/_RopeModule.build/Objects-normal/arm64/_RopeModule-OutputFileMap.json -use-frontend-parseable-output -save-temps -no-color-diagnostics -explicit-module-build -module-cache-path /Users/steipete/Library/Developer/Xcode/DerivedData/CodeLooper-crrddjihwjtfkwegrjrymctnfixv/Build/Intermediates.noindex/SwiftExplicitPrecompiledModules -clang-scanner-module-cache-path /Users/steipete/Library/Developer/Xcode/DerivedData/ModuleCache.noindex -sdk-module-cache-path /Users/steipete/Library/Developer/Xcode/DerivedData/ModuleCache.noindex -serialize-diagnostics -emit-dependencies -emit-module -emit-module-path /Users/steipete/Library/Developer/Xcode/DerivedData/CodeLooper-crrddjihwjtfkwegrjrymctnfixv/Build/Intermediates.noindex/swift-collections.build/Debug/_RopeModule.build/Objects-normal/arm64/_RopeModule.swiftmodule -validate-clang-modules-once -clang-build-session-file /Users/steipete/Library/Developer/Xcode/DerivedData/ModuleCache.noindex/Session.modulevalidation -package-name swift_collections -Xcc -I/Users/steipete/Library/Developer/Xcode/DerivedData/CodeLooper-crrddjihwjtfkwegrjrymctnfixv/Build/Intermediates.noindex/swift-collections.build/Debug/_RopeModule.build/swift-overrides.hmap -emit-const-values -Xfrontend -const-gather-protocols-file -Xfrontend /Users/steipete/Library/Developer/Xcode/DerivedData/CodeLooper-crrddjihwjtfkwegrjrymctnfixv/Build/Intermediates.noindex/swift-collections.build/Debug/_RopeModule.build/Objects-normal/arm64/_RopeModule_const_extract_protocols.json -Xcc -I/Users/steipete/Library/Developer/Xcode/DerivedData/CodeLooper-crrddjihwjtfkwegrjrymctnfixv/Build/Products/Debug/include -Xcc -I/Users/steipete/Library/Developer/Xcode/DerivedData/CodeLooper-crrddjihwjtfkwegrjrymctnfixv/Build/Intermediates.noindex/swift-collections.build/Debug/_RopeModule.build/DerivedSources-normal/arm64 -Xcc -I/Users/steipete/Library/Developer/Xcode/DerivedData/CodeLooper-crrddjihwjtfkwegrjrymctnfixv/Build/Intermediates.noindex/swift-collections.build/Debug/_RopeModule.build/DerivedSources/arm64 -Xcc -I/Users/steipete/Library/Developer/Xcode/DerivedData/CodeLooper-crrddjihwjtfkwegrjrymctnfixv/Build/Intermediates.noindex/swift-collections.build/Debug/_RopeModule.build/DerivedSources -Xcc -DSWIFT_PACKAGE -Xcc -DDEBUG\=1 -emit-objc-header -emit-objc-header-path /Users/steipete/Library/Developer/Xcode/DerivedData/CodeLooper-crrddjihwjtfkwegrjrymctnfixv/Build/Intermediates.noindex/swift-collections.build/Debug/_RopeModule.build/Objects-normal/arm64/_RopeModule-Swift.h -working-directory /Users/steipete/Projects/CodeLooper -experimental-emit-module-separately -disable-cmo

SwiftCompile normal arm64 Compiling\ MultipartFramesToBytesSequence.swift,\ MultipartFramesToRawPartsSequence.swift,\ MultipartInternalTypes.swift,\ MultipartPublicTypes.swift /Users/steipete/Library/Developer/Xcode/DerivedData/CodeLooper-crrddjihwjtfkwegrjrymctnfixv/SourcePackages/checkouts/swift-openapi-runtime/Sources/OpenAPIRuntime/Multipart/MultipartFramesToBytesSequence.swift /Users/steipete/Library/Developer/Xcode/DerivedData/CodeLooper-crrddjihwjtfkwegrjrymctnfixv/SourcePackages/checkouts/swift-openapi-runtime/Sources/OpenAPIRuntime/Multipart/MultipartFramesToRawPartsSequence.swift /Users/steipete/Library/Developer/Xcode/DerivedData/CodeLooper-crrddjihwjtfkwegrjrymctnfixv/SourcePackages/checkouts/swift-openapi-runtime/Sources/OpenAPIRuntime/Multipart/MultipartInternalTypes.swift /Users/steipete/Library/Developer/Xcode/DerivedData/CodeLooper-crrddjihwjtfkwegrjrymctnfixv/SourcePackages/checkouts/swift-openapi-runtime/Sources/OpenAPIRuntime/Multipart/MultipartPublicTypes.swift (in target 'OpenAPIRuntime' from project 'swift-openapi-runtime')
SwiftCompile normal arm64 /Users/steipete/Library/Developer/Xcode/DerivedData/CodeLooper-crrddjihwjtfkwegrjrymctnfixv/SourcePackages/checkouts/swift-openapi-runtime/Sources/OpenAPIRuntime/Multipart/MultipartFramesToBytesSequence.swift (in target 'OpenAPIRuntime' from project 'swift-openapi-runtime')
    cd /Users/steipete/Projects/CodeLooper
    

SwiftCompile normal arm64 /Users/steipete/Library/Developer/Xcode/DerivedData/CodeLooper-crrddjihwjtfkwegrjrymctnfixv/SourcePackages/checkouts/swift-openapi-runtime/Sources/OpenAPIRuntime/Multipart/MultipartFramesToRawPartsSequence.swift (in target 'OpenAPIRuntime' from project 'swift-openapi-runtime')
    cd /Users/steipete/Projects/CodeLooper
    

SwiftCompile normal arm64 /Users/steipete/Library/Developer/Xcode/DerivedData/CodeLooper-crrddjihwjtfkwegrjrymctnfixv/SourcePackages/checkouts/swift-openapi-runtime/Sources/OpenAPIRuntime/Multipart/MultipartInternalTypes.swift (in target 'OpenAPIRuntime' from project 'swift-openapi-runtime')
    cd /Users/steipete/Projects/CodeLooper
    

SwiftCompile normal arm64 /Users/steipete/Library/Developer/Xcode/DerivedData/CodeLooper-crrddjihwjtfkwegrjrymctnfixv/SourcePackages/checkouts/swift-openapi-runtime/Sources/OpenAPIRuntime/Multipart/MultipartPublicTypes.swift (in target 'OpenAPIRuntime' from project 'swift-openapi-runtime')
    cd /Users/steipete/Projects/CodeLooper
    

SwiftMergeGeneratedHeaders /Users/steipete/Library/Developer/Xcode/DerivedData/CodeLooper-crrddjihwjtfkwegrjrymctnfixv/Build/Intermediates.noindex/GeneratedModuleMaps/_RopeModule-Swift.h /Users/steipete/Library/Developer/Xcode/DerivedData/CodeLooper-crrddjihwjtfkwegrjrymctnfixv/Build/Intermediates.noindex/swift-collections.build/Debug/_RopeModule.build/Objects-normal/arm64/_RopeModule-Swift.h (in target '_RopeModule' from project 'swift-collections')
    cd /Users/steipete/Library/Developer/Xcode/DerivedData/CodeLooper-crrddjihwjtfkwegrjrymctnfixv/SourcePackages/checkouts/swift-collections
    builtin-swiftHeaderTool -arch arm64 /Users/steipete/Library/Developer/Xcode/DerivedData/CodeLooper-crrddjihwjtfkwegrjrymctnfixv/Build/Intermediates.noindex/swift-collections.build/Debug/_RopeModule.build/Objects-normal/arm64/_RopeModule-Swift.h -o /Users/steipete/Library/Developer/Xcode/DerivedData/CodeLooper-crrddjihwjtfkwegrjrymctnfixv/Build/Intermediates.noindex/GeneratedModuleMaps/_RopeModule-Swift.h

SwiftDriverJobDiscovery normal arm64 Compiling OrderedDictionary.swift, OrderedSet+Codable.swift, OrderedSet+CustomReflectable.swift, OrderedSet+Descriptions.swift (in target 'OrderedCollections' from project 'swift-collections')

Copy /Users/steipete/Library/Developer/Xcode/DerivedData/CodeLooper-crrddjihwjtfkwegrjrymctnfixv/Build/Products/Debug/_RopeModule.swiftmodule/arm64-apple-macos.swiftmodule /Users/steipete/Library/Developer/Xcode/DerivedData/CodeLooper-crrddjihwjtfkwegrjrymctnfixv/Build/Intermediates.noindex/swift-collections.build/Debug/_RopeModule.build/Objects-normal/arm64/_RopeModule.swiftmodule (in target '_RopeModule' from project 'swift-collections')
    cd /Users/steipete/Library/Developer/Xcode/DerivedData/CodeLooper-crrddjihwjtfkwegrjrymctnfixv/SourcePackages/checkouts/swift-collections
    builtin-copy -exclude .DS_Store -exclude CVS -exclude .svn -exclude .git -exclude .hg -resolve-src-symlinks -rename /Users/steipete/Library/Developer/Xcode/DerivedData/CodeLooper-crrddjihwjtfkwegrjrymctnfixv/Build/Intermediates.noindex/swift-collections.build/Debug/_RopeModule.build/Objects-normal/arm64/_RopeModule.swiftmodule /Users/steipete/Library/Developer/Xcode/DerivedData/CodeLooper-crrddjihwjtfkwegrjrymctnfixv/Build/Products/Debug/_RopeModule.swiftmodule/arm64-apple-macos.swiftmodule

Copy /Users/steipete/Library/Developer/Xcode/DerivedData/CodeLooper-crrddjihwjtfkwegrjrymctnfixv/Build/Products/Debug/_RopeModule.swiftmodule/arm64-apple-macos.swiftdoc /Users/steipete/Library/Developer/Xcode/DerivedData/CodeLooper-crrddjihwjtfkwegrjrymctnfixv/Build/Intermediates.noindex/swift-collections.build/Debug/_RopeModule.build/Objects-normal/arm64/_RopeModule.swiftdoc (in target '_RopeModule' from project 'swift-collections')
    cd /Users/steipete/Library/Developer/Xcode/DerivedData/CodeLooper-crrddjihwjtfkwegrjrymctnfixv/SourcePackages/checkouts/swift-collections
    builtin-copy -exclude .DS_Store -exclude CVS -exclude .svn -exclude .git -exclude .hg -resolve-src-symlinks -rename /Users/steipete/Library/Developer/Xcode/DerivedData/CodeLooper-crrddjihwjtfkwegrjrymctnfixv/Build/Intermediates.noindex/swift-collections.build/Debug/_RopeModule.build/Objects-normal/arm64/_RopeModule.swiftdoc /Users/steipete/Library/Developer/Xcode/DerivedData/CodeLooper-crrddjihwjtfkwegrjrymctnfixv/Build/Products/Debug/_RopeModule.swiftmodule/arm64-apple-macos.swiftdoc

SwiftDriverJobDiscovery normal arm64 Compiling OrderedSet+Partial SetAlgebra intersection.swift, OrderedSet+Partial SetAlgebra isDisjoint.swift, OrderedSet+Partial SetAlgebra isEqualSet.swift, OrderedSet+Partial SetAlgebra isStrictSubset.swift (in target 'OrderedCollections' from project 'swift-collections')

Copy /Users/steipete/Library/Developer/Xcode/DerivedData/CodeLooper-crrddjihwjtfkwegrjrymctnfixv/Build/Products/Debug/_RopeModule.swiftmodule/arm64-apple-macos.abi.json /Users/steipete/Library/Developer/Xcode/DerivedData/CodeLooper-crrddjihwjtfkwegrjrymctnfixv/Build/Intermediates.noindex/swift-collections.build/Debug/_RopeModule.build/Objects-normal/arm64/_RopeModule.abi.json (in target '_RopeModule' from project 'swift-collections')
    cd /Users/steipete/Library/Developer/Xcode/DerivedData/CodeLooper-crrddjihwjtfkwegrjrymctnfixv/SourcePackages/checkouts/swift-collections
    builtin-copy -exclude .DS_Store -exclude CVS -exclude .svn -exclude .git -exclude .hg -resolve-src-symlinks -rename /Users/steipete/Library/Developer/Xcode/DerivedData/CodeLooper-crrddjihwjtfkwegrjrymctnfixv/Build/Intermediates.noindex/swift-collections.build/Debug/_RopeModule.build/Objects-normal/arm64/_RopeModule.abi.json /Users/steipete/Library/Developer/Xcode/DerivedData/CodeLooper-crrddjihwjtfkwegrjrymctnfixv/Build/Products/Debug/_RopeModule.swiftmodule/arm64-apple-macos.abi.json

Copy /Users/steipete/Library/Developer/Xcode/DerivedData/CodeLooper-crrddjihwjtfkwegrjrymctnfixv/Build/Products/Debug/_RopeModule.swiftmodule/Project/arm64-apple-macos.swiftsourceinfo /Users/steipete/Library/Developer/Xcode/DerivedData/CodeLooper-crrddjihwjtfkwegrjrymctnfixv/Build/Intermediates.noindex/swift-collections.build/Debug/_RopeModule.build/Objects-normal/arm64/_RopeModule.swiftsourceinfo (in target '_RopeModule' from project 'swift-collections')
    cd /Users/steipete/Library/Developer/Xcode/DerivedData/CodeLooper-crrddjihwjtfkwegrjrymctnfixv/SourcePackages/checkouts/swift-collections
    builtin-copy -exclude .DS_Store -exclude CVS -exclude .svn -exclude .git -exclude .hg -resolve-src-symlinks -rename /Users/steipete/Library/Developer/Xcode/DerivedData/CodeLooper-crrddjihwjtfkwegrjrymctnfixv/Build/Intermediates.noindex/swift-collections.build/Debug/_RopeModule.build/Objects-normal/arm64/_RopeModule.swiftsourceinfo /Users/steipete/Library/Developer/Xcode/DerivedData/CodeLooper-crrddjihwjtfkwegrjrymctnfixv/Build/Products/Debug/_RopeModule.swiftmodule/Project/arm64-apple-macos.swiftsourceinfo

SwiftCompile normal arm64 Compiling\ JSONLinesEncoding.swift,\ JSONSequenceDecoding.swift,\ JSONSequenceEncoding.swift,\ ServerSentEvents.swift /Users/steipete/Library/Developer/Xcode/DerivedData/CodeLooper-crrddjihwjtfkwegrjrymctnfixv/SourcePackages/checkouts/swift-openapi-runtime/Sources/OpenAPIRuntime/EventStreams/JSONLinesEncoding.swift /Users/steipete/Library/Developer/Xcode/DerivedData/CodeLooper-crrddjihwjtfkwegrjrymctnfixv/SourcePackages/checkouts/swift-openapi-runtime/Sources/OpenAPIRuntime/EventStreams/JSONSequenceDecoding.swift /Users/steipete/Library/Developer/Xcode/DerivedData/CodeLooper-crrddjihwjtfkwegrjrymctnfixv/SourcePackages/checkouts/swift-openapi-runtime/Sources/OpenAPIRuntime/EventStreams/JSONSequenceEncoding.swift /Users/steipete/Library/Developer/Xcode/DerivedData/CodeLooper-crrddjihwjtfkwegrjrymctnfixv/SourcePackages/checkouts/swift-openapi-runtime/Sources/OpenAPIRuntime/EventStreams/ServerSentEvents.swift (in target 'OpenAPIRuntime' from project 'swift-openapi-runtime')

SwiftCompile normal arm64 /Users/steipete/Library/Developer/Xcode/DerivedData/CodeLooper-crrddjihwjtfkwegrjrymctnfixv/SourcePackages/checkouts/swift-openapi-runtime/Sources/OpenAPIRuntime/EventStreams/JSONLinesEncoding.swift (in target 'OpenAPIRuntime' from project 'swift-openapi-runtime')
    cd /Users/steipete/Projects/CodeLooper
    

SwiftCompile normal arm64 /Users/steipete/Library/Developer/Xcode/DerivedData/CodeLooper-crrddjihwjtfkwegrjrymctnfixv/SourcePackages/checkouts/swift-openapi-runtime/Sources/OpenAPIRuntime/EventStreams/JSONSequenceDecoding.swift (in target 'OpenAPIRuntime' from project 'swift-openapi-runtime')
    cd /Users/steipete/Projects/CodeLooper
    

SwiftCompile normal arm64 /Users/steipete/Library/Developer/Xcode/DerivedData/CodeLooper-crrddjihwjtfkwegrjrymctnfixv/SourcePackages/checkouts/swift-openapi-runtime/Sources/OpenAPIRuntime/EventStreams/JSONSequenceEncoding.swift (in target 'OpenAPIRuntime' from project 'swift-openapi-runtime')
    cd /Users/steipete/Projects/CodeLooper
    

SwiftCompile normal arm64 /Users/steipete/Library/Developer/Xcode/DerivedData/CodeLooper-crrddjihwjtfkwegrjrymctnfixv/SourcePackages/checkouts/swift-openapi-runtime/Sources/OpenAPIRuntime/EventStreams/ServerSentEvents.swift (in target 'OpenAPIRuntime' from project 'swift-openapi-runtime')
    cd /Users/steipete/Projects/CodeLooper
    

SwiftDriverJobDiscovery normal arm64 Compiling OrderedSet+UnstableInternals.swift, OrderedSet.swift, _UnsafeBitset.swift (in target 'OrderedCollections' from project 'swift-collections')

SwiftCompile normal arm64 Compiling\ URIValueFromNodeDecoder.swift,\ URIEncoder.swift,\ URIValueToNodeEncoder+Keyed.swift,\ URIValueToNodeEncoder+Single.swift /Users/steipete/Library/Developer/Xcode/DerivedData/CodeLooper-crrddjihwjtfkwegrjrymctnfixv/SourcePackages/checkouts/swift-openapi-runtime/Sources/OpenAPIRuntime/URICoder/Decoding/URIValueFromNodeDecoder.swift /Users/steipete/Library/Developer/Xcode/DerivedData/CodeLooper-crrddjihwjtfkwegrjrymctnfixv/SourcePackages/checkouts/swift-openapi-runtime/Sources/OpenAPIRuntime/URICoder/Encoding/URIEncoder.swift /Users/steipete/Library/Developer/Xcode/DerivedData/CodeLooper-crrddjihwjtfkwegrjrymctnfixv/SourcePackages/checkouts/swift-openapi-runtime/Sources/OpenAPIRuntime/URICoder/Encoding/URIValueToNodeEncoder+Keyed.swift /Users/steipete/Library/Developer/Xcode/DerivedData/CodeLooper-crrddjihwjtfkwegrjrymctnfixv/SourcePackages/checkouts/swift-openapi-runtime/Sources/OpenAPIRuntime/URICoder/Encoding/URIValueToNodeEncoder+Single.swift (in target 'OpenAPIRuntime' from project 'swift-openapi-runtime')

SwiftCompile normal arm64 /Users/steipete/Library/Developer/Xcode/DerivedData/CodeLooper-crrddjihwjtfkwegrjrymctnfixv/SourcePackages/checkouts/swift-openapi-runtime/Sources/OpenAPIRuntime/URICoder/Decoding/URIValueFromNodeDecoder.swift (in target 'OpenAPIRuntime' from project 'swift-openapi-runtime')
    cd /Users/steipete/Projects/CodeLooper
    

SwiftCompile normal arm64 /Users/steipete/Library/Developer/Xcode/DerivedData/CodeLooper-crrddjihwjtfkwegrjrymctnfixv/SourcePackages/checkouts/swift-openapi-runtime/Sources/OpenAPIRuntime/URICoder/Encoding/URIEncoder.swift (in target 'OpenAPIRuntime' from project 'swift-openapi-runtime')
    cd /Users/steipete/Projects/CodeLooper
    

SwiftCompile normal arm64 /Users/steipete/Library/Developer/Xcode/DerivedData/CodeLooper-crrddjihwjtfkwegrjrymctnfixv/SourcePackages/checkouts/swift-openapi-runtime/Sources/OpenAPIRuntime/URICoder/Encoding/URIValueToNodeEncoder+Keyed.swift (in target 'OpenAPIRuntime' from project 'swift-openapi-runtime')
    cd /Users/steipete/Projects/CodeLooper
    

SwiftCompile normal arm64 /Users/steipete/Library/Developer/Xcode/DerivedData/CodeLooper-crrddjihwjtfkwegrjrymctnfixv/SourcePackages/checkouts/swift-openapi-runtime/Sources/OpenAPIRuntime/URICoder/Encoding/URIValueToNodeEncoder+Single.swift (in target 'OpenAPIRuntime' from project 'swift-openapi-runtime')
    cd /Users/steipete/Projects/CodeLooper
    

SwiftCompile normal arm64 Compiling\ Converter.swift,\ CurrencyExtensions.swift,\ ErrorExtensions.swift,\ FoundationExtensions.swift,\ ParameterStyles.swift /Users/steipete/Library/Developer/Xcode/DerivedData/CodeLooper-crrddjihwjtfkwegrjrymctnfixv/SourcePackages/checkouts/swift-openapi-runtime/Sources/OpenAPIRuntime/Conversion/Converter.swift /Users/steipete/Library/Developer/Xcode/DerivedData/CodeLooper-crrddjihwjtfkwegrjrymctnfixv/SourcePackages/checkouts/swift-openapi-runtime/Sources/OpenAPIRuntime/Conversion/CurrencyExtensions.swift /Users/steipete/Library/Developer/Xcode/DerivedData/CodeLooper-crrddjihwjtfkwegrjrymctnfixv/SourcePackages/checkouts/swift-openapi-runtime/Sources/OpenAPIRuntime/Conversion/ErrorExtensions.swift /Users/steipete/Library/Developer/Xcode/DerivedData/CodeLooper-crrddjihwjtfkwegrjrymctnfixv/SourcePackages/checkouts/swift-openapi-runtime/Sources/OpenAPIRuntime/Conversion/FoundationExtensions.swift /Users/steipete/Library/Developer/Xcode/DerivedData/CodeLooper-crrddjihwjtfkwegrjrymctnfixv/SourcePackages/checkouts/swift-openapi-runtime/Sources/OpenAPIRuntime/Conversion/ParameterStyles.swift (in target 'OpenAPIRuntime' from project 'swift-openapi-runtime')

SwiftCompile normal arm64 /Users/steipete/Library/Developer/Xcode/DerivedData/CodeLooper-crrddjihwjtfkwegrjrymctnfixv/SourcePackages/checkouts/swift-openapi-runtime/Sources/OpenAPIRuntime/Conversion/Converter.swift (in target 'OpenAPIRuntime' from project 'swift-openapi-runtime')
    cd /Users/steipete/Projects/CodeLooper
    

SwiftCompile normal arm64 /Users/steipete/Library/Developer/Xcode/DerivedData/CodeLooper-crrddjihwjtfkwegrjrymctnfixv/SourcePackages/checkouts/swift-openapi-runtime/Sources/OpenAPIRuntime/Conversion/CurrencyExtensions.swift (in target 'OpenAPIRuntime' from project 'swift-openapi-runtime')
    cd /Users/steipete/Projects/CodeLooper
    

SwiftCompile normal arm64 /Users/steipete/Library/Developer/Xcode/DerivedData/CodeLooper-crrddjihwjtfkwegrjrymctnfixv/SourcePackages/checkouts/swift-openapi-runtime/Sources/OpenAPIRuntime/Conversion/ErrorExtensions.swift (in target 'OpenAPIRuntime' from project 'swift-openapi-runtime')
    cd /Users/steipete/Projects/CodeLooper
    

SwiftCompile normal arm64 /Users/steipete/Library/Developer/Xcode/DerivedData/CodeLooper-crrddjihwjtfkwegrjrymctnfixv/SourcePackages/checkouts/swift-openapi-runtime/Sources/OpenAPIRuntime/Conversion/FoundationExtensions.swift (in target 'OpenAPIRuntime' from project 'swift-openapi-runtime')
    cd /Users/steipete/Projects/CodeLooper
    

SwiftCompile normal arm64 /Users/steipete/Library/Developer/Xcode/DerivedData/CodeLooper-crrddjihwjtfkwegrjrymctnfixv/SourcePackages/checkouts/swift-openapi-runtime/Sources/OpenAPIRuntime/Conversion/ParameterStyles.swift (in target 'OpenAPIRuntime' from project 'swift-openapi-runtime')
    cd /Users/steipete/Projects/CodeLooper
    

SwiftDriverJobDiscovery normal arm64 Compiling Rope+Builder.swift, Rope+Debugging.swift, Rope+Invariants.swift, Rope+_Node.swift, Rope+_Storage.swift (in target '_RopeModule' from project 'swift-collections')

SwiftCompile normal arm64 Compiling\ CurrencyTypes.swift,\ ErrorHandlingMiddleware.swift,\ HTTPBody.swift,\ ServerTransport.swift /Users/steipete/Library/Developer/Xcode/DerivedData/CodeLooper-crrddjihwjtfkwegrjrymctnfixv/SourcePackages/checkouts/swift-openapi-runtime/Sources/OpenAPIRuntime/Interface/CurrencyTypes.swift /Users/steipete/Library/Developer/Xcode/DerivedData/CodeLooper-crrddjihwjtfkwegrjrymctnfixv/SourcePackages/checkouts/swift-openapi-runtime/Sources/OpenAPIRuntime/Interface/ErrorHandlingMiddleware.swift /Users/steipete/Library/Developer/Xcode/DerivedData/CodeLooper-crrddjihwjtfkwegrjrymctnfixv/SourcePackages/checkouts/swift-openapi-runtime/Sources/OpenAPIRuntime/Interface/HTTPBody.swift /Users/steipete/Library/Developer/Xcode/DerivedData/CodeLooper-crrddjihwjtfkwegrjrymctnfixv/SourcePackages/checkouts/swift-openapi-runtime/Sources/OpenAPIRuntime/Interface/ServerTransport.swift (in target 'OpenAPIRuntime' from project 'swift-openapi-runtime')

SwiftCompile normal arm64 /Users/steipete/Library/Developer/Xcode/DerivedData/CodeLooper-crrddjihwjtfkwegrjrymctnfixv/SourcePackages/checkouts/swift-openapi-runtime/Sources/OpenAPIRuntime/Interface/CurrencyTypes.swift (in target 'OpenAPIRuntime' from project 'swift-openapi-runtime')
    cd /Users/steipete/Projects/CodeLooper
    

SwiftCompile normal arm64 /Users/steipete/Library/Developer/Xcode/DerivedData/CodeLooper-crrddjihwjtfkwegrjrymctnfixv/SourcePackages/checkouts/swift-openapi-runtime/Sources/OpenAPIRuntime/Interface/ErrorHandlingMiddleware.swift (in target 'OpenAPIRuntime' from project 'swift-openapi-runtime')
    cd /Users/steipete/Projects/CodeLooper
    

SwiftCompile normal arm64 /Users/steipete/Library/Developer/Xcode/DerivedData/CodeLooper-crrddjihwjtfkwegrjrymctnfixv/SourcePackages/checkouts/swift-openapi-runtime/Sources/OpenAPIRuntime/Interface/HTTPBody.swift (in target 'OpenAPIRuntime' from project 'swift-openapi-runtime')
    cd /Users/steipete/Projects/CodeLooper
    

SwiftCompile normal arm64 /Users/steipete/Library/Developer/Xcode/DerivedData/CodeLooper-crrddjihwjtfkwegrjrymctnfixv/SourcePackages/checkouts/swift-openapi-runtime/Sources/OpenAPIRuntime/Interface/ServerTransport.swift (in target 'OpenAPIRuntime' from project 'swift-openapi-runtime')
    cd /Users/steipete/Projects/CodeLooper
    

SwiftCompile normal arm64 Compiling\ ServerVariable.swift,\ URLExtensions.swift,\ Deprecated.swift,\ ClientError.swift /Users/steipete/Library/Developer/Xcode/DerivedData/CodeLooper-crrddjihwjtfkwegrjrymctnfixv/SourcePackages/checkouts/swift-openapi-runtime/Sources/OpenAPIRuntime/Conversion/ServerVariable.swift /Users/steipete/Library/Developer/Xcode/DerivedData/CodeLooper-crrddjihwjtfkwegrjrymctnfixv/SourcePackages/checkouts/swift-openapi-runtime/Sources/OpenAPIRuntime/Conversion/URLExtensions.swift /Users/steipete/Library/Developer/Xcode/DerivedData/CodeLooper-crrddjihwjtfkwegrjrymctnfixv/SourcePackages/checkouts/swift-openapi-runtime/Sources/OpenAPIRuntime/Deprecated/Deprecated.swift /Users/steipete/Library/Developer/Xcode/DerivedData/CodeLooper-crrddjihwjtfkwegrjrymctnfixv/SourcePackages/checkouts/swift-openapi-runtime/Sources/OpenAPIRuntime/Errors/ClientError.swift (in target 'OpenAPIRuntime' from project 'swift-openapi-runtime')

SwiftCompile normal arm64 /Users/steipete/Library/Developer/Xcode/DerivedData/CodeLooper-crrddjihwjtfkwegrjrymctnfixv/SourcePackages/checkouts/swift-openapi-runtime/Sources/OpenAPIRuntime/Conversion/ServerVariable.swift (in target 'OpenAPIRuntime' from project 'swift-openapi-runtime')
    cd /Users/steipete/Projects/CodeLooper
    

SwiftCompile normal arm64 /Users/steipete/Library/Developer/Xcode/DerivedData/CodeLooper-crrddjihwjtfkwegrjrymctnfixv/SourcePackages/checkouts/swift-openapi-runtime/Sources/OpenAPIRuntime/Conversion/URLExtensions.swift (in target 'OpenAPIRuntime' from project 'swift-openapi-runtime')
    cd /Users/steipete/Projects/CodeLooper
    

SwiftCompile normal arm64 /Users/steipete/Library/Developer/Xcode/DerivedData/CodeLooper-crrddjihwjtfkwegrjrymctnfixv/SourcePackages/checkouts/swift-openapi-runtime/Sources/OpenAPIRuntime/Deprecated/Deprecated.swift (in target 'OpenAPIRuntime' from project 'swift-openapi-runtime')
    cd /Users/steipete/Projects/CodeLooper
    

SwiftCompile normal arm64 /Users/steipete/Library/Developer/Xcode/DerivedData/CodeLooper-crrddjihwjtfkwegrjrymctnfixv/SourcePackages/checkouts/swift-openapi-runtime/Sources/OpenAPIRuntime/Errors/ClientError.swift (in target 'OpenAPIRuntime' from project 'swift-openapi-runtime')
    cd /Users/steipete/Projects/CodeLooper
    

SwiftDriverJobDiscovery normal arm64 Compiling RopeSummary.swift, _RopeItem.swift, _RopePath.swift, _RopeVersion.swift, Rope+Collection.swift (in target '_RopeModule' from project 'swift-collections')

SwiftCompile normal arm64 Compiling\ CodingErrors.swift,\ RuntimeError.swift,\ ServerError.swift,\ JSONLinesDecoding.swift /Users/steipete/Library/Developer/Xcode/DerivedData/CodeLooper-crrddjihwjtfkwegrjrymctnfixv/SourcePackages/checkouts/swift-openapi-runtime/Sources/OpenAPIRuntime/Errors/CodingErrors.swift /Users/steipete/Library/Developer/Xcode/DerivedData/CodeLooper-crrddjihwjtfkwegrjrymctnfixv/SourcePackages/checkouts/swift-openapi-runtime/Sources/OpenAPIRuntime/Errors/RuntimeError.swift /Users/steipete/Library/Developer/Xcode/DerivedData/CodeLooper-crrddjihwjtfkwegrjrymctnfixv/SourcePackages/checkouts/swift-openapi-runtime/Sources/OpenAPIRuntime/Errors/ServerError.swift /Users/steipete/Library/Developer/Xcode/DerivedData/CodeLooper-crrddjihwjtfkwegrjrymctnfixv/SourcePackages/checkouts/swift-openapi-runtime/Sources/OpenAPIRuntime/EventStreams/JSONLinesDecoding.swift (in target 'OpenAPIRuntime' from project 'swift-openapi-runtime')

SwiftCompile normal arm64 /Users/steipete/Library/Developer/Xcode/DerivedData/CodeLooper-crrddjihwjtfkwegrjrymctnfixv/SourcePackages/checkouts/swift-openapi-runtime/Sources/OpenAPIRuntime/Errors/CodingErrors.swift (in target 'OpenAPIRuntime' from project 'swift-openapi-runtime')
    cd /Users/steipete/Projects/CodeLooper
    

SwiftCompile normal arm64 /Users/steipete/Library/Developer/Xcode/DerivedData/CodeLooper-crrddjihwjtfkwegrjrymctnfixv/SourcePackages/checkouts/swift-openapi-runtime/Sources/OpenAPIRuntime/Errors/RuntimeError.swift (in target 'OpenAPIRuntime' from project 'swift-openapi-runtime')
    cd /Users/steipete/Projects/CodeLooper
    

SwiftCompile normal arm64 /Users/steipete/Library/Developer/Xcode/DerivedData/CodeLooper-crrddjihwjtfkwegrjrymctnfixv/SourcePackages/checkouts/swift-openapi-runtime/Sources/OpenAPIRuntime/Errors/ServerError.swift (in target 'OpenAPIRuntime' from project 'swift-openapi-runtime')
    cd /Users/steipete/Projects/CodeLooper
    

SwiftCompile normal arm64 /Users/steipete/Library/Developer/Xcode/DerivedData/CodeLooper-crrddjihwjtfkwegrjrymctnfixv/SourcePackages/checkouts/swift-openapi-runtime/Sources/OpenAPIRuntime/EventStreams/JSONLinesDecoding.swift (in target 'OpenAPIRuntime' from project 'swift-openapi-runtime')
    cd /Users/steipete/Projects/CodeLooper
    

SwiftDriverJobDiscovery normal arm64 Compiling BigString+UnicodeScalarView.swift, BigSubstring+UTF16View.swift, BigSubstring+UTF8View.swift, BigSubstring+UnicodeScalarView.swift, BigSubstring.swift (in target '_RopeModule' from project 'swift-collections')

SwiftDriverJobDiscovery normal arm64 Compiling URICodeCodingKey.swift, URICoderConfiguration.swift, URIEncodedNode.swift, URIParsedTypes.swift (in target 'OpenAPIRuntime' from project 'swift-openapi-runtime')

SwiftDriver\ Compilation _RopeModule normal arm64 com.apple.xcode.tools.swift.compiler (in target '_RopeModule' from project 'swift-collections')
    cd /Users/steipete/Projects/CodeLooper
    builtin-Swift-Compilation -- /Applications/Xcode-beta.app/Contents/Developer/Toolchains/XcodeDefault.xctoolchain/usr/bin/swiftc -module-name _RopeModule -Onone -enforce-exclusivity\=checked @/Users/steipete/Library/Developer/Xcode/DerivedData/CodeLooper-crrddjihwjtfkwegrjrymctnfixv/Build/Intermediates.noindex/swift-collections.build/Debug/_RopeModule.build/Objects-normal/arm64/_RopeModule.SwiftFileList -DSWIFT_PACKAGE -DDEBUG -DSWIFT_MODULE_RESOURCE_BUNDLE_UNAVAILABLE -DCOLLECTIONS_RANDOMIZED_TESTING -DXcode -plugin-path /Applications/Xcode-beta.app/Contents/Developer/Toolchains/XcodeDefault.xctoolchain/usr/lib/swift/host/plugins/testing -enable-experimental-feature DebugDescriptionMacro -sdk /Applications/Xcode-beta.app/Contents/Developer/Platforms/MacOSX.platform/Developer/SDKs/MacOSX26.0.sdk -target arm64-apple-macos10.13 -g -module-cache-path /Users/steipete/Library/Developer/Xcode/DerivedData/ModuleCache.noindex -Xfrontend -serialize-debugging-options -profile-coverage-mapping -profile-generate -enable-testing -suppress-warnings -index-store-path /Users/steipete/Library/Developer/Xcode/DerivedData/CodeLooper-crrddjihwjtfkwegrjrymctnfixv/Index.noindex/DataStore -swift-version 5 -I /Users/steipete/Library/Developer/Xcode/DerivedData/CodeLooper-crrddjihwjtfkwegrjrymctnfixv/Build/Products/Debug -I /Applications/Xcode-beta.app/Contents/Developer/Platforms/MacOSX.platform/Developer/usr/lib -F /Users/steipete/Library/Developer/Xcode/DerivedData/CodeLooper-crrddjihwjtfkwegrjrymctnfixv/Build/Products/Debug/PackageFrameworks -F /Users/steipete/Library/Developer/Xcode/DerivedData/CodeLooper-crrddjihwjtfkwegrjrymctnfixv/Build/Products/Debug -F /Applications/Xcode-beta.app/Contents/Developer/Platforms/MacOSX.platform/Developer/Library/Frameworks -c -j16 -enable-batch-mode -incremental -Xcc -ivfsstatcache -Xcc /Users/steipete/Library/Developer/Xcode/DerivedData/SDKStatCaches.noindex/macosx26.0-25A5279m-5d9328ff1a6613a11d359de947506b52.sdkstatcache -output-file-map /Users/steipete/Library/Developer/Xcode/DerivedData/CodeLooper-crrddjihwjtfkwegrjrymctnfixv/Build/Intermediates.noindex/swift-collections.build/Debug/_RopeModule.build/Objects-normal/arm64/_RopeModule-OutputFileMap.json -use-frontend-parseable-output -save-temps -no-color-diagnostics -explicit-module-build -module-cache-path /Users/steipete/Library/Developer/Xcode/DerivedData/CodeLooper-crrddjihwjtfkwegrjrymctnfixv/Build/Intermediates.noindex/SwiftExplicitPrecompiledModules -clang-scanner-module-cache-path /Users/steipete/Library/Developer/Xcode/DerivedData/ModuleCache.noindex -sdk-module-cache-path /Users/steipete/Library/Developer/Xcode/DerivedData/ModuleCache.noindex -serialize-diagnostics -emit-dependencies -emit-module -emit-module-path /Users/steipete/Library/Developer/Xcode/DerivedData/CodeLooper-crrddjihwjtfkwegrjrymctnfixv/Build/Intermediates.noindex/swift-collections.build/Debug/_RopeModule.build/Objects-normal/arm64/_RopeModule.swiftmodule -validate-clang-modules-once -clang-build-session-file /Users/steipete/Library/Developer/Xcode/DerivedData/ModuleCache.noindex/Session.modulevalidation -package-name swift_collections -Xcc -I/Users/steipete/Library/Developer/Xcode/DerivedData/CodeLooper-crrddjihwjtfkwegrjrymctnfixv/Build/Intermediates.noindex/swift-collections.build/Debug/_RopeModule.build/swift-overrides.hmap -emit-const-values -Xfrontend -const-gather-protocols-file -Xfrontend /Users/steipete/Library/Developer/Xcode/DerivedData/CodeLooper-crrddjihwjtfkwegrjrymctnfixv/Build/Intermediates.noindex/swift-collections.build/Debug/_RopeModule.build/Objects-normal/arm64/_RopeModule_const_extract_protocols.json -Xcc -I/Users/steipete/Library/Developer/Xcode/DerivedData/CodeLooper-crrddjihwjtfkwegrjrymctnfixv/Build/Products/Debug/include -Xcc -I/Users/steipete/Library/Developer/Xcode/DerivedData/CodeLooper-crrddjihwjtfkwegrjrymctnfixv/Build/Intermediates.noindex/swift-collections.build/Debug/_RopeModule.build/DerivedSources-normal/arm64 -Xcc -I/Users/steipete/Library/Developer/Xcode/DerivedData/CodeLooper-crrddjihwjtfkwegrjrymctnfixv/Build/Intermediates.noindex/swift-collections.build/Debug/_RopeModule.build/DerivedSources/arm64 -Xcc -I/Users/steipete/Library/Developer/Xcode/DerivedData/CodeLooper-crrddjihwjtfkwegrjrymctnfixv/Build/Intermediates.noindex/swift-collections.build/Debug/_RopeModule.build/DerivedSources -Xcc -DSWIFT_PACKAGE -Xcc -DDEBUG\=1 -emit-objc-header -emit-objc-header-path /Users/steipete/Library/Developer/Xcode/DerivedData/CodeLooper-crrddjihwjtfkwegrjrymctnfixv/Build/Intermediates.noindex/swift-collections.build/Debug/_RopeModule.build/Objects-normal/arm64/_RopeModule-Swift.h -working-directory /Users/steipete/Projects/CodeLooper -experimental-emit-module-separately -disable-cmo

SwiftCompile normal arm64 Compiling\ URIValueToNodeEncoder+Unkeyed.swift,\ URIValueToNodeEncoder.swift,\ URIParser.swift,\ URISerializer.swift /Users/steipete/Library/Developer/Xcode/DerivedData/CodeLooper-crrddjihwjtfkwegrjrymctnfixv/SourcePackages/checkouts/swift-openapi-runtime/Sources/OpenAPIRuntime/URICoder/Encoding/URIValueToNodeEncoder+Unkeyed.swift /Users/steipete/Library/Developer/Xcode/DerivedData/CodeLooper-crrddjihwjtfkwegrjrymctnfixv/SourcePackages/checkouts/swift-openapi-runtime/Sources/OpenAPIRuntime/URICoder/Encoding/URIValueToNodeEncoder.swift /Users/steipete/Library/Developer/Xcode/DerivedData/CodeLooper-crrddjihwjtfkwegrjrymctnfixv/SourcePackages/checkouts/swift-openapi-runtime/Sources/OpenAPIRuntime/URICoder/Parsing/URIParser.swift /Users/steipete/Library/Developer/Xcode/DerivedData/CodeLooper-crrddjihwjtfkwegrjrymctnfixv/SourcePackages/checkouts/swift-openapi-runtime/Sources/OpenAPIRuntime/URICoder/Serialization/URISerializer.swift (in target 'OpenAPIRuntime' from project 'swift-openapi-runtime')
SwiftCompile normal arm64 /Users/steipete/Library/Developer/Xcode/DerivedData/CodeLooper-crrddjihwjtfkwegrjrymctnfixv/SourcePackages/checkouts/swift-openapi-runtime/Sources/OpenAPIRuntime/URICoder/Encoding/URIValueToNodeEncoder+Unkeyed.swift (in target 'OpenAPIRuntime' from project 'swift-openapi-runtime')
    cd /Users/steipete/Projects/CodeLooper
    

SwiftCompile normal arm64 /Users/steipete/Library/Developer/Xcode/DerivedData/CodeLooper-crrddjihwjtfkwegrjrymctnfixv/SourcePackages/checkouts/swift-openapi-runtime/Sources/OpenAPIRuntime/URICoder/Encoding/URIValueToNodeEncoder.swift (in target 'OpenAPIRuntime' from project 'swift-openapi-runtime')
    cd /Users/steipete/Projects/CodeLooper
    

SwiftCompile normal arm64 /Users/steipete/Library/Developer/Xcode/DerivedData/CodeLooper-crrddjihwjtfkwegrjrymctnfixv/SourcePackages/checkouts/swift-openapi-runtime/Sources/OpenAPIRuntime/URICoder/Parsing/URIParser.swift (in target 'OpenAPIRuntime' from project 'swift-openapi-runtime')
    cd /Users/steipete/Projects/CodeLooper
    

SwiftCompile normal arm64 /Users/steipete/Library/Developer/Xcode/DerivedData/CodeLooper-crrddjihwjtfkwegrjrymctnfixv/SourcePackages/checkouts/swift-openapi-runtime/Sources/OpenAPIRuntime/URICoder/Serialization/URISerializer.swift (in target 'OpenAPIRuntime' from project 'swift-openapi-runtime')
    cd /Users/steipete/Projects/CodeLooper
    

SwiftCompile normal arm64 Compiling\ ServerSentEventsDecoding.swift,\ ServerSentEventsEncoding.swift,\ AsyncSequenceCommon.swift,\ ClientTransport.swift /Users/steipete/Library/Developer/Xcode/DerivedData/CodeLooper-crrddjihwjtfkwegrjrymctnfixv/SourcePackages/checkouts/swift-openapi-runtime/Sources/OpenAPIRuntime/EventStreams/ServerSentEventsDecoding.swift /Users/steipete/Library/Developer/Xcode/DerivedData/CodeLooper-crrddjihwjtfkwegrjrymctnfixv/SourcePackages/checkouts/swift-openapi-runtime/Sources/OpenAPIRuntime/EventStreams/ServerSentEventsEncoding.swift /Users/steipete/Library/Developer/Xcode/DerivedData/CodeLooper-crrddjihwjtfkwegrjrymctnfixv/SourcePackages/checkouts/swift-openapi-runtime/Sources/OpenAPIRuntime/Interface/AsyncSequenceCommon.swift /Users/steipete/Library/Developer/Xcode/DerivedData/CodeLooper-crrddjihwjtfkwegrjrymctnfixv/SourcePackages/checkouts/swift-openapi-runtime/Sources/OpenAPIRuntime/Interface/ClientTransport.swift (in target 'OpenAPIRuntime' from project 'swift-openapi-runtime')
SwiftCompile normal arm64 /Users/steipete/Library/Developer/Xcode/DerivedData/CodeLooper-crrddjihwjtfkwegrjrymctnfixv/SourcePackages/checkouts/swift-openapi-runtime/Sources/OpenAPIRuntime/EventStreams/ServerSentEventsDecoding.swift (in target 'OpenAPIRuntime' from project 'swift-openapi-runtime')
    cd /Users/steipete/Projects/CodeLooper
    

SwiftCompile normal arm64 /Users/steipete/Library/Developer/Xcode/DerivedData/CodeLooper-crrddjihwjtfkwegrjrymctnfixv/SourcePackages/checkouts/swift-openapi-runtime/Sources/OpenAPIRuntime/EventStreams/ServerSentEventsEncoding.swift (in target 'OpenAPIRuntime' from project 'swift-openapi-runtime')
    cd /Users/steipete/Projects/CodeLooper
    

SwiftCompile normal arm64 /Users/steipete/Library/Developer/Xcode/DerivedData/CodeLooper-crrddjihwjtfkwegrjrymctnfixv/SourcePackages/checkouts/swift-openapi-runtime/Sources/OpenAPIRuntime/Interface/AsyncSequenceCommon.swift (in target 'OpenAPIRuntime' from project 'swift-openapi-runtime')
    cd /Users/steipete/Projects/CodeLooper
    

SwiftCompile normal arm64 /Users/steipete/Library/Developer/Xcode/DerivedData/CodeLooper-crrddjihwjtfkwegrjrymctnfixv/SourcePackages/checkouts/swift-openapi-runtime/Sources/OpenAPIRuntime/Interface/ClientTransport.swift (in target 'OpenAPIRuntime' from project 'swift-openapi-runtime')
    cd /Users/steipete/Projects/CodeLooper
    

SwiftDriverJobDiscovery normal arm64 Compiling Acceptable.swift, Base64EncodedData.swift, ByteUtilities.swift, ContentDisposition.swift, CopyOnWriteBox.swift (in target 'OpenAPIRuntime' from project 'swift-openapi-runtime')

SwiftDriverJobDiscovery normal arm64 Compiling URIDecoder.swift, URIValueFromNodeDecoder+Keyed.swift, URIValueFromNodeDecoder+Single.swift, URIValueFromNodeDecoder+Unkeyed.swift (in target 'OpenAPIRuntime' from project 'swift-openapi-runtime')

SwiftCompile normal arm64 Compiling\ _HashNode+Primitive\ Replacement.swift,\ _HashNode+Storage.swift,\ _HashNode+Structural\ compactMapValues.swift,\ _HashNode+Structural\ filter.swift,\ _HashNode+Structural\ intersection.swift,\ _HashNode+Structural\ isDisjoint.swift /Users/steipete/Library/Developer/Xcode/DerivedData/CodeLooper-crrddjihwjtfkwegrjrymctnfixv/SourcePackages/checkouts/swift-collections/Sources/HashTreeCollections/HashNode/_HashNode+Primitive\ Replacement.swift /Users/steipete/Library/Developer/Xcode/DerivedData/CodeLooper-crrddjihwjtfkwegrjrymctnfixv/SourcePackages/checkouts/swift-collections/Sources/HashTreeCollections/HashNode/_HashNode+Storage.swift /Users/steipete/Library/Developer/Xcode/DerivedData/CodeLooper-crrddjihwjtfkwegrjrymctnfixv/SourcePackages/checkouts/swift-collections/Sources/HashTreeCollections/HashNode/_HashNode+Structural\ compactMapValues.swift /Users/steipete/Library/Developer/Xcode/DerivedData/CodeLooper-crrddjihwjtfkwegrjrymctnfixv/SourcePackages/checkouts/swift-collections/Sources/HashTreeCollections/HashNode/_HashNode+Structural\ filter.swift /Users/steipete/Library/Developer/Xcode/DerivedData/CodeLooper-crrddjihwjtfkwegrjrymctnfixv/SourcePackages/checkouts/swift-collections/Sources/HashTreeCollections/HashNode/_HashNode+Structural\ intersection.swift /Users/steipete/Library/Developer/Xcode/DerivedData/CodeLooper-crrddjihwjtfkwegrjrymctnfixv/SourcePackages/checkouts/swift-collections/Sources/HashTreeCollections/HashNode/_HashNode+Structural\ isDisjoint.swift (in target 'HashTreeCollections' from project 'swift-collections')
SwiftCompile normal arm64 /Users/steipete/Library/Developer/Xcode/DerivedData/CodeLooper-crrddjihwjtfkwegrjrymctnfixv/SourcePackages/checkouts/swift-collections/Sources/HashTreeCollections/HashNode/_HashNode+Primitive\ Replacement.swift (in target 'HashTreeCollections' from project 'swift-collections')
    cd /Users/steipete/Projects/CodeLooper
    

SwiftCompile normal arm64 /Users/steipete/Library/Developer/Xcode/DerivedData/CodeLooper-crrddjihwjtfkwegrjrymctnfixv/SourcePackages/checkouts/swift-collections/Sources/HashTreeCollections/HashNode/_HashNode+Storage.swift (in target 'HashTreeCollections' from project 'swift-collections')
    cd /Users/steipete/Projects/CodeLooper
    

SwiftCompile normal arm64 /Users/steipete/Library/Developer/Xcode/DerivedData/CodeLooper-crrddjihwjtfkwegrjrymctnfixv/SourcePackages/checkouts/swift-collections/Sources/HashTreeCollections/HashNode/_HashNode+Structural\ compactMapValues.swift (in target 'HashTreeCollections' from project 'swift-collections')
    cd /Users/steipete/Projects/CodeLooper
    

SwiftCompile normal arm64 /Users/steipete/Library/Developer/Xcode/DerivedData/CodeLooper-crrddjihwjtfkwegrjrymctnfixv/SourcePackages/checkouts/swift-collections/Sources/HashTreeCollections/HashNode/_HashNode+Structural\ filter.swift (in target 'HashTreeCollections' from project 'swift-collections')
    cd /Users/steipete/Projects/CodeLooper
    

SwiftCompile normal arm64 /Users/steipete/Library/Developer/Xcode/DerivedData/CodeLooper-crrddjihwjtfkwegrjrymctnfixv/SourcePackages/checkouts/swift-collections/Sources/HashTreeCollections/HashNode/_HashNode+Structural\ intersection.swift (in target 'HashTreeCollections' from project 'swift-collections')
    cd /Users/steipete/Projects/CodeLooper
    

SwiftCompile normal arm64 /Users/steipete/Library/Developer/Xcode/DerivedData/CodeLooper-crrddjihwjtfkwegrjrymctnfixv/SourcePackages/checkouts/swift-collections/Sources/HashTreeCollections/HashNode/_HashNode+Structural\ isDisjoint.swift (in target 'HashTreeCollections' from project 'swift-collections')
    cd /Users/steipete/Projects/CodeLooper
    

SwiftDriverJobDiscovery normal arm64 Compiling MultipartPublicTypesExtensions.swift, MultipartRawPartsToFramesSequence.swift, MultipartValidation.swift, OpenAPIMIMEType+Multipart.swift (in target 'OpenAPIRuntime' from project 'swift-openapi-runtime')

SwiftCompile normal arm64 Compiling\ TreeSet+SetAlgebra\ isEqualSet.swift,\ TreeSet+SetAlgebra\ isStrictSubset.swift,\ TreeSet+SetAlgebra\ isStrictSuperset.swift,\ TreeSet+SetAlgebra\ isSubset.swift,\ TreeSet+SetAlgebra\ isSuperset.swift /Users/steipete/Library/Developer/Xcode/DerivedData/CodeLooper-crrddjihwjtfkwegrjrymctnfixv/SourcePackages/checkouts/swift-collections/Sources/HashTreeCollections/TreeSet/TreeSet+SetAlgebra\ isEqualSet.swift /Users/steipete/Library/Developer/Xcode/DerivedData/CodeLooper-crrddjihwjtfkwegrjrymctnfixv/SourcePackages/checkouts/swift-collections/Sources/HashTreeCollections/TreeSet/TreeSet+SetAlgebra\ isStrictSubset.swift /Users/steipete/Library/Developer/Xcode/DerivedData/CodeLooper-crrddjihwjtfkwegrjrymctnfixv/SourcePackages/checkouts/swift-collections/Sources/HashTreeCollections/TreeSet/TreeSet+SetAlgebra\ isStrictSuperset.swift /Users/steipete/Library/Developer/Xcode/DerivedData/CodeLooper-crrddjihwjtfkwegrjrymctnfixv/SourcePackages/checkouts/swift-collections/Sources/HashTreeCollections/TreeSet/TreeSet+SetAlgebra\ isSubset.swift /Users/steipete/Library/Developer/Xcode/DerivedData/CodeLooper-crrddjihwjtfkwegrjrymctnfixv/SourcePackages/checkouts/swift-collections/Sources/HashTreeCollections/TreeSet/TreeSet+SetAlgebra\ isSuperset.swift (in target 'HashTreeCollections' from project 'swift-collections')

SwiftCompile normal arm64 /Users/steipete/Library/Developer/Xcode/DerivedData/CodeLooper-crrddjihwjtfkwegrjrymctnfixv/SourcePackages/checkouts/swift-collections/Sources/HashTreeCollections/TreeSet/TreeSet+SetAlgebra\ isEqualSet.swift (in target 'HashTreeCollections' from project 'swift-collections')
    cd /Users/steipete/Projects/CodeLooper
    

SwiftCompile normal arm64 /Users/steipete/Library/Developer/Xcode/DerivedData/CodeLooper-crrddjihwjtfkwegrjrymctnfixv/SourcePackages/checkouts/swift-collections/Sources/HashTreeCollections/TreeSet/TreeSet+SetAlgebra\ isStrictSubset.swift (in target 'HashTreeCollections' from project 'swift-collections')
    cd /Users/steipete/Projects/CodeLooper
    

SwiftCompile normal arm64 /Users/steipete/Library/Developer/Xcode/DerivedData/CodeLooper-crrddjihwjtfkwegrjrymctnfixv/SourcePackages/checkouts/swift-collections/Sources/HashTreeCollections/TreeSet/TreeSet+SetAlgebra\ isStrictSuperset.swift (in target 'HashTreeCollections' from project 'swift-collections')
    cd /Users/steipete/Projects/CodeLooper
    

SwiftCompile normal arm64 /Users/steipete/Library/Developer/Xcode/DerivedData/CodeLooper-crrddjihwjtfkwegrjrymctnfixv/SourcePackages/checkouts/swift-collections/Sources/HashTreeCollections/TreeSet/TreeSet+SetAlgebra\ isSubset.swift (in target 'HashTreeCollections' from project 'swift-collections')
    cd /Users/steipete/Projects/CodeLooper
    

SwiftCompile normal arm64 /Users/steipete/Library/Developer/Xcode/DerivedData/CodeLooper-crrddjihwjtfkwegrjrymctnfixv/SourcePackages/checkouts/swift-collections/Sources/HashTreeCollections/TreeSet/TreeSet+SetAlgebra\ isSuperset.swift (in target 'HashTreeCollections' from project 'swift-collections')
    cd /Users/steipete/Projects/CodeLooper
    

SwiftDriverJobDiscovery normal arm64 Compiling _HashTable+Testing.swift, _HashTable+UnsafeHandle.swift, _HashTable.swift, _Hashtable+Header.swift (in target 'OrderedCollections' from project 'swift-collections')

SwiftCompile normal arm64 Compiling\ _HashNode+Structural\ union.swift,\ _HashNode+Subtree\ Insertions.swift,\ _HashNode+Subtree\ Modify.swift,\ _HashNode+Subtree\ Removals.swift,\ _HashNode+UnsafeHandle.swift,\ _HashNode.swift /Users/steipete/Library/Developer/Xcode/DerivedData/CodeLooper-crrddjihwjtfkwegrjrymctnfixv/SourcePackages/checkouts/swift-collections/Sources/HashTreeCollections/HashNode/_HashNode+Structural\ union.swift /Users/steipete/Library/Developer/Xcode/DerivedData/CodeLooper-crrddjihwjtfkwegrjrymctnfixv/SourcePackages/checkouts/swift-collections/Sources/HashTreeCollections/HashNode/_HashNode+Subtree\ Insertions.swift /Users/steipete/Library/Developer/Xcode/DerivedData/CodeLooper-crrddjihwjtfkwegrjrymctnfixv/SourcePackages/checkouts/swift-collections/Sources/HashTreeCollections/HashNode/_HashNode+Subtree\ Modify.swift /Users/steipete/Library/Developer/Xcode/DerivedData/CodeLooper-crrddjihwjtfkwegrjrymctnfixv/SourcePackages/checkouts/swift-collections/Sources/HashTreeCollections/HashNode/_HashNode+Subtree\ Removals.swift /Users/steipete/Library/Developer/Xcode/DerivedData/CodeLooper-crrddjihwjtfkwegrjrymctnfixv/SourcePackages/checkouts/swift-collections/Sources/HashTreeCollections/HashNode/_HashNode+UnsafeHandle.swift /Users/steipete/Library/Developer/Xcode/DerivedData/CodeLooper-crrddjihwjtfkwegrjrymctnfixv/SourcePackages/checkouts/swift-collections/Sources/HashTreeCollections/HashNode/_HashNode.swift (in target 'HashTreeCollections' from project 'swift-collections')
SwiftCompile normal arm64 /Users/steipete/Library/Developer/Xcode/DerivedData/CodeLooper-crrddjihwjtfkwegrjrymctnfixv/SourcePackages/checkouts/swift-collections/Sources/HashTreeCollections/HashNode/_HashNode+Structural\ union.swift (in target 'HashTreeCollections' from project 'swift-collections')
    cd /Users/steipete/Projects/CodeLooper
    

SwiftCompile normal arm64 /Users/steipete/Library/Developer/Xcode/DerivedData/CodeLooper-crrddjihwjtfkwegrjrymctnfixv/SourcePackages/checkouts/swift-collections/Sources/HashTreeCollections/HashNode/_HashNode+Subtree\ Insertions.swift (in target 'HashTreeCollections' from project 'swift-collections')
    cd /Users/steipete/Projects/CodeLooper
    

SwiftCompile normal arm64 /Users/steipete/Library/Developer/Xcode/DerivedData/CodeLooper-crrddjihwjtfkwegrjrymctnfixv/SourcePackages/checkouts/swift-collections/Sources/HashTreeCollections/HashNode/_HashNode+Subtree\ Modify.swift (in target 'HashTreeCollections' from project 'swift-collections')
    cd /Users/steipete/Projects/CodeLooper
    

SwiftCompile normal arm64 /Users/steipete/Library/Developer/Xcode/DerivedData/CodeLooper-crrddjihwjtfkwegrjrymctnfixv/SourcePackages/checkouts/swift-collections/Sources/HashTreeCollections/HashNode/_HashNode+Subtree\ Removals.swift (in target 'HashTreeCollections' from project 'swift-collections')
    cd /Users/steipete/Projects/CodeLooper
    

SwiftCompile normal arm64 /Users/steipete/Library/Developer/Xcode/DerivedData/CodeLooper-crrddjihwjtfkwegrjrymctnfixv/SourcePackages/checkouts/swift-collections/Sources/HashTreeCollections/HashNode/_HashNode+UnsafeHandle.swift (in target 'HashTreeCollections' from project 'swift-collections')
    cd /Users/steipete/Projects/CodeLooper
    

SwiftCompile normal arm64 /Users/steipete/Library/Developer/Xcode/DerivedData/CodeLooper-crrddjihwjtfkwegrjrymctnfixv/SourcePackages/checkouts/swift-collections/Sources/HashTreeCollections/HashNode/_HashNode.swift (in target 'HashTreeCollections' from project 'swift-collections')
    cd /Users/steipete/Projects/CodeLooper
    

SwiftDriverJobDiscovery normal arm64 Compiling OpenAPIMIMEType.swift, OpenAPIValue.swift, PrettyStringConvertible.swift, UndocumentedPayload.swift, WarningSuppressingAnnotations.swift (in target 'OpenAPIRuntime' from project 'swift-openapi-runtime')

SwiftDriver\ Compilation OrderedCollections normal arm64 com.apple.xcode.tools.swift.compiler (in target 'OrderedCollections' from project 'swift-collections')
    cd /Users/steipete/Projects/CodeLooper
    builtin-Swift-Compilation -- /Applications/Xcode-beta.app/Contents/Developer/Toolchains/XcodeDefault.xctoolchain/usr/bin/swiftc -module-name OrderedCollections -Onone -enforce-exclusivity\=checked @/Users/steipete/Library/Developer/Xcode/DerivedData/CodeLooper-crrddjihwjtfkwegrjrymctnfixv/Build/Intermediates.noindex/swift-collections.build/Debug/OrderedCollections.build/Objects-normal/arm64/OrderedCollections.SwiftFileList -DSWIFT_PACKAGE -DDEBUG -DSWIFT_MODULE_RESOURCE_BUNDLE_UNAVAILABLE -DCOLLECTIONS_RANDOMIZED_TESTING -DXcode -plugin-path /Applications/Xcode-beta.app/Contents/Developer/Toolchains/XcodeDefault.xctoolchain/usr/lib/swift/host/plugins/testing -enable-experimental-feature DebugDescriptionMacro -sdk /Applications/Xcode-beta.app/Contents/Developer/Platforms/MacOSX.platform/Developer/SDKs/MacOSX26.0.sdk -target arm64-apple-macos10.13 -g -module-cache-path /Users/steipete/Library/Developer/Xcode/DerivedData/ModuleCache.noindex -Xfrontend -serialize-debugging-options -profile-coverage-mapping -profile-generate -enable-testing -suppress-warnings -index-store-path /Users/steipete/Library/Developer/Xcode/DerivedData/CodeLooper-crrddjihwjtfkwegrjrymctnfixv/Index.noindex/DataStore -swift-version 5 -I /Users/steipete/Library/Developer/Xcode/DerivedData/CodeLooper-crrddjihwjtfkwegrjrymctnfixv/Build/Products/Debug -I /Applications/Xcode-beta.app/Contents/Developer/Platforms/MacOSX.platform/Developer/usr/lib -F /Users/steipete/Library/Developer/Xcode/DerivedData/CodeLooper-crrddjihwjtfkwegrjrymctnfixv/Build/Products/Debug/PackageFrameworks -F /Users/steipete/Library/Developer/Xcode/DerivedData/CodeLooper-crrddjihwjtfkwegrjrymctnfixv/Build/Products/Debug -F /Applications/Xcode-beta.app/Contents/Developer/Platforms/MacOSX.platform/Developer/Library/Frameworks -c -j16 -enable-batch-mode -incremental -Xcc -ivfsstatcache -Xcc /Users/steipete/Library/Developer/Xcode/DerivedData/SDKStatCaches.noindex/macosx26.0-25A5279m-5d9328ff1a6613a11d359de947506b52.sdkstatcache -output-file-map /Users/steipete/Library/Developer/Xcode/DerivedData/CodeLooper-crrddjihwjtfkwegrjrymctnfixv/Build/Intermediates.noindex/swift-collections.build/Debug/OrderedCollections.build/Objects-normal/arm64/OrderedCollections-OutputFileMap.json -use-frontend-parseable-output -save-temps -no-color-diagnostics -explicit-module-build -module-cache-path /Users/steipete/Library/Developer/Xcode/DerivedData/CodeLooper-crrddjihwjtfkwegrjrymctnfixv/Build/Intermediates.noindex/SwiftExplicitPrecompiledModules -clang-scanner-module-cache-path /Users/steipete/Library/Developer/Xcode/DerivedData/ModuleCache.noindex -sdk-module-cache-path /Users/steipete/Library/Developer/Xcode/DerivedData/ModuleCache.noindex -serialize-diagnostics -emit-dependencies -emit-module -emit-module-path /Users/steipete/Library/Developer/Xcode/DerivedData/CodeLooper-crrddjihwjtfkwegrjrymctnfixv/Build/Intermediates.noindex/swift-collections.build/Debug/OrderedCollections.build/Objects-normal/arm64/OrderedCollections.swiftmodule -validate-clang-modules-once -clang-build-session-file /Users/steipete/Library/Developer/Xcode/DerivedData/ModuleCache.noindex/Session.modulevalidation -package-name swift_collections -Xcc -I/Users/steipete/Library/Developer/Xcode/DerivedData/CodeLooper-crrddjihwjtfkwegrjrymctnfixv/Build/Intermediates.noindex/swift-collections.build/Debug/OrderedCollections.build/swift-overrides.hmap -emit-const-values -Xfrontend -const-gather-protocols-file -Xfrontend /Users/steipete/Library/Developer/Xcode/DerivedData/CodeLooper-crrddjihwjtfkwegrjrymctnfixv/Build/Intermediates.noindex/swift-collections.build/Debug/OrderedCollections.build/Objects-normal/arm64/OrderedCollections_const_extract_protocols.json -Xcc -I/Users/steipete/Library/Developer/Xcode/DerivedData/CodeLooper-crrddjihwjtfkwegrjrymctnfixv/Build/Products/Debug/include -Xcc -I/Users/steipete/Library/Developer/Xcode/DerivedData/CodeLooper-crrddjihwjtfkwegrjrymctnfixv/Build/Intermediates.noindex/swift-collections.build/Debug/OrderedCollections.build/DerivedSources-normal/arm64 -Xcc -I/Users/steipete/Library/Developer/Xcode/DerivedData/CodeLooper-crrddjihwjtfkwegrjrymctnfixv/Build/Intermediates.noindex/swift-collections.build/Debug/OrderedCollections.build/DerivedSources/arm64 -Xcc -I/Users/steipete/Library/Developer/Xcode/DerivedData/CodeLooper-crrddjihwjtfkwegrjrymctnfixv/Build/Intermediates.noindex/swift-collections.build/Debug/OrderedCollections.build/DerivedSources -Xcc -DSWIFT_PACKAGE -Xcc -DDEBUG\=1 -emit-objc-header -emit-objc-header-path /Users/steipete/Library/Developer/Xcode/DerivedData/CodeLooper-crrddjihwjtfkwegrjrymctnfixv/Build/Intermediates.noindex/swift-collections.build/Debug/OrderedCollections.build/Objects-normal/arm64/OrderedCollections-Swift.h -working-directory /Users/steipete/Projects/CodeLooper -experimental-emit-module-separately -disable-cmo

SwiftCompile normal arm64 Compiling\ TreeDictionary.swift,\ TreeSet+Codable.swift,\ TreeSet+Collection.swift,\ TreeSet+CustomReflectable.swift,\ TreeSet+Debugging.swift /Users/steipete/Library/Developer/Xcode/DerivedData/CodeLooper-crrddjihwjtfkwegrjrymctnfixv/SourcePackages/checkouts/swift-collections/Sources/HashTreeCollections/TreeDictionary/TreeDictionary.swift /Users/steipete/Library/Developer/Xcode/DerivedData/CodeLooper-crrddjihwjtfkwegrjrymctnfixv/SourcePackages/checkouts/swift-collections/Sources/HashTreeCollections/TreeSet/TreeSet+Codable.swift /Users/steipete/Library/Developer/Xcode/DerivedData/CodeLooper-crrddjihwjtfkwegrjrymctnfixv/SourcePackages/checkouts/swift-collections/Sources/HashTreeCollections/TreeSet/TreeSet+Collection.swift /Users/steipete/Library/Developer/Xcode/DerivedData/CodeLooper-crrddjihwjtfkwegrjrymctnfixv/SourcePackages/checkouts/swift-collections/Sources/HashTreeCollections/TreeSet/TreeSet+CustomReflectable.swift /Users/steipete/Library/Developer/Xcode/DerivedData/CodeLooper-crrddjihwjtfkwegrjrymctnfixv/SourcePackages/checkouts/swift-collections/Sources/HashTreeCollections/TreeSet/TreeSet+Debugging.swift (in target 'HashTreeCollections' from project 'swift-collections')

SwiftCompile normal arm64 /Users/steipete/Library/Developer/Xcode/DerivedData/CodeLooper-crrddjihwjtfkwegrjrymctnfixv/SourcePackages/checkouts/swift-collections/Sources/HashTreeCollections/TreeDictionary/TreeDictionary.swift (in target 'HashTreeCollections' from project 'swift-collections')
    cd /Users/steipete/Projects/CodeLooper
    

SwiftCompile normal arm64 /Users/steipete/Library/Developer/Xcode/DerivedData/CodeLooper-crrddjihwjtfkwegrjrymctnfixv/SourcePackages/checkouts/swift-collections/Sources/HashTreeCollections/TreeSet/TreeSet+Codable.swift (in target 'HashTreeCollections' from project 'swift-collections')
    cd /Users/steipete/Projects/CodeLooper
    

SwiftCompile normal arm64 /Users/steipete/Library/Developer/Xcode/DerivedData/CodeLooper-crrddjihwjtfkwegrjrymctnfixv/SourcePackages/checkouts/swift-collections/Sources/HashTreeCollections/TreeSet/TreeSet+Collection.swift (in target 'HashTreeCollections' from project 'swift-collections')
    cd /Users/steipete/Projects/CodeLooper
    

SwiftCompile normal arm64 /Users/steipete/Library/Developer/Xcode/DerivedData/CodeLooper-crrddjihwjtfkwegrjrymctnfixv/SourcePackages/checkouts/swift-collections/Sources/HashTreeCollections/TreeSet/TreeSet+CustomReflectable.swift (in target 'HashTreeCollections' from project 'swift-collections')
    cd /Users/steipete/Projects/CodeLooper
    

SwiftCompile normal arm64 /Users/steipete/Library/Developer/Xcode/DerivedData/CodeLooper-crrddjihwjtfkwegrjrymctnfixv/SourcePackages/checkouts/swift-collections/Sources/HashTreeCollections/TreeSet/TreeSet+Debugging.swift (in target 'HashTreeCollections' from project 'swift-collections')
    cd /Users/steipete/Projects/CodeLooper
    

SwiftCompile normal arm64 Compiling\ TreeSet+Hashable.swift,\ TreeSet+Sendable.swift,\ TreeSet+Sequence.swift,\ TreeSet+SetAlgebra\ Initializers.swift,\ TreeSet+SetAlgebra\ basics.swift /Users/steipete/Library/Developer/Xcode/DerivedData/CodeLooper-crrddjihwjtfkwegrjrymctnfixv/SourcePackages/checkouts/swift-collections/Sources/HashTreeCollections/TreeSet/TreeSet+Hashable.swift /Users/steipete/Library/Developer/Xcode/DerivedData/CodeLooper-crrddjihwjtfkwegrjrymctnfixv/SourcePackages/checkouts/swift-collections/Sources/HashTreeCollections/TreeSet/TreeSet+Sendable.swift /Users/steipete/Library/Developer/Xcode/DerivedData/CodeLooper-crrddjihwjtfkwegrjrymctnfixv/SourcePackages/checkouts/swift-collections/Sources/HashTreeCollections/TreeSet/TreeSet+Sequence.swift /Users/steipete/Library/Developer/Xcode/DerivedData/CodeLooper-crrddjihwjtfkwegrjrymctnfixv/SourcePackages/checkouts/swift-collections/Sources/HashTreeCollections/TreeSet/TreeSet+SetAlgebra\ Initializers.swift /Users/steipete/Library/Developer/Xcode/DerivedData/CodeLooper-crrddjihwjtfkwegrjrymctnfixv/SourcePackages/checkouts/swift-collections/Sources/HashTreeCollections/TreeSet/TreeSet+SetAlgebra\ basics.swift (in target 'HashTreeCollections' from project 'swift-collections')

SwiftCompile normal arm64 /Users/steipete/Library/Developer/Xcode/DerivedData/CodeLooper-crrddjihwjtfkwegrjrymctnfixv/SourcePackages/checkouts/swift-collections/Sources/HashTreeCollections/TreeSet/TreeSet+Hashable.swift (in target 'HashTreeCollections' from project 'swift-collections')
    cd /Users/steipete/Projects/CodeLooper
    

SwiftCompile normal arm64 /Users/steipete/Library/Developer/Xcode/DerivedData/CodeLooper-crrddjihwjtfkwegrjrymctnfixv/SourcePackages/checkouts/swift-collections/Sources/HashTreeCollections/TreeSet/TreeSet+Sendable.swift (in target 'HashTreeCollections' from project 'swift-collections')
    cd /Users/steipete/Projects/CodeLooper
    

SwiftCompile normal arm64 /Users/steipete/Library/Developer/Xcode/DerivedData/CodeLooper-crrddjihwjtfkwegrjrymctnfixv/SourcePackages/checkouts/swift-collections/Sources/HashTreeCollections/TreeSet/TreeSet+Sequence.swift (in target 'HashTreeCollections' from project 'swift-collections')
    cd /Users/steipete/Projects/CodeLooper
    

SwiftCompile normal arm64 /Users/steipete/Library/Developer/Xcode/DerivedData/CodeLooper-crrddjihwjtfkwegrjrymctnfixv/SourcePackages/checkouts/swift-collections/Sources/HashTreeCollections/TreeSet/TreeSet+SetAlgebra\ Initializers.swift (in target 'HashTreeCollections' from project 'swift-collections')
    cd /Users/steipete/Projects/CodeLooper
    

SwiftCompile normal arm64 /Users/steipete/Library/Developer/Xcode/DerivedData/CodeLooper-crrddjihwjtfkwegrjrymctnfixv/SourcePackages/checkouts/swift-collections/Sources/HashTreeCollections/TreeSet/TreeSet+SetAlgebra\ basics.swift (in target 'HashTreeCollections' from project 'swift-collections')
    cd /Users/steipete/Projects/CodeLooper
    

SwiftDriverJobDiscovery normal arm64 Emitting module for HashTreeCollections (in target 'HashTreeCollections' from project 'swift-collections')

SwiftDriver\ Compilation\ Requirements HashTreeCollections normal arm64 com.apple.xcode.tools.swift.compiler (in target 'HashTreeCollections' from project 'swift-collections')
    cd /Users/steipete/Projects/CodeLooper
    builtin-Swift-Compilation-Requirements -- /Applications/Xcode-beta.app/Contents/Developer/Toolchains/XcodeDefault.xctoolchain/usr/bin/swiftc -module-name HashTreeCollections -Onone -enforce-exclusivity\=checked @/Users/steipete/Library/Developer/Xcode/DerivedData/CodeLooper-crrddjihwjtfkwegrjrymctnfixv/Build/Intermediates.noindex/swift-collections.build/Debug/HashTreeCollections.build/Objects-normal/arm64/HashTreeCollections.SwiftFileList -DSWIFT_PACKAGE -DDEBUG -DSWIFT_MODULE_RESOURCE_BUNDLE_UNAVAILABLE -DCOLLECTIONS_RANDOMIZED_TESTING -DXcode -plugin-path /Applications/Xcode-beta.app/Contents/Developer/Toolchains/XcodeDefault.xctoolchain/usr/lib/swift/host/plugins/testing -enable-experimental-feature DebugDescriptionMacro -sdk /Applications/Xcode-beta.app/Contents/Developer/Platforms/MacOSX.platform/Developer/SDKs/MacOSX26.0.sdk -target arm64-apple-macos10.13 -g -module-cache-path /Users/steipete/Library/Developer/Xcode/DerivedData/ModuleCache.noindex -Xfrontend -serialize-debugging-options -profile-coverage-mapping -profile-generate -enable-testing -suppress-warnings -index-store-path /Users/steipete/Library/Developer/Xcode/DerivedData/CodeLooper-crrddjihwjtfkwegrjrymctnfixv/Index.noindex/DataStore -swift-version 5 -I /Users/steipete/Library/Developer/Xcode/DerivedData/CodeLooper-crrddjihwjtfkwegrjrymctnfixv/Build/Products/Debug -I /Applications/Xcode-beta.app/Contents/Developer/Platforms/MacOSX.platform/Developer/usr/lib -F /Users/steipete/Library/Developer/Xcode/DerivedData/CodeLooper-crrddjihwjtfkwegrjrymctnfixv/Build/Products/Debug/PackageFrameworks -F /Users/steipete/Library/Developer/Xcode/DerivedData/CodeLooper-crrddjihwjtfkwegrjrymctnfixv/Build/Products/Debug -F /Applications/Xcode-beta.app/Contents/Developer/Platforms/MacOSX.platform/Developer/Library/Frameworks -c -j16 -enable-batch-mode -incremental -Xcc -ivfsstatcache -Xcc /Users/steipete/Library/Developer/Xcode/DerivedData/SDKStatCaches.noindex/macosx26.0-25A5279m-5d9328ff1a6613a11d359de947506b52.sdkstatcache -output-file-map /Users/steipete/Library/Developer/Xcode/DerivedData/CodeLooper-crrddjihwjtfkwegrjrymctnfixv/Build/Intermediates.noindex/swift-collections.build/Debug/HashTreeCollections.build/Objects-normal/arm64/HashTreeCollections-OutputFileMap.json -use-frontend-parseable-output -save-temps -no-color-diagnostics -explicit-module-build -module-cache-path /Users/steipete/Library/Developer/Xcode/DerivedData/CodeLooper-crrddjihwjtfkwegrjrymctnfixv/Build/Intermediates.noindex/SwiftExplicitPrecompiledModules -clang-scanner-module-cache-path /Users/steipete/Library/Developer/Xcode/DerivedData/ModuleCache.noindex -sdk-module-cache-path /Users/steipete/Library/Developer/Xcode/DerivedData/ModuleCache.noindex -serialize-diagnostics -emit-dependencies -emit-module -emit-module-path /Users/steipete/Library/Developer/Xcode/DerivedData/CodeLooper-crrddjihwjtfkwegrjrymctnfixv/Build/Intermediates.noindex/swift-collections.build/Debug/HashTreeCollections.build/Objects-normal/arm64/HashTreeCollections.swiftmodule -validate-clang-modules-once -clang-build-session-file /Users/steipete/Library/Developer/Xcode/DerivedData/ModuleCache.noindex/Session.modulevalidation -package-name swift_collections -Xcc -I/Users/steipete/Library/Developer/Xcode/DerivedData/CodeLooper-crrddjihwjtfkwegrjrymctnfixv/Build/Intermediates.noindex/swift-collections.build/Debug/HashTreeCollections.build/swift-overrides.hmap -emit-const-values -Xfrontend -const-gather-protocols-file -Xfrontend /Users/steipete/Library/Developer/Xcode/DerivedData/CodeLooper-crrddjihwjtfkwegrjrymctnfixv/Build/Intermediates.noindex/swift-collections.build/Debug/HashTreeCollections.build/Objects-normal/arm64/HashTreeCollections_const_extract_protocols.json -Xcc -I/Users/steipete/Library/Developer/Xcode/DerivedData/CodeLooper-crrddjihwjtfkwegrjrymctnfixv/Build/Products/Debug/include -Xcc -I/Users/steipete/Library/Developer/Xcode/DerivedData/CodeLooper-crrddjihwjtfkwegrjrymctnfixv/Build/Intermediates.noindex/swift-collections.build/Debug/HashTreeCollections.build/DerivedSources-normal/arm64 -Xcc -I/Users/steipete/Library/Developer/Xcode/DerivedData/CodeLooper-crrddjihwjtfkwegrjrymctnfixv/Build/Intermediates.noindex/swift-collections.build/Debug/HashTreeCollections.build/DerivedSources/arm64 -Xcc -I/Users/steipete/Library/Developer/Xcode/DerivedData/CodeLooper-crrddjihwjtfkwegrjrymctnfixv/Build/Intermediates.noindex/swift-collections.build/Debug/HashTreeCollections.build/DerivedSources -Xcc -DSWIFT_PACKAGE -Xcc -DDEBUG\=1 -emit-objc-header -emit-objc-header-path /Users/steipete/Library/Developer/Xcode/DerivedData/CodeLooper-crrddjihwjtfkwegrjrymctnfixv/Build/Intermediates.noindex/swift-collections.build/Debug/HashTreeCollections.build/Objects-normal/arm64/HashTreeCollections-Swift.h -working-directory /Users/steipete/Projects/CodeLooper -experimental-emit-module-separately -disable-cmo

SwiftDriverJobDiscovery normal arm64 Compiling ServerVariable.swift, URLExtensions.swift, Deprecated.swift, ClientError.swift (in target 'OpenAPIRuntime' from project 'swift-openapi-runtime')

SwiftCompile normal arm64 Compiling\ TreeSet+Descriptions.swift,\ TreeSet+Equatable.swift,\ TreeSet+ExpressibleByArrayLiteral.swift,\ TreeSet+Extras.swift,\ TreeSet+Filter.swift /Users/steipete/Library/Developer/Xcode/DerivedData/CodeLooper-crrddjihwjtfkwegrjrymctnfixv/SourcePackages/checkouts/swift-collections/Sources/HashTreeCollections/TreeSet/TreeSet+Descriptions.swift /Users/steipete/Library/Developer/Xcode/DerivedData/CodeLooper-crrddjihwjtfkwegrjrymctnfixv/SourcePackages/checkouts/swift-collections/Sources/HashTreeCollections/TreeSet/TreeSet+Equatable.swift /Users/steipete/Library/Developer/Xcode/DerivedData/CodeLooper-crrddjihwjtfkwegrjrymctnfixv/SourcePackages/checkouts/swift-collections/Sources/HashTreeCollections/TreeSet/TreeSet+ExpressibleByArrayLiteral.swift /Users/steipete/Library/Developer/Xcode/DerivedData/CodeLooper-crrddjihwjtfkwegrjrymctnfixv/SourcePackages/checkouts/swift-collections/Sources/HashTreeCollections/TreeSet/TreeSet+Extras.swift /Users/steipete/Library/Developer/Xcode/DerivedData/CodeLooper-crrddjihwjtfkwegrjrymctnfixv/SourcePackages/checkouts/swift-collections/Sources/HashTreeCollections/TreeSet/TreeSet+Filter.swift (in target 'HashTreeCollections' from project 'swift-collections')

SwiftCompile normal arm64 /Users/steipete/Library/Developer/Xcode/DerivedData/CodeLooper-crrddjihwjtfkwegrjrymctnfixv/SourcePackages/checkouts/swift-collections/Sources/HashTreeCollections/TreeSet/TreeSet+Descriptions.swift (in target 'HashTreeCollections' from project 'swift-collections')
    cd /Users/steipete/Projects/CodeLooper
    

SwiftCompile normal arm64 /Users/steipete/Library/Developer/Xcode/DerivedData/CodeLooper-crrddjihwjtfkwegrjrymctnfixv/SourcePackages/checkouts/swift-collections/Sources/HashTreeCollections/TreeSet/TreeSet+Equatable.swift (in target 'HashTreeCollections' from project 'swift-collections')
    cd /Users/steipete/Projects/CodeLooper
    

SwiftCompile normal arm64 /Users/steipete/Library/Developer/Xcode/DerivedData/CodeLooper-crrddjihwjtfkwegrjrymctnfixv/SourcePackages/checkouts/swift-collections/Sources/HashTreeCollections/TreeSet/TreeSet+ExpressibleByArrayLiteral.swift (in target 'HashTreeCollections' from project 'swift-collections')
    cd /Users/steipete/Projects/CodeLooper
    

SwiftCompile normal arm64 /Users/steipete/Library/Developer/Xcode/DerivedData/CodeLooper-crrddjihwjtfkwegrjrymctnfixv/SourcePackages/checkouts/swift-collections/Sources/HashTreeCollections/TreeSet/TreeSet+Extras.swift (in target 'HashTreeCollections' from project 'swift-collections')
    cd /Users/steipete/Projects/CodeLooper
    

SwiftCompile normal arm64 /Users/steipete/Library/Developer/Xcode/DerivedData/CodeLooper-crrddjihwjtfkwegrjrymctnfixv/SourcePackages/checkouts/swift-collections/Sources/HashTreeCollections/TreeSet/TreeSet+Filter.swift (in target 'HashTreeCollections' from project 'swift-collections')
    cd /Users/steipete/Projects/CodeLooper
    

SwiftCompile normal arm64 Compiling\ _AncestorHashSlots.swift,\ _Bitmap.swift,\ _Bucket.swift,\ _Hash.swift,\ _HashLevel.swift,\ _HashNode+Builder.swift /Users/steipete/Library/Developer/Xcode/DerivedData/CodeLooper-crrddjihwjtfkwegrjrymctnfixv/SourcePackages/checkouts/swift-collections/Sources/HashTreeCollections/HashNode/_AncestorHashSlots.swift /Users/steipete/Library/Developer/Xcode/DerivedData/CodeLooper-crrddjihwjtfkwegrjrymctnfixv/SourcePackages/checkouts/swift-collections/Sources/HashTreeCollections/HashNode/_Bitmap.swift /Users/steipete/Library/Developer/Xcode/DerivedData/CodeLooper-crrddjihwjtfkwegrjrymctnfixv/SourcePackages/checkouts/swift-collections/Sources/HashTreeCollections/HashNode/_Bucket.swift /Users/steipete/Library/Developer/Xcode/DerivedData/CodeLooper-crrddjihwjtfkwegrjrymctnfixv/SourcePackages/checkouts/swift-collections/Sources/HashTreeCollections/HashNode/_Hash.swift /Users/steipete/Library/Developer/Xcode/DerivedData/CodeLooper-crrddjihwjtfkwegrjrymctnfixv/SourcePackages/checkouts/swift-collections/Sources/HashTreeCollections/HashNode/_HashLevel.swift /Users/steipete/Library/Developer/Xcode/DerivedData/CodeLooper-crrddjihwjtfkwegrjrymctnfixv/SourcePackages/checkouts/swift-collections/Sources/HashTreeCollections/HashNode/_HashNode+Builder.swift (in target 'HashTreeCollections' from project 'swift-collections')

SwiftCompile normal arm64 /Users/steipete/Library/Developer/Xcode/DerivedData/CodeLooper-crrddjihwjtfkwegrjrymctnfixv/SourcePackages/checkouts/swift-collections/Sources/HashTreeCollections/HashNode/_AncestorHashSlots.swift (in target 'HashTreeCollections' from project 'swift-collections')
    cd /Users/steipete/Projects/CodeLooper
    

SwiftCompile normal arm64 /Users/steipete/Library/Developer/Xcode/DerivedData/CodeLooper-crrddjihwjtfkwegrjrymctnfixv/SourcePackages/checkouts/swift-collections/Sources/HashTreeCollections/HashNode/_Bitmap.swift (in target 'HashTreeCollections' from project 'swift-collections')
    cd /Users/steipete/Projects/CodeLooper
    

SwiftCompile normal arm64 /Users/steipete/Library/Developer/Xcode/DerivedData/CodeLooper-crrddjihwjtfkwegrjrymctnfixv/SourcePackages/checkouts/swift-collections/Sources/HashTreeCollections/HashNode/_Bucket.swift (in target 'HashTreeCollections' from project 'swift-collections')
    cd /Users/steipete/Projects/CodeLooper
    

SwiftCompile normal arm64 /Users/steipete/Library/Developer/Xcode/DerivedData/CodeLooper-crrddjihwjtfkwegrjrymctnfixv/SourcePackages/checkouts/swift-collections/Sources/HashTreeCollections/HashNode/_Hash.swift (in target 'HashTreeCollections' from project 'swift-collections')
    cd /Users/steipete/Projects/CodeLooper
    

SwiftCompile normal arm64 /Users/steipete/Library/Developer/Xcode/DerivedData/CodeLooper-crrddjihwjtfkwegrjrymctnfixv/SourcePackages/checkouts/swift-collections/Sources/HashTreeCollections/HashNode/_HashLevel.swift (in target 'HashTreeCollections' from project 'swift-collections')
    cd /Users/steipete/Projects/CodeLooper
    

SwiftCompile normal arm64 /Users/steipete/Library/Developer/Xcode/DerivedData/CodeLooper-crrddjihwjtfkwegrjrymctnfixv/SourcePackages/checkouts/swift-collections/Sources/HashTreeCollections/HashNode/_HashNode+Builder.swift (in target 'HashTreeCollections' from project 'swift-collections')
    cd /Users/steipete/Projects/CodeLooper
    

SwiftDriverJobDiscovery normal arm64 Compiling CodableExtensions.swift, Configuration.swift, Converter+Client.swift, Converter+Common.swift, Converter+Server.swift (in target 'OpenAPIRuntime' from project 'swift-openapi-runtime')

SwiftMergeGeneratedHeaders /Users/steipete/Library/Developer/Xcode/DerivedData/CodeLooper-crrddjihwjtfkwegrjrymctnfixv/Build/Intermediates.noindex/GeneratedModuleMaps/HashTreeCollections-Swift.h /Users/steipete/Library/Developer/Xcode/DerivedData/CodeLooper-crrddjihwjtfkwegrjrymctnfixv/Build/Intermediates.noindex/swift-collections.build/Debug/HashTreeCollections.build/Objects-normal/arm64/HashTreeCollections-Swift.h (in target 'HashTreeCollections' from project 'swift-collections')
    cd /Users/steipete/Library/Developer/Xcode/DerivedData/CodeLooper-crrddjihwjtfkwegrjrymctnfixv/SourcePackages/checkouts/swift-collections
    builtin-swiftHeaderTool -arch arm64 /Users/steipete/Library/Developer/Xcode/DerivedData/CodeLooper-crrddjihwjtfkwegrjrymctnfixv/Build/Intermediates.noindex/swift-collections.build/Debug/HashTreeCollections.build/Objects-normal/arm64/HashTreeCollections-Swift.h -o /Users/steipete/Library/Developer/Xcode/DerivedData/CodeLooper-crrddjihwjtfkwegrjrymctnfixv/Build/Intermediates.noindex/GeneratedModuleMaps/HashTreeCollections-Swift.h

SwiftDriverJobDiscovery normal arm64 Compiling JSONLinesEncoding.swift, JSONSequenceDecoding.swift, JSONSequenceEncoding.swift, ServerSentEvents.swift (in target 'OpenAPIRuntime' from project 'swift-openapi-runtime')

Copy /Users/steipete/Library/Developer/Xcode/DerivedData/CodeLooper-crrddjihwjtfkwegrjrymctnfixv/Build/Products/Debug/HashTreeCollections.swiftmodule/arm64-apple-macos.swiftmodule /Users/steipete/Library/Developer/Xcode/DerivedData/CodeLooper-crrddjihwjtfkwegrjrymctnfixv/Build/Intermediates.noindex/swift-collections.build/Debug/HashTreeCollections.build/Objects-normal/arm64/HashTreeCollections.swiftmodule (in target 'HashTreeCollections' from project 'swift-collections')
    cd /Users/steipete/Library/Developer/Xcode/DerivedData/CodeLooper-crrddjihwjtfkwegrjrymctnfixv/SourcePackages/checkouts/swift-collections
    builtin-copy -exclude .DS_Store -exclude CVS -exclude .svn -exclude .git -exclude .hg -resolve-src-symlinks -rename /Users/steipete/Library/Developer/Xcode/DerivedData/CodeLooper-crrddjihwjtfkwegrjrymctnfixv/Build/Intermediates.noindex/swift-collections.build/Debug/HashTreeCollections.build/Objects-normal/arm64/HashTreeCollections.swiftmodule /Users/steipete/Library/Developer/Xcode/DerivedData/CodeLooper-crrddjihwjtfkwegrjrymctnfixv/Build/Products/Debug/HashTreeCollections.swiftmodule/arm64-apple-macos.swiftmodule

Copy /Users/steipete/Library/Developer/Xcode/DerivedData/CodeLooper-crrddjihwjtfkwegrjrymctnfixv/Build/Products/Debug/HashTreeCollections.swiftmodule/arm64-apple-macos.swiftdoc /Users/steipete/Library/Developer/Xcode/DerivedData/CodeLooper-crrddjihwjtfkwegrjrymctnfixv/Build/Intermediates.noindex/swift-collections.build/Debug/HashTreeCollections.build/Objects-normal/arm64/HashTreeCollections.swiftdoc (in target 'HashTreeCollections' from project 'swift-collections')
    cd /Users/steipete/Library/Developer/Xcode/DerivedData/CodeLooper-crrddjihwjtfkwegrjrymctnfixv/SourcePackages/checkouts/swift-collections
    builtin-copy -exclude .DS_Store -exclude CVS -exclude .svn -exclude .git -exclude .hg -resolve-src-symlinks -rename /Users/steipete/Library/Developer/Xcode/DerivedData/CodeLooper-crrddjihwjtfkwegrjrymctnfixv/Build/Intermediates.noindex/swift-collections.build/Debug/HashTreeCollections.build/Objects-normal/arm64/HashTreeCollections.swiftdoc /Users/steipete/Library/Developer/Xcode/DerivedData/CodeLooper-crrddjihwjtfkwegrjrymctnfixv/Build/Products/Debug/HashTreeCollections.swiftmodule/arm64-apple-macos.swiftdoc

Copy /Users/steipete/Library/Developer/Xcode/DerivedData/CodeLooper-crrddjihwjtfkwegrjrymctnfixv/Build/Products/Debug/HashTreeCollections.swiftmodule/arm64-apple-macos.abi.json /Users/steipete/Library/Developer/Xcode/DerivedData/CodeLooper-crrddjihwjtfkwegrjrymctnfixv/Build/Intermediates.noindex/swift-collections.build/Debug/HashTreeCollections.build/Objects-normal/arm64/HashTreeCollections.abi.json (in target 'HashTreeCollections' from project 'swift-collections')
    cd /Users/steipete/Library/Developer/Xcode/DerivedData/CodeLooper-crrddjihwjtfkwegrjrymctnfixv/SourcePackages/checkouts/swift-collections
    builtin-copy -exclude .DS_Store -exclude CVS -exclude .svn -exclude .git -exclude .hg -resolve-src-symlinks -rename /Users/steipete/Library/Developer/Xcode/DerivedData/CodeLooper-crrddjihwjtfkwegrjrymctnfixv/Build/Intermediates.noindex/swift-collections.build/Debug/HashTreeCollections.build/Objects-normal/arm64/HashTreeCollections.abi.json /Users/steipete/Library/Developer/Xcode/DerivedData/CodeLooper-crrddjihwjtfkwegrjrymctnfixv/Build/Products/Debug/HashTreeCollections.swiftmodule/arm64-apple-macos.abi.json

Copy /Users/steipete/Library/Developer/Xcode/DerivedData/CodeLooper-crrddjihwjtfkwegrjrymctnfixv/Build/Products/Debug/HashTreeCollections.swiftmodule/Project/arm64-apple-macos.swiftsourceinfo /Users/steipete/Library/Developer/Xcode/DerivedData/CodeLooper-crrddjihwjtfkwegrjrymctnfixv/Build/Intermediates.noindex/swift-collections.build/Debug/HashTreeCollections.build/Objects-normal/arm64/HashTreeCollections.swiftsourceinfo (in target 'HashTreeCollections' from project 'swift-collections')
    cd /Users/steipete/Library/Developer/Xcode/DerivedData/CodeLooper-crrddjihwjtfkwegrjrymctnfixv/SourcePackages/checkouts/swift-collections
    builtin-copy -exclude .DS_Store -exclude CVS -exclude .svn -exclude .git -exclude .hg -resolve-src-symlinks -rename /Users/steipete/Library/Developer/Xcode/DerivedData/CodeLooper-crrddjihwjtfkwegrjrymctnfixv/Build/Intermediates.noindex/swift-collections.build/Debug/HashTreeCollections.build/Objects-normal/arm64/HashTreeCollections.swiftsourceinfo /Users/steipete/Library/Developer/Xcode/DerivedData/CodeLooper-crrddjihwjtfkwegrjrymctnfixv/Build/Products/Debug/HashTreeCollections.swiftmodule/Project/arm64-apple-macos.swiftsourceinfo

SwiftCompile normal arm64 Compiling\ _HashNode+Debugging.swift,\ _HashNode+Initializers.swift,\ _HashNode+Invariants.swift,\ _HashNode+Lookups.swift,\ _HashNode+Primitive\ Insertions.swift,\ _HashNode+Primitive\ Removals.swift /Users/steipete/Library/Developer/Xcode/DerivedData/CodeLooper-crrddjihwjtfkwegrjrymctnfixv/SourcePackages/checkouts/swift-collections/Sources/HashTreeCollections/HashNode/_HashNode+Debugging.swift /Users/steipete/Library/Developer/Xcode/DerivedData/CodeLooper-crrddjihwjtfkwegrjrymctnfixv/SourcePackages/checkouts/swift-collections/Sources/HashTreeCollections/HashNode/_HashNode+Initializers.swift /Users/steipete/Library/Developer/Xcode/DerivedData/CodeLooper-crrddjihwjtfkwegrjrymctnfixv/SourcePackages/checkouts/swift-collections/Sources/HashTreeCollections/HashNode/_HashNode+Invariants.swift /Users/steipete/Library/Developer/Xcode/DerivedData/CodeLooper-crrddjihwjtfkwegrjrymctnfixv/SourcePackages/checkouts/swift-collections/Sources/HashTreeCollections/HashNode/_HashNode+Lookups.swift /Users/steipete/Library/Developer/Xcode/DerivedData/CodeLooper-crrddjihwjtfkwegrjrymctnfixv/SourcePackages/checkouts/swift-collections/Sources/HashTreeCollections/HashNode/_HashNode+Primitive\ Insertions.swift /Users/steipete/Library/Developer/Xcode/DerivedData/CodeLooper-crrddjihwjtfkwegrjrymctnfixv/SourcePackages/checkouts/swift-collections/Sources/HashTreeCollections/HashNode/_HashNode+Primitive\ Removals.swift (in target 'HashTreeCollections' from project 'swift-collections')

SwiftCompile normal arm64 /Users/steipete/Library/Developer/Xcode/DerivedData/CodeLooper-crrddjihwjtfkwegrjrymctnfixv/SourcePackages/checkouts/swift-collections/Sources/HashTreeCollections/HashNode/_HashNode+Debugging.swift (in target 'HashTreeCollections' from project 'swift-collections')
    cd /Users/steipete/Projects/CodeLooper
    

SwiftCompile normal arm64 /Users/steipete/Library/Developer/Xcode/DerivedData/CodeLooper-crrddjihwjtfkwegrjrymctnfixv/SourcePackages/checkouts/swift-collections/Sources/HashTreeCollections/HashNode/_HashNode+Initializers.swift (in target 'HashTreeCollections' from project 'swift-collections')
    cd /Users/steipete/Projects/CodeLooper
    

SwiftCompile normal arm64 /Users/steipete/Library/Developer/Xcode/DerivedData/CodeLooper-crrddjihwjtfkwegrjrymctnfixv/SourcePackages/checkouts/swift-collections/Sources/HashTreeCollections/HashNode/_HashNode+Invariants.swift (in target 'HashTreeCollections' from project 'swift-collections')
    cd /Users/steipete/Projects/CodeLooper
    

SwiftCompile normal arm64 /Users/steipete/Library/Developer/Xcode/DerivedData/CodeLooper-crrddjihwjtfkwegrjrymctnfixv/SourcePackages/checkouts/swift-collections/Sources/HashTreeCollections/HashNode/_HashNode+Lookups.swift (in target 'HashTreeCollections' from project 'swift-collections')
    cd /Users/steipete/Projects/CodeLooper
    

SwiftCompile normal arm64 /Users/steipete/Library/Developer/Xcode/DerivedData/CodeLooper-crrddjihwjtfkwegrjrymctnfixv/SourcePackages/checkouts/swift-collections/Sources/HashTreeCollections/HashNode/_HashNode+Primitive\ Insertions.swift (in target 'HashTreeCollections' from project 'swift-collections')
    cd /Users/steipete/Projects/CodeLooper
    

SwiftCompile normal arm64 /Users/steipete/Library/Developer/Xcode/DerivedData/CodeLooper-crrddjihwjtfkwegrjrymctnfixv/SourcePackages/checkouts/swift-collections/Sources/HashTreeCollections/HashNode/_HashNode+Primitive\ Removals.swift (in target 'HashTreeCollections' from project 'swift-collections')
    cd /Users/steipete/Projects/CodeLooper
    

SwiftCompile normal arm64 Compiling\ TreeSet+SetAlgebra\ formIntersection.swift,\ TreeSet+SetAlgebra\ formSymmetricDifference.swift,\ TreeSet+SetAlgebra\ formUnion.swift,\ TreeSet+SetAlgebra\ intersection.swift,\ TreeSet+SetAlgebra\ isDisjoint.swift /Users/steipete/Library/Developer/Xcode/DerivedData/CodeLooper-crrddjihwjtfkwegrjrymctnfixv/SourcePackages/checkouts/swift-collections/Sources/HashTreeCollections/TreeSet/TreeSet+SetAlgebra\ formIntersection.swift /Users/steipete/Library/Developer/Xcode/DerivedData/CodeLooper-crrddjihwjtfkwegrjrymctnfixv/SourcePackages/checkouts/swift-collections/Sources/HashTreeCollections/TreeSet/TreeSet+SetAlgebra\ formSymmetricDifference.swift /Users/steipete/Library/Developer/Xcode/DerivedData/CodeLooper-crrddjihwjtfkwegrjrymctnfixv/SourcePackages/checkouts/swift-collections/Sources/HashTreeCollections/TreeSet/TreeSet+SetAlgebra\ formUnion.swift /Users/steipete/Library/Developer/Xcode/DerivedData/CodeLooper-crrddjihwjtfkwegrjrymctnfixv/SourcePackages/checkouts/swift-collections/Sources/HashTreeCollections/TreeSet/TreeSet+SetAlgebra\ intersection.swift /Users/steipete/Library/Developer/Xcode/DerivedData/CodeLooper-crrddjihwjtfkwegrjrymctnfixv/SourcePackages/checkouts/swift-collections/Sources/HashTreeCollections/TreeSet/TreeSet+SetAlgebra\ isDisjoint.swift (in target 'HashTreeCollections' from project 'swift-collections')

SwiftCompile normal arm64 /Users/steipete/Library/Developer/Xcode/DerivedData/CodeLooper-crrddjihwjtfkwegrjrymctnfixv/SourcePackages/checkouts/swift-collections/Sources/HashTreeCollections/TreeSet/TreeSet+SetAlgebra\ formIntersection.swift (in target 'HashTreeCollections' from project 'swift-collections')
    cd /Users/steipete/Projects/CodeLooper
    

SwiftCompile normal arm64 /Users/steipete/Library/Developer/Xcode/DerivedData/CodeLooper-crrddjihwjtfkwegrjrymctnfixv/SourcePackages/checkouts/swift-collections/Sources/HashTreeCollections/TreeSet/TreeSet+SetAlgebra\ formSymmetricDifference.swift (in target 'HashTreeCollections' from project 'swift-collections')
    cd /Users/steipete/Projects/CodeLooper
    

SwiftCompile normal arm64 /Users/steipete/Library/Developer/Xcode/DerivedData/CodeLooper-crrddjihwjtfkwegrjrymctnfixv/SourcePackages/checkouts/swift-collections/Sources/HashTreeCollections/TreeSet/TreeSet+SetAlgebra\ formUnion.swift (in target 'HashTreeCollections' from project 'swift-collections')
    cd /Users/steipete/Projects/CodeLooper
    

SwiftCompile normal arm64 /Users/steipete/Library/Developer/Xcode/DerivedData/CodeLooper-crrddjihwjtfkwegrjrymctnfixv/SourcePackages/checkouts/swift-collections/Sources/HashTreeCollections/TreeSet/TreeSet+SetAlgebra\ intersection.swift (in target 'HashTreeCollections' from project 'swift-collections')
    cd /Users/steipete/Projects/CodeLooper
    

SwiftCompile normal arm64 /Users/steipete/Library/Developer/Xcode/DerivedData/CodeLooper-crrddjihwjtfkwegrjrymctnfixv/SourcePackages/checkouts/swift-collections/Sources/HashTreeCollections/TreeSet/TreeSet+SetAlgebra\ isDisjoint.swift (in target 'HashTreeCollections' from project 'swift-collections')
    cd /Users/steipete/Projects/CodeLooper
    

SwiftDriverJobDiscovery normal arm64 Compiling Converter.swift, CurrencyExtensions.swift, ErrorExtensions.swift, FoundationExtensions.swift, ParameterStyles.swift (in target 'OpenAPIRuntime' from project 'swift-openapi-runtime')

SwiftCompile normal arm64 Compiling\ TreeSet+SetAlgebra\ subtract.swift,\ TreeSet+SetAlgebra\ subtracting.swift,\ TreeSet+SetAlgebra\ symmetricDifference.swift,\ TreeSet+SetAlgebra\ union.swift,\ TreeSet.swift /Users/steipete/Library/Developer/Xcode/DerivedData/CodeLooper-crrddjihwjtfkwegrjrymctnfixv/SourcePackages/checkouts/swift-collections/Sources/HashTreeCollections/TreeSet/TreeSet+SetAlgebra\ subtract.swift /Users/steipete/Library/Developer/Xcode/DerivedData/CodeLooper-crrddjihwjtfkwegrjrymctnfixv/SourcePackages/checkouts/swift-collections/Sources/HashTreeCollections/TreeSet/TreeSet+SetAlgebra\ subtracting.swift /Users/steipete/Library/Developer/Xcode/DerivedData/CodeLooper-crrddjihwjtfkwegrjrymctnfixv/SourcePackages/checkouts/swift-collections/Sources/HashTreeCollections/TreeSet/TreeSet+SetAlgebra\ symmetricDifference.swift /Users/steipete/Library/Developer/Xcode/DerivedData/CodeLooper-crrddjihwjtfkwegrjrymctnfixv/SourcePackages/checkouts/swift-collections/Sources/HashTreeCollections/TreeSet/TreeSet+SetAlgebra\ union.swift /Users/steipete/Library/Developer/Xcode/DerivedData/CodeLooper-crrddjihwjtfkwegrjrymctnfixv/SourcePackages/checkouts/swift-collections/Sources/HashTreeCollections/TreeSet/TreeSet.swift (in target 'HashTreeCollections' from project 'swift-collections')

SwiftCompile normal arm64 /Users/steipete/Library/Developer/Xcode/DerivedData/CodeLooper-crrddjihwjtfkwegrjrymctnfixv/SourcePackages/checkouts/swift-collections/Sources/HashTreeCollections/TreeSet/TreeSet+SetAlgebra\ subtract.swift (in target 'HashTreeCollections' from project 'swift-collections')
    cd /Users/steipete/Projects/CodeLooper
    

SwiftCompile normal arm64 /Users/steipete/Library/Developer/Xcode/DerivedData/CodeLooper-crrddjihwjtfkwegrjrymctnfixv/SourcePackages/checkouts/swift-collections/Sources/HashTreeCollections/TreeSet/TreeSet+SetAlgebra\ subtracting.swift (in target 'HashTreeCollections' from project 'swift-collections')
    cd /Users/steipete/Projects/CodeLooper
    

SwiftCompile normal arm64 /Users/steipete/Library/Developer/Xcode/DerivedData/CodeLooper-crrddjihwjtfkwegrjrymctnfixv/SourcePackages/checkouts/swift-collections/Sources/HashTreeCollections/TreeSet/TreeSet+SetAlgebra\ symmetricDifference.swift (in target 'HashTreeCollections' from project 'swift-collections')
    cd /Users/steipete/Projects/CodeLooper
    

SwiftCompile normal arm64 /Users/steipete/Library/Developer/Xcode/DerivedData/CodeLooper-crrddjihwjtfkwegrjrymctnfixv/SourcePackages/checkouts/swift-collections/Sources/HashTreeCollections/TreeSet/TreeSet+SetAlgebra\ union.swift (in target 'HashTreeCollections' from project 'swift-collections')
    cd /Users/steipete/Projects/CodeLooper
    

SwiftCompile normal arm64 /Users/steipete/Library/Developer/Xcode/DerivedData/CodeLooper-crrddjihwjtfkwegrjrymctnfixv/SourcePackages/checkouts/swift-collections/Sources/HashTreeCollections/TreeSet/TreeSet.swift (in target 'HashTreeCollections' from project 'swift-collections')
    cd /Users/steipete/Projects/CodeLooper
    

SwiftDriverJobDiscovery normal arm64 Compiling CodingErrors.swift, RuntimeError.swift, ServerError.swift, JSONLinesDecoding.swift (in target 'OpenAPIRuntime' from project 'swift-openapi-runtime')

SwiftCompile normal arm64 Compiling\ _HashNodeHeader.swift,\ _HashSlot.swift,\ _HashStack.swift,\ _HashTreeIterator.swift,\ _HashTreeStatistics.swift /Users/steipete/Library/Developer/Xcode/DerivedData/CodeLooper-crrddjihwjtfkwegrjrymctnfixv/SourcePackages/checkouts/swift-collections/Sources/HashTreeCollections/HashNode/_HashNodeHeader.swift /Users/steipete/Library/Developer/Xcode/DerivedData/CodeLooper-crrddjihwjtfkwegrjrymctnfixv/SourcePackages/checkouts/swift-collections/Sources/HashTreeCollections/HashNode/_HashSlot.swift /Users/steipete/Library/Developer/Xcode/DerivedData/CodeLooper-crrddjihwjtfkwegrjrymctnfixv/SourcePackages/checkouts/swift-collections/Sources/HashTreeCollections/HashNode/_HashStack.swift /Users/steipete/Library/Developer/Xcode/DerivedData/CodeLooper-crrddjihwjtfkwegrjrymctnfixv/SourcePackages/checkouts/swift-collections/Sources/HashTreeCollections/HashNode/_HashTreeIterator.swift /Users/steipete/Library/Developer/Xcode/DerivedData/CodeLooper-crrddjihwjtfkwegrjrymctnfixv/SourcePackages/checkouts/swift-collections/Sources/HashTreeCollections/HashNode/_HashTreeStatistics.swift (in target 'HashTreeCollections' from project 'swift-collections')

SwiftCompile normal arm64 /Users/steipete/Library/Developer/Xcode/DerivedData/CodeLooper-crrddjihwjtfkwegrjrymctnfixv/SourcePackages/checkouts/swift-collections/Sources/HashTreeCollections/HashNode/_HashNodeHeader.swift (in target 'HashTreeCollections' from project 'swift-collections')
    cd /Users/steipete/Projects/CodeLooper
    

SwiftCompile normal arm64 /Users/steipete/Library/Developer/Xcode/DerivedData/CodeLooper-crrddjihwjtfkwegrjrymctnfixv/SourcePackages/checkouts/swift-collections/Sources/HashTreeCollections/HashNode/_HashSlot.swift (in target 'HashTreeCollections' from project 'swift-collections')
    cd /Users/steipete/Projects/CodeLooper
    

SwiftCompile normal arm64 /Users/steipete/Library/Developer/Xcode/DerivedData/CodeLooper-crrddjihwjtfkwegrjrymctnfixv/SourcePackages/checkouts/swift-collections/Sources/HashTreeCollections/HashNode/_HashStack.swift (in target 'HashTreeCollections' from project 'swift-collections')
    cd /Users/steipete/Projects/CodeLooper
    

SwiftCompile normal arm64 /Users/steipete/Library/Developer/Xcode/DerivedData/CodeLooper-crrddjihwjtfkwegrjrymctnfixv/SourcePackages/checkouts/swift-collections/Sources/HashTreeCollections/HashNode/_HashTreeIterator.swift (in target 'HashTreeCollections' from project 'swift-collections')
    cd /Users/steipete/Projects/CodeLooper
    

SwiftCompile normal arm64 /Users/steipete/Library/Developer/Xcode/DerivedData/CodeLooper-crrddjihwjtfkwegrjrymctnfixv/SourcePackages/checkouts/swift-collections/Sources/HashTreeCollections/HashNode/_HashTreeStatistics.swift (in target 'HashTreeCollections' from project 'swift-collections')
    cd /Users/steipete/Projects/CodeLooper
    

SwiftDriverJobDiscovery normal arm64 Compiling CurrencyTypes.swift, ErrorHandlingMiddleware.swift, HTTPBody.swift, ServerTransport.swift (in target 'OpenAPIRuntime' from project 'swift-openapi-runtime')

SwiftCompile normal arm64 Compiling\ _HashNode+Structural\ isEqualSet.swift,\ _HashNode+Structural\ isSubset.swift,\ _HashNode+Structural\ mapValues.swift,\ _HashNode+Structural\ merge.swift,\ _HashNode+Structural\ subtracting.swift,\ _HashNode+Structural\ symmetricDifference.swift /Users/steipete/Library/Developer/Xcode/DerivedData/CodeLooper-crrddjihwjtfkwegrjrymctnfixv/SourcePackages/checkouts/swift-collections/Sources/HashTreeCollections/HashNode/_HashNode+Structural\ isEqualSet.swift /Users/steipete/Library/Developer/Xcode/DerivedData/CodeLooper-crrddjihwjtfkwegrjrymctnfixv/SourcePackages/checkouts/swift-collections/Sources/HashTreeCollections/HashNode/_HashNode+Structural\ isSubset.swift /Users/steipete/Library/Developer/Xcode/DerivedData/CodeLooper-crrddjihwjtfkwegrjrymctnfixv/SourcePackages/checkouts/swift-collections/Sources/HashTreeCollections/HashNode/_HashNode+Structural\ mapValues.swift /Users/steipete/Library/Developer/Xcode/DerivedData/CodeLooper-crrddjihwjtfkwegrjrymctnfixv/SourcePackages/checkouts/swift-collections/Sources/HashTreeCollections/HashNode/_HashNode+Structural\ merge.swift /Users/steipete/Library/Developer/Xcode/DerivedData/CodeLooper-crrddjihwjtfkwegrjrymctnfixv/SourcePackages/checkouts/swift-collections/Sources/HashTreeCollections/HashNode/_HashNode+Structural\ subtracting.swift /Users/steipete/Library/Developer/Xcode/DerivedData/CodeLooper-crrddjihwjtfkwegrjrymctnfixv/SourcePackages/checkouts/swift-collections/Sources/HashTreeCollections/HashNode/_HashNode+Structural\ symmetricDifference.swift (in target 'HashTreeCollections' from project 'swift-collections')

SwiftCompile normal arm64 /Users/steipete/Library/Developer/Xcode/DerivedData/CodeLooper-crrddjihwjtfkwegrjrymctnfixv/SourcePackages/checkouts/swift-collections/Sources/HashTreeCollections/HashNode/_HashNode+Structural\ isEqualSet.swift (in target 'HashTreeCollections' from project 'swift-collections')
    cd /Users/steipete/Projects/CodeLooper
    

SwiftCompile normal arm64 /Users/steipete/Library/Developer/Xcode/DerivedData/CodeLooper-crrddjihwjtfkwegrjrymctnfixv/SourcePackages/checkouts/swift-collections/Sources/HashTreeCollections/HashNode/_HashNode+Structural\ isSubset.swift (in target 'HashTreeCollections' from project 'swift-collections')
    cd /Users/steipete/Projects/CodeLooper
    

SwiftCompile normal arm64 /Users/steipete/Library/Developer/Xcode/DerivedData/CodeLooper-crrddjihwjtfkwegrjrymctnfixv/SourcePackages/checkouts/swift-collections/Sources/HashTreeCollections/HashNode/_HashNode+Structural\ mapValues.swift (in target 'HashTreeCollections' from project 'swift-collections')
    cd /Users/steipete/Projects/CodeLooper
    

SwiftCompile normal arm64 /Users/steipete/Library/Developer/Xcode/DerivedData/CodeLooper-crrddjihwjtfkwegrjrymctnfixv/SourcePackages/checkouts/swift-collections/Sources/HashTreeCollections/HashNode/_HashNode+Structural\ merge.swift (in target 'HashTreeCollections' from project 'swift-collections')
    cd /Users/steipete/Projects/CodeLooper
    

SwiftCompile normal arm64 /Users/steipete/Library/Developer/Xcode/DerivedData/CodeLooper-crrddjihwjtfkwegrjrymctnfixv/SourcePackages/checkouts/swift-collections/Sources/HashTreeCollections/HashNode/_HashNode+Structural\ subtracting.swift (in target 'HashTreeCollections' from project 'swift-collections')
    cd /Users/steipete/Projects/CodeLooper
    

SwiftCompile normal arm64 /Users/steipete/Library/Developer/Xcode/DerivedData/CodeLooper-crrddjihwjtfkwegrjrymctnfixv/SourcePackages/checkouts/swift-collections/Sources/HashTreeCollections/HashNode/_HashNode+Structural\ symmetricDifference.swift (in target 'HashTreeCollections' from project 'swift-collections')
    cd /Users/steipete/Projects/CodeLooper
    

SwiftDriverJobDiscovery normal arm64 Compiling TreeSet+SetAlgebra isEqualSet.swift, TreeSet+SetAlgebra isStrictSubset.swift, TreeSet+SetAlgebra isStrictSuperset.swift, TreeSet+SetAlgebra isSubset.swift, TreeSet+SetAlgebra isSuperset.swift (in target 'HashTreeCollections' from project 'swift-collections')

SwiftCompile normal arm64 Compiling\ TreeDictionary+ExpressibleByDictionaryLiteral.swift,\ TreeDictionary+Filter.swift,\ TreeDictionary+Hashable.swift,\ TreeDictionary+Initializers.swift,\ TreeDictionary+Keys.swift /Users/steipete/Library/Developer/Xcode/DerivedData/CodeLooper-crrddjihwjtfkwegrjrymctnfixv/SourcePackages/checkouts/swift-collections/Sources/HashTreeCollections/TreeDictionary/TreeDictionary+ExpressibleByDictionaryLiteral.swift /Users/steipete/Library/Developer/Xcode/DerivedData/CodeLooper-crrddjihwjtfkwegrjrymctnfixv/SourcePackages/checkouts/swift-collections/Sources/HashTreeCollections/TreeDictionary/TreeDictionary+Filter.swift /Users/steipete/Library/Developer/Xcode/DerivedData/CodeLooper-crrddjihwjtfkwegrjrymctnfixv/SourcePackages/checkouts/swift-collections/Sources/HashTreeCollections/TreeDictionary/TreeDictionary+Hashable.swift /Users/steipete/Library/Developer/Xcode/DerivedData/CodeLooper-crrddjihwjtfkwegrjrymctnfixv/SourcePackages/checkouts/swift-collections/Sources/HashTreeCollections/TreeDictionary/TreeDictionary+Initializers.swift /Users/steipete/Library/Developer/Xcode/DerivedData/CodeLooper-crrddjihwjtfkwegrjrymctnfixv/SourcePackages/checkouts/swift-collections/Sources/HashTreeCollections/TreeDictionary/TreeDictionary+Keys.swift (in target 'HashTreeCollections' from project 'swift-collections')

SwiftCompile normal arm64 /Users/steipete/Library/Developer/Xcode/DerivedData/CodeLooper-crrddjihwjtfkwegrjrymctnfixv/SourcePackages/checkouts/swift-collections/Sources/HashTreeCollections/TreeDictionary/TreeDictionary+ExpressibleByDictionaryLiteral.swift (in target 'HashTreeCollections' from project 'swift-collections')
    cd /Users/steipete/Projects/CodeLooper
    

SwiftCompile normal arm64 /Users/steipete/Library/Developer/Xcode/DerivedData/CodeLooper-crrddjihwjtfkwegrjrymctnfixv/SourcePackages/checkouts/swift-collections/Sources/HashTreeCollections/TreeDictionary/TreeDictionary+Filter.swift (in target 'HashTreeCollections' from project 'swift-collections')
    cd /Users/steipete/Projects/CodeLooper
    

SwiftCompile normal arm64 /Users/steipete/Library/Developer/Xcode/DerivedData/CodeLooper-crrddjihwjtfkwegrjrymctnfixv/SourcePackages/checkouts/swift-collections/Sources/HashTreeCollections/TreeDictionary/TreeDictionary+Hashable.swift (in target 'HashTreeCollections' from project 'swift-collections')
    cd /Users/steipete/Projects/CodeLooper
    

SwiftCompile normal arm64 /Users/steipete/Library/Developer/Xcode/DerivedData/CodeLooper-crrddjihwjtfkwegrjrymctnfixv/SourcePackages/checkouts/swift-collections/Sources/HashTreeCollections/TreeDictionary/TreeDictionary+Initializers.swift (in target 'HashTreeCollections' from project 'swift-collections')
    cd /Users/steipete/Projects/CodeLooper
    

SwiftCompile normal arm64 /Users/steipete/Library/Developer/Xcode/DerivedData/CodeLooper-crrddjihwjtfkwegrjrymctnfixv/SourcePackages/checkouts/swift-collections/Sources/HashTreeCollections/TreeDictionary/TreeDictionary+Keys.swift (in target 'HashTreeCollections' from project 'swift-collections')
    cd /Users/steipete/Projects/CodeLooper
    

SwiftDriverJobDiscovery normal arm64 Compiling UniversalClient.swift, UniversalServer.swift, MultipartBoundaryGenerator.swift, MultipartBytesToFramesSequence.swift (in target 'OpenAPIRuntime' from project 'swift-openapi-runtime')

SwiftCompile normal arm64 Compiling\ TreeDictionary+MapValues.swift,\ TreeDictionary+Merge.swift,\ TreeDictionary+Sendable.swift,\ TreeDictionary+Sequence.swift,\ TreeDictionary+Values.swift /Users/steipete/Library/Developer/Xcode/DerivedData/CodeLooper-crrddjihwjtfkwegrjrymctnfixv/SourcePackages/checkouts/swift-collections/Sources/HashTreeCollections/TreeDictionary/TreeDictionary+MapValues.swift /Users/steipete/Library/Developer/Xcode/DerivedData/CodeLooper-crrddjihwjtfkwegrjrymctnfixv/SourcePackages/checkouts/swift-collections/Sources/HashTreeCollections/TreeDictionary/TreeDictionary+Merge.swift /Users/steipete/Library/Developer/Xcode/DerivedData/CodeLooper-crrddjihwjtfkwegrjrymctnfixv/SourcePackages/checkouts/swift-collections/Sources/HashTreeCollections/TreeDictionary/TreeDictionary+Sendable.swift /Users/steipete/Library/Developer/Xcode/DerivedData/CodeLooper-crrddjihwjtfkwegrjrymctnfixv/SourcePackages/checkouts/swift-collections/Sources/HashTreeCollections/TreeDictionary/TreeDictionary+Sequence.swift /Users/steipete/Library/Developer/Xcode/DerivedData/CodeLooper-crrddjihwjtfkwegrjrymctnfixv/SourcePackages/checkouts/swift-collections/Sources/HashTreeCollections/TreeDictionary/TreeDictionary+Values.swift (in target 'HashTreeCollections' from project 'swift-collections')

SwiftCompile normal arm64 /Users/steipete/Library/Developer/Xcode/DerivedData/CodeLooper-crrddjihwjtfkwegrjrymctnfixv/SourcePackages/checkouts/swift-collections/Sources/HashTreeCollections/TreeDictionary/TreeDictionary+MapValues.swift (in target 'HashTreeCollections' from project 'swift-collections')
    cd /Users/steipete/Projects/CodeLooper
    

SwiftCompile normal arm64 /Users/steipete/Library/Developer/Xcode/DerivedData/CodeLooper-crrddjihwjtfkwegrjrymctnfixv/SourcePackages/checkouts/swift-collections/Sources/HashTreeCollections/TreeDictionary/TreeDictionary+Merge.swift (in target 'HashTreeCollections' from project 'swift-collections')
    cd /Users/steipete/Projects/CodeLooper
    

SwiftCompile normal arm64 /Users/steipete/Library/Developer/Xcode/DerivedData/CodeLooper-crrddjihwjtfkwegrjrymctnfixv/SourcePackages/checkouts/swift-collections/Sources/HashTreeCollections/TreeDictionary/TreeDictionary+Sendable.swift (in target 'HashTreeCollections' from project 'swift-collections')
    cd /Users/steipete/Projects/CodeLooper
    

SwiftCompile normal arm64 /Users/steipete/Library/Developer/Xcode/DerivedData/CodeLooper-crrddjihwjtfkwegrjrymctnfixv/SourcePackages/checkouts/swift-collections/Sources/HashTreeCollections/TreeDictionary/TreeDictionary+Sequence.swift (in target 'HashTreeCollections' from project 'swift-collections')
    cd /Users/steipete/Projects/CodeLooper
    

SwiftCompile normal arm64 /Users/steipete/Library/Developer/Xcode/DerivedData/CodeLooper-crrddjihwjtfkwegrjrymctnfixv/SourcePackages/checkouts/swift-collections/Sources/HashTreeCollections/TreeDictionary/TreeDictionary+Values.swift (in target 'HashTreeCollections' from project 'swift-collections')
    cd /Users/steipete/Projects/CodeLooper
    

SwiftDriverJobDiscovery normal arm64 Compiling URIValueFromNodeDecoder.swift, URIEncoder.swift, URIValueToNodeEncoder+Keyed.swift, URIValueToNodeEncoder+Single.swift (in target 'OpenAPIRuntime' from project 'swift-openapi-runtime')

SwiftCompile normal arm64 Compiling\ _RawHashNode+UnsafeHandle.swift,\ _RawHashNode.swift,\ _UnmanagedHashNode.swift,\ _UnsafePath.swift,\ TreeDictionary+Codable.swift /Users/steipete/Library/Developer/Xcode/DerivedData/CodeLooper-crrddjihwjtfkwegrjrymctnfixv/SourcePackages/checkouts/swift-collections/Sources/HashTreeCollections/HashNode/_RawHashNode+UnsafeHandle.swift /Users/steipete/Library/Developer/Xcode/DerivedData/CodeLooper-crrddjihwjtfkwegrjrymctnfixv/SourcePackages/checkouts/swift-collections/Sources/HashTreeCollections/HashNode/_RawHashNode.swift /Users/steipete/Library/Developer/Xcode/DerivedData/CodeLooper-crrddjihwjtfkwegrjrymctnfixv/SourcePackages/checkouts/swift-collections/Sources/HashTreeCollections/HashNode/_UnmanagedHashNode.swift /Users/steipete/Library/Developer/Xcode/DerivedData/CodeLooper-crrddjihwjtfkwegrjrymctnfixv/SourcePackages/checkouts/swift-collections/Sources/HashTreeCollections/HashNode/_UnsafePath.swift /Users/steipete/Library/Developer/Xcode/DerivedData/CodeLooper-crrddjihwjtfkwegrjrymctnfixv/SourcePackages/checkouts/swift-collections/Sources/HashTreeCollections/TreeDictionary/TreeDictionary+Codable.swift (in target 'HashTreeCollections' from project 'swift-collections')

SwiftCompile normal arm64 /Users/steipete/Library/Developer/Xcode/DerivedData/CodeLooper-crrddjihwjtfkwegrjrymctnfixv/SourcePackages/checkouts/swift-collections/Sources/HashTreeCollections/HashNode/_RawHashNode+UnsafeHandle.swift (in target 'HashTreeCollections' from project 'swift-collections')
    cd /Users/steipete/Projects/CodeLooper
    

SwiftCompile normal arm64 /Users/steipete/Library/Developer/Xcode/DerivedData/CodeLooper-crrddjihwjtfkwegrjrymctnfixv/SourcePackages/checkouts/swift-collections/Sources/HashTreeCollections/HashNode/_RawHashNode.swift (in target 'HashTreeCollections' from project 'swift-collections')
    cd /Users/steipete/Projects/CodeLooper
    

SwiftCompile normal arm64 /Users/steipete/Library/Developer/Xcode/DerivedData/CodeLooper-crrddjihwjtfkwegrjrymctnfixv/SourcePackages/checkouts/swift-collections/Sources/HashTreeCollections/HashNode/_UnmanagedHashNode.swift (in target 'HashTreeCollections' from project 'swift-collections')
    cd /Users/steipete/Projects/CodeLooper
    

SwiftCompile normal arm64 /Users/steipete/Library/Developer/Xcode/DerivedData/CodeLooper-crrddjihwjtfkwegrjrymctnfixv/SourcePackages/checkouts/swift-collections/Sources/HashTreeCollections/HashNode/_UnsafePath.swift (in target 'HashTreeCollections' from project 'swift-collections')
    cd /Users/steipete/Projects/CodeLooper
    

SwiftCompile normal arm64 /Users/steipete/Library/Developer/Xcode/DerivedData/CodeLooper-crrddjihwjtfkwegrjrymctnfixv/SourcePackages/checkouts/swift-collections/Sources/HashTreeCollections/TreeDictionary/TreeDictionary+Codable.swift (in target 'HashTreeCollections' from project 'swift-collections')
    cd /Users/steipete/Projects/CodeLooper
    

SwiftDriverJobDiscovery normal arm64 Compiling TreeSet+Descriptions.swift, TreeSet+Equatable.swift, TreeSet+ExpressibleByArrayLiteral.swift, TreeSet+Extras.swift, TreeSet+Filter.swift (in target 'HashTreeCollections' from project 'swift-collections')

SwiftCompile normal arm64 Compiling\ TreeDictionary+Collection.swift,\ TreeDictionary+CustomReflectable.swift,\ TreeDictionary+Debugging.swift,\ TreeDictionary+Descriptions.swift,\ TreeDictionary+Equatable.swift /Users/steipete/Library/Developer/Xcode/DerivedData/CodeLooper-crrddjihwjtfkwegrjrymctnfixv/SourcePackages/checkouts/swift-collections/Sources/HashTreeCollections/TreeDictionary/TreeDictionary+Collection.swift /Users/steipete/Library/Developer/Xcode/DerivedData/CodeLooper-crrddjihwjtfkwegrjrymctnfixv/SourcePackages/checkouts/swift-collections/Sources/HashTreeCollections/TreeDictionary/TreeDictionary+CustomReflectable.swift /Users/steipete/Library/Developer/Xcode/DerivedData/CodeLooper-crrddjihwjtfkwegrjrymctnfixv/SourcePackages/checkouts/swift-collections/Sources/HashTreeCollections/TreeDictionary/TreeDictionary+Debugging.swift /Users/steipete/Library/Developer/Xcode/DerivedData/CodeLooper-crrddjihwjtfkwegrjrymctnfixv/SourcePackages/checkouts/swift-collections/Sources/HashTreeCollections/TreeDictionary/TreeDictionary+Descriptions.swift /Users/steipete/Library/Developer/Xcode/DerivedData/CodeLooper-crrddjihwjtfkwegrjrymctnfixv/SourcePackages/checkouts/swift-collections/Sources/HashTreeCollections/TreeDictionary/TreeDictionary+Equatable.swift (in target 'HashTreeCollections' from project 'swift-collections')

SwiftCompile normal arm64 /Users/steipete/Library/Developer/Xcode/DerivedData/CodeLooper-crrddjihwjtfkwegrjrymctnfixv/SourcePackages/checkouts/swift-collections/Sources/HashTreeCollections/TreeDictionary/TreeDictionary+Collection.swift (in target 'HashTreeCollections' from project 'swift-collections')
    cd /Users/steipete/Projects/CodeLooper
    

SwiftCompile normal arm64 /Users/steipete/Library/Developer/Xcode/DerivedData/CodeLooper-crrddjihwjtfkwegrjrymctnfixv/SourcePackages/checkouts/swift-collections/Sources/HashTreeCollections/TreeDictionary/TreeDictionary+CustomReflectable.swift (in target 'HashTreeCollections' from project 'swift-collections')
    cd /Users/steipete/Projects/CodeLooper
    

SwiftCompile normal arm64 /Users/steipete/Library/Developer/Xcode/DerivedData/CodeLooper-crrddjihwjtfkwegrjrymctnfixv/SourcePackages/checkouts/swift-collections/Sources/HashTreeCollections/TreeDictionary/TreeDictionary+Debugging.swift (in target 'HashTreeCollections' from project 'swift-collections')
    cd /Users/steipete/Projects/CodeLooper
    

SwiftCompile normal arm64 /Users/steipete/Library/Developer/Xcode/DerivedData/CodeLooper-crrddjihwjtfkwegrjrymctnfixv/SourcePackages/checkouts/swift-collections/Sources/HashTreeCollections/TreeDictionary/TreeDictionary+Descriptions.swift (in target 'HashTreeCollections' from project 'swift-collections')
    cd /Users/steipete/Projects/CodeLooper
    

SwiftCompile normal arm64 /Users/steipete/Library/Developer/Xcode/DerivedData/CodeLooper-crrddjihwjtfkwegrjrymctnfixv/SourcePackages/checkouts/swift-collections/Sources/HashTreeCollections/TreeDictionary/TreeDictionary+Equatable.swift (in target 'HashTreeCollections' from project 'swift-collections')
    cd /Users/steipete/Projects/CodeLooper
    

SwiftDriverJobDiscovery normal arm64 Compiling TreeSet+Hashable.swift, TreeSet+Sendable.swift, TreeSet+Sequence.swift, TreeSet+SetAlgebra Initializers.swift, TreeSet+SetAlgebra basics.swift (in target 'HashTreeCollections' from project 'swift-collections')

SwiftDriverJobDiscovery normal arm64 Compiling TreeSet+SetAlgebra formIntersection.swift, TreeSet+SetAlgebra formSymmetricDifference.swift, TreeSet+SetAlgebra formUnion.swift, TreeSet+SetAlgebra intersection.swift, TreeSet+SetAlgebra isDisjoint.swift (in target 'HashTreeCollections' from project 'swift-collections')

SwiftDriver\ Compilation DequeModule normal arm64 com.apple.xcode.tools.swift.compiler (in target 'DequeModule' from project 'swift-collections')
    cd /Users/steipete/Projects/CodeLooper
    builtin-Swift-Compilation -- /Applications/Xcode-beta.app/Contents/Developer/Toolchains/XcodeDefault.xctoolchain/usr/bin/swiftc -module-name DequeModule -Onone -enforce-exclusivity\=checked @/Users/steipete/Library/Developer/Xcode/DerivedData/CodeLooper-crrddjihwjtfkwegrjrymctnfixv/Build/Intermediates.noindex/swift-collections.build/Debug/DequeModule.build/Objects-normal/arm64/DequeModule.SwiftFileList -DSWIFT_PACKAGE -DDEBUG -DSWIFT_MODULE_RESOURCE_BUNDLE_UNAVAILABLE -DCOLLECTIONS_RANDOMIZED_TESTING -DXcode -plugin-path /Applications/Xcode-beta.app/Contents/Developer/Toolchains/XcodeDefault.xctoolchain/usr/lib/swift/host/plugins/testing -enable-experimental-feature DebugDescriptionMacro -sdk /Applications/Xcode-beta.app/Contents/Developer/Platforms/MacOSX.platform/Developer/SDKs/MacOSX26.0.sdk -target arm64-apple-macos10.13 -g -module-cache-path /Users/steipete/Library/Developer/Xcode/DerivedData/ModuleCache.noindex -Xfrontend -serialize-debugging-options -profile-coverage-mapping -profile-generate -enable-testing -suppress-warnings -index-store-path /Users/steipete/Library/Developer/Xcode/DerivedData/CodeLooper-crrddjihwjtfkwegrjrymctnfixv/Index.noindex/DataStore -swift-version 5 -I /Users/steipete/Library/Developer/Xcode/DerivedData/CodeLooper-crrddjihwjtfkwegrjrymctnfixv/Build/Products/Debug -I /Applications/Xcode-beta.app/Contents/Developer/Platforms/MacOSX.platform/Developer/usr/lib -F /Users/steipete/Library/Developer/Xcode/DerivedData/CodeLooper-crrddjihwjtfkwegrjrymctnfixv/Build/Products/Debug/PackageFrameworks -F /Users/steipete/Library/Developer/Xcode/DerivedData/CodeLooper-crrddjihwjtfkwegrjrymctnfixv/Build/Products/Debug -F /Applications/Xcode-beta.app/Contents/Developer/Platforms/MacOSX.platform/Developer/Library/Frameworks -c -j16 -enable-batch-mode -incremental -Xcc -ivfsstatcache -Xcc /Users/steipete/Library/Developer/Xcode/DerivedData/SDKStatCaches.noindex/macosx26.0-25A5279m-5d9328ff1a6613a11d359de947506b52.sdkstatcache -output-file-map /Users/steipete/Library/Developer/Xcode/DerivedData/CodeLooper-crrddjihwjtfkwegrjrymctnfixv/Build/Intermediates.noindex/swift-collections.build/Debug/DequeModule.build/Objects-normal/arm64/DequeModule-OutputFileMap.json -use-frontend-parseable-output -save-temps -no-color-diagnostics -explicit-module-build -module-cache-path /Users/steipete/Library/Developer/Xcode/DerivedData/CodeLooper-crrddjihwjtfkwegrjrymctnfixv/Build/Intermediates.noindex/SwiftExplicitPrecompiledModules -clang-scanner-module-cache-path /Users/steipete/Library/Developer/Xcode/DerivedData/ModuleCache.noindex -sdk-module-cache-path /Users/steipete/Library/Developer/Xcode/DerivedData/ModuleCache.noindex -serialize-diagnostics -emit-dependencies -emit-module -emit-module-path /Users/steipete/Library/Developer/Xcode/DerivedData/CodeLooper-crrddjihwjtfkwegrjrymctnfixv/Build/Intermediates.noindex/swift-collections.build/Debug/DequeModule.build/Objects-normal/arm64/DequeModule.swiftmodule -validate-clang-modules-once -clang-build-session-file /Users/steipete/Library/Developer/Xcode/DerivedData/ModuleCache.noindex/Session.modulevalidation -package-name swift_collections -Xcc -I/Users/steipete/Library/Developer/Xcode/DerivedData/CodeLooper-crrddjihwjtfkwegrjrymctnfixv/Build/Intermediates.noindex/swift-collections.build/Debug/DequeModule.build/swift-overrides.hmap -emit-const-values -Xfrontend -const-gather-protocols-file -Xfrontend /Users/steipete/Library/Developer/Xcode/DerivedData/CodeLooper-crrddjihwjtfkwegrjrymctnfixv/Build/Intermediates.noindex/swift-collections.build/Debug/DequeModule.build/Objects-normal/arm64/DequeModule_const_extract_protocols.json -Xcc -I/Users/steipete/Library/Developer/Xcode/DerivedData/CodeLooper-crrddjihwjtfkwegrjrymctnfixv/Build/Products/Debug/include -Xcc -I/Users/steipete/Library/Developer/Xcode/DerivedData/CodeLooper-crrddjihwjtfkwegrjrymctnfixv/Build/Intermediates.noindex/swift-collections.build/Debug/DequeModule.build/DerivedSources-normal/arm64 -Xcc -I/Users/steipete/Library/Developer/Xcode/DerivedData/CodeLooper-crrddjihwjtfkwegrjrymctnfixv/Build/Intermediates.noindex/swift-collections.build/Debug/DequeModule.build/DerivedSources/arm64 -Xcc -I/Users/steipete/Library/Developer/Xcode/DerivedData/CodeLooper-crrddjihwjtfkwegrjrymctnfixv/Build/Intermediates.noindex/swift-collections.build/Debug/DequeModule.build/DerivedSources -Xcc -DSWIFT_PACKAGE -Xcc -DDEBUG\=1 -emit-objc-header -emit-objc-header-path /Users/steipete/Library/Developer/Xcode/DerivedData/CodeLooper-crrddjihwjtfkwegrjrymctnfixv/Build/Intermediates.noindex/swift-collections.build/Debug/DequeModule.build/Objects-normal/arm64/DequeModule-Swift.h -working-directory /Users/steipete/Projects/CodeLooper -experimental-emit-module-separately -disable-cmo

SwiftCompile normal arm64 Compiling\ BitArray+RandomBits.swift,\ BitArray+RangeReplaceableCollection.swift,\ BitArray+Shifts.swift,\ BitArray+Testing.swift /Users/steipete/Library/Developer/Xcode/DerivedData/CodeLooper-crrddjihwjtfkwegrjrymctnfixv/SourcePackages/checkouts/swift-collections/Sources/BitCollections/BitArray/BitArray+RandomBits.swift /Users/steipete/Library/Developer/Xcode/DerivedData/CodeLooper-crrddjihwjtfkwegrjrymctnfixv/SourcePackages/checkouts/swift-collections/Sources/BitCollections/BitArray/BitArray+RangeReplaceableCollection.swift /Users/steipete/Library/Developer/Xcode/DerivedData/CodeLooper-crrddjihwjtfkwegrjrymctnfixv/SourcePackages/checkouts/swift-collections/Sources/BitCollections/BitArray/BitArray+Shifts.swift /Users/steipete/Library/Developer/Xcode/DerivedData/CodeLooper-crrddjihwjtfkwegrjrymctnfixv/SourcePackages/checkouts/swift-collections/Sources/BitCollections/BitArray/BitArray+Testing.swift (in target 'BitCollections' from project 'swift-collections')

SwiftCompile normal arm64 /Users/steipete/Library/Developer/Xcode/DerivedData/CodeLooper-crrddjihwjtfkwegrjrymctnfixv/SourcePackages/checkouts/swift-collections/Sources/BitCollections/BitArray/BitArray+RandomBits.swift (in target 'BitCollections' from project 'swift-collections')
    cd /Users/steipete/Projects/CodeLooper
    

SwiftCompile normal arm64 /Users/steipete/Library/Developer/Xcode/DerivedData/CodeLooper-crrddjihwjtfkwegrjrymctnfixv/SourcePackages/checkouts/swift-collections/Sources/BitCollections/BitArray/BitArray+RangeReplaceableCollection.swift (in target 'BitCollections' from project 'swift-collections')
    cd /Users/steipete/Projects/CodeLooper
    

SwiftCompile normal arm64 /Users/steipete/Library/Developer/Xcode/DerivedData/CodeLooper-crrddjihwjtfkwegrjrymctnfixv/SourcePackages/checkouts/swift-collections/Sources/BitCollections/BitArray/BitArray+Shifts.swift (in target 'BitCollections' from project 'swift-collections')
    cd /Users/steipete/Projects/CodeLooper
    

SwiftCompile normal arm64 /Users/steipete/Library/Developer/Xcode/DerivedData/CodeLooper-crrddjihwjtfkwegrjrymctnfixv/SourcePackages/checkouts/swift-collections/Sources/BitCollections/BitArray/BitArray+Testing.swift (in target 'BitCollections' from project 'swift-collections')
    cd /Users/steipete/Projects/CodeLooper
    

SwiftCompile normal arm64 Compiling\ Slice+Utilities.swift,\ UInt+Tricks.swift,\ _Word.swift /Users/steipete/Library/Developer/Xcode/DerivedData/CodeLooper-crrddjihwjtfkwegrjrymctnfixv/SourcePackages/checkouts/swift-collections/Sources/BitCollections/Shared/Slice+Utilities.swift /Users/steipete/Library/Developer/Xcode/DerivedData/CodeLooper-crrddjihwjtfkwegrjrymctnfixv/SourcePackages/checkouts/swift-collections/Sources/BitCollections/Shared/UInt+Tricks.swift /Users/steipete/Library/Developer/Xcode/DerivedData/CodeLooper-crrddjihwjtfkwegrjrymctnfixv/SourcePackages/checkouts/swift-collections/Sources/BitCollections/Shared/_Word.swift (in target 'BitCollections' from project 'swift-collections')

SwiftCompile normal arm64 /Users/steipete/Library/Developer/Xcode/DerivedData/CodeLooper-crrddjihwjtfkwegrjrymctnfixv/SourcePackages/checkouts/swift-collections/Sources/BitCollections/Shared/Slice+Utilities.swift (in target 'BitCollections' from project 'swift-collections')
    cd /Users/steipete/Projects/CodeLooper
    

SwiftCompile normal arm64 /Users/steipete/Library/Developer/Xcode/DerivedData/CodeLooper-crrddjihwjtfkwegrjrymctnfixv/SourcePackages/checkouts/swift-collections/Sources/BitCollections/Shared/UInt+Tricks.swift (in target 'BitCollections' from project 'swift-collections')
    cd /Users/steipete/Projects/CodeLooper
    

SwiftCompile normal arm64 /Users/steipete/Library/Developer/Xcode/DerivedData/CodeLooper-crrddjihwjtfkwegrjrymctnfixv/SourcePackages/checkouts/swift-collections/Sources/BitCollections/Shared/_Word.swift (in target 'BitCollections' from project 'swift-collections')
    cd /Users/steipete/Projects/CodeLooper
    

SwiftDriverJobDiscovery normal arm64 Compiling TreeSet+SetAlgebra subtract.swift, TreeSet+SetAlgebra subtracting.swift, TreeSet+SetAlgebra symmetricDifference.swift, TreeSet+SetAlgebra union.swift, TreeSet.swift (in target 'HashTreeCollections' from project 'swift-collections')

SwiftCompile normal arm64 Compiling\ BitSet+SetAlgebra\ subtracting.swift,\ BitSet+SetAlgebra\ symmetricDifference.swift,\ BitSet+SetAlgebra\ union.swift /Users/steipete/Library/Developer/Xcode/DerivedData/CodeLooper-crrddjihwjtfkwegrjrymctnfixv/SourcePackages/checkouts/swift-collections/Sources/BitCollections/BitSet/BitSet+SetAlgebra\ subtracting.swift /Users/steipete/Library/Developer/Xcode/DerivedData/CodeLooper-crrddjihwjtfkwegrjrymctnfixv/SourcePackages/checkouts/swift-collections/Sources/BitCollections/BitSet/BitSet+SetAlgebra\ symmetricDifference.swift /Users/steipete/Library/Developer/Xcode/DerivedData/CodeLooper-crrddjihwjtfkwegrjrymctnfixv/SourcePackages/checkouts/swift-collections/Sources/BitCollections/BitSet/BitSet+SetAlgebra\ union.swift (in target 'BitCollections' from project 'swift-collections')

SwiftCompile normal arm64 /Users/steipete/Library/Developer/Xcode/DerivedData/CodeLooper-crrddjihwjtfkwegrjrymctnfixv/SourcePackages/checkouts/swift-collections/Sources/BitCollections/BitSet/BitSet+SetAlgebra\ subtracting.swift (in target 'BitCollections' from project 'swift-collections')
    cd /Users/steipete/Projects/CodeLooper
    

SwiftCompile normal arm64 /Users/steipete/Library/Developer/Xcode/DerivedData/CodeLooper-crrddjihwjtfkwegrjrymctnfixv/SourcePackages/checkouts/swift-collections/Sources/BitCollections/BitSet/BitSet+SetAlgebra\ symmetricDifference.swift (in target 'BitCollections' from project 'swift-collections')
    cd /Users/steipete/Projects/CodeLooper
    

SwiftCompile normal arm64 /Users/steipete/Library/Developer/Xcode/DerivedData/CodeLooper-crrddjihwjtfkwegrjrymctnfixv/SourcePackages/checkouts/swift-collections/Sources/BitCollections/BitSet/BitSet+SetAlgebra\ union.swift (in target 'BitCollections' from project 'swift-collections')
    cd /Users/steipete/Projects/CodeLooper
    

SwiftDriverJobDiscovery normal arm64 Compiling MultipartFramesToBytesSequence.swift, MultipartFramesToRawPartsSequence.swift, MultipartInternalTypes.swift, MultipartPublicTypes.swift (in target 'OpenAPIRuntime' from project 'swift-openapi-runtime')

SwiftDriverJobDiscovery normal arm64 Compiling TreeDictionary.swift, TreeSet+Codable.swift, TreeSet+Collection.swift, TreeSet+CustomReflectable.swift, TreeSet+Debugging.swift (in target 'HashTreeCollections' from project 'swift-collections')

SwiftCompile normal arm64 Compiling\ BitArray+Copy.swift,\ BitArray+CustomReflectable.swift,\ BitArray+Descriptions.swift,\ BitArray+Equatable.swift /Users/steipete/Library/Developer/Xcode/DerivedData/CodeLooper-crrddjihwjtfkwegrjrymctnfixv/SourcePackages/checkouts/swift-collections/Sources/BitCollections/BitArray/BitArray+Copy.swift /Users/steipete/Library/Developer/Xcode/DerivedData/CodeLooper-crrddjihwjtfkwegrjrymctnfixv/SourcePackages/checkouts/swift-collections/Sources/BitCollections/BitArray/BitArray+CustomReflectable.swift /Users/steipete/Library/Developer/Xcode/DerivedData/CodeLooper-crrddjihwjtfkwegrjrymctnfixv/SourcePackages/checkouts/swift-collections/Sources/BitCollections/BitArray/BitArray+Descriptions.swift /Users/steipete/Library/Developer/Xcode/DerivedData/CodeLooper-crrddjihwjtfkwegrjrymctnfixv/SourcePackages/checkouts/swift-collections/Sources/BitCollections/BitArray/BitArray+Equatable.swift (in target 'BitCollections' from project 'swift-collections')

SwiftCompile normal arm64 /Users/steipete/Library/Developer/Xcode/DerivedData/CodeLooper-crrddjihwjtfkwegrjrymctnfixv/SourcePackages/checkouts/swift-collections/Sources/BitCollections/BitArray/BitArray+Copy.swift (in target 'BitCollections' from project 'swift-collections')
    cd /Users/steipete/Projects/CodeLooper
    

SwiftCompile normal arm64 /Users/steipete/Library/Developer/Xcode/DerivedData/CodeLooper-crrddjihwjtfkwegrjrymctnfixv/SourcePackages/checkouts/swift-collections/Sources/BitCollections/BitArray/BitArray+CustomReflectable.swift (in target 'BitCollections' from project 'swift-collections')
    cd /Users/steipete/Projects/CodeLooper
    

SwiftCompile normal arm64 /Users/steipete/Library/Developer/Xcode/DerivedData/CodeLooper-crrddjihwjtfkwegrjrymctnfixv/SourcePackages/checkouts/swift-collections/Sources/BitCollections/BitArray/BitArray+Descriptions.swift (in target 'BitCollections' from project 'swift-collections')
    cd /Users/steipete/Projects/CodeLooper
    

SwiftCompile normal arm64 /Users/steipete/Library/Developer/Xcode/DerivedData/CodeLooper-crrddjihwjtfkwegrjrymctnfixv/SourcePackages/checkouts/swift-collections/Sources/BitCollections/BitArray/BitArray+Equatable.swift (in target 'BitCollections' from project 'swift-collections')
    cd /Users/steipete/Projects/CodeLooper
    

SwiftCompile normal arm64 Compiling\ BitSet+SetAlgebra\ formIntersection.swift,\ BitSet+SetAlgebra\ formSymmetricDifference.swift,\ BitSet+SetAlgebra\ formUnion.swift,\ BitSet+SetAlgebra\ intersection.swift /Users/steipete/Library/Developer/Xcode/DerivedData/CodeLooper-crrddjihwjtfkwegrjrymctnfixv/SourcePackages/checkouts/swift-collections/Sources/BitCollections/BitSet/BitSet+SetAlgebra\ formIntersection.swift /Users/steipete/Library/Developer/Xcode/DerivedData/CodeLooper-crrddjihwjtfkwegrjrymctnfixv/SourcePackages/checkouts/swift-collections/Sources/BitCollections/BitSet/BitSet+SetAlgebra\ formSymmetricDifference.swift /Users/steipete/Library/Developer/Xcode/DerivedData/CodeLooper-crrddjihwjtfkwegrjrymctnfixv/SourcePackages/checkouts/swift-collections/Sources/BitCollections/BitSet/BitSet+SetAlgebra\ formUnion.swift /Users/steipete/Library/Developer/Xcode/DerivedData/CodeLooper-crrddjihwjtfkwegrjrymctnfixv/SourcePackages/checkouts/swift-collections/Sources/BitCollections/BitSet/BitSet+SetAlgebra\ intersection.swift (in target 'BitCollections' from project 'swift-collections')

SwiftCompile normal arm64 /Users/steipete/Library/Developer/Xcode/DerivedData/CodeLooper-crrddjihwjtfkwegrjrymctnfixv/SourcePackages/checkouts/swift-collections/Sources/BitCollections/BitSet/BitSet+SetAlgebra\ formIntersection.swift (in target 'BitCollections' from project 'swift-collections')
    cd /Users/steipete/Projects/CodeLooper
    

SwiftCompile normal arm64 /Users/steipete/Library/Developer/Xcode/DerivedData/CodeLooper-crrddjihwjtfkwegrjrymctnfixv/SourcePackages/checkouts/swift-collections/Sources/BitCollections/BitSet/BitSet+SetAlgebra\ formSymmetricDifference.swift (in target 'BitCollections' from project 'swift-collections')
    cd /Users/steipete/Projects/CodeLooper
    

SwiftCompile normal arm64 /Users/steipete/Library/Developer/Xcode/DerivedData/CodeLooper-crrddjihwjtfkwegrjrymctnfixv/SourcePackages/checkouts/swift-collections/Sources/BitCollections/BitSet/BitSet+SetAlgebra\ formUnion.swift (in target 'BitCollections' from project 'swift-collections')
    cd /Users/steipete/Projects/CodeLooper
    

SwiftCompile normal arm64 /Users/steipete/Library/Developer/Xcode/DerivedData/CodeLooper-crrddjihwjtfkwegrjrymctnfixv/SourcePackages/checkouts/swift-collections/Sources/BitCollections/BitSet/BitSet+SetAlgebra\ intersection.swift (in target 'BitCollections' from project 'swift-collections')
    cd /Users/steipete/Projects/CodeLooper
    

SwiftDriverJobDiscovery normal arm64 Compiling TreeDictionary+MapValues.swift, TreeDictionary+Merge.swift, TreeDictionary+Sendable.swift, TreeDictionary+Sequence.swift, TreeDictionary+Values.swift (in target 'HashTreeCollections' from project 'swift-collections')

SwiftCompile normal arm64 Compiling\ BitSet+Invariants.swift,\ BitSet+Random.swift,\ BitSet+SetAlgebra\ basics.swift,\ BitSet+SetAlgebra\ conformance.swift /Users/steipete/Library/Developer/Xcode/DerivedData/CodeLooper-crrddjihwjtfkwegrjrymctnfixv/SourcePackages/checkouts/swift-collections/Sources/BitCollections/BitSet/BitSet+Invariants.swift /Users/steipete/Library/Developer/Xcode/DerivedData/CodeLooper-crrddjihwjtfkwegrjrymctnfixv/SourcePackages/checkouts/swift-collections/Sources/BitCollections/BitSet/BitSet+Random.swift /Users/steipete/Library/Developer/Xcode/DerivedData/CodeLooper-crrddjihwjtfkwegrjrymctnfixv/SourcePackages/checkouts/swift-collections/Sources/BitCollections/BitSet/BitSet+SetAlgebra\ basics.swift /Users/steipete/Library/Developer/Xcode/DerivedData/CodeLooper-crrddjihwjtfkwegrjrymctnfixv/SourcePackages/checkouts/swift-collections/Sources/BitCollections/BitSet/BitSet+SetAlgebra\ conformance.swift (in target 'BitCollections' from project 'swift-collections')

SwiftCompile normal arm64 /Users/steipete/Library/Developer/Xcode/DerivedData/CodeLooper-crrddjihwjtfkwegrjrymctnfixv/SourcePackages/checkouts/swift-collections/Sources/BitCollections/BitSet/BitSet+Invariants.swift (in target 'BitCollections' from project 'swift-collections')
    cd /Users/steipete/Projects/CodeLooper
    

SwiftCompile normal arm64 /Users/steipete/Library/Developer/Xcode/DerivedData/CodeLooper-crrddjihwjtfkwegrjrymctnfixv/SourcePackages/checkouts/swift-collections/Sources/BitCollections/BitSet/BitSet+Random.swift (in target 'BitCollections' from project 'swift-collections')
    cd /Users/steipete/Projects/CodeLooper
    

SwiftCompile normal arm64 /Users/steipete/Library/Developer/Xcode/DerivedData/CodeLooper-crrddjihwjtfkwegrjrymctnfixv/SourcePackages/checkouts/swift-collections/Sources/BitCollections/BitSet/BitSet+SetAlgebra\ basics.swift (in target 'BitCollections' from project 'swift-collections')
    cd /Users/steipete/Projects/CodeLooper
    

SwiftCompile normal arm64 /Users/steipete/Library/Developer/Xcode/DerivedData/CodeLooper-crrddjihwjtfkwegrjrymctnfixv/SourcePackages/checkouts/swift-collections/Sources/BitCollections/BitSet/BitSet+SetAlgebra\ conformance.swift (in target 'BitCollections' from project 'swift-collections')
    cd /Users/steipete/Projects/CodeLooper
    

SwiftDriverJobDiscovery normal arm64 Compiling URIValueToNodeEncoder+Unkeyed.swift, URIValueToNodeEncoder.swift, URIParser.swift, URISerializer.swift (in target 'OpenAPIRuntime' from project 'swift-openapi-runtime')

SwiftCompile normal arm64 Compiling\ BitArray+BitwiseOperations.swift,\ BitArray+ChunkedBitsIterators.swift,\ BitArray+Codable.swift,\ BitArray+Collection.swift /Users/steipete/Library/Developer/Xcode/DerivedData/CodeLooper-crrddjihwjtfkwegrjrymctnfixv/SourcePackages/checkouts/swift-collections/Sources/BitCollections/BitArray/BitArray+BitwiseOperations.swift /Users/steipete/Library/Developer/Xcode/DerivedData/CodeLooper-crrddjihwjtfkwegrjrymctnfixv/SourcePackages/checkouts/swift-collections/Sources/BitCollections/BitArray/BitArray+ChunkedBitsIterators.swift /Users/steipete/Library/Developer/Xcode/DerivedData/CodeLooper-crrddjihwjtfkwegrjrymctnfixv/SourcePackages/checkouts/swift-collections/Sources/BitCollections/BitArray/BitArray+Codable.swift /Users/steipete/Library/Developer/Xcode/DerivedData/CodeLooper-crrddjihwjtfkwegrjrymctnfixv/SourcePackages/checkouts/swift-collections/Sources/BitCollections/BitArray/BitArray+Collection.swift (in target 'BitCollections' from project 'swift-collections')

SwiftCompile normal arm64 /Users/steipete/Library/Developer/Xcode/DerivedData/CodeLooper-crrddjihwjtfkwegrjrymctnfixv/SourcePackages/checkouts/swift-collections/Sources/BitCollections/BitArray/BitArray+BitwiseOperations.swift (in target 'BitCollections' from project 'swift-collections')
    cd /Users/steipete/Projects/CodeLooper
    

SwiftCompile normal arm64 /Users/steipete/Library/Developer/Xcode/DerivedData/CodeLooper-crrddjihwjtfkwegrjrymctnfixv/SourcePackages/checkouts/swift-collections/Sources/BitCollections/BitArray/BitArray+ChunkedBitsIterators.swift (in target 'BitCollections' from project 'swift-collections')
    cd /Users/steipete/Projects/CodeLooper
    

SwiftCompile normal arm64 /Users/steipete/Library/Developer/Xcode/DerivedData/CodeLooper-crrddjihwjtfkwegrjrymctnfixv/SourcePackages/checkouts/swift-collections/Sources/BitCollections/BitArray/BitArray+Codable.swift (in target 'BitCollections' from project 'swift-collections')
    cd /Users/steipete/Projects/CodeLooper
    

SwiftCompile normal arm64 /Users/steipete/Library/Developer/Xcode/DerivedData/CodeLooper-crrddjihwjtfkwegrjrymctnfixv/SourcePackages/checkouts/swift-collections/Sources/BitCollections/BitArray/BitArray+Collection.swift (in target 'BitCollections' from project 'swift-collections')
    cd /Users/steipete/Projects/CodeLooper
    

SwiftDriverJobDiscovery normal arm64 Compiling TreeDictionary+Collection.swift, TreeDictionary+CustomReflectable.swift, TreeDictionary+Debugging.swift, TreeDictionary+Descriptions.swift, TreeDictionary+Equatable.swift (in target 'HashTreeCollections' from project 'swift-collections')

SwiftCompile normal arm64 Compiling\ BitSet+Sorted\ Collection\ APIs.swift,\ BitSet.Counted.swift,\ BitSet.Index.swift /Users/steipete/Library/Developer/Xcode/DerivedData/CodeLooper-crrddjihwjtfkwegrjrymctnfixv/SourcePackages/checkouts/swift-collections/Sources/BitCollections/BitSet/BitSet+Sorted\ Collection\ APIs.swift /Users/steipete/Library/Developer/Xcode/DerivedData/CodeLooper-crrddjihwjtfkwegrjrymctnfixv/SourcePackages/checkouts/swift-collections/Sources/BitCollections/BitSet/BitSet.Counted.swift /Users/steipete/Library/Developer/Xcode/DerivedData/CodeLooper-crrddjihwjtfkwegrjrymctnfixv/SourcePackages/checkouts/swift-collections/Sources/BitCollections/BitSet/BitSet.Index.swift (in target 'BitCollections' from project 'swift-collections')

SwiftCompile normal arm64 /Users/steipete/Library/Developer/Xcode/DerivedData/CodeLooper-crrddjihwjtfkwegrjrymctnfixv/SourcePackages/checkouts/swift-collections/Sources/BitCollections/BitSet/BitSet+Sorted\ Collection\ APIs.swift (in target 'BitCollections' from project 'swift-collections')
    cd /Users/steipete/Projects/CodeLooper
    

SwiftCompile normal arm64 /Users/steipete/Library/Developer/Xcode/DerivedData/CodeLooper-crrddjihwjtfkwegrjrymctnfixv/SourcePackages/checkouts/swift-collections/Sources/BitCollections/BitSet/BitSet.Counted.swift (in target 'BitCollections' from project 'swift-collections')
    cd /Users/steipete/Projects/CodeLooper
    

SwiftCompile normal arm64 /Users/steipete/Library/Developer/Xcode/DerivedData/CodeLooper-crrddjihwjtfkwegrjrymctnfixv/SourcePackages/checkouts/swift-collections/Sources/BitCollections/BitSet/BitSet.Index.swift (in target 'BitCollections' from project 'swift-collections')
    cd /Users/steipete/Projects/CodeLooper
    

SwiftDriverJobDiscovery normal arm64 Compiling TreeDictionary+ExpressibleByDictionaryLiteral.swift, TreeDictionary+Filter.swift, TreeDictionary+Hashable.swift, TreeDictionary+Initializers.swift, TreeDictionary+Keys.swift (in target 'HashTreeCollections' from project 'swift-collections')

SwiftCompile normal arm64 Compiling\ BitSet+SetAlgebra\ isDisjoint.swift,\ BitSet+SetAlgebra\ isEqualSet.swift,\ BitSet+SetAlgebra\ isStrictSubset.swift,\ BitSet+SetAlgebra\ isStrictSuperset.swift /Users/steipete/Library/Developer/Xcode/DerivedData/CodeLooper-crrddjihwjtfkwegrjrymctnfixv/SourcePackages/checkouts/swift-collections/Sources/BitCollections/BitSet/BitSet+SetAlgebra\ isDisjoint.swift /Users/steipete/Library/Developer/Xcode/DerivedData/CodeLooper-crrddjihwjtfkwegrjrymctnfixv/SourcePackages/checkouts/swift-collections/Sources/BitCollections/BitSet/BitSet+SetAlgebra\ isEqualSet.swift /Users/steipete/Library/Developer/Xcode/DerivedData/CodeLooper-crrddjihwjtfkwegrjrymctnfixv/SourcePackages/checkouts/swift-collections/Sources/BitCollections/BitSet/BitSet+SetAlgebra\ isStrictSubset.swift /Users/steipete/Library/Developer/Xcode/DerivedData/CodeLooper-crrddjihwjtfkwegrjrymctnfixv/SourcePackages/checkouts/swift-collections/Sources/BitCollections/BitSet/BitSet+SetAlgebra\ isStrictSuperset.swift (in target 'BitCollections' from project 'swift-collections')

SwiftCompile normal arm64 /Users/steipete/Library/Developer/Xcode/DerivedData/CodeLooper-crrddjihwjtfkwegrjrymctnfixv/SourcePackages/checkouts/swift-collections/Sources/BitCollections/BitSet/BitSet+SetAlgebra\ isDisjoint.swift (in target 'BitCollections' from project 'swift-collections')
    cd /Users/steipete/Projects/CodeLooper
    

SwiftCompile normal arm64 /Users/steipete/Library/Developer/Xcode/DerivedData/CodeLooper-crrddjihwjtfkwegrjrymctnfixv/SourcePackages/checkouts/swift-collections/Sources/BitCollections/BitSet/BitSet+SetAlgebra\ isEqualSet.swift (in target 'BitCollections' from project 'swift-collections')
    cd /Users/steipete/Projects/CodeLooper
    

SwiftCompile normal arm64 /Users/steipete/Library/Developer/Xcode/DerivedData/CodeLooper-crrddjihwjtfkwegrjrymctnfixv/SourcePackages/checkouts/swift-collections/Sources/BitCollections/BitSet/BitSet+SetAlgebra\ isStrictSubset.swift (in target 'BitCollections' from project 'swift-collections')
    cd /Users/steipete/Projects/CodeLooper
    

SwiftCompile normal arm64 /Users/steipete/Library/Developer/Xcode/DerivedData/CodeLooper-crrddjihwjtfkwegrjrymctnfixv/SourcePackages/checkouts/swift-collections/Sources/BitCollections/BitSet/BitSet+SetAlgebra\ isStrictSuperset.swift (in target 'BitCollections' from project 'swift-collections')
    cd /Users/steipete/Projects/CodeLooper
    

SwiftDriverJobDiscovery normal arm64 Compiling BitSet+SetAlgebra subtracting.swift, BitSet+SetAlgebra symmetricDifference.swift, BitSet+SetAlgebra union.swift (in target 'BitCollections' from project 'swift-collections')

SwiftCompile normal arm64 Compiling\ BitSet+SetAlgebra\ isSubset.swift,\ BitSet+SetAlgebra\ isSuperset.swift,\ BitSet+SetAlgebra\ subtract.swift /Users/steipete/Library/Developer/Xcode/DerivedData/CodeLooper-crrddjihwjtfkwegrjrymctnfixv/SourcePackages/checkouts/swift-collections/Sources/BitCollections/BitSet/BitSet+SetAlgebra\ isSubset.swift /Users/steipete/Library/Developer/Xcode/DerivedData/CodeLooper-crrddjihwjtfkwegrjrymctnfixv/SourcePackages/checkouts/swift-collections/Sources/BitCollections/BitSet/BitSet+SetAlgebra\ isSuperset.swift /Users/steipete/Library/Developer/Xcode/DerivedData/CodeLooper-crrddjihwjtfkwegrjrymctnfixv/SourcePackages/checkouts/swift-collections/Sources/BitCollections/BitSet/BitSet+SetAlgebra\ subtract.swift (in target 'BitCollections' from project 'swift-collections')

SwiftCompile normal arm64 /Users/steipete/Library/Developer/Xcode/DerivedData/CodeLooper-crrddjihwjtfkwegrjrymctnfixv/SourcePackages/checkouts/swift-collections/Sources/BitCollections/BitSet/BitSet+SetAlgebra\ isSubset.swift (in target 'BitCollections' from project 'swift-collections')
    cd /Users/steipete/Projects/CodeLooper
    

SwiftCompile normal arm64 /Users/steipete/Library/Developer/Xcode/DerivedData/CodeLooper-crrddjihwjtfkwegrjrymctnfixv/SourcePackages/checkouts/swift-collections/Sources/BitCollections/BitSet/BitSet+SetAlgebra\ isSuperset.swift (in target 'BitCollections' from project 'swift-collections')
    cd /Users/steipete/Projects/CodeLooper
    

SwiftCompile normal arm64 /Users/steipete/Library/Developer/Xcode/DerivedData/CodeLooper-crrddjihwjtfkwegrjrymctnfixv/SourcePackages/checkouts/swift-collections/Sources/BitCollections/BitSet/BitSet+SetAlgebra\ subtract.swift (in target 'BitCollections' from project 'swift-collections')
    cd /Users/steipete/Projects/CodeLooper
    

SwiftCompile normal arm64 Compiling\ BitSet._UnsafeHandle.swift,\ BitSet.swift,\ Range+Utilities.swift /Users/steipete/Library/Developer/Xcode/DerivedData/CodeLooper-crrddjihwjtfkwegrjrymctnfixv/SourcePackages/checkouts/swift-collections/Sources/BitCollections/BitSet/BitSet._UnsafeHandle.swift /Users/steipete/Library/Developer/Xcode/DerivedData/CodeLooper-crrddjihwjtfkwegrjrymctnfixv/SourcePackages/checkouts/swift-collections/Sources/BitCollections/BitSet/BitSet.swift /Users/steipete/Library/Developer/Xcode/DerivedData/CodeLooper-crrddjihwjtfkwegrjrymctnfixv/SourcePackages/checkouts/swift-collections/Sources/BitCollections/Shared/Range+Utilities.swift (in target 'BitCollections' from project 'swift-collections')

SwiftCompile normal arm64 /Users/steipete/Library/Developer/Xcode/DerivedData/CodeLooper-crrddjihwjtfkwegrjrymctnfixv/SourcePackages/checkouts/swift-collections/Sources/BitCollections/BitSet/BitSet._UnsafeHandle.swift (in target 'BitCollections' from project 'swift-collections')
    cd /Users/steipete/Projects/CodeLooper
    

SwiftCompile normal arm64 /Users/steipete/Library/Developer/Xcode/DerivedData/CodeLooper-crrddjihwjtfkwegrjrymctnfixv/SourcePackages/checkouts/swift-collections/Sources/BitCollections/BitSet/BitSet.swift (in target 'BitCollections' from project 'swift-collections')
    cd /Users/steipete/Projects/CodeLooper
    

SwiftCompile normal arm64 /Users/steipete/Library/Developer/Xcode/DerivedData/CodeLooper-crrddjihwjtfkwegrjrymctnfixv/SourcePackages/checkouts/swift-collections/Sources/BitCollections/Shared/Range+Utilities.swift (in target 'BitCollections' from project 'swift-collections')
    cd /Users/steipete/Projects/CodeLooper
    

SwiftDriverJobDiscovery normal arm64 Compiling ServerSentEventsDecoding.swift, ServerSentEventsEncoding.swift, AsyncSequenceCommon.swift, ClientTransport.swift (in target 'OpenAPIRuntime' from project 'swift-openapi-runtime')

SwiftDriverJobDiscovery normal arm64 Compiling Slice+Utilities.swift, UInt+Tricks.swift, _Word.swift (in target 'BitCollections' from project 'swift-collections')

SwiftDriverJobDiscovery normal arm64 Compiling BitSet+SetAlgebra formIntersection.swift, BitSet+SetAlgebra formSymmetricDifference.swift, BitSet+SetAlgebra formUnion.swift, BitSet+SetAlgebra intersection.swift (in target 'BitCollections' from project 'swift-collections')

SwiftDriver\ Compilation OpenAPIRuntime normal arm64 com.apple.xcode.tools.swift.compiler (in target 'OpenAPIRuntime' from project 'swift-openapi-runtime')
    cd /Users/steipete/Projects/CodeLooper
    builtin-Swift-Compilation -- /Applications/Xcode-beta.app/Contents/Developer/Toolchains/XcodeDefault.xctoolchain/usr/bin/swiftc -module-name OpenAPIRuntime -Onone -enforce-exclusivity\=checked @/Users/steipete/Library/Developer/Xcode/DerivedData/CodeLooper-crrddjihwjtfkwegrjrymctnfixv/Build/Intermediates.noindex/swift-openapi-runtime.build/Debug/OpenAPIRuntime.build/Objects-normal/arm64/OpenAPIRuntime.SwiftFileList -DSWIFT_PACKAGE -DDEBUG -DSWIFT_MODULE_RESOURCE_BUNDLE_UNAVAILABLE -DXcode -enable-upcoming-feature ExistentialAny -enable-upcoming-feature MemberImportVisibility -plugin-path /Applications/Xcode-beta.app/Contents/Developer/Toolchains/XcodeDefault.xctoolchain/usr/lib/swift/host/plugins/testing -enable-experimental-feature DebugDescriptionMacro -sdk /Applications/Xcode-beta.app/Contents/Developer/Platforms/MacOSX.platform/Developer/SDKs/MacOSX26.0.sdk -target arm64-apple-macos10.15 -g -module-cache-path /Users/steipete/Library/Developer/Xcode/DerivedData/ModuleCache.noindex -Xfrontend -serialize-debugging-options -profile-coverage-mapping -profile-generate -enable-testing -suppress-warnings -index-store-path /Users/steipete/Library/Developer/Xcode/DerivedData/CodeLooper-crrddjihwjtfkwegrjrymctnfixv/Index.noindex/DataStore -swift-version 5 -I /Users/steipete/Library/Developer/Xcode/DerivedData/CodeLooper-crrddjihwjtfkwegrjrymctnfixv/Build/Products/Debug -I /Applications/Xcode-beta.app/Contents/Developer/Platforms/MacOSX.platform/Developer/usr/lib -F /Users/steipete/Library/Developer/Xcode/DerivedData/CodeLooper-crrddjihwjtfkwegrjrymctnfixv/Build/Products/Debug/PackageFrameworks -F /Users/steipete/Library/Developer/Xcode/DerivedData/CodeLooper-crrddjihwjtfkwegrjrymctnfixv/Build/Products/Debug -F /Applications/Xcode-beta.app/Contents/Developer/Platforms/MacOSX.platform/Developer/Library/Frameworks -c -j16 -enable-batch-mode -incremental -Xcc -ivfsstatcache -Xcc /Users/steipete/Library/Developer/Xcode/DerivedData/SDKStatCaches.noindex/macosx26.0-25A5279m-5d9328ff1a6613a11d359de947506b52.sdkstatcache -output-file-map /Users/steipete/Library/Developer/Xcode/DerivedData/CodeLooper-crrddjihwjtfkwegrjrymctnfixv/Build/Intermediates.noindex/swift-openapi-runtime.build/Debug/OpenAPIRuntime.build/Objects-normal/arm64/OpenAPIRuntime-OutputFileMap.json -use-frontend-parseable-output -save-temps -no-color-diagnostics -explicit-module-build -module-cache-path /Users/steipete/Library/Developer/Xcode/DerivedData/CodeLooper-crrddjihwjtfkwegrjrymctnfixv/Build/Intermediates.noindex/SwiftExplicitPrecompiledModules -clang-scanner-module-cache-path /Users/steipete/Library/Developer/Xcode/DerivedData/ModuleCache.noindex -sdk-module-cache-path /Users/steipete/Library/Developer/Xcode/DerivedData/ModuleCache.noindex -serialize-diagnostics -emit-dependencies -emit-module -emit-module-path /Users/steipete/Library/Developer/Xcode/DerivedData/CodeLooper-crrddjihwjtfkwegrjrymctnfixv/Build/Intermediates.noindex/swift-openapi-runtime.build/Debug/OpenAPIRuntime.build/Objects-normal/arm64/OpenAPIRuntime.swiftmodule -validate-clang-modules-once -clang-build-session-file /Users/steipete/Library/Developer/Xcode/DerivedData/ModuleCache.noindex/Session.modulevalidation -package-name swift_openapi_runtime -Xcc -I/Users/steipete/Library/Developer/Xcode/DerivedData/CodeLooper-crrddjihwjtfkwegrjrymctnfixv/Build/Intermediates.noindex/swift-openapi-runtime.build/Debug/OpenAPIRuntime.build/swift-overrides.hmap -emit-const-values -Xfrontend -const-gather-protocols-file -Xfrontend /Users/steipete/Library/Developer/Xcode/DerivedData/CodeLooper-crrddjihwjtfkwegrjrymctnfixv/Build/Intermediates.noindex/swift-openapi-runtime.build/Debug/OpenAPIRuntime.build/Objects-normal/arm64/OpenAPIRuntime_const_extract_protocols.json -Xcc -I/Users/steipete/Library/Developer/Xcode/DerivedData/CodeLooper-crrddjihwjtfkwegrjrymctnfixv/Build/Products/Debug/include -Xcc -I/Users/steipete/Library/Developer/Xcode/DerivedData/CodeLooper-crrddjihwjtfkwegrjrymctnfixv/Build/Intermediates.noindex/swift-openapi-runtime.build/Debug/OpenAPIRuntime.build/DerivedSources-normal/arm64 -Xcc -I/Users/steipete/Library/Developer/Xcode/DerivedData/CodeLooper-crrddjihwjtfkwegrjrymctnfixv/Build/Intermediates.noindex/swift-openapi-runtime.build/Debug/OpenAPIRuntime.build/DerivedSources/arm64 -Xcc -I/Users/steipete/Library/Developer/Xcode/DerivedData/CodeLooper-crrddjihwjtfkwegrjrymctnfixv/Build/Intermediates.noindex/swift-openapi-runtime.build/Debug/OpenAPIRuntime.build/DerivedSources -Xcc -DSWIFT_PACKAGE -Xcc -DDEBUG\=1 -emit-objc-header -emit-objc-header-path /Users/steipete/Library/Developer/Xcode/DerivedData/CodeLooper-crrddjihwjtfkwegrjrymctnfixv/Build/Intermediates.noindex/swift-openapi-runtime.build/Debug/OpenAPIRuntime.build/Objects-normal/arm64/OpenAPIRuntime-Swift.h -working-directory /Users/steipete/Projects/CodeLooper -experimental-emit-module-separately -disable-cmo

SwiftCompile normal arm64 Compiling\ BitArray+Hashable.swift,\ BitArray+Initializers.swift,\ BitArray+Invariants.swift,\ BitArray+LosslessStringConvertible.swift /Users/steipete/Library/Developer/Xcode/DerivedData/CodeLooper-crrddjihwjtfkwegrjrymctnfixv/SourcePackages/checkouts/swift-collections/Sources/BitCollections/BitArray/BitArray+Hashable.swift /Users/steipete/Library/Developer/Xcode/DerivedData/CodeLooper-crrddjihwjtfkwegrjrymctnfixv/SourcePackages/checkouts/swift-collections/Sources/BitCollections/BitArray/BitArray+Initializers.swift /Users/steipete/Library/Developer/Xcode/DerivedData/CodeLooper-crrddjihwjtfkwegrjrymctnfixv/SourcePackages/checkouts/swift-collections/Sources/BitCollections/BitArray/BitArray+Invariants.swift /Users/steipete/Library/Developer/Xcode/DerivedData/CodeLooper-crrddjihwjtfkwegrjrymctnfixv/SourcePackages/checkouts/swift-collections/Sources/BitCollections/BitArray/BitArray+LosslessStringConvertible.swift (in target 'BitCollections' from project 'swift-collections')

SwiftCompile normal arm64 /Users/steipete/Library/Developer/Xcode/DerivedData/CodeLooper-crrddjihwjtfkwegrjrymctnfixv/SourcePackages/checkouts/swift-collections/Sources/BitCollections/BitArray/BitArray+Hashable.swift (in target 'BitCollections' from project 'swift-collections')
    cd /Users/steipete/Projects/CodeLooper
    

SwiftCompile normal arm64 /Users/steipete/Library/Developer/Xcode/DerivedData/CodeLooper-crrddjihwjtfkwegrjrymctnfixv/SourcePackages/checkouts/swift-collections/Sources/BitCollections/BitArray/BitArray+Initializers.swift (in target 'BitCollections' from project 'swift-collections')
    cd /Users/steipete/Projects/CodeLooper
    

SwiftCompile normal arm64 /Users/steipete/Library/Developer/Xcode/DerivedData/CodeLooper-crrddjihwjtfkwegrjrymctnfixv/SourcePackages/checkouts/swift-collections/Sources/BitCollections/BitArray/BitArray+Invariants.swift (in target 'BitCollections' from project 'swift-collections')
    cd /Users/steipete/Projects/CodeLooper
    

SwiftCompile normal arm64 /Users/steipete/Library/Developer/Xcode/DerivedData/CodeLooper-crrddjihwjtfkwegrjrymctnfixv/SourcePackages/checkouts/swift-collections/Sources/BitCollections/BitArray/BitArray+LosslessStringConvertible.swift (in target 'BitCollections' from project 'swift-collections')
    cd /Users/steipete/Projects/CodeLooper
    

SwiftCompile normal arm64 Compiling\ BitSet+CustomDebugStringConvertible.swift,\ BitSet+CustomReflectable.swift,\ BitSet+CustomStringConvertible.swift,\ BitSet+Equatable.swift /Users/steipete/Library/Developer/Xcode/DerivedData/CodeLooper-crrddjihwjtfkwegrjrymctnfixv/SourcePackages/checkouts/swift-collections/Sources/BitCollections/BitSet/BitSet+CustomDebugStringConvertible.swift /Users/steipete/Library/Developer/Xcode/DerivedData/CodeLooper-crrddjihwjtfkwegrjrymctnfixv/SourcePackages/checkouts/swift-collections/Sources/BitCollections/BitSet/BitSet+CustomReflectable.swift /Users/steipete/Library/Developer/Xcode/DerivedData/CodeLooper-crrddjihwjtfkwegrjrymctnfixv/SourcePackages/checkouts/swift-collections/Sources/BitCollections/BitSet/BitSet+CustomStringConvertible.swift /Users/steipete/Library/Developer/Xcode/DerivedData/CodeLooper-crrddjihwjtfkwegrjrymctnfixv/SourcePackages/checkouts/swift-collections/Sources/BitCollections/BitSet/BitSet+Equatable.swift (in target 'BitCollections' from project 'swift-collections')

SwiftCompile normal arm64 /Users/steipete/Library/Developer/Xcode/DerivedData/CodeLooper-crrddjihwjtfkwegrjrymctnfixv/SourcePackages/checkouts/swift-collections/Sources/BitCollections/BitSet/BitSet+CustomDebugStringConvertible.swift (in target 'BitCollections' from project 'swift-collections')
    cd /Users/steipete/Projects/CodeLooper
    

SwiftCompile normal arm64 /Users/steipete/Library/Developer/Xcode/DerivedData/CodeLooper-crrddjihwjtfkwegrjrymctnfixv/SourcePackages/checkouts/swift-collections/Sources/BitCollections/BitSet/BitSet+CustomReflectable.swift (in target 'BitCollections' from project 'swift-collections')
    cd /Users/steipete/Projects/CodeLooper
    

SwiftCompile normal arm64 /Users/steipete/Library/Developer/Xcode/DerivedData/CodeLooper-crrddjihwjtfkwegrjrymctnfixv/SourcePackages/checkouts/swift-collections/Sources/BitCollections/BitSet/BitSet+CustomStringConvertible.swift (in target 'BitCollections' from project 'swift-collections')
    cd /Users/steipete/Projects/CodeLooper
    

SwiftCompile normal arm64 /Users/steipete/Library/Developer/Xcode/DerivedData/CodeLooper-crrddjihwjtfkwegrjrymctnfixv/SourcePackages/checkouts/swift-collections/Sources/BitCollections/BitSet/BitSet+Equatable.swift (in target 'BitCollections' from project 'swift-collections')
    cd /Users/steipete/Projects/CodeLooper
    

SwiftDriverJobDiscovery normal arm64 Compiling BitSet+Invariants.swift, BitSet+Random.swift, BitSet+SetAlgebra basics.swift, BitSet+SetAlgebra conformance.swift (in target 'BitCollections' from project 'swift-collections')

SwiftCompile normal arm64 Compiling\ BitArray+ExpressibleByArrayLiteral.swift,\ BitArray+ExpressibleByStringLiteral.swift,\ BitArray+Extras.swift,\ BitArray+Fill.swift /Users/steipete/Library/Developer/Xcode/DerivedData/CodeLooper-crrddjihwjtfkwegrjrymctnfixv/SourcePackages/checkouts/swift-collections/Sources/BitCollections/BitArray/BitArray+ExpressibleByArrayLiteral.swift /Users/steipete/Library/Developer/Xcode/DerivedData/CodeLooper-crrddjihwjtfkwegrjrymctnfixv/SourcePackages/checkouts/swift-collections/Sources/BitCollections/BitArray/BitArray+ExpressibleByStringLiteral.swift /Users/steipete/Library/Developer/Xcode/DerivedData/CodeLooper-crrddjihwjtfkwegrjrymctnfixv/SourcePackages/checkouts/swift-collections/Sources/BitCollections/BitArray/BitArray+Extras.swift /Users/steipete/Library/Developer/Xcode/DerivedData/CodeLooper-crrddjihwjtfkwegrjrymctnfixv/SourcePackages/checkouts/swift-collections/Sources/BitCollections/BitArray/BitArray+Fill.swift (in target 'BitCollections' from project 'swift-collections')

SwiftCompile normal arm64 /Users/steipete/Library/Developer/Xcode/DerivedData/CodeLooper-crrddjihwjtfkwegrjrymctnfixv/SourcePackages/checkouts/swift-collections/Sources/BitCollections/BitArray/BitArray+ExpressibleByArrayLiteral.swift (in target 'BitCollections' from project 'swift-collections')
    cd /Users/steipete/Projects/CodeLooper
    

SwiftCompile normal arm64 /Users/steipete/Library/Developer/Xcode/DerivedData/CodeLooper-crrddjihwjtfkwegrjrymctnfixv/SourcePackages/checkouts/swift-collections/Sources/BitCollections/BitArray/BitArray+ExpressibleByStringLiteral.swift (in target 'BitCollections' from project 'swift-collections')
    cd /Users/steipete/Projects/CodeLooper
    

SwiftCompile normal arm64 /Users/steipete/Library/Developer/Xcode/DerivedData/CodeLooper-crrddjihwjtfkwegrjrymctnfixv/SourcePackages/checkouts/swift-collections/Sources/BitCollections/BitArray/BitArray+Extras.swift (in target 'BitCollections' from project 'swift-collections')
    cd /Users/steipete/Projects/CodeLooper
    

SwiftCompile normal arm64 /Users/steipete/Library/Developer/Xcode/DerivedData/CodeLooper-crrddjihwjtfkwegrjrymctnfixv/SourcePackages/checkouts/swift-collections/Sources/BitCollections/BitArray/BitArray+Fill.swift (in target 'BitCollections' from project 'swift-collections')
    cd /Users/steipete/Projects/CodeLooper
    

SwiftDriverJobDiscovery normal arm64 Compiling _HashNode+Primitive Replacement.swift, _HashNode+Storage.swift, _HashNode+Structural compactMapValues.swift, _HashNode+Structural filter.swift, _HashNode+Structural intersection.swift, _HashNode+Structural isDisjoint.swift (in target 'HashTreeCollections' from project 'swift-collections')

SwiftCompile normal arm64 Compiling\ BitArray._UnsafeHandle.swift,\ BitArray.swift,\ BitSet+BidirectionalCollection.swift,\ BitSet+Codable.swift /Users/steipete/Library/Developer/Xcode/DerivedData/CodeLooper-crrddjihwjtfkwegrjrymctnfixv/SourcePackages/checkouts/swift-collections/Sources/BitCollections/BitArray/BitArray._UnsafeHandle.swift /Users/steipete/Library/Developer/Xcode/DerivedData/CodeLooper-crrddjihwjtfkwegrjrymctnfixv/SourcePackages/checkouts/swift-collections/Sources/BitCollections/BitArray/BitArray.swift /Users/steipete/Library/Developer/Xcode/DerivedData/CodeLooper-crrddjihwjtfkwegrjrymctnfixv/SourcePackages/checkouts/swift-collections/Sources/BitCollections/BitSet/BitSet+BidirectionalCollection.swift /Users/steipete/Library/Developer/Xcode/DerivedData/CodeLooper-crrddjihwjtfkwegrjrymctnfixv/SourcePackages/checkouts/swift-collections/Sources/BitCollections/BitSet/BitSet+Codable.swift (in target 'BitCollections' from project 'swift-collections')
SwiftCompile normal arm64 /Users/steipete/Library/Developer/Xcode/DerivedData/CodeLooper-crrddjihwjtfkwegrjrymctnfixv/SourcePackages/checkouts/swift-collections/Sources/BitCollections/BitArray/BitArray._UnsafeHandle.swift (in target 'BitCollections' from project 'swift-collections')
    cd /Users/steipete/Projects/CodeLooper
    

SwiftCompile normal arm64 /Users/steipete/Library/Developer/Xcode/DerivedData/CodeLooper-crrddjihwjtfkwegrjrymctnfixv/SourcePackages/checkouts/swift-collections/Sources/BitCollections/BitArray/BitArray.swift (in target 'BitCollections' from project 'swift-collections')
    cd /Users/steipete/Projects/CodeLooper
    

SwiftCompile normal arm64 /Users/steipete/Library/Developer/Xcode/DerivedData/CodeLooper-crrddjihwjtfkwegrjrymctnfixv/SourcePackages/checkouts/swift-collections/Sources/BitCollections/BitSet/BitSet+BidirectionalCollection.swift (in target 'BitCollections' from project 'swift-collections')
    cd /Users/steipete/Projects/CodeLooper
    

SwiftCompile normal arm64 /Users/steipete/Library/Developer/Xcode/DerivedData/CodeLooper-crrddjihwjtfkwegrjrymctnfixv/SourcePackages/checkouts/swift-collections/Sources/BitCollections/BitSet/BitSet+Codable.swift (in target 'BitCollections' from project 'swift-collections')
    cd /Users/steipete/Projects/CodeLooper
    

SwiftDriverJobDiscovery normal arm64 Compiling _HashNodeHeader.swift, _HashSlot.swift, _HashStack.swift, _HashTreeIterator.swift, _HashTreeStatistics.swift (in target 'HashTreeCollections' from project 'swift-collections')

SwiftCompile normal arm64 Compiling\ BitSet+ExpressibleByArrayLiteral.swift,\ BitSet+Extras.swift,\ BitSet+Hashable.swift,\ BitSet+Initializers.swift /Users/steipete/Library/Developer/Xcode/DerivedData/CodeLooper-crrddjihwjtfkwegrjrymctnfixv/SourcePackages/checkouts/swift-collections/Sources/BitCollections/BitSet/BitSet+ExpressibleByArrayLiteral.swift /Users/steipete/Library/Developer/Xcode/DerivedData/CodeLooper-crrddjihwjtfkwegrjrymctnfixv/SourcePackages/checkouts/swift-collections/Sources/BitCollections/BitSet/BitSet+Extras.swift /Users/steipete/Library/Developer/Xcode/DerivedData/CodeLooper-crrddjihwjtfkwegrjrymctnfixv/SourcePackages/checkouts/swift-collections/Sources/BitCollections/BitSet/BitSet+Hashable.swift /Users/steipete/Library/Developer/Xcode/DerivedData/CodeLooper-crrddjihwjtfkwegrjrymctnfixv/SourcePackages/checkouts/swift-collections/Sources/BitCollections/BitSet/BitSet+Initializers.swift (in target 'BitCollections' from project 'swift-collections')

SwiftCompile normal arm64 /Users/steipete/Library/Developer/Xcode/DerivedData/CodeLooper-crrddjihwjtfkwegrjrymctnfixv/SourcePackages/checkouts/swift-collections/Sources/BitCollections/BitSet/BitSet+ExpressibleByArrayLiteral.swift (in target 'BitCollections' from project 'swift-collections')
    cd /Users/steipete/Projects/CodeLooper
    

SwiftCompile normal arm64 /Users/steipete/Library/Developer/Xcode/DerivedData/CodeLooper-crrddjihwjtfkwegrjrymctnfixv/SourcePackages/checkouts/swift-collections/Sources/BitCollections/BitSet/BitSet+Extras.swift (in target 'BitCollections' from project 'swift-collections')
    cd /Users/steipete/Projects/CodeLooper
    

SwiftCompile normal arm64 /Users/steipete/Library/Developer/Xcode/DerivedData/CodeLooper-crrddjihwjtfkwegrjrymctnfixv/SourcePackages/checkouts/swift-collections/Sources/BitCollections/BitSet/BitSet+Hashable.swift (in target 'BitCollections' from project 'swift-collections')
    cd /Users/steipete/Projects/CodeLooper
    

SwiftCompile normal arm64 /Users/steipete/Library/Developer/Xcode/DerivedData/CodeLooper-crrddjihwjtfkwegrjrymctnfixv/SourcePackages/checkouts/swift-collections/Sources/BitCollections/BitSet/BitSet+Initializers.swift (in target 'BitCollections' from project 'swift-collections')
    cd /Users/steipete/Projects/CodeLooper
    

SwiftDriverJobDiscovery normal arm64 Compiling BitArray+Copy.swift, BitArray+CustomReflectable.swift, BitArray+Descriptions.swift, BitArray+Equatable.swift (in target 'BitCollections' from project 'swift-collections')

SwiftCompile normal arm64 Compiling\ AttributeBuilders.swift,\ AttributeExtractors.swift,\ AttributeFormatter.swift,\ AttributeFormatters.swift,\ AttributeHelpers.swift,\ AttributeMatcher.swift /Users/steipete/Projects/CodeLooper/AXorcist/Sources/AXorcist/Search/AttributeBuilders.swift /Users/steipete/Projects/CodeLooper/AXorcist/Sources/AXorcist/Search/AttributeExtractors.swift /Users/steipete/Projects/CodeLooper/AXorcist/Sources/AXorcist/Search/AttributeFormatter.swift /Users/steipete/Projects/CodeLooper/AXorcist/Sources/AXorcist/Search/AttributeFormatters.swift /Users/steipete/Projects/CodeLooper/AXorcist/Sources/AXorcist/Search/AttributeHelpers.swift /Users/steipete/Projects/CodeLooper/AXorcist/Sources/AXorcist/Search/AttributeMatcher.swift (in target 'AXorcist' from project 'axPackage')
SwiftCompile normal arm64 /Users/steipete/Projects/CodeLooper/AXorcist/Sources/AXorcist/Search/AttributeBuilders.swift (in target 'AXorcist' from project 'axPackage')
    cd /Users/steipete/Projects/CodeLooper
    

SwiftCompile normal arm64 /Users/steipete/Projects/CodeLooper/AXorcist/Sources/AXorcist/Search/AttributeExtractors.swift (in target 'AXorcist' from project 'axPackage')
    cd /Users/steipete/Projects/CodeLooper
    

SwiftCompile normal arm64 /Users/steipete/Projects/CodeLooper/AXorcist/Sources/AXorcist/Search/AttributeFormatter.swift (in target 'AXorcist' from project 'axPackage')
    cd /Users/steipete/Projects/CodeLooper
    

SwiftCompile normal arm64 /Users/steipete/Projects/CodeLooper/AXorcist/Sources/AXorcist/Search/AttributeFormatters.swift (in target 'AXorcist' from project 'axPackage')
    cd /Users/steipete/Projects/CodeLooper
    

SwiftCompile normal arm64 /Users/steipete/Projects/CodeLooper/AXorcist/Sources/AXorcist/Search/AttributeHelpers.swift (in target 'AXorcist' from project 'axPackage')
    cd /Users/steipete/Projects/CodeLooper
    

SwiftCompile normal arm64 /Users/steipete/Projects/CodeLooper/AXorcist/Sources/AXorcist/Search/AttributeMatcher.swift (in target 'AXorcist' from project 'axPackage')
    cd /Users/steipete/Projects/CodeLooper
    

SwiftDriverJobDiscovery normal arm64 Compiling BitArray+RandomBits.swift, BitArray+RangeReplaceableCollection.swift, BitArray+Shifts.swift, BitArray+Testing.swift (in target 'BitCollections' from project 'swift-collections')

SwiftCompile normal arm64 Compiling\ ValueCasters.swift,\ ValueFormatter.swift,\ ValueHelpers.swift,\ ValueParser.swift,\ ValueUnwrapper.swift /Users/steipete/Projects/CodeLooper/AXorcist/Sources/AXorcist/Values/ValueCasters.swift /Users/steipete/Projects/CodeLooper/AXorcist/Sources/AXorcist/Values/ValueFormatter.swift /Users/steipete/Projects/CodeLooper/AXorcist/Sources/AXorcist/Values/ValueHelpers.swift /Users/steipete/Projects/CodeLooper/AXorcist/Sources/AXorcist/Values/ValueParser.swift /Users/steipete/Projects/CodeLooper/AXorcist/Sources/AXorcist/Values/ValueUnwrapper.swift (in target 'AXorcist' from project 'axPackage')

SwiftCompile normal arm64 /Users/steipete/Projects/CodeLooper/AXorcist/Sources/AXorcist/Values/ValueCasters.swift (in target 'AXorcist' from project 'axPackage')
    cd /Users/steipete/Projects/CodeLooper
    

SwiftCompile normal arm64 /Users/steipete/Projects/CodeLooper/AXorcist/Sources/AXorcist/Values/ValueFormatter.swift (in target 'AXorcist' from project 'axPackage')
    cd /Users/steipete/Projects/CodeLooper
    

SwiftCompile normal arm64 /Users/steipete/Projects/CodeLooper/AXorcist/Sources/AXorcist/Values/ValueHelpers.swift (in target 'AXorcist' from project 'axPackage')
    cd /Users/steipete/Projects/CodeLooper
    

SwiftCompile normal arm64 /Users/steipete/Projects/CodeLooper/AXorcist/Sources/AXorcist/Values/ValueParser.swift (in target 'AXorcist' from project 'axPackage')
    cd /Users/steipete/Projects/CodeLooper
    

SwiftCompile normal arm64 /Users/steipete/Projects/CodeLooper/AXorcist/Sources/AXorcist/Values/ValueUnwrapper.swift (in target 'AXorcist' from project 'axPackage')
    cd /Users/steipete/Projects/CodeLooper
    

SwiftDriverJobDiscovery normal arm64 Compiling BitSet+CustomDebugStringConvertible.swift, BitSet+CustomReflectable.swift, BitSet+CustomStringConvertible.swift, BitSet+Equatable.swift (in target 'BitCollections' from project 'swift-collections')

SwiftCompile normal arm64 Compiling\ AXTrustUtil.swift,\ AXUtilities.swift,\ CustomCharacterSet.swift,\ GeneralParsingUtils.swift,\ RunningApplicationHelper.swift,\ Scanner.swift /Users/steipete/Projects/CodeLooper/AXorcist/Sources/AXorcist/Utils/AXTrustUtil.swift /Users/steipete/Projects/CodeLooper/AXorcist/Sources/AXorcist/Utils/AXUtilities.swift /Users/steipete/Projects/CodeLooper/AXorcist/Sources/AXorcist/Utils/CustomCharacterSet.swift /Users/steipete/Projects/CodeLooper/AXorcist/Sources/AXorcist/Utils/GeneralParsingUtils.swift /Users/steipete/Projects/CodeLooper/AXorcist/Sources/AXorcist/Utils/RunningApplicationHelper.swift /Users/steipete/Projects/CodeLooper/AXorcist/Sources/AXorcist/Utils/Scanner.swift (in target 'AXorcist' from project 'axPackage')

SwiftCompile normal arm64 /Users/steipete/Projects/CodeLooper/AXorcist/Sources/AXorcist/Utils/AXTrustUtil.swift (in target 'AXorcist' from project 'axPackage')
    cd /Users/steipete/Projects/CodeLooper
    

SwiftCompile normal arm64 /Users/steipete/Projects/CodeLooper/AXorcist/Sources/AXorcist/Utils/AXUtilities.swift (in target 'AXorcist' from project 'axPackage')
    cd /Users/steipete/Projects/CodeLooper
    

SwiftCompile normal arm64 /Users/steipete/Projects/CodeLooper/AXorcist/Sources/AXorcist/Utils/CustomCharacterSet.swift (in target 'AXorcist' from project 'axPackage')
    cd /Users/steipete/Projects/CodeLooper
    

SwiftCompile normal arm64 /Users/steipete/Projects/CodeLooper/AXorcist/Sources/AXorcist/Utils/GeneralParsingUtils.swift (in target 'AXorcist' from project 'axPackage')
    cd /Users/steipete/Projects/CodeLooper
    

SwiftCompile normal arm64 /Users/steipete/Projects/CodeLooper/AXorcist/Sources/AXorcist/Utils/RunningApplicationHelper.swift (in target 'AXorcist' from project 'axPackage')
    cd /Users/steipete/Projects/CodeLooper
    

SwiftCompile normal arm64 /Users/steipete/Projects/CodeLooper/AXorcist/Sources/AXorcist/Utils/Scanner.swift (in target 'AXorcist' from project 'axPackage')
    cd /Users/steipete/Projects/CodeLooper
    

SwiftDriverJobDiscovery normal arm64 Compiling BitSet+Sorted Collection APIs.swift, BitSet.Counted.swift, BitSet.Index.swift (in target 'BitCollections' from project 'swift-collections')

SwiftCompile normal arm64 Compiling\ AXAttributeValueType.swift,\ AXCommands.swift,\ AXError+Extensions.swift,\ AXError+StringConversion.swift,\ AXObserverCenter.swift,\ AXPermissionHelpers.swift /Users/steipete/Projects/CodeLooper/AXorcist/Sources/AXorcist/Core/AXAttributeValueType.swift /Users/steipete/Projects/CodeLooper/AXorcist/Sources/AXorcist/Core/AXCommands.swift /Users/steipete/Projects/CodeLooper/AXorcist/Sources/AXorcist/Core/AXError+Extensions.swift /Users/steipete/Projects/CodeLooper/AXorcist/Sources/AXorcist/Core/AXError+StringConversion.swift /Users/steipete/Projects/CodeLooper/AXorcist/Sources/AXorcist/Core/AXObserverCenter.swift /Users/steipete/Projects/CodeLooper/AXorcist/Sources/AXorcist/Core/AXPermissionHelpers.swift (in target 'AXorcist' from project 'axPackage')

SwiftCompile normal arm64 /Users/steipete/Projects/CodeLooper/AXorcist/Sources/AXorcist/Core/AXAttributeValueType.swift (in target 'AXorcist' from project 'axPackage')
    cd /Users/steipete/Projects/CodeLooper
    

SwiftCompile normal arm64 /Users/steipete/Projects/CodeLooper/AXorcist/Sources/AXorcist/Core/AXCommands.swift (in target 'AXorcist' from project 'axPackage')
    cd /Users/steipete/Projects/CodeLooper
    

SwiftCompile normal arm64 /Users/steipete/Projects/CodeLooper/AXorcist/Sources/AXorcist/Core/AXError+Extensions.swift (in target 'AXorcist' from project 'axPackage')
    cd /Users/steipete/Projects/CodeLooper
    

SwiftCompile normal arm64 /Users/steipete/Projects/CodeLooper/AXorcist/Sources/AXorcist/Core/AXError+StringConversion.swift (in target 'AXorcist' from project 'axPackage')
    cd /Users/steipete/Projects/CodeLooper
    

SwiftCompile normal arm64 /Users/steipete/Projects/CodeLooper/AXorcist/Sources/AXorcist/Core/AXObserverCenter.swift (in target 'AXorcist' from project 'axPackage')
    cd /Users/steipete/Projects/CodeLooper
    

SwiftCompile normal arm64 /Users/steipete/Projects/CodeLooper/AXorcist/Sources/AXorcist/Core/AXPermissionHelpers.swift (in target 'AXorcist' from project 'axPackage')
    cd /Users/steipete/Projects/CodeLooper
    

SwiftDriverJobDiscovery normal arm64 Compiling BitSet+SetAlgebra isSubset.swift, BitSet+SetAlgebra isSuperset.swift, BitSet+SetAlgebra subtract.swift (in target 'BitCollections' from project 'swift-collections')

SwiftDriverJobDiscovery normal arm64 Compiling BitArray+ExpressibleByArrayLiteral.swift, BitArray+ExpressibleByStringLiteral.swift, BitArray+Extras.swift, BitArray+Fill.swift (in target 'BitCollections' from project 'swift-collections')

SwiftCompile normal arm64 Compiling\ AXorcist+ObservationHandler.swift,\ AXorcist+QueryHandlers.swift,\ AXorcist.swift,\ AccessibilityConstants.swift,\ AccessibilityError.swift,\ AccessibilityPermissions.swift /Users/steipete/Projects/CodeLooper/AXorcist/Sources/AXorcist/Core/AXorcist+ObservationHandler.swift /Users/steipete/Projects/CodeLooper/AXorcist/Sources/AXorcist/Core/AXorcist+QueryHandlers.swift /Users/steipete/Projects/CodeLooper/AXorcist/Sources/AXorcist/Core/AXorcist.swift /Users/steipete/Projects/CodeLooper/AXorcist/Sources/AXorcist/Core/AccessibilityConstants.swift /Users/steipete/Projects/CodeLooper/AXorcist/Sources/AXorcist/Core/AccessibilityError.swift /Users/steipete/Projects/CodeLooper/AXorcist/Sources/AXorcist/Core/AccessibilityPermissions.swift (in target 'AXorcist' from project 'axPackage')
SwiftCompile normal arm64 /Users/steipete/Projects/CodeLooper/AXorcist/Sources/AXorcist/Core/AXorcist+ObservationHandler.swift (in target 'AXorcist' from project 'axPackage')
    cd /Users/steipete/Projects/CodeLooper
    

SwiftCompile normal arm64 /Users/steipete/Projects/CodeLooper/AXorcist/Sources/AXorcist/Core/AXorcist+QueryHandlers.swift (in target 'AXorcist' from project 'axPackage')
    cd /Users/steipete/Projects/CodeLooper
    

SwiftCompile normal arm64 /Users/steipete/Projects/CodeLooper/AXorcist/Sources/AXorcist/Core/AXorcist.swift (in target 'AXorcist' from project 'axPackage')
    cd /Users/steipete/Projects/CodeLooper
    

SwiftCompile normal arm64 /Users/steipete/Projects/CodeLooper/AXorcist/Sources/AXorcist/Core/AccessibilityConstants.swift (in target 'AXorcist' from project 'axPackage')
    cd /Users/steipete/Projects/CodeLooper
    

SwiftCompile normal arm64 /Users/steipete/Projects/CodeLooper/AXorcist/Sources/AXorcist/Core/AccessibilityError.swift (in target 'AXorcist' from project 'axPackage')
    cd /Users/steipete/Projects/CodeLooper
    

SwiftCompile normal arm64 /Users/steipete/Projects/CodeLooper/AXorcist/Sources/AXorcist/Core/AccessibilityPermissions.swift (in target 'AXorcist' from project 'axPackage')
    cd /Users/steipete/Projects/CodeLooper
    

SwiftCompile normal arm64 Compiling\ Element+Hierarchy.swift,\ Element+ParameterizedAttributes.swift,\ Element+PathGeneration.swift,\ Element+Properties.swift,\ Element+TypeConversion.swift,\ Element+WindowOperations.swift /Users/steipete/Projects/CodeLooper/AXorcist/Sources/AXorcist/Core/Element+Hierarchy.swift /Users/steipete/Projects/CodeLooper/AXorcist/Sources/AXorcist/Core/Element+ParameterizedAttributes.swift /Users/steipete/Projects/CodeLooper/AXorcist/Sources/AXorcist/Core/Element+PathGeneration.swift /Users/steipete/Projects/CodeLooper/AXorcist/Sources/AXorcist/Core/Element+Properties.swift /Users/steipete/Projects/CodeLooper/AXorcist/Sources/AXorcist/Core/Element+TypeConversion.swift /Users/steipete/Projects/CodeLooper/AXorcist/Sources/AXorcist/Core/Element+WindowOperations.swift (in target 'AXorcist' from project 'axPackage')
SwiftCompile normal arm64 /Users/steipete/Projects/CodeLooper/AXorcist/Sources/AXorcist/Core/Element+Hierarchy.swift (in target 'AXorcist' from project 'axPackage')
    cd /Users/steipete/Projects/CodeLooper
    

SwiftCompile normal arm64 /Users/steipete/Projects/CodeLooper/AXorcist/Sources/AXorcist/Core/Element+ParameterizedAttributes.swift (in target 'AXorcist' from project 'axPackage')
    cd /Users/steipete/Projects/CodeLooper
    

SwiftCompile normal arm64 /Users/steipete/Projects/CodeLooper/AXorcist/Sources/AXorcist/Core/Element+PathGeneration.swift (in target 'AXorcist' from project 'axPackage')
    cd /Users/steipete/Projects/CodeLooper
    

SwiftCompile normal arm64 /Users/steipete/Projects/CodeLooper/AXorcist/Sources/AXorcist/Core/Element+Properties.swift (in target 'AXorcist' from project 'axPackage')
    cd /Users/steipete/Projects/CodeLooper
    

SwiftCompile normal arm64 /Users/steipete/Projects/CodeLooper/AXorcist/Sources/AXorcist/Core/Element+TypeConversion.swift (in target 'AXorcist' from project 'axPackage')
    cd /Users/steipete/Projects/CodeLooper
    

SwiftCompile normal arm64 /Users/steipete/Projects/CodeLooper/AXorcist/Sources/AXorcist/Core/Element+WindowOperations.swift (in target 'AXorcist' from project 'axPackage')
    cd /Users/steipete/Projects/CodeLooper
    

SwiftDriverJobDiscovery normal arm64 Compiling _HashNode+Debugging.swift, _HashNode+Initializers.swift, _HashNode+Invariants.swift, _HashNode+Lookups.swift, _HashNode+Primitive Insertions.swift, _HashNode+Primitive Removals.swift (in target 'HashTreeCollections' from project 'swift-collections')

SwiftCompile normal arm64 Compiling\ AnyCodable.swift,\ Attribute.swift,\ CFConstants.swift,\ CommandEnvelope.swift,\ CommandTypes.swift,\ DataModels.swift /Users/steipete/Projects/CodeLooper/AXorcist/Sources/AXorcist/Core/AnyCodable.swift /Users/steipete/Projects/CodeLooper/AXorcist/Sources/AXorcist/Core/Attribute.swift /Users/steipete/Projects/CodeLooper/AXorcist/Sources/AXorcist/Core/CFConstants.swift /Users/steipete/Projects/CodeLooper/AXorcist/Sources/AXorcist/Core/CommandEnvelope.swift /Users/steipete/Projects/CodeLooper/AXorcist/Sources/AXorcist/Core/CommandTypes.swift /Users/steipete/Projects/CodeLooper/AXorcist/Sources/AXorcist/Core/DataModels.swift (in target 'AXorcist' from project 'axPackage')

SwiftCompile normal arm64 /Users/steipete/Projects/CodeLooper/AXorcist/Sources/AXorcist/Core/AnyCodable.swift (in target 'AXorcist' from project 'axPackage')
    cd /Users/steipete/Projects/CodeLooper
    

SwiftCompile normal arm64 /Users/steipete/Projects/CodeLooper/AXorcist/Sources/AXorcist/Core/Attribute.swift (in target 'AXorcist' from project 'axPackage')
    cd /Users/steipete/Projects/CodeLooper
    

SwiftCompile normal arm64 /Users/steipete/Projects/CodeLooper/AXorcist/Sources/AXorcist/Core/CFConstants.swift (in target 'AXorcist' from project 'axPackage')
    cd /Users/steipete/Projects/CodeLooper
    

SwiftCompile normal arm64 /Users/steipete/Projects/CodeLooper/AXorcist/Sources/AXorcist/Core/CommandEnvelope.swift (in target 'AXorcist' from project 'axPackage')
    cd /Users/steipete/Projects/CodeLooper
    

SwiftCompile normal arm64 /Users/steipete/Projects/CodeLooper/AXorcist/Sources/AXorcist/Core/CommandTypes.swift (in target 'AXorcist' from project 'axPackage')
    cd /Users/steipete/Projects/CodeLooper
    

SwiftCompile normal arm64 /Users/steipete/Projects/CodeLooper/AXorcist/Sources/AXorcist/Core/DataModels.swift (in target 'AXorcist' from project 'axPackage')
    cd /Users/steipete/Projects/CodeLooper
    

SwiftDriverJobDiscovery normal arm64 Compiling BitSet+SetAlgebra isDisjoint.swift, BitSet+SetAlgebra isEqualSet.swift, BitSet+SetAlgebra isStrictSubset.swift, BitSet+SetAlgebra isStrictSuperset.swift (in target 'BitCollections' from project 'swift-collections')

SwiftCompile normal arm64 Compiling\ GlobalAXLogger.swift,\ LoggingExtensions.swift,\ LoggingHelpers.swift,\ AXElementMatcher.swift,\ HandlerResponse.swift,\ JSONPathHintComponent.swift /Users/steipete/Projects/CodeLooper/AXorcist/Sources/AXorcist/Logging/GlobalAXLogger.swift /Users/steipete/Projects/CodeLooper/AXorcist/Sources/AXorcist/Logging/LoggingExtensions.swift /Users/steipete/Projects/CodeLooper/AXorcist/Sources/AXorcist/Logging/LoggingHelpers.swift /Users/steipete/Projects/CodeLooper/AXorcist/Sources/AXorcist/Matching/AXElementMatcher.swift /Users/steipete/Projects/CodeLooper/AXorcist/Sources/AXorcist/Models/HandlerResponse.swift /Users/steipete/Projects/CodeLooper/AXorcist/Sources/AXorcist/Models/JSONPathHintComponent.swift (in target 'AXorcist' from project 'axPackage')

SwiftCompile normal arm64 /Users/steipete/Projects/CodeLooper/AXorcist/Sources/AXorcist/Logging/GlobalAXLogger.swift (in target 'AXorcist' from project 'axPackage')
    cd /Users/steipete/Projects/CodeLooper
    

SwiftCompile normal arm64 /Users/steipete/Projects/CodeLooper/AXorcist/Sources/AXorcist/Logging/LoggingExtensions.swift (in target 'AXorcist' from project 'axPackage')
    cd /Users/steipete/Projects/CodeLooper
    

SwiftCompile normal arm64 /Users/steipete/Projects/CodeLooper/AXorcist/Sources/AXorcist/Logging/LoggingHelpers.swift (in target 'AXorcist' from project 'axPackage')
    cd /Users/steipete/Projects/CodeLooper
    

SwiftCompile normal arm64 /Users/steipete/Projects/CodeLooper/AXorcist/Sources/AXorcist/Matching/AXElementMatcher.swift (in target 'AXorcist' from project 'axPackage')
    cd /Users/steipete/Projects/CodeLooper
    

SwiftCompile normal arm64 /Users/steipete/Projects/CodeLooper/AXorcist/Sources/AXorcist/Models/HandlerResponse.swift (in target 'AXorcist' from project 'axPackage')
    cd /Users/steipete/Projects/CodeLooper
    

SwiftCompile normal arm64 /Users/steipete/Projects/CodeLooper/AXorcist/Sources/AXorcist/Models/JSONPathHintComponent.swift (in target 'AXorcist' from project 'axPackage')
    cd /Users/steipete/Projects/CodeLooper
    

SwiftDriverJobDiscovery normal arm64 Compiling BitArray+Hashable.swift, BitArray+Initializers.swift, BitArray+Invariants.swift, BitArray+LosslessStringConvertible.swift (in target 'BitCollections' from project 'swift-collections')

SwiftCompile normal arm64 Compiling\ PathHintComponent.swift,\ PathNavigationCore.swift,\ PathNavigationJSON.swift,\ PathNavigationMatching.swift,\ PathNavigationUtilities.swift,\ PathNavigator.swift /Users/steipete/Projects/CodeLooper/AXorcist/Sources/AXorcist/Search/PathHintComponent.swift /Users/steipete/Projects/CodeLooper/AXorcist/Sources/AXorcist/Search/PathNavigationCore.swift /Users/steipete/Projects/CodeLooper/AXorcist/Sources/AXorcist/Search/PathNavigationJSON.swift /Users/steipete/Projects/CodeLooper/AXorcist/Sources/AXorcist/Search/PathNavigationMatching.swift /Users/steipete/Projects/CodeLooper/AXorcist/Sources/AXorcist/Search/PathNavigationUtilities.swift /Users/steipete/Projects/CodeLooper/AXorcist/Sources/AXorcist/Search/PathNavigator.swift (in target 'AXorcist' from project 'axPackage')

SwiftCompile normal arm64 /Users/steipete/Projects/CodeLooper/AXorcist/Sources/AXorcist/Search/PathHintComponent.swift (in target 'AXorcist' from project 'axPackage')
    cd /Users/steipete/Projects/CodeLooper
    

SwiftCompile normal arm64 /Users/steipete/Projects/CodeLooper/AXorcist/Sources/AXorcist/Search/PathNavigationCore.swift (in target 'AXorcist' from project 'axPackage')
    cd /Users/steipete/Projects/CodeLooper
    

SwiftCompile normal arm64 /Users/steipete/Projects/CodeLooper/AXorcist/Sources/AXorcist/Search/PathNavigationJSON.swift (in target 'AXorcist' from project 'axPackage')
    cd /Users/steipete/Projects/CodeLooper
    

SwiftCompile normal arm64 /Users/steipete/Projects/CodeLooper/AXorcist/Sources/AXorcist/Search/PathNavigationMatching.swift (in target 'AXorcist' from project 'axPackage')
    cd /Users/steipete/Projects/CodeLooper
    

SwiftCompile normal arm64 /Users/steipete/Projects/CodeLooper/AXorcist/Sources/AXorcist/Search/PathNavigationUtilities.swift (in target 'AXorcist' from project 'axPackage')
    cd /Users/steipete/Projects/CodeLooper
    

SwiftCompile normal arm64 /Users/steipete/Projects/CodeLooper/AXorcist/Sources/AXorcist/Search/PathNavigator.swift (in target 'AXorcist' from project 'axPackage')
    cd /Users/steipete/Projects/CodeLooper
    

SwiftDriverJobDiscovery normal arm64 Compiling _HashNode+Structural isEqualSet.swift, _HashNode+Structural isSubset.swift, _HashNode+Structural mapValues.swift, _HashNode+Structural merge.swift, _HashNode+Structural subtracting.swift, _HashNode+Structural symmetricDifference.swift (in target 'HashTreeCollections' from project 'swift-collections')

SwiftCompile normal arm64 Compiling\ ObserverTypes.swift,\ PathUtils.swift,\ ProcessUtils.swift,\ ResponseModels.swift,\ ValueFormatOption.swift,\ AXLogEntry.swift /Users/steipete/Projects/CodeLooper/AXorcist/Sources/AXorcist/Core/ObserverTypes.swift /Users/steipete/Projects/CodeLooper/AXorcist/Sources/AXorcist/Core/PathUtils.swift /Users/steipete/Projects/CodeLooper/AXorcist/Sources/AXorcist/Core/ProcessUtils.swift /Users/steipete/Projects/CodeLooper/AXorcist/Sources/AXorcist/Core/ResponseModels.swift /Users/steipete/Projects/CodeLooper/AXorcist/Sources/AXorcist/Core/ValueFormatOption.swift /Users/steipete/Projects/CodeLooper/AXorcist/Sources/AXorcist/Logging/AXLogEntry.swift (in target 'AXorcist' from project 'axPackage')
SwiftCompile normal arm64 /Users/steipete/Projects/CodeLooper/AXorcist/Sources/AXorcist/Core/ObserverTypes.swift (in target 'AXorcist' from project 'axPackage')
    cd /Users/steipete/Projects/CodeLooper
    

SwiftCompile normal arm64 /Users/steipete/Projects/CodeLooper/AXorcist/Sources/AXorcist/Core/PathUtils.swift (in target 'AXorcist' from project 'axPackage')
    cd /Users/steipete/Projects/CodeLooper
    

SwiftCompile normal arm64 /Users/steipete/Projects/CodeLooper/AXorcist/Sources/AXorcist/Core/ProcessUtils.swift (in target 'AXorcist' from project 'axPackage')
    cd /Users/steipete/Projects/CodeLooper
    

SwiftCompile normal arm64 /Users/steipete/Projects/CodeLooper/AXorcist/Sources/AXorcist/Core/ResponseModels.swift (in target 'AXorcist' from project 'axPackage')
    cd /Users/steipete/Projects/CodeLooper
    

SwiftCompile normal arm64 /Users/steipete/Projects/CodeLooper/AXorcist/Sources/AXorcist/Core/ValueFormatOption.swift (in target 'AXorcist' from project 'axPackage')
    cd /Users/steipete/Projects/CodeLooper
    

SwiftCompile normal arm64 /Users/steipete/Projects/CodeLooper/AXorcist/Sources/AXorcist/Logging/AXLogEntry.swift (in target 'AXorcist' from project 'axPackage')
    cd /Users/steipete/Projects/CodeLooper
    

SwiftCompile normal arm64 Compiling\ AXUIElement+Static.swift,\ AXValue+Extensions.swift,\ AXorcist+ActionHandlers.swift,\ AXorcist+BatchHandler.swift,\ AXorcist+FocusedElementHandler.swift,\ AXorcist+GetElementAtPointHandler.swift /Users/steipete/Projects/CodeLooper/AXorcist/Sources/AXorcist/Core/AXUIElement+Static.swift /Users/steipete/Projects/CodeLooper/AXorcist/Sources/AXorcist/Core/AXValue+Extensions.swift /Users/steipete/Projects/CodeLooper/AXorcist/Sources/AXorcist/Core/AXorcist+ActionHandlers.swift /Users/steipete/Projects/CodeLooper/AXorcist/Sources/AXorcist/Core/AXorcist+BatchHandler.swift /Users/steipete/Projects/CodeLooper/AXorcist/Sources/AXorcist/Core/AXorcist+FocusedElementHandler.swift /Users/steipete/Projects/CodeLooper/AXorcist/Sources/AXorcist/Core/AXorcist+GetElementAtPointHandler.swift (in target 'AXorcist' from project 'axPackage')

SwiftCompile normal arm64 /Users/steipete/Projects/CodeLooper/AXorcist/Sources/AXorcist/Core/AXUIElement+Static.swift (in target 'AXorcist' from project 'axPackage')
    cd /Users/steipete/Projects/CodeLooper
    

SwiftCompile normal arm64 /Users/steipete/Projects/CodeLooper/AXorcist/Sources/AXorcist/Core/AXValue+Extensions.swift (in target 'AXorcist' from project 'axPackage')
    cd /Users/steipete/Projects/CodeLooper
    

SwiftCompile normal arm64 /Users/steipete/Projects/CodeLooper/AXorcist/Sources/AXorcist/Core/AXorcist+ActionHandlers.swift (in target 'AXorcist' from project 'axPackage')
    cd /Users/steipete/Projects/CodeLooper
    

SwiftCompile normal arm64 /Users/steipete/Projects/CodeLooper/AXorcist/Sources/AXorcist/Core/AXorcist+BatchHandler.swift (in target 'AXorcist' from project 'axPackage')
    cd /Users/steipete/Projects/CodeLooper
    

SwiftCompile normal arm64 /Users/steipete/Projects/CodeLooper/AXorcist/Sources/AXorcist/Core/AXorcist+FocusedElementHandler.swift (in target 'AXorcist' from project 'axPackage')
    cd /Users/steipete/Projects/CodeLooper
    

SwiftCompile normal arm64 /Users/steipete/Projects/CodeLooper/AXorcist/Sources/AXorcist/Core/AXorcist+GetElementAtPointHandler.swift (in target 'AXorcist' from project 'axPackage')
    cd /Users/steipete/Projects/CodeLooper
    

SwiftDriverJobDiscovery normal arm64 Compiling _AncestorHashSlots.swift, _Bitmap.swift, _Bucket.swift, _Hash.swift, _HashLevel.swift, _HashNode+Builder.swift (in target 'HashTreeCollections' from project 'swift-collections')

SwiftCompile normal arm64 Compiling\ AttributeMatchingFunctions.swift,\ AttributeTypes.swift,\ CriteriaMatchingHelpers.swift,\ ElementSearch.swift,\ GeometryHelpers.swift,\ NavigationUtils.swift /Users/steipete/Projects/CodeLooper/AXorcist/Sources/AXorcist/Search/AttributeMatchingFunctions.swift /Users/steipete/Projects/CodeLooper/AXorcist/Sources/AXorcist/Search/AttributeTypes.swift /Users/steipete/Projects/CodeLooper/AXorcist/Sources/AXorcist/Search/CriteriaMatchingHelpers.swift /Users/steipete/Projects/CodeLooper/AXorcist/Sources/AXorcist/Search/ElementSearch.swift /Users/steipete/Projects/CodeLooper/AXorcist/Sources/AXorcist/Search/GeometryHelpers.swift /Users/steipete/Projects/CodeLooper/AXorcist/Sources/AXorcist/Search/NavigationUtils.swift (in target 'AXorcist' from project 'axPackage')

SwiftCompile normal arm64 /Users/steipete/Projects/CodeLooper/AXorcist/Sources/AXorcist/Search/AttributeMatchingFunctions.swift (in target 'AXorcist' from project 'axPackage')
    cd /Users/steipete/Projects/CodeLooper
    

SwiftCompile normal arm64 /Users/steipete/Projects/CodeLooper/AXorcist/Sources/AXorcist/Search/AttributeTypes.swift (in target 'AXorcist' from project 'axPackage')
    cd /Users/steipete/Projects/CodeLooper
    

SwiftCompile normal arm64 /Users/steipete/Projects/CodeLooper/AXorcist/Sources/AXorcist/Search/CriteriaMatchingHelpers.swift (in target 'AXorcist' from project 'axPackage')
    cd /Users/steipete/Projects/CodeLooper
    

SwiftCompile normal arm64 /Users/steipete/Projects/CodeLooper/AXorcist/Sources/AXorcist/Search/ElementSearch.swift (in target 'AXorcist' from project 'axPackage')
    cd /Users/steipete/Projects/CodeLooper
    

SwiftCompile normal arm64 /Users/steipete/Projects/CodeLooper/AXorcist/Sources/AXorcist/Search/GeometryHelpers.swift (in target 'AXorcist' from project 'axPackage')
    cd /Users/steipete/Projects/CodeLooper
    

SwiftCompile normal arm64 /Users/steipete/Projects/CodeLooper/AXorcist/Sources/AXorcist/Search/NavigationUtils.swift (in target 'AXorcist' from project 'axPackage')
    cd /Users/steipete/Projects/CodeLooper
    

SwiftDriverJobDiscovery normal arm64 Compiling BitSet._UnsafeHandle.swift, BitSet.swift, Range+Utilities.swift (in target 'BitCollections' from project 'swift-collections')

SwiftDriverJobDiscovery normal arm64 Compiling BitArray+BitwiseOperations.swift, BitArray+ChunkedBitsIterators.swift, BitArray+Codable.swift, BitArray+Collection.swift (in target 'BitCollections' from project 'swift-collections')

SwiftCompile normal arm64 Compiling\ Element.swift,\ ElementFactories.swift,\ MatchingTypes.swift,\ NotificationTypes.swift,\ NotificationWatcher.swift,\ ObserverHelpers.swift /Users/steipete/Projects/CodeLooper/AXorcist/Sources/AXorcist/Core/Element.swift /Users/steipete/Projects/CodeLooper/AXorcist/Sources/AXorcist/Core/ElementFactories.swift /Users/steipete/Projects/CodeLooper/AXorcist/Sources/AXorcist/Core/MatchingTypes.swift /Users/steipete/Projects/CodeLooper/AXorcist/Sources/AXorcist/Core/NotificationTypes.swift /Users/steipete/Projects/CodeLooper/AXorcist/Sources/AXorcist/Core/NotificationWatcher.swift /Users/steipete/Projects/CodeLooper/AXorcist/Sources/AXorcist/Core/ObserverHelpers.swift (in target 'AXorcist' from project 'axPackage')

SwiftCompile normal arm64 /Users/steipete/Projects/CodeLooper/AXorcist/Sources/AXorcist/Core/Element.swift (in target 'AXorcist' from project 'axPackage')
    cd /Users/steipete/Projects/CodeLooper
    

SwiftCompile normal arm64 /Users/steipete/Projects/CodeLooper/AXorcist/Sources/AXorcist/Core/ElementFactories.swift (in target 'AXorcist' from project 'axPackage')
    cd /Users/steipete/Projects/CodeLooper
    

SwiftCompile normal arm64 /Users/steipete/Projects/CodeLooper/AXorcist/Sources/AXorcist/Core/MatchingTypes.swift (in target 'AXorcist' from project 'axPackage')
    cd /Users/steipete/Projects/CodeLooper
    

SwiftCompile normal arm64 /Users/steipete/Projects/CodeLooper/AXorcist/Sources/AXorcist/Core/NotificationTypes.swift (in target 'AXorcist' from project 'axPackage')
    cd /Users/steipete/Projects/CodeLooper
    

SwiftCompile normal arm64 /Users/steipete/Projects/CodeLooper/AXorcist/Sources/AXorcist/Core/NotificationWatcher.swift (in target 'AXorcist' from project 'axPackage')
    cd /Users/steipete/Projects/CodeLooper
    

SwiftCompile normal arm64 /Users/steipete/Projects/CodeLooper/AXorcist/Sources/AXorcist/Core/ObserverHelpers.swift (in target 'AXorcist' from project 'axPackage')
    cd /Users/steipete/Projects/CodeLooper
    

SwiftDriverJobDiscovery normal arm64 Compiling _RawHashNode+UnsafeHandle.swift, _RawHashNode.swift, _UnmanagedHashNode.swift, _UnsafePath.swift, TreeDictionary+Codable.swift (in target 'HashTreeCollections' from project 'swift-collections')

SwiftCompile normal arm64 Compiling\ SearchCriteriaUtils.swift,\ SingleCriterionMatching.swift,\ SpecificAttributeMatchers.swift,\ SpecificCriterionMatchers.swift,\ StringComparisonLogic.swift,\ AXObserverManager.swift /Users/steipete/Projects/CodeLooper/AXorcist/Sources/AXorcist/Search/SearchCriteriaUtils.swift /Users/steipete/Projects/CodeLooper/AXorcist/Sources/AXorcist/Search/SingleCriterionMatching.swift /Users/steipete/Projects/CodeLooper/AXorcist/Sources/AXorcist/Search/SpecificAttributeMatchers.swift /Users/steipete/Projects/CodeLooper/AXorcist/Sources/AXorcist/Search/SpecificCriterionMatchers.swift /Users/steipete/Projects/CodeLooper/AXorcist/Sources/AXorcist/Search/StringComparisonLogic.swift /Users/steipete/Projects/CodeLooper/AXorcist/Sources/AXorcist/Utils/AXObserverManager.swift (in target 'AXorcist' from project 'axPackage')

SwiftCompile normal arm64 /Users/steipete/Projects/CodeLooper/AXorcist/Sources/AXorcist/Search/SearchCriteriaUtils.swift (in target 'AXorcist' from project 'axPackage')
    cd /Users/steipete/Projects/CodeLooper
    

SwiftCompile normal arm64 /Users/steipete/Projects/CodeLooper/AXorcist/Sources/AXorcist/Search/SingleCriterionMatching.swift (in target 'AXorcist' from project 'axPackage')
    cd /Users/steipete/Projects/CodeLooper
    

SwiftCompile normal arm64 /Users/steipete/Projects/CodeLooper/AXorcist/Sources/AXorcist/Search/SpecificAttributeMatchers.swift (in target 'AXorcist' from project 'axPackage')
    cd /Users/steipete/Projects/CodeLooper
    

SwiftCompile normal arm64 /Users/steipete/Projects/CodeLooper/AXorcist/Sources/AXorcist/Search/SpecificCriterionMatchers.swift (in target 'AXorcist' from project 'axPackage')
    cd /Users/steipete/Projects/CodeLooper
    

SwiftCompile normal arm64 /Users/steipete/Projects/CodeLooper/AXorcist/Sources/AXorcist/Search/StringComparisonLogic.swift (in target 'AXorcist' from project 'axPackage')
    cd /Users/steipete/Projects/CodeLooper
    

SwiftCompile normal arm64 /Users/steipete/Projects/CodeLooper/AXorcist/Sources/AXorcist/Utils/AXObserverManager.swift (in target 'AXorcist' from project 'axPackage')
    cd /Users/steipete/Projects/CodeLooper
    

SwiftDriverJobDiscovery normal arm64 Compiling _HashNode+Structural union.swift, _HashNode+Subtree Insertions.swift, _HashNode+Subtree Modify.swift, _HashNode+Subtree Removals.swift, _HashNode+UnsafeHandle.swift, _HashNode.swift (in target 'HashTreeCollections' from project 'swift-collections')

SwiftDriverJobDiscovery normal arm64 Compiling BitSet+ExpressibleByArrayLiteral.swift, BitSet+Extras.swift, BitSet+Hashable.swift, BitSet+Initializers.swift (in target 'BitCollections' from project 'swift-collections')

SwiftDriver\ Compilation HashTreeCollections normal arm64 com.apple.xcode.tools.swift.compiler (in target 'HashTreeCollections' from project 'swift-collections')
    cd /Users/steipete/Projects/CodeLooper
    builtin-Swift-Compilation -- /Applications/Xcode-beta.app/Contents/Developer/Toolchains/XcodeDefault.xctoolchain/usr/bin/swiftc -module-name HashTreeCollections -Onone -enforce-exclusivity\=checked @/Users/steipete/Library/Developer/Xcode/DerivedData/CodeLooper-crrddjihwjtfkwegrjrymctnfixv/Build/Intermediates.noindex/swift-collections.build/Debug/HashTreeCollections.build/Objects-normal/arm64/HashTreeCollections.SwiftFileList -DSWIFT_PACKAGE -DDEBUG -DSWIFT_MODULE_RESOURCE_BUNDLE_UNAVAILABLE -DCOLLECTIONS_RANDOMIZED_TESTING -DXcode -plugin-path /Applications/Xcode-beta.app/Contents/Developer/Toolchains/XcodeDefault.xctoolchain/usr/lib/swift/host/plugins/testing -enable-experimental-feature DebugDescriptionMacro -sdk /Applications/Xcode-beta.app/Contents/Developer/Platforms/MacOSX.platform/Developer/SDKs/MacOSX26.0.sdk -target arm64-apple-macos10.13 -g -module-cache-path /Users/steipete/Library/Developer/Xcode/DerivedData/ModuleCache.noindex -Xfrontend -serialize-debugging-options -profile-coverage-mapping -profile-generate -enable-testing -suppress-warnings -index-store-path /Users/steipete/Library/Developer/Xcode/DerivedData/CodeLooper-crrddjihwjtfkwegrjrymctnfixv/Index.noindex/DataStore -swift-version 5 -I /Users/steipete/Library/Developer/Xcode/DerivedData/CodeLooper-crrddjihwjtfkwegrjrymctnfixv/Build/Products/Debug -I /Applications/Xcode-beta.app/Contents/Developer/Platforms/MacOSX.platform/Developer/usr/lib -F /Users/steipete/Library/Developer/Xcode/DerivedData/CodeLooper-crrddjihwjtfkwegrjrymctnfixv/Build/Products/Debug/PackageFrameworks -F /Users/steipete/Library/Developer/Xcode/DerivedData/CodeLooper-crrddjihwjtfkwegrjrymctnfixv/Build/Products/Debug -F /Applications/Xcode-beta.app/Contents/Developer/Platforms/MacOSX.platform/Developer/Library/Frameworks -c -j16 -enable-batch-mode -incremental -Xcc -ivfsstatcache -Xcc /Users/steipete/Library/Developer/Xcode/DerivedData/SDKStatCaches.noindex/macosx26.0-25A5279m-5d9328ff1a6613a11d359de947506b52.sdkstatcache -output-file-map /Users/steipete/Library/Developer/Xcode/DerivedData/CodeLooper-crrddjihwjtfkwegrjrymctnfixv/Build/Intermediates.noindex/swift-collections.build/Debug/HashTreeCollections.build/Objects-normal/arm64/HashTreeCollections-OutputFileMap.json -use-frontend-parseable-output -save-temps -no-color-diagnostics -explicit-module-build -module-cache-path /Users/steipete/Library/Developer/Xcode/DerivedData/CodeLooper-crrddjihwjtfkwegrjrymctnfixv/Build/Intermediates.noindex/SwiftExplicitPrecompiledModules -clang-scanner-module-cache-path /Users/steipete/Library/Developer/Xcode/DerivedData/ModuleCache.noindex -sdk-module-cache-path /Users/steipete/Library/Developer/Xcode/DerivedData/ModuleCache.noindex -serialize-diagnostics -emit-dependencies -emit-module -emit-module-path /Users/steipete/Library/Developer/Xcode/DerivedData/CodeLooper-crrddjihwjtfkwegrjrymctnfixv/Build/Intermediates.noindex/swift-collections.build/Debug/HashTreeCollections.build/Objects-normal/arm64/HashTreeCollections.swiftmodule -validate-clang-modules-once -clang-build-session-file /Users/steipete/Library/Developer/Xcode/DerivedData/ModuleCache.noindex/Session.modulevalidation -package-name swift_collections -Xcc -I/Users/steipete/Library/Developer/Xcode/DerivedData/CodeLooper-crrddjihwjtfkwegrjrymctnfixv/Build/Intermediates.noindex/swift-collections.build/Debug/HashTreeCollections.build/swift-overrides.hmap -emit-const-values -Xfrontend -const-gather-protocols-file -Xfrontend /Users/steipete/Library/Developer/Xcode/DerivedData/CodeLooper-crrddjihwjtfkwegrjrymctnfixv/Build/Intermediates.noindex/swift-collections.build/Debug/HashTreeCollections.build/Objects-normal/arm64/HashTreeCollections_const_extract_protocols.json -Xcc -I/Users/steipete/Library/Developer/Xcode/DerivedData/CodeLooper-crrddjihwjtfkwegrjrymctnfixv/Build/Products/Debug/include -Xcc -I/Users/steipete/Library/Developer/Xcode/DerivedData/CodeLooper-crrddjihwjtfkwegrjrymctnfixv/Build/Intermediates.noindex/swift-collections.build/Debug/HashTreeCollections.build/DerivedSources-normal/arm64 -Xcc -I/Users/steipete/Library/Developer/Xcode/DerivedData/CodeLooper-crrddjihwjtfkwegrjrymctnfixv/Build/Intermediates.noindex/swift-collections.build/Debug/HashTreeCollections.build/DerivedSources/arm64 -Xcc -I/Users/steipete/Library/Developer/Xcode/DerivedData/CodeLooper-crrddjihwjtfkwegrjrymctnfixv/Build/Intermediates.noindex/swift-collections.build/Debug/HashTreeCollections.build/DerivedSources -Xcc -DSWIFT_PACKAGE -Xcc -DDEBUG\=1 -emit-objc-header -emit-objc-header-path /Users/steipete/Library/Developer/Xcode/DerivedData/CodeLooper-crrddjihwjtfkwegrjrymctnfixv/Build/Intermediates.noindex/swift-collections.build/Debug/HashTreeCollections.build/Objects-normal/arm64/HashTreeCollections-Swift.h -working-directory /Users/steipete/Projects/CodeLooper -experimental-emit-module-separately -disable-cmo

SwiftCompile normal arm64 Compiling\ Element+Actions.swift,\ Element+ApplicationActions.swift,\ Element+ComputedName.swift,\ Element+ConvenienceAttributes.swift,\ Element+Description.swift,\ Element+Factory.swift /Users/steipete/Projects/CodeLooper/AXorcist/Sources/AXorcist/Core/Element+Actions.swift /Users/steipete/Projects/CodeLooper/AXorcist/Sources/AXorcist/Core/Element+ApplicationActions.swift /Users/steipete/Projects/CodeLooper/AXorcist/Sources/AXorcist/Core/Element+ComputedName.swift /Users/steipete/Projects/CodeLooper/AXorcist/Sources/AXorcist/Core/Element+ConvenienceAttributes.swift /Users/steipete/Projects/CodeLooper/AXorcist/Sources/AXorcist/Core/Element+Description.swift /Users/steipete/Projects/CodeLooper/AXorcist/Sources/AXorcist/Core/Element+Factory.swift (in target 'AXorcist' from project 'axPackage')

SwiftCompile normal arm64 /Users/steipete/Projects/CodeLooper/AXorcist/Sources/AXorcist/Core/Element+Actions.swift (in target 'AXorcist' from project 'axPackage')
    cd /Users/steipete/Projects/CodeLooper
    

SwiftCompile normal arm64 /Users/steipete/Projects/CodeLooper/AXorcist/Sources/AXorcist/Core/Element+ApplicationActions.swift (in target 'AXorcist' from project 'axPackage')
    cd /Users/steipete/Projects/CodeLooper
    

SwiftCompile normal arm64 /Users/steipete/Projects/CodeLooper/AXorcist/Sources/AXorcist/Core/Element+ComputedName.swift (in target 'AXorcist' from project 'axPackage')
    cd /Users/steipete/Projects/CodeLooper
    

SwiftCompile normal arm64 /Users/steipete/Projects/CodeLooper/AXorcist/Sources/AXorcist/Core/Element+ConvenienceAttributes.swift (in target 'AXorcist' from project 'axPackage')
    cd /Users/steipete/Projects/CodeLooper
    

SwiftCompile normal arm64 /Users/steipete/Projects/CodeLooper/AXorcist/Sources/AXorcist/Core/Element+Description.swift (in target 'AXorcist' from project 'axPackage')
    cd /Users/steipete/Projects/CodeLooper
    

SwiftCompile normal arm64 /Users/steipete/Projects/CodeLooper/AXorcist/Sources/AXorcist/Core/Element+Factory.swift (in target 'AXorcist' from project 'axPackage')
    cd /Users/steipete/Projects/CodeLooper
    

SwiftCompile normal arm64 Compiling\ SerializationUtils.swift,\ String+HelperExtensions.swift,\ TextExtraction.swift,\ WindowInfoHelper.swift,\ AXValueSpecificFormatter.swift,\ Scannable.swift /Users/steipete/Projects/CodeLooper/AXorcist/Sources/AXorcist/Utils/SerializationUtils.swift /Users/steipete/Projects/CodeLooper/AXorcist/Sources/AXorcist/Utils/String+HelperExtensions.swift /Users/steipete/Projects/CodeLooper/AXorcist/Sources/AXorcist/Utils/TextExtraction.swift /Users/steipete/Projects/CodeLooper/AXorcist/Sources/AXorcist/Utils/WindowInfoHelper.swift /Users/steipete/Projects/CodeLooper/AXorcist/Sources/AXorcist/Values/AXValueSpecificFormatter.swift /Users/steipete/Projects/CodeLooper/AXorcist/Sources/AXorcist/Values/Scannable.swift (in target 'AXorcist' from project 'axPackage')

SwiftCompile normal arm64 /Users/steipete/Projects/CodeLooper/AXorcist/Sources/AXorcist/Utils/SerializationUtils.swift (in target 'AXorcist' from project 'axPackage')
    cd /Users/steipete/Projects/CodeLooper
    

SwiftCompile normal arm64 /Users/steipete/Projects/CodeLooper/AXorcist/Sources/AXorcist/Utils/String+HelperExtensions.swift (in target 'AXorcist' from project 'axPackage')
    cd /Users/steipete/Projects/CodeLooper
    

SwiftCompile normal arm64 /Users/steipete/Projects/CodeLooper/AXorcist/Sources/AXorcist/Utils/TextExtraction.swift (in target 'AXorcist' from project 'axPackage')
    cd /Users/steipete/Projects/CodeLooper
    

SwiftCompile normal arm64 /Users/steipete/Projects/CodeLooper/AXorcist/Sources/AXorcist/Utils/WindowInfoHelper.swift (in target 'AXorcist' from project 'axPackage')
    cd /Users/steipete/Projects/CodeLooper
    

SwiftCompile normal arm64 /Users/steipete/Projects/CodeLooper/AXorcist/Sources/AXorcist/Values/AXValueSpecificFormatter.swift (in target 'AXorcist' from project 'axPackage')
    cd /Users/steipete/Projects/CodeLooper
    

SwiftCompile normal arm64 /Users/steipete/Projects/CodeLooper/AXorcist/Sources/AXorcist/Values/Scannable.swift (in target 'AXorcist' from project 'axPackage')
    cd /Users/steipete/Projects/CodeLooper
    

SwiftDriverJobDiscovery normal arm64 Compiling BitArray._UnsafeHandle.swift, BitArray.swift, BitSet+BidirectionalCollection.swift, BitSet+Codable.swift (in target 'BitCollections' from project 'swift-collections')

SwiftDriver\ Compilation BitCollections normal arm64 com.apple.xcode.tools.swift.compiler (in target 'BitCollections' from project 'swift-collections')
    cd /Users/steipete/Projects/CodeLooper
    builtin-Swift-Compilation -- /Applications/Xcode-beta.app/Contents/Developer/Toolchains/XcodeDefault.xctoolchain/usr/bin/swiftc -module-name BitCollections -Onone -enforce-exclusivity\=checked @/Users/steipete/Library/Developer/Xcode/DerivedData/CodeLooper-crrddjihwjtfkwegrjrymctnfixv/Build/Intermediates.noindex/swift-collections.build/Debug/BitCollections.build/Objects-normal/arm64/BitCollections.SwiftFileList -DSWIFT_PACKAGE -DDEBUG -DSWIFT_MODULE_RESOURCE_BUNDLE_UNAVAILABLE -DCOLLECTIONS_RANDOMIZED_TESTING -DXcode -plugin-path /Applications/Xcode-beta.app/Contents/Developer/Toolchains/XcodeDefault.xctoolchain/usr/lib/swift/host/plugins/testing -enable-experimental-feature DebugDescriptionMacro -sdk /Applications/Xcode-beta.app/Contents/Developer/Platforms/MacOSX.platform/Developer/SDKs/MacOSX26.0.sdk -target arm64-apple-macos10.13 -g -module-cache-path /Users/steipete/Library/Developer/Xcode/DerivedData/ModuleCache.noindex -Xfrontend -serialize-debugging-options -profile-coverage-mapping -profile-generate -enable-testing -suppress-warnings -index-store-path /Users/steipete/Library/Developer/Xcode/DerivedData/CodeLooper-crrddjihwjtfkwegrjrymctnfixv/Index.noindex/DataStore -swift-version 5 -I /Users/steipete/Library/Developer/Xcode/DerivedData/CodeLooper-crrddjihwjtfkwegrjrymctnfixv/Build/Products/Debug -I /Applications/Xcode-beta.app/Contents/Developer/Platforms/MacOSX.platform/Developer/usr/lib -F /Users/steipete/Library/Developer/Xcode/DerivedData/CodeLooper-crrddjihwjtfkwegrjrymctnfixv/Build/Products/Debug/PackageFrameworks -F /Users/steipete/Library/Developer/Xcode/DerivedData/CodeLooper-crrddjihwjtfkwegrjrymctnfixv/Build/Products/Debug -F /Applications/Xcode-beta.app/Contents/Developer/Platforms/MacOSX.platform/Developer/Library/Frameworks -c -j16 -enable-batch-mode -incremental -Xcc -ivfsstatcache -Xcc /Users/steipete/Library/Developer/Xcode/DerivedData/SDKStatCaches.noindex/macosx26.0-25A5279m-5d9328ff1a6613a11d359de947506b52.sdkstatcache -output-file-map /Users/steipete/Library/Developer/Xcode/DerivedData/CodeLooper-crrddjihwjtfkwegrjrymctnfixv/Build/Intermediates.noindex/swift-collections.build/Debug/BitCollections.build/Objects-normal/arm64/BitCollections-OutputFileMap.json -use-frontend-parseable-output -save-temps -no-color-diagnostics -explicit-module-build -module-cache-path /Users/steipete/Library/Developer/Xcode/DerivedData/CodeLooper-crrddjihwjtfkwegrjrymctnfixv/Build/Intermediates.noindex/SwiftExplicitPrecompiledModules -clang-scanner-module-cache-path /Users/steipete/Library/Developer/Xcode/DerivedData/ModuleCache.noindex -sdk-module-cache-path /Users/steipete/Library/Developer/Xcode/DerivedData/ModuleCache.noindex -serialize-diagnostics -emit-dependencies -emit-module -emit-module-path /Users/steipete/Library/Developer/Xcode/DerivedData/CodeLooper-crrddjihwjtfkwegrjrymctnfixv/Build/Intermediates.noindex/swift-collections.build/Debug/BitCollections.build/Objects-normal/arm64/BitCollections.swiftmodule -validate-clang-modules-once -clang-build-session-file /Users/steipete/Library/Developer/Xcode/DerivedData/ModuleCache.noindex/Session.modulevalidation -package-name swift_collections -Xcc -I/Users/steipete/Library/Developer/Xcode/DerivedData/CodeLooper-crrddjihwjtfkwegrjrymctnfixv/Build/Intermediates.noindex/swift-collections.build/Debug/BitCollections.build/swift-overrides.hmap -emit-const-values -Xfrontend -const-gather-protocols-file -Xfrontend /Users/steipete/Library/Developer/Xcode/DerivedData/CodeLooper-crrddjihwjtfkwegrjrymctnfixv/Build/Intermediates.noindex/swift-collections.build/Debug/BitCollections.build/Objects-normal/arm64/BitCollections_const_extract_protocols.json -Xcc -I/Users/steipete/Library/Developer/Xcode/DerivedData/CodeLooper-crrddjihwjtfkwegrjrymctnfixv/Build/Products/Debug/include -Xcc -I/Users/steipete/Library/Developer/Xcode/DerivedData/CodeLooper-crrddjihwjtfkwegrjrymctnfixv/Build/Intermediates.noindex/swift-collections.build/Debug/BitCollections.build/DerivedSources-normal/arm64 -Xcc -I/Users/steipete/Library/Developer/Xcode/DerivedData/CodeLooper-crrddjihwjtfkwegrjrymctnfixv/Build/Intermediates.noindex/swift-collections.build/Debug/BitCollections.build/DerivedSources/arm64 -Xcc -I/Users/steipete/Library/Developer/Xcode/DerivedData/CodeLooper-crrddjihwjtfkwegrjrymctnfixv/Build/Intermediates.noindex/swift-collections.build/Debug/BitCollections.build/DerivedSources -Xcc -DSWIFT_PACKAGE -Xcc -DDEBUG\=1 -emit-objc-header -emit-objc-header-path /Users/steipete/Library/Developer/Xcode/DerivedData/CodeLooper-crrddjihwjtfkwegrjrymctnfixv/Build/Intermediates.noindex/swift-collections.build/Debug/BitCollections.build/Objects-normal/arm64/BitCollections-Swift.h -working-directory /Users/steipete/Projects/CodeLooper -experimental-emit-module-separately -disable-cmo

SwiftDriverJobDiscovery normal arm64 Compiling GlobalAXLogger.swift, LoggingExtensions.swift, LoggingHelpers.swift, AXElementMatcher.swift, HandlerResponse.swift, JSONPathHintComponent.swift (in target 'AXorcist' from project 'axPackage')

Ld /Users/steipete/Library/Developer/Xcode/DerivedData/CodeLooper-crrddjihwjtfkwegrjrymctnfixv/Build/Products/Debug/_RopeModule.o normal (in target '_RopeModule' from project 'swift-collections')
    cd /Users/steipete/Library/Developer/Xcode/DerivedData/CodeLooper-crrddjihwjtfkwegrjrymctnfixv/SourcePackages/checkouts/swift-collections
    /Applications/Xcode-beta.app/Contents/Developer/Toolchains/XcodeDefault.xctoolchain/usr/bin/clang -Xlinker -reproducible -target arm64-apple-macos10.13 -r -isysroot /Applications/Xcode-beta.app/Contents/Developer/Platforms/MacOSX.platform/Developer/SDKs/MacOSX26.0.sdk -O0 -w -L/Users/steipete/Library/Developer/Xcode/DerivedData/CodeLooper-crrddjihwjtfkwegrjrymctnfixv/Build/Intermediates.noindex/EagerLinkingTBDs/Debug -L/Users/steipete/Library/Developer/Xcode/DerivedData/CodeLooper-crrddjihwjtfkwegrjrymctnfixv/Build/Products/Debug -L/Applications/Xcode-beta.app/Contents/Developer/Platforms/MacOSX.platform/Developer/usr/lib -F/Users/steipete/Library/Developer/Xcode/DerivedData/CodeLooper-crrddjihwjtfkwegrjrymctnfixv/Build/Intermediates.noindex/EagerLinkingTBDs/Debug -F/Users/steipete/Library/Developer/Xcode/DerivedData/CodeLooper-crrddjihwjtfkwegrjrymctnfixv/Build/Products/Debug/PackageFrameworks -F/Users/steipete/Library/Developer/Xcode/DerivedData/CodeLooper-crrddjihwjtfkwegrjrymctnfixv/Build/Products/Debug -iframework /Applications/Xcode-beta.app/Contents/Developer/Platforms/MacOSX.platform/Developer/Library/Frameworks -filelist /Users/steipete/Library/Developer/Xcode/DerivedData/CodeLooper-crrddjihwjtfkwegrjrymctnfixv/Build/Intermediates.noindex/swift-collections.build/Debug/_RopeModule.build/Objects-normal/arm64/_RopeModule.LinkFileList -nostdlib -Xlinker -object_path_lto -Xlinker /Users/steipete/Library/Developer/Xcode/DerivedData/CodeLooper-crrddjihwjtfkwegrjrymctnfixv/Build/Intermediates.noindex/swift-collections.build/Debug/_RopeModule.build/Objects-normal/arm64/_RopeModule_lto.o -rdynamic -Xlinker -no_deduplicate -Xlinker -debug_variant -Xlinker -dependency_info -Xlinker /Users/steipete/Library/Developer/Xcode/DerivedData/CodeLooper-crrddjihwjtfkwegrjrymctnfixv/Build/Intermediates.noindex/swift-collections.build/Debug/_RopeModule.build/Objects-normal/arm64/_RopeModule_dependency_info.dat -fobjc-link-runtime -L/Applications/Xcode-beta.app/Contents/Developer/Toolchains/XcodeDefault.xctoolchain/usr/lib/swift/macosx -L/usr/lib/swift -Xlinker -add_ast_path -Xlinker /Users/steipete/Library/Developer/Xcode/DerivedData/CodeLooper-crrddjihwjtfkwegrjrymctnfixv/Build/Intermediates.noindex/swift-collections.build/Debug/_RopeModule.build/Objects-normal/arm64/_RopeModule.swiftmodule @/Users/steipete/Library/Developer/Xcode/DerivedData/CodeLooper-crrddjihwjtfkwegrjrymctnfixv/Build/Intermediates.noindex/swift-collections.build/Debug/_RopeModule.build/Objects-normal/arm64/_RopeModule-linker-args.resp -o /Users/steipete/Library/Developer/Xcode/DerivedData/CodeLooper-crrddjihwjtfkwegrjrymctnfixv/Build/Products/Debug/_RopeModule.o

Ld /Users/steipete/Library/Developer/Xcode/DerivedData/CodeLooper-crrddjihwjtfkwegrjrymctnfixv/Build/Products/Debug/Tracing.o normal (in target 'Tracing' from project 'swift-distributed-tracing')
    cd /Users/steipete/Library/Developer/Xcode/DerivedData/CodeLooper-crrddjihwjtfkwegrjrymctnfixv/SourcePackages/checkouts/swift-distributed-tracing
    /Applications/Xcode-beta.app/Contents/Developer/Toolchains/XcodeDefault.xctoolchain/usr/bin/clang -Xlinker -reproducible -target arm64-apple-macos10.13 -r -isysroot /Applications/Xcode-beta.app/Contents/Developer/Platforms/MacOSX.platform/Developer/SDKs/MacOSX26.0.sdk -O0 -w -L/Users/steipete/Library/Developer/Xcode/DerivedData/CodeLooper-crrddjihwjtfkwegrjrymctnfixv/Build/Intermediates.noindex/EagerLinkingTBDs/Debug -L/Users/steipete/Library/Developer/Xcode/DerivedData/CodeLooper-crrddjihwjtfkwegrjrymctnfixv/Build/Products/Debug -L/Applications/Xcode-beta.app/Contents/Developer/Platforms/MacOSX.platform/Developer/usr/lib -F/Users/steipete/Library/Developer/Xcode/DerivedData/CodeLooper-crrddjihwjtfkwegrjrymctnfixv/Build/Intermediates.noindex/EagerLinkingTBDs/Debug -F/Users/steipete/Library/Developer/Xcode/DerivedData/CodeLooper-crrddjihwjtfkwegrjrymctnfixv/Build/Products/Debug/PackageFrameworks -F/Users/steipete/Library/Developer/Xcode/DerivedData/CodeLooper-crrddjihwjtfkwegrjrymctnfixv/Build/Products/Debug/PackageFrameworks -F/Users/steipete/Library/Developer/Xcode/DerivedData/CodeLooper-crrddjihwjtfkwegrjrymctnfixv/Build/Products/Debug -iframework /Applications/Xcode-beta.app/Contents/Developer/Platforms/MacOSX.platform/Developer/Library/Frameworks -filelist /Users/steipete/Library/Developer/Xcode/DerivedData/CodeLooper-crrddjihwjtfkwegrjrymctnfixv/Build/Intermediates.noindex/swift-distributed-tracing.build/Debug/Tracing.build/Objects-normal/arm64/Tracing.LinkFileList -nostdlib -Xlinker -object_path_lto -Xlinker /Users/steipete/Library/Developer/Xcode/DerivedData/CodeLooper-crrddjihwjtfkwegrjrymctnfixv/Build/Intermediates.noindex/swift-distributed-tracing.build/Debug/Tracing.build/Objects-normal/arm64/Tracing_lto.o -rdynamic -Xlinker -no_deduplicate -Xlinker -debug_variant -Xlinker -dependency_info -Xlinker /Users/steipete/Library/Developer/Xcode/DerivedData/CodeLooper-crrddjihwjtfkwegrjrymctnfixv/Build/Intermediates.noindex/swift-distributed-tracing.build/Debug/Tracing.build/Objects-normal/arm64/Tracing_dependency_info.dat -fobjc-link-runtime -L/Applications/Xcode-beta.app/Contents/Developer/Toolchains/XcodeDefault.xctoolchain/usr/lib/swift/macosx -L/usr/lib/swift -Xlinker -add_ast_path -Xlinker /Users/steipete/Library/Developer/Xcode/DerivedData/CodeLooper-crrddjihwjtfkwegrjrymctnfixv/Build/Intermediates.noindex/swift-distributed-tracing.build/Debug/Tracing.build/Objects-normal/arm64/Tracing.swiftmodule @/Users/steipete/Library/Developer/Xcode/DerivedData/CodeLooper-crrddjihwjtfkwegrjrymctnfixv/Build/Intermediates.noindex/swift-distributed-tracing.build/Debug/Tracing.build/Objects-normal/arm64/Tracing-linker-args.resp -o /Users/steipete/Library/Developer/Xcode/DerivedData/CodeLooper-crrddjihwjtfkwegrjrymctnfixv/Build/Products/Debug/Tracing.o

SwiftDriverJobDiscovery normal arm64 Compiling Element+Actions.swift, Element+ApplicationActions.swift, Element+ComputedName.swift, Element+ConvenienceAttributes.swift, Element+Description.swift, Element+Factory.swift (in target 'AXorcist' from project 'axPackage')

Ld /Users/steipete/Library/Developer/Xcode/DerivedData/CodeLooper-crrddjihwjtfkwegrjrymctnfixv/Build/Products/Debug/OrderedCollections.o normal (in target 'OrderedCollections' from project 'swift-collections')
    cd /Users/steipete/Library/Developer/Xcode/DerivedData/CodeLooper-crrddjihwjtfkwegrjrymctnfixv/SourcePackages/checkouts/swift-collections
    /Applications/Xcode-beta.app/Contents/Developer/Toolchains/XcodeDefault.xctoolchain/usr/bin/clang -Xlinker -reproducible -target arm64-apple-macos10.13 -r -isysroot /Applications/Xcode-beta.app/Contents/Developer/Platforms/MacOSX.platform/Developer/SDKs/MacOSX26.0.sdk -O0 -w -L/Users/steipete/Library/Developer/Xcode/DerivedData/CodeLooper-crrddjihwjtfkwegrjrymctnfixv/Build/Intermediates.noindex/EagerLinkingTBDs/Debug -L/Users/steipete/Library/Developer/Xcode/DerivedData/CodeLooper-crrddjihwjtfkwegrjrymctnfixv/Build/Products/Debug -L/Applications/Xcode-beta.app/Contents/Developer/Platforms/MacOSX.platform/Developer/usr/lib -F/Users/steipete/Library/Developer/Xcode/DerivedData/CodeLooper-crrddjihwjtfkwegrjrymctnfixv/Build/Intermediates.noindex/EagerLinkingTBDs/Debug -F/Users/steipete/Library/Developer/Xcode/DerivedData/CodeLooper-crrddjihwjtfkwegrjrymctnfixv/Build/Products/Debug/PackageFrameworks -F/Users/steipete/Library/Developer/Xcode/DerivedData/CodeLooper-crrddjihwjtfkwegrjrymctnfixv/Build/Products/Debug -iframework /Applications/Xcode-beta.app/Contents/Developer/Platforms/MacOSX.platform/Developer/Library/Frameworks -filelist /Users/steipete/Library/Developer/Xcode/DerivedData/CodeLooper-crrddjihwjtfkwegrjrymctnfixv/Build/Intermediates.noindex/swift-collections.build/Debug/OrderedCollections.build/Objects-normal/arm64/OrderedCollections.LinkFileList -nostdlib -Xlinker -object_path_lto -Xlinker /Users/steipete/Library/Developer/Xcode/DerivedData/CodeLooper-crrddjihwjtfkwegrjrymctnfixv/Build/Intermediates.noindex/swift-collections.build/Debug/OrderedCollections.build/Objects-normal/arm64/OrderedCollections_lto.o -rdynamic -Xlinker -no_deduplicate -Xlinker -debug_variant -Xlinker -dependency_info -Xlinker /Users/steipete/Library/Developer/Xcode/DerivedData/CodeLooper-crrddjihwjtfkwegrjrymctnfixv/Build/Intermediates.noindex/swift-collections.build/Debug/OrderedCollections.build/Objects-normal/arm64/OrderedCollections_dependency_info.dat -fobjc-link-runtime -L/Applications/Xcode-beta.app/Contents/Developer/Toolchains/XcodeDefault.xctoolchain/usr/lib/swift/macosx -L/usr/lib/swift -Xlinker -add_ast_path -Xlinker /Users/steipete/Library/Developer/Xcode/DerivedData/CodeLooper-crrddjihwjtfkwegrjrymctnfixv/Build/Intermediates.noindex/swift-collections.build/Debug/OrderedCollections.build/Objects-normal/arm64/OrderedCollections.swiftmodule @/Users/steipete/Library/Developer/Xcode/DerivedData/CodeLooper-crrddjihwjtfkwegrjrymctnfixv/Build/Intermediates.noindex/swift-collections.build/Debug/OrderedCollections.build/Objects-normal/arm64/OrderedCollections-linker-args.resp -o /Users/steipete/Library/Developer/Xcode/DerivedData/CodeLooper-crrddjihwjtfkwegrjrymctnfixv/Build/Products/Debug/OrderedCollections.o

Ld /Users/steipete/Library/Developer/Xcode/DerivedData/CodeLooper-crrddjihwjtfkwegrjrymctnfixv/Build/Products/Debug/OpenAPIRuntime.o normal (in target 'OpenAPIRuntime' from project 'swift-openapi-runtime')
    cd /Users/steipete/Library/Developer/Xcode/DerivedData/CodeLooper-crrddjihwjtfkwegrjrymctnfixv/SourcePackages/checkouts/swift-openapi-runtime
    /Applications/Xcode-beta.app/Contents/Developer/Toolchains/XcodeDefault.xctoolchain/usr/bin/clang -Xlinker -reproducible -target arm64-apple-macos10.15 -r -isysroot /Applications/Xcode-beta.app/Contents/Developer/Platforms/MacOSX.platform/Developer/SDKs/MacOSX26.0.sdk -O0 -w -L/Users/steipete/Library/Developer/Xcode/DerivedData/CodeLooper-crrddjihwjtfkwegrjrymctnfixv/Build/Intermediates.noindex/EagerLinkingTBDs/Debug -L/Users/steipete/Library/Developer/Xcode/DerivedData/CodeLooper-crrddjihwjtfkwegrjrymctnfixv/Build/Products/Debug -L/Applications/Xcode-beta.app/Contents/Developer/Platforms/MacOSX.platform/Developer/usr/lib -F/Users/steipete/Library/Developer/Xcode/DerivedData/CodeLooper-crrddjihwjtfkwegrjrymctnfixv/Build/Intermediates.noindex/EagerLinkingTBDs/Debug -F/Users/steipete/Library/Developer/Xcode/DerivedData/CodeLooper-crrddjihwjtfkwegrjrymctnfixv/Build/Products/Debug/PackageFrameworks -F/Users/steipete/Library/Developer/Xcode/DerivedData/CodeLooper-crrddjihwjtfkwegrjrymctnfixv/Build/Products/Debug -iframework /Applications/Xcode-beta.app/Contents/Developer/Platforms/MacOSX.platform/Developer/Library/Frameworks -filelist /Users/steipete/Library/Developer/Xcode/DerivedData/CodeLooper-crrddjihwjtfkwegrjrymctnfixv/Build/Intermediates.noindex/swift-openapi-runtime.build/Debug/OpenAPIRuntime.build/Objects-normal/arm64/OpenAPIRuntime.LinkFileList -nostdlib -Xlinker -object_path_lto -Xlinker /Users/steipete/Library/Developer/Xcode/DerivedData/CodeLooper-crrddjihwjtfkwegrjrymctnfixv/Build/Intermediates.noindex/swift-openapi-runtime.build/Debug/OpenAPIRuntime.build/Objects-normal/arm64/OpenAPIRuntime_lto.o -rdynamic -Xlinker -no_deduplicate -Xlinker -debug_variant -Xlinker -dependency_info -Xlinker /Users/steipete/Library/Developer/Xcode/DerivedData/CodeLooper-crrddjihwjtfkwegrjrymctnfixv/Build/Intermediates.noindex/swift-openapi-runtime.build/Debug/OpenAPIRuntime.build/Objects-normal/arm64/OpenAPIRuntime_dependency_info.dat -fobjc-link-runtime -L/Applications/Xcode-beta.app/Contents/Developer/Toolchains/XcodeDefault.xctoolchain/usr/lib/swift/macosx -L/usr/lib/swift -Xlinker -add_ast_path -Xlinker /Users/steipete/Library/Developer/Xcode/DerivedData/CodeLooper-crrddjihwjtfkwegrjrymctnfixv/Build/Intermediates.noindex/swift-openapi-runtime.build/Debug/OpenAPIRuntime.build/Objects-normal/arm64/OpenAPIRuntime.swiftmodule @/Users/steipete/Library/Developer/Xcode/DerivedData/CodeLooper-crrddjihwjtfkwegrjrymctnfixv/Build/Intermediates.noindex/swift-openapi-runtime.build/Debug/OpenAPIRuntime.build/Objects-normal/arm64/OpenAPIRuntime-linker-args.resp -o /Users/steipete/Library/Developer/Xcode/DerivedData/CodeLooper-crrddjihwjtfkwegrjrymctnfixv/Build/Products/Debug/OpenAPIRuntime.o

SwiftDriverJobDiscovery normal arm64 Compiling ValueCasters.swift, ValueFormatter.swift, ValueHelpers.swift, ValueParser.swift, ValueUnwrapper.swift (in target 'AXorcist' from project 'axPackage')

Ld /Users/steipete/Library/Developer/Xcode/DerivedData/CodeLooper-crrddjihwjtfkwegrjrymctnfixv/Build/Products/Debug/HashTreeCollections.o normal (in target 'HashTreeCollections' from project 'swift-collections')
    cd /Users/steipete/Library/Developer/Xcode/DerivedData/CodeLooper-crrddjihwjtfkwegrjrymctnfixv/SourcePackages/checkouts/swift-collections
    /Applications/Xcode-beta.app/Contents/Developer/Toolchains/XcodeDefault.xctoolchain/usr/bin/clang -Xlinker -reproducible -target arm64-apple-macos10.13 -r -isysroot /Applications/Xcode-beta.app/Contents/Developer/Platforms/MacOSX.platform/Developer/SDKs/MacOSX26.0.sdk -O0 -w -L/Users/steipete/Library/Developer/Xcode/DerivedData/CodeLooper-crrddjihwjtfkwegrjrymctnfixv/Build/Intermediates.noindex/EagerLinkingTBDs/Debug -L/Users/steipete/Library/Developer/Xcode/DerivedData/CodeLooper-crrddjihwjtfkwegrjrymctnfixv/Build/Products/Debug -L/Applications/Xcode-beta.app/Contents/Developer/Platforms/MacOSX.platform/Developer/usr/lib -F/Users/steipete/Library/Developer/Xcode/DerivedData/CodeLooper-crrddjihwjtfkwegrjrymctnfixv/Build/Intermediates.noindex/EagerLinkingTBDs/Debug -F/Users/steipete/Library/Developer/Xcode/DerivedData/CodeLooper-crrddjihwjtfkwegrjrymctnfixv/Build/Products/Debug/PackageFrameworks -F/Users/steipete/Library/Developer/Xcode/DerivedData/CodeLooper-crrddjihwjtfkwegrjrymctnfixv/Build/Products/Debug -iframework /Applications/Xcode-beta.app/Contents/Developer/Platforms/MacOSX.platform/Developer/Library/Frameworks -filelist /Users/steipete/Library/Developer/Xcode/DerivedData/CodeLooper-crrddjihwjtfkwegrjrymctnfixv/Build/Intermediates.noindex/swift-collections.build/Debug/HashTreeCollections.build/Objects-normal/arm64/HashTreeCollections.LinkFileList -nostdlib -Xlinker -object_path_lto -Xlinker /Users/steipete/Library/Developer/Xcode/DerivedData/CodeLooper-crrddjihwjtfkwegrjrymctnfixv/Build/Intermediates.noindex/swift-collections.build/Debug/HashTreeCollections.build/Objects-normal/arm64/HashTreeCollections_lto.o -rdynamic -Xlinker -no_deduplicate -Xlinker -debug_variant -Xlinker -dependency_info -Xlinker /Users/steipete/Library/Developer/Xcode/DerivedData/CodeLooper-crrddjihwjtfkwegrjrymctnfixv/Build/Intermediates.noindex/swift-collections.build/Debug/HashTreeCollections.build/Objects-normal/arm64/HashTreeCollections_dependency_info.dat -fobjc-link-runtime -L/Applications/Xcode-beta.app/Contents/Developer/Toolchains/XcodeDefault.xctoolchain/usr/lib/swift/macosx -L/usr/lib/swift -Xlinker -add_ast_path -Xlinker /Users/steipete/Library/Developer/Xcode/DerivedData/CodeLooper-crrddjihwjtfkwegrjrymctnfixv/Build/Intermediates.noindex/swift-collections.build/Debug/HashTreeCollections.build/Objects-normal/arm64/HashTreeCollections.swiftmodule @/Users/steipete/Library/Developer/Xcode/DerivedData/CodeLooper-crrddjihwjtfkwegrjrymctnfixv/Build/Intermediates.noindex/swift-collections.build/Debug/HashTreeCollections.build/Objects-normal/arm64/HashTreeCollections-linker-args.resp -o /Users/steipete/Library/Developer/Xcode/DerivedData/CodeLooper-crrddjihwjtfkwegrjrymctnfixv/Build/Products/Debug/HashTreeCollections.o

Ld /Users/steipete/Library/Developer/Xcode/DerivedData/CodeLooper-crrddjihwjtfkwegrjrymctnfixv/Build/Products/Debug/DequeModule.o normal (in target 'DequeModule' from project 'swift-collections')
    cd /Users/steipete/Library/Developer/Xcode/DerivedData/CodeLooper-crrddjihwjtfkwegrjrymctnfixv/SourcePackages/checkouts/swift-collections
    /Applications/Xcode-beta.app/Contents/Developer/Toolchains/XcodeDefault.xctoolchain/usr/bin/clang -Xlinker -reproducible -target arm64-apple-macos10.13 -r -isysroot /Applications/Xcode-beta.app/Contents/Developer/Platforms/MacOSX.platform/Developer/SDKs/MacOSX26.0.sdk -O0 -w -L/Users/steipete/Library/Developer/Xcode/DerivedData/CodeLooper-crrddjihwjtfkwegrjrymctnfixv/Build/Intermediates.noindex/EagerLinkingTBDs/Debug -L/Users/steipete/Library/Developer/Xcode/DerivedData/CodeLooper-crrddjihwjtfkwegrjrymctnfixv/Build/Products/Debug -L/Applications/Xcode-beta.app/Contents/Developer/Platforms/MacOSX.platform/Developer/usr/lib -F/Users/steipete/Library/Developer/Xcode/DerivedData/CodeLooper-crrddjihwjtfkwegrjrymctnfixv/Build/Intermediates.noindex/EagerLinkingTBDs/Debug -F/Users/steipete/Library/Developer/Xcode/DerivedData/CodeLooper-crrddjihwjtfkwegrjrymctnfixv/Build/Products/Debug/PackageFrameworks -F/Users/steipete/Library/Developer/Xcode/DerivedData/CodeLooper-crrddjihwjtfkwegrjrymctnfixv/Build/Products/Debug -iframework /Applications/Xcode-beta.app/Contents/Developer/Platforms/MacOSX.platform/Developer/Library/Frameworks -filelist /Users/steipete/Library/Developer/Xcode/DerivedData/CodeLooper-crrddjihwjtfkwegrjrymctnfixv/Build/Intermediates.noindex/swift-collections.build/Debug/DequeModule.build/Objects-normal/arm64/DequeModule.LinkFileList -nostdlib -Xlinker -object_path_lto -Xlinker /Users/steipete/Library/Developer/Xcode/DerivedData/CodeLooper-crrddjihwjtfkwegrjrymctnfixv/Build/Intermediates.noindex/swift-collections.build/Debug/DequeModule.build/Objects-normal/arm64/DequeModule_lto.o -rdynamic -Xlinker -no_deduplicate -Xlinker -debug_variant -Xlinker -dependency_info -Xlinker /Users/steipete/Library/Developer/Xcode/DerivedData/CodeLooper-crrddjihwjtfkwegrjrymctnfixv/Build/Intermediates.noindex/swift-collections.build/Debug/DequeModule.build/Objects-normal/arm64/DequeModule_dependency_info.dat -fobjc-link-runtime -L/Applications/Xcode-beta.app/Contents/Developer/Toolchains/XcodeDefault.xctoolchain/usr/lib/swift/macosx -L/usr/lib/swift -Xlinker -add_ast_path -Xlinker /Users/steipete/Library/Developer/Xcode/DerivedData/CodeLooper-crrddjihwjtfkwegrjrymctnfixv/Build/Intermediates.noindex/swift-collections.build/Debug/DequeModule.build/Objects-normal/arm64/DequeModule.swiftmodule @/Users/steipete/Library/Developer/Xcode/DerivedData/CodeLooper-crrddjihwjtfkwegrjrymctnfixv/Build/Intermediates.noindex/swift-collections.build/Debug/DequeModule.build/Objects-normal/arm64/DequeModule-linker-args.resp -o /Users/steipete/Library/Developer/Xcode/DerivedData/CodeLooper-crrddjihwjtfkwegrjrymctnfixv/Build/Products/Debug/DequeModule.o

Ld /Users/steipete/Library/Developer/Xcode/DerivedData/CodeLooper-crrddjihwjtfkwegrjrymctnfixv/Build/Products/Debug/BitCollections.o normal (in target 'BitCollections' from project 'swift-collections')
    cd /Users/steipete/Library/Developer/Xcode/DerivedData/CodeLooper-crrddjihwjtfkwegrjrymctnfixv/SourcePackages/checkouts/swift-collections
    /Applications/Xcode-beta.app/Contents/Developer/Toolchains/XcodeDefault.xctoolchain/usr/bin/clang -Xlinker -reproducible -target arm64-apple-macos10.13 -r -isysroot /Applications/Xcode-beta.app/Contents/Developer/Platforms/MacOSX.platform/Developer/SDKs/MacOSX26.0.sdk -O0 -w -L/Users/steipete/Library/Developer/Xcode/DerivedData/CodeLooper-crrddjihwjtfkwegrjrymctnfixv/Build/Intermediates.noindex/EagerLinkingTBDs/Debug -L/Users/steipete/Library/Developer/Xcode/DerivedData/CodeLooper-crrddjihwjtfkwegrjrymctnfixv/Build/Products/Debug -L/Applications/Xcode-beta.app/Contents/Developer/Platforms/MacOSX.platform/Developer/usr/lib -F/Users/steipete/Library/Developer/Xcode/DerivedData/CodeLooper-crrddjihwjtfkwegrjrymctnfixv/Build/Intermediates.noindex/EagerLinkingTBDs/Debug -F/Users/steipete/Library/Developer/Xcode/DerivedData/CodeLooper-crrddjihwjtfkwegrjrymctnfixv/Build/Products/Debug/PackageFrameworks -F/Users/steipete/Library/Developer/Xcode/DerivedData/CodeLooper-crrddjihwjtfkwegrjrymctnfixv/Build/Products/Debug -iframework /Applications/Xcode-beta.app/Contents/Developer/Platforms/MacOSX.platform/Developer/Library/Frameworks -filelist /Users/steipete/Library/Developer/Xcode/DerivedData/CodeLooper-crrddjihwjtfkwegrjrymctnfixv/Build/Intermediates.noindex/swift-collections.build/Debug/BitCollections.build/Objects-normal/arm64/BitCollections.LinkFileList -nostdlib -Xlinker -object_path_lto -Xlinker /Users/steipete/Library/Developer/Xcode/DerivedData/CodeLooper-crrddjihwjtfkwegrjrymctnfixv/Build/Intermediates.noindex/swift-collections.build/Debug/BitCollections.build/Objects-normal/arm64/BitCollections_lto.o -rdynamic -Xlinker -no_deduplicate -Xlinker -debug_variant -Xlinker -dependency_info -Xlinker /Users/steipete/Library/Developer/Xcode/DerivedData/CodeLooper-crrddjihwjtfkwegrjrymctnfixv/Build/Intermediates.noindex/swift-collections.build/Debug/BitCollections.build/Objects-normal/arm64/BitCollections_dependency_info.dat -fobjc-link-runtime -L/Applications/Xcode-beta.app/Contents/Developer/Toolchains/XcodeDefault.xctoolchain/usr/lib/swift/macosx -L/usr/lib/swift -Xlinker -add_ast_path -Xlinker /Users/steipete/Library/Developer/Xcode/DerivedData/CodeLooper-crrddjihwjtfkwegrjrymctnfixv/Build/Intermediates.noindex/swift-collections.build/Debug/BitCollections.build/Objects-normal/arm64/BitCollections.swiftmodule @/Users/steipete/Library/Developer/Xcode/DerivedData/CodeLooper-crrddjihwjtfkwegrjrymctnfixv/Build/Intermediates.noindex/swift-collections.build/Debug/BitCollections.build/Objects-normal/arm64/BitCollections-linker-args.resp -o /Users/steipete/Library/Developer/Xcode/DerivedData/CodeLooper-crrddjihwjtfkwegrjrymctnfixv/Build/Products/Debug/BitCollections.o

SwiftDriverJobDiscovery normal arm64 Compiling PathHintComponent.swift, PathNavigationCore.swift, PathNavigationJSON.swift, PathNavigationMatching.swift, PathNavigationUtilities.swift, PathNavigator.swift (in target 'AXorcist' from project 'axPackage')

SwiftDriverJobDiscovery normal arm64 Compiling AXTrustUtil.swift, AXUtilities.swift, CustomCharacterSet.swift, GeneralParsingUtils.swift, RunningApplicationHelper.swift, Scanner.swift (in target 'AXorcist' from project 'axPackage')

ExtractAppIntentsMetadata (in target '_RopeModule' from project 'swift-collections')
    cd /Users/steipete/Library/Developer/Xcode/DerivedData/CodeLooper-crrddjihwjtfkwegrjrymctnfixv/SourcePackages/checkouts/swift-collections
    /Applications/Xcode-beta.app/Contents/Developer/Toolchains/XcodeDefault.xctoolchain/usr/bin/appintentsmetadataprocessor --toolchain-dir /Applications/Xcode-beta.app/Contents/Developer/Toolchains/XcodeDefault.xctoolchain --module-name _RopeModule --sdk-root /Applications/Xcode-beta.app/Contents/Developer/Platforms/MacOSX.platform/Developer/SDKs/MacOSX26.0.sdk --xcode-version 17A5241e --platform-family macOS --deployment-target 10.13 --bundle-identifier swift-collections.-RopeModule --output /Users/steipete/Library/Developer/Xcode/DerivedData/CodeLooper-crrddjihwjtfkwegrjrymctnfixv/Build/Products/Debug/_RopeModule.appintents --target-triple arm64-apple-macos10.13 --binary-file /Users/steipete/Library/Developer/Xcode/DerivedData/CodeLooper-crrddjihwjtfkwegrjrymctnfixv/Build/Products/Debug/_RopeModule.o --dependency-file /Users/steipete/Library/Developer/Xcode/DerivedData/CodeLooper-crrddjihwjtfkwegrjrymctnfixv/Build/Intermediates.noindex/swift-collections.build/Debug/_RopeModule.build/Objects-normal/arm64/_RopeModule_dependency_info.dat --stringsdata-file /Users/steipete/Library/Developer/Xcode/DerivedData/CodeLooper-crrddjihwjtfkwegrjrymctnfixv/Build/Intermediates.noindex/swift-collections.build/Debug/_RopeModule.build/Objects-normal/arm64/ExtractedAppShortcutsMetadata.stringsdata --source-file-list /Users/steipete/Library/Developer/Xcode/DerivedData/CodeLooper-crrddjihwjtfkwegrjrymctnfixv/Build/Intermediates.noindex/swift-collections.build/Debug/_RopeModule.build/Objects-normal/arm64/_RopeModule.SwiftFileList --metadata-file-list /Users/steipete/Library/Developer/Xcode/DerivedData/CodeLooper-crrddjihwjtfkwegrjrymctnfixv/Build/Intermediates.noindex/swift-collections.build/Debug/_RopeModule.build/_RopeModule.DependencyMetadataFileList --static-metadata-file-list /Users/steipete/Library/Developer/Xcode/DerivedData/CodeLooper-crrddjihwjtfkwegrjrymctnfixv/Build/Intermediates.noindex/swift-collections.build/Debug/_RopeModule.build/_RopeModule.DependencyStaticMetadataFileList --swift-const-vals-list /Users/steipete/Library/Developer/Xcode/DerivedData/CodeLooper-crrddjihwjtfkwegrjrymctnfixv/Build/Intermediates.noindex/swift-collections.build/Debug/_RopeModule.build/Objects-normal/arm64/_RopeModule.SwiftConstValuesFileList --force --compile-time-extraction --deployment-aware-processing --validate-assistant-intents --no-app-shortcuts-localization
2025-06-10 00:10:36.627 appintentsmetadataprocessor[98616:11268298] Starting appintentsmetadataprocessor export
2025-06-10 00:10:36.668 appintentsmetadataprocessor[98616:11268298] Extracted no relevant App Intents symbols, skipping writing output

ExtractAppIntentsMetadata (in target 'Tracing' from project 'swift-distributed-tracing')
    cd /Users/steipete/Library/Developer/Xcode/DerivedData/CodeLooper-crrddjihwjtfkwegrjrymctnfixv/SourcePackages/checkouts/swift-distributed-tracing
    /Applications/Xcode-beta.app/Contents/Developer/Toolchains/XcodeDefault.xctoolchain/usr/bin/appintentsmetadataprocessor --toolchain-dir /Applications/Xcode-beta.app/Contents/Developer/Toolchains/XcodeDefault.xctoolchain --module-name Tracing --sdk-root /Applications/Xcode-beta.app/Contents/Developer/Platforms/MacOSX.platform/Developer/SDKs/MacOSX26.0.sdk --xcode-version 17A5241e --platform-family macOS --deployment-target 10.13 --bundle-identifier swift-distributed-tracing.Tracing --output /Users/steipete/Library/Developer/Xcode/DerivedData/CodeLooper-crrddjihwjtfkwegrjrymctnfixv/Build/Products/Debug/Tracing.appintents --target-triple arm64-apple-macos10.13 --binary-file /Users/steipete/Library/Developer/Xcode/DerivedData/CodeLooper-crrddjihwjtfkwegrjrymctnfixv/Build/Products/Debug/Tracing.o --dependency-file /Users/steipete/Library/Developer/Xcode/DerivedData/CodeLooper-crrddjihwjtfkwegrjrymctnfixv/Build/Intermediates.noindex/swift-distributed-tracing.build/Debug/Tracing.build/Objects-normal/arm64/Tracing_dependency_info.dat --stringsdata-file /Users/steipete/Library/Developer/Xcode/DerivedData/CodeLooper-crrddjihwjtfkwegrjrymctnfixv/Build/Intermediates.noindex/swift-distributed-tracing.build/Debug/Tracing.build/Objects-normal/arm64/ExtractedAppShortcutsMetadata.stringsdata --source-file-list /Users/steipete/Library/Developer/Xcode/DerivedData/CodeLooper-crrddjihwjtfkwegrjrymctnfixv/Build/Intermediates.noindex/swift-distributed-tracing.build/Debug/Tracing.build/Objects-normal/arm64/Tracing.SwiftFileList --metadata-file-list /Users/steipete/Library/Developer/Xcode/DerivedData/CodeLooper-crrddjihwjtfkwegrjrymctnfixv/Build/Intermediates.noindex/swift-distributed-tracing.build/Debug/Tracing.build/Tracing.DependencyMetadataFileList --static-metadata-file-list /Users/steipete/Library/Developer/Xcode/DerivedData/CodeLooper-crrddjihwjtfkwegrjrymctnfixv/Build/Intermediates.noindex/swift-distributed-tracing.build/Debug/Tracing.build/Tracing.DependencyStaticMetadataFileList --swift-const-vals-list /Users/steipete/Library/Developer/Xcode/DerivedData/CodeLooper-crrddjihwjtfkwegrjrymctnfixv/Build/Intermediates.noindex/swift-distributed-tracing.build/Debug/Tracing.build/Objects-normal/arm64/Tracing.SwiftConstValuesFileList --force --compile-time-extraction --deployment-aware-processing --validate-assistant-intents --no-app-shortcuts-localization
2025-06-10 00:10:36.628 appintentsmetadataprocessor[98617:11268300] Starting appintentsmetadataprocessor export
2025-06-10 00:10:36.664 appintentsmetadataprocessor[98617:11268300] Extracted no relevant App Intents symbols, skipping writing output

SwiftDriverJobDiscovery normal arm64 Compiling AXAttributeValueType.swift, AXCommands.swift, AXError+Extensions.swift, AXError+StringConversion.swift, AXObserverCenter.swift, AXPermissionHelpers.swift (in target 'AXorcist' from project 'axPackage')

SwiftDriverJobDiscovery normal arm64 Compiling AnyCodable.swift, Attribute.swift, CFConstants.swift, CommandEnvelope.swift, CommandTypes.swift, DataModels.swift (in target 'AXorcist' from project 'axPackage')

ExtractAppIntentsMetadata (in target 'OrderedCollections' from project 'swift-collections')
    cd /Users/steipete/Library/Developer/Xcode/DerivedData/CodeLooper-crrddjihwjtfkwegrjrymctnfixv/SourcePackages/checkouts/swift-collections
    /Applications/Xcode-beta.app/Contents/Developer/Toolchains/XcodeDefault.xctoolchain/usr/bin/appintentsmetadataprocessor --toolchain-dir /Applications/Xcode-beta.app/Contents/Developer/Toolchains/XcodeDefault.xctoolchain --module-name OrderedCollections --sdk-root /Applications/Xcode-beta.app/Contents/Developer/Platforms/MacOSX.platform/Developer/SDKs/MacOSX26.0.sdk --xcode-version 17A5241e --platform-family macOS --deployment-target 10.13 --bundle-identifier swift-collections.OrderedCollections --output /Users/steipete/Library/Developer/Xcode/DerivedData/CodeLooper-crrddjihwjtfkwegrjrymctnfixv/Build/Products/Debug/OrderedCollections.appintents --target-triple arm64-apple-macos10.13 --binary-file /Users/steipete/Library/Developer/Xcode/DerivedData/CodeLooper-crrddjihwjtfkwegrjrymctnfixv/Build/Products/Debug/OrderedCollections.o --dependency-file /Users/steipete/Library/Developer/Xcode/DerivedData/CodeLooper-crrddjihwjtfkwegrjrymctnfixv/Build/Intermediates.noindex/swift-collections.build/Debug/OrderedCollections.build/Objects-normal/arm64/OrderedCollections_dependency_info.dat --stringsdata-file /Users/steipete/Library/Developer/Xcode/DerivedData/CodeLooper-crrddjihwjtfkwegrjrymctnfixv/Build/Intermediates.noindex/swift-collections.build/Debug/OrderedCollections.build/Objects-normal/arm64/ExtractedAppShortcutsMetadata.stringsdata --source-file-list /Users/steipete/Library/Developer/Xcode/DerivedData/CodeLooper-crrddjihwjtfkwegrjrymctnfixv/Build/Intermediates.noindex/swift-collections.build/Debug/OrderedCollections.build/Objects-normal/arm64/OrderedCollections.SwiftFileList --metadata-file-list /Users/steipete/Library/Developer/Xcode/DerivedData/CodeLooper-crrddjihwjtfkwegrjrymctnfixv/Build/Intermediates.noindex/swift-collections.build/Debug/OrderedCollections.build/OrderedCollections.DependencyMetadataFileList --static-metadata-file-list /Users/steipete/Library/Developer/Xcode/DerivedData/CodeLooper-crrddjihwjtfkwegrjrymctnfixv/Build/Intermediates.noindex/swift-collections.build/Debug/OrderedCollections.build/OrderedCollections.DependencyStaticMetadataFileList --swift-const-vals-list /Users/steipete/Library/Developer/Xcode/DerivedData/CodeLooper-crrddjihwjtfkwegrjrymctnfixv/Build/Intermediates.noindex/swift-collections.build/Debug/OrderedCollections.build/Objects-normal/arm64/OrderedCollections.SwiftConstValuesFileList --force --compile-time-extraction --deployment-aware-processing --validate-assistant-intents --no-app-shortcuts-localization
2025-06-10 00:10:36.642 appintentsmetadataprocessor[98618:11268338] Starting appintentsmetadataprocessor export
2025-06-10 00:10:36.679 appintentsmetadataprocessor[98618:11268338] Extracted no relevant App Intents symbols, skipping writing output

ExtractAppIntentsMetadata (in target 'OpenAPIRuntime' from project 'swift-openapi-runtime')
    cd /Users/steipete/Library/Developer/Xcode/DerivedData/CodeLooper-crrddjihwjtfkwegrjrymctnfixv/SourcePackages/checkouts/swift-openapi-runtime
    /Applications/Xcode-beta.app/Contents/Developer/Toolchains/XcodeDefault.xctoolchain/usr/bin/appintentsmetadataprocessor --toolchain-dir /Applications/Xcode-beta.app/Contents/Developer/Toolchains/XcodeDefault.xctoolchain --module-name OpenAPIRuntime --sdk-root /Applications/Xcode-beta.app/Contents/Developer/Platforms/MacOSX.platform/Developer/SDKs/MacOSX26.0.sdk --xcode-version 17A5241e --platform-family macOS --deployment-target 10.15 --bundle-identifier swift-openapi-runtime.OpenAPIRuntime --output /Users/steipete/Library/Developer/Xcode/DerivedData/CodeLooper-crrddjihwjtfkwegrjrymctnfixv/Build/Products/Debug/OpenAPIRuntime.appintents --target-triple arm64-apple-macos10.15 --binary-file /Users/steipete/Library/Developer/Xcode/DerivedData/CodeLooper-crrddjihwjtfkwegrjrymctnfixv/Build/Products/Debug/OpenAPIRuntime.o --dependency-file /Users/steipete/Library/Developer/Xcode/DerivedData/CodeLooper-crrddjihwjtfkwegrjrymctnfixv/Build/Intermediates.noindex/swift-openapi-runtime.build/Debug/OpenAPIRuntime.build/Objects-normal/arm64/OpenAPIRuntime_dependency_info.dat --stringsdata-file /Users/steipete/Library/Developer/Xcode/DerivedData/CodeLooper-crrddjihwjtfkwegrjrymctnfixv/Build/Intermediates.noindex/swift-openapi-runtime.build/Debug/OpenAPIRuntime.build/Objects-normal/arm64/ExtractedAppShortcutsMetadata.stringsdata --source-file-list /Users/steipete/Library/Developer/Xcode/DerivedData/CodeLooper-crrddjihwjtfkwegrjrymctnfixv/Build/Intermediates.noindex/swift-openapi-runtime.build/Debug/OpenAPIRuntime.build/Objects-normal/arm64/OpenAPIRuntime.SwiftFileList --metadata-file-list /Users/steipete/Library/Developer/Xcode/DerivedData/CodeLooper-crrddjihwjtfkwegrjrymctnfixv/Build/Intermediates.noindex/swift-openapi-runtime.build/Debug/OpenAPIRuntime.build/OpenAPIRuntime.DependencyMetadataFileList --static-metadata-file-list /Users/steipete/Library/Developer/Xcode/DerivedData/CodeLooper-crrddjihwjtfkwegrjrymctnfixv/Build/Intermediates.noindex/swift-openapi-runtime.build/Debug/OpenAPIRuntime.build/OpenAPIRuntime.DependencyStaticMetadataFileList --swift-const-vals-list /Users/steipete/Library/Developer/Xcode/DerivedData/CodeLooper-crrddjihwjtfkwegrjrymctnfixv/Build/Intermediates.noindex/swift-openapi-runtime.build/Debug/OpenAPIRuntime.build/Objects-normal/arm64/OpenAPIRuntime.SwiftConstValuesFileList --force --compile-time-extraction --deployment-aware-processing --validate-assistant-intents --no-app-shortcuts-localization
2025-06-10 00:10:36.645 appintentsmetadataprocessor[98619:11268339] Starting appintentsmetadataprocessor export
2025-06-10 00:10:36.684 appintentsmetadataprocessor[98619:11268339] Extracted no relevant App Intents symbols, skipping writing output

SwiftDriverJobDiscovery normal arm64 Compiling AttributeBuilders.swift, AttributeExtractors.swift, AttributeFormatter.swift, AttributeFormatters.swift, AttributeHelpers.swift, AttributeMatcher.swift (in target 'AXorcist' from project 'axPackage')

SwiftDriverJobDiscovery normal arm64 Compiling AXUIElement+Static.swift, AXValue+Extensions.swift, AXorcist+ActionHandlers.swift, AXorcist+BatchHandler.swift, AXorcist+FocusedElementHandler.swift, AXorcist+GetElementAtPointHandler.swift (in target 'AXorcist' from project 'axPackage')

ExtractAppIntentsMetadata (in target 'HashTreeCollections' from project 'swift-collections')
    cd /Users/steipete/Library/Developer/Xcode/DerivedData/CodeLooper-crrddjihwjtfkwegrjrymctnfixv/SourcePackages/checkouts/swift-collections
    /Applications/Xcode-beta.app/Contents/Developer/Toolchains/XcodeDefault.xctoolchain/usr/bin/appintentsmetadataprocessor --toolchain-dir /Applications/Xcode-beta.app/Contents/Developer/Toolchains/XcodeDefault.xctoolchain --module-name HashTreeCollections --sdk-root /Applications/Xcode-beta.app/Contents/Developer/Platforms/MacOSX.platform/Developer/SDKs/MacOSX26.0.sdk --xcode-version 17A5241e --platform-family macOS --deployment-target 10.13 --bundle-identifier swift-collections.HashTreeCollections --output /Users/steipete/Library/Developer/Xcode/DerivedData/CodeLooper-crrddjihwjtfkwegrjrymctnfixv/Build/Products/Debug/HashTreeCollections.appintents --target-triple arm64-apple-macos10.13 --binary-file /Users/steipete/Library/Developer/Xcode/DerivedData/CodeLooper-crrddjihwjtfkwegrjrymctnfixv/Build/Products/Debug/HashTreeCollections.o --dependency-file /Users/steipete/Library/Developer/Xcode/DerivedData/CodeLooper-crrddjihwjtfkwegrjrymctnfixv/Build/Intermediates.noindex/swift-collections.build/Debug/HashTreeCollections.build/Objects-normal/arm64/HashTreeCollections_dependency_info.dat --stringsdata-file /Users/steipete/Library/Developer/Xcode/DerivedData/CodeLooper-crrddjihwjtfkwegrjrymctnfixv/Build/Intermediates.noindex/swift-collections.build/Debug/HashTreeCollections.build/Objects-normal/arm64/ExtractedAppShortcutsMetadata.stringsdata --source-file-list /Users/steipete/Library/Developer/Xcode/DerivedData/CodeLooper-crrddjihwjtfkwegrjrymctnfixv/Build/Intermediates.noindex/swift-collections.build/Debug/HashTreeCollections.build/Objects-normal/arm64/HashTreeCollections.SwiftFileList --metadata-file-list /Users/steipete/Library/Developer/Xcode/DerivedData/CodeLooper-crrddjihwjtfkwegrjrymctnfixv/Build/Intermediates.noindex/swift-collections.build/Debug/HashTreeCollections.build/HashTreeCollections.DependencyMetadataFileList --static-metadata-file-list /Users/steipete/Library/Developer/Xcode/DerivedData/CodeLooper-crrddjihwjtfkwegrjrymctnfixv/Build/Intermediates.noindex/swift-collections.build/Debug/HashTreeCollections.build/HashTreeCollections.DependencyStaticMetadataFileList --swift-const-vals-list /Users/steipete/Library/Developer/Xcode/DerivedData/CodeLooper-crrddjihwjtfkwegrjrymctnfixv/Build/Intermediates.noindex/swift-collections.build/Debug/HashTreeCollections.build/Objects-normal/arm64/HashTreeCollections.SwiftConstValuesFileList --force --compile-time-extraction --deployment-aware-processing --validate-assistant-intents --no-app-shortcuts-localization
2025-06-10 00:10:36.667 appintentsmetadataprocessor[98620:11268346] Starting appintentsmetadataprocessor export
2025-06-10 00:10:36.706 appintentsmetadataprocessor[98620:11268346] Extracted no relevant App Intents symbols, skipping writing output

ExtractAppIntentsMetadata (in target 'DequeModule' from project 'swift-collections')
    cd /Users/steipete/Library/Developer/Xcode/DerivedData/CodeLooper-crrddjihwjtfkwegrjrymctnfixv/SourcePackages/checkouts/swift-collections
    /Applications/Xcode-beta.app/Contents/Developer/Toolchains/XcodeDefault.xctoolchain/usr/bin/appintentsmetadataprocessor --toolchain-dir /Applications/Xcode-beta.app/Contents/Developer/Toolchains/XcodeDefault.xctoolchain --module-name DequeModule --sdk-root /Applications/Xcode-beta.app/Contents/Developer/Platforms/MacOSX.platform/Developer/SDKs/MacOSX26.0.sdk --xcode-version 17A5241e --platform-family macOS --deployment-target 10.13 --bundle-identifier swift-collections.DequeModule --output /Users/steipete/Library/Developer/Xcode/DerivedData/CodeLooper-crrddjihwjtfkwegrjrymctnfixv/Build/Products/Debug/DequeModule.appintents --target-triple arm64-apple-macos10.13 --binary-file /Users/steipete/Library/Developer/Xcode/DerivedData/CodeLooper-crrddjihwjtfkwegrjrymctnfixv/Build/Products/Debug/DequeModule.o --dependency-file /Users/steipete/Library/Developer/Xcode/DerivedData/CodeLooper-crrddjihwjtfkwegrjrymctnfixv/Build/Intermediates.noindex/swift-collections.build/Debug/DequeModule.build/Objects-normal/arm64/DequeModule_dependency_info.dat --stringsdata-file /Users/steipete/Library/Developer/Xcode/DerivedData/CodeLooper-crrddjihwjtfkwegrjrymctnfixv/Build/Intermediates.noindex/swift-collections.build/Debug/DequeModule.build/Objects-normal/arm64/ExtractedAppShortcutsMetadata.stringsdata --source-file-list /Users/steipete/Library/Developer/Xcode/DerivedData/CodeLooper-crrddjihwjtfkwegrjrymctnfixv/Build/Intermediates.noindex/swift-collections.build/Debug/DequeModule.build/Objects-normal/arm64/DequeModule.SwiftFileList --metadata-file-list /Users/steipete/Library/Developer/Xcode/DerivedData/CodeLooper-crrddjihwjtfkwegrjrymctnfixv/Build/Intermediates.noindex/swift-collections.build/Debug/DequeModule.build/DequeModule.DependencyMetadataFileList --static-metadata-file-list /Users/steipete/Library/Developer/Xcode/DerivedData/CodeLooper-crrddjihwjtfkwegrjrymctnfixv/Build/Intermediates.noindex/swift-collections.build/Debug/DequeModule.build/DequeModule.DependencyStaticMetadataFileList --swift-const-vals-list /Users/steipete/Library/Developer/Xcode/DerivedData/CodeLooper-crrddjihwjtfkwegrjrymctnfixv/Build/Intermediates.noindex/swift-collections.build/Debug/DequeModule.build/Objects-normal/arm64/DequeModule.SwiftConstValuesFileList --force --compile-time-extraction --deployment-aware-processing --validate-assistant-intents --no-app-shortcuts-localization
2025-06-10 00:10:36.665 appintentsmetadataprocessor[98621:11268347] Starting appintentsmetadataprocessor export
2025-06-10 00:10:36.702 appintentsmetadataprocessor[98621:11268347] Extracted no relevant App Intents symbols, skipping writing output

SwiftDriverJobDiscovery normal arm64 Compiling Element.swift, ElementFactories.swift, MatchingTypes.swift, NotificationTypes.swift, NotificationWatcher.swift, ObserverHelpers.swift (in target 'AXorcist' from project 'axPackage')

ExtractAppIntentsMetadata (in target 'BitCollections' from project 'swift-collections')
    cd /Users/steipete/Library/Developer/Xcode/DerivedData/CodeLooper-crrddjihwjtfkwegrjrymctnfixv/SourcePackages/checkouts/swift-collections
    /Applications/Xcode-beta.app/Contents/Developer/Toolchains/XcodeDefault.xctoolchain/usr/bin/appintentsmetadataprocessor --toolchain-dir /Applications/Xcode-beta.app/Contents/Developer/Toolchains/XcodeDefault.xctoolchain --module-name BitCollections --sdk-root /Applications/Xcode-beta.app/Contents/Developer/Platforms/MacOSX.platform/Developer/SDKs/MacOSX26.0.sdk --xcode-version 17A5241e --platform-family macOS --deployment-target 10.13 --bundle-identifier swift-collections.BitCollections --output /Users/steipete/Library/Developer/Xcode/DerivedData/CodeLooper-crrddjihwjtfkwegrjrymctnfixv/Build/Products/Debug/BitCollections.appintents --target-triple arm64-apple-macos10.13 --binary-file /Users/steipete/Library/Developer/Xcode/DerivedData/CodeLooper-crrddjihwjtfkwegrjrymctnfixv/Build/Products/Debug/BitCollections.o --dependency-file /Users/steipete/Library/Developer/Xcode/DerivedData/CodeLooper-crrddjihwjtfkwegrjrymctnfixv/Build/Intermediates.noindex/swift-collections.build/Debug/BitCollections.build/Objects-normal/arm64/BitCollections_dependency_info.dat --stringsdata-file /Users/steipete/Library/Developer/Xcode/DerivedData/CodeLooper-crrddjihwjtfkwegrjrymctnfixv/Build/Intermediates.noindex/swift-collections.build/Debug/BitCollections.build/Objects-normal/arm64/ExtractedAppShortcutsMetadata.stringsdata --source-file-list /Users/steipete/Library/Developer/Xcode/DerivedData/CodeLooper-crrddjihwjtfkwegrjrymctnfixv/Build/Intermediates.noindex/swift-collections.build/Debug/BitCollections.build/Objects-normal/arm64/BitCollections.SwiftFileList --metadata-file-list /Users/steipete/Library/Developer/Xcode/DerivedData/CodeLooper-crrddjihwjtfkwegrjrymctnfixv/Build/Intermediates.noindex/swift-collections.build/Debug/BitCollections.build/BitCollections.DependencyMetadataFileList --static-metadata-file-list /Users/steipete/Library/Developer/Xcode/DerivedData/CodeLooper-crrddjihwjtfkwegrjrymctnfixv/Build/Intermediates.noindex/swift-collections.build/Debug/BitCollections.build/BitCollections.DependencyStaticMetadataFileList --swift-const-vals-list /Users/steipete/Library/Developer/Xcode/DerivedData/CodeLooper-crrddjihwjtfkwegrjrymctnfixv/Build/Intermediates.noindex/swift-collections.build/Debug/BitCollections.build/Objects-normal/arm64/BitCollections.SwiftConstValuesFileList --force --compile-time-extraction --deployment-aware-processing --validate-assistant-intents --no-app-shortcuts-localization
2025-06-10 00:10:36.672 appintentsmetadataprocessor[98622:11268353] Starting appintentsmetadataprocessor export
2025-06-10 00:10:36.710 appintentsmetadataprocessor[98622:11268353] Extracted no relevant App Intents symbols, skipping writing output

SwiftDriver OpenAI normal arm64 com.apple.xcode.tools.swift.compiler (in target 'OpenAI' from project 'OpenAI')
    cd /Users/steipete/Projects/CodeLooper
    builtin-SwiftDriver -- /Applications/Xcode-beta.app/Contents/Developer/Toolchains/XcodeDefault.xctoolchain/usr/bin/swiftc -module-name OpenAI -Onone -enforce-exclusivity\=checked @/Users/steipete/Library/Developer/Xcode/DerivedData/CodeLooper-crrddjihwjtfkwegrjrymctnfixv/Build/Intermediates.noindex/OpenAI.build/Debug/OpenAI.build/Objects-normal/arm64/OpenAI.SwiftFileList -DSWIFT_PACKAGE -DDEBUG -DSWIFT_MODULE_RESOURCE_BUNDLE_UNAVAILABLE -DXcode -plugin-path /Applications/Xcode-beta.app/Contents/Developer/Toolchains/XcodeDefault.xctoolchain/usr/lib/swift/host/plugins/testing -enable-experimental-feature DebugDescriptionMacro -sdk /Applications/Xcode-beta.app/Contents/Developer/Platforms/MacOSX.platform/Developer/SDKs/MacOSX26.0.sdk -target arm64-apple-macos10.15 -g -module-cache-path /Users/steipete/Library/Developer/Xcode/DerivedData/ModuleCache.noindex -Xfrontend -serialize-debugging-options -profile-coverage-mapping -profile-generate -enable-testing -suppress-warnings -index-store-path /Users/steipete/Library/Developer/Xcode/DerivedData/CodeLooper-crrddjihwjtfkwegrjrymctnfixv/Index.noindex/DataStore -swift-version 5 -I /Users/steipete/Library/Developer/Xcode/DerivedData/CodeLooper-crrddjihwjtfkwegrjrymctnfixv/Build/Products/Debug -I /Applications/Xcode-beta.app/Contents/Developer/Platforms/MacOSX.platform/Developer/usr/lib -F /Users/steipete/Library/Developer/Xcode/DerivedData/CodeLooper-crrddjihwjtfkwegrjrymctnfixv/Build/Products/Debug/PackageFrameworks -F /Users/steipete/Library/Developer/Xcode/DerivedData/CodeLooper-crrddjihwjtfkwegrjrymctnfixv/Build/Products/Debug/PackageFrameworks -F /Users/steipete/Library/Developer/Xcode/DerivedData/CodeLooper-crrddjihwjtfkwegrjrymctnfixv/Build/Products/Debug -F /Applications/Xcode-beta.app/Contents/Developer/Platforms/MacOSX.platform/Developer/Library/Frameworks -c -j16 -enable-batch-mode -incremental -Xcc -ivfsstatcache -Xcc /Users/steipete/Library/Developer/Xcode/DerivedData/SDKStatCaches.noindex/macosx26.0-25A5279m-5d9328ff1a6613a11d359de947506b52.sdkstatcache -output-file-map /Users/steipete/Library/Developer/Xcode/DerivedData/CodeLooper-crrddjihwjtfkwegrjrymctnfixv/Build/Intermediates.noindex/OpenAI.build/Debug/OpenAI.build/Objects-normal/arm64/OpenAI-OutputFileMap.json -use-frontend-parseable-output -save-temps -no-color-diagnostics -explicit-module-build -module-cache-path /Users/steipete/Library/Developer/Xcode/DerivedData/CodeLooper-crrddjihwjtfkwegrjrymctnfixv/Build/Intermediates.noindex/SwiftExplicitPrecompiledModules -clang-scanner-module-cache-path /Users/steipete/Library/Developer/Xcode/DerivedData/ModuleCache.noindex -sdk-module-cache-path /Users/steipete/Library/Developer/Xcode/DerivedData/ModuleCache.noindex -serialize-diagnostics -emit-dependencies -emit-module -emit-module-path /Users/steipete/Library/Developer/Xcode/DerivedData/CodeLooper-crrddjihwjtfkwegrjrymctnfixv/Build/Intermediates.noindex/OpenAI.build/Debug/OpenAI.build/Objects-normal/arm64/OpenAI.swiftmodule -validate-clang-modules-once -clang-build-session-file /Users/steipete/Library/Developer/Xcode/DerivedData/ModuleCache.noindex/Session.modulevalidation -package-name openai -Xcc -I/Users/steipete/Library/Developer/Xcode/DerivedData/CodeLooper-crrddjihwjtfkwegrjrymctnfixv/Build/Intermediates.noindex/OpenAI.build/Debug/OpenAI.build/swift-overrides.hmap -emit-const-values -Xfrontend -const-gather-protocols-file -Xfrontend /Users/steipete/Library/Developer/Xcode/DerivedData/CodeLooper-crrddjihwjtfkwegrjrymctnfixv/Build/Intermediates.noindex/OpenAI.build/Debug/OpenAI.build/Objects-normal/arm64/OpenAI_const_extract_protocols.json -Xcc -I/Users/steipete/Library/Developer/Xcode/DerivedData/CodeLooper-crrddjihwjtfkwegrjrymctnfixv/Build/Products/Debug/include -Xcc -I/Users/steipete/Library/Developer/Xcode/DerivedData/CodeLooper-crrddjihwjtfkwegrjrymctnfixv/Build/Intermediates.noindex/OpenAI.build/Debug/OpenAI.build/DerivedSources-normal/arm64 -Xcc -I/Users/steipete/Library/Developer/Xcode/DerivedData/CodeLooper-crrddjihwjtfkwegrjrymctnfixv/Build/Intermediates.noindex/OpenAI.build/Debug/OpenAI.build/DerivedSources/arm64 -Xcc -I/Users/steipete/Library/Developer/Xcode/DerivedData/CodeLooper-crrddjihwjtfkwegrjrymctnfixv/Build/Intermediates.noindex/OpenAI.build/Debug/OpenAI.build/DerivedSources -Xcc -DSWIFT_PACKAGE -Xcc -DDEBUG\=1 -emit-objc-header -emit-objc-header-path /Users/steipete/Library/Developer/Xcode/DerivedData/CodeLooper-crrddjihwjtfkwegrjrymctnfixv/Build/Intermediates.noindex/OpenAI.build/Debug/OpenAI.build/Objects-normal/arm64/OpenAI-Swift.h -working-directory /Users/steipete/Projects/CodeLooper -experimental-emit-module-separately -disable-cmo

SwiftDriver NIOCore normal arm64 com.apple.xcode.tools.swift.compiler (in target 'NIOCore' from project 'swift-nio')
    cd /Users/steipete/Projects/CodeLooper
    builtin-SwiftDriver -- /Applications/Xcode-beta.app/Contents/Developer/Toolchains/XcodeDefault.xctoolchain/usr/bin/swiftc -module-name NIOCore -Onone -enforce-exclusivity\=checked @/Users/steipete/Library/Developer/Xcode/DerivedData/CodeLooper-crrddjihwjtfkwegrjrymctnfixv/Build/Intermediates.noindex/swift-nio.build/Debug/NIOCore.build/Objects-normal/arm64/NIOCore.SwiftFileList -DSWIFT_PACKAGE -DDEBUG -DSWIFT_MODULE_RESOURCE_BUNDLE_UNAVAILABLE -Xcc -fmodule-map-file\=/Users/steipete/Library/Developer/Xcode/DerivedData/CodeLooper-crrddjihwjtfkwegrjrymctnfixv/Build/Intermediates.noindex/GeneratedModuleMaps/CNIOWASI.modulemap -Xcc -fmodule-map-file\=/Users/steipete/Library/Developer/Xcode/DerivedData/CodeLooper-crrddjihwjtfkwegrjrymctnfixv/Build/Intermediates.noindex/GeneratedModuleMaps/CNIOLinux.modulemap -Xcc -fmodule-map-file\=/Users/steipete/Library/Developer/Xcode/DerivedData/CodeLooper-crrddjihwjtfkwegrjrymctnfixv/Build/Intermediates.noindex/GeneratedModuleMaps/CNIODarwin.modulemap -Xcc -fmodule-map-file\=/Users/steipete/Library/Developer/Xcode/DerivedData/CodeLooper-crrddjihwjtfkwegrjrymctnfixv/Build/Intermediates.noindex/GeneratedModuleMaps/CNIOAtomics.modulemap -DXcode -enable-upcoming-feature StrictConcurrency -enable-upcoming-feature InferSendableFromCaptures -enable-upcoming-feature MemberImportVisibility -plugin-path /Applications/Xcode-beta.app/Contents/Developer/Toolchains/XcodeDefault.xctoolchain/usr/lib/swift/host/plugins/testing -enable-experimental-feature DebugDescriptionMacro -sdk /Applications/Xcode-beta.app/Contents/Developer/Platforms/MacOSX.platform/Developer/SDKs/MacOSX26.0.sdk -target arm64-apple-macos10.13 -g -module-cache-path /Users/steipete/Library/Developer/Xcode/DerivedData/ModuleCache.noindex -Xfrontend -serialize-debugging-options -profile-coverage-mapping -profile-generate -enable-testing -suppress-warnings -index-store-path /Users/steipete/Library/Developer/Xcode/DerivedData/CodeLooper-crrddjihwjtfkwegrjrymctnfixv/Index.noindex/DataStore -swift-version 5 -I /Users/steipete/Library/Developer/Xcode/DerivedData/CodeLooper-crrddjihwjtfkwegrjrymctnfixv/Build/Products/Debug -I /Applications/Xcode-beta.app/Contents/Developer/Platforms/MacOSX.platform/Developer/usr/lib -F /Users/steipete/Library/Developer/Xcode/DerivedData/CodeLooper-crrddjihwjtfkwegrjrymctnfixv/Build/Products/Debug/PackageFrameworks -F /Users/steipete/Library/Developer/Xcode/DerivedData/CodeLooper-crrddjihwjtfkwegrjrymctnfixv/Build/Products/Debug/PackageFrameworks -F /Users/steipete/Library/Developer/Xcode/DerivedData/CodeLooper-crrddjihwjtfkwegrjrymctnfixv/Build/Products/Debug/PackageFrameworks -F /Users/steipete/Library/Developer/Xcode/DerivedData/CodeLooper-crrddjihwjtfkwegrjrymctnfixv/Build/Products/Debug/PackageFrameworks -F /Users/steipete/Library/Developer/Xcode/DerivedData/CodeLooper-crrddjihwjtfkwegrjrymctnfixv/Build/Products/Debug/PackageFrameworks -F /Users/steipete/Library/Developer/Xcode/DerivedData/CodeLooper-crrddjihwjtfkwegrjrymctnfixv/Build/Products/Debug/PackageFrameworks -F /Users/steipete/Library/Developer/Xcode/DerivedData/CodeLooper-crrddjihwjtfkwegrjrymctnfixv/Build/Products/Debug/PackageFrameworks -F /Users/steipete/Library/Developer/Xcode/DerivedData/CodeLooper-crrddjihwjtfkwegrjrymctnfixv/Build/Products/Debug/PackageFrameworks -F /Users/steipete/Library/Developer/Xcode/DerivedData/CodeLooper-crrddjihwjtfkwegrjrymctnfixv/Build/Products/Debug/PackageFrameworks -F /Users/steipete/Library/Developer/Xcode/DerivedData/CodeLooper-crrddjihwjtfkwegrjrymctnfixv/Build/Products/Debug/PackageFrameworks -F /Users/steipete/Library/Developer/Xcode/DerivedData/CodeLooper-crrddjihwjtfkwegrjrymctnfixv/Build/Products/Debug/PackageFrameworks -F /Users/steipete/Library/Developer/Xcode/DerivedData/CodeLooper-crrddjihwjtfkwegrjrymctnfixv/Build/Products/Debug/PackageFrameworks -F /Users/steipete/Library/Developer/Xcode/DerivedData/CodeLooper-crrddjihwjtfkwegrjrymctnfixv/Build/Products/Debug -F /Applications/Xcode-beta.app/Contents/Developer/Platforms/MacOSX.platform/Developer/Library/Frameworks -c -j16 -enable-batch-mode -incremental -Xcc -ivfsstatcache -Xcc /Users/steipete/Library/Developer/Xcode/DerivedData/SDKStatCaches.noindex/macosx26.0-25A5279m-5d9328ff1a6613a11d359de947506b52.sdkstatcache -output-file-map /Users/steipete/Library/Developer/Xcode/DerivedData/CodeLooper-crrddjihwjtfkwegrjrymctnfixv/Build/Intermediates.noindex/swift-nio.build/Debug/NIOCore.build/Objects-normal/arm64/NIOCore-OutputFileMap.json -use-frontend-parseable-output -save-temps -no-color-diagnostics -explicit-module-build -module-cache-path /Users/steipete/Library/Developer/Xcode/DerivedData/CodeLooper-crrddjihwjtfkwegrjrymctnfixv/Build/Intermediates.noindex/SwiftExplicitPrecompiledModules -clang-scanner-module-cache-path /Users/steipete/Library/Developer/Xcode/DerivedData/ModuleCache.noindex -sdk-module-cache-path /Users/steipete/Library/Developer/Xcode/DerivedData/ModuleCache.noindex -serialize-diagnostics -emit-dependencies -emit-module -emit-module-path /Users/steipete/Library/Developer/Xcode/DerivedData/CodeLooper-crrddjihwjtfkwegrjrymctnfixv/Build/Intermediates.noindex/swift-nio.build/Debug/NIOCore.build/Objects-normal/arm64/NIOCore.swiftmodule -validate-clang-modules-once -clang-build-session-file /Users/steipete/Library/Developer/Xcode/DerivedData/ModuleCache.noindex/Session.modulevalidation -package-name swift_nio -Xcc -I/Users/steipete/Library/Developer/Xcode/DerivedData/CodeLooper-crrddjihwjtfkwegrjrymctnfixv/Build/Intermediates.noindex/swift-nio.build/Debug/NIOCore.build/swift-overrides.hmap -emit-const-values -Xfrontend -const-gather-protocols-file -Xfrontend /Users/steipete/Library/Developer/Xcode/DerivedData/CodeLooper-crrddjihwjtfkwegrjrymctnfixv/Build/Intermediates.noindex/swift-nio.build/Debug/NIOCore.build/Objects-normal/arm64/NIOCore_const_extract_protocols.json -Xcc -I/Users/steipete/Library/Developer/Xcode/DerivedData/CodeLooper-crrddjihwjtfkwegrjrymctnfixv/SourcePackages/checkouts/swift-atomics/Sources/_AtomicsShims/include -Xcc -I/Users/steipete/Library/Developer/Xcode/DerivedData/CodeLooper-crrddjihwjtfkwegrjrymctnfixv/SourcePackages/checkouts/swift-nio/Sources/CNIOWASI/include -Xcc -I/Users/steipete/Library/Developer/Xcode/DerivedData/CodeLooper-crrddjihwjtfkwegrjrymctnfixv/SourcePackages/checkouts/swift-nio/Sources/CNIOWindows/include -Xcc -I/Users/steipete/Library/Developer/Xcode/DerivedData/CodeLooper-crrddjihwjtfkwegrjrymctnfixv/SourcePackages/checkouts/swift-nio/Sources/CNIOLinux/include -Xcc -I/Users/steipete/Library/Developer/Xcode/DerivedData/CodeLooper-crrddjihwjtfkwegrjrymctnfixv/SourcePackages/checkouts/swift-nio/Sources/CNIODarwin/include -Xcc -I/Users/steipete/Library/Developer/Xcode/DerivedData/CodeLooper-crrddjihwjtfkwegrjrymctnfixv/SourcePackages/checkouts/swift-nio/Sources/CNIOAtomics/include -Xcc -I/Users/steipete/Library/Developer/Xcode/DerivedData/CodeLooper-crrddjihwjtfkwegrjrymctnfixv/Build/Products/Debug/include -Xcc -I/Users/steipete/Library/Developer/Xcode/DerivedData/CodeLooper-crrddjihwjtfkwegrjrymctnfixv/Build/Intermediates.noindex/swift-nio.build/Debug/NIOCore.build/DerivedSources-normal/arm64 -Xcc -I/Users/steipete/Library/Developer/Xcode/DerivedData/CodeLooper-crrddjihwjtfkwegrjrymctnfixv/Build/Intermediates.noindex/swift-nio.build/Debug/NIOCore.build/DerivedSources/arm64 -Xcc -I/Users/steipete/Library/Developer/Xcode/DerivedData/CodeLooper-crrddjihwjtfkwegrjrymctnfixv/Build/Intermediates.noindex/swift-nio.build/Debug/NIOCore.build/DerivedSources -Xcc -DSWIFT_PACKAGE -Xcc -DDEBUG\=1 -emit-objc-header -emit-objc-header-path /Users/steipete/Library/Developer/Xcode/DerivedData/CodeLooper-crrddjihwjtfkwegrjrymctnfixv/Build/Intermediates.noindex/swift-nio.build/Debug/NIOCore.build/Objects-normal/arm64/NIOCore-Swift.h -working-directory /Users/steipete/Projects/CodeLooper -experimental-emit-module-separately -disable-cmo

SwiftDriverJobDiscovery normal arm64 Compiling SearchCriteriaUtils.swift, SingleCriterionMatching.swift, SpecificAttributeMatchers.swift, SpecificCriterionMatchers.swift, StringComparisonLogic.swift, AXObserverManager.swift (in target 'AXorcist' from project 'axPackage')

SwiftDriverJobDiscovery normal arm64 Compiling AttributeMatchingFunctions.swift, AttributeTypes.swift, CriteriaMatchingHelpers.swift, ElementSearch.swift, GeometryHelpers.swift, NavigationUtils.swift (in target 'AXorcist' from project 'axPackage')

SwiftDriverJobDiscovery normal arm64 Compiling AXorcist+ObservationHandler.swift, AXorcist+QueryHandlers.swift, AXorcist.swift, AccessibilityConstants.swift, AccessibilityError.swift, AccessibilityPermissions.swift (in target 'AXorcist' from project 'axPackage')

SwiftDriver Diagnostics normal arm64 com.apple.xcode.tools.swift.compiler (in target 'Diagnostics' from project 'CodeLooper')
    cd /Users/steipete/Projects/CodeLooper
    builtin-SwiftDriver -- /Applications/Xcode-beta.app/Contents/Developer/Toolchains/XcodeDefault.xctoolchain/usr/bin/swiftc -module-name Diagnostics -Onone -enforce-exclusivity\=checked @/Users/steipete/Library/Developer/Xcode/DerivedData/CodeLooper-crrddjihwjtfkwegrjrymctnfixv/Build/Intermediates.noindex/CodeLooper.build/Debug/Diagnostics.build/Objects-normal/arm64/Diagnostics.SwiftFileList -DDEBUG -strict-concurrency\=complete -enable-experimental-feature DebugDescriptionMacro -sdk /Applications/Xcode-beta.app/Contents/Developer/Platforms/MacOSX.platform/Developer/SDKs/MacOSX26.0.sdk -target arm64-apple-macos14.0 -g -module-cache-path /Users/steipete/Library/Developer/Xcode/DerivedData/ModuleCache.noindex -Xfrontend -serialize-debugging-options -profile-coverage-mapping -profile-generate -enable-testing -index-store-path /Users/steipete/Library/Developer/Xcode/DerivedData/CodeLooper-crrddjihwjtfkwegrjrymctnfixv/Index.noindex/DataStore -swift-version 6 -I /Users/steipete/Library/Developer/Xcode/DerivedData/CodeLooper-crrddjihwjtfkwegrjrymctnfixv/Build/Products/Debug -F /Users/steipete/Library/Developer/Xcode/DerivedData/CodeLooper-crrddjihwjtfkwegrjrymctnfixv/Build/Products/Debug/PackageFrameworks -F /Users/steipete/Library/Developer/Xcode/DerivedData/CodeLooper-crrddjihwjtfkwegrjrymctnfixv/Build/Products/Debug/PackageFrameworks -F /Users/steipete/Library/Developer/Xcode/DerivedData/CodeLooper-crrddjihwjtfkwegrjrymctnfixv/Build/Products/Debug -c -j16 -enable-batch-mode -incremental -Xcc -ivfsstatcache -Xcc /Users/steipete/Library/Developer/Xcode/DerivedData/SDKStatCaches.noindex/macosx26.0-25A5279m-5d9328ff1a6613a11d359de947506b52.sdkstatcache -output-file-map /Users/steipete/Library/Developer/Xcode/DerivedData/CodeLooper-crrddjihwjtfkwegrjrymctnfixv/Build/Intermediates.noindex/CodeLooper.build/Debug/Diagnostics.build/Objects-normal/arm64/Diagnostics-OutputFileMap.json -use-frontend-parseable-output -save-temps -no-color-diagnostics -explicit-module-build -module-cache-path /Users/steipete/Library/Developer/Xcode/DerivedData/CodeLooper-crrddjihwjtfkwegrjrymctnfixv/Build/Intermediates.noindex/SwiftExplicitPrecompiledModules -clang-scanner-module-cache-path /Users/steipete/Library/Developer/Xcode/DerivedData/ModuleCache.noindex -sdk-module-cache-path /Users/steipete/Library/Developer/Xcode/DerivedData/ModuleCache.noindex -serialize-diagnostics -emit-dependencies -emit-module -emit-module-path /Users/steipete/Library/Developer/Xcode/DerivedData/CodeLooper-crrddjihwjtfkwegrjrymctnfixv/Build/Intermediates.noindex/CodeLooper.build/Debug/Diagnostics.build/Objects-normal/arm64/Diagnostics.swiftmodule -validate-clang-modules-once -clang-build-session-file /Users/steipete/Library/Developer/Xcode/DerivedData/ModuleCache.noindex/Session.modulevalidation -Xcc -I/Users/steipete/Library/Developer/Xcode/DerivedData/CodeLooper-crrddjihwjtfkwegrjrymctnfixv/Build/Intermediates.noindex/CodeLooper.build/Debug/Diagnostics.build/swift-overrides.hmap -emit-const-values -Xfrontend -const-gather-protocols-file -Xfrontend /Users/steipete/Library/Developer/Xcode/DerivedData/CodeLooper-crrddjihwjtfkwegrjrymctnfixv/Build/Intermediates.noindex/CodeLooper.build/Debug/Diagnostics.build/Objects-normal/arm64/Diagnostics_const_extract_protocols.json -Xcc -iquote -Xcc /Users/steipete/Library/Developer/Xcode/DerivedData/CodeLooper-crrddjihwjtfkwegrjrymctnfixv/Build/Intermediates.noindex/CodeLooper.build/Debug/Diagnostics.build/Diagnostics-generated-files.hmap -Xcc -I/Users/steipete/Library/Developer/Xcode/DerivedData/CodeLooper-crrddjihwjtfkwegrjrymctnfixv/Build/Intermediates.noindex/CodeLooper.build/Debug/Diagnostics.build/Diagnostics-own-target-headers.hmap -Xcc -I/Users/steipete/Library/Developer/Xcode/DerivedData/CodeLooper-crrddjihwjtfkwegrjrymctnfixv/Build/Intermediates.noindex/CodeLooper.build/Debug/Diagnostics.build/Diagnostics-all-non-framework-target-headers.hmap -Xcc -ivfsoverlay -Xcc /Users/steipete/Library/Developer/Xcode/DerivedData/CodeLooper-crrddjihwjtfkwegrjrymctnfixv/Build/Intermediates.noindex/CodeLooper.build/Debug/CodeLooper-de2ef41cd89caf5bcf7af683064774d7-VFS/all-product-headers.yaml -Xcc -iquote -Xcc /Users/steipete/Library/Developer/Xcode/DerivedData/CodeLooper-crrddjihwjtfkwegrjrymctnfixv/Build/Intermediates.noindex/CodeLooper.build/Debug/Diagnostics.build/Diagnostics-project-headers.hmap -Xcc -I/Users/steipete/Library/Developer/Xcode/DerivedData/CodeLooper-crrddjihwjtfkwegrjrymctnfixv/Build/Products/Debug/include -Xcc -I/Users/steipete/Library/Developer/Xcode/DerivedData/CodeLooper-crrddjihwjtfkwegrjrymctnfixv/Build/Intermediates.noindex/CodeLooper.build/Debug/Diagnostics.build/DerivedSources-normal/arm64 -Xcc -I/Users/steipete/Library/Developer/Xcode/DerivedData/CodeLooper-crrddjihwjtfkwegrjrymctnfixv/Build/Intermediates.noindex/CodeLooper.build/Debug/Diagnostics.build/DerivedSources/arm64 -Xcc -I/Users/steipete/Library/Developer/Xcode/DerivedData/CodeLooper-crrddjihwjtfkwegrjrymctnfixv/Build/Intermediates.noindex/CodeLooper.build/Debug/Diagnostics.build/DerivedSources -Xcc -DDEBUG\=1 -emit-objc-header -emit-objc-header-path /Users/steipete/Library/Developer/Xcode/DerivedData/CodeLooper-crrddjihwjtfkwegrjrymctnfixv/Build/Intermediates.noindex/CodeLooper.build/Debug/Diagnostics.build/Objects-normal/arm64/Diagnostics-Swift.h -working-directory /Users/steipete/Projects/CodeLooper -experimental-emit-module-separately -disable-cmo

RegisterExecutionPolicyException /Users/steipete/Library/Developer/Xcode/DerivedData/CodeLooper-crrddjihwjtfkwegrjrymctnfixv/Build/Products/Debug/Metrics.o (in target 'Metrics' from project 'swift-metrics')
    cd /Users/steipete/Library/Developer/Xcode/DerivedData/CodeLooper-crrddjihwjtfkwegrjrymctnfixv/SourcePackages/checkouts/swift-metrics
    builtin-RegisterExecutionPolicyException /Users/steipete/Library/Developer/Xcode/DerivedData/CodeLooper-crrddjihwjtfkwegrjrymctnfixv/Build/Products/Debug/Metrics.o

SwiftDriver Collections normal arm64 com.apple.xcode.tools.swift.compiler (in target 'Collections' from project 'swift-collections')
    cd /Users/steipete/Projects/CodeLooper
    builtin-SwiftDriver -- /Applications/Xcode-beta.app/Contents/Developer/Toolchains/XcodeDefault.xctoolchain/usr/bin/swiftc -module-name Collections -Onone -enforce-exclusivity\=checked @/Users/steipete/Library/Developer/Xcode/DerivedData/CodeLooper-crrddjihwjtfkwegrjrymctnfixv/Build/Intermediates.noindex/swift-collections.build/Debug/Collections.build/Objects-normal/arm64/Collections.SwiftFileList -DSWIFT_PACKAGE -DDEBUG -DSWIFT_MODULE_RESOURCE_BUNDLE_UNAVAILABLE -DCOLLECTIONS_RANDOMIZED_TESTING -DXcode -plugin-path /Applications/Xcode-beta.app/Contents/Developer/Toolchains/XcodeDefault.xctoolchain/usr/lib/swift/host/plugins/testing -enable-experimental-feature DebugDescriptionMacro -sdk /Applications/Xcode-beta.app/Contents/Developer/Platforms/MacOSX.platform/Developer/SDKs/MacOSX26.0.sdk -target arm64-apple-macos10.13 -g -module-cache-path /Users/steipete/Library/Developer/Xcode/DerivedData/ModuleCache.noindex -Xfrontend -serialize-debugging-options -profile-coverage-mapping -profile-generate -enable-testing -suppress-warnings -index-store-path /Users/steipete/Library/Developer/Xcode/DerivedData/CodeLooper-crrddjihwjtfkwegrjrymctnfixv/Index.noindex/DataStore -swift-version 5 -I /Users/steipete/Library/Developer/Xcode/DerivedData/CodeLooper-crrddjihwjtfkwegrjrymctnfixv/Build/Products/Debug -I /Applications/Xcode-beta.app/Contents/Developer/Platforms/MacOSX.platform/Developer/usr/lib -F /Users/steipete/Library/Developer/Xcode/DerivedData/CodeLooper-crrddjihwjtfkwegrjrymctnfixv/Build/Products/Debug/PackageFrameworks -F /Users/steipete/Library/Developer/Xcode/DerivedData/CodeLooper-crrddjihwjtfkwegrjrymctnfixv/Build/Products/Debug/PackageFrameworks -F /Users/steipete/Library/Developer/Xcode/DerivedData/CodeLooper-crrddjihwjtfkwegrjrymctnfixv/Build/Products/Debug/PackageFrameworks -F /Users/steipete/Library/Developer/Xcode/DerivedData/CodeLooper-crrddjihwjtfkwegrjrymctnfixv/Build/Products/Debug/PackageFrameworks -F /Users/steipete/Library/Developer/Xcode/DerivedData/CodeLooper-crrddjihwjtfkwegrjrymctnfixv/Build/Products/Debug/PackageFrameworks -F /Users/steipete/Library/Developer/Xcode/DerivedData/CodeLooper-crrddjihwjtfkwegrjrymctnfixv/Build/Products/Debug/PackageFrameworks -F /Users/steipete/Library/Developer/Xcode/DerivedData/CodeLooper-crrddjihwjtfkwegrjrymctnfixv/Build/Products/Debug/PackageFrameworks -F /Users/steipete/Library/Developer/Xcode/DerivedData/CodeLooper-crrddjihwjtfkwegrjrymctnfixv/Build/Products/Debug -F /Applications/Xcode-beta.app/Contents/Developer/Platforms/MacOSX.platform/Developer/Library/Frameworks -parse-as-library -c -j16 -enable-batch-mode -incremental -Xcc -ivfsstatcache -Xcc /Users/steipete/Library/Developer/Xcode/DerivedData/SDKStatCaches.noindex/macosx26.0-25A5279m-5d9328ff1a6613a11d359de947506b52.sdkstatcache -output-file-map /Users/steipete/Library/Developer/Xcode/DerivedData/CodeLooper-crrddjihwjtfkwegrjrymctnfixv/Build/Intermediates.noindex/swift-collections.build/Debug/Collections.build/Objects-normal/arm64/Collections-OutputFileMap.json -use-frontend-parseable-output -save-temps -no-color-diagnostics -explicit-module-build -module-cache-path /Users/steipete/Library/Developer/Xcode/DerivedData/CodeLooper-crrddjihwjtfkwegrjrymctnfixv/Build/Intermediates.noindex/SwiftExplicitPrecompiledModules -clang-scanner-module-cache-path /Users/steipete/Library/Developer/Xcode/DerivedData/ModuleCache.noindex -sdk-module-cache-path /Users/steipete/Library/Developer/Xcode/DerivedData/ModuleCache.noindex -serialize-diagnostics -emit-dependencies -emit-module -emit-module-path /Users/steipete/Library/Developer/Xcode/DerivedData/CodeLooper-crrddjihwjtfkwegrjrymctnfixv/Build/Intermediates.noindex/swift-collections.build/Debug/Collections.build/Objects-normal/arm64/Collections.swiftmodule -validate-clang-modules-once -clang-build-session-file /Users/steipete/Library/Developer/Xcode/DerivedData/ModuleCache.noindex/Session.modulevalidation -package-name swift_collections -Xcc -I/Users/steipete/Library/Developer/Xcode/DerivedData/CodeLooper-crrddjihwjtfkwegrjrymctnfixv/Build/Intermediates.noindex/swift-collections.build/Debug/Collections.build/swift-overrides.hmap -emit-const-values -Xfrontend -const-gather-protocols-file -Xfrontend /Users/steipete/Library/Developer/Xcode/DerivedData/CodeLooper-crrddjihwjtfkwegrjrymctnfixv/Build/Intermediates.noindex/swift-collections.build/Debug/Collections.build/Objects-normal/arm64/Collections_const_extract_protocols.json -Xcc -I/Users/steipete/Library/Developer/Xcode/DerivedData/CodeLooper-crrddjihwjtfkwegrjrymctnfixv/Build/Products/Debug/include -Xcc -I/Users/steipete/Library/Developer/Xcode/DerivedData/CodeLooper-crrddjihwjtfkwegrjrymctnfixv/Build/Intermediates.noindex/swift-collections.build/Debug/Collections.build/DerivedSources-normal/arm64 -Xcc -I/Users/steipete/Library/Developer/Xcode/DerivedData/CodeLooper-crrddjihwjtfkwegrjrymctnfixv/Build/Intermediates.noindex/swift-collections.build/Debug/Collections.build/DerivedSources/arm64 -Xcc -I/Users/steipete/Library/Developer/Xcode/DerivedData/CodeLooper-crrddjihwjtfkwegrjrymctnfixv/Build/Intermediates.noindex/swift-collections.build/Debug/Collections.build/DerivedSources -Xcc -DSWIFT_PACKAGE -Xcc -DDEBUG\=1 -emit-objc-header -emit-objc-header-path /Users/steipete/Library/Developer/Xcode/DerivedData/CodeLooper-crrddjihwjtfkwegrjrymctnfixv/Build/Intermediates.noindex/swift-collections.build/Debug/Collections.build/Objects-normal/arm64/Collections-Swift.h -working-directory /Users/steipete/Projects/CodeLooper -experimental-emit-module-separately -disable-cmo

SwiftDriver AsyncAlgorithms normal arm64 com.apple.xcode.tools.swift.compiler (in target 'AsyncAlgorithms' from project 'swift-async-algorithms')
    cd /Users/steipete/Projects/CodeLooper
    builtin-SwiftDriver -- /Applications/Xcode-beta.app/Contents/Developer/Toolchains/XcodeDefault.xctoolchain/usr/bin/swiftc -module-name AsyncAlgorithms -Onone -enforce-exclusivity\=checked @/Users/steipete/Library/Developer/Xcode/DerivedData/CodeLooper-crrddjihwjtfkwegrjrymctnfixv/Build/Intermediates.noindex/swift-async-algorithms.build/Debug/AsyncAlgorithms.build/Objects-normal/arm64/AsyncAlgorithms.SwiftFileList -DSWIFT_PACKAGE -DDEBUG -DSWIFT_MODULE_RESOURCE_BUNDLE_UNAVAILABLE -DXcode -enable-experimental-feature AvailabilityMacro\=AsyncAlgorithms\ 1.0:macOS\ 10.15,\ iOS\ 13.0,\ tvOS\ 13.0,\ watchOS\ 6.0 -enable-experimental-feature StrictConcurrency\=complete -plugin-path /Applications/Xcode-beta.app/Contents/Developer/Toolchains/XcodeDefault.xctoolchain/usr/lib/swift/host/plugins/testing -enable-experimental-feature DebugDescriptionMacro -sdk /Applications/Xcode-beta.app/Contents/Developer/Platforms/MacOSX.platform/Developer/SDKs/MacOSX26.0.sdk -target arm64-apple-macos10.13 -g -module-cache-path /Users/steipete/Library/Developer/Xcode/DerivedData/ModuleCache.noindex -Xfrontend -serialize-debugging-options -profile-coverage-mapping -profile-generate -enable-testing -suppress-warnings -index-store-path /Users/steipete/Library/Developer/Xcode/DerivedData/CodeLooper-crrddjihwjtfkwegrjrymctnfixv/Index.noindex/DataStore -swift-version 5 -I /Users/steipete/Library/Developer/Xcode/DerivedData/CodeLooper-crrddjihwjtfkwegrjrymctnfixv/Build/Products/Debug -I /Applications/Xcode-beta.app/Contents/Developer/Platforms/MacOSX.platform/Developer/usr/lib -F /Users/steipete/Library/Developer/Xcode/DerivedData/CodeLooper-crrddjihwjtfkwegrjrymctnfixv/Build/Products/Debug/PackageFrameworks -F /Users/steipete/Library/Developer/Xcode/DerivedData/CodeLooper-crrddjihwjtfkwegrjrymctnfixv/Build/Products/Debug/PackageFrameworks -F /Users/steipete/Library/Developer/Xcode/DerivedData/CodeLooper-crrddjihwjtfkwegrjrymctnfixv/Build/Products/Debug/PackageFrameworks -F /Users/steipete/Library/Developer/Xcode/DerivedData/CodeLooper-crrddjihwjtfkwegrjrymctnfixv/Build/Products/Debug -F /Applications/Xcode-beta.app/Contents/Developer/Platforms/MacOSX.platform/Developer/Library/Frameworks -c -j16 -enable-batch-mode -incremental -Xcc -ivfsstatcache -Xcc /Users/steipete/Library/Developer/Xcode/DerivedData/SDKStatCaches.noindex/macosx26.0-25A5279m-5d9328ff1a6613a11d359de947506b52.sdkstatcache -output-file-map /Users/steipete/Library/Developer/Xcode/DerivedData/CodeLooper-crrddjihwjtfkwegrjrymctnfixv/Build/Intermediates.noindex/swift-async-algorithms.build/Debug/AsyncAlgorithms.build/Objects-normal/arm64/AsyncAlgorithms-OutputFileMap.json -use-frontend-parseable-output -save-temps -no-color-diagnostics -explicit-module-build -module-cache-path /Users/steipete/Library/Developer/Xcode/DerivedData/CodeLooper-crrddjihwjtfkwegrjrymctnfixv/Build/Intermediates.noindex/SwiftExplicitPrecompiledModules -clang-scanner-module-cache-path /Users/steipete/Library/Developer/Xcode/DerivedData/ModuleCache.noindex -sdk-module-cache-path /Users/steipete/Library/Developer/Xcode/DerivedData/ModuleCache.noindex -serialize-diagnostics -emit-dependencies -emit-module -emit-module-path /Users/steipete/Library/Developer/Xcode/DerivedData/CodeLooper-crrddjihwjtfkwegrjrymctnfixv/Build/Intermediates.noindex/swift-async-algorithms.build/Debug/AsyncAlgorithms.build/Objects-normal/arm64/AsyncAlgorithms.swiftmodule -validate-clang-modules-once -clang-build-session-file /Users/steipete/Library/Developer/Xcode/DerivedData/ModuleCache.noindex/Session.modulevalidation -Xcc -I/Users/steipete/Library/Developer/Xcode/DerivedData/CodeLooper-crrddjihwjtfkwegrjrymctnfixv/Build/Intermediates.noindex/swift-async-algorithms.build/Debug/AsyncAlgorithms.build/swift-overrides.hmap -emit-const-values -Xfrontend -const-gather-protocols-file -Xfrontend /Users/steipete/Library/Developer/Xcode/DerivedData/CodeLooper-crrddjihwjtfkwegrjrymctnfixv/Build/Intermediates.noindex/swift-async-algorithms.build/Debug/AsyncAlgorithms.build/Objects-normal/arm64/AsyncAlgorithms_const_extract_protocols.json -Xcc -I/Users/steipete/Library/Developer/Xcode/DerivedData/CodeLooper-crrddjihwjtfkwegrjrymctnfixv/Build/Products/Debug/include -Xcc -I/Users/steipete/Library/Developer/Xcode/DerivedData/CodeLooper-crrddjihwjtfkwegrjrymctnfixv/Build/Intermediates.noindex/swift-async-algorithms.build/Debug/AsyncAlgorithms.build/DerivedSources-normal/arm64 -Xcc -I/Users/steipete/Library/Developer/Xcode/DerivedData/CodeLooper-crrddjihwjtfkwegrjrymctnfixv/Build/Intermediates.noindex/swift-async-algorithms.build/Debug/AsyncAlgorithms.build/DerivedSources/arm64 -Xcc -I/Users/steipete/Library/Developer/Xcode/DerivedData/CodeLooper-crrddjihwjtfkwegrjrymctnfixv/Build/Intermediates.noindex/swift-async-algorithms.build/Debug/AsyncAlgorithms.build/DerivedSources -Xcc -DSWIFT_PACKAGE -Xcc -DDEBUG\=1 -emit-objc-header -emit-objc-header-path /Users/steipete/Library/Developer/Xcode/DerivedData/CodeLooper-crrddjihwjtfkwegrjrymctnfixv/Build/Intermediates.noindex/swift-async-algorithms.build/Debug/AsyncAlgorithms.build/Objects-normal/arm64/AsyncAlgorithms-Swift.h -working-directory /Users/steipete/Projects/CodeLooper -experimental-emit-module-separately -disable-cmo

SwiftDriver AXpector normal arm64 com.apple.xcode.tools.swift.compiler (in target 'AXpector' from project 'AXpector')
    cd /Users/steipete/Projects/CodeLooper
    builtin-SwiftDriver -- /Applications/Xcode-beta.app/Contents/Developer/Toolchains/XcodeDefault.xctoolchain/usr/bin/swiftc -module-name AXpector -Onone -enforce-exclusivity\=checked @/Users/steipete/Library/Developer/Xcode/DerivedData/CodeLooper-crrddjihwjtfkwegrjrymctnfixv/Build/Intermediates.noindex/AXpector.build/Debug/AXpector.build/Objects-normal/arm64/AXpector.SwiftFileList -DSWIFT_PACKAGE -DDEBUG -DSWIFT_MODULE_RESOURCE_BUNDLE_UNAVAILABLE -DXcode -plugin-path /Applications/Xcode-beta.app/Contents/Developer/Toolchains/XcodeDefault.xctoolchain/usr/lib/swift/host/plugins/testing -enable-experimental-feature DebugDescriptionMacro -sdk /Applications/Xcode-beta.app/Contents/Developer/Platforms/MacOSX.platform/Developer/SDKs/MacOSX26.0.sdk -target arm64-apple-macos14.0 -g -module-cache-path /Users/steipete/Library/Developer/Xcode/DerivedData/ModuleCache.noindex -Xfrontend -serialize-debugging-options -profile-coverage-mapping -profile-generate -enable-testing -index-store-path /Users/steipete/Library/Developer/Xcode/DerivedData/CodeLooper-crrddjihwjtfkwegrjrymctnfixv/Index.noindex/DataStore -swift-version 6 -I /Users/steipete/Library/Developer/Xcode/DerivedData/CodeLooper-crrddjihwjtfkwegrjrymctnfixv/Build/Products/Debug -I /Applications/Xcode-beta.app/Contents/Developer/Platforms/MacOSX.platform/Developer/usr/lib -F /Users/steipete/Library/Developer/Xcode/DerivedData/CodeLooper-crrddjihwjtfkwegrjrymctnfixv/Build/Products/Debug/PackageFrameworks -F /Users/steipete/Library/Developer/Xcode/DerivedData/CodeLooper-crrddjihwjtfkwegrjrymctnfixv/Build/Products/Debug/PackageFrameworks -F /Users/steipete/Library/Developer/Xcode/DerivedData/CodeLooper-crrddjihwjtfkwegrjrymctnfixv/Build/Products/Debug/PackageFrameworks -F /Users/steipete/Library/Developer/Xcode/DerivedData/CodeLooper-crrddjihwjtfkwegrjrymctnfixv/Build/Products/Debug/PackageFrameworks -F /Users/steipete/Library/Developer/Xcode/DerivedData/CodeLooper-crrddjihwjtfkwegrjrymctnfixv/Build/Products/Debug -F /Applications/Xcode-beta.app/Contents/Developer/Platforms/MacOSX.platform/Developer/Library/Frameworks -c -j16 -enable-batch-mode -incremental -Xcc -ivfsstatcache -Xcc /Users/steipete/Library/Developer/Xcode/DerivedData/SDKStatCaches.noindex/macosx26.0-25A5279m-5d9328ff1a6613a11d359de947506b52.sdkstatcache -output-file-map /Users/steipete/Library/Developer/Xcode/DerivedData/CodeLooper-crrddjihwjtfkwegrjrymctnfixv/Build/Intermediates.noindex/AXpector.build/Debug/AXpector.build/Objects-normal/arm64/AXpector-OutputFileMap.json -use-frontend-parseable-output -save-temps -no-color-diagnostics -explicit-module-build -module-cache-path /Users/steipete/Library/Developer/Xcode/DerivedData/CodeLooper-crrddjihwjtfkwegrjrymctnfixv/Build/Intermediates.noindex/SwiftExplicitPrecompiledModules -clang-scanner-module-cache-path /Users/steipete/Library/Developer/Xcode/DerivedData/ModuleCache.noindex -sdk-module-cache-path /Users/steipete/Library/Developer/Xcode/DerivedData/ModuleCache.noindex -serialize-diagnostics -emit-dependencies -emit-module -emit-module-path /Users/steipete/Library/Developer/Xcode/DerivedData/CodeLooper-crrddjihwjtfkwegrjrymctnfixv/Build/Intermediates.noindex/AXpector.build/Debug/AXpector.build/Objects-normal/arm64/AXpector.swiftmodule -validate-clang-modules-once -clang-build-session-file /Users/steipete/Library/Developer/Xcode/DerivedData/ModuleCache.noindex/Session.modulevalidation -package-name axpector -Xcc -I/Users/steipete/Library/Developer/Xcode/DerivedData/CodeLooper-crrddjihwjtfkwegrjrymctnfixv/Build/Intermediates.noindex/AXpector.build/Debug/AXpector.build/swift-overrides.hmap -emit-const-values -Xfrontend -const-gather-protocols-file -Xfrontend /Users/steipete/Library/Developer/Xcode/DerivedData/CodeLooper-crrddjihwjtfkwegrjrymctnfixv/Build/Intermediates.noindex/AXpector.build/Debug/AXpector.build/Objects-normal/arm64/AXpector_const_extract_protocols.json -Xcc -I/Users/steipete/Library/Developer/Xcode/DerivedData/CodeLooper-crrddjihwjtfkwegrjrymctnfixv/Build/Products/Debug/include -Xcc -I/Users/steipete/Library/Developer/Xcode/DerivedData/CodeLooper-crrddjihwjtfkwegrjrymctnfixv/Build/Intermediates.noindex/AXpector.build/Debug/AXpector.build/DerivedSources-normal/arm64 -Xcc -I/Users/steipete/Library/Developer/Xcode/DerivedData/CodeLooper-crrddjihwjtfkwegrjrymctnfixv/Build/Intermediates.noindex/AXpector.build/Debug/AXpector.build/DerivedSources/arm64 -Xcc -I/Users/steipete/Library/Developer/Xcode/DerivedData/CodeLooper-crrddjihwjtfkwegrjrymctnfixv/Build/Intermediates.noindex/AXpector.build/Debug/AXpector.build/DerivedSources -Xcc -DSWIFT_PACKAGE -Xcc -DDEBUG\=1 -emit-objc-header -emit-objc-header-path /Users/steipete/Library/Developer/Xcode/DerivedData/CodeLooper-crrddjihwjtfkwegrjrymctnfixv/Build/Intermediates.noindex/AXpector.build/Debug/AXpector.build/Objects-normal/arm64/AXpector-Swift.h -working-directory /Users/steipete/Projects/CodeLooper -experimental-emit-module-separately -disable-cmo

RegisterExecutionPolicyException /Users/steipete/Library/Developer/Xcode/DerivedData/CodeLooper-crrddjihwjtfkwegrjrymctnfixv/Build/Products/Debug/Tracing.o (in target 'Tracing' from project 'swift-distributed-tracing')
    cd /Users/steipete/Library/Developer/Xcode/DerivedData/CodeLooper-crrddjihwjtfkwegrjrymctnfixv/SourcePackages/checkouts/swift-distributed-tracing
    builtin-RegisterExecutionPolicyException /Users/steipete/Library/Developer/Xcode/DerivedData/CodeLooper-crrddjihwjtfkwegrjrymctnfixv/Build/Products/Debug/Tracing.o

RegisterExecutionPolicyException /Users/steipete/Library/Developer/Xcode/DerivedData/CodeLooper-crrddjihwjtfkwegrjrymctnfixv/Build/Products/Debug/_RopeModule.o (in target '_RopeModule' from project 'swift-collections')
    cd /Users/steipete/Library/Developer/Xcode/DerivedData/CodeLooper-crrddjihwjtfkwegrjrymctnfixv/SourcePackages/checkouts/swift-collections
    builtin-RegisterExecutionPolicyException /Users/steipete/Library/Developer/Xcode/DerivedData/CodeLooper-crrddjihwjtfkwegrjrymctnfixv/Build/Products/Debug/_RopeModule.o

RegisterExecutionPolicyException /Users/steipete/Library/Developer/Xcode/DerivedData/CodeLooper-crrddjihwjtfkwegrjrymctnfixv/Build/Products/Debug/OrderedCollections.o (in target 'OrderedCollections' from project 'swift-collections')
    cd /Users/steipete/Library/Developer/Xcode/DerivedData/CodeLooper-crrddjihwjtfkwegrjrymctnfixv/SourcePackages/checkouts/swift-collections
    builtin-RegisterExecutionPolicyException /Users/steipete/Library/Developer/Xcode/DerivedData/CodeLooper-crrddjihwjtfkwegrjrymctnfixv/Build/Products/Debug/OrderedCollections.o

RegisterExecutionPolicyException /Users/steipete/Library/Developer/Xcode/DerivedData/CodeLooper-crrddjihwjtfkwegrjrymctnfixv/Build/Products/Debug/OpenAPIRuntime.o (in target 'OpenAPIRuntime' from project 'swift-openapi-runtime')
    cd /Users/steipete/Library/Developer/Xcode/DerivedData/CodeLooper-crrddjihwjtfkwegrjrymctnfixv/SourcePackages/checkouts/swift-openapi-runtime
    builtin-RegisterExecutionPolicyException /Users/steipete/Library/Developer/Xcode/DerivedData/CodeLooper-crrddjihwjtfkwegrjrymctnfixv/Build/Products/Debug/OpenAPIRuntime.o

RegisterExecutionPolicyException /Users/steipete/Library/Developer/Xcode/DerivedData/CodeLooper-crrddjihwjtfkwegrjrymctnfixv/Build/Products/Debug/DequeModule.o (in target 'DequeModule' from project 'swift-collections')
    cd /Users/steipete/Library/Developer/Xcode/DerivedData/CodeLooper-crrddjihwjtfkwegrjrymctnfixv/SourcePackages/checkouts/swift-collections
    builtin-RegisterExecutionPolicyException /Users/steipete/Library/Developer/Xcode/DerivedData/CodeLooper-crrddjihwjtfkwegrjrymctnfixv/Build/Products/Debug/DequeModule.o

RegisterExecutionPolicyException /Users/steipete/Library/Developer/Xcode/DerivedData/CodeLooper-crrddjihwjtfkwegrjrymctnfixv/Build/Products/Debug/HashTreeCollections.o (in target 'HashTreeCollections' from project 'swift-collections')
    cd /Users/steipete/Library/Developer/Xcode/DerivedData/CodeLooper-crrddjihwjtfkwegrjrymctnfixv/SourcePackages/checkouts/swift-collections
    builtin-RegisterExecutionPolicyException /Users/steipete/Library/Developer/Xcode/DerivedData/CodeLooper-crrddjihwjtfkwegrjrymctnfixv/Build/Products/Debug/HashTreeCollections.o

RegisterExecutionPolicyException /Users/steipete/Library/Developer/Xcode/DerivedData/CodeLooper-crrddjihwjtfkwegrjrymctnfixv/Build/Products/Debug/BitCollections.o (in target 'BitCollections' from project 'swift-collections')
    cd /Users/steipete/Library/Developer/Xcode/DerivedData/CodeLooper-crrddjihwjtfkwegrjrymctnfixv/SourcePackages/checkouts/swift-collections
    builtin-RegisterExecutionPolicyException /Users/steipete/Library/Developer/Xcode/DerivedData/CodeLooper-crrddjihwjtfkwegrjrymctnfixv/Build/Products/Debug/BitCollections.o

SwiftDriverJobDiscovery normal arm64 Compiling SerializationUtils.swift, String+HelperExtensions.swift, TextExtraction.swift, WindowInfoHelper.swift, AXValueSpecificFormatter.swift, Scannable.swift (in target 'AXorcist' from project 'axPackage')

SwiftDriverJobDiscovery normal arm64 Compiling Element+Hierarchy.swift, Element+ParameterizedAttributes.swift, Element+PathGeneration.swift, Element+Properties.swift, Element+TypeConversion.swift, Element+WindowOperations.swift (in target 'AXorcist' from project 'axPackage')

SwiftEmitModule normal arm64 Emitting\ module\ for\ Collections (in target 'Collections' from project 'swift-collections')

SwiftCompile normal arm64 /Users/steipete/Library/Developer/Xcode/DerivedData/CodeLooper-crrddjihwjtfkwegrjrymctnfixv/SourcePackages/checkouts/swift-collections/Sources/Collections/Collections.swift (in target 'Collections' from project 'swift-collections')
    cd /Users/steipete/Projects/CodeLooper
    

SwiftCompile normal arm64 Compiling\ Collections.swift /Users/steipete/Library/Developer/Xcode/DerivedData/CodeLooper-crrddjihwjtfkwegrjrymctnfixv/SourcePackages/checkouts/swift-collections/Sources/Collections/Collections.swift (in target 'Collections' from project 'swift-collections')

SwiftCompile normal arm64 /Users/steipete/Library/Developer/Xcode/DerivedData/CodeLooper-crrddjihwjtfkwegrjrymctnfixv/SourcePackages/checkouts/swift-collections/Sources/Collections/Collections.swift (in target 'Collections' from project 'swift-collections')
    cd /Users/steipete/Projects/CodeLooper
    

SwiftDriverJobDiscovery normal arm64 Compiling Collections.swift (in target 'Collections' from project 'swift-collections')

SwiftDriverJobDiscovery normal arm64 Emitting module for Collections (in target 'Collections' from project 'swift-collections')

SwiftDriver\ Compilation\ Requirements Collections normal arm64 com.apple.xcode.tools.swift.compiler (in target 'Collections' from project 'swift-collections')
    cd /Users/steipete/Projects/CodeLooper
    builtin-Swift-Compilation-Requirements -- /Applications/Xcode-beta.app/Contents/Developer/Toolchains/XcodeDefault.xctoolchain/usr/bin/swiftc -module-name Collections -Onone -enforce-exclusivity\=checked @/Users/steipete/Library/Developer/Xcode/DerivedData/CodeLooper-crrddjihwjtfkwegrjrymctnfixv/Build/Intermediates.noindex/swift-collections.build/Debug/Collections.build/Objects-normal/arm64/Collections.SwiftFileList -DSWIFT_PACKAGE -DDEBUG -DSWIFT_MODULE_RESOURCE_BUNDLE_UNAVAILABLE -DCOLLECTIONS_RANDOMIZED_TESTING -DXcode -plugin-path /Applications/Xcode-beta.app/Contents/Developer/Toolchains/XcodeDefault.xctoolchain/usr/lib/swift/host/plugins/testing -enable-experimental-feature DebugDescriptionMacro -sdk /Applications/Xcode-beta.app/Contents/Developer/Platforms/MacOSX.platform/Developer/SDKs/MacOSX26.0.sdk -target arm64-apple-macos10.13 -g -module-cache-path /Users/steipete/Library/Developer/Xcode/DerivedData/ModuleCache.noindex -Xfrontend -serialize-debugging-options -profile-coverage-mapping -profile-generate -enable-testing -suppress-warnings -index-store-path /Users/steipete/Library/Developer/Xcode/DerivedData/CodeLooper-crrddjihwjtfkwegrjrymctnfixv/Index.noindex/DataStore -swift-version 5 -I /Users/steipete/Library/Developer/Xcode/DerivedData/CodeLooper-crrddjihwjtfkwegrjrymctnfixv/Build/Products/Debug -I /Applications/Xcode-beta.app/Contents/Developer/Platforms/MacOSX.platform/Developer/usr/lib -F /Users/steipete/Library/Developer/Xcode/DerivedData/CodeLooper-crrddjihwjtfkwegrjrymctnfixv/Build/Products/Debug/PackageFrameworks -F /Users/steipete/Library/Developer/Xcode/DerivedData/CodeLooper-crrddjihwjtfkwegrjrymctnfixv/Build/Products/Debug/PackageFrameworks -F /Users/steipete/Library/Developer/Xcode/DerivedData/CodeLooper-crrddjihwjtfkwegrjrymctnfixv/Build/Products/Debug/PackageFrameworks -F /Users/steipete/Library/Developer/Xcode/DerivedData/CodeLooper-crrddjihwjtfkwegrjrymctnfixv/Build/Products/Debug/PackageFrameworks -F /Users/steipete/Library/Developer/Xcode/DerivedData/CodeLooper-crrddjihwjtfkwegrjrymctnfixv/Build/Products/Debug/PackageFrameworks -F /Users/steipete/Library/Developer/Xcode/DerivedData/CodeLooper-crrddjihwjtfkwegrjrymctnfixv/Build/Products/Debug/PackageFrameworks -F /Users/steipete/Library/Developer/Xcode/DerivedData/CodeLooper-crrddjihwjtfkwegrjrymctnfixv/Build/Products/Debug/PackageFrameworks -F /Users/steipete/Library/Developer/Xcode/DerivedData/CodeLooper-crrddjihwjtfkwegrjrymctnfixv/Build/Products/Debug -F /Applications/Xcode-beta.app/Contents/Developer/Platforms/MacOSX.platform/Developer/Library/Frameworks -parse-as-library -c -j16 -enable-batch-mode -incremental -Xcc -ivfsstatcache -Xcc /Users/steipete/Library/Developer/Xcode/DerivedData/SDKStatCaches.noindex/macosx26.0-25A5279m-5d9328ff1a6613a11d359de947506b52.sdkstatcache -output-file-map /Users/steipete/Library/Developer/Xcode/DerivedData/CodeLooper-crrddjihwjtfkwegrjrymctnfixv/Build/Intermediates.noindex/swift-collections.build/Debug/Collections.build/Objects-normal/arm64/Collections-OutputFileMap.json -use-frontend-parseable-output -save-temps -no-color-diagnostics -explicit-module-build -module-cache-path /Users/steipete/Library/Developer/Xcode/DerivedData/CodeLooper-crrddjihwjtfkwegrjrymctnfixv/Build/Intermediates.noindex/SwiftExplicitPrecompiledModules -clang-scanner-module-cache-path /Users/steipete/Library/Developer/Xcode/DerivedData/ModuleCache.noindex -sdk-module-cache-path /Users/steipete/Library/Developer/Xcode/DerivedData/ModuleCache.noindex -serialize-diagnostics -emit-dependencies -emit-module -emit-module-path /Users/steipete/Library/Developer/Xcode/DerivedData/CodeLooper-crrddjihwjtfkwegrjrymctnfixv/Build/Intermediates.noindex/swift-collections.build/Debug/Collections.build/Objects-normal/arm64/Collections.swiftmodule -validate-clang-modules-once -clang-build-session-file /Users/steipete/Library/Developer/Xcode/DerivedData/ModuleCache.noindex/Session.modulevalidation -package-name swift_collections -Xcc -I/Users/steipete/Library/Developer/Xcode/DerivedData/CodeLooper-crrddjihwjtfkwegrjrymctnfixv/Build/Intermediates.noindex/swift-collections.build/Debug/Collections.build/swift-overrides.hmap -emit-const-values -Xfrontend -const-gather-protocols-file -Xfrontend /Users/steipete/Library/Developer/Xcode/DerivedData/CodeLooper-crrddjihwjtfkwegrjrymctnfixv/Build/Intermediates.noindex/swift-collections.build/Debug/Collections.build/Objects-normal/arm64/Collections_const_extract_protocols.json -Xcc -I/Users/steipete/Library/Developer/Xcode/DerivedData/CodeLooper-crrddjihwjtfkwegrjrymctnfixv/Build/Products/Debug/include -Xcc -I/Users/steipete/Library/Developer/Xcode/DerivedData/CodeLooper-crrddjihwjtfkwegrjrymctnfixv/Build/Intermediates.noindex/swift-collections.build/Debug/Collections.build/DerivedSources-normal/arm64 -Xcc -I/Users/steipete/Library/Developer/Xcode/DerivedData/CodeLooper-crrddjihwjtfkwegrjrymctnfixv/Build/Intermediates.noindex/swift-collections.build/Debug/Collections.build/DerivedSources/arm64 -Xcc -I/Users/steipete/Library/Developer/Xcode/DerivedData/CodeLooper-crrddjihwjtfkwegrjrymctnfixv/Build/Intermediates.noindex/swift-collections.build/Debug/Collections.build/DerivedSources -Xcc -DSWIFT_PACKAGE -Xcc -DDEBUG\=1 -emit-objc-header -emit-objc-header-path /Users/steipete/Library/Developer/Xcode/DerivedData/CodeLooper-crrddjihwjtfkwegrjrymctnfixv/Build/Intermediates.noindex/swift-collections.build/Debug/Collections.build/Objects-normal/arm64/Collections-Swift.h -working-directory /Users/steipete/Projects/CodeLooper -experimental-emit-module-separately -disable-cmo

SwiftDriver\ Compilation Collections normal arm64 com.apple.xcode.tools.swift.compiler (in target 'Collections' from project 'swift-collections')
    cd /Users/steipete/Projects/CodeLooper
    builtin-Swift-Compilation -- /Applications/Xcode-beta.app/Contents/Developer/Toolchains/XcodeDefault.xctoolchain/usr/bin/swiftc -module-name Collections -Onone -enforce-exclusivity\=checked @/Users/steipete/Library/Developer/Xcode/DerivedData/CodeLooper-crrddjihwjtfkwegrjrymctnfixv/Build/Intermediates.noindex/swift-collections.build/Debug/Collections.build/Objects-normal/arm64/Collections.SwiftFileList -DSWIFT_PACKAGE -DDEBUG -DSWIFT_MODULE_RESOURCE_BUNDLE_UNAVAILABLE -DCOLLECTIONS_RANDOMIZED_TESTING -DXcode -plugin-path /Applications/Xcode-beta.app/Contents/Developer/Toolchains/XcodeDefault.xctoolchain/usr/lib/swift/host/plugins/testing -enable-experimental-feature DebugDescriptionMacro -sdk /Applications/Xcode-beta.app/Contents/Developer/Platforms/MacOSX.platform/Developer/SDKs/MacOSX26.0.sdk -target arm64-apple-macos10.13 -g -module-cache-path /Users/steipete/Library/Developer/Xcode/DerivedData/ModuleCache.noindex -Xfrontend -serialize-debugging-options -profile-coverage-mapping -profile-generate -enable-testing -suppress-warnings -index-store-path /Users/steipete/Library/Developer/Xcode/DerivedData/CodeLooper-crrddjihwjtfkwegrjrymctnfixv/Index.noindex/DataStore -swift-version 5 -I /Users/steipete/Library/Developer/Xcode/DerivedData/CodeLooper-crrddjihwjtfkwegrjrymctnfixv/Build/Products/Debug -I /Applications/Xcode-beta.app/Contents/Developer/Platforms/MacOSX.platform/Developer/usr/lib -F /Users/steipete/Library/Developer/Xcode/DerivedData/CodeLooper-crrddjihwjtfkwegrjrymctnfixv/Build/Products/Debug/PackageFrameworks -F /Users/steipete/Library/Developer/Xcode/DerivedData/CodeLooper-crrddjihwjtfkwegrjrymctnfixv/Build/Products/Debug/PackageFrameworks -F /Users/steipete/Library/Developer/Xcode/DerivedData/CodeLooper-crrddjihwjtfkwegrjrymctnfixv/Build/Products/Debug/PackageFrameworks -F /Users/steipete/Library/Developer/Xcode/DerivedData/CodeLooper-crrddjihwjtfkwegrjrymctnfixv/Build/Products/Debug/PackageFrameworks -F /Users/steipete/Library/Developer/Xcode/DerivedData/CodeLooper-crrddjihwjtfkwegrjrymctnfixv/Build/Products/Debug/PackageFrameworks -F /Users/steipete/Library/Developer/Xcode/DerivedData/CodeLooper-crrddjihwjtfkwegrjrymctnfixv/Build/Products/Debug/PackageFrameworks -F /Users/steipete/Library/Developer/Xcode/DerivedData/CodeLooper-crrddjihwjtfkwegrjrymctnfixv/Build/Products/Debug/PackageFrameworks -F /Users/steipete/Library/Developer/Xcode/DerivedData/CodeLooper-crrddjihwjtfkwegrjrymctnfixv/Build/Products/Debug -F /Applications/Xcode-beta.app/Contents/Developer/Platforms/MacOSX.platform/Developer/Library/Frameworks -parse-as-library -c -j16 -enable-batch-mode -incremental -Xcc -ivfsstatcache -Xcc /Users/steipete/Library/Developer/Xcode/DerivedData/SDKStatCaches.noindex/macosx26.0-25A5279m-5d9328ff1a6613a11d359de947506b52.sdkstatcache -output-file-map /Users/steipete/Library/Developer/Xcode/DerivedData/CodeLooper-crrddjihwjtfkwegrjrymctnfixv/Build/Intermediates.noindex/swift-collections.build/Debug/Collections.build/Objects-normal/arm64/Collections-OutputFileMap.json -use-frontend-parseable-output -save-temps -no-color-diagnostics -explicit-module-build -module-cache-path /Users/steipete/Library/Developer/Xcode/DerivedData/CodeLooper-crrddjihwjtfkwegrjrymctnfixv/Build/Intermediates.noindex/SwiftExplicitPrecompiledModules -clang-scanner-module-cache-path /Users/steipete/Library/Developer/Xcode/DerivedData/ModuleCache.noindex -sdk-module-cache-path /Users/steipete/Library/Developer/Xcode/DerivedData/ModuleCache.noindex -serialize-diagnostics -emit-dependencies -emit-module -emit-module-path /Users/steipete/Library/Developer/Xcode/DerivedData/CodeLooper-crrddjihwjtfkwegrjrymctnfixv/Build/Intermediates.noindex/swift-collections.build/Debug/Collections.build/Objects-normal/arm64/Collections.swiftmodule -validate-clang-modules-once -clang-build-session-file /Users/steipete/Library/Developer/Xcode/DerivedData/ModuleCache.noindex/Session.modulevalidation -package-name swift_collections -Xcc -I/Users/steipete/Library/Developer/Xcode/DerivedData/CodeLooper-crrddjihwjtfkwegrjrymctnfixv/Build/Intermediates.noindex/swift-collections.build/Debug/Collections.build/swift-overrides.hmap -emit-const-values -Xfrontend -const-gather-protocols-file -Xfrontend /Users/steipete/Library/Developer/Xcode/DerivedData/CodeLooper-crrddjihwjtfkwegrjrymctnfixv/Build/Intermediates.noindex/swift-collections.build/Debug/Collections.build/Objects-normal/arm64/Collections_const_extract_protocols.json -Xcc -I/Users/steipete/Library/Developer/Xcode/DerivedData/CodeLooper-crrddjihwjtfkwegrjrymctnfixv/Build/Products/Debug/include -Xcc -I/Users/steipete/Library/Developer/Xcode/DerivedData/CodeLooper-crrddjihwjtfkwegrjrymctnfixv/Build/Intermediates.noindex/swift-collections.build/Debug/Collections.build/DerivedSources-normal/arm64 -Xcc -I/Users/steipete/Library/Developer/Xcode/DerivedData/CodeLooper-crrddjihwjtfkwegrjrymctnfixv/Build/Intermediates.noindex/swift-collections.build/Debug/Collections.build/DerivedSources/arm64 -Xcc -I/Users/steipete/Library/Developer/Xcode/DerivedData/CodeLooper-crrddjihwjtfkwegrjrymctnfixv/Build/Intermediates.noindex/swift-collections.build/Debug/Collections.build/DerivedSources -Xcc -DSWIFT_PACKAGE -Xcc -DDEBUG\=1 -emit-objc-header -emit-objc-header-path /Users/steipete/Library/Developer/Xcode/DerivedData/CodeLooper-crrddjihwjtfkwegrjrymctnfixv/Build/Intermediates.noindex/swift-collections.build/Debug/Collections.build/Objects-normal/arm64/Collections-Swift.h -working-directory /Users/steipete/Projects/CodeLooper -experimental-emit-module-separately -disable-cmo

SwiftMergeGeneratedHeaders /Users/steipete/Library/Developer/Xcode/DerivedData/CodeLooper-crrddjihwjtfkwegrjrymctnfixv/Build/Intermediates.noindex/GeneratedModuleMaps/Collections-Swift.h /Users/steipete/Library/Developer/Xcode/DerivedData/CodeLooper-crrddjihwjtfkwegrjrymctnfixv/Build/Intermediates.noindex/swift-collections.build/Debug/Collections.build/Objects-normal/arm64/Collections-Swift.h (in target 'Collections' from project 'swift-collections')
    cd /Users/steipete/Library/Developer/Xcode/DerivedData/CodeLooper-crrddjihwjtfkwegrjrymctnfixv/SourcePackages/checkouts/swift-collections
    builtin-swiftHeaderTool -arch arm64 /Users/steipete/Library/Developer/Xcode/DerivedData/CodeLooper-crrddjihwjtfkwegrjrymctnfixv/Build/Intermediates.noindex/swift-collections.build/Debug/Collections.build/Objects-normal/arm64/Collections-Swift.h -o /Users/steipete/Library/Developer/Xcode/DerivedData/CodeLooper-crrddjihwjtfkwegrjrymctnfixv/Build/Intermediates.noindex/GeneratedModuleMaps/Collections-Swift.h

Copy /Users/steipete/Library/Developer/Xcode/DerivedData/CodeLooper-crrddjihwjtfkwegrjrymctnfixv/Build/Products/Debug/Collections.swiftmodule/arm64-apple-macos.swiftdoc /Users/steipete/Library/Developer/Xcode/DerivedData/CodeLooper-crrddjihwjtfkwegrjrymctnfixv/Build/Intermediates.noindex/swift-collections.build/Debug/Collections.build/Objects-normal/arm64/Collections.swiftdoc (in target 'Collections' from project 'swift-collections')
    cd /Users/steipete/Library/Developer/Xcode/DerivedData/CodeLooper-crrddjihwjtfkwegrjrymctnfixv/SourcePackages/checkouts/swift-collections
    builtin-copy -exclude .DS_Store -exclude CVS -exclude .svn -exclude .git -exclude .hg -resolve-src-symlinks -rename /Users/steipete/Library/Developer/Xcode/DerivedData/CodeLooper-crrddjihwjtfkwegrjrymctnfixv/Build/Intermediates.noindex/swift-collections.build/Debug/Collections.build/Objects-normal/arm64/Collections.swiftdoc /Users/steipete/Library/Developer/Xcode/DerivedData/CodeLooper-crrddjihwjtfkwegrjrymctnfixv/Build/Products/Debug/Collections.swiftmodule/arm64-apple-macos.swiftdoc

Copy /Users/steipete/Library/Developer/Xcode/DerivedData/CodeLooper-crrddjihwjtfkwegrjrymctnfixv/Build/Products/Debug/Collections.swiftmodule/arm64-apple-macos.abi.json /Users/steipete/Library/Developer/Xcode/DerivedData/CodeLooper-crrddjihwjtfkwegrjrymctnfixv/Build/Intermediates.noindex/swift-collections.build/Debug/Collections.build/Objects-normal/arm64/Collections.abi.json (in target 'Collections' from project 'swift-collections')
    cd /Users/steipete/Library/Developer/Xcode/DerivedData/CodeLooper-crrddjihwjtfkwegrjrymctnfixv/SourcePackages/checkouts/swift-collections
    builtin-copy -exclude .DS_Store -exclude CVS -exclude .svn -exclude .git -exclude .hg -resolve-src-symlinks -rename /Users/steipete/Library/Developer/Xcode/DerivedData/CodeLooper-crrddjihwjtfkwegrjrymctnfixv/Build/Intermediates.noindex/swift-collections.build/Debug/Collections.build/Objects-normal/arm64/Collections.abi.json /Users/steipete/Library/Developer/Xcode/DerivedData/CodeLooper-crrddjihwjtfkwegrjrymctnfixv/Build/Products/Debug/Collections.swiftmodule/arm64-apple-macos.abi.json

Copy /Users/steipete/Library/Developer/Xcode/DerivedData/CodeLooper-crrddjihwjtfkwegrjrymctnfixv/Build/Products/Debug/Collections.swiftmodule/arm64-apple-macos.swiftmodule /Users/steipete/Library/Developer/Xcode/DerivedData/CodeLooper-crrddjihwjtfkwegrjrymctnfixv/Build/Intermediates.noindex/swift-collections.build/Debug/Collections.build/Objects-normal/arm64/Collections.swiftmodule (in target 'Collections' from project 'swift-collections')
    cd /Users/steipete/Library/Developer/Xcode/DerivedData/CodeLooper-crrddjihwjtfkwegrjrymctnfixv/SourcePackages/checkouts/swift-collections
    builtin-copy -exclude .DS_Store -exclude CVS -exclude .svn -exclude .git -exclude .hg -resolve-src-symlinks -rename /Users/steipete/Library/Developer/Xcode/DerivedData/CodeLooper-crrddjihwjtfkwegrjrymctnfixv/Build/Intermediates.noindex/swift-collections.build/Debug/Collections.build/Objects-normal/arm64/Collections.swiftmodule /Users/steipete/Library/Developer/Xcode/DerivedData/CodeLooper-crrddjihwjtfkwegrjrymctnfixv/Build/Products/Debug/Collections.swiftmodule/arm64-apple-macos.swiftmodule

Copy /Users/steipete/Library/Developer/Xcode/DerivedData/CodeLooper-crrddjihwjtfkwegrjrymctnfixv/Build/Products/Debug/Collections.swiftmodule/Project/arm64-apple-macos.swiftsourceinfo /Users/steipete/Library/Developer/Xcode/DerivedData/CodeLooper-crrddjihwjtfkwegrjrymctnfixv/Build/Intermediates.noindex/swift-collections.build/Debug/Collections.build/Objects-normal/arm64/Collections.swiftsourceinfo (in target 'Collections' from project 'swift-collections')
    cd /Users/steipete/Library/Developer/Xcode/DerivedData/CodeLooper-crrddjihwjtfkwegrjrymctnfixv/SourcePackages/checkouts/swift-collections
    builtin-copy -exclude .DS_Store -exclude CVS -exclude .svn -exclude .git -exclude .hg -resolve-src-symlinks -rename /Users/steipete/Library/Developer/Xcode/DerivedData/CodeLooper-crrddjihwjtfkwegrjrymctnfixv/Build/Intermediates.noindex/swift-collections.build/Debug/Collections.build/Objects-normal/arm64/Collections.swiftsourceinfo /Users/steipete/Library/Developer/Xcode/DerivedData/CodeLooper-crrddjihwjtfkwegrjrymctnfixv/Build/Products/Debug/Collections.swiftmodule/Project/arm64-apple-macos.swiftsourceinfo

Ld /Users/steipete/Library/Developer/Xcode/DerivedData/CodeLooper-crrddjihwjtfkwegrjrymctnfixv/Build/Products/Debug/Collections.o normal (in target 'Collections' from project 'swift-collections')
    cd /Users/steipete/Library/Developer/Xcode/DerivedData/CodeLooper-crrddjihwjtfkwegrjrymctnfixv/SourcePackages/checkouts/swift-collections
    /Applications/Xcode-beta.app/Contents/Developer/Toolchains/XcodeDefault.xctoolchain/usr/bin/clang -Xlinker -reproducible -target arm64-apple-macos10.13 -r -isysroot /Applications/Xcode-beta.app/Contents/Developer/Platforms/MacOSX.platform/Developer/SDKs/MacOSX26.0.sdk -O0 -w -L/Users/steipete/Library/Developer/Xcode/DerivedData/CodeLooper-crrddjihwjtfkwegrjrymctnfixv/Build/Intermediates.noindex/EagerLinkingTBDs/Debug -L/Users/steipete/Library/Developer/Xcode/DerivedData/CodeLooper-crrddjihwjtfkwegrjrymctnfixv/Build/Products/Debug -L/Applications/Xcode-beta.app/Contents/Developer/Platforms/MacOSX.platform/Developer/usr/lib -F/Users/steipete/Library/Developer/Xcode/DerivedData/CodeLooper-crrddjihwjtfkwegrjrymctnfixv/Build/Intermediates.noindex/EagerLinkingTBDs/Debug -F/Users/steipete/Library/Developer/Xcode/DerivedData/CodeLooper-crrddjihwjtfkwegrjrymctnfixv/Build/Products/Debug/PackageFrameworks -F/Users/steipete/Library/Developer/Xcode/DerivedData/CodeLooper-crrddjihwjtfkwegrjrymctnfixv/Build/Products/Debug/PackageFrameworks -F/Users/steipete/Library/Developer/Xcode/DerivedData/CodeLooper-crrddjihwjtfkwegrjrymctnfixv/Build/Products/Debug/PackageFrameworks -F/Users/steipete/Library/Developer/Xcode/DerivedData/CodeLooper-crrddjihwjtfkwegrjrymctnfixv/Build/Products/Debug/PackageFrameworks -F/Users/steipete/Library/Developer/Xcode/DerivedData/CodeLooper-crrddjihwjtfkwegrjrymctnfixv/Build/Products/Debug/PackageFrameworks -F/Users/steipete/Library/Developer/Xcode/DerivedData/CodeLooper-crrddjihwjtfkwegrjrymctnfixv/Build/Products/Debug/PackageFrameworks -F/Users/steipete/Library/Developer/Xcode/DerivedData/CodeLooper-crrddjihwjtfkwegrjrymctnfixv/Build/Products/Debug/PackageFrameworks -F/Users/steipete/Library/Developer/Xcode/DerivedData/CodeLooper-crrddjihwjtfkwegrjrymctnfixv/Build/Products/Debug -iframework /Applications/Xcode-beta.app/Contents/Developer/Platforms/MacOSX.platform/Developer/Library/Frameworks -filelist /Users/steipete/Library/Developer/Xcode/DerivedData/CodeLooper-crrddjihwjtfkwegrjrymctnfixv/Build/Intermediates.noindex/swift-collections.build/Debug/Collections.build/Objects-normal/arm64/Collections.LinkFileList -nostdlib -Xlinker -object_path_lto -Xlinker /Users/steipete/Library/Developer/Xcode/DerivedData/CodeLooper-crrddjihwjtfkwegrjrymctnfixv/Build/Intermediates.noindex/swift-collections.build/Debug/Collections.build/Objects-normal/arm64/Collections_lto.o -rdynamic -Xlinker -no_deduplicate -Xlinker -debug_variant -Xlinker -dependency_info -Xlinker /Users/steipete/Library/Developer/Xcode/DerivedData/CodeLooper-crrddjihwjtfkwegrjrymctnfixv/Build/Intermediates.noindex/swift-collections.build/Debug/Collections.build/Objects-normal/arm64/Collections_dependency_info.dat -fobjc-link-runtime -L/Applications/Xcode-beta.app/Contents/Developer/Toolchains/XcodeDefault.xctoolchain/usr/lib/swift/macosx -L/usr/lib/swift -Xlinker -add_ast_path -Xlinker /Users/steipete/Library/Developer/Xcode/DerivedData/CodeLooper-crrddjihwjtfkwegrjrymctnfixv/Build/Intermediates.noindex/swift-collections.build/Debug/Collections.build/Objects-normal/arm64/Collections.swiftmodule @/Users/steipete/Library/Developer/Xcode/DerivedData/CodeLooper-crrddjihwjtfkwegrjrymctnfixv/Build/Intermediates.noindex/swift-collections.build/Debug/Collections.build/Objects-normal/arm64/Collections-linker-args.resp -o /Users/steipete/Library/Developer/Xcode/DerivedData/CodeLooper-crrddjihwjtfkwegrjrymctnfixv/Build/Products/Debug/Collections.o

SwiftEmitModule normal arm64 Emitting\ module\ for\ Diagnostics (in target 'Diagnostics' from project 'CodeLooper')

EmitSwiftModule normal arm64 (in target 'Diagnostics' from project 'CodeLooper')
    cd /Users/steipete/Projects/CodeLooper
    

SwiftCompile normal arm64 Compiling\ LogLevel.swift /Users/steipete/Projects/CodeLooper/Core/Diagnostics/LogLevel.swift (in target 'Diagnostics' from project 'CodeLooper')

SwiftCompile normal arm64 /Users/steipete/Projects/CodeLooper/Core/Diagnostics/LogLevel.swift (in target 'Diagnostics' from project 'CodeLooper')
    cd /Users/steipete/Projects/CodeLooper
    

SwiftCompile normal arm64 Compiling\ FileLogger.swift /Users/steipete/Projects/CodeLooper/Core/Diagnostics/FileLogger.swift (in target 'Diagnostics' from project 'CodeLooper')

SwiftCompile normal arm64 /Users/steipete/Projects/CodeLooper/Core/Diagnostics/FileLogger.swift (in target 'Diagnostics' from project 'CodeLooper')
    cd /Users/steipete/Projects/CodeLooper
    

SwiftCompile normal arm64 Compiling\ DiagnosticsOperationKeys.swift /Users/steipete/Projects/CodeLooper/Core/Diagnostics/Extensions/DiagnosticsOperationKeys.swift (in target 'Diagnostics' from project 'CodeLooper')

SwiftCompile normal arm64 /Users/steipete/Projects/CodeLooper/Core/Diagnostics/Extensions/DiagnosticsOperationKeys.swift (in target 'Diagnostics' from project 'CodeLooper')
    cd /Users/steipete/Projects/CodeLooper
    

SwiftCompile normal arm64 Compiling\ SessionLogger.swift /Users/steipete/Projects/CodeLooper/Core/Diagnostics/SessionLogger.swift (in target 'Diagnostics' from project 'CodeLooper')

SwiftCompile normal arm64 /Users/steipete/Projects/CodeLooper/Core/Diagnostics/SessionLogger.swift (in target 'Diagnostics' from project 'CodeLooper')
    cd /Users/steipete/Projects/CodeLooper
    

SwiftCompile normal arm64 Compiling\ SystemInfoProvider.swift /Users/steipete/Projects/CodeLooper/Core/Diagnostics/Helpers/SystemInfoProvider.swift (in target 'Diagnostics' from project 'CodeLooper')

SwiftCompile normal arm64 /Users/steipete/Projects/CodeLooper/Core/Diagnostics/Helpers/SystemInfoProvider.swift (in target 'Diagnostics' from project 'CodeLooper')
    cd /Users/steipete/Projects/CodeLooper
    

SwiftCompile normal arm64 Compiling\ DiagnosticContext.swift /Users/steipete/Projects/CodeLooper/Core/Diagnostics/DiagnosticContext.swift (in target 'Diagnostics' from project 'CodeLooper')

SwiftCompile normal arm64 /Users/steipete/Projects/CodeLooper/Core/Diagnostics/DiagnosticContext.swift (in target 'Diagnostics' from project 'CodeLooper')
    cd /Users/steipete/Projects/CodeLooper
    

SwiftCompile normal arm64 Compiling\ DiagnosticReportGenerator.swift /Users/steipete/Projects/CodeLooper/Core/Diagnostics/Helpers/DiagnosticReportGenerator.swift (in target 'Diagnostics' from project 'CodeLooper')

SwiftCompile normal arm64 /Users/steipete/Projects/CodeLooper/Core/Diagnostics/Helpers/DiagnosticReportGenerator.swift (in target 'Diagnostics' from project 'CodeLooper')
    cd /Users/steipete/Projects/CodeLooper
    

SwiftCompile normal arm64 Compiling\ LogConfiguration.swift /Users/steipete/Projects/CodeLooper/Core/Diagnostics/LogConfiguration.swift (in target 'Diagnostics' from project 'CodeLooper')

SwiftCompile normal arm64 /Users/steipete/Projects/CodeLooper/Core/Diagnostics/LogConfiguration.swift (in target 'Diagnostics' from project 'CodeLooper')
    cd /Users/steipete/Projects/CodeLooper
    

SwiftCompile normal arm64 Compiling\ LogManager.swift /Users/steipete/Projects/CodeLooper/Core/Diagnostics/LogManager.swift (in target 'Diagnostics' from project 'CodeLooper')

SwiftCompile normal arm64 /Users/steipete/Projects/CodeLooper/Core/Diagnostics/LogManager.swift (in target 'Diagnostics' from project 'CodeLooper')
    cd /Users/steipete/Projects/CodeLooper
    

SwiftCompile normal arm64 Compiling\ OperationTracker.swift /Users/steipete/Projects/CodeLooper/Core/Diagnostics/Helpers/OperationTracker.swift (in target 'Diagnostics' from project 'CodeLooper')
SwiftCompile normal arm64 /Users/steipete/Projects/CodeLooper/Core/Diagnostics/Helpers/OperationTracker.swift (in target 'Diagnostics' from project 'CodeLooper')
    cd /Users/steipete/Projects/CodeLooper
    

SwiftCompile normal arm64 Compiling\ DiagnosticsLogger.swift /Users/steipete/Projects/CodeLooper/Core/Diagnostics/DiagnosticsLogger.swift (in target 'Diagnostics' from project 'CodeLooper')

SwiftCompile normal arm64 /Users/steipete/Projects/CodeLooper/Core/Diagnostics/DiagnosticsLogger.swift (in target 'Diagnostics' from project 'CodeLooper')
    cd /Users/steipete/Projects/CodeLooper
    

SwiftEmitModule normal arm64 Emitting\ module\ for\ AsyncAlgorithms (in target 'AsyncAlgorithms' from project 'swift-async-algorithms')
EmitSwiftModule normal arm64 (in target 'AsyncAlgorithms' from project 'swift-async-algorithms')
    cd /Users/steipete/Projects/CodeLooper
    

SwiftDriverJobDiscovery normal arm64 Compiling ObserverTypes.swift, PathUtils.swift, ProcessUtils.swift, ResponseModels.swift, ValueFormatOption.swift, AXLogEntry.swift (in target 'AXorcist' from project 'axPackage')

SwiftCompile normal arm64 Compiling\ LogCategory.swift /Users/steipete/Projects/CodeLooper/Core/Diagnostics/LogCategory.swift (in target 'Diagnostics' from project 'CodeLooper')

SwiftCompile normal arm64 /Users/steipete/Projects/CodeLooper/Core/Diagnostics/LogCategory.swift (in target 'Diagnostics' from project 'CodeLooper')
    cd /Users/steipete/Projects/CodeLooper
    

SwiftDriverJobDiscovery normal arm64 Compiling DiagnosticsOperationKeys.swift (in target 'Diagnostics' from project 'CodeLooper')

SwiftCompile normal arm64 Compiling\ Logger.swift /Users/steipete/Projects/CodeLooper/Core/Diagnostics/Logger.swift (in target 'Diagnostics' from project 'CodeLooper')
SwiftCompile normal arm64 /Users/steipete/Projects/CodeLooper/Core/Diagnostics/Logger.swift (in target 'Diagnostics' from project 'CodeLooper')
    cd /Users/steipete/Projects/CodeLooper
    

SwiftCompile normal arm64 Compiling\ AsyncCombineLatest3Sequence.swift,\ CombineLatestStateMachine.swift,\ CombineLatestStorage.swift /Users/steipete/Library/Developer/Xcode/DerivedData/CodeLooper-crrddjihwjtfkwegrjrymctnfixv/SourcePackages/checkouts/swift-async-algorithms/Sources/AsyncAlgorithms/CombineLatest/AsyncCombineLatest3Sequence.swift /Users/steipete/Library/Developer/Xcode/DerivedData/CodeLooper-crrddjihwjtfkwegrjrymctnfixv/SourcePackages/checkouts/swift-async-algorithms/Sources/AsyncAlgorithms/CombineLatest/CombineLatestStateMachine.swift /Users/steipete/Library/Developer/Xcode/DerivedData/CodeLooper-crrddjihwjtfkwegrjrymctnfixv/SourcePackages/checkouts/swift-async-algorithms/Sources/AsyncAlgorithms/CombineLatest/CombineLatestStorage.swift (in target 'AsyncAlgorithms' from project 'swift-async-algorithms')
SwiftCompile normal arm64 /Users/steipete/Library/Developer/Xcode/DerivedData/CodeLooper-crrddjihwjtfkwegrjrymctnfixv/SourcePackages/checkouts/swift-async-algorithms/Sources/AsyncAlgorithms/CombineLatest/AsyncCombineLatest3Sequence.swift (in target 'AsyncAlgorithms' from project 'swift-async-algorithms')
    cd /Users/steipete/Projects/CodeLooper
    

SwiftCompile normal arm64 /Users/steipete/Library/Developer/Xcode/DerivedData/CodeLooper-crrddjihwjtfkwegrjrymctnfixv/SourcePackages/checkouts/swift-async-algorithms/Sources/AsyncAlgorithms/CombineLatest/CombineLatestStateMachine.swift (in target 'AsyncAlgorithms' from project 'swift-async-algorithms')
    cd /Users/steipete/Projects/CodeLooper
    

SwiftCompile normal arm64 /Users/steipete/Library/Developer/Xcode/DerivedData/CodeLooper-crrddjihwjtfkwegrjrymctnfixv/SourcePackages/checkouts/swift-async-algorithms/Sources/AsyncAlgorithms/CombineLatest/CombineLatestStorage.swift (in target 'AsyncAlgorithms' from project 'swift-async-algorithms')
    cd /Users/steipete/Projects/CodeLooper
    

SwiftDriverJobDiscovery normal arm64 Compiling LogConfiguration.swift (in target 'Diagnostics' from project 'CodeLooper')

SwiftCompile normal arm64 Compiling\ AsyncZip3Sequence.swift,\ ZipStateMachine.swift,\ ZipStorage.swift /Users/steipete/Library/Developer/Xcode/DerivedData/CodeLooper-crrddjihwjtfkwegrjrymctnfixv/SourcePackages/checkouts/swift-async-algorithms/Sources/AsyncAlgorithms/Zip/AsyncZip3Sequence.swift /Users/steipete/Library/Developer/Xcode/DerivedData/CodeLooper-crrddjihwjtfkwegrjrymctnfixv/SourcePackages/checkouts/swift-async-algorithms/Sources/AsyncAlgorithms/Zip/ZipStateMachine.swift /Users/steipete/Library/Developer/Xcode/DerivedData/CodeLooper-crrddjihwjtfkwegrjrymctnfixv/SourcePackages/checkouts/swift-async-algorithms/Sources/AsyncAlgorithms/Zip/ZipStorage.swift (in target 'AsyncAlgorithms' from project 'swift-async-algorithms')

SwiftCompile normal arm64 /Users/steipete/Library/Developer/Xcode/DerivedData/CodeLooper-crrddjihwjtfkwegrjrymctnfixv/SourcePackages/checkouts/swift-async-algorithms/Sources/AsyncAlgorithms/Zip/AsyncZip3Sequence.swift (in target 'AsyncAlgorithms' from project 'swift-async-algorithms')
    cd /Users/steipete/Projects/CodeLooper
    

SwiftCompile normal arm64 /Users/steipete/Library/Developer/Xcode/DerivedData/CodeLooper-crrddjihwjtfkwegrjrymctnfixv/SourcePackages/checkouts/swift-async-algorithms/Sources/AsyncAlgorithms/Zip/ZipStateMachine.swift (in target 'AsyncAlgorithms' from project 'swift-async-algorithms')
    cd /Users/steipete/Projects/CodeLooper
    

SwiftCompile normal arm64 /Users/steipete/Library/Developer/Xcode/DerivedData/CodeLooper-crrddjihwjtfkwegrjrymctnfixv/SourcePackages/checkouts/swift-async-algorithms/Sources/AsyncAlgorithms/Zip/ZipStorage.swift (in target 'AsyncAlgorithms' from project 'swift-async-algorithms')
    cd /Users/steipete/Projects/CodeLooper
    

SwiftDriverJobDiscovery normal arm64 Compiling LogLevel.swift (in target 'Diagnostics' from project 'CodeLooper')

SwiftCompile normal arm64 Compiling\ AsyncCompactedSequence.swift,\ AsyncExclusiveReductionsSequence.swift,\ AsyncInclusiveReductionsSequence.swift /Users/steipete/Library/Developer/Xcode/DerivedData/CodeLooper-crrddjihwjtfkwegrjrymctnfixv/SourcePackages/checkouts/swift-async-algorithms/Sources/AsyncAlgorithms/AsyncCompactedSequence.swift /Users/steipete/Library/Developer/Xcode/DerivedData/CodeLooper-crrddjihwjtfkwegrjrymctnfixv/SourcePackages/checkouts/swift-async-algorithms/Sources/AsyncAlgorithms/AsyncExclusiveReductionsSequence.swift /Users/steipete/Library/Developer/Xcode/DerivedData/CodeLooper-crrddjihwjtfkwegrjrymctnfixv/SourcePackages/checkouts/swift-async-algorithms/Sources/AsyncAlgorithms/AsyncInclusiveReductionsSequence.swift (in target 'AsyncAlgorithms' from project 'swift-async-algorithms')

SwiftCompile normal arm64 /Users/steipete/Library/Developer/Xcode/DerivedData/CodeLooper-crrddjihwjtfkwegrjrymctnfixv/SourcePackages/checkouts/swift-async-algorithms/Sources/AsyncAlgorithms/AsyncCompactedSequence.swift (in target 'AsyncAlgorithms' from project 'swift-async-algorithms')
    cd /Users/steipete/Projects/CodeLooper
    

SwiftCompile normal arm64 /Users/steipete/Library/Developer/Xcode/DerivedData/CodeLooper-crrddjihwjtfkwegrjrymctnfixv/SourcePackages/checkouts/swift-async-algorithms/Sources/AsyncAlgorithms/AsyncExclusiveReductionsSequence.swift (in target 'AsyncAlgorithms' from project 'swift-async-algorithms')
    cd /Users/steipete/Projects/CodeLooper
    

SwiftCompile normal arm64 /Users/steipete/Library/Developer/Xcode/DerivedData/CodeLooper-crrddjihwjtfkwegrjrymctnfixv/SourcePackages/checkouts/swift-async-algorithms/Sources/AsyncAlgorithms/AsyncInclusiveReductionsSequence.swift (in target 'AsyncAlgorithms' from project 'swift-async-algorithms')
    cd /Users/steipete/Projects/CodeLooper
    

SwiftDriverJobDiscovery normal arm64 Emitting module for Diagnostics (in target 'Diagnostics' from project 'CodeLooper')

SwiftCompile normal arm64 Compiling\ ChannelStateMachine.swift,\ ChannelStorage.swift,\ AsyncCombineLatest2Sequence.swift /Users/steipete/Library/Developer/Xcode/DerivedData/CodeLooper-crrddjihwjtfkwegrjrymctnfixv/SourcePackages/checkouts/swift-async-algorithms/Sources/AsyncAlgorithms/Channels/ChannelStateMachine.swift /Users/steipete/Library/Developer/Xcode/DerivedData/CodeLooper-crrddjihwjtfkwegrjrymctnfixv/SourcePackages/checkouts/swift-async-algorithms/Sources/AsyncAlgorithms/Channels/ChannelStorage.swift /Users/steipete/Library/Developer/Xcode/DerivedData/CodeLooper-crrddjihwjtfkwegrjrymctnfixv/SourcePackages/checkouts/swift-async-algorithms/Sources/AsyncAlgorithms/CombineLatest/AsyncCombineLatest2Sequence.swift (in target 'AsyncAlgorithms' from project 'swift-async-algorithms')

SwiftCompile normal arm64 /Users/steipete/Library/Developer/Xcode/DerivedData/CodeLooper-crrddjihwjtfkwegrjrymctnfixv/SourcePackages/checkouts/swift-async-algorithms/Sources/AsyncAlgorithms/Channels/ChannelStateMachine.swift (in target 'AsyncAlgorithms' from project 'swift-async-algorithms')
    cd /Users/steipete/Projects/CodeLooper
    

SwiftCompile normal arm64 /Users/steipete/Library/Developer/Xcode/DerivedData/CodeLooper-crrddjihwjtfkwegrjrymctnfixv/SourcePackages/checkouts/swift-async-algorithms/Sources/AsyncAlgorithms/Channels/ChannelStorage.swift (in target 'AsyncAlgorithms' from project 'swift-async-algorithms')
    cd /Users/steipete/Projects/CodeLooper
    

SwiftCompile normal arm64 /Users/steipete/Library/Developer/Xcode/DerivedData/CodeLooper-crrddjihwjtfkwegrjrymctnfixv/SourcePackages/checkouts/swift-async-algorithms/Sources/AsyncAlgorithms/CombineLatest/AsyncCombineLatest2Sequence.swift (in target 'AsyncAlgorithms' from project 'swift-async-algorithms')
    cd /Users/steipete/Projects/CodeLooper
    

SwiftCompile normal arm64 Compiling\ AsyncAdjacentPairsSequence.swift,\ AsyncBufferedByteIterator.swift,\ AsyncChain2Sequence.swift,\ AsyncChain3Sequence.swift /Users/steipete/Library/Developer/Xcode/DerivedData/CodeLooper-crrddjihwjtfkwegrjrymctnfixv/SourcePackages/checkouts/swift-async-algorithms/Sources/AsyncAlgorithms/AsyncAdjacentPairsSequence.swift /Users/steipete/Library/Developer/Xcode/DerivedData/CodeLooper-crrddjihwjtfkwegrjrymctnfixv/SourcePackages/checkouts/swift-async-algorithms/Sources/AsyncAlgorithms/AsyncBufferedByteIterator.swift /Users/steipete/Library/Developer/Xcode/DerivedData/CodeLooper-crrddjihwjtfkwegrjrymctnfixv/SourcePackages/checkouts/swift-async-algorithms/Sources/AsyncAlgorithms/AsyncChain2Sequence.swift /Users/steipete/Library/Developer/Xcode/DerivedData/CodeLooper-crrddjihwjtfkwegrjrymctnfixv/SourcePackages/checkouts/swift-async-algorithms/Sources/AsyncAlgorithms/AsyncChain3Sequence.swift (in target 'AsyncAlgorithms' from project 'swift-async-algorithms')

SwiftCompile normal arm64 /Users/steipete/Library/Developer/Xcode/DerivedData/CodeLooper-crrddjihwjtfkwegrjrymctnfixv/SourcePackages/checkouts/swift-async-algorithms/Sources/AsyncAlgorithms/AsyncAdjacentPairsSequence.swift (in target 'AsyncAlgorithms' from project 'swift-async-algorithms')
    cd /Users/steipete/Projects/CodeLooper
    

SwiftCompile normal arm64 /Users/steipete/Library/Developer/Xcode/DerivedData/CodeLooper-crrddjihwjtfkwegrjrymctnfixv/SourcePackages/checkouts/swift-async-algorithms/Sources/AsyncAlgorithms/AsyncBufferedByteIterator.swift (in target 'AsyncAlgorithms' from project 'swift-async-algorithms')
    cd /Users/steipete/Projects/CodeLooper
    

SwiftCompile normal arm64 /Users/steipete/Library/Developer/Xcode/DerivedData/CodeLooper-crrddjihwjtfkwegrjrymctnfixv/SourcePackages/checkouts/swift-async-algorithms/Sources/AsyncAlgorithms/AsyncChain2Sequence.swift (in target 'AsyncAlgorithms' from project 'swift-async-algorithms')
    cd /Users/steipete/Projects/CodeLooper
    

SwiftCompile normal arm64 /Users/steipete/Library/Developer/Xcode/DerivedData/CodeLooper-crrddjihwjtfkwegrjrymctnfixv/SourcePackages/checkouts/swift-async-algorithms/Sources/AsyncAlgorithms/AsyncChain3Sequence.swift (in target 'AsyncAlgorithms' from project 'swift-async-algorithms')
    cd /Users/steipete/Projects/CodeLooper
    

SwiftCompile normal arm64 Compiling\ AsyncThrowingInclusiveReductionsSequence.swift,\ AsyncTimerSequence.swift,\ AsyncBufferSequence.swift /Users/steipete/Library/Developer/Xcode/DerivedData/CodeLooper-crrddjihwjtfkwegrjrymctnfixv/SourcePackages/checkouts/swift-async-algorithms/Sources/AsyncAlgorithms/AsyncThrowingInclusiveReductionsSequence.swift /Users/steipete/Library/Developer/Xcode/DerivedData/CodeLooper-crrddjihwjtfkwegrjrymctnfixv/SourcePackages/checkouts/swift-async-algorithms/Sources/AsyncAlgorithms/AsyncTimerSequence.swift /Users/steipete/Library/Developer/Xcode/DerivedData/CodeLooper-crrddjihwjtfkwegrjrymctnfixv/SourcePackages/checkouts/swift-async-algorithms/Sources/AsyncAlgorithms/Buffer/AsyncBufferSequence.swift (in target 'AsyncAlgorithms' from project 'swift-async-algorithms')

SwiftCompile normal arm64 /Users/steipete/Library/Developer/Xcode/DerivedData/CodeLooper-crrddjihwjtfkwegrjrymctnfixv/SourcePackages/checkouts/swift-async-algorithms/Sources/AsyncAlgorithms/AsyncThrowingInclusiveReductionsSequence.swift (in target 'AsyncAlgorithms' from project 'swift-async-algorithms')
    cd /Users/steipete/Projects/CodeLooper
    

SwiftCompile normal arm64 /Users/steipete/Library/Developer/Xcode/DerivedData/CodeLooper-crrddjihwjtfkwegrjrymctnfixv/SourcePackages/checkouts/swift-async-algorithms/Sources/AsyncAlgorithms/AsyncTimerSequence.swift (in target 'AsyncAlgorithms' from project 'swift-async-algorithms')
    cd /Users/steipete/Projects/CodeLooper
    

SwiftCompile normal arm64 /Users/steipete/Library/Developer/Xcode/DerivedData/CodeLooper-crrddjihwjtfkwegrjrymctnfixv/SourcePackages/checkouts/swift-async-algorithms/Sources/AsyncAlgorithms/Buffer/AsyncBufferSequence.swift (in target 'AsyncAlgorithms' from project 'swift-async-algorithms')
    cd /Users/steipete/Projects/CodeLooper
    

SwiftDriverJobDiscovery normal arm64 Compiling SessionLogger.swift (in target 'Diagnostics' from project 'CodeLooper')

SwiftCompile normal arm64 Compiling\ Dictionary.swift,\ AsyncInterspersedSequence.swift,\ Locking.swift /Users/steipete/Library/Developer/Xcode/DerivedData/CodeLooper-crrddjihwjtfkwegrjrymctnfixv/SourcePackages/checkouts/swift-async-algorithms/Sources/AsyncAlgorithms/Dictionary.swift /Users/steipete/Library/Developer/Xcode/DerivedData/CodeLooper-crrddjihwjtfkwegrjrymctnfixv/SourcePackages/checkouts/swift-async-algorithms/Sources/AsyncAlgorithms/Interspersed/AsyncInterspersedSequence.swift /Users/steipete/Library/Developer/Xcode/DerivedData/CodeLooper-crrddjihwjtfkwegrjrymctnfixv/SourcePackages/checkouts/swift-async-algorithms/Sources/AsyncAlgorithms/Locking.swift (in target 'AsyncAlgorithms' from project 'swift-async-algorithms')

SwiftCompile normal arm64 /Users/steipete/Library/Developer/Xcode/DerivedData/CodeLooper-crrddjihwjtfkwegrjrymctnfixv/SourcePackages/checkouts/swift-async-algorithms/Sources/AsyncAlgorithms/Dictionary.swift (in target 'AsyncAlgorithms' from project 'swift-async-algorithms')
    cd /Users/steipete/Projects/CodeLooper
    

SwiftCompile normal arm64 /Users/steipete/Library/Developer/Xcode/DerivedData/CodeLooper-crrddjihwjtfkwegrjrymctnfixv/SourcePackages/checkouts/swift-async-algorithms/Sources/AsyncAlgorithms/Interspersed/AsyncInterspersedSequence.swift (in target 'AsyncAlgorithms' from project 'swift-async-algorithms')
    cd /Users/steipete/Projects/CodeLooper
    

SwiftCompile normal arm64 /Users/steipete/Library/Developer/Xcode/DerivedData/CodeLooper-crrddjihwjtfkwegrjrymctnfixv/SourcePackages/checkouts/swift-async-algorithms/Sources/AsyncAlgorithms/Locking.swift (in target 'AsyncAlgorithms' from project 'swift-async-algorithms')
    cd /Users/steipete/Projects/CodeLooper
    

SwiftCompile normal arm64 Compiling\ AsyncDebounceSequence.swift,\ DebounceStateMachine.swift,\ DebounceStorage.swift /Users/steipete/Library/Developer/Xcode/DerivedData/CodeLooper-crrddjihwjtfkwegrjrymctnfixv/SourcePackages/checkouts/swift-async-algorithms/Sources/AsyncAlgorithms/Debounce/AsyncDebounceSequence.swift /Users/steipete/Library/Developer/Xcode/DerivedData/CodeLooper-crrddjihwjtfkwegrjrymctnfixv/SourcePackages/checkouts/swift-async-algorithms/Sources/AsyncAlgorithms/Debounce/DebounceStateMachine.swift /Users/steipete/Library/Developer/Xcode/DerivedData/CodeLooper-crrddjihwjtfkwegrjrymctnfixv/SourcePackages/checkouts/swift-async-algorithms/Sources/AsyncAlgorithms/Debounce/DebounceStorage.swift (in target 'AsyncAlgorithms' from project 'swift-async-algorithms')

SwiftCompile normal arm64 /Users/steipete/Library/Developer/Xcode/DerivedData/CodeLooper-crrddjihwjtfkwegrjrymctnfixv/SourcePackages/checkouts/swift-async-algorithms/Sources/AsyncAlgorithms/Debounce/AsyncDebounceSequence.swift (in target 'AsyncAlgorithms' from project 'swift-async-algorithms')
    cd /Users/steipete/Projects/CodeLooper
    

SwiftCompile normal arm64 /Users/steipete/Library/Developer/Xcode/DerivedData/CodeLooper-crrddjihwjtfkwegrjrymctnfixv/SourcePackages/checkouts/swift-async-algorithms/Sources/AsyncAlgorithms/Debounce/DebounceStateMachine.swift (in target 'AsyncAlgorithms' from project 'swift-async-algorithms')
    cd /Users/steipete/Projects/CodeLooper
    

SwiftCompile normal arm64 /Users/steipete/Library/Developer/Xcode/DerivedData/CodeLooper-crrddjihwjtfkwegrjrymctnfixv/SourcePackages/checkouts/swift-async-algorithms/Sources/AsyncAlgorithms/Debounce/DebounceStorage.swift (in target 'AsyncAlgorithms' from project 'swift-async-algorithms')
    cd /Users/steipete/Projects/CodeLooper
    

SwiftDriverJobDiscovery normal arm64 Compiling DiagnosticsLogger.swift (in target 'Diagnostics' from project 'CodeLooper')

SwiftDriver\ Compilation\ Requirements Diagnostics normal arm64 com.apple.xcode.tools.swift.compiler (in target 'Diagnostics' from project 'CodeLooper')
    cd /Users/steipete/Projects/CodeLooper
    builtin-Swift-Compilation-Requirements -- /Applications/Xcode-beta.app/Contents/Developer/Toolchains/XcodeDefault.xctoolchain/usr/bin/swiftc -module-name Diagnostics -Onone -enforce-exclusivity\=checked @/Users/steipete/Library/Developer/Xcode/DerivedData/CodeLooper-crrddjihwjtfkwegrjrymctnfixv/Build/Intermediates.noindex/CodeLooper.build/Debug/Diagnostics.build/Objects-normal/arm64/Diagnostics.SwiftFileList -DDEBUG -strict-concurrency\=complete -enable-experimental-feature DebugDescriptionMacro -sdk /Applications/Xcode-beta.app/Contents/Developer/Platforms/MacOSX.platform/Developer/SDKs/MacOSX26.0.sdk -target arm64-apple-macos14.0 -g -module-cache-path /Users/steipete/Library/Developer/Xcode/DerivedData/ModuleCache.noindex -Xfrontend -serialize-debugging-options -profile-coverage-mapping -profile-generate -enable-testing -index-store-path /Users/steipete/Library/Developer/Xcode/DerivedData/CodeLooper-crrddjihwjtfkwegrjrymctnfixv/Index.noindex/DataStore -swift-version 6 -I /Users/steipete/Library/Developer/Xcode/DerivedData/CodeLooper-crrddjihwjtfkwegrjrymctnfixv/Build/Products/Debug -F /Users/steipete/Library/Developer/Xcode/DerivedData/CodeLooper-crrddjihwjtfkwegrjrymctnfixv/Build/Products/Debug/PackageFrameworks -F /Users/steipete/Library/Developer/Xcode/DerivedData/CodeLooper-crrddjihwjtfkwegrjrymctnfixv/Build/Products/Debug/PackageFrameworks -F /Users/steipete/Library/Developer/Xcode/DerivedData/CodeLooper-crrddjihwjtfkwegrjrymctnfixv/Build/Products/Debug -c -j16 -enable-batch-mode -incremental -Xcc -ivfsstatcache -Xcc /Users/steipete/Library/Developer/Xcode/DerivedData/SDKStatCaches.noindex/macosx26.0-25A5279m-5d9328ff1a6613a11d359de947506b52.sdkstatcache -output-file-map /Users/steipete/Library/Developer/Xcode/DerivedData/CodeLooper-crrddjihwjtfkwegrjrymctnfixv/Build/Intermediates.noindex/CodeLooper.build/Debug/Diagnostics.build/Objects-normal/arm64/Diagnostics-OutputFileMap.json -use-frontend-parseable-output -save-temps -no-color-diagnostics -explicit-module-build -module-cache-path /Users/steipete/Library/Developer/Xcode/DerivedData/CodeLooper-crrddjihwjtfkwegrjrymctnfixv/Build/Intermediates.noindex/SwiftExplicitPrecompiledModules -clang-scanner-module-cache-path /Users/steipete/Library/Developer/Xcode/DerivedData/ModuleCache.noindex -sdk-module-cache-path /Users/steipete/Library/Developer/Xcode/DerivedData/ModuleCache.noindex -serialize-diagnostics -emit-dependencies -emit-module -emit-module-path /Users/steipete/Library/Developer/Xcode/DerivedData/CodeLooper-crrddjihwjtfkwegrjrymctnfixv/Build/Intermediates.noindex/CodeLooper.build/Debug/Diagnostics.build/Objects-normal/arm64/Diagnostics.swiftmodule -validate-clang-modules-once -clang-build-session-file /Users/steipete/Library/Developer/Xcode/DerivedData/ModuleCache.noindex/Session.modulevalidation -Xcc -I/Users/steipete/Library/Developer/Xcode/DerivedData/CodeLooper-crrddjihwjtfkwegrjrymctnfixv/Build/Intermediates.noindex/CodeLooper.build/Debug/Diagnostics.build/swift-overrides.hmap -emit-const-values -Xfrontend -const-gather-protocols-file -Xfrontend /Users/steipete/Library/Developer/Xcode/DerivedData/CodeLooper-crrddjihwjtfkwegrjrymctnfixv/Build/Intermediates.noindex/CodeLooper.build/Debug/Diagnostics.build/Objects-normal/arm64/Diagnostics_const_extract_protocols.json -Xcc -iquote -Xcc /Users/steipete/Library/Developer/Xcode/DerivedData/CodeLooper-crrddjihwjtfkwegrjrymctnfixv/Build/Intermediates.noindex/CodeLooper.build/Debug/Diagnostics.build/Diagnostics-generated-files.hmap -Xcc -I/Users/steipete/Library/Developer/Xcode/DerivedData/CodeLooper-crrddjihwjtfkwegrjrymctnfixv/Build/Intermediates.noindex/CodeLooper.build/Debug/Diagnostics.build/Diagnostics-own-target-headers.hmap -Xcc -I/Users/steipete/Library/Developer/Xcode/DerivedData/CodeLooper-crrddjihwjtfkwegrjrymctnfixv/Build/Intermediates.noindex/CodeLooper.build/Debug/Diagnostics.build/Diagnostics-all-non-framework-target-headers.hmap -Xcc -ivfsoverlay -Xcc /Users/steipete/Library/Developer/Xcode/DerivedData/CodeLooper-crrddjihwjtfkwegrjrymctnfixv/Build/Intermediates.noindex/CodeLooper.build/Debug/CodeLooper-de2ef41cd89caf5bcf7af683064774d7-VFS/all-product-headers.yaml -Xcc -iquote -Xcc /Users/steipete/Library/Developer/Xcode/DerivedData/CodeLooper-crrddjihwjtfkwegrjrymctnfixv/Build/Intermediates.noindex/CodeLooper.build/Debug/Diagnostics.build/Diagnostics-project-headers.hmap -Xcc -I/Users/steipete/Library/Developer/Xcode/DerivedData/CodeLooper-crrddjihwjtfkwegrjrymctnfixv/Build/Products/Debug/include -Xcc -I/Users/steipete/Library/Developer/Xcode/DerivedData/CodeLooper-crrddjihwjtfkwegrjrymctnfixv/Build/Intermediates.noindex/CodeLooper.build/Debug/Diagnostics.build/DerivedSources-normal/arm64 -Xcc -I/Users/steipete/Library/Developer/Xcode/DerivedData/CodeLooper-crrddjihwjtfkwegrjrymctnfixv/Build/Intermediates.noindex/CodeLooper.build/Debug/Diagnostics.build/DerivedSources/arm64 -Xcc -I/Users/steipete/Library/Developer/Xcode/DerivedData/CodeLooper-crrddjihwjtfkwegrjrymctnfixv/Build/Intermediates.noindex/CodeLooper.build/Debug/Diagnostics.build/DerivedSources -Xcc -DDEBUG\=1 -emit-objc-header -emit-objc-header-path /Users/steipete/Library/Developer/Xcode/DerivedData/CodeLooper-crrddjihwjtfkwegrjrymctnfixv/Build/Intermediates.noindex/CodeLooper.build/Debug/Diagnostics.build/Objects-normal/arm64/Diagnostics-Swift.h -working-directory /Users/steipete/Projects/CodeLooper -experimental-emit-module-separately -disable-cmo

SwiftDriverJobDiscovery normal arm64 Compiling SystemInfoProvider.swift (in target 'Diagnostics' from project 'CodeLooper')

SwiftCompile normal arm64 Compiling\ MergeStorage.swift,\ RangeReplaceableCollection.swift,\ Rethrow.swift /Users/steipete/Library/Developer/Xcode/DerivedData/CodeLooper-crrddjihwjtfkwegrjrymctnfixv/SourcePackages/checkouts/swift-async-algorithms/Sources/AsyncAlgorithms/Merge/MergeStorage.swift /Users/steipete/Library/Developer/Xcode/DerivedData/CodeLooper-crrddjihwjtfkwegrjrymctnfixv/SourcePackages/checkouts/swift-async-algorithms/Sources/AsyncAlgorithms/RangeReplaceableCollection.swift /Users/steipete/Library/Developer/Xcode/DerivedData/CodeLooper-crrddjihwjtfkwegrjrymctnfixv/SourcePackages/checkouts/swift-async-algorithms/Sources/AsyncAlgorithms/Rethrow.swift (in target 'AsyncAlgorithms' from project 'swift-async-algorithms')

SwiftCompile normal arm64 /Users/steipete/Library/Developer/Xcode/DerivedData/CodeLooper-crrddjihwjtfkwegrjrymctnfixv/SourcePackages/checkouts/swift-async-algorithms/Sources/AsyncAlgorithms/Merge/MergeStorage.swift (in target 'AsyncAlgorithms' from project 'swift-async-algorithms')
    cd /Users/steipete/Projects/CodeLooper
    

SwiftCompile normal arm64 /Users/steipete/Library/Developer/Xcode/DerivedData/CodeLooper-crrddjihwjtfkwegrjrymctnfixv/SourcePackages/checkouts/swift-async-algorithms/Sources/AsyncAlgorithms/RangeReplaceableCollection.swift (in target 'AsyncAlgorithms' from project 'swift-async-algorithms')
    cd /Users/steipete/Projects/CodeLooper
    

SwiftCompile normal arm64 /Users/steipete/Library/Developer/Xcode/DerivedData/CodeLooper-crrddjihwjtfkwegrjrymctnfixv/SourcePackages/checkouts/swift-async-algorithms/Sources/AsyncAlgorithms/Rethrow.swift (in target 'AsyncAlgorithms' from project 'swift-async-algorithms')
    cd /Users/steipete/Projects/CodeLooper
    

SwiftCompile normal arm64 Compiling\ AsyncMerge2Sequence.swift,\ AsyncMerge3Sequence.swift,\ MergeStateMachine.swift /Users/steipete/Library/Developer/Xcode/DerivedData/CodeLooper-crrddjihwjtfkwegrjrymctnfixv/SourcePackages/checkouts/swift-async-algorithms/Sources/AsyncAlgorithms/Merge/AsyncMerge2Sequence.swift /Users/steipete/Library/Developer/Xcode/DerivedData/CodeLooper-crrddjihwjtfkwegrjrymctnfixv/SourcePackages/checkouts/swift-async-algorithms/Sources/AsyncAlgorithms/Merge/AsyncMerge3Sequence.swift /Users/steipete/Library/Developer/Xcode/DerivedData/CodeLooper-crrddjihwjtfkwegrjrymctnfixv/SourcePackages/checkouts/swift-async-algorithms/Sources/AsyncAlgorithms/Merge/MergeStateMachine.swift (in target 'AsyncAlgorithms' from project 'swift-async-algorithms')

SwiftCompile normal arm64 /Users/steipete/Library/Developer/Xcode/DerivedData/CodeLooper-crrddjihwjtfkwegrjrymctnfixv/SourcePackages/checkouts/swift-async-algorithms/Sources/AsyncAlgorithms/Merge/AsyncMerge2Sequence.swift (in target 'AsyncAlgorithms' from project 'swift-async-algorithms')
    cd /Users/steipete/Projects/CodeLooper
    

SwiftCompile normal arm64 /Users/steipete/Library/Developer/Xcode/DerivedData/CodeLooper-crrddjihwjtfkwegrjrymctnfixv/SourcePackages/checkouts/swift-async-algorithms/Sources/AsyncAlgorithms/Merge/AsyncMerge3Sequence.swift (in target 'AsyncAlgorithms' from project 'swift-async-algorithms')
    cd /Users/steipete/Projects/CodeLooper
    

SwiftCompile normal arm64 /Users/steipete/Library/Developer/Xcode/DerivedData/CodeLooper-crrddjihwjtfkwegrjrymctnfixv/SourcePackages/checkouts/swift-async-algorithms/Sources/AsyncAlgorithms/Merge/MergeStateMachine.swift (in target 'AsyncAlgorithms' from project 'swift-async-algorithms')
    cd /Users/steipete/Projects/CodeLooper
    

SwiftDriverJobDiscovery normal arm64 Compiling DiagnosticReportGenerator.swift (in target 'Diagnostics' from project 'CodeLooper')

SwiftCompile normal arm64 Compiling\ UnboundedBufferStorage.swift,\ AsyncChannel.swift,\ AsyncThrowingChannel.swift /Users/steipete/Library/Developer/Xcode/DerivedData/CodeLooper-crrddjihwjtfkwegrjrymctnfixv/SourcePackages/checkouts/swift-async-algorithms/Sources/AsyncAlgorithms/Buffer/UnboundedBufferStorage.swift /Users/steipete/Library/Developer/Xcode/DerivedData/CodeLooper-crrddjihwjtfkwegrjrymctnfixv/SourcePackages/checkouts/swift-async-algorithms/Sources/AsyncAlgorithms/Channels/AsyncChannel.swift /Users/steipete/Library/Developer/Xcode/DerivedData/CodeLooper-crrddjihwjtfkwegrjrymctnfixv/SourcePackages/checkouts/swift-async-algorithms/Sources/AsyncAlgorithms/Channels/AsyncThrowingChannel.swift (in target 'AsyncAlgorithms' from project 'swift-async-algorithms')

SwiftCompile normal arm64 /Users/steipete/Library/Developer/Xcode/DerivedData/CodeLooper-crrddjihwjtfkwegrjrymctnfixv/SourcePackages/checkouts/swift-async-algorithms/Sources/AsyncAlgorithms/Buffer/UnboundedBufferStorage.swift (in target 'AsyncAlgorithms' from project 'swift-async-algorithms')
    cd /Users/steipete/Projects/CodeLooper
    

SwiftCompile normal arm64 /Users/steipete/Library/Developer/Xcode/DerivedData/CodeLooper-crrddjihwjtfkwegrjrymctnfixv/SourcePackages/checkouts/swift-async-algorithms/Sources/AsyncAlgorithms/Channels/AsyncChannel.swift (in target 'AsyncAlgorithms' from project 'swift-async-algorithms')
    cd /Users/steipete/Projects/CodeLooper
    

SwiftCompile normal arm64 /Users/steipete/Library/Developer/Xcode/DerivedData/CodeLooper-crrddjihwjtfkwegrjrymctnfixv/SourcePackages/checkouts/swift-async-algorithms/Sources/AsyncAlgorithms/Channels/AsyncThrowingChannel.swift (in target 'AsyncAlgorithms' from project 'swift-async-algorithms')
    cd /Users/steipete/Projects/CodeLooper
    

SwiftDriverJobDiscovery normal arm64 Compiling FileLogger.swift (in target 'Diagnostics' from project 'CodeLooper')

SwiftDriverJobDiscovery normal arm64 Compiling DiagnosticContext.swift (in target 'Diagnostics' from project 'CodeLooper')

SwiftCompile normal arm64 Compiling\ AsyncChunkedByGroupSequence.swift,\ AsyncChunkedOnProjectionSequence.swift,\ AsyncChunksOfCountOrSignalSequence.swift,\ AsyncChunksOfCountSequence.swift /Users/steipete/Library/Developer/Xcode/DerivedData/CodeLooper-crrddjihwjtfkwegrjrymctnfixv/SourcePackages/checkouts/swift-async-algorithms/Sources/AsyncAlgorithms/AsyncChunkedByGroupSequence.swift /Users/steipete/Library/Developer/Xcode/DerivedData/CodeLooper-crrddjihwjtfkwegrjrymctnfixv/SourcePackages/checkouts/swift-async-algorithms/Sources/AsyncAlgorithms/AsyncChunkedOnProjectionSequence.swift /Users/steipete/Library/Developer/Xcode/DerivedData/CodeLooper-crrddjihwjtfkwegrjrymctnfixv/SourcePackages/checkouts/swift-async-algorithms/Sources/AsyncAlgorithms/AsyncChunksOfCountOrSignalSequence.swift /Users/steipete/Library/Developer/Xcode/DerivedData/CodeLooper-crrddjihwjtfkwegrjrymctnfixv/SourcePackages/checkouts/swift-async-algorithms/Sources/AsyncAlgorithms/AsyncChunksOfCountSequence.swift (in target 'AsyncAlgorithms' from project 'swift-async-algorithms')

SwiftCompile normal arm64 /Users/steipete/Library/Developer/Xcode/DerivedData/CodeLooper-crrddjihwjtfkwegrjrymctnfixv/SourcePackages/checkouts/swift-async-algorithms/Sources/AsyncAlgorithms/AsyncChunkedByGroupSequence.swift (in target 'AsyncAlgorithms' from project 'swift-async-algorithms')
    cd /Users/steipete/Projects/CodeLooper
    

SwiftCompile normal arm64 /Users/steipete/Library/Developer/Xcode/DerivedData/CodeLooper-crrddjihwjtfkwegrjrymctnfixv/SourcePackages/checkouts/swift-async-algorithms/Sources/AsyncAlgorithms/AsyncChunkedOnProjectionSequence.swift (in target 'AsyncAlgorithms' from project 'swift-async-algorithms')
    cd /Users/steipete/Projects/CodeLooper
    

SwiftCompile normal arm64 /Users/steipete/Library/Developer/Xcode/DerivedData/CodeLooper-crrddjihwjtfkwegrjrymctnfixv/SourcePackages/checkouts/swift-async-algorithms/Sources/AsyncAlgorithms/AsyncChunksOfCountOrSignalSequence.swift (in target 'AsyncAlgorithms' from project 'swift-async-algorithms')
    cd /Users/steipete/Projects/CodeLooper
    

SwiftCompile normal arm64 /Users/steipete/Library/Developer/Xcode/DerivedData/CodeLooper-crrddjihwjtfkwegrjrymctnfixv/SourcePackages/checkouts/swift-async-algorithms/Sources/AsyncAlgorithms/AsyncChunksOfCountSequence.swift (in target 'AsyncAlgorithms' from project 'swift-async-algorithms')
    cd /Users/steipete/Projects/CodeLooper
    

SwiftDriverJobDiscovery normal arm64 Compiling LogManager.swift (in target 'Diagnostics' from project 'CodeLooper')

SwiftDriverJobDiscovery normal arm64 Compiling LogCategory.swift (in target 'Diagnostics' from project 'CodeLooper')

SwiftEmitModule normal arm64 Emitting\ module\ for\ OpenAI (in target 'OpenAI' from project 'OpenAI')
EmitSwiftModule normal arm64 (in target 'OpenAI' from project 'OpenAI')
    cd /Users/steipete/Projects/CodeLooper
    

SwiftEmitModule normal arm64 Emitting\ module\ for\ NIOCore (in target 'NIOCore' from project 'swift-nio')
EmitSwiftModule normal arm64 (in target 'NIOCore' from project 'swift-nio')
    cd /Users/steipete/Projects/CodeLooper
    

SwiftDriverJobDiscovery normal arm64 Compiling OperationTracker.swift (in target 'Diagnostics' from project 'CodeLooper')

SwiftMergeGeneratedHeaders /Users/steipete/Library/Developer/Xcode/DerivedData/CodeLooper-crrddjihwjtfkwegrjrymctnfixv/Build/Products/Debug/Diagnostics.framework/Versions/A/Headers/Diagnostics-Swift.h /Users/steipete/Library/Developer/Xcode/DerivedData/CodeLooper-crrddjihwjtfkwegrjrymctnfixv/Build/Intermediates.noindex/CodeLooper.build/Debug/Diagnostics.build/Objects-normal/arm64/Diagnostics-Swift.h (in target 'Diagnostics' from project 'CodeLooper')
    cd /Users/steipete/Projects/CodeLooper
    builtin-swiftHeaderTool -arch arm64 /Users/steipete/Library/Developer/Xcode/DerivedData/CodeLooper-crrddjihwjtfkwegrjrymctnfixv/Build/Intermediates.noindex/CodeLooper.build/Debug/Diagnostics.build/Objects-normal/arm64/Diagnostics-Swift.h -o /Users/steipete/Library/Developer/Xcode/DerivedData/CodeLooper-crrddjihwjtfkwegrjrymctnfixv/Build/Products/Debug/Diagnostics.framework/Versions/A/Headers/Diagnostics-Swift.h

SwiftDriverJobDiscovery normal arm64 Compiling AsyncCompactedSequence.swift, AsyncExclusiveReductionsSequence.swift, AsyncInclusiveReductionsSequence.swift (in target 'AsyncAlgorithms' from project 'swift-async-algorithms')

Copy /Users/steipete/Library/Developer/Xcode/DerivedData/CodeLooper-crrddjihwjtfkwegrjrymctnfixv/Build/Products/Debug/Diagnostics.framework/Versions/A/Modules/Diagnostics.swiftmodule/arm64-apple-macos.swiftmodule /Users/steipete/Library/Developer/Xcode/DerivedData/CodeLooper-crrddjihwjtfkwegrjrymctnfixv/Build/Intermediates.noindex/CodeLooper.build/Debug/Diagnostics.build/Objects-normal/arm64/Diagnostics.swiftmodule (in target 'Diagnostics' from project 'CodeLooper')
    cd /Users/steipete/Projects/CodeLooper
    builtin-copy -exclude .DS_Store -exclude CVS -exclude .svn -exclude .git -exclude .hg -resolve-src-symlinks -rename /Users/steipete/Library/Developer/Xcode/DerivedData/CodeLooper-crrddjihwjtfkwegrjrymctnfixv/Build/Intermediates.noindex/CodeLooper.build/Debug/Diagnostics.build/Objects-normal/arm64/Diagnostics.swiftmodule /Users/steipete/Library/Developer/Xcode/DerivedData/CodeLooper-crrddjihwjtfkwegrjrymctnfixv/Build/Products/Debug/Diagnostics.framework/Versions/A/Modules/Diagnostics.swiftmodule/arm64-apple-macos.swiftmodule

Copy /Users/steipete/Library/Developer/Xcode/DerivedData/CodeLooper-crrddjihwjtfkwegrjrymctnfixv/Build/Products/Debug/Diagnostics.framework/Versions/A/Modules/Diagnostics.swiftmodule/arm64-apple-macos.swiftdoc /Users/steipete/Library/Developer/Xcode/DerivedData/CodeLooper-crrddjihwjtfkwegrjrymctnfixv/Build/Intermediates.noindex/CodeLooper.build/Debug/Diagnostics.build/Objects-normal/arm64/Diagnostics.swiftdoc (in target 'Diagnostics' from project 'CodeLooper')
    cd /Users/steipete/Projects/CodeLooper
    builtin-copy -exclude .DS_Store -exclude CVS -exclude .svn -exclude .git -exclude .hg -resolve-src-symlinks -rename /Users/steipete/Library/Developer/Xcode/DerivedData/CodeLooper-crrddjihwjtfkwegrjrymctnfixv/Build/Intermediates.noindex/CodeLooper.build/Debug/Diagnostics.build/Objects-normal/arm64/Diagnostics.swiftdoc /Users/steipete/Library/Developer/Xcode/DerivedData/CodeLooper-crrddjihwjtfkwegrjrymctnfixv/Build/Products/Debug/Diagnostics.framework/Versions/A/Modules/Diagnostics.swiftmodule/arm64-apple-macos.swiftdoc

SwiftDriverJobDiscovery normal arm64 Compiling MergeStorage.swift, RangeReplaceableCollection.swift, Rethrow.swift (in target 'AsyncAlgorithms' from project 'swift-async-algorithms')

Copy /Users/steipete/Library/Developer/Xcode/DerivedData/CodeLooper-crrddjihwjtfkwegrjrymctnfixv/Build/Products/Debug/Diagnostics.framework/Versions/A/Modules/Diagnostics.swiftmodule/arm64-apple-macos.abi.json /Users/steipete/Library/Developer/Xcode/DerivedData/CodeLooper-crrddjihwjtfkwegrjrymctnfixv/Build/Intermediates.noindex/CodeLooper.build/Debug/Diagnostics.build/Objects-normal/arm64/Diagnostics.abi.json (in target 'Diagnostics' from project 'CodeLooper')
    cd /Users/steipete/Projects/CodeLooper
    builtin-copy -exclude .DS_Store -exclude CVS -exclude .svn -exclude .git -exclude .hg -resolve-src-symlinks -rename /Users/steipete/Library/Developer/Xcode/DerivedData/CodeLooper-crrddjihwjtfkwegrjrymctnfixv/Build/Intermediates.noindex/CodeLooper.build/Debug/Diagnostics.build/Objects-normal/arm64/Diagnostics.abi.json /Users/steipete/Library/Developer/Xcode/DerivedData/CodeLooper-crrddjihwjtfkwegrjrymctnfixv/Build/Products/Debug/Diagnostics.framework/Versions/A/Modules/Diagnostics.swiftmodule/arm64-apple-macos.abi.json

Copy /Users/steipete/Library/Developer/Xcode/DerivedData/CodeLooper-crrddjihwjtfkwegrjrymctnfixv/Build/Products/Debug/Diagnostics.framework/Versions/A/Modules/Diagnostics.swiftmodule/Project/arm64-apple-macos.swiftsourceinfo /Users/steipete/Library/Developer/Xcode/DerivedData/CodeLooper-crrddjihwjtfkwegrjrymctnfixv/Build/Intermediates.noindex/CodeLooper.build/Debug/Diagnostics.build/Objects-normal/arm64/Diagnostics.swiftsourceinfo (in target 'Diagnostics' from project 'CodeLooper')
    cd /Users/steipete/Projects/CodeLooper
    builtin-copy -exclude .DS_Store -exclude CVS -exclude .svn -exclude .git -exclude .hg -resolve-src-symlinks -rename /Users/steipete/Library/Developer/Xcode/DerivedData/CodeLooper-crrddjihwjtfkwegrjrymctnfixv/Build/Intermediates.noindex/CodeLooper.build/Debug/Diagnostics.build/Objects-normal/arm64/Diagnostics.swiftsourceinfo /Users/steipete/Library/Developer/Xcode/DerivedData/CodeLooper-crrddjihwjtfkwegrjrymctnfixv/Build/Products/Debug/Diagnostics.framework/Versions/A/Modules/Diagnostics.swiftmodule/Project/arm64-apple-macos.swiftsourceinfo

SwiftEmitModule normal arm64 Emitting\ module\ for\ AXpector (in target 'AXpector' from project 'AXpector')

EmitSwiftModule normal arm64 (in target 'AXpector' from project 'AXpector')
    cd /Users/steipete/Projects/CodeLooper
    

SwiftCompile normal arm64 Compiling\ FunctionDeclaration.swift,\ ImageEditsQuery.swift,\ ImageVariationsQuery.swift,\ ImagesQuery.swift,\ ImagesResult.swift,\ JSONSchemaConvertible.swift,\ JSONSchemaEnumConvertible.swift,\ MessageQuery.swift /Users/steipete/Library/Developer/Xcode/DerivedData/CodeLooper-crrddjihwjtfkwegrjrymctnfixv/SourcePackages/checkouts/OpenAI/Sources/OpenAI/Public/Models/FunctionDeclaration.swift /Users/steipete/Library/Developer/Xcode/DerivedData/CodeLooper-crrddjihwjtfkwegrjrymctnfixv/SourcePackages/checkouts/OpenAI/Sources/OpenAI/Public/Models/ImageEditsQuery.swift /Users/steipete/Library/Developer/Xcode/DerivedData/CodeLooper-crrddjihwjtfkwegrjrymctnfixv/SourcePackages/checkouts/OpenAI/Sources/OpenAI/Public/Models/ImageVariationsQuery.swift /Users/steipete/Library/Developer/Xcode/DerivedData/CodeLooper-crrddjihwjtfkwegrjrymctnfixv/SourcePackages/checkouts/OpenAI/Sources/OpenAI/Public/Models/ImagesQuery.swift /Users/steipete/Library/Developer/Xcode/DerivedData/CodeLooper-crrddjihwjtfkwegrjrymctnfixv/SourcePackages/checkouts/OpenAI/Sources/OpenAI/Public/Models/ImagesResult.swift /Users/steipete/Library/Developer/Xcode/DerivedData/CodeLooper-crrddjihwjtfkwegrjrymctnfixv/SourcePackages/checkouts/OpenAI/Sources/OpenAI/Public/Models/JSONSchemaConvertible.swift /Users/steipete/Library/Developer/Xcode/DerivedData/CodeLooper-crrddjihwjtfkwegrjrymctnfixv/SourcePackages/checkouts/OpenAI/Sources/OpenAI/Public/Models/JSONSchemaEnumConvertible.swift /Users/steipete/Library/Developer/Xcode/DerivedData/CodeLooper-crrddjihwjtfkwegrjrymctnfixv/SourcePackages/checkouts/OpenAI/Sources/OpenAI/Public/Models/MessageQuery.swift (in target 'OpenAI' from project 'OpenAI')

SwiftCompile normal arm64 /Users/steipete/Library/Developer/Xcode/DerivedData/CodeLooper-crrddjihwjtfkwegrjrymctnfixv/SourcePackages/checkouts/OpenAI/Sources/OpenAI/Public/Models/FunctionDeclaration.swift (in target 'OpenAI' from project 'OpenAI')
    cd /Users/steipete/Projects/CodeLooper
    

SwiftCompile normal arm64 /Users/steipete/Library/Developer/Xcode/DerivedData/CodeLooper-crrddjihwjtfkwegrjrymctnfixv/SourcePackages/checkouts/OpenAI/Sources/OpenAI/Public/Models/ImageEditsQuery.swift (in target 'OpenAI' from project 'OpenAI')
    cd /Users/steipete/Projects/CodeLooper
    

SwiftCompile normal arm64 /Users/steipete/Library/Developer/Xcode/DerivedData/CodeLooper-crrddjihwjtfkwegrjrymctnfixv/SourcePackages/checkouts/OpenAI/Sources/OpenAI/Public/Models/ImageVariationsQuery.swift (in target 'OpenAI' from project 'OpenAI')
    cd /Users/steipete/Projects/CodeLooper
    

SwiftCompile normal arm64 /Users/steipete/Library/Developer/Xcode/DerivedData/CodeLooper-crrddjihwjtfkwegrjrymctnfixv/SourcePackages/checkouts/OpenAI/Sources/OpenAI/Public/Models/ImagesQuery.swift (in target 'OpenAI' from project 'OpenAI')
    cd /Users/steipete/Projects/CodeLooper
    

SwiftCompile normal arm64 /Users/steipete/Library/Developer/Xcode/DerivedData/CodeLooper-crrddjihwjtfkwegrjrymctnfixv/SourcePackages/checkouts/OpenAI/Sources/OpenAI/Public/Models/ImagesResult.swift (in target 'OpenAI' from project 'OpenAI')
    cd /Users/steipete/Projects/CodeLooper
    

SwiftCompile normal arm64 /Users/steipete/Library/Developer/Xcode/DerivedData/CodeLooper-crrddjihwjtfkwegrjrymctnfixv/SourcePackages/checkouts/OpenAI/Sources/OpenAI/Public/Models/JSONSchemaConvertible.swift (in target 'OpenAI' from project 'OpenAI')
    cd /Users/steipete/Projects/CodeLooper
    

SwiftCompile normal arm64 /Users/steipete/Library/Developer/Xcode/DerivedData/CodeLooper-crrddjihwjtfkwegrjrymctnfixv/SourcePackages/checkouts/OpenAI/Sources/OpenAI/Public/Models/JSONSchemaEnumConvertible.swift (in target 'OpenAI' from project 'OpenAI')
    cd /Users/steipete/Projects/CodeLooper
    

SwiftCompile normal arm64 /Users/steipete/Library/Developer/Xcode/DerivedData/CodeLooper-crrddjihwjtfkwegrjrymctnfixv/SourcePackages/checkouts/OpenAI/Sources/OpenAI/Public/Models/MessageQuery.swift (in target 'OpenAI' from project 'OpenAI')
    cd /Users/steipete/Projects/CodeLooper
    

SwiftDriverJobDiscovery normal arm64 Compiling AsyncThrowingInclusiveReductionsSequence.swift, AsyncTimerSequence.swift, AsyncBufferSequence.swift (in target 'AsyncAlgorithms' from project 'swift-async-algorithms')

SwiftCompile normal arm64 Compiling\ OpenAIAsync.swift,\ OpenAICombine.swift,\ OpenAIMiddleware.swift,\ OpenAIProtocol.swift,\ ResponsesEndpointAsync.swift,\ ResponsesEndpointCombine.swift,\ ResponsesEndpointModern.swift,\ ResponsesEndpointProtocol.swift /Users/steipete/Library/Developer/Xcode/DerivedData/CodeLooper-crrddjihwjtfkwegrjrymctnfixv/SourcePackages/checkouts/OpenAI/Sources/OpenAI/Public/Protocols/OpenAIAsync.swift /Users/steipete/Library/Developer/Xcode/DerivedData/CodeLooper-crrddjihwjtfkwegrjrymctnfixv/SourcePackages/checkouts/OpenAI/Sources/OpenAI/Public/Protocols/OpenAICombine.swift /Users/steipete/Library/Developer/Xcode/DerivedData/CodeLooper-crrddjihwjtfkwegrjrymctnfixv/SourcePackages/checkouts/OpenAI/Sources/OpenAI/Public/Protocols/OpenAIMiddleware.swift /Users/steipete/Library/Developer/Xcode/DerivedData/CodeLooper-crrddjihwjtfkwegrjrymctnfixv/SourcePackages/checkouts/OpenAI/Sources/OpenAI/Public/Protocols/OpenAIProtocol.swift /Users/steipete/Library/Developer/Xcode/DerivedData/CodeLooper-crrddjihwjtfkwegrjrymctnfixv/SourcePackages/checkouts/OpenAI/Sources/OpenAI/Public/Protocols/ResponsesEndpointAsync.swift /Users/steipete/Library/Developer/Xcode/DerivedData/CodeLooper-crrddjihwjtfkwegrjrymctnfixv/SourcePackages/checkouts/OpenAI/Sources/OpenAI/Public/Protocols/ResponsesEndpointCombine.swift /Users/steipete/Library/Developer/Xcode/DerivedData/CodeLooper-crrddjihwjtfkwegrjrymctnfixv/SourcePackages/checkouts/OpenAI/Sources/OpenAI/Public/Protocols/ResponsesEndpointModern.swift /Users/steipete/Library/Developer/Xcode/DerivedData/CodeLooper-crrddjihwjtfkwegrjrymctnfixv/SourcePackages/checkouts/OpenAI/Sources/OpenAI/Public/Protocols/ResponsesEndpointProtocol.swift (in target 'OpenAI' from project 'OpenAI')

SwiftCompile normal arm64 /Users/steipete/Library/Developer/Xcode/DerivedData/CodeLooper-crrddjihwjtfkwegrjrymctnfixv/SourcePackages/checkouts/OpenAI/Sources/OpenAI/Public/Protocols/OpenAIAsync.swift (in target 'OpenAI' from project 'OpenAI')
    cd /Users/steipete/Projects/CodeLooper
    

SwiftCompile normal arm64 /Users/steipete/Library/Developer/Xcode/DerivedData/CodeLooper-crrddjihwjtfkwegrjrymctnfixv/SourcePackages/checkouts/OpenAI/Sources/OpenAI/Public/Protocols/OpenAICombine.swift (in target 'OpenAI' from project 'OpenAI')
    cd /Users/steipete/Projects/CodeLooper
    

SwiftCompile normal arm64 /Users/steipete/Library/Developer/Xcode/DerivedData/CodeLooper-crrddjihwjtfkwegrjrymctnfixv/SourcePackages/checkouts/OpenAI/Sources/OpenAI/Public/Protocols/OpenAIMiddleware.swift (in target 'OpenAI' from project 'OpenAI')
    cd /Users/steipete/Projects/CodeLooper
    

SwiftCompile normal arm64 /Users/steipete/Library/Developer/Xcode/DerivedData/CodeLooper-crrddjihwjtfkwegrjrymctnfixv/SourcePackages/checkouts/OpenAI/Sources/OpenAI/Public/Protocols/OpenAIProtocol.swift (in target 'OpenAI' from project 'OpenAI')
    cd /Users/steipete/Projects/CodeLooper
    

SwiftCompile normal arm64 /Users/steipete/Library/Developer/Xcode/DerivedData/CodeLooper-crrddjihwjtfkwegrjrymctnfixv/SourcePackages/checkouts/OpenAI/Sources/OpenAI/Public/Protocols/ResponsesEndpointAsync.swift (in target 'OpenAI' from project 'OpenAI')
    cd /Users/steipete/Projects/CodeLooper
    

SwiftCompile normal arm64 /Users/steipete/Library/Developer/Xcode/DerivedData/CodeLooper-crrddjihwjtfkwegrjrymctnfixv/SourcePackages/checkouts/OpenAI/Sources/OpenAI/Public/Protocols/ResponsesEndpointCombine.swift (in target 'OpenAI' from project 'OpenAI')
    cd /Users/steipete/Projects/CodeLooper
    

SwiftCompile normal arm64 /Users/steipete/Library/Developer/Xcode/DerivedData/CodeLooper-crrddjihwjtfkwegrjrymctnfixv/SourcePackages/checkouts/OpenAI/Sources/OpenAI/Public/Protocols/ResponsesEndpointModern.swift (in target 'OpenAI' from project 'OpenAI')
    cd /Users/steipete/Projects/CodeLooper
    

SwiftCompile normal arm64 /Users/steipete/Library/Developer/Xcode/DerivedData/CodeLooper-crrddjihwjtfkwegrjrymctnfixv/SourcePackages/checkouts/OpenAI/Sources/OpenAI/Public/Protocols/ResponsesEndpointProtocol.swift (in target 'OpenAI' from project 'OpenAI')
    cd /Users/steipete/Projects/CodeLooper
    

SwiftCompile normal arm64 Compiling\ AssistantsResult.swift,\ AssistantsTool.swift,\ AudioSpeechQuery.swift,\ AudioSpeechResult.swift,\ AudioTranscriptionQuery.swift,\ AudioTranscriptionResult.swift,\ AudioTranscriptionStreamResult.swift,\ AudioTranslationQuery.swift /Users/steipete/Library/Developer/Xcode/DerivedData/CodeLooper-crrddjihwjtfkwegrjrymctnfixv/SourcePackages/checkouts/OpenAI/Sources/OpenAI/Public/Models/AssistantsResult.swift /Users/steipete/Library/Developer/Xcode/DerivedData/CodeLooper-crrddjihwjtfkwegrjrymctnfixv/SourcePackages/checkouts/OpenAI/Sources/OpenAI/Public/Models/AssistantsTool.swift /Users/steipete/Library/Developer/Xcode/DerivedData/CodeLooper-crrddjihwjtfkwegrjrymctnfixv/SourcePackages/checkouts/OpenAI/Sources/OpenAI/Public/Models/AudioSpeechQuery.swift /Users/steipete/Library/Developer/Xcode/DerivedData/CodeLooper-crrddjihwjtfkwegrjrymctnfixv/SourcePackages/checkouts/OpenAI/Sources/OpenAI/Public/Models/AudioSpeechResult.swift /Users/steipete/Library/Developer/Xcode/DerivedData/CodeLooper-crrddjihwjtfkwegrjrymctnfixv/SourcePackages/checkouts/OpenAI/Sources/OpenAI/Public/Models/AudioTranscriptionQuery.swift /Users/steipete/Library/Developer/Xcode/DerivedData/CodeLooper-crrddjihwjtfkwegrjrymctnfixv/SourcePackages/checkouts/OpenAI/Sources/OpenAI/Public/Models/AudioTranscriptionResult.swift /Users/steipete/Library/Developer/Xcode/DerivedData/CodeLooper-crrddjihwjtfkwegrjrymctnfixv/SourcePackages/checkouts/OpenAI/Sources/OpenAI/Public/Models/AudioTranscriptionStreamResult.swift /Users/steipete/Library/Developer/Xcode/DerivedData/CodeLooper-crrddjihwjtfkwegrjrymctnfixv/SourcePackages/checkouts/OpenAI/Sources/OpenAI/Public/Models/AudioTranslationQuery.swift (in target 'OpenAI' from project 'OpenAI')

SwiftCompile normal arm64 /Users/steipete/Library/Developer/Xcode/DerivedData/CodeLooper-crrddjihwjtfkwegrjrymctnfixv/SourcePackages/checkouts/OpenAI/Sources/OpenAI/Public/Models/AssistantsResult.swift (in target 'OpenAI' from project 'OpenAI')
    cd /Users/steipete/Projects/CodeLooper
    

SwiftCompile normal arm64 /Users/steipete/Library/Developer/Xcode/DerivedData/CodeLooper-crrddjihwjtfkwegrjrymctnfixv/SourcePackages/checkouts/OpenAI/Sources/OpenAI/Public/Models/AssistantsTool.swift (in target 'OpenAI' from project 'OpenAI')
    cd /Users/steipete/Projects/CodeLooper
    

SwiftCompile normal arm64 /Users/steipete/Library/Developer/Xcode/DerivedData/CodeLooper-crrddjihwjtfkwegrjrymctnfixv/SourcePackages/checkouts/OpenAI/Sources/OpenAI/Public/Models/AudioSpeechQuery.swift (in target 'OpenAI' from project 'OpenAI')
    cd /Users/steipete/Projects/CodeLooper
    

SwiftCompile normal arm64 /Users/steipete/Library/Developer/Xcode/DerivedData/CodeLooper-crrddjihwjtfkwegrjrymctnfixv/SourcePackages/checkouts/OpenAI/Sources/OpenAI/Public/Models/AudioSpeechResult.swift (in target 'OpenAI' from project 'OpenAI')
    cd /Users/steipete/Projects/CodeLooper
    

SwiftCompile normal arm64 /Users/steipete/Library/Developer/Xcode/DerivedData/CodeLooper-crrddjihwjtfkwegrjrymctnfixv/SourcePackages/checkouts/OpenAI/Sources/OpenAI/Public/Models/AudioTranscriptionQuery.swift (in target 'OpenAI' from project 'OpenAI')
    cd /Users/steipete/Projects/CodeLooper
    

SwiftCompile normal arm64 /Users/steipete/Library/Developer/Xcode/DerivedData/CodeLooper-crrddjihwjtfkwegrjrymctnfixv/SourcePackages/checkouts/OpenAI/Sources/OpenAI/Public/Models/AudioTranscriptionResult.swift (in target 'OpenAI' from project 'OpenAI')
    cd /Users/steipete/Projects/CodeLooper
    

SwiftCompile normal arm64 /Users/steipete/Library/Developer/Xcode/DerivedData/CodeLooper-crrddjihwjtfkwegrjrymctnfixv/SourcePackages/checkouts/OpenAI/Sources/OpenAI/Public/Models/AudioTranscriptionStreamResult.swift (in target 'OpenAI' from project 'OpenAI')
    cd /Users/steipete/Projects/CodeLooper
    

SwiftCompile normal arm64 /Users/steipete/Library/Developer/Xcode/DerivedData/CodeLooper-crrddjihwjtfkwegrjrymctnfixv/SourcePackages/checkouts/OpenAI/Sources/OpenAI/Public/Models/AudioTranslationQuery.swift (in target 'OpenAI' from project 'OpenAI')
    cd /Users/steipete/Projects/CodeLooper
    

SwiftCompile normal arm64 Compiling\ OpenAI+OpenAIAsync.swift,\ OpenAI+OpenAICombine.swift,\ OpenAI.swift,\ AssistantsRequest.swift,\ CancellablesFactory.swift,\ AsyncClient.swift,\ Client.swift,\ CombineClient.swift,\ StreamingClient.swift /Users/steipete/Library/Developer/Xcode/DerivedData/CodeLooper-crrddjihwjtfkwegrjrymctnfixv/SourcePackages/checkouts/OpenAI/Sources/OpenAI/OpenAI+OpenAIAsync.swift /Users/steipete/Library/Developer/Xcode/DerivedData/CodeLooper-crrddjihwjtfkwegrjrymctnfixv/SourcePackages/checkouts/OpenAI/Sources/OpenAI/OpenAI+OpenAICombine.swift /Users/steipete/Library/Developer/Xcode/DerivedData/CodeLooper-crrddjihwjtfkwegrjrymctnfixv/SourcePackages/checkouts/OpenAI/Sources/OpenAI/OpenAI.swift /Users/steipete/Library/Developer/Xcode/DerivedData/CodeLooper-crrddjihwjtfkwegrjrymctnfixv/SourcePackages/checkouts/OpenAI/Sources/OpenAI/Private/AssistantsRequest.swift /Users/steipete/Library/Developer/Xcode/DerivedData/CodeLooper-crrddjihwjtfkwegrjrymctnfixv/SourcePackages/checkouts/OpenAI/Sources/OpenAI/Private/CancellablesFactory.swift /Users/steipete/Library/Developer/Xcode/DerivedData/CodeLooper-crrddjihwjtfkwegrjrymctnfixv/SourcePackages/checkouts/OpenAI/Sources/OpenAI/Private/Client/AsyncClient.swift /Users/steipete/Library/Developer/Xcode/DerivedData/CodeLooper-crrddjihwjtfkwegrjrymctnfixv/SourcePackages/checkouts/OpenAI/Sources/OpenAI/Private/Client/Client.swift /Users/steipete/Library/Developer/Xcode/DerivedData/CodeLooper-crrddjihwjtfkwegrjrymctnfixv/SourcePackages/checkouts/OpenAI/Sources/OpenAI/Private/Client/CombineClient.swift /Users/steipete/Library/Developer/Xcode/DerivedData/CodeLooper-crrddjihwjtfkwegrjrymctnfixv/SourcePackages/checkouts/OpenAI/Sources/OpenAI/Private/Client/StreamingClient.swift (in target 'OpenAI' from project 'OpenAI')

SwiftCompile normal arm64 /Users/steipete/Library/Developer/Xcode/DerivedData/CodeLooper-crrddjihwjtfkwegrjrymctnfixv/SourcePackages/checkouts/OpenAI/Sources/OpenAI/OpenAI+OpenAIAsync.swift (in target 'OpenAI' from project 'OpenAI')
    cd /Users/steipete/Projects/CodeLooper
    

SwiftCompile normal arm64 /Users/steipete/Library/Developer/Xcode/DerivedData/CodeLooper-crrddjihwjtfkwegrjrymctnfixv/SourcePackages/checkouts/OpenAI/Sources/OpenAI/OpenAI+OpenAICombine.swift (in target 'OpenAI' from project 'OpenAI')
    cd /Users/steipete/Projects/CodeLooper
    

SwiftCompile normal arm64 /Users/steipete/Library/Developer/Xcode/DerivedData/CodeLooper-crrddjihwjtfkwegrjrymctnfixv/SourcePackages/checkouts/OpenAI/Sources/OpenAI/OpenAI.swift (in target 'OpenAI' from project 'OpenAI')
    cd /Users/steipete/Projects/CodeLooper
    

SwiftCompile normal arm64 /Users/steipete/Library/Developer/Xcode/DerivedData/CodeLooper-crrddjihwjtfkwegrjrymctnfixv/SourcePackages/checkouts/OpenAI/Sources/OpenAI/Private/AssistantsRequest.swift (in target 'OpenAI' from project 'OpenAI')
    cd /Users/steipete/Projects/CodeLooper
    

SwiftCompile normal arm64 /Users/steipete/Library/Developer/Xcode/DerivedData/CodeLooper-crrddjihwjtfkwegrjrymctnfixv/SourcePackages/checkouts/OpenAI/Sources/OpenAI/Private/CancellablesFactory.swift (in target 'OpenAI' from project 'OpenAI')
    cd /Users/steipete/Projects/CodeLooper
    

SwiftCompile normal arm64 /Users/steipete/Library/Developer/Xcode/DerivedData/CodeLooper-crrddjihwjtfkwegrjrymctnfixv/SourcePackages/checkouts/OpenAI/Sources/OpenAI/Private/Client/AsyncClient.swift (in target 'OpenAI' from project 'OpenAI')
    cd /Users/steipete/Projects/CodeLooper
    

SwiftCompile normal arm64 /Users/steipete/Library/Developer/Xcode/DerivedData/CodeLooper-crrddjihwjtfkwegrjrymctnfixv/SourcePackages/checkouts/OpenAI/Sources/OpenAI/Private/Client/Client.swift (in target 'OpenAI' from project 'OpenAI')
    cd /Users/steipete/Projects/CodeLooper
    

SwiftCompile normal arm64 /Users/steipete/Library/Developer/Xcode/DerivedData/CodeLooper-crrddjihwjtfkwegrjrymctnfixv/SourcePackages/checkouts/OpenAI/Sources/OpenAI/Private/Client/CombineClient.swift (in target 'OpenAI' from project 'OpenAI')
    cd /Users/steipete/Projects/CodeLooper
    

SwiftCompile normal arm64 /Users/steipete/Library/Developer/Xcode/DerivedData/CodeLooper-crrddjihwjtfkwegrjrymctnfixv/SourcePackages/checkouts/OpenAI/Sources/OpenAI/Private/Client/StreamingClient.swift (in target 'OpenAI' from project 'OpenAI')
    cd /Users/steipete/Projects/CodeLooper
    

SwiftDriverJobDiscovery normal arm64 Emitting module for AsyncAlgorithms (in target 'AsyncAlgorithms' from project 'swift-async-algorithms')

SwiftDriverJobDiscovery normal arm64 Compiling UnboundedBufferStorage.swift, AsyncChannel.swift, AsyncThrowingChannel.swift (in target 'AsyncAlgorithms' from project 'swift-async-algorithms')

SwiftDriver\ Compilation\ Requirements AsyncAlgorithms normal arm64 com.apple.xcode.tools.swift.compiler (in target 'AsyncAlgorithms' from project 'swift-async-algorithms')
    cd /Users/steipete/Projects/CodeLooper
    builtin-Swift-Compilation-Requirements -- /Applications/Xcode-beta.app/Contents/Developer/Toolchains/XcodeDefault.xctoolchain/usr/bin/swiftc -module-name AsyncAlgorithms -Onone -enforce-exclusivity\=checked @/Users/steipete/Library/Developer/Xcode/DerivedData/CodeLooper-crrddjihwjtfkwegrjrymctnfixv/Build/Intermediates.noindex/swift-async-algorithms.build/Debug/AsyncAlgorithms.build/Objects-normal/arm64/AsyncAlgorithms.SwiftFileList -DSWIFT_PACKAGE -DDEBUG -DSWIFT_MODULE_RESOURCE_BUNDLE_UNAVAILABLE -DXcode -enable-experimental-feature AvailabilityMacro\=AsyncAlgorithms\ 1.0:macOS\ 10.15,\ iOS\ 13.0,\ tvOS\ 13.0,\ watchOS\ 6.0 -enable-experimental-feature StrictConcurrency\=complete -plugin-path /Applications/Xcode-beta.app/Contents/Developer/Toolchains/XcodeDefault.xctoolchain/usr/lib/swift/host/plugins/testing -enable-experimental-feature DebugDescriptionMacro -sdk /Applications/Xcode-beta.app/Contents/Developer/Platforms/MacOSX.platform/Developer/SDKs/MacOSX26.0.sdk -target arm64-apple-macos10.13 -g -module-cache-path /Users/steipete/Library/Developer/Xcode/DerivedData/ModuleCache.noindex -Xfrontend -serialize-debugging-options -profile-coverage-mapping -profile-generate -enable-testing -suppress-warnings -index-store-path /Users/steipete/Library/Developer/Xcode/DerivedData/CodeLooper-crrddjihwjtfkwegrjrymctnfixv/Index.noindex/DataStore -swift-version 5 -I /Users/steipete/Library/Developer/Xcode/DerivedData/CodeLooper-crrddjihwjtfkwegrjrymctnfixv/Build/Products/Debug -I /Applications/Xcode-beta.app/Contents/Developer/Platforms/MacOSX.platform/Developer/usr/lib -F /Users/steipete/Library/Developer/Xcode/DerivedData/CodeLooper-crrddjihwjtfkwegrjrymctnfixv/Build/Products/Debug/PackageFrameworks -F /Users/steipete/Library/Developer/Xcode/DerivedData/CodeLooper-crrddjihwjtfkwegrjrymctnfixv/Build/Products/Debug/PackageFrameworks -F /Users/steipete/Library/Developer/Xcode/DerivedData/CodeLooper-crrddjihwjtfkwegrjrymctnfixv/Build/Products/Debug/PackageFrameworks -F /Users/steipete/Library/Developer/Xcode/DerivedData/CodeLooper-crrddjihwjtfkwegrjrymctnfixv/Build/Products/Debug -F /Applications/Xcode-beta.app/Contents/Developer/Platforms/MacOSX.platform/Developer/Library/Frameworks -c -j16 -enable-batch-mode -incremental -Xcc -ivfsstatcache -Xcc /Users/steipete/Library/Developer/Xcode/DerivedData/SDKStatCaches.noindex/macosx26.0-25A5279m-5d9328ff1a6613a11d359de947506b52.sdkstatcache -output-file-map /Users/steipete/Library/Developer/Xcode/DerivedData/CodeLooper-crrddjihwjtfkwegrjrymctnfixv/Build/Intermediates.noindex/swift-async-algorithms.build/Debug/AsyncAlgorithms.build/Objects-normal/arm64/AsyncAlgorithms-OutputFileMap.json -use-frontend-parseable-output -save-temps -no-color-diagnostics -explicit-module-build -module-cache-path /Users/steipete/Library/Developer/Xcode/DerivedData/CodeLooper-crrddjihwjtfkwegrjrymctnfixv/Build/Intermediates.noindex/SwiftExplicitPrecompiledModules -clang-scanner-module-cache-path /Users/steipete/Library/Developer/Xcode/DerivedData/ModuleCache.noindex -sdk-module-cache-path /Users/steipete/Library/Developer/Xcode/DerivedData/ModuleCache.noindex -serialize-diagnostics -emit-dependencies -emit-module -emit-module-path /Users/steipete/Library/Developer/Xcode/DerivedData/CodeLooper-crrddjihwjtfkwegrjrymctnfixv/Build/Intermediates.noindex/swift-async-algorithms.build/Debug/AsyncAlgorithms.build/Objects-normal/arm64/AsyncAlgorithms.swiftmodule -validate-clang-modules-once -clang-build-session-file /Users/steipete/Library/Developer/Xcode/DerivedData/ModuleCache.noindex/Session.modulevalidation -Xcc -I/Users/steipete/Library/Developer/Xcode/DerivedData/CodeLooper-crrddjihwjtfkwegrjrymctnfixv/Build/Intermediates.noindex/swift-async-algorithms.build/Debug/AsyncAlgorithms.build/swift-overrides.hmap -emit-const-values -Xfrontend -const-gather-protocols-file -Xfrontend /Users/steipete/Library/Developer/Xcode/DerivedData/CodeLooper-crrddjihwjtfkwegrjrymctnfixv/Build/Intermediates.noindex/swift-async-algorithms.build/Debug/AsyncAlgorithms.build/Objects-normal/arm64/AsyncAlgorithms_const_extract_protocols.json -Xcc -I/Users/steipete/Library/Developer/Xcode/DerivedData/CodeLooper-crrddjihwjtfkwegrjrymctnfixv/Build/Products/Debug/include -Xcc -I/Users/steipete/Library/Developer/Xcode/DerivedData/CodeLooper-crrddjihwjtfkwegrjrymctnfixv/Build/Intermediates.noindex/swift-async-algorithms.build/Debug/AsyncAlgorithms.build/DerivedSources-normal/arm64 -Xcc -I/Users/steipete/Library/Developer/Xcode/DerivedData/CodeLooper-crrddjihwjtfkwegrjrymctnfixv/Build/Intermediates.noindex/swift-async-algorithms.build/Debug/AsyncAlgorithms.build/DerivedSources/arm64 -Xcc -I/Users/steipete/Library/Developer/Xcode/DerivedData/CodeLooper-crrddjihwjtfkwegrjrymctnfixv/Build/Intermediates.noindex/swift-async-algorithms.build/Debug/AsyncAlgorithms.build/DerivedSources -Xcc -DSWIFT_PACKAGE -Xcc -DDEBUG\=1 -emit-objc-header -emit-objc-header-path /Users/steipete/Library/Developer/Xcode/DerivedData/CodeLooper-crrddjihwjtfkwegrjrymctnfixv/Build/Intermediates.noindex/swift-async-algorithms.build/Debug/AsyncAlgorithms.build/Objects-normal/arm64/AsyncAlgorithms-Swift.h -working-directory /Users/steipete/Projects/CodeLooper -experimental-emit-module-separately -disable-cmo

SwiftDriverJobDiscovery normal arm64 Compiling Logger.swift (in target 'Diagnostics' from project 'CodeLooper')

SwiftCompile normal arm64 Compiling\ SessionInvalidator.swift,\ StreamingError.swift,\ StreamingSession.swift,\ URLBuilder.swift,\ URLComponents+.swift,\ URLRequestBuildable.swift,\ URLSessionCombine.swift,\ URLSessionDataDelegateForwarder.swift,\ URLSessionDataTaskProtocol.swift /Users/steipete/Library/Developer/Xcode/DerivedData/CodeLooper-crrddjihwjtfkwegrjrymctnfixv/SourcePackages/checkouts/OpenAI/Sources/OpenAI/Private/Streaming/SessionInvalidator.swift /Users/steipete/Library/Developer/Xcode/DerivedData/CodeLooper-crrddjihwjtfkwegrjrymctnfixv/SourcePackages/checkouts/OpenAI/Sources/OpenAI/Private/Streaming/StreamingError.swift /Users/steipete/Library/Developer/Xcode/DerivedData/CodeLooper-crrddjihwjtfkwegrjrymctnfixv/SourcePackages/checkouts/OpenAI/Sources/OpenAI/Private/Streaming/StreamingSession.swift /Users/steipete/Library/Developer/Xcode/DerivedData/CodeLooper-crrddjihwjtfkwegrjrymctnfixv/SourcePackages/checkouts/OpenAI/Sources/OpenAI/Private/URLBuilder.swift /Users/steipete/Library/Developer/Xcode/DerivedData/CodeLooper-crrddjihwjtfkwegrjrymctnfixv/SourcePackages/checkouts/OpenAI/Sources/OpenAI/Private/URLComponents+.swift /Users/steipete/Library/Developer/Xcode/DerivedData/CodeLooper-crrddjihwjtfkwegrjrymctnfixv/SourcePackages/checkouts/OpenAI/Sources/OpenAI/Private/URLRequestBuildable.swift /Users/steipete/Library/Developer/Xcode/DerivedData/CodeLooper-crrddjihwjtfkwegrjrymctnfixv/SourcePackages/checkouts/OpenAI/Sources/OpenAI/Private/URLSessionCombine.swift /Users/steipete/Library/Developer/Xcode/DerivedData/CodeLooper-crrddjihwjtfkwegrjrymctnfixv/SourcePackages/checkouts/OpenAI/Sources/OpenAI/Private/URLSessionDataDelegateForwarder.swift /Users/steipete/Library/Developer/Xcode/DerivedData/CodeLooper-crrddjihwjtfkwegrjrymctnfixv/SourcePackages/checkouts/OpenAI/Sources/OpenAI/Private/URLSessionDataTaskProtocol.swift (in target 'OpenAI' from project 'OpenAI')

SwiftCompile normal arm64 /Users/steipete/Library/Developer/Xcode/DerivedData/CodeLooper-crrddjihwjtfkwegrjrymctnfixv/SourcePackages/checkouts/OpenAI/Sources/OpenAI/Private/Streaming/SessionInvalidator.swift (in target 'OpenAI' from project 'OpenAI')
    cd /Users/steipete/Projects/CodeLooper
    

SwiftCompile normal arm64 /Users/steipete/Library/Developer/Xcode/DerivedData/CodeLooper-crrddjihwjtfkwegrjrymctnfixv/SourcePackages/checkouts/OpenAI/Sources/OpenAI/Private/Streaming/StreamingError.swift (in target 'OpenAI' from project 'OpenAI')
    cd /Users/steipete/Projects/CodeLooper
    

SwiftCompile normal arm64 /Users/steipete/Library/Developer/Xcode/DerivedData/CodeLooper-crrddjihwjtfkwegrjrymctnfixv/SourcePackages/checkouts/OpenAI/Sources/OpenAI/Private/Streaming/StreamingSession.swift (in target 'OpenAI' from project 'OpenAI')
    cd /Users/steipete/Projects/CodeLooper
    

SwiftCompile normal arm64 /Users/steipete/Library/Developer/Xcode/DerivedData/CodeLooper-crrddjihwjtfkwegrjrymctnfixv/SourcePackages/checkouts/OpenAI/Sources/OpenAI/Private/URLBuilder.swift (in target 'OpenAI' from project 'OpenAI')
    cd /Users/steipete/Projects/CodeLooper
    

SwiftCompile normal arm64 /Users/steipete/Library/Developer/Xcode/DerivedData/CodeLooper-crrddjihwjtfkwegrjrymctnfixv/SourcePackages/checkouts/OpenAI/Sources/OpenAI/Private/URLComponents+.swift (in target 'OpenAI' from project 'OpenAI')
    cd /Users/steipete/Projects/CodeLooper
    

SwiftCompile normal arm64 /Users/steipete/Library/Developer/Xcode/DerivedData/CodeLooper-crrddjihwjtfkwegrjrymctnfixv/SourcePackages/checkouts/OpenAI/Sources/OpenAI/Private/URLRequestBuildable.swift (in target 'OpenAI' from project 'OpenAI')
    cd /Users/steipete/Projects/CodeLooper
    

SwiftCompile normal arm64 /Users/steipete/Library/Developer/Xcode/DerivedData/CodeLooper-crrddjihwjtfkwegrjrymctnfixv/SourcePackages/checkouts/OpenAI/Sources/OpenAI/Private/URLSessionCombine.swift (in target 'OpenAI' from project 'OpenAI')
    cd /Users/steipete/Projects/CodeLooper
    

SwiftCompile normal arm64 /Users/steipete/Library/Developer/Xcode/DerivedData/CodeLooper-crrddjihwjtfkwegrjrymctnfixv/SourcePackages/checkouts/OpenAI/Sources/OpenAI/Private/URLSessionDataDelegateForwarder.swift (in target 'OpenAI' from project 'OpenAI')
    cd /Users/steipete/Projects/CodeLooper
    

SwiftCompile normal arm64 /Users/steipete/Library/Developer/Xcode/DerivedData/CodeLooper-crrddjihwjtfkwegrjrymctnfixv/SourcePackages/checkouts/OpenAI/Sources/OpenAI/Private/URLSessionDataTaskProtocol.swift (in target 'OpenAI' from project 'OpenAI')
    cd /Users/steipete/Projects/CodeLooper
    

SwiftMergeGeneratedHeaders /Users/steipete/Library/Developer/Xcode/DerivedData/CodeLooper-crrddjihwjtfkwegrjrymctnfixv/Build/Intermediates.noindex/GeneratedModuleMaps/AsyncAlgorithms-Swift.h /Users/steipete/Library/Developer/Xcode/DerivedData/CodeLooper-crrddjihwjtfkwegrjrymctnfixv/Build/Intermediates.noindex/swift-async-algorithms.build/Debug/AsyncAlgorithms.build/Objects-normal/arm64/AsyncAlgorithms-Swift.h (in target 'AsyncAlgorithms' from project 'swift-async-algorithms')
    cd /Users/steipete/Library/Developer/Xcode/DerivedData/CodeLooper-crrddjihwjtfkwegrjrymctnfixv/SourcePackages/checkouts/swift-async-algorithms
    builtin-swiftHeaderTool -arch arm64 /Users/steipete/Library/Developer/Xcode/DerivedData/CodeLooper-crrddjihwjtfkwegrjrymctnfixv/Build/Intermediates.noindex/swift-async-algorithms.build/Debug/AsyncAlgorithms.build/Objects-normal/arm64/AsyncAlgorithms-Swift.h -o /Users/steipete/Library/Developer/Xcode/DerivedData/CodeLooper-crrddjihwjtfkwegrjrymctnfixv/Build/Intermediates.noindex/GeneratedModuleMaps/AsyncAlgorithms-Swift.h

SwiftDriverJobDiscovery normal arm64 Compiling AsyncMerge2Sequence.swift, AsyncMerge3Sequence.swift, MergeStateMachine.swift (in target 'AsyncAlgorithms' from project 'swift-async-algorithms')

SwiftDriverJobDiscovery normal arm64 Compiling Dictionary.swift, AsyncInterspersedSequence.swift, Locking.swift (in target 'AsyncAlgorithms' from project 'swift-async-algorithms')

Copy /Users/steipete/Library/Developer/Xcode/DerivedData/CodeLooper-crrddjihwjtfkwegrjrymctnfixv/Build/Products/Debug/AsyncAlgorithms.swiftmodule/arm64-apple-macos.swiftmodule /Users/steipete/Library/Developer/Xcode/DerivedData/CodeLooper-crrddjihwjtfkwegrjrymctnfixv/Build/Intermediates.noindex/swift-async-algorithms.build/Debug/AsyncAlgorithms.build/Objects-normal/arm64/AsyncAlgorithms.swiftmodule (in target 'AsyncAlgorithms' from project 'swift-async-algorithms')
    cd /Users/steipete/Library/Developer/Xcode/DerivedData/CodeLooper-crrddjihwjtfkwegrjrymctnfixv/SourcePackages/checkouts/swift-async-algorithms
    builtin-copy -exclude .DS_Store -exclude CVS -exclude .svn -exclude .git -exclude .hg -resolve-src-symlinks -rename /Users/steipete/Library/Developer/Xcode/DerivedData/CodeLooper-crrddjihwjtfkwegrjrymctnfixv/Build/Intermediates.noindex/swift-async-algorithms.build/Debug/AsyncAlgorithms.build/Objects-normal/arm64/AsyncAlgorithms.swiftmodule /Users/steipete/Library/Developer/Xcode/DerivedData/CodeLooper-crrddjihwjtfkwegrjrymctnfixv/Build/Products/Debug/AsyncAlgorithms.swiftmodule/arm64-apple-macos.swiftmodule

Copy /Users/steipete/Library/Developer/Xcode/DerivedData/CodeLooper-crrddjihwjtfkwegrjrymctnfixv/Build/Products/Debug/AsyncAlgorithms.swiftmodule/arm64-apple-macos.swiftdoc /Users/steipete/Library/Developer/Xcode/DerivedData/CodeLooper-crrddjihwjtfkwegrjrymctnfixv/Build/Intermediates.noindex/swift-async-algorithms.build/Debug/AsyncAlgorithms.build/Objects-normal/arm64/AsyncAlgorithms.swiftdoc (in target 'AsyncAlgorithms' from project 'swift-async-algorithms')
    cd /Users/steipete/Library/Developer/Xcode/DerivedData/CodeLooper-crrddjihwjtfkwegrjrymctnfixv/SourcePackages/checkouts/swift-async-algorithms
    builtin-copy -exclude .DS_Store -exclude CVS -exclude .svn -exclude .git -exclude .hg -resolve-src-symlinks -rename /Users/steipete/Library/Developer/Xcode/DerivedData/CodeLooper-crrddjihwjtfkwegrjrymctnfixv/Build/Intermediates.noindex/swift-async-algorithms.build/Debug/AsyncAlgorithms.build/Objects-normal/arm64/AsyncAlgorithms.swiftdoc /Users/steipete/Library/Developer/Xcode/DerivedData/CodeLooper-crrddjihwjtfkwegrjrymctnfixv/Build/Products/Debug/AsyncAlgorithms.swiftmodule/arm64-apple-macos.swiftdoc

Copy /Users/steipete/Library/Developer/Xcode/DerivedData/CodeLooper-crrddjihwjtfkwegrjrymctnfixv/Build/Products/Debug/AsyncAlgorithms.swiftmodule/arm64-apple-macos.abi.json /Users/steipete/Library/Developer/Xcode/DerivedData/CodeLooper-crrddjihwjtfkwegrjrymctnfixv/Build/Intermediates.noindex/swift-async-algorithms.build/Debug/AsyncAlgorithms.build/Objects-normal/arm64/AsyncAlgorithms.abi.json (in target 'AsyncAlgorithms' from project 'swift-async-algorithms')
    cd /Users/steipete/Library/Developer/Xcode/DerivedData/CodeLooper-crrddjihwjtfkwegrjrymctnfixv/SourcePackages/checkouts/swift-async-algorithms
    builtin-copy -exclude .DS_Store -exclude CVS -exclude .svn -exclude .git -exclude .hg -resolve-src-symlinks -rename /Users/steipete/Library/Developer/Xcode/DerivedData/CodeLooper-crrddjihwjtfkwegrjrymctnfixv/Build/Intermediates.noindex/swift-async-algorithms.build/Debug/AsyncAlgorithms.build/Objects-normal/arm64/AsyncAlgorithms.abi.json /Users/steipete/Library/Developer/Xcode/DerivedData/CodeLooper-crrddjihwjtfkwegrjrymctnfixv/Build/Products/Debug/AsyncAlgorithms.swiftmodule/arm64-apple-macos.abi.json

Copy /Users/steipete/Library/Developer/Xcode/DerivedData/CodeLooper-crrddjihwjtfkwegrjrymctnfixv/Build/Products/Debug/AsyncAlgorithms.swiftmodule/Project/arm64-apple-macos.swiftsourceinfo /Users/steipete/Library/Developer/Xcode/DerivedData/CodeLooper-crrddjihwjtfkwegrjrymctnfixv/Build/Intermediates.noindex/swift-async-algorithms.build/Debug/AsyncAlgorithms.build/Objects-normal/arm64/AsyncAlgorithms.swiftsourceinfo (in target 'AsyncAlgorithms' from project 'swift-async-algorithms')
    cd /Users/steipete/Library/Developer/Xcode/DerivedData/CodeLooper-crrddjihwjtfkwegrjrymctnfixv/SourcePackages/checkouts/swift-async-algorithms
    builtin-copy -exclude .DS_Store -exclude CVS -exclude .svn -exclude .git -exclude .hg -resolve-src-symlinks -rename /Users/steipete/Library/Developer/Xcode/DerivedData/CodeLooper-crrddjihwjtfkwegrjrymctnfixv/Build/Intermediates.noindex/swift-async-algorithms.build/Debug/AsyncAlgorithms.build/Objects-normal/arm64/AsyncAlgorithms.swiftsourceinfo /Users/steipete/Library/Developer/Xcode/DerivedData/CodeLooper-crrddjihwjtfkwegrjrymctnfixv/Build/Products/Debug/AsyncAlgorithms.swiftmodule/Project/arm64-apple-macos.swiftsourceinfo

SwiftDriverJobDiscovery normal arm64 Compiling AsyncAdjacentPairsSequence.swift, AsyncBufferedByteIterator.swift, AsyncChain2Sequence.swift, AsyncChain3Sequence.swift (in target 'AsyncAlgorithms' from project 'swift-async-algorithms')

SwiftCompile normal arm64 Compiling\ CodableResultStreamInterpreter.swift,\ DataTaskPerformingURLSession.swift,\ InvalidatableSession.swift,\ ModelResponseEventsStreamInterpreter.swift,\ ModelResponseStreamEventType.swift,\ PerformableSession.swift,\ ServerSentEventsStreamInterpreter.swift,\ ServerSentEventsStreamParser.swift,\ ServerSentEventsStreamingSessionFactory.swift /Users/steipete/Library/Developer/Xcode/DerivedData/CodeLooper-crrddjihwjtfkwegrjrymctnfixv/SourcePackages/checkouts/OpenAI/Sources/OpenAI/Private/Streaming/CodableResultStreamInterpreter.swift /Users/steipete/Library/Developer/Xcode/DerivedData/CodeLooper-crrddjihwjtfkwegrjrymctnfixv/SourcePackages/checkouts/OpenAI/Sources/OpenAI/Private/Streaming/DataTaskPerformingURLSession.swift /Users/steipete/Library/Developer/Xcode/DerivedData/CodeLooper-crrddjihwjtfkwegrjrymctnfixv/SourcePackages/checkouts/OpenAI/Sources/OpenAI/Private/Streaming/InvalidatableSession.swift /Users/steipete/Library/Developer/Xcode/DerivedData/CodeLooper-crrddjihwjtfkwegrjrymctnfixv/SourcePackages/checkouts/OpenAI/Sources/OpenAI/Private/Streaming/ModelResponseEventsStreamInterpreter.swift /Users/steipete/Library/Developer/Xcode/DerivedData/CodeLooper-crrddjihwjtfkwegrjrymctnfixv/SourcePackages/checkouts/OpenAI/Sources/OpenAI/Private/Streaming/ModelResponseStreamEventType.swift /Users/steipete/Library/Developer/Xcode/DerivedData/CodeLooper-crrddjihwjtfkwegrjrymctnfixv/SourcePackages/checkouts/OpenAI/Sources/OpenAI/Private/Streaming/PerformableSession.swift /Users/steipete/Library/Developer/Xcode/DerivedData/CodeLooper-crrddjihwjtfkwegrjrymctnfixv/SourcePackages/checkouts/OpenAI/Sources/OpenAI/Private/Streaming/ServerSentEventsStreamInterpreter.swift /Users/steipete/Library/Developer/Xcode/DerivedData/CodeLooper-crrddjihwjtfkwegrjrymctnfixv/SourcePackages/checkouts/OpenAI/Sources/OpenAI/Private/Streaming/ServerSentEventsStreamParser.swift /Users/steipete/Library/Developer/Xcode/DerivedData/CodeLooper-crrddjihwjtfkwegrjrymctnfixv/SourcePackages/checkouts/OpenAI/Sources/OpenAI/Private/Streaming/ServerSentEventsStreamingSessionFactory.swift (in target 'OpenAI' from project 'OpenAI')

SwiftCompile normal arm64 /Users/steipete/Library/Developer/Xcode/DerivedData/CodeLooper-crrddjihwjtfkwegrjrymctnfixv/SourcePackages/checkouts/OpenAI/Sources/OpenAI/Private/Streaming/CodableResultStreamInterpreter.swift (in target 'OpenAI' from project 'OpenAI')
    cd /Users/steipete/Projects/CodeLooper
    

SwiftCompile normal arm64 /Users/steipete/Library/Developer/Xcode/DerivedData/CodeLooper-crrddjihwjtfkwegrjrymctnfixv/SourcePackages/checkouts/OpenAI/Sources/OpenAI/Private/Streaming/DataTaskPerformingURLSession.swift (in target 'OpenAI' from project 'OpenAI')
    cd /Users/steipete/Projects/CodeLooper
    

SwiftCompile normal arm64 /Users/steipete/Library/Developer/Xcode/DerivedData/CodeLooper-crrddjihwjtfkwegrjrymctnfixv/SourcePackages/checkouts/OpenAI/Sources/OpenAI/Private/Streaming/InvalidatableSession.swift (in target 'OpenAI' from project 'OpenAI')
    cd /Users/steipete/Projects/CodeLooper
    

SwiftCompile normal arm64 /Users/steipete/Library/Developer/Xcode/DerivedData/CodeLooper-crrddjihwjtfkwegrjrymctnfixv/SourcePackages/checkouts/OpenAI/Sources/OpenAI/Private/Streaming/ModelResponseEventsStreamInterpreter.swift (in target 'OpenAI' from project 'OpenAI')
    cd /Users/steipete/Projects/CodeLooper
    

SwiftCompile normal arm64 /Users/steipete/Library/Developer/Xcode/DerivedData/CodeLooper-crrddjihwjtfkwegrjrymctnfixv/SourcePackages/checkouts/OpenAI/Sources/OpenAI/Private/Streaming/ModelResponseStreamEventType.swift (in target 'OpenAI' from project 'OpenAI')
    cd /Users/steipete/Projects/CodeLooper
    

SwiftCompile normal arm64 /Users/steipete/Library/Developer/Xcode/DerivedData/CodeLooper-crrddjihwjtfkwegrjrymctnfixv/SourcePackages/checkouts/OpenAI/Sources/OpenAI/Private/Streaming/PerformableSession.swift (in target 'OpenAI' from project 'OpenAI')
    cd /Users/steipete/Projects/CodeLooper
    

SwiftCompile normal arm64 /Users/steipete/Library/Developer/Xcode/DerivedData/CodeLooper-crrddjihwjtfkwegrjrymctnfixv/SourcePackages/checkouts/OpenAI/Sources/OpenAI/Private/Streaming/ServerSentEventsStreamInterpreter.swift (in target 'OpenAI' from project 'OpenAI')
    cd /Users/steipete/Projects/CodeLooper
    

SwiftCompile normal arm64 /Users/steipete/Library/Developer/Xcode/DerivedData/CodeLooper-crrddjihwjtfkwegrjrymctnfixv/SourcePackages/checkouts/OpenAI/Sources/OpenAI/Private/Streaming/ServerSentEventsStreamParser.swift (in target 'OpenAI' from project 'OpenAI')
    cd /Users/steipete/Projects/CodeLooper
    

SwiftCompile normal arm64 /Users/steipete/Library/Developer/Xcode/DerivedData/CodeLooper-crrddjihwjtfkwegrjrymctnfixv/SourcePackages/checkouts/OpenAI/Sources/OpenAI/Private/Streaming/ServerSentEventsStreamingSessionFactory.swift (in target 'OpenAI' from project 'OpenAI')
    cd /Users/steipete/Projects/CodeLooper
    

SwiftCompile normal arm64 Compiling\ EasyInputMessage.swift,\ FunctionTool.swift,\ InputContent.swift,\ InputImage.swift,\ InputItem.swift,\ ResponseOutputItemAddedEvent.swift,\ ResponseOutputItemDoneEvent.swift,\ Tool.swift /Users/steipete/Library/Developer/Xcode/DerivedData/CodeLooper-crrddjihwjtfkwegrjrymctnfixv/SourcePackages/checkouts/OpenAI/Sources/OpenAI/Public/Schemas/Edited/EasyInputMessage.swift /Users/steipete/Library/Developer/Xcode/DerivedData/CodeLooper-crrddjihwjtfkwegrjrymctnfixv/SourcePackages/checkouts/OpenAI/Sources/OpenAI/Public/Schemas/Edited/FunctionTool.swift /Users/steipete/Library/Developer/Xcode/DerivedData/CodeLooper-crrddjihwjtfkwegrjrymctnfixv/SourcePackages/checkouts/OpenAI/Sources/OpenAI/Public/Schemas/Edited/InputContent.swift /Users/steipete/Library/Developer/Xcode/DerivedData/CodeLooper-crrddjihwjtfkwegrjrymctnfixv/SourcePackages/checkouts/OpenAI/Sources/OpenAI/Public/Schemas/Edited/InputImage.swift /Users/steipete/Library/Developer/Xcode/DerivedData/CodeLooper-crrddjihwjtfkwegrjrymctnfixv/SourcePackages/checkouts/OpenAI/Sources/OpenAI/Public/Schemas/Edited/InputItem.swift /Users/steipete/Library/Developer/Xcode/DerivedData/CodeLooper-crrddjihwjtfkwegrjrymctnfixv/SourcePackages/checkouts/OpenAI/Sources/OpenAI/Public/Schemas/Edited/ResponseOutputItemAddedEvent.swift /Users/steipete/Library/Developer/Xcode/DerivedData/CodeLooper-crrddjihwjtfkwegrjrymctnfixv/SourcePackages/checkouts/OpenAI/Sources/OpenAI/Public/Schemas/Edited/ResponseOutputItemDoneEvent.swift /Users/steipete/Library/Developer/Xcode/DerivedData/CodeLooper-crrddjihwjtfkwegrjrymctnfixv/SourcePackages/checkouts/OpenAI/Sources/OpenAI/Public/Schemas/Edited/Tool.swift (in target 'OpenAI' from project 'OpenAI')

SwiftCompile normal arm64 /Users/steipete/Library/Developer/Xcode/DerivedData/CodeLooper-crrddjihwjtfkwegrjrymctnfixv/SourcePackages/checkouts/OpenAI/Sources/OpenAI/Public/Schemas/Edited/EasyInputMessage.swift (in target 'OpenAI' from project 'OpenAI')
    cd /Users/steipete/Projects/CodeLooper
    

SwiftCompile normal arm64 /Users/steipete/Library/Developer/Xcode/DerivedData/CodeLooper-crrddjihwjtfkwegrjrymctnfixv/SourcePackages/checkouts/OpenAI/Sources/OpenAI/Public/Schemas/Edited/FunctionTool.swift (in target 'OpenAI' from project 'OpenAI')
    cd /Users/steipete/Projects/CodeLooper
    

SwiftCompile normal arm64 /Users/steipete/Library/Developer/Xcode/DerivedData/CodeLooper-crrddjihwjtfkwegrjrymctnfixv/SourcePackages/checkouts/OpenAI/Sources/OpenAI/Public/Schemas/Edited/InputContent.swift (in target 'OpenAI' from project 'OpenAI')
    cd /Users/steipete/Projects/CodeLooper
    

SwiftCompile normal arm64 /Users/steipete/Library/Developer/Xcode/DerivedData/CodeLooper-crrddjihwjtfkwegrjrymctnfixv/SourcePackages/checkouts/OpenAI/Sources/OpenAI/Public/Schemas/Edited/InputImage.swift (in target 'OpenAI' from project 'OpenAI')
    cd /Users/steipete/Projects/CodeLooper
    

SwiftCompile normal arm64 /Users/steipete/Library/Developer/Xcode/DerivedData/CodeLooper-crrddjihwjtfkwegrjrymctnfixv/SourcePackages/checkouts/OpenAI/Sources/OpenAI/Public/Schemas/Edited/InputItem.swift (in target 'OpenAI' from project 'OpenAI')
    cd /Users/steipete/Projects/CodeLooper
    

SwiftCompile normal arm64 /Users/steipete/Library/Developer/Xcode/DerivedData/CodeLooper-crrddjihwjtfkwegrjrymctnfixv/SourcePackages/checkouts/OpenAI/Sources/OpenAI/Public/Schemas/Edited/ResponseOutputItemAddedEvent.swift (in target 'OpenAI' from project 'OpenAI')
    cd /Users/steipete/Projects/CodeLooper
    

SwiftCompile normal arm64 /Users/steipete/Library/Developer/Xcode/DerivedData/CodeLooper-crrddjihwjtfkwegrjrymctnfixv/SourcePackages/checkouts/OpenAI/Sources/OpenAI/Public/Schemas/Edited/ResponseOutputItemDoneEvent.swift (in target 'OpenAI' from project 'OpenAI')
    cd /Users/steipete/Projects/CodeLooper
    

SwiftCompile normal arm64 /Users/steipete/Library/Developer/Xcode/DerivedData/CodeLooper-crrddjihwjtfkwegrjrymctnfixv/SourcePackages/checkouts/OpenAI/Sources/OpenAI/Public/Schemas/Edited/Tool.swift (in target 'OpenAI' from project 'OpenAI')
    cd /Users/steipete/Projects/CodeLooper
    

SwiftCompile normal arm64 Compiling\ ModelQuery.swift,\ ModelResult.swift,\ Models.swift,\ ModelsResult.swift,\ ModerationsQuery.swift,\ ModerationsResult.swift,\ CreateModelResponseQuery.swift,\ CreateModelResponseQueryInput.swift /Users/steipete/Library/Developer/Xcode/DerivedData/CodeLooper-crrddjihwjtfkwegrjrymctnfixv/SourcePackages/checkouts/OpenAI/Sources/OpenAI/Public/Models/Models/ModelQuery.swift /Users/steipete/Library/Developer/Xcode/DerivedData/CodeLooper-crrddjihwjtfkwegrjrymctnfixv/SourcePackages/checkouts/OpenAI/Sources/OpenAI/Public/Models/Models/ModelResult.swift /Users/steipete/Library/Developer/Xcode/DerivedData/CodeLooper-crrddjihwjtfkwegrjrymctnfixv/SourcePackages/checkouts/OpenAI/Sources/OpenAI/Public/Models/Models/Models.swift /Users/steipete/Library/Developer/Xcode/DerivedData/CodeLooper-crrddjihwjtfkwegrjrymctnfixv/SourcePackages/checkouts/OpenAI/Sources/OpenAI/Public/Models/Models/ModelsResult.swift /Users/steipete/Library/Developer/Xcode/DerivedData/CodeLooper-crrddjihwjtfkwegrjrymctnfixv/SourcePackages/checkouts/OpenAI/Sources/OpenAI/Public/Models/ModerationsQuery.swift /Users/steipete/Library/Developer/Xcode/DerivedData/CodeLooper-crrddjihwjtfkwegrjrymctnfixv/SourcePackages/checkouts/OpenAI/Sources/OpenAI/Public/Models/ModerationsResult.swift /Users/steipete/Library/Developer/Xcode/DerivedData/CodeLooper-crrddjihwjtfkwegrjrymctnfixv/SourcePackages/checkouts/OpenAI/Sources/OpenAI/Public/Models/Responses/CreateModelResponseQuery.swift /Users/steipete/Library/Developer/Xcode/DerivedData/CodeLooper-crrddjihwjtfkwegrjrymctnfixv/SourcePackages/checkouts/OpenAI/Sources/OpenAI/Public/Models/Responses/CreateModelResponseQueryInput.swift (in target 'OpenAI' from project 'OpenAI')

SwiftCompile normal arm64 /Users/steipete/Library/Developer/Xcode/DerivedData/CodeLooper-crrddjihwjtfkwegrjrymctnfixv/SourcePackages/checkouts/OpenAI/Sources/OpenAI/Public/Models/Models/ModelQuery.swift (in target 'OpenAI' from project 'OpenAI')
    cd /Users/steipete/Projects/CodeLooper
    

SwiftCompile normal arm64 /Users/steipete/Library/Developer/Xcode/DerivedData/CodeLooper-crrddjihwjtfkwegrjrymctnfixv/SourcePackages/checkouts/OpenAI/Sources/OpenAI/Public/Models/Models/ModelResult.swift (in target 'OpenAI' from project 'OpenAI')
    cd /Users/steipete/Projects/CodeLooper
    

SwiftCompile normal arm64 /Users/steipete/Library/Developer/Xcode/DerivedData/CodeLooper-crrddjihwjtfkwegrjrymctnfixv/SourcePackages/checkouts/OpenAI/Sources/OpenAI/Public/Models/Models/Models.swift (in target 'OpenAI' from project 'OpenAI')
    cd /Users/steipete/Projects/CodeLooper
    

SwiftCompile normal arm64 /Users/steipete/Library/Developer/Xcode/DerivedData/CodeLooper-crrddjihwjtfkwegrjrymctnfixv/SourcePackages/checkouts/OpenAI/Sources/OpenAI/Public/Models/Models/ModelsResult.swift (in target 'OpenAI' from project 'OpenAI')
    cd /Users/steipete/Projects/CodeLooper
    

SwiftCompile normal arm64 /Users/steipete/Library/Developer/Xcode/DerivedData/CodeLooper-crrddjihwjtfkwegrjrymctnfixv/SourcePackages/checkouts/OpenAI/Sources/OpenAI/Public/Models/ModerationsQuery.swift (in target 'OpenAI' from project 'OpenAI')
    cd /Users/steipete/Projects/CodeLooper
    

SwiftCompile normal arm64 /Users/steipete/Library/Developer/Xcode/DerivedData/CodeLooper-crrddjihwjtfkwegrjrymctnfixv/SourcePackages/checkouts/OpenAI/Sources/OpenAI/Public/Models/ModerationsResult.swift (in target 'OpenAI' from project 'OpenAI')
    cd /Users/steipete/Projects/CodeLooper
    

SwiftCompile normal arm64 /Users/steipete/Library/Developer/Xcode/DerivedData/CodeLooper-crrddjihwjtfkwegrjrymctnfixv/SourcePackages/checkouts/OpenAI/Sources/OpenAI/Public/Models/Responses/CreateModelResponseQuery.swift (in target 'OpenAI' from project 'OpenAI')
    cd /Users/steipete/Projects/CodeLooper
    

SwiftCompile normal arm64 /Users/steipete/Library/Developer/Xcode/DerivedData/CodeLooper-crrddjihwjtfkwegrjrymctnfixv/SourcePackages/checkouts/OpenAI/Sources/OpenAI/Public/Models/Responses/CreateModelResponseQueryInput.swift (in target 'OpenAI' from project 'OpenAI')
    cd /Users/steipete/Projects/CodeLooper
    

SwiftCompile normal arm64 Compiling\ RunToolOutputsQuery.swift,\ RunsQuery.swift,\ ThreadAddMessagesResult.swift,\ ThreadRunQuery.swift,\ ThreadsMessagesResult.swift,\ ThreadsQuery.swift,\ ThreadsResult.swift,\ CancellableRequest.swift /Users/steipete/Library/Developer/Xcode/DerivedData/CodeLooper-crrddjihwjtfkwegrjrymctnfixv/SourcePackages/checkouts/OpenAI/Sources/OpenAI/Public/Models/RunToolOutputsQuery.swift /Users/steipete/Library/Developer/Xcode/DerivedData/CodeLooper-crrddjihwjtfkwegrjrymctnfixv/SourcePackages/checkouts/OpenAI/Sources/OpenAI/Public/Models/RunsQuery.swift /Users/steipete/Library/Developer/Xcode/DerivedData/CodeLooper-crrddjihwjtfkwegrjrymctnfixv/SourcePackages/checkouts/OpenAI/Sources/OpenAI/Public/Models/ThreadAddMessagesResult.swift /Users/steipete/Library/Developer/Xcode/DerivedData/CodeLooper-crrddjihwjtfkwegrjrymctnfixv/SourcePackages/checkouts/OpenAI/Sources/OpenAI/Public/Models/ThreadRunQuery.swift /Users/steipete/Library/Developer/Xcode/DerivedData/CodeLooper-crrddjihwjtfkwegrjrymctnfixv/SourcePackages/checkouts/OpenAI/Sources/OpenAI/Public/Models/ThreadsMessagesResult.swift /Users/steipete/Library/Developer/Xcode/DerivedData/CodeLooper-crrddjihwjtfkwegrjrymctnfixv/SourcePackages/checkouts/OpenAI/Sources/OpenAI/Public/Models/ThreadsQuery.swift /Users/steipete/Library/Developer/Xcode/DerivedData/CodeLooper-crrddjihwjtfkwegrjrymctnfixv/SourcePackages/checkouts/OpenAI/Sources/OpenAI/Public/Models/ThreadsResult.swift /Users/steipete/Library/Developer/Xcode/DerivedData/CodeLooper-crrddjihwjtfkwegrjrymctnfixv/SourcePackages/checkouts/OpenAI/Sources/OpenAI/Public/Protocols/CancellableRequest.swift (in target 'OpenAI' from project 'OpenAI')

SwiftCompile normal arm64 /Users/steipete/Library/Developer/Xcode/DerivedData/CodeLooper-crrddjihwjtfkwegrjrymctnfixv/SourcePackages/checkouts/OpenAI/Sources/OpenAI/Public/Models/RunToolOutputsQuery.swift (in target 'OpenAI' from project 'OpenAI')
    cd /Users/steipete/Projects/CodeLooper
    

SwiftCompile normal arm64 /Users/steipete/Library/Developer/Xcode/DerivedData/CodeLooper-crrddjihwjtfkwegrjrymctnfixv/SourcePackages/checkouts/OpenAI/Sources/OpenAI/Public/Models/RunsQuery.swift (in target 'OpenAI' from project 'OpenAI')
    cd /Users/steipete/Projects/CodeLooper
    

SwiftCompile normal arm64 /Users/steipete/Library/Developer/Xcode/DerivedData/CodeLooper-crrddjihwjtfkwegrjrymctnfixv/SourcePackages/checkouts/OpenAI/Sources/OpenAI/Public/Models/ThreadAddMessagesResult.swift (in target 'OpenAI' from project 'OpenAI')
    cd /Users/steipete/Projects/CodeLooper
    

SwiftCompile normal arm64 /Users/steipete/Library/Developer/Xcode/DerivedData/CodeLooper-crrddjihwjtfkwegrjrymctnfixv/SourcePackages/checkouts/OpenAI/Sources/OpenAI/Public/Models/ThreadRunQuery.swift (in target 'OpenAI' from project 'OpenAI')
    cd /Users/steipete/Projects/CodeLooper
    

SwiftCompile normal arm64 /Users/steipete/Library/Developer/Xcode/DerivedData/CodeLooper-crrddjihwjtfkwegrjrymctnfixv/SourcePackages/checkouts/OpenAI/Sources/OpenAI/Public/Models/ThreadsMessagesResult.swift (in target 'OpenAI' from project 'OpenAI')
    cd /Users/steipete/Projects/CodeLooper
    

SwiftCompile normal arm64 /Users/steipete/Library/Developer/Xcode/DerivedData/CodeLooper-crrddjihwjtfkwegrjrymctnfixv/SourcePackages/checkouts/OpenAI/Sources/OpenAI/Public/Models/ThreadsQuery.swift (in target 'OpenAI' from project 'OpenAI')
    cd /Users/steipete/Projects/CodeLooper
    

SwiftCompile normal arm64 /Users/steipete/Library/Developer/Xcode/DerivedData/CodeLooper-crrddjihwjtfkwegrjrymctnfixv/SourcePackages/checkouts/OpenAI/Sources/OpenAI/Public/Models/ThreadsResult.swift (in target 'OpenAI' from project 'OpenAI')
    cd /Users/steipete/Projects/CodeLooper
    

SwiftCompile normal arm64 /Users/steipete/Library/Developer/Xcode/DerivedData/CodeLooper-crrddjihwjtfkwegrjrymctnfixv/SourcePackages/checkouts/OpenAI/Sources/OpenAI/Public/Protocols/CancellableRequest.swift (in target 'OpenAI' from project 'OpenAI')
    cd /Users/steipete/Projects/CodeLooper
    

SwiftDriverJobDiscovery normal arm64 Compiling ChannelStateMachine.swift, ChannelStorage.swift, AsyncCombineLatest2Sequence.swift (in target 'AsyncAlgorithms' from project 'swift-async-algorithms')

SwiftCompile normal arm64 Compiling\ AudioTranslationResult.swift,\ ChatQuery.swift,\ ChatResult.swift,\ ChatStreamResult.swift,\ EmbeddingsQuery.swift,\ EmbeddingsResult.swift,\ FilesQuery.swift,\ FilesResult.swift /Users/steipete/Library/Developer/Xcode/DerivedData/CodeLooper-crrddjihwjtfkwegrjrymctnfixv/SourcePackages/checkouts/OpenAI/Sources/OpenAI/Public/Models/AudioTranslationResult.swift /Users/steipete/Library/Developer/Xcode/DerivedData/CodeLooper-crrddjihwjtfkwegrjrymctnfixv/SourcePackages/checkouts/OpenAI/Sources/OpenAI/Public/Models/ChatQuery.swift /Users/steipete/Library/Developer/Xcode/DerivedData/CodeLooper-crrddjihwjtfkwegrjrymctnfixv/SourcePackages/checkouts/OpenAI/Sources/OpenAI/Public/Models/ChatResult.swift /Users/steipete/Library/Developer/Xcode/DerivedData/CodeLooper-crrddjihwjtfkwegrjrymctnfixv/SourcePackages/checkouts/OpenAI/Sources/OpenAI/Public/Models/ChatStreamResult.swift /Users/steipete/Library/Developer/Xcode/DerivedData/CodeLooper-crrddjihwjtfkwegrjrymctnfixv/SourcePackages/checkouts/OpenAI/Sources/OpenAI/Public/Models/EmbeddingsQuery.swift /Users/steipete/Library/Developer/Xcode/DerivedData/CodeLooper-crrddjihwjtfkwegrjrymctnfixv/SourcePackages/checkouts/OpenAI/Sources/OpenAI/Public/Models/EmbeddingsResult.swift /Users/steipete/Library/Developer/Xcode/DerivedData/CodeLooper-crrddjihwjtfkwegrjrymctnfixv/SourcePackages/checkouts/OpenAI/Sources/OpenAI/Public/Models/FilesQuery.swift /Users/steipete/Library/Developer/Xcode/DerivedData/CodeLooper-crrddjihwjtfkwegrjrymctnfixv/SourcePackages/checkouts/OpenAI/Sources/OpenAI/Public/Models/FilesResult.swift (in target 'OpenAI' from project 'OpenAI')
SwiftCompile normal arm64 /Users/steipete/Library/Developer/Xcode/DerivedData/CodeLooper-crrddjihwjtfkwegrjrymctnfixv/SourcePackages/checkouts/OpenAI/Sources/OpenAI/Public/Models/AudioTranslationResult.swift (in target 'OpenAI' from project 'OpenAI')
    cd /Users/steipete/Projects/CodeLooper
    

SwiftCompile normal arm64 /Users/steipete/Library/Developer/Xcode/DerivedData/CodeLooper-crrddjihwjtfkwegrjrymctnfixv/SourcePackages/checkouts/OpenAI/Sources/OpenAI/Public/Models/ChatQuery.swift (in target 'OpenAI' from project 'OpenAI')
    cd /Users/steipete/Projects/CodeLooper
    

SwiftCompile normal arm64 /Users/steipete/Library/Developer/Xcode/DerivedData/CodeLooper-crrddjihwjtfkwegrjrymctnfixv/SourcePackages/checkouts/OpenAI/Sources/OpenAI/Public/Models/ChatResult.swift (in target 'OpenAI' from project 'OpenAI')
    cd /Users/steipete/Projects/CodeLooper
    

SwiftCompile normal arm64 /Users/steipete/Library/Developer/Xcode/DerivedData/CodeLooper-crrddjihwjtfkwegrjrymctnfixv/SourcePackages/checkouts/OpenAI/Sources/OpenAI/Public/Models/ChatStreamResult.swift (in target 'OpenAI' from project 'OpenAI')
    cd /Users/steipete/Projects/CodeLooper
    

SwiftCompile normal arm64 /Users/steipete/Library/Developer/Xcode/DerivedData/CodeLooper-crrddjihwjtfkwegrjrymctnfixv/SourcePackages/checkouts/OpenAI/Sources/OpenAI/Public/Models/EmbeddingsQuery.swift (in target 'OpenAI' from project 'OpenAI')
    cd /Users/steipete/Projects/CodeLooper
    

SwiftCompile normal arm64 /Users/steipete/Library/Developer/Xcode/DerivedData/CodeLooper-crrddjihwjtfkwegrjrymctnfixv/SourcePackages/checkouts/OpenAI/Sources/OpenAI/Public/Models/EmbeddingsResult.swift (in target 'OpenAI' from project 'OpenAI')
    cd /Users/steipete/Projects/CodeLooper
    

SwiftCompile normal arm64 /Users/steipete/Library/Developer/Xcode/DerivedData/CodeLooper-crrddjihwjtfkwegrjrymctnfixv/SourcePackages/checkouts/OpenAI/Sources/OpenAI/Public/Models/FilesQuery.swift (in target 'OpenAI' from project 'OpenAI')
    cd /Users/steipete/Projects/CodeLooper
    

SwiftCompile normal arm64 /Users/steipete/Library/Developer/Xcode/DerivedData/CodeLooper-crrddjihwjtfkwegrjrymctnfixv/SourcePackages/checkouts/OpenAI/Sources/OpenAI/Public/Models/FilesResult.swift (in target 'OpenAI' from project 'OpenAI')
    cd /Users/steipete/Projects/CodeLooper
    

SwiftDriverJobDiscovery normal arm64 Compiling AsyncChunkedByGroupSequence.swift, AsyncChunkedOnProjectionSequence.swift, AsyncChunksOfCountOrSignalSequence.swift, AsyncChunksOfCountSequence.swift (in target 'AsyncAlgorithms' from project 'swift-async-algorithms')

SwiftCompile normal arm64 Compiling\ CodingUserInfoKey+ParsingOptions.swift,\ DataTaskFactory.swift,\ DescribedError.swift,\ DispatchQueue+Static.swift,\ ExecutionSerializer.swift,\ Schemas+Description.swift,\ JSONRequest.swift,\ JSONResponseErrorDecoder.swift,\ KeyedDecodingContainer+ParsingOptions.swift /Users/steipete/Library/Developer/Xcode/DerivedData/CodeLooper-crrddjihwjtfkwegrjrymctnfixv/SourcePackages/checkouts/OpenAI/Sources/OpenAI/Private/CodingUserInfoKey+ParsingOptions.swift /Users/steipete/Library/Developer/Xcode/DerivedData/CodeLooper-crrddjihwjtfkwegrjrymctnfixv/SourcePackages/checkouts/OpenAI/Sources/OpenAI/Private/DataTaskFactory.swift /Users/steipete/Library/Developer/Xcode/DerivedData/CodeLooper-crrddjihwjtfkwegrjrymctnfixv/SourcePackages/checkouts/OpenAI/Sources/OpenAI/Private/DescribedError.swift /Users/steipete/Library/Developer/Xcode/DerivedData/CodeLooper-crrddjihwjtfkwegrjrymctnfixv/SourcePackages/checkouts/OpenAI/Sources/OpenAI/Private/DispatchQueue+Static.swift /Users/steipete/Library/Developer/Xcode/DerivedData/CodeLooper-crrddjihwjtfkwegrjrymctnfixv/SourcePackages/checkouts/OpenAI/Sources/OpenAI/Private/ExecutionSerializer.swift /Users/steipete/Library/Developer/Xcode/DerivedData/CodeLooper-crrddjihwjtfkwegrjrymctnfixv/SourcePackages/checkouts/OpenAI/Sources/OpenAI/Private/Extensions\ for\ generated\ code/Schemas+Description.swift /Users/steipete/Library/Developer/Xcode/DerivedData/CodeLooper-crrddjihwjtfkwegrjrymctnfixv/SourcePackages/checkouts/OpenAI/Sources/OpenAI/Private/JSONRequest.swift /Users/steipete/Library/Developer/Xcode/DerivedData/CodeLooper-crrddjihwjtfkwegrjrymctnfixv/SourcePackages/checkouts/OpenAI/Sources/OpenAI/Private/JSONResponseErrorDecoder.swift /Users/steipete/Library/Developer/Xcode/DerivedData/CodeLooper-crrddjihwjtfkwegrjrymctnfixv/SourcePackages/checkouts/OpenAI/Sources/OpenAI/Private/KeyedDecodingContainer+ParsingOptions.swift (in target 'OpenAI' from project 'OpenAI')

SwiftCompile normal arm64 /Users/steipete/Library/Developer/Xcode/DerivedData/CodeLooper-crrddjihwjtfkwegrjrymctnfixv/SourcePackages/checkouts/OpenAI/Sources/OpenAI/Private/CodingUserInfoKey+ParsingOptions.swift (in target 'OpenAI' from project 'OpenAI')
    cd /Users/steipete/Projects/CodeLooper
    

SwiftCompile normal arm64 /Users/steipete/Library/Developer/Xcode/DerivedData/CodeLooper-crrddjihwjtfkwegrjrymctnfixv/SourcePackages/checkouts/OpenAI/Sources/OpenAI/Private/DataTaskFactory.swift (in target 'OpenAI' from project 'OpenAI')
    cd /Users/steipete/Projects/CodeLooper
    

SwiftCompile normal arm64 /Users/steipete/Library/Developer/Xcode/DerivedData/CodeLooper-crrddjihwjtfkwegrjrymctnfixv/SourcePackages/checkouts/OpenAI/Sources/OpenAI/Private/DescribedError.swift (in target 'OpenAI' from project 'OpenAI')
    cd /Users/steipete/Projects/CodeLooper
    

SwiftCompile normal arm64 /Users/steipete/Library/Developer/Xcode/DerivedData/CodeLooper-crrddjihwjtfkwegrjrymctnfixv/SourcePackages/checkouts/OpenAI/Sources/OpenAI/Private/DispatchQueue+Static.swift (in target 'OpenAI' from project 'OpenAI')
    cd /Users/steipete/Projects/CodeLooper
    

SwiftCompile normal arm64 /Users/steipete/Library/Developer/Xcode/DerivedData/CodeLooper-crrddjihwjtfkwegrjrymctnfixv/SourcePackages/checkouts/OpenAI/Sources/OpenAI/Private/ExecutionSerializer.swift (in target 'OpenAI' from project 'OpenAI')
    cd /Users/steipete/Projects/CodeLooper
    

SwiftCompile normal arm64 /Users/steipete/Library/Developer/Xcode/DerivedData/CodeLooper-crrddjihwjtfkwegrjrymctnfixv/SourcePackages/checkouts/OpenAI/Sources/OpenAI/Private/Extensions\ for\ generated\ code/Schemas+Description.swift (in target 'OpenAI' from project 'OpenAI')
    cd /Users/steipete/Projects/CodeLooper
    

SwiftCompile normal arm64 /Users/steipete/Library/Developer/Xcode/DerivedData/CodeLooper-crrddjihwjtfkwegrjrymctnfixv/SourcePackages/checkouts/OpenAI/Sources/OpenAI/Private/JSONRequest.swift (in target 'OpenAI' from project 'OpenAI')
    cd /Users/steipete/Projects/CodeLooper
    

SwiftCompile normal arm64 /Users/steipete/Library/Developer/Xcode/DerivedData/CodeLooper-crrddjihwjtfkwegrjrymctnfixv/SourcePackages/checkouts/OpenAI/Sources/OpenAI/Private/JSONResponseErrorDecoder.swift (in target 'OpenAI' from project 'OpenAI')
    cd /Users/steipete/Projects/CodeLooper
    

SwiftCompile normal arm64 /Users/steipete/Library/Developer/Xcode/DerivedData/CodeLooper-crrddjihwjtfkwegrjrymctnfixv/SourcePackages/checkouts/OpenAI/Sources/OpenAI/Private/KeyedDecodingContainer+ParsingOptions.swift (in target 'OpenAI' from project 'OpenAI')
    cd /Users/steipete/Projects/CodeLooper
    

SwiftDriverJobDiscovery normal arm64 Compiling AsyncDebounceSequence.swift, DebounceStateMachine.swift, DebounceStorage.swift (in target 'AsyncAlgorithms' from project 'swift-async-algorithms')

SwiftCompile normal arm64 Compiling\ MultipartFormDataBodyBuilder.swift,\ MultipartFormDataBodyEncodable.swift,\ MultipartFormDataEntry.swift,\ MultipartFormDataRequest.swift,\ OpenAI+MakeRequest.swift,\ SSLDelegateProtocol.swift,\ SendablePassthroughSubject.swift,\ StreamableQuery.swift,\ AudioSpeechStreamInterpreter.swift /Users/steipete/Library/Developer/Xcode/DerivedData/CodeLooper-crrddjihwjtfkwegrjrymctnfixv/SourcePackages/checkouts/OpenAI/Sources/OpenAI/Private/MultipartFormDataBodyBuilder.swift /Users/steipete/Library/Developer/Xcode/DerivedData/CodeLooper-crrddjihwjtfkwegrjrymctnfixv/SourcePackages/checkouts/OpenAI/Sources/OpenAI/Private/MultipartFormDataBodyEncodable.swift /Users/steipete/Library/Developer/Xcode/DerivedData/CodeLooper-crrddjihwjtfkwegrjrymctnfixv/SourcePackages/checkouts/OpenAI/Sources/OpenAI/Private/MultipartFormDataEntry.swift /Users/steipete/Library/Developer/Xcode/DerivedData/CodeLooper-crrddjihwjtfkwegrjrymctnfixv/SourcePackages/checkouts/OpenAI/Sources/OpenAI/Private/MultipartFormDataRequest.swift /Users/steipete/Library/Developer/Xcode/DerivedData/CodeLooper-crrddjihwjtfkwegrjrymctnfixv/SourcePackages/checkouts/OpenAI/Sources/OpenAI/Private/OpenAI+MakeRequest.swift /Users/steipete/Library/Developer/Xcode/DerivedData/CodeLooper-crrddjihwjtfkwegrjrymctnfixv/SourcePackages/checkouts/OpenAI/Sources/OpenAI/Private/SSLDelegateProtocol.swift /Users/steipete/Library/Developer/Xcode/DerivedData/CodeLooper-crrddjihwjtfkwegrjrymctnfixv/SourcePackages/checkouts/OpenAI/Sources/OpenAI/Private/SendablePassthroughSubject.swift /Users/steipete/Library/Developer/Xcode/DerivedData/CodeLooper-crrddjihwjtfkwegrjrymctnfixv/SourcePackages/checkouts/OpenAI/Sources/OpenAI/Private/StreamableQuery.swift /Users/steipete/Library/Developer/Xcode/DerivedData/CodeLooper-crrddjihwjtfkwegrjrymctnfixv/SourcePackages/checkouts/OpenAI/Sources/OpenAI/Private/Streaming/AudioSpeechStreamInterpreter.swift (in target 'OpenAI' from project 'OpenAI')

SwiftCompile normal arm64 /Users/steipete/Library/Developer/Xcode/DerivedData/CodeLooper-crrddjihwjtfkwegrjrymctnfixv/SourcePackages/checkouts/OpenAI/Sources/OpenAI/Private/MultipartFormDataBodyBuilder.swift (in target 'OpenAI' from project 'OpenAI')
    cd /Users/steipete/Projects/CodeLooper
    

SwiftCompile normal arm64 /Users/steipete/Library/Developer/Xcode/DerivedData/CodeLooper-crrddjihwjtfkwegrjrymctnfixv/SourcePackages/checkouts/OpenAI/Sources/OpenAI/Private/MultipartFormDataBodyEncodable.swift (in target 'OpenAI' from project 'OpenAI')
    cd /Users/steipete/Projects/CodeLooper
    

SwiftCompile normal arm64 /Users/steipete/Library/Developer/Xcode/DerivedData/CodeLooper-crrddjihwjtfkwegrjrymctnfixv/SourcePackages/checkouts/OpenAI/Sources/OpenAI/Private/MultipartFormDataEntry.swift (in target 'OpenAI' from project 'OpenAI')
    cd /Users/steipete/Projects/CodeLooper
    

SwiftCompile normal arm64 /Users/steipete/Library/Developer/Xcode/DerivedData/CodeLooper-crrddjihwjtfkwegrjrymctnfixv/SourcePackages/checkouts/OpenAI/Sources/OpenAI/Private/MultipartFormDataRequest.swift (in target 'OpenAI' from project 'OpenAI')
    cd /Users/steipete/Projects/CodeLooper
    

SwiftCompile normal arm64 /Users/steipete/Library/Developer/Xcode/DerivedData/CodeLooper-crrddjihwjtfkwegrjrymctnfixv/SourcePackages/checkouts/OpenAI/Sources/OpenAI/Private/OpenAI+MakeRequest.swift (in target 'OpenAI' from project 'OpenAI')
    cd /Users/steipete/Projects/CodeLooper
    

SwiftCompile normal arm64 /Users/steipete/Library/Developer/Xcode/DerivedData/CodeLooper-crrddjihwjtfkwegrjrymctnfixv/SourcePackages/checkouts/OpenAI/Sources/OpenAI/Private/SSLDelegateProtocol.swift (in target 'OpenAI' from project 'OpenAI')
    cd /Users/steipete/Projects/CodeLooper
    

SwiftCompile normal arm64 /Users/steipete/Library/Developer/Xcode/DerivedData/CodeLooper-crrddjihwjtfkwegrjrymctnfixv/SourcePackages/checkouts/OpenAI/Sources/OpenAI/Private/SendablePassthroughSubject.swift (in target 'OpenAI' from project 'OpenAI')
    cd /Users/steipete/Projects/CodeLooper
    

SwiftCompile normal arm64 /Users/steipete/Library/Developer/Xcode/DerivedData/CodeLooper-crrddjihwjtfkwegrjrymctnfixv/SourcePackages/checkouts/OpenAI/Sources/OpenAI/Private/StreamableQuery.swift (in target 'OpenAI' from project 'OpenAI')
    cd /Users/steipete/Projects/CodeLooper
    

SwiftCompile normal arm64 /Users/steipete/Library/Developer/Xcode/DerivedData/CodeLooper-crrddjihwjtfkwegrjrymctnfixv/SourcePackages/checkouts/OpenAI/Sources/OpenAI/Private/Streaming/AudioSpeechStreamInterpreter.swift (in target 'OpenAI' from project 'OpenAI')
    cd /Users/steipete/Projects/CodeLooper
    

SwiftDriverJobDiscovery normal arm64 Compiling OpenAIAsync.swift, OpenAICombine.swift, OpenAIMiddleware.swift, OpenAIProtocol.swift, ResponsesEndpointAsync.swift, ResponsesEndpointCombine.swift, ResponsesEndpointModern.swift, ResponsesEndpointProtocol.swift (in target 'OpenAI' from project 'OpenAI')

SwiftCompile normal arm64 Compiling\ OutputItem.swift,\ ResponseStreamEvent.swift,\ Components.swift,\ ParsingOptions.swift,\ Utilities.swift,\ ResponsesEndpoint+Async.swift,\ ResponsesEndpoint+Combine.swift,\ ResponsesEndpoint.swift /Users/steipete/Library/Developer/Xcode/DerivedData/CodeLooper-crrddjihwjtfkwegrjrymctnfixv/SourcePackages/checkouts/OpenAI/Sources/OpenAI/Public/Schemas/Facade/OutputItem.swift /Users/steipete/Library/Developer/Xcode/DerivedData/CodeLooper-crrddjihwjtfkwegrjrymctnfixv/SourcePackages/checkouts/OpenAI/Sources/OpenAI/Public/Schemas/Facade/ResponseStreamEvent.swift /Users/steipete/Library/Developer/Xcode/DerivedData/CodeLooper-crrddjihwjtfkwegrjrymctnfixv/SourcePackages/checkouts/OpenAI/Sources/OpenAI/Public/Schemas/Generated/Components.swift /Users/steipete/Library/Developer/Xcode/DerivedData/CodeLooper-crrddjihwjtfkwegrjrymctnfixv/SourcePackages/checkouts/OpenAI/Sources/OpenAI/Public/Utilities/ParsingOptions.swift /Users/steipete/Library/Developer/Xcode/DerivedData/CodeLooper-crrddjihwjtfkwegrjrymctnfixv/SourcePackages/checkouts/OpenAI/Sources/OpenAI/Public/Utilities/Utilities.swift /Users/steipete/Library/Developer/Xcode/DerivedData/CodeLooper-crrddjihwjtfkwegrjrymctnfixv/SourcePackages/checkouts/OpenAI/Sources/OpenAI/ResponsesEndpoint+Async.swift /Users/steipete/Library/Developer/Xcode/DerivedData/CodeLooper-crrddjihwjtfkwegrjrymctnfixv/SourcePackages/checkouts/OpenAI/Sources/OpenAI/ResponsesEndpoint+Combine.swift /Users/steipete/Library/Developer/Xcode/DerivedData/CodeLooper-crrddjihwjtfkwegrjrymctnfixv/SourcePackages/checkouts/OpenAI/Sources/OpenAI/ResponsesEndpoint.swift (in target 'OpenAI' from project 'OpenAI')
SwiftCompile normal arm64 /Users/steipete/Library/Developer/Xcode/DerivedData/CodeLooper-crrddjihwjtfkwegrjrymctnfixv/SourcePackages/checkouts/OpenAI/Sources/OpenAI/Public/Schemas/Facade/OutputItem.swift (in target 'OpenAI' from project 'OpenAI')
    cd /Users/steipete/Projects/CodeLooper
    

SwiftCompile normal arm64 /Users/steipete/Library/Developer/Xcode/DerivedData/CodeLooper-crrddjihwjtfkwegrjrymctnfixv/SourcePackages/checkouts/OpenAI/Sources/OpenAI/Public/Schemas/Facade/ResponseStreamEvent.swift (in target 'OpenAI' from project 'OpenAI')
    cd /Users/steipete/Projects/CodeLooper
    

SwiftCompile normal arm64 /Users/steipete/Library/Developer/Xcode/DerivedData/CodeLooper-crrddjihwjtfkwegrjrymctnfixv/SourcePackages/checkouts/OpenAI/Sources/OpenAI/Public/Schemas/Generated/Components.swift (in target 'OpenAI' from project 'OpenAI')
    cd /Users/steipete/Projects/CodeLooper
    

SwiftCompile normal arm64 /Users/steipete/Library/Developer/Xcode/DerivedData/CodeLooper-crrddjihwjtfkwegrjrymctnfixv/SourcePackages/checkouts/OpenAI/Sources/OpenAI/Public/Utilities/ParsingOptions.swift (in target 'OpenAI' from project 'OpenAI')
    cd /Users/steipete/Projects/CodeLooper
    

SwiftCompile normal arm64 /Users/steipete/Library/Developer/Xcode/DerivedData/CodeLooper-crrddjihwjtfkwegrjrymctnfixv/SourcePackages/checkouts/OpenAI/Sources/OpenAI/Public/Utilities/Utilities.swift (in target 'OpenAI' from project 'OpenAI')
    cd /Users/steipete/Projects/CodeLooper
    

SwiftCompile normal arm64 /Users/steipete/Library/Developer/Xcode/DerivedData/CodeLooper-crrddjihwjtfkwegrjrymctnfixv/SourcePackages/checkouts/OpenAI/Sources/OpenAI/ResponsesEndpoint+Async.swift (in target 'OpenAI' from project 'OpenAI')
    cd /Users/steipete/Projects/CodeLooper
    

SwiftCompile normal arm64 /Users/steipete/Library/Developer/Xcode/DerivedData/CodeLooper-crrddjihwjtfkwegrjrymctnfixv/SourcePackages/checkouts/OpenAI/Sources/OpenAI/ResponsesEndpoint+Combine.swift (in target 'OpenAI' from project 'OpenAI')
    cd /Users/steipete/Projects/CodeLooper
    

SwiftCompile normal arm64 /Users/steipete/Library/Developer/Xcode/DerivedData/CodeLooper-crrddjihwjtfkwegrjrymctnfixv/SourcePackages/checkouts/OpenAI/Sources/OpenAI/ResponsesEndpoint.swift (in target 'OpenAI' from project 'OpenAI')
    cd /Users/steipete/Projects/CodeLooper
    

SwiftDriverJobDiscovery normal arm64 Compiling AsyncZip3Sequence.swift, ZipStateMachine.swift, ZipStorage.swift (in target 'AsyncAlgorithms' from project 'swift-async-algorithms')

SwiftCompile normal arm64 Compiling\ URLSessionDataTaskPublisherProtocol.swift,\ URLSessionDataTaskStore.swift,\ URLSessionDelegateProtocol.swift,\ URLSessionFactory.swift,\ URLSessionProtocol+MakeDataTask.swift,\ URLSessionProtocol.swift,\ URLSessionTaskCanceller.swift,\ APIError.swift,\ GeminiAPIError.swift /Users/steipete/Library/Developer/Xcode/DerivedData/CodeLooper-crrddjihwjtfkwegrjrymctnfixv/SourcePackages/checkouts/OpenAI/Sources/OpenAI/Private/URLSessionDataTaskPublisherProtocol.swift /Users/steipete/Library/Developer/Xcode/DerivedData/CodeLooper-crrddjihwjtfkwegrjrymctnfixv/SourcePackages/checkouts/OpenAI/Sources/OpenAI/Private/URLSessionDataTaskStore.swift /Users/steipete/Library/Developer/Xcode/DerivedData/CodeLooper-crrddjihwjtfkwegrjrymctnfixv/SourcePackages/checkouts/OpenAI/Sources/OpenAI/Private/URLSessionDelegateProtocol.swift /Users/steipete/Library/Developer/Xcode/DerivedData/CodeLooper-crrddjihwjtfkwegrjrymctnfixv/SourcePackages/checkouts/OpenAI/Sources/OpenAI/Private/URLSessionFactory.swift /Users/steipete/Library/Developer/Xcode/DerivedData/CodeLooper-crrddjihwjtfkwegrjrymctnfixv/SourcePackages/checkouts/OpenAI/Sources/OpenAI/Private/URLSessionProtocol+MakeDataTask.swift /Users/steipete/Library/Developer/Xcode/DerivedData/CodeLooper-crrddjihwjtfkwegrjrymctnfixv/SourcePackages/checkouts/OpenAI/Sources/OpenAI/Private/URLSessionProtocol.swift /Users/steipete/Library/Developer/Xcode/DerivedData/CodeLooper-crrddjihwjtfkwegrjrymctnfixv/SourcePackages/checkouts/OpenAI/Sources/OpenAI/Private/URLSessionTaskCanceller.swift /Users/steipete/Library/Developer/Xcode/DerivedData/CodeLooper-crrddjihwjtfkwegrjrymctnfixv/SourcePackages/checkouts/OpenAI/Sources/OpenAI/Public/Errors/APIError.swift /Users/steipete/Library/Developer/Xcode/DerivedData/CodeLooper-crrddjihwjtfkwegrjrymctnfixv/SourcePackages/checkouts/OpenAI/Sources/OpenAI/Public/Errors/GeminiAPIError.swift (in target 'OpenAI' from project 'OpenAI')

SwiftCompile normal arm64 /Users/steipete/Library/Developer/Xcode/DerivedData/CodeLooper-crrddjihwjtfkwegrjrymctnfixv/SourcePackages/checkouts/OpenAI/Sources/OpenAI/Private/URLSessionDataTaskPublisherProtocol.swift (in target 'OpenAI' from project 'OpenAI')
    cd /Users/steipete/Projects/CodeLooper
    

SwiftCompile normal arm64 /Users/steipete/Library/Developer/Xcode/DerivedData/CodeLooper-crrddjihwjtfkwegrjrymctnfixv/SourcePackages/checkouts/OpenAI/Sources/OpenAI/Private/URLSessionDataTaskStore.swift (in target 'OpenAI' from project 'OpenAI')
    cd /Users/steipete/Projects/CodeLooper
    

SwiftCompile normal arm64 /Users/steipete/Library/Developer/Xcode/DerivedData/CodeLooper-crrddjihwjtfkwegrjrymctnfixv/SourcePackages/checkouts/OpenAI/Sources/OpenAI/Private/URLSessionDelegateProtocol.swift (in target 'OpenAI' from project 'OpenAI')
    cd /Users/steipete/Projects/CodeLooper
    

SwiftCompile normal arm64 /Users/steipete/Library/Developer/Xcode/DerivedData/CodeLooper-crrddjihwjtfkwegrjrymctnfixv/SourcePackages/checkouts/OpenAI/Sources/OpenAI/Private/URLSessionFactory.swift (in target 'OpenAI' from project 'OpenAI')
    cd /Users/steipete/Projects/CodeLooper
    

SwiftCompile normal arm64 /Users/steipete/Library/Developer/Xcode/DerivedData/CodeLooper-crrddjihwjtfkwegrjrymctnfixv/SourcePackages/checkouts/OpenAI/Sources/OpenAI/Private/URLSessionProtocol+MakeDataTask.swift (in target 'OpenAI' from project 'OpenAI')
    cd /Users/steipete/Projects/CodeLooper
    

SwiftCompile normal arm64 /Users/steipete/Library/Developer/Xcode/DerivedData/CodeLooper-crrddjihwjtfkwegrjrymctnfixv/SourcePackages/checkouts/OpenAI/Sources/OpenAI/Private/URLSessionProtocol.swift (in target 'OpenAI' from project 'OpenAI')
    cd /Users/steipete/Projects/CodeLooper
    

SwiftCompile normal arm64 /Users/steipete/Library/Developer/Xcode/DerivedData/CodeLooper-crrddjihwjtfkwegrjrymctnfixv/SourcePackages/checkouts/OpenAI/Sources/OpenAI/Private/URLSessionTaskCanceller.swift (in target 'OpenAI' from project 'OpenAI')
    cd /Users/steipete/Projects/CodeLooper
    

SwiftCompile normal arm64 /Users/steipete/Library/Developer/Xcode/DerivedData/CodeLooper-crrddjihwjtfkwegrjrymctnfixv/SourcePackages/checkouts/OpenAI/Sources/OpenAI/Public/Errors/APIError.swift (in target 'OpenAI' from project 'OpenAI')
    cd /Users/steipete/Projects/CodeLooper
    

SwiftCompile normal arm64 /Users/steipete/Library/Developer/Xcode/DerivedData/CodeLooper-crrddjihwjtfkwegrjrymctnfixv/SourcePackages/checkouts/OpenAI/Sources/OpenAI/Public/Errors/GeminiAPIError.swift (in target 'OpenAI' from project 'OpenAI')
    cd /Users/steipete/Projects/CodeLooper
    

SwiftDriverJobDiscovery normal arm64 Emitting module for AXpector (in target 'AXpector' from project 'AXpector')

SwiftDriver\ Compilation\ Requirements AXpector normal arm64 com.apple.xcode.tools.swift.compiler (in target 'AXpector' from project 'AXpector')
    cd /Users/steipete/Projects/CodeLooper
    builtin-Swift-Compilation-Requirements -- /Applications/Xcode-beta.app/Contents/Developer/Toolchains/XcodeDefault.xctoolchain/usr/bin/swiftc -module-name AXpector -Onone -enforce-exclusivity\=checked @/Users/steipete/Library/Developer/Xcode/DerivedData/CodeLooper-crrddjihwjtfkwegrjrymctnfixv/Build/Intermediates.noindex/AXpector.build/Debug/AXpector.build/Objects-normal/arm64/AXpector.SwiftFileList -DSWIFT_PACKAGE -DDEBUG -DSWIFT_MODULE_RESOURCE_BUNDLE_UNAVAILABLE -DXcode -plugin-path /Applications/Xcode-beta.app/Contents/Developer/Toolchains/XcodeDefault.xctoolchain/usr/lib/swift/host/plugins/testing -enable-experimental-feature DebugDescriptionMacro -sdk /Applications/Xcode-beta.app/Contents/Developer/Platforms/MacOSX.platform/Developer/SDKs/MacOSX26.0.sdk -target arm64-apple-macos14.0 -g -module-cache-path /Users/steipete/Library/Developer/Xcode/DerivedData/ModuleCache.noindex -Xfrontend -serialize-debugging-options -profile-coverage-mapping -profile-generate -enable-testing -index-store-path /Users/steipete/Library/Developer/Xcode/DerivedData/CodeLooper-crrddjihwjtfkwegrjrymctnfixv/Index.noindex/DataStore -swift-version 6 -I /Users/steipete/Library/Developer/Xcode/DerivedData/CodeLooper-crrddjihwjtfkwegrjrymctnfixv/Build/Products/Debug -I /Applications/Xcode-beta.app/Contents/Developer/Platforms/MacOSX.platform/Developer/usr/lib -F /Users/steipete/Library/Developer/Xcode/DerivedData/CodeLooper-crrddjihwjtfkwegrjrymctnfixv/Build/Products/Debug/PackageFrameworks -F /Users/steipete/Library/Developer/Xcode/DerivedData/CodeLooper-crrddjihwjtfkwegrjrymctnfixv/Build/Products/Debug/PackageFrameworks -F /Users/steipete/Library/Developer/Xcode/DerivedData/CodeLooper-crrddjihwjtfkwegrjrymctnfixv/Build/Products/Debug/PackageFrameworks -F /Users/steipete/Library/Developer/Xcode/DerivedData/CodeLooper-crrddjihwjtfkwegrjrymctnfixv/Build/Products/Debug/PackageFrameworks -F /Users/steipete/Library/Developer/Xcode/DerivedData/CodeLooper-crrddjihwjtfkwegrjrymctnfixv/Build/Products/Debug -F /Applications/Xcode-beta.app/Contents/Developer/Platforms/MacOSX.platform/Developer/Library/Frameworks -c -j16 -enable-batch-mode -incremental -Xcc -ivfsstatcache -Xcc /Users/steipete/Library/Developer/Xcode/DerivedData/SDKStatCaches.noindex/macosx26.0-25A5279m-5d9328ff1a6613a11d359de947506b52.sdkstatcache -output-file-map /Users/steipete/Library/Developer/Xcode/DerivedData/CodeLooper-crrddjihwjtfkwegrjrymctnfixv/Build/Intermediates.noindex/AXpector.build/Debug/AXpector.build/Objects-normal/arm64/AXpector-OutputFileMap.json -use-frontend-parseable-output -save-temps -no-color-diagnostics -explicit-module-build -module-cache-path /Users/steipete/Library/Developer/Xcode/DerivedData/CodeLooper-crrddjihwjtfkwegrjrymctnfixv/Build/Intermediates.noindex/SwiftExplicitPrecompiledModules -clang-scanner-module-cache-path /Users/steipete/Library/Developer/Xcode/DerivedData/ModuleCache.noindex -sdk-module-cache-path /Users/steipete/Library/Developer/Xcode/DerivedData/ModuleCache.noindex -serialize-diagnostics -emit-dependencies -emit-module -emit-module-path /Users/steipete/Library/Developer/Xcode/DerivedData/CodeLooper-crrddjihwjtfkwegrjrymctnfixv/Build/Intermediates.noindex/AXpector.build/Debug/AXpector.build/Objects-normal/arm64/AXpector.swiftmodule -validate-clang-modules-once -clang-build-session-file /Users/steipete/Library/Developer/Xcode/DerivedData/ModuleCache.noindex/Session.modulevalidation -package-name axpector -Xcc -I/Users/steipete/Library/Developer/Xcode/DerivedData/CodeLooper-crrddjihwjtfkwegrjrymctnfixv/Build/Intermediates.noindex/AXpector.build/Debug/AXpector.build/swift-overrides.hmap -emit-const-values -Xfrontend -const-gather-protocols-file -Xfrontend /Users/steipete/Library/Developer/Xcode/DerivedData/CodeLooper-crrddjihwjtfkwegrjrymctnfixv/Build/Intermediates.noindex/AXpector.build/Debug/AXpector.build/Objects-normal/arm64/AXpector_const_extract_protocols.json -Xcc -I/Users/steipete/Library/Developer/Xcode/DerivedData/CodeLooper-crrddjihwjtfkwegrjrymctnfixv/Build/Products/Debug/include -Xcc -I/Users/steipete/Library/Developer/Xcode/DerivedData/CodeLooper-crrddjihwjtfkwegrjrymctnfixv/Build/Intermediates.noindex/AXpector.build/Debug/AXpector.build/DerivedSources-normal/arm64 -Xcc -I/Users/steipete/Library/Developer/Xcode/DerivedData/CodeLooper-crrddjihwjtfkwegrjrymctnfixv/Build/Intermediates.noindex/AXpector.build/Debug/AXpector.build/DerivedSources/arm64 -Xcc -I/Users/steipete/Library/Developer/Xcode/DerivedData/CodeLooper-crrddjihwjtfkwegrjrymctnfixv/Build/Intermediates.noindex/AXpector.build/Debug/AXpector.build/DerivedSources -Xcc -DSWIFT_PACKAGE -Xcc -DDEBUG\=1 -emit-objc-header -emit-objc-header-path /Users/steipete/Library/Developer/Xcode/DerivedData/CodeLooper-crrddjihwjtfkwegrjrymctnfixv/Build/Intermediates.noindex/AXpector.build/Debug/AXpector.build/Objects-normal/arm64/AXpector-Swift.h -working-directory /Users/steipete/Projects/CodeLooper -experimental-emit-module-separately -disable-cmo

SwiftDriverJobDiscovery normal arm64 Compiling CodingUserInfoKey+ParsingOptions.swift, DataTaskFactory.swift, DescribedError.swift, DispatchQueue+Static.swift, ExecutionSerializer.swift, Schemas+Description.swift, JSONRequest.swift, JSONResponseErrorDecoder.swift, KeyedDecodingContainer+ParsingOptions.swift (in target 'OpenAI' from project 'OpenAI')

SwiftCompile normal arm64 Compiling\ DeleteModelResponseQuery.swift,\ DeleteModelResponseResult.swift,\ GetModelResponseQuery.swift,\ ResponseEvent.swift,\ ResponseObject.swift,\ RunResult.swift,\ RunRetrieveQuery.swift,\ RunRetrieveStepsResult.swift /Users/steipete/Library/Developer/Xcode/DerivedData/CodeLooper-crrddjihwjtfkwegrjrymctnfixv/SourcePackages/checkouts/OpenAI/Sources/OpenAI/Public/Models/Responses/DeleteModelResponseQuery.swift /Users/steipete/Library/Developer/Xcode/DerivedData/CodeLooper-crrddjihwjtfkwegrjrymctnfixv/SourcePackages/checkouts/OpenAI/Sources/OpenAI/Public/Models/Responses/DeleteModelResponseResult.swift /Users/steipete/Library/Developer/Xcode/DerivedData/CodeLooper-crrddjihwjtfkwegrjrymctnfixv/SourcePackages/checkouts/OpenAI/Sources/OpenAI/Public/Models/Responses/GetModelResponseQuery.swift /Users/steipete/Library/Developer/Xcode/DerivedData/CodeLooper-crrddjihwjtfkwegrjrymctnfixv/SourcePackages/checkouts/OpenAI/Sources/OpenAI/Public/Models/Responses/ResponseEvent.swift /Users/steipete/Library/Developer/Xcode/DerivedData/CodeLooper-crrddjihwjtfkwegrjrymctnfixv/SourcePackages/checkouts/OpenAI/Sources/OpenAI/Public/Models/Responses/ResponseObject.swift /Users/steipete/Library/Developer/Xcode/DerivedData/CodeLooper-crrddjihwjtfkwegrjrymctnfixv/SourcePackages/checkouts/OpenAI/Sources/OpenAI/Public/Models/RunResult.swift /Users/steipete/Library/Developer/Xcode/DerivedData/CodeLooper-crrddjihwjtfkwegrjrymctnfixv/SourcePackages/checkouts/OpenAI/Sources/OpenAI/Public/Models/RunRetrieveQuery.swift /Users/steipete/Library/Developer/Xcode/DerivedData/CodeLooper-crrddjihwjtfkwegrjrymctnfixv/SourcePackages/checkouts/OpenAI/Sources/OpenAI/Public/Models/RunRetrieveStepsResult.swift (in target 'OpenAI' from project 'OpenAI')

SwiftCompile normal arm64 /Users/steipete/Library/Developer/Xcode/DerivedData/CodeLooper-crrddjihwjtfkwegrjrymctnfixv/SourcePackages/checkouts/OpenAI/Sources/OpenAI/Public/Models/Responses/DeleteModelResponseQuery.swift (in target 'OpenAI' from project 'OpenAI')
    cd /Users/steipete/Projects/CodeLooper
    

SwiftCompile normal arm64 /Users/steipete/Library/Developer/Xcode/DerivedData/CodeLooper-crrddjihwjtfkwegrjrymctnfixv/SourcePackages/checkouts/OpenAI/Sources/OpenAI/Public/Models/Responses/DeleteModelResponseResult.swift (in target 'OpenAI' from project 'OpenAI')
    cd /Users/steipete/Projects/CodeLooper
    

SwiftCompile normal arm64 /Users/steipete/Library/Developer/Xcode/DerivedData/CodeLooper-crrddjihwjtfkwegrjrymctnfixv/SourcePackages/checkouts/OpenAI/Sources/OpenAI/Public/Models/Responses/GetModelResponseQuery.swift (in target 'OpenAI' from project 'OpenAI')
    cd /Users/steipete/Projects/CodeLooper
    

SwiftCompile normal arm64 /Users/steipete/Library/Developer/Xcode/DerivedData/CodeLooper-crrddjihwjtfkwegrjrymctnfixv/SourcePackages/checkouts/OpenAI/Sources/OpenAI/Public/Models/Responses/ResponseEvent.swift (in target 'OpenAI' from project 'OpenAI')
    cd /Users/steipete/Projects/CodeLooper
    

SwiftCompile normal arm64 /Users/steipete/Library/Developer/Xcode/DerivedData/CodeLooper-crrddjihwjtfkwegrjrymctnfixv/SourcePackages/checkouts/OpenAI/Sources/OpenAI/Public/Models/Responses/ResponseObject.swift (in target 'OpenAI' from project 'OpenAI')
    cd /Users/steipete/Projects/CodeLooper
    

SwiftCompile normal arm64 /Users/steipete/Library/Developer/Xcode/DerivedData/CodeLooper-crrddjihwjtfkwegrjrymctnfixv/SourcePackages/checkouts/OpenAI/Sources/OpenAI/Public/Models/RunResult.swift (in target 'OpenAI' from project 'OpenAI')
    cd /Users/steipete/Projects/CodeLooper
    

SwiftCompile normal arm64 /Users/steipete/Library/Developer/Xcode/DerivedData/CodeLooper-crrddjihwjtfkwegrjrymctnfixv/SourcePackages/checkouts/OpenAI/Sources/OpenAI/Public/Models/RunRetrieveQuery.swift (in target 'OpenAI' from project 'OpenAI')
    cd /Users/steipete/Projects/CodeLooper
    

SwiftCompile normal arm64 /Users/steipete/Library/Developer/Xcode/DerivedData/CodeLooper-crrddjihwjtfkwegrjrymctnfixv/SourcePackages/checkouts/OpenAI/Sources/OpenAI/Public/Models/RunRetrieveStepsResult.swift (in target 'OpenAI' from project 'OpenAI')
    cd /Users/steipete/Projects/CodeLooper
    

SwiftMergeGeneratedHeaders /Users/steipete/Library/Developer/Xcode/DerivedData/CodeLooper-crrddjihwjtfkwegrjrymctnfixv/Build/Intermediates.noindex/GeneratedModuleMaps/AXpector-Swift.h /Users/steipete/Library/Developer/Xcode/DerivedData/CodeLooper-crrddjihwjtfkwegrjrymctnfixv/Build/Intermediates.noindex/AXpector.build/Debug/AXpector.build/Objects-normal/arm64/AXpector-Swift.h (in target 'AXpector' from project 'AXpector')
    cd /Users/steipete/Projects/CodeLooper/AXpector
    builtin-swiftHeaderTool -arch arm64 /Users/steipete/Library/Developer/Xcode/DerivedData/CodeLooper-crrddjihwjtfkwegrjrymctnfixv/Build/Intermediates.noindex/AXpector.build/Debug/AXpector.build/Objects-normal/arm64/AXpector-Swift.h -o /Users/steipete/Library/Developer/Xcode/DerivedData/CodeLooper-crrddjihwjtfkwegrjrymctnfixv/Build/Intermediates.noindex/GeneratedModuleMaps/AXpector-Swift.h

SwiftDriverJobDiscovery normal arm64 Compiling AsyncCombineLatest3Sequence.swift, CombineLatestStateMachine.swift, CombineLatestStorage.swift (in target 'AsyncAlgorithms' from project 'swift-async-algorithms')

Copy /Users/steipete/Library/Developer/Xcode/DerivedData/CodeLooper-crrddjihwjtfkwegrjrymctnfixv/Build/Products/Debug/AXpector.swiftmodule/arm64-apple-macos.swiftmodule /Users/steipete/Library/Developer/Xcode/DerivedData/CodeLooper-crrddjihwjtfkwegrjrymctnfixv/Build/Intermediates.noindex/AXpector.build/Debug/AXpector.build/Objects-normal/arm64/AXpector.swiftmodule (in target 'AXpector' from project 'AXpector')
    cd /Users/steipete/Projects/CodeLooper/AXpector
    builtin-copy -exclude .DS_Store -exclude CVS -exclude .svn -exclude .git -exclude .hg -resolve-src-symlinks -rename /Users/steipete/Library/Developer/Xcode/DerivedData/CodeLooper-crrddjihwjtfkwegrjrymctnfixv/Build/Intermediates.noindex/AXpector.build/Debug/AXpector.build/Objects-normal/arm64/AXpector.swiftmodule /Users/steipete/Library/Developer/Xcode/DerivedData/CodeLooper-crrddjihwjtfkwegrjrymctnfixv/Build/Products/Debug/AXpector.swiftmodule/arm64-apple-macos.swiftmodule

Copy /Users/steipete/Library/Developer/Xcode/DerivedData/CodeLooper-crrddjihwjtfkwegrjrymctnfixv/Build/Products/Debug/AXpector.swiftmodule/arm64-apple-macos.swiftdoc /Users/steipete/Library/Developer/Xcode/DerivedData/CodeLooper-crrddjihwjtfkwegrjrymctnfixv/Build/Intermediates.noindex/AXpector.build/Debug/AXpector.build/Objects-normal/arm64/AXpector.swiftdoc (in target 'AXpector' from project 'AXpector')
    cd /Users/steipete/Projects/CodeLooper/AXpector
    builtin-copy -exclude .DS_Store -exclude CVS -exclude .svn -exclude .git -exclude .hg -resolve-src-symlinks -rename /Users/steipete/Library/Developer/Xcode/DerivedData/CodeLooper-crrddjihwjtfkwegrjrymctnfixv/Build/Intermediates.noindex/AXpector.build/Debug/AXpector.build/Objects-normal/arm64/AXpector.swiftdoc /Users/steipete/Library/Developer/Xcode/DerivedData/CodeLooper-crrddjihwjtfkwegrjrymctnfixv/Build/Products/Debug/AXpector.swiftmodule/arm64-apple-macos.swiftdoc

Copy /Users/steipete/Library/Developer/Xcode/DerivedData/CodeLooper-crrddjihwjtfkwegrjrymctnfixv/Build/Products/Debug/AXpector.swiftmodule/arm64-apple-macos.abi.json /Users/steipete/Library/Developer/Xcode/DerivedData/CodeLooper-crrddjihwjtfkwegrjrymctnfixv/Build/Intermediates.noindex/AXpector.build/Debug/AXpector.build/Objects-normal/arm64/AXpector.abi.json (in target 'AXpector' from project 'AXpector')
    cd /Users/steipete/Projects/CodeLooper/AXpector
    builtin-copy -exclude .DS_Store -exclude CVS -exclude .svn -exclude .git -exclude .hg -resolve-src-symlinks -rename /Users/steipete/Library/Developer/Xcode/DerivedData/CodeLooper-crrddjihwjtfkwegrjrymctnfixv/Build/Intermediates.noindex/AXpector.build/Debug/AXpector.build/Objects-normal/arm64/AXpector.abi.json /Users/steipete/Library/Developer/Xcode/DerivedData/CodeLooper-crrddjihwjtfkwegrjrymctnfixv/Build/Products/Debug/AXpector.swiftmodule/arm64-apple-macos.abi.json

Copy /Users/steipete/Library/Developer/Xcode/DerivedData/CodeLooper-crrddjihwjtfkwegrjrymctnfixv/Build/Products/Debug/AXpector.swiftmodule/Project/arm64-apple-macos.swiftsourceinfo /Users/steipete/Library/Developer/Xcode/DerivedData/CodeLooper-crrddjihwjtfkwegrjrymctnfixv/Build/Intermediates.noindex/AXpector.build/Debug/AXpector.build/Objects-normal/arm64/AXpector.swiftsourceinfo (in target 'AXpector' from project 'AXpector')
    cd /Users/steipete/Projects/CodeLooper/AXpector
    builtin-copy -exclude .DS_Store -exclude CVS -exclude .svn -exclude .git -exclude .hg -resolve-src-symlinks -rename /Users/steipete/Library/Developer/Xcode/DerivedData/CodeLooper-crrddjihwjtfkwegrjrymctnfixv/Build/Intermediates.noindex/AXpector.build/Debug/AXpector.build/Objects-normal/arm64/AXpector.swiftsourceinfo /Users/steipete/Library/Developer/Xcode/DerivedData/CodeLooper-crrddjihwjtfkwegrjrymctnfixv/Build/Products/Debug/AXpector.swiftmodule/Project/arm64-apple-macos.swiftsourceinfo

SwiftCompile normal arm64 Compiling\ AnyJSONDocument.swift,\ AnyJSONSchema.swift,\ JSONDocument.swift,\ JSONSchema.swift,\ JSONSchemaField.swift,\ JSONSchemaInstanceType.swift,\ AssistantResult.swift,\ AssistantsQuery.swift /Users/steipete/Library/Developer/Xcode/DerivedData/CodeLooper-crrddjihwjtfkwegrjrymctnfixv/SourcePackages/checkouts/OpenAI/Sources/OpenAI/Public/JSONSchema/AnyJSONDocument.swift /Users/steipete/Library/Developer/Xcode/DerivedData/CodeLooper-crrddjihwjtfkwegrjrymctnfixv/SourcePackages/checkouts/OpenAI/Sources/OpenAI/Public/JSONSchema/AnyJSONSchema.swift /Users/steipete/Library/Developer/Xcode/DerivedData/CodeLooper-crrddjihwjtfkwegrjrymctnfixv/SourcePackages/checkouts/OpenAI/Sources/OpenAI/Public/JSONSchema/JSONDocument.swift /Users/steipete/Library/Developer/Xcode/DerivedData/CodeLooper-crrddjihwjtfkwegrjrymctnfixv/SourcePackages/checkouts/OpenAI/Sources/OpenAI/Public/JSONSchema/JSONSchema.swift /Users/steipete/Library/Developer/Xcode/DerivedData/CodeLooper-crrddjihwjtfkwegrjrymctnfixv/SourcePackages/checkouts/OpenAI/Sources/OpenAI/Public/JSONSchema/JSONSchemaField.swift /Users/steipete/Library/Developer/Xcode/DerivedData/CodeLooper-crrddjihwjtfkwegrjrymctnfixv/SourcePackages/checkouts/OpenAI/Sources/OpenAI/Public/JSONSchema/JSONSchemaInstanceType.swift /Users/steipete/Library/Developer/Xcode/DerivedData/CodeLooper-crrddjihwjtfkwegrjrymctnfixv/SourcePackages/checkouts/OpenAI/Sources/OpenAI/Public/Models/AssistantResult.swift /Users/steipete/Library/Developer/Xcode/DerivedData/CodeLooper-crrddjihwjtfkwegrjrymctnfixv/SourcePackages/checkouts/OpenAI/Sources/OpenAI/Public/Models/AssistantsQuery.swift (in target 'OpenAI' from project 'OpenAI')

SwiftCompile normal arm64 /Users/steipete/Library/Developer/Xcode/DerivedData/CodeLooper-crrddjihwjtfkwegrjrymctnfixv/SourcePackages/checkouts/OpenAI/Sources/OpenAI/Public/JSONSchema/AnyJSONDocument.swift (in target 'OpenAI' from project 'OpenAI')
    cd /Users/steipete/Projects/CodeLooper
    

SwiftCompile normal arm64 /Users/steipete/Library/Developer/Xcode/DerivedData/CodeLooper-crrddjihwjtfkwegrjrymctnfixv/SourcePackages/checkouts/OpenAI/Sources/OpenAI/Public/JSONSchema/AnyJSONSchema.swift (in target 'OpenAI' from project 'OpenAI')
    cd /Users/steipete/Projects/CodeLooper
    

SwiftCompile normal arm64 /Users/steipete/Library/Developer/Xcode/DerivedData/CodeLooper-crrddjihwjtfkwegrjrymctnfixv/SourcePackages/checkouts/OpenAI/Sources/OpenAI/Public/JSONSchema/JSONDocument.swift (in target 'OpenAI' from project 'OpenAI')
    cd /Users/steipete/Projects/CodeLooper
    

SwiftCompile normal arm64 /Users/steipete/Library/Developer/Xcode/DerivedData/CodeLooper-crrddjihwjtfkwegrjrymctnfixv/SourcePackages/checkouts/OpenAI/Sources/OpenAI/Public/JSONSchema/JSONSchema.swift (in target 'OpenAI' from project 'OpenAI')
    cd /Users/steipete/Projects/CodeLooper
    

SwiftCompile normal arm64 /Users/steipete/Library/Developer/Xcode/DerivedData/CodeLooper-crrddjihwjtfkwegrjrymctnfixv/SourcePackages/checkouts/OpenAI/Sources/OpenAI/Public/JSONSchema/JSONSchemaField.swift (in target 'OpenAI' from project 'OpenAI')
    cd /Users/steipete/Projects/CodeLooper
    

SwiftCompile normal arm64 /Users/steipete/Library/Developer/Xcode/DerivedData/CodeLooper-crrddjihwjtfkwegrjrymctnfixv/SourcePackages/checkouts/OpenAI/Sources/OpenAI/Public/JSONSchema/JSONSchemaInstanceType.swift (in target 'OpenAI' from project 'OpenAI')
    cd /Users/steipete/Projects/CodeLooper
    

SwiftCompile normal arm64 /Users/steipete/Library/Developer/Xcode/DerivedData/CodeLooper-crrddjihwjtfkwegrjrymctnfixv/SourcePackages/checkouts/OpenAI/Sources/OpenAI/Public/Models/AssistantResult.swift (in target 'OpenAI' from project 'OpenAI')
    cd /Users/steipete/Projects/CodeLooper
    

SwiftCompile normal arm64 /Users/steipete/Library/Developer/Xcode/DerivedData/CodeLooper-crrddjihwjtfkwegrjrymctnfixv/SourcePackages/checkouts/OpenAI/Sources/OpenAI/Public/Models/AssistantsQuery.swift (in target 'OpenAI' from project 'OpenAI')
    cd /Users/steipete/Projects/CodeLooper
    

SwiftCompile normal arm64 Compiling\ ByteBuffer-quicBinaryEncodingStrategy.swift,\ ByteBuffer-views.swift,\ Channel.swift,\ ChannelHandler.swift /Users/steipete/Library/Developer/Xcode/DerivedData/CodeLooper-crrddjihwjtfkwegrjrymctnfixv/SourcePackages/checkouts/swift-nio/Sources/NIOCore/ByteBuffer-quicBinaryEncodingStrategy.swift /Users/steipete/Library/Developer/Xcode/DerivedData/CodeLooper-crrddjihwjtfkwegrjrymctnfixv/SourcePackages/checkouts/swift-nio/Sources/NIOCore/ByteBuffer-views.swift /Users/steipete/Library/Developer/Xcode/DerivedData/CodeLooper-crrddjihwjtfkwegrjrymctnfixv/SourcePackages/checkouts/swift-nio/Sources/NIOCore/Channel.swift /Users/steipete/Library/Developer/Xcode/DerivedData/CodeLooper-crrddjihwjtfkwegrjrymctnfixv/SourcePackages/checkouts/swift-nio/Sources/NIOCore/ChannelHandler.swift (in target 'NIOCore' from project 'swift-nio')

SwiftCompile normal arm64 /Users/steipete/Library/Developer/Xcode/DerivedData/CodeLooper-crrddjihwjtfkwegrjrymctnfixv/SourcePackages/checkouts/swift-nio/Sources/NIOCore/ByteBuffer-quicBinaryEncodingStrategy.swift (in target 'NIOCore' from project 'swift-nio')
    cd /Users/steipete/Projects/CodeLooper
    

SwiftCompile normal arm64 /Users/steipete/Library/Developer/Xcode/DerivedData/CodeLooper-crrddjihwjtfkwegrjrymctnfixv/SourcePackages/checkouts/swift-nio/Sources/NIOCore/ByteBuffer-views.swift (in target 'NIOCore' from project 'swift-nio')
    cd /Users/steipete/Projects/CodeLooper
    

SwiftCompile normal arm64 /Users/steipete/Library/Developer/Xcode/DerivedData/CodeLooper-crrddjihwjtfkwegrjrymctnfixv/SourcePackages/checkouts/swift-nio/Sources/NIOCore/Channel.swift (in target 'NIOCore' from project 'swift-nio')
    cd /Users/steipete/Projects/CodeLooper
    

SwiftCompile normal arm64 /Users/steipete/Library/Developer/Xcode/DerivedData/CodeLooper-crrddjihwjtfkwegrjrymctnfixv/SourcePackages/checkouts/swift-nio/Sources/NIOCore/ChannelHandler.swift (in target 'NIOCore' from project 'swift-nio')
    cd /Users/steipete/Projects/CodeLooper
    

SwiftDriverJobDiscovery normal arm64 Compiling SessionInvalidator.swift, StreamingError.swift, StreamingSession.swift, URLBuilder.swift, URLComponents+.swift, URLRequestBuildable.swift, URLSessionCombine.swift, URLSessionDataDelegateForwarder.swift, URLSessionDataTaskProtocol.swift (in target 'OpenAI' from project 'OpenAI')

SwiftCompile normal arm64 Compiling\ FileDescriptor.swift,\ FileHandle.swift,\ FileRegion.swift,\ GlobalSingletons.swift /Users/steipete/Library/Developer/Xcode/DerivedData/CodeLooper-crrddjihwjtfkwegrjrymctnfixv/SourcePackages/checkouts/swift-nio/Sources/NIOCore/FileDescriptor.swift /Users/steipete/Library/Developer/Xcode/DerivedData/CodeLooper-crrddjihwjtfkwegrjrymctnfixv/SourcePackages/checkouts/swift-nio/Sources/NIOCore/FileHandle.swift /Users/steipete/Library/Developer/Xcode/DerivedData/CodeLooper-crrddjihwjtfkwegrjrymctnfixv/SourcePackages/checkouts/swift-nio/Sources/NIOCore/FileRegion.swift /Users/steipete/Library/Developer/Xcode/DerivedData/CodeLooper-crrddjihwjtfkwegrjrymctnfixv/SourcePackages/checkouts/swift-nio/Sources/NIOCore/GlobalSingletons.swift (in target 'NIOCore' from project 'swift-nio')

SwiftCompile normal arm64 /Users/steipete/Library/Developer/Xcode/DerivedData/CodeLooper-crrddjihwjtfkwegrjrymctnfixv/SourcePackages/checkouts/swift-nio/Sources/NIOCore/FileDescriptor.swift (in target 'NIOCore' from project 'swift-nio')
    cd /Users/steipete/Projects/CodeLooper
    

SwiftCompile normal arm64 /Users/steipete/Library/Developer/Xcode/DerivedData/CodeLooper-crrddjihwjtfkwegrjrymctnfixv/SourcePackages/checkouts/swift-nio/Sources/NIOCore/FileHandle.swift (in target 'NIOCore' from project 'swift-nio')
    cd /Users/steipete/Projects/CodeLooper
    

SwiftCompile normal arm64 /Users/steipete/Library/Developer/Xcode/DerivedData/CodeLooper-crrddjihwjtfkwegrjrymctnfixv/SourcePackages/checkouts/swift-nio/Sources/NIOCore/FileRegion.swift (in target 'NIOCore' from project 'swift-nio')
    cd /Users/steipete/Projects/CodeLooper
    

SwiftCompile normal arm64 /Users/steipete/Library/Developer/Xcode/DerivedData/CodeLooper-crrddjihwjtfkwegrjrymctnfixv/SourcePackages/checkouts/swift-nio/Sources/NIOCore/GlobalSingletons.swift (in target 'NIOCore' from project 'swift-nio')
    cd /Users/steipete/Projects/CodeLooper
    

SwiftDriverJobDiscovery normal arm64 Compiling MultipartFormDataBodyBuilder.swift, MultipartFormDataBodyEncodable.swift, MultipartFormDataEntry.swift, MultipartFormDataRequest.swift, OpenAI+MakeRequest.swift, SSLDelegateProtocol.swift, SendablePassthroughSubject.swift, StreamableQuery.swift, AudioSpeechStreamInterpreter.swift (in target 'OpenAI' from project 'OpenAI')

SwiftCompile normal arm64 Compiling\ BSDSocketAPI.swift,\ ByteBuffer-aux.swift,\ ByteBuffer-binaryEncodedLengthPrefix.swift,\ ByteBuffer-conversions.swift,\ ByteBuffer-core.swift /Users/steipete/Library/Developer/Xcode/DerivedData/CodeLooper-crrddjihwjtfkwegrjrymctnfixv/SourcePackages/checkouts/swift-nio/Sources/NIOCore/BSDSocketAPI.swift /Users/steipete/Library/Developer/Xcode/DerivedData/CodeLooper-crrddjihwjtfkwegrjrymctnfixv/SourcePackages/checkouts/swift-nio/Sources/NIOCore/ByteBuffer-aux.swift /Users/steipete/Library/Developer/Xcode/DerivedData/CodeLooper-crrddjihwjtfkwegrjrymctnfixv/SourcePackages/checkouts/swift-nio/Sources/NIOCore/ByteBuffer-binaryEncodedLengthPrefix.swift /Users/steipete/Library/Developer/Xcode/DerivedData/CodeLooper-crrddjihwjtfkwegrjrymctnfixv/SourcePackages/checkouts/swift-nio/Sources/NIOCore/ByteBuffer-conversions.swift /Users/steipete/Library/Developer/Xcode/DerivedData/CodeLooper-crrddjihwjtfkwegrjrymctnfixv/SourcePackages/checkouts/swift-nio/Sources/NIOCore/ByteBuffer-core.swift (in target 'NIOCore' from project 'swift-nio')

SwiftCompile normal arm64 /Users/steipete/Library/Developer/Xcode/DerivedData/CodeLooper-crrddjihwjtfkwegrjrymctnfixv/SourcePackages/checkouts/swift-nio/Sources/NIOCore/BSDSocketAPI.swift (in target 'NIOCore' from project 'swift-nio')
    cd /Users/steipete/Projects/CodeLooper
    

SwiftCompile normal arm64 /Users/steipete/Library/Developer/Xcode/DerivedData/CodeLooper-crrddjihwjtfkwegrjrymctnfixv/SourcePackages/checkouts/swift-nio/Sources/NIOCore/ByteBuffer-aux.swift (in target 'NIOCore' from project 'swift-nio')
    cd /Users/steipete/Projects/CodeLooper
    

SwiftCompile normal arm64 /Users/steipete/Library/Developer/Xcode/DerivedData/CodeLooper-crrddjihwjtfkwegrjrymctnfixv/SourcePackages/checkouts/swift-nio/Sources/NIOCore/ByteBuffer-binaryEncodedLengthPrefix.swift (in target 'NIOCore' from project 'swift-nio')
    cd /Users/steipete/Projects/CodeLooper
    

SwiftCompile normal arm64 /Users/steipete/Library/Developer/Xcode/DerivedData/CodeLooper-crrddjihwjtfkwegrjrymctnfixv/SourcePackages/checkouts/swift-nio/Sources/NIOCore/ByteBuffer-conversions.swift (in target 'NIOCore' from project 'swift-nio')
    cd /Users/steipete/Projects/CodeLooper
    

SwiftCompile normal arm64 /Users/steipete/Library/Developer/Xcode/DerivedData/CodeLooper-crrddjihwjtfkwegrjrymctnfixv/SourcePackages/checkouts/swift-nio/Sources/NIOCore/ByteBuffer-core.swift (in target 'NIOCore' from project 'swift-nio')
    cd /Users/steipete/Projects/CodeLooper
    

SwiftDriverJobDiscovery normal arm64 Compiling FunctionDeclaration.swift, ImageEditsQuery.swift, ImageVariationsQuery.swift, ImagesQuery.swift, ImagesResult.swift, JSONSchemaConvertible.swift, JSONSchemaEnumConvertible.swift, MessageQuery.swift (in target 'OpenAI' from project 'OpenAI')

SwiftCompile normal arm64 Compiling\ AddressedEnvelope.swift,\ AsyncAwaitSupport.swift,\ AsyncChannel.swift,\ AsyncChannelHandler.swift,\ AsyncChannelInboundStream.swift /Users/steipete/Library/Developer/Xcode/DerivedData/CodeLooper-crrddjihwjtfkwegrjrymctnfixv/SourcePackages/checkouts/swift-nio/Sources/NIOCore/AddressedEnvelope.swift /Users/steipete/Library/Developer/Xcode/DerivedData/CodeLooper-crrddjihwjtfkwegrjrymctnfixv/SourcePackages/checkouts/swift-nio/Sources/NIOCore/AsyncAwaitSupport.swift /Users/steipete/Library/Developer/Xcode/DerivedData/CodeLooper-crrddjihwjtfkwegrjrymctnfixv/SourcePackages/checkouts/swift-nio/Sources/NIOCore/AsyncChannel/AsyncChannel.swift /Users/steipete/Library/Developer/Xcode/DerivedData/CodeLooper-crrddjihwjtfkwegrjrymctnfixv/SourcePackages/checkouts/swift-nio/Sources/NIOCore/AsyncChannel/AsyncChannelHandler.swift /Users/steipete/Library/Developer/Xcode/DerivedData/CodeLooper-crrddjihwjtfkwegrjrymctnfixv/SourcePackages/checkouts/swift-nio/Sources/NIOCore/AsyncChannel/AsyncChannelInboundStream.swift (in target 'NIOCore' from project 'swift-nio')

SwiftCompile normal arm64 /Users/steipete/Library/Developer/Xcode/DerivedData/CodeLooper-crrddjihwjtfkwegrjrymctnfixv/SourcePackages/checkouts/swift-nio/Sources/NIOCore/AddressedEnvelope.swift (in target 'NIOCore' from project 'swift-nio')
    cd /Users/steipete/Projects/CodeLooper
    

SwiftCompile normal arm64 /Users/steipete/Library/Developer/Xcode/DerivedData/CodeLooper-crrddjihwjtfkwegrjrymctnfixv/SourcePackages/checkouts/swift-nio/Sources/NIOCore/AsyncAwaitSupport.swift (in target 'NIOCore' from project 'swift-nio')
    cd /Users/steipete/Projects/CodeLooper
    

SwiftCompile normal arm64 /Users/steipete/Library/Developer/Xcode/DerivedData/CodeLooper-crrddjihwjtfkwegrjrymctnfixv/SourcePackages/checkouts/swift-nio/Sources/NIOCore/AsyncChannel/AsyncChannel.swift (in target 'NIOCore' from project 'swift-nio')
    cd /Users/steipete/Projects/CodeLooper
    

SwiftCompile normal arm64 /Users/steipete/Library/Developer/Xcode/DerivedData/CodeLooper-crrddjihwjtfkwegrjrymctnfixv/SourcePackages/checkouts/swift-nio/Sources/NIOCore/AsyncChannel/AsyncChannelHandler.swift (in target 'NIOCore' from project 'swift-nio')
    cd /Users/steipete/Projects/CodeLooper
    

SwiftCompile normal arm64 /Users/steipete/Library/Developer/Xcode/DerivedData/CodeLooper-crrddjihwjtfkwegrjrymctnfixv/SourcePackages/checkouts/swift-nio/Sources/NIOCore/AsyncChannel/AsyncChannelInboundStream.swift (in target 'NIOCore' from project 'swift-nio')
    cd /Users/steipete/Projects/CodeLooper
    

SwiftDriverJobDiscovery normal arm64 Compiling RunToolOutputsQuery.swift, RunsQuery.swift, ThreadAddMessagesResult.swift, ThreadRunQuery.swift, ThreadsMessagesResult.swift, ThreadsQuery.swift, ThreadsResult.swift, CancellableRequest.swift (in target 'OpenAI' from project 'OpenAI')

SwiftCompile normal arm64 Compiling\ IO.swift,\ IOData.swift,\ IPProtocol.swift,\ IntegerBitPacking.swift /Users/steipete/Library/Developer/Xcode/DerivedData/CodeLooper-crrddjihwjtfkwegrjrymctnfixv/SourcePackages/checkouts/swift-nio/Sources/NIOCore/IO.swift /Users/steipete/Library/Developer/Xcode/DerivedData/CodeLooper-crrddjihwjtfkwegrjrymctnfixv/SourcePackages/checkouts/swift-nio/Sources/NIOCore/IOData.swift /Users/steipete/Library/Developer/Xcode/DerivedData/CodeLooper-crrddjihwjtfkwegrjrymctnfixv/SourcePackages/checkouts/swift-nio/Sources/NIOCore/IPProtocol.swift /Users/steipete/Library/Developer/Xcode/DerivedData/CodeLooper-crrddjihwjtfkwegrjrymctnfixv/SourcePackages/checkouts/swift-nio/Sources/NIOCore/IntegerBitPacking.swift (in target 'NIOCore' from project 'swift-nio')

SwiftCompile normal arm64 /Users/steipete/Library/Developer/Xcode/DerivedData/CodeLooper-crrddjihwjtfkwegrjrymctnfixv/SourcePackages/checkouts/swift-nio/Sources/NIOCore/IO.swift (in target 'NIOCore' from project 'swift-nio')
    cd /Users/steipete/Projects/CodeLooper
    

SwiftCompile normal arm64 /Users/steipete/Library/Developer/Xcode/DerivedData/CodeLooper-crrddjihwjtfkwegrjrymctnfixv/SourcePackages/checkouts/swift-nio/Sources/NIOCore/IOData.swift (in target 'NIOCore' from project 'swift-nio')
    cd /Users/steipete/Projects/CodeLooper
    

SwiftCompile normal arm64 /Users/steipete/Library/Developer/Xcode/DerivedData/CodeLooper-crrddjihwjtfkwegrjrymctnfixv/SourcePackages/checkouts/swift-nio/Sources/NIOCore/IPProtocol.swift (in target 'NIOCore' from project 'swift-nio')
    cd /Users/steipete/Projects/CodeLooper
    

SwiftCompile normal arm64 /Users/steipete/Library/Developer/Xcode/DerivedData/CodeLooper-crrddjihwjtfkwegrjrymctnfixv/SourcePackages/checkouts/swift-nio/Sources/NIOCore/IntegerBitPacking.swift (in target 'NIOCore' from project 'swift-nio')
    cd /Users/steipete/Projects/CodeLooper
    

SwiftCompile normal arm64 Compiling\ DispatchQueue+WithFuture.swift,\ EventLoop+Deprecated.swift,\ EventLoop+SerialExecutor.swift,\ EventLoop.swift /Users/steipete/Library/Developer/Xcode/DerivedData/CodeLooper-crrddjihwjtfkwegrjrymctnfixv/SourcePackages/checkouts/swift-nio/Sources/NIOCore/DispatchQueue+WithFuture.swift /Users/steipete/Library/Developer/Xcode/DerivedData/CodeLooper-crrddjihwjtfkwegrjrymctnfixv/SourcePackages/checkouts/swift-nio/Sources/NIOCore/EventLoop+Deprecated.swift /Users/steipete/Library/Developer/Xcode/DerivedData/CodeLooper-crrddjihwjtfkwegrjrymctnfixv/SourcePackages/checkouts/swift-nio/Sources/NIOCore/EventLoop+SerialExecutor.swift /Users/steipete/Library/Developer/Xcode/DerivedData/CodeLooper-crrddjihwjtfkwegrjrymctnfixv/SourcePackages/checkouts/swift-nio/Sources/NIOCore/EventLoop.swift (in target 'NIOCore' from project 'swift-nio')

SwiftCompile normal arm64 /Users/steipete/Library/Developer/Xcode/DerivedData/CodeLooper-crrddjihwjtfkwegrjrymctnfixv/SourcePackages/checkouts/swift-nio/Sources/NIOCore/DispatchQueue+WithFuture.swift (in target 'NIOCore' from project 'swift-nio')
    cd /Users/steipete/Projects/CodeLooper
    

SwiftCompile normal arm64 /Users/steipete/Library/Developer/Xcode/DerivedData/CodeLooper-crrddjihwjtfkwegrjrymctnfixv/SourcePackages/checkouts/swift-nio/Sources/NIOCore/EventLoop+Deprecated.swift (in target 'NIOCore' from project 'swift-nio')
    cd /Users/steipete/Projects/CodeLooper
    

SwiftCompile normal arm64 /Users/steipete/Library/Developer/Xcode/DerivedData/CodeLooper-crrddjihwjtfkwegrjrymctnfixv/SourcePackages/checkouts/swift-nio/Sources/NIOCore/EventLoop+SerialExecutor.swift (in target 'NIOCore' from project 'swift-nio')
    cd /Users/steipete/Projects/CodeLooper
    

SwiftCompile normal arm64 /Users/steipete/Library/Developer/Xcode/DerivedData/CodeLooper-crrddjihwjtfkwegrjrymctnfixv/SourcePackages/checkouts/swift-nio/Sources/NIOCore/EventLoop.swift (in target 'NIOCore' from project 'swift-nio')
    cd /Users/steipete/Projects/CodeLooper
    

SwiftDriverJobDiscovery normal arm64 Compiling CodableResultStreamInterpreter.swift, DataTaskPerformingURLSession.swift, InvalidatableSession.swift, ModelResponseEventsStreamInterpreter.swift, ModelResponseStreamEventType.swift, PerformableSession.swift, ServerSentEventsStreamInterpreter.swift, ServerSentEventsStreamParser.swift, ServerSentEventsStreamingSessionFactory.swift (in target 'OpenAI' from project 'OpenAI')

SwiftDriverJobDiscovery normal arm64 Compiling EasyInputMessage.swift, FunctionTool.swift, InputContent.swift, InputImage.swift, InputItem.swift, ResponseOutputItemAddedEvent.swift, ResponseOutputItemDoneEvent.swift, Tool.swift (in target 'OpenAI' from project 'OpenAI')

SwiftCompile normal arm64 Compiling\ EventLoopFuture+AssumeIsolated.swift,\ EventLoopFuture+Deprecated.swift,\ EventLoopFuture+WithEventLoop.swift,\ EventLoopFuture.swift /Users/steipete/Library/Developer/Xcode/DerivedData/CodeLooper-crrddjihwjtfkwegrjrymctnfixv/SourcePackages/checkouts/swift-nio/Sources/NIOCore/EventLoopFuture+AssumeIsolated.swift /Users/steipete/Library/Developer/Xcode/DerivedData/CodeLooper-crrddjihwjtfkwegrjrymctnfixv/SourcePackages/checkouts/swift-nio/Sources/NIOCore/EventLoopFuture+Deprecated.swift /Users/steipete/Library/Developer/Xcode/DerivedData/CodeLooper-crrddjihwjtfkwegrjrymctnfixv/SourcePackages/checkouts/swift-nio/Sources/NIOCore/EventLoopFuture+WithEventLoop.swift /Users/steipete/Library/Developer/Xcode/DerivedData/CodeLooper-crrddjihwjtfkwegrjrymctnfixv/SourcePackages/checkouts/swift-nio/Sources/NIOCore/EventLoopFuture.swift (in target 'NIOCore' from project 'swift-nio')

SwiftCompile normal arm64 /Users/steipete/Library/Developer/Xcode/DerivedData/CodeLooper-crrddjihwjtfkwegrjrymctnfixv/SourcePackages/checkouts/swift-nio/Sources/NIOCore/EventLoopFuture+AssumeIsolated.swift (in target 'NIOCore' from project 'swift-nio')
    cd /Users/steipete/Projects/CodeLooper
    

SwiftCompile normal arm64 /Users/steipete/Library/Developer/Xcode/DerivedData/CodeLooper-crrddjihwjtfkwegrjrymctnfixv/SourcePackages/checkouts/swift-nio/Sources/NIOCore/EventLoopFuture+Deprecated.swift (in target 'NIOCore' from project 'swift-nio')
    cd /Users/steipete/Projects/CodeLooper
    

SwiftCompile normal arm64 /Users/steipete/Library/Developer/Xcode/DerivedData/CodeLooper-crrddjihwjtfkwegrjrymctnfixv/SourcePackages/checkouts/swift-nio/Sources/NIOCore/EventLoopFuture+WithEventLoop.swift (in target 'NIOCore' from project 'swift-nio')
    cd /Users/steipete/Projects/CodeLooper
    

SwiftCompile normal arm64 /Users/steipete/Library/Developer/Xcode/DerivedData/CodeLooper-crrddjihwjtfkwegrjrymctnfixv/SourcePackages/checkouts/swift-nio/Sources/NIOCore/EventLoopFuture.swift (in target 'NIOCore' from project 'swift-nio')
    cd /Users/steipete/Projects/CodeLooper
    

SwiftDriverJobDiscovery normal arm64 Compiling URLSessionDataTaskPublisherProtocol.swift, URLSessionDataTaskStore.swift, URLSessionDelegateProtocol.swift, URLSessionFactory.swift, URLSessionProtocol+MakeDataTask.swift, URLSessionProtocol.swift, URLSessionTaskCanceller.swift, APIError.swift, GeminiAPIError.swift (in target 'OpenAI' from project 'OpenAI')

SwiftCompile normal arm64 Compiling\ TimeAmount+Duration.swift,\ TypeAssistedChannelHandler.swift,\ UniversalBootstrapSupport.swift,\ Utilities.swift /Users/steipete/Library/Developer/Xcode/DerivedData/CodeLooper-crrddjihwjtfkwegrjrymctnfixv/SourcePackages/checkouts/swift-nio/Sources/NIOCore/TimeAmount+Duration.swift /Users/steipete/Library/Developer/Xcode/DerivedData/CodeLooper-crrddjihwjtfkwegrjrymctnfixv/SourcePackages/checkouts/swift-nio/Sources/NIOCore/TypeAssistedChannelHandler.swift /Users/steipete/Library/Developer/Xcode/DerivedData/CodeLooper-crrddjihwjtfkwegrjrymctnfixv/SourcePackages/checkouts/swift-nio/Sources/NIOCore/UniversalBootstrapSupport.swift /Users/steipete/Library/Developer/Xcode/DerivedData/CodeLooper-crrddjihwjtfkwegrjrymctnfixv/SourcePackages/checkouts/swift-nio/Sources/NIOCore/Utilities.swift (in target 'NIOCore' from project 'swift-nio')

SwiftCompile normal arm64 /Users/steipete/Library/Developer/Xcode/DerivedData/CodeLooper-crrddjihwjtfkwegrjrymctnfixv/SourcePackages/checkouts/swift-nio/Sources/NIOCore/TimeAmount+Duration.swift (in target 'NIOCore' from project 'swift-nio')
    cd /Users/steipete/Projects/CodeLooper
    

SwiftCompile normal arm64 /Users/steipete/Library/Developer/Xcode/DerivedData/CodeLooper-crrddjihwjtfkwegrjrymctnfixv/SourcePackages/checkouts/swift-nio/Sources/NIOCore/TypeAssistedChannelHandler.swift (in target 'NIOCore' from project 'swift-nio')
    cd /Users/steipete/Projects/CodeLooper
    

SwiftCompile normal arm64 /Users/steipete/Library/Developer/Xcode/DerivedData/CodeLooper-crrddjihwjtfkwegrjrymctnfixv/SourcePackages/checkouts/swift-nio/Sources/NIOCore/UniversalBootstrapSupport.swift (in target 'NIOCore' from project 'swift-nio')
    cd /Users/steipete/Projects/CodeLooper
    

SwiftCompile normal arm64 /Users/steipete/Library/Developer/Xcode/DerivedData/CodeLooper-crrddjihwjtfkwegrjrymctnfixv/SourcePackages/checkouts/swift-nio/Sources/NIOCore/Utilities.swift (in target 'NIOCore' from project 'swift-nio')
    cd /Users/steipete/Projects/CodeLooper
    

SwiftDriverJobDiscovery normal arm64 Compiling AssistantsResult.swift, AssistantsTool.swift, AudioSpeechQuery.swift, AudioSpeechResult.swift, AudioTranscriptionQuery.swift, AudioTranscriptionResult.swift, AudioTranscriptionStreamResult.swift, AudioTranslationQuery.swift (in target 'OpenAI' from project 'OpenAI')

SwiftCompile normal arm64 Compiling\ ChannelHandlers.swift,\ ChannelInvoker.swift,\ ChannelOption.swift,\ ChannelPipeline.swift /Users/steipete/Library/Developer/Xcode/DerivedData/CodeLooper-crrddjihwjtfkwegrjrymctnfixv/SourcePackages/checkouts/swift-nio/Sources/NIOCore/ChannelHandlers.swift /Users/steipete/Library/Developer/Xcode/DerivedData/CodeLooper-crrddjihwjtfkwegrjrymctnfixv/SourcePackages/checkouts/swift-nio/Sources/NIOCore/ChannelInvoker.swift /Users/steipete/Library/Developer/Xcode/DerivedData/CodeLooper-crrddjihwjtfkwegrjrymctnfixv/SourcePackages/checkouts/swift-nio/Sources/NIOCore/ChannelOption.swift /Users/steipete/Library/Developer/Xcode/DerivedData/CodeLooper-crrddjihwjtfkwegrjrymctnfixv/SourcePackages/checkouts/swift-nio/Sources/NIOCore/ChannelPipeline.swift (in target 'NIOCore' from project 'swift-nio')

SwiftCompile normal arm64 /Users/steipete/Library/Developer/Xcode/DerivedData/CodeLooper-crrddjihwjtfkwegrjrymctnfixv/SourcePackages/checkouts/swift-nio/Sources/NIOCore/ChannelHandlers.swift (in target 'NIOCore' from project 'swift-nio')
    cd /Users/steipete/Projects/CodeLooper
    

SwiftCompile normal arm64 /Users/steipete/Library/Developer/Xcode/DerivedData/CodeLooper-crrddjihwjtfkwegrjrymctnfixv/SourcePackages/checkouts/swift-nio/Sources/NIOCore/ChannelInvoker.swift (in target 'NIOCore' from project 'swift-nio')
    cd /Users/steipete/Projects/CodeLooper
    

SwiftCompile normal arm64 /Users/steipete/Library/Developer/Xcode/DerivedData/CodeLooper-crrddjihwjtfkwegrjrymctnfixv/SourcePackages/checkouts/swift-nio/Sources/NIOCore/ChannelOption.swift (in target 'NIOCore' from project 'swift-nio')
    cd /Users/steipete/Projects/CodeLooper
    

SwiftCompile normal arm64 /Users/steipete/Library/Developer/Xcode/DerivedData/CodeLooper-crrddjihwjtfkwegrjrymctnfixv/SourcePackages/checkouts/swift-nio/Sources/NIOCore/ChannelPipeline.swift (in target 'NIOCore' from project 'swift-nio')
    cd /Users/steipete/Projects/CodeLooper
    

SwiftDriverJobDiscovery normal arm64 Compiling ModelQuery.swift, ModelResult.swift, Models.swift, ModelsResult.swift, ModerationsQuery.swift, ModerationsResult.swift, CreateModelResponseQuery.swift, CreateModelResponseQueryInput.swift (in target 'OpenAI' from project 'OpenAI')

SwiftCompile normal arm64 Compiling\ AsyncChannelOutboundWriter.swift,\ NIOAsyncSequenceProducer.swift,\ NIOAsyncSequenceProducerStrategies.swift,\ NIOAsyncWriter.swift,\ NIOThrowingAsyncSequenceProducer.swift /Users/steipete/Library/Developer/Xcode/DerivedData/CodeLooper-crrddjihwjtfkwegrjrymctnfixv/SourcePackages/checkouts/swift-nio/Sources/NIOCore/AsyncChannel/AsyncChannelOutboundWriter.swift /Users/steipete/Library/Developer/Xcode/DerivedData/CodeLooper-crrddjihwjtfkwegrjrymctnfixv/SourcePackages/checkouts/swift-nio/Sources/NIOCore/AsyncSequences/NIOAsyncSequenceProducer.swift /Users/steipete/Library/Developer/Xcode/DerivedData/CodeLooper-crrddjihwjtfkwegrjrymctnfixv/SourcePackages/checkouts/swift-nio/Sources/NIOCore/AsyncSequences/NIOAsyncSequenceProducerStrategies.swift /Users/steipete/Library/Developer/Xcode/DerivedData/CodeLooper-crrddjihwjtfkwegrjrymctnfixv/SourcePackages/checkouts/swift-nio/Sources/NIOCore/AsyncSequences/NIOAsyncWriter.swift /Users/steipete/Library/Developer/Xcode/DerivedData/CodeLooper-crrddjihwjtfkwegrjrymctnfixv/SourcePackages/checkouts/swift-nio/Sources/NIOCore/AsyncSequences/NIOThrowingAsyncSequenceProducer.swift (in target 'NIOCore' from project 'swift-nio')

SwiftCompile normal arm64 /Users/steipete/Library/Developer/Xcode/DerivedData/CodeLooper-crrddjihwjtfkwegrjrymctnfixv/SourcePackages/checkouts/swift-nio/Sources/NIOCore/AsyncChannel/AsyncChannelOutboundWriter.swift (in target 'NIOCore' from project 'swift-nio')
    cd /Users/steipete/Projects/CodeLooper
    

SwiftCompile normal arm64 /Users/steipete/Library/Developer/Xcode/DerivedData/CodeLooper-crrddjihwjtfkwegrjrymctnfixv/SourcePackages/checkouts/swift-nio/Sources/NIOCore/AsyncSequences/NIOAsyncSequenceProducer.swift (in target 'NIOCore' from project 'swift-nio')
    cd /Users/steipete/Projects/CodeLooper
    

SwiftCompile normal arm64 /Users/steipete/Library/Developer/Xcode/DerivedData/CodeLooper-crrddjihwjtfkwegrjrymctnfixv/SourcePackages/checkouts/swift-nio/Sources/NIOCore/AsyncSequences/NIOAsyncSequenceProducerStrategies.swift (in target 'NIOCore' from project 'swift-nio')
    cd /Users/steipete/Projects/CodeLooper
    

SwiftCompile normal arm64 /Users/steipete/Library/Developer/Xcode/DerivedData/CodeLooper-crrddjihwjtfkwegrjrymctnfixv/SourcePackages/checkouts/swift-nio/Sources/NIOCore/AsyncSequences/NIOAsyncWriter.swift (in target 'NIOCore' from project 'swift-nio')
    cd /Users/steipete/Projects/CodeLooper
    

SwiftCompile normal arm64 /Users/steipete/Library/Developer/Xcode/DerivedData/CodeLooper-crrddjihwjtfkwegrjrymctnfixv/SourcePackages/checkouts/swift-nio/Sources/NIOCore/AsyncSequences/NIOThrowingAsyncSequenceProducer.swift (in target 'NIOCore' from project 'swift-nio')
    cd /Users/steipete/Projects/CodeLooper
    

SwiftDriverJobDiscovery normal arm64 Compiling ByteBuffer-quicBinaryEncodingStrategy.swift, ByteBuffer-views.swift, Channel.swift, ChannelHandler.swift (in target 'NIOCore' from project 'swift-nio')

SwiftCompile normal arm64 Compiling\ MulticastChannel.swift,\ NIOAny.swift,\ NIOCloseOnErrorHandler.swift,\ NIOLoopBound.swift /Users/steipete/Library/Developer/Xcode/DerivedData/CodeLooper-crrddjihwjtfkwegrjrymctnfixv/SourcePackages/checkouts/swift-nio/Sources/NIOCore/MulticastChannel.swift /Users/steipete/Library/Developer/Xcode/DerivedData/CodeLooper-crrddjihwjtfkwegrjrymctnfixv/SourcePackages/checkouts/swift-nio/Sources/NIOCore/NIOAny.swift /Users/steipete/Library/Developer/Xcode/DerivedData/CodeLooper-crrddjihwjtfkwegrjrymctnfixv/SourcePackages/checkouts/swift-nio/Sources/NIOCore/NIOCloseOnErrorHandler.swift /Users/steipete/Library/Developer/Xcode/DerivedData/CodeLooper-crrddjihwjtfkwegrjrymctnfixv/SourcePackages/checkouts/swift-nio/Sources/NIOCore/NIOLoopBound.swift (in target 'NIOCore' from project 'swift-nio')

SwiftCompile normal arm64 /Users/steipete/Library/Developer/Xcode/DerivedData/CodeLooper-crrddjihwjtfkwegrjrymctnfixv/SourcePackages/checkouts/swift-nio/Sources/NIOCore/MulticastChannel.swift (in target 'NIOCore' from project 'swift-nio')
    cd /Users/steipete/Projects/CodeLooper
    

SwiftCompile normal arm64 /Users/steipete/Library/Developer/Xcode/DerivedData/CodeLooper-crrddjihwjtfkwegrjrymctnfixv/SourcePackages/checkouts/swift-nio/Sources/NIOCore/NIOAny.swift (in target 'NIOCore' from project 'swift-nio')
    cd /Users/steipete/Projects/CodeLooper
    

SwiftCompile normal arm64 /Users/steipete/Library/Developer/Xcode/DerivedData/CodeLooper-crrddjihwjtfkwegrjrymctnfixv/SourcePackages/checkouts/swift-nio/Sources/NIOCore/NIOCloseOnErrorHandler.swift (in target 'NIOCore' from project 'swift-nio')
    cd /Users/steipete/Projects/CodeLooper
    

SwiftCompile normal arm64 /Users/steipete/Library/Developer/Xcode/DerivedData/CodeLooper-crrddjihwjtfkwegrjrymctnfixv/SourcePackages/checkouts/swift-nio/Sources/NIOCore/NIOLoopBound.swift (in target 'NIOCore' from project 'swift-nio')
    cd /Users/steipete/Projects/CodeLooper
    

SwiftDriverJobDiscovery normal arm64 Compiling OpenAI+OpenAIAsync.swift, OpenAI+OpenAICombine.swift, OpenAI.swift, AssistantsRequest.swift, CancellablesFactory.swift, AsyncClient.swift, Client.swift, CombineClient.swift, StreamingClient.swift (in target 'OpenAI' from project 'OpenAI')

SwiftCompile normal arm64 Compiling\ NIOPooledRecvBufferAllocator.swift,\ NIOScheduledCallback.swift,\ NIOSendable.swift,\ RecvByteBufferAllocator.swift /Users/steipete/Library/Developer/Xcode/DerivedData/CodeLooper-crrddjihwjtfkwegrjrymctnfixv/SourcePackages/checkouts/swift-nio/Sources/NIOCore/NIOPooledRecvBufferAllocator.swift /Users/steipete/Library/Developer/Xcode/DerivedData/CodeLooper-crrddjihwjtfkwegrjrymctnfixv/SourcePackages/checkouts/swift-nio/Sources/NIOCore/NIOScheduledCallback.swift /Users/steipete/Library/Developer/Xcode/DerivedData/CodeLooper-crrddjihwjtfkwegrjrymctnfixv/SourcePackages/checkouts/swift-nio/Sources/NIOCore/NIOSendable.swift /Users/steipete/Library/Developer/Xcode/DerivedData/CodeLooper-crrddjihwjtfkwegrjrymctnfixv/SourcePackages/checkouts/swift-nio/Sources/NIOCore/RecvByteBufferAllocator.swift (in target 'NIOCore' from project 'swift-nio')

SwiftCompile normal arm64 /Users/steipete/Library/Developer/Xcode/DerivedData/CodeLooper-crrddjihwjtfkwegrjrymctnfixv/SourcePackages/checkouts/swift-nio/Sources/NIOCore/NIOPooledRecvBufferAllocator.swift (in target 'NIOCore' from project 'swift-nio')
    cd /Users/steipete/Projects/CodeLooper
    

SwiftCompile normal arm64 /Users/steipete/Library/Developer/Xcode/DerivedData/CodeLooper-crrddjihwjtfkwegrjrymctnfixv/SourcePackages/checkouts/swift-nio/Sources/NIOCore/NIOScheduledCallback.swift (in target 'NIOCore' from project 'swift-nio')
    cd /Users/steipete/Projects/CodeLooper
    

SwiftCompile normal arm64 /Users/steipete/Library/Developer/Xcode/DerivedData/CodeLooper-crrddjihwjtfkwegrjrymctnfixv/SourcePackages/checkouts/swift-nio/Sources/NIOCore/NIOSendable.swift (in target 'NIOCore' from project 'swift-nio')
    cd /Users/steipete/Projects/CodeLooper
    

SwiftCompile normal arm64 /Users/steipete/Library/Developer/Xcode/DerivedData/CodeLooper-crrddjihwjtfkwegrjrymctnfixv/SourcePackages/checkouts/swift-nio/Sources/NIOCore/RecvByteBufferAllocator.swift (in target 'NIOCore' from project 'swift-nio')
    cd /Users/steipete/Projects/CodeLooper
    

SwiftDriverJobDiscovery normal arm64 Compiling IO.swift, IOData.swift, IPProtocol.swift, IntegerBitPacking.swift (in target 'NIOCore' from project 'swift-nio')

SwiftCompile normal arm64 Compiling\ IntegerTypes.swift,\ Interfaces.swift,\ Linux.swift,\ MarkedCircularBuffer.swift /Users/steipete/Library/Developer/Xcode/DerivedData/CodeLooper-crrddjihwjtfkwegrjrymctnfixv/SourcePackages/checkouts/swift-nio/Sources/NIOCore/IntegerTypes.swift /Users/steipete/Library/Developer/Xcode/DerivedData/CodeLooper-crrddjihwjtfkwegrjrymctnfixv/SourcePackages/checkouts/swift-nio/Sources/NIOCore/Interfaces.swift /Users/steipete/Library/Developer/Xcode/DerivedData/CodeLooper-crrddjihwjtfkwegrjrymctnfixv/SourcePackages/checkouts/swift-nio/Sources/NIOCore/Linux.swift /Users/steipete/Library/Developer/Xcode/DerivedData/CodeLooper-crrddjihwjtfkwegrjrymctnfixv/SourcePackages/checkouts/swift-nio/Sources/NIOCore/MarkedCircularBuffer.swift (in target 'NIOCore' from project 'swift-nio')

SwiftCompile normal arm64 /Users/steipete/Library/Developer/Xcode/DerivedData/CodeLooper-crrddjihwjtfkwegrjrymctnfixv/SourcePackages/checkouts/swift-nio/Sources/NIOCore/IntegerTypes.swift (in target 'NIOCore' from project 'swift-nio')
    cd /Users/steipete/Projects/CodeLooper
    

SwiftCompile normal arm64 /Users/steipete/Library/Developer/Xcode/DerivedData/CodeLooper-crrddjihwjtfkwegrjrymctnfixv/SourcePackages/checkouts/swift-nio/Sources/NIOCore/Interfaces.swift (in target 'NIOCore' from project 'swift-nio')
    cd /Users/steipete/Projects/CodeLooper
    

SwiftCompile normal arm64 /Users/steipete/Library/Developer/Xcode/DerivedData/CodeLooper-crrddjihwjtfkwegrjrymctnfixv/SourcePackages/checkouts/swift-nio/Sources/NIOCore/Linux.swift (in target 'NIOCore' from project 'swift-nio')
    cd /Users/steipete/Projects/CodeLooper
    

SwiftCompile normal arm64 /Users/steipete/Library/Developer/Xcode/DerivedData/CodeLooper-crrddjihwjtfkwegrjrymctnfixv/SourcePackages/checkouts/swift-nio/Sources/NIOCore/MarkedCircularBuffer.swift (in target 'NIOCore' from project 'swift-nio')
    cd /Users/steipete/Projects/CodeLooper
    

SwiftDriverJobDiscovery normal arm64 Compiling AnyJSONDocument.swift, AnyJSONSchema.swift, JSONDocument.swift, JSONSchema.swift, JSONSchemaField.swift, JSONSchemaInstanceType.swift, AssistantResult.swift, AssistantsQuery.swift (in target 'OpenAI' from project 'OpenAI')

SwiftCompile normal arm64 Compiling\ CircularBuffer.swift,\ Codec.swift,\ ConvenienceOptionSupport.swift,\ DeadChannel.swift /Users/steipete/Library/Developer/Xcode/DerivedData/CodeLooper-crrddjihwjtfkwegrjrymctnfixv/SourcePackages/checkouts/swift-nio/Sources/NIOCore/CircularBuffer.swift /Users/steipete/Library/Developer/Xcode/DerivedData/CodeLooper-crrddjihwjtfkwegrjrymctnfixv/SourcePackages/checkouts/swift-nio/Sources/NIOCore/Codec.swift /Users/steipete/Library/Developer/Xcode/DerivedData/CodeLooper-crrddjihwjtfkwegrjrymctnfixv/SourcePackages/checkouts/swift-nio/Sources/NIOCore/ConvenienceOptionSupport.swift /Users/steipete/Library/Developer/Xcode/DerivedData/CodeLooper-crrddjihwjtfkwegrjrymctnfixv/SourcePackages/checkouts/swift-nio/Sources/NIOCore/DeadChannel.swift (in target 'NIOCore' from project 'swift-nio')

SwiftCompile normal arm64 /Users/steipete/Library/Developer/Xcode/DerivedData/CodeLooper-crrddjihwjtfkwegrjrymctnfixv/SourcePackages/checkouts/swift-nio/Sources/NIOCore/CircularBuffer.swift (in target 'NIOCore' from project 'swift-nio')
    cd /Users/steipete/Projects/CodeLooper
    

SwiftCompile normal arm64 /Users/steipete/Library/Developer/Xcode/DerivedData/CodeLooper-crrddjihwjtfkwegrjrymctnfixv/SourcePackages/checkouts/swift-nio/Sources/NIOCore/Codec.swift (in target 'NIOCore' from project 'swift-nio')
    cd /Users/steipete/Projects/CodeLooper
    

SwiftCompile normal arm64 /Users/steipete/Library/Developer/Xcode/DerivedData/CodeLooper-crrddjihwjtfkwegrjrymctnfixv/SourcePackages/checkouts/swift-nio/Sources/NIOCore/ConvenienceOptionSupport.swift (in target 'NIOCore' from project 'swift-nio')
    cd /Users/steipete/Projects/CodeLooper
    

SwiftCompile normal arm64 /Users/steipete/Library/Developer/Xcode/DerivedData/CodeLooper-crrddjihwjtfkwegrjrymctnfixv/SourcePackages/checkouts/swift-nio/Sources/NIOCore/DeadChannel.swift (in target 'NIOCore' from project 'swift-nio')
    cd /Users/steipete/Projects/CodeLooper
    

SwiftDriverJobDiscovery normal arm64 Compiling TimeAmount+Duration.swift, TypeAssistedChannelHandler.swift, UniversalBootstrapSupport.swift, Utilities.swift (in target 'NIOCore' from project 'swift-nio')

SwiftCompile normal arm64 Compiling\ ByteBuffer-hex.swift,\ ByteBuffer-int.swift,\ ByteBuffer-lengthPrefix.swift,\ ByteBuffer-multi-int.swift /Users/steipete/Library/Developer/Xcode/DerivedData/CodeLooper-crrddjihwjtfkwegrjrymctnfixv/SourcePackages/checkouts/swift-nio/Sources/NIOCore/ByteBuffer-hex.swift /Users/steipete/Library/Developer/Xcode/DerivedData/CodeLooper-crrddjihwjtfkwegrjrymctnfixv/SourcePackages/checkouts/swift-nio/Sources/NIOCore/ByteBuffer-int.swift /Users/steipete/Library/Developer/Xcode/DerivedData/CodeLooper-crrddjihwjtfkwegrjrymctnfixv/SourcePackages/checkouts/swift-nio/Sources/NIOCore/ByteBuffer-lengthPrefix.swift /Users/steipete/Library/Developer/Xcode/DerivedData/CodeLooper-crrddjihwjtfkwegrjrymctnfixv/SourcePackages/checkouts/swift-nio/Sources/NIOCore/ByteBuffer-multi-int.swift (in target 'NIOCore' from project 'swift-nio')

SwiftCompile normal arm64 /Users/steipete/Library/Developer/Xcode/DerivedData/CodeLooper-crrddjihwjtfkwegrjrymctnfixv/SourcePackages/checkouts/swift-nio/Sources/NIOCore/ByteBuffer-hex.swift (in target 'NIOCore' from project 'swift-nio')
    cd /Users/steipete/Projects/CodeLooper
    

SwiftCompile normal arm64 /Users/steipete/Library/Developer/Xcode/DerivedData/CodeLooper-crrddjihwjtfkwegrjrymctnfixv/SourcePackages/checkouts/swift-nio/Sources/NIOCore/ByteBuffer-int.swift (in target 'NIOCore' from project 'swift-nio')
    cd /Users/steipete/Projects/CodeLooper
    

SwiftCompile normal arm64 /Users/steipete/Library/Developer/Xcode/DerivedData/CodeLooper-crrddjihwjtfkwegrjrymctnfixv/SourcePackages/checkouts/swift-nio/Sources/NIOCore/ByteBuffer-lengthPrefix.swift (in target 'NIOCore' from project 'swift-nio')
    cd /Users/steipete/Projects/CodeLooper
    

SwiftCompile normal arm64 /Users/steipete/Library/Developer/Xcode/DerivedData/CodeLooper-crrddjihwjtfkwegrjrymctnfixv/SourcePackages/checkouts/swift-nio/Sources/NIOCore/ByteBuffer-multi-int.swift (in target 'NIOCore' from project 'swift-nio')
    cd /Users/steipete/Projects/CodeLooper
    

SwiftDriverJobDiscovery normal arm64 Compiling FileDescriptor.swift, FileHandle.swift, FileRegion.swift, GlobalSingletons.swift (in target 'NIOCore' from project 'swift-nio')

SwiftCompile normal arm64 Compiling\ SingleStepByteToMessageDecoder.swift,\ SocketAddresses.swift,\ SocketOptionProvider.swift,\ SystemCallHelpers.swift /Users/steipete/Library/Developer/Xcode/DerivedData/CodeLooper-crrddjihwjtfkwegrjrymctnfixv/SourcePackages/checkouts/swift-nio/Sources/NIOCore/SingleStepByteToMessageDecoder.swift /Users/steipete/Library/Developer/Xcode/DerivedData/CodeLooper-crrddjihwjtfkwegrjrymctnfixv/SourcePackages/checkouts/swift-nio/Sources/NIOCore/SocketAddresses.swift /Users/steipete/Library/Developer/Xcode/DerivedData/CodeLooper-crrddjihwjtfkwegrjrymctnfixv/SourcePackages/checkouts/swift-nio/Sources/NIOCore/SocketOptionProvider.swift /Users/steipete/Library/Developer/Xcode/DerivedData/CodeLooper-crrddjihwjtfkwegrjrymctnfixv/SourcePackages/checkouts/swift-nio/Sources/NIOCore/SystemCallHelpers.swift (in target 'NIOCore' from project 'swift-nio')

SwiftCompile normal arm64 /Users/steipete/Library/Developer/Xcode/DerivedData/CodeLooper-crrddjihwjtfkwegrjrymctnfixv/SourcePackages/checkouts/swift-nio/Sources/NIOCore/SingleStepByteToMessageDecoder.swift (in target 'NIOCore' from project 'swift-nio')
    cd /Users/steipete/Projects/CodeLooper
    

SwiftCompile normal arm64 /Users/steipete/Library/Developer/Xcode/DerivedData/CodeLooper-crrddjihwjtfkwegrjrymctnfixv/SourcePackages/checkouts/swift-nio/Sources/NIOCore/SocketAddresses.swift (in target 'NIOCore' from project 'swift-nio')
    cd /Users/steipete/Projects/CodeLooper
    

SwiftCompile normal arm64 /Users/steipete/Library/Developer/Xcode/DerivedData/CodeLooper-crrddjihwjtfkwegrjrymctnfixv/SourcePackages/checkouts/swift-nio/Sources/NIOCore/SocketOptionProvider.swift (in target 'NIOCore' from project 'swift-nio')
    cd /Users/steipete/Projects/CodeLooper
    

SwiftCompile normal arm64 /Users/steipete/Library/Developer/Xcode/DerivedData/CodeLooper-crrddjihwjtfkwegrjrymctnfixv/SourcePackages/checkouts/swift-nio/Sources/NIOCore/SystemCallHelpers.swift (in target 'NIOCore' from project 'swift-nio')
    cd /Users/steipete/Projects/CodeLooper
    

SwiftDriverJobDiscovery normal arm64 Compiling DispatchQueue+WithFuture.swift, EventLoop+Deprecated.swift, EventLoop+SerialExecutor.swift, EventLoop.swift (in target 'NIOCore' from project 'swift-nio')

SwiftDriverJobDiscovery normal arm64 Compiling MulticastChannel.swift, NIOAny.swift, NIOCloseOnErrorHandler.swift, NIOLoopBound.swift (in target 'NIOCore' from project 'swift-nio')

SwiftDriver\ Compilation Diagnostics normal arm64 com.apple.xcode.tools.swift.compiler (in target 'Diagnostics' from project 'CodeLooper')
    cd /Users/steipete/Projects/CodeLooper
    builtin-Swift-Compilation -- /Applications/Xcode-beta.app/Contents/Developer/Toolchains/XcodeDefault.xctoolchain/usr/bin/swiftc -module-name Diagnostics -Onone -enforce-exclusivity\=checked @/Users/steipete/Library/Developer/Xcode/DerivedData/CodeLooper-crrddjihwjtfkwegrjrymctnfixv/Build/Intermediates.noindex/CodeLooper.build/Debug/Diagnostics.build/Objects-normal/arm64/Diagnostics.SwiftFileList -DDEBUG -strict-concurrency\=complete -enable-experimental-feature DebugDescriptionMacro -sdk /Applications/Xcode-beta.app/Contents/Developer/Platforms/MacOSX.platform/Developer/SDKs/MacOSX26.0.sdk -target arm64-apple-macos14.0 -g -module-cache-path /Users/steipete/Library/Developer/Xcode/DerivedData/ModuleCache.noindex -Xfrontend -serialize-debugging-options -profile-coverage-mapping -profile-generate -enable-testing -index-store-path /Users/steipete/Library/Developer/Xcode/DerivedData/CodeLooper-crrddjihwjtfkwegrjrymctnfixv/Index.noindex/DataStore -swift-version 6 -I /Users/steipete/Library/Developer/Xcode/DerivedData/CodeLooper-crrddjihwjtfkwegrjrymctnfixv/Build/Products/Debug -F /Users/steipete/Library/Developer/Xcode/DerivedData/CodeLooper-crrddjihwjtfkwegrjrymctnfixv/Build/Products/Debug/PackageFrameworks -F /Users/steipete/Library/Developer/Xcode/DerivedData/CodeLooper-crrddjihwjtfkwegrjrymctnfixv/Build/Products/Debug/PackageFrameworks -F /Users/steipete/Library/Developer/Xcode/DerivedData/CodeLooper-crrddjihwjtfkwegrjrymctnfixv/Build/Products/Debug -c -j16 -enable-batch-mode -incremental -Xcc -ivfsstatcache -Xcc /Users/steipete/Library/Developer/Xcode/DerivedData/SDKStatCaches.noindex/macosx26.0-25A5279m-5d9328ff1a6613a11d359de947506b52.sdkstatcache -output-file-map /Users/steipete/Library/Developer/Xcode/DerivedData/CodeLooper-crrddjihwjtfkwegrjrymctnfixv/Build/Intermediates.noindex/CodeLooper.build/Debug/Diagnostics.build/Objects-normal/arm64/Diagnostics-OutputFileMap.json -use-frontend-parseable-output -save-temps -no-color-diagnostics -explicit-module-build -module-cache-path /Users/steipete/Library/Developer/Xcode/DerivedData/CodeLooper-crrddjihwjtfkwegrjrymctnfixv/Build/Intermediates.noindex/SwiftExplicitPrecompiledModules -clang-scanner-module-cache-path /Users/steipete/Library/Developer/Xcode/DerivedData/ModuleCache.noindex -sdk-module-cache-path /Users/steipete/Library/Developer/Xcode/DerivedData/ModuleCache.noindex -serialize-diagnostics -emit-dependencies -emit-module -emit-module-path /Users/steipete/Library/Developer/Xcode/DerivedData/CodeLooper-crrddjihwjtfkwegrjrymctnfixv/Build/Intermediates.noindex/CodeLooper.build/Debug/Diagnostics.build/Objects-normal/arm64/Diagnostics.swiftmodule -validate-clang-modules-once -clang-build-session-file /Users/steipete/Library/Developer/Xcode/DerivedData/ModuleCache.noindex/Session.modulevalidation -Xcc -I/Users/steipete/Library/Developer/Xcode/DerivedData/CodeLooper-crrddjihwjtfkwegrjrymctnfixv/Build/Intermediates.noindex/CodeLooper.build/Debug/Diagnostics.build/swift-overrides.hmap -emit-const-values -Xfrontend -const-gather-protocols-file -Xfrontend /Users/steipete/Library/Developer/Xcode/DerivedData/CodeLooper-crrddjihwjtfkwegrjrymctnfixv/Build/Intermediates.noindex/CodeLooper.build/Debug/Diagnostics.build/Objects-normal/arm64/Diagnostics_const_extract_protocols.json -Xcc -iquote -Xcc /Users/steipete/Library/Developer/Xcode/DerivedData/CodeLooper-crrddjihwjtfkwegrjrymctnfixv/Build/Intermediates.noindex/CodeLooper.build/Debug/Diagnostics.build/Diagnostics-generated-files.hmap -Xcc -I/Users/steipete/Library/Developer/Xcode/DerivedData/CodeLooper-crrddjihwjtfkwegrjrymctnfixv/Build/Intermediates.noindex/CodeLooper.build/Debug/Diagnostics.build/Diagnostics-own-target-headers.hmap -Xcc -I/Users/steipete/Library/Developer/Xcode/DerivedData/CodeLooper-crrddjihwjtfkwegrjrymctnfixv/Build/Intermediates.noindex/CodeLooper.build/Debug/Diagnostics.build/Diagnostics-all-non-framework-target-headers.hmap -Xcc -ivfsoverlay -Xcc /Users/steipete/Library/Developer/Xcode/DerivedData/CodeLooper-crrddjihwjtfkwegrjrymctnfixv/Build/Intermediates.noindex/CodeLooper.build/Debug/CodeLooper-de2ef41cd89caf5bcf7af683064774d7-VFS/all-product-headers.yaml -Xcc -iquote -Xcc /Users/steipete/Library/Developer/Xcode/DerivedData/CodeLooper-crrddjihwjtfkwegrjrymctnfixv/Build/Intermediates.noindex/CodeLooper.build/Debug/Diagnostics.build/Diagnostics-project-headers.hmap -Xcc -I/Users/steipete/Library/Developer/Xcode/DerivedData/CodeLooper-crrddjihwjtfkwegrjrymctnfixv/Build/Products/Debug/include -Xcc -I/Users/steipete/Library/Developer/Xcode/DerivedData/CodeLooper-crrddjihwjtfkwegrjrymctnfixv/Build/Intermediates.noindex/CodeLooper.build/Debug/Diagnostics.build/DerivedSources-normal/arm64 -Xcc -I/Users/steipete/Library/Developer/Xcode/DerivedData/CodeLooper-crrddjihwjtfkwegrjrymctnfixv/Build/Intermediates.noindex/CodeLooper.build/Debug/Diagnostics.build/DerivedSources/arm64 -Xcc -I/Users/steipete/Library/Developer/Xcode/DerivedData/CodeLooper-crrddjihwjtfkwegrjrymctnfixv/Build/Intermediates.noindex/CodeLooper.build/Debug/Diagnostics.build/DerivedSources -Xcc -DDEBUG\=1 -emit-objc-header -emit-objc-header-path /Users/steipete/Library/Developer/Xcode/DerivedData/CodeLooper-crrddjihwjtfkwegrjrymctnfixv/Build/Intermediates.noindex/CodeLooper.build/Debug/Diagnostics.build/Objects-normal/arm64/Diagnostics-Swift.h -working-directory /Users/steipete/Projects/CodeLooper -experimental-emit-module-separately -disable-cmo

SwiftCompile normal arm64 Compiling\ SetAlgebra.swift,\ UnsafeTransfer.swift,\ AsyncZip2Sequence.swift /Users/steipete/Library/Developer/Xcode/DerivedData/CodeLooper-crrddjihwjtfkwegrjrymctnfixv/SourcePackages/checkouts/swift-async-algorithms/Sources/AsyncAlgorithms/SetAlgebra.swift /Users/steipete/Library/Developer/Xcode/DerivedData/CodeLooper-crrddjihwjtfkwegrjrymctnfixv/SourcePackages/checkouts/swift-async-algorithms/Sources/AsyncAlgorithms/UnsafeTransfer.swift /Users/steipete/Library/Developer/Xcode/DerivedData/CodeLooper-crrddjihwjtfkwegrjrymctnfixv/SourcePackages/checkouts/swift-async-algorithms/Sources/AsyncAlgorithms/Zip/AsyncZip2Sequence.swift (in target 'AsyncAlgorithms' from project 'swift-async-algorithms')

SwiftCompile normal arm64 /Users/steipete/Library/Developer/Xcode/DerivedData/CodeLooper-crrddjihwjtfkwegrjrymctnfixv/SourcePackages/checkouts/swift-async-algorithms/Sources/AsyncAlgorithms/SetAlgebra.swift (in target 'AsyncAlgorithms' from project 'swift-async-algorithms')
    cd /Users/steipete/Projects/CodeLooper
    

SwiftCompile normal arm64 /Users/steipete/Library/Developer/Xcode/DerivedData/CodeLooper-crrddjihwjtfkwegrjrymctnfixv/SourcePackages/checkouts/swift-async-algorithms/Sources/AsyncAlgorithms/UnsafeTransfer.swift (in target 'AsyncAlgorithms' from project 'swift-async-algorithms')
    cd /Users/steipete/Projects/CodeLooper
    

SwiftCompile normal arm64 /Users/steipete/Library/Developer/Xcode/DerivedData/CodeLooper-crrddjihwjtfkwegrjrymctnfixv/SourcePackages/checkouts/swift-async-algorithms/Sources/AsyncAlgorithms/Zip/AsyncZip2Sequence.swift (in target 'AsyncAlgorithms' from project 'swift-async-algorithms')
    cd /Users/steipete/Projects/CodeLooper
    

SwiftCompile normal arm64 Compiling\ AsyncSyncSequence.swift,\ AsyncThrottleSequence.swift,\ AsyncThrowingExclusiveReductionsSequence.swift /Users/steipete/Library/Developer/Xcode/DerivedData/CodeLooper-crrddjihwjtfkwegrjrymctnfixv/SourcePackages/checkouts/swift-async-algorithms/Sources/AsyncAlgorithms/AsyncSyncSequence.swift /Users/steipete/Library/Developer/Xcode/DerivedData/CodeLooper-crrddjihwjtfkwegrjrymctnfixv/SourcePackages/checkouts/swift-async-algorithms/Sources/AsyncAlgorithms/AsyncThrottleSequence.swift /Users/steipete/Library/Developer/Xcode/DerivedData/CodeLooper-crrddjihwjtfkwegrjrymctnfixv/SourcePackages/checkouts/swift-async-algorithms/Sources/AsyncAlgorithms/AsyncThrowingExclusiveReductionsSequence.swift (in target 'AsyncAlgorithms' from project 'swift-async-algorithms')

SwiftCompile normal arm64 /Users/steipete/Library/Developer/Xcode/DerivedData/CodeLooper-crrddjihwjtfkwegrjrymctnfixv/SourcePackages/checkouts/swift-async-algorithms/Sources/AsyncAlgorithms/AsyncSyncSequence.swift (in target 'AsyncAlgorithms' from project 'swift-async-algorithms')
    cd /Users/steipete/Projects/CodeLooper
    

SwiftCompile normal arm64 /Users/steipete/Library/Developer/Xcode/DerivedData/CodeLooper-crrddjihwjtfkwegrjrymctnfixv/SourcePackages/checkouts/swift-async-algorithms/Sources/AsyncAlgorithms/AsyncThrottleSequence.swift (in target 'AsyncAlgorithms' from project 'swift-async-algorithms')
    cd /Users/steipete/Projects/CodeLooper
    

SwiftCompile normal arm64 /Users/steipete/Library/Developer/Xcode/DerivedData/CodeLooper-crrddjihwjtfkwegrjrymctnfixv/SourcePackages/checkouts/swift-async-algorithms/Sources/AsyncAlgorithms/AsyncThrowingExclusiveReductionsSequence.swift (in target 'AsyncAlgorithms' from project 'swift-async-algorithms')
    cd /Users/steipete/Projects/CodeLooper
    

SwiftDriverJobDiscovery normal arm64 Compiling DeleteModelResponseQuery.swift, DeleteModelResponseResult.swift, GetModelResponseQuery.swift, ResponseEvent.swift, ResponseObject.swift, RunResult.swift, RunRetrieveQuery.swift, RunRetrieveStepsResult.swift (in target 'OpenAI' from project 'OpenAI')

SwiftCompile normal arm64 Compiling\ BoundedBufferStateMachine.swift,\ BoundedBufferStorage.swift,\ UnboundedBufferStateMachine.swift /Users/steipete/Library/Developer/Xcode/DerivedData/CodeLooper-crrddjihwjtfkwegrjrymctnfixv/SourcePackages/checkouts/swift-async-algorithms/Sources/AsyncAlgorithms/Buffer/BoundedBufferStateMachine.swift /Users/steipete/Library/Developer/Xcode/DerivedData/CodeLooper-crrddjihwjtfkwegrjrymctnfixv/SourcePackages/checkouts/swift-async-algorithms/Sources/AsyncAlgorithms/Buffer/BoundedBufferStorage.swift /Users/steipete/Library/Developer/Xcode/DerivedData/CodeLooper-crrddjihwjtfkwegrjrymctnfixv/SourcePackages/checkouts/swift-async-algorithms/Sources/AsyncAlgorithms/Buffer/UnboundedBufferStateMachine.swift (in target 'AsyncAlgorithms' from project 'swift-async-algorithms')

SwiftCompile normal arm64 /Users/steipete/Library/Developer/Xcode/DerivedData/CodeLooper-crrddjihwjtfkwegrjrymctnfixv/SourcePackages/checkouts/swift-async-algorithms/Sources/AsyncAlgorithms/Buffer/BoundedBufferStateMachine.swift (in target 'AsyncAlgorithms' from project 'swift-async-algorithms')
    cd /Users/steipete/Projects/CodeLooper
    

SwiftCompile normal arm64 /Users/steipete/Library/Developer/Xcode/DerivedData/CodeLooper-crrddjihwjtfkwegrjrymctnfixv/SourcePackages/checkouts/swift-async-algorithms/Sources/AsyncAlgorithms/Buffer/BoundedBufferStorage.swift (in target 'AsyncAlgorithms' from project 'swift-async-algorithms')
    cd /Users/steipete/Projects/CodeLooper
    

SwiftCompile normal arm64 /Users/steipete/Library/Developer/Xcode/DerivedData/CodeLooper-crrddjihwjtfkwegrjrymctnfixv/SourcePackages/checkouts/swift-async-algorithms/Sources/AsyncAlgorithms/Buffer/UnboundedBufferStateMachine.swift (in target 'AsyncAlgorithms' from project 'swift-async-algorithms')
    cd /Users/steipete/Projects/CodeLooper
    

SwiftDriverJobDiscovery normal arm64 Compiling SetAlgebra.swift, UnsafeTransfer.swift, AsyncZip2Sequence.swift (in target 'AsyncAlgorithms' from project 'swift-async-algorithms')

SwiftCompile normal arm64 Compiling\ AsyncJoinedBySeparatorSequence.swift,\ AsyncJoinedSequence.swift,\ AsyncRemoveDuplicatesSequence.swift /Users/steipete/Library/Developer/Xcode/DerivedData/CodeLooper-crrddjihwjtfkwegrjrymctnfixv/SourcePackages/checkouts/swift-async-algorithms/Sources/AsyncAlgorithms/AsyncJoinedBySeparatorSequence.swift /Users/steipete/Library/Developer/Xcode/DerivedData/CodeLooper-crrddjihwjtfkwegrjrymctnfixv/SourcePackages/checkouts/swift-async-algorithms/Sources/AsyncAlgorithms/AsyncJoinedSequence.swift /Users/steipete/Library/Developer/Xcode/DerivedData/CodeLooper-crrddjihwjtfkwegrjrymctnfixv/SourcePackages/checkouts/swift-async-algorithms/Sources/AsyncAlgorithms/AsyncRemoveDuplicatesSequence.swift (in target 'AsyncAlgorithms' from project 'swift-async-algorithms')

SwiftCompile normal arm64 /Users/steipete/Library/Developer/Xcode/DerivedData/CodeLooper-crrddjihwjtfkwegrjrymctnfixv/SourcePackages/checkouts/swift-async-algorithms/Sources/AsyncAlgorithms/AsyncJoinedBySeparatorSequence.swift (in target 'AsyncAlgorithms' from project 'swift-async-algorithms')
    cd /Users/steipete/Projects/CodeLooper
    

SwiftCompile normal arm64 /Users/steipete/Library/Developer/Xcode/DerivedData/CodeLooper-crrddjihwjtfkwegrjrymctnfixv/SourcePackages/checkouts/swift-async-algorithms/Sources/AsyncAlgorithms/AsyncJoinedSequence.swift (in target 'AsyncAlgorithms' from project 'swift-async-algorithms')
    cd /Users/steipete/Projects/CodeLooper
    

SwiftCompile normal arm64 /Users/steipete/Library/Developer/Xcode/DerivedData/CodeLooper-crrddjihwjtfkwegrjrymctnfixv/SourcePackages/checkouts/swift-async-algorithms/Sources/AsyncAlgorithms/AsyncRemoveDuplicatesSequence.swift (in target 'AsyncAlgorithms' from project 'swift-async-algorithms')
    cd /Users/steipete/Projects/CodeLooper
    

SwiftDriverJobDiscovery normal arm64 Compiling EventLoopFuture+AssumeIsolated.swift, EventLoopFuture+Deprecated.swift, EventLoopFuture+WithEventLoop.swift, EventLoopFuture.swift (in target 'NIOCore' from project 'swift-nio')

SwiftCompile normal arm64 Compiling\ PermissionRequiredView.swift,\ PropertyRow.swift /Users/steipete/Projects/CodeLooper/AXpector/Sources/AXpector/Views/PermissionRequiredView.swift /Users/steipete/Projects/CodeLooper/AXpector/Sources/AXpector/Views/PropertyRow.swift (in target 'AXpector' from project 'AXpector')

SwiftCompile normal arm64 /Users/steipete/Projects/CodeLooper/AXpector/Sources/AXpector/Views/PermissionRequiredView.swift (in target 'AXpector' from project 'AXpector')
    cd /Users/steipete/Projects/CodeLooper
    

SwiftCompile normal arm64 /Users/steipete/Projects/CodeLooper/AXpector/Sources/AXpector/Views/PropertyRow.swift (in target 'AXpector' from project 'AXpector')
    cd /Users/steipete/Projects/CodeLooper
    

SwiftDriverJobDiscovery normal arm64 Compiling NIOPooledRecvBufferAllocator.swift, NIOScheduledCallback.swift, NIOSendable.swift, RecvByteBufferAllocator.swift (in target 'NIOCore' from project 'swift-nio')

SwiftCompile normal arm64 Compiling\ AXpectorViewModel+FocusTracking.swift,\ AXpectorViewModel+Highlighting.swift /Users/steipete/Projects/CodeLooper/AXpector/Sources/AXpector/ViewModelExtensions/AXpectorViewModel+FocusTracking.swift /Users/steipete/Projects/CodeLooper/AXpector/Sources/AXpector/ViewModelExtensions/AXpectorViewModel+Highlighting.swift (in target 'AXpector' from project 'AXpector')

SwiftCompile normal arm64 /Users/steipete/Projects/CodeLooper/AXpector/Sources/AXpector/ViewModelExtensions/AXpectorViewModel+FocusTracking.swift (in target 'AXpector' from project 'AXpector')
    cd /Users/steipete/Projects/CodeLooper
    

SwiftCompile normal arm64 /Users/steipete/Projects/CodeLooper/AXpector/Sources/AXpector/ViewModelExtensions/AXpectorViewModel+Highlighting.swift (in target 'AXpector' from project 'AXpector')
    cd /Users/steipete/Projects/CodeLooper
    

SwiftDriverJobDiscovery normal arm64 Compiling AddressedEnvelope.swift, AsyncAwaitSupport.swift, AsyncChannel.swift, AsyncChannelHandler.swift, AsyncChannelInboundStream.swift (in target 'NIOCore' from project 'swift-nio')

SwiftCompile normal arm64 Compiling\ HighlightViewController.swift,\ HighlightWindow.swift /Users/steipete/Projects/CodeLooper/AXpector/Sources/AXpector/HighlightViewController.swift /Users/steipete/Projects/CodeLooper/AXpector/Sources/AXpector/HighlightWindow.swift (in target 'AXpector' from project 'AXpector')

SwiftCompile normal arm64 /Users/steipete/Projects/CodeLooper/AXpector/Sources/AXpector/HighlightViewController.swift (in target 'AXpector' from project 'AXpector')
    cd /Users/steipete/Projects/CodeLooper
    

SwiftCompile normal arm64 /Users/steipete/Projects/CodeLooper/AXpector/Sources/AXpector/HighlightWindow.swift (in target 'AXpector' from project 'AXpector')
    cd /Users/steipete/Projects/CodeLooper
    

SwiftDriverJobDiscovery normal arm64 Compiling AsyncSyncSequence.swift, AsyncThrottleSequence.swift, AsyncThrowingExclusiveReductionsSequence.swift (in target 'AsyncAlgorithms' from project 'swift-async-algorithms')

SwiftDriverJobDiscovery normal arm64 Compiling PermissionRequiredView.swift, PropertyRow.swift (in target 'AXpector' from project 'AXpector')

SwiftCompile normal arm64 Compiling\ TreeContentView.swift,\ TreeSidebarView.swift /Users/steipete/Projects/CodeLooper/AXpector/Sources/AXpector/Views/TreeContentView.swift /Users/steipete/Projects/CodeLooper/AXpector/Sources/AXpector/Views/TreeSidebarView.swift (in target 'AXpector' from project 'AXpector')

SwiftCompile normal arm64 /Users/steipete/Projects/CodeLooper/AXpector/Sources/AXpector/Views/TreeContentView.swift (in target 'AXpector' from project 'AXpector')
    cd /Users/steipete/Projects/CodeLooper
    

SwiftCompile normal arm64 /Users/steipete/Projects/CodeLooper/AXpector/Sources/AXpector/Views/TreeSidebarView.swift (in target 'AXpector' from project 'AXpector')
    cd /Users/steipete/Projects/CodeLooper
    

SwiftCompile normal arm64 Compiling\ ObserverNodeDetailsView.swift,\ ObserverView.swift /Users/steipete/Projects/CodeLooper/AXpector/Sources/AXpector/Views/ObserverNodeDetailsView.swift /Users/steipete/Projects/CodeLooper/AXpector/Sources/AXpector/Views/ObserverView.swift (in target 'AXpector' from project 'AXpector')

SwiftCompile normal arm64 /Users/steipete/Projects/CodeLooper/AXpector/Sources/AXpector/Views/ObserverNodeDetailsView.swift (in target 'AXpector' from project 'AXpector')
    cd /Users/steipete/Projects/CodeLooper
    

SwiftCompile normal arm64 /Users/steipete/Projects/CodeLooper/AXpector/Sources/AXpector/Views/ObserverView.swift (in target 'AXpector' from project 'AXpector')
    cd /Users/steipete/Projects/CodeLooper
    

SwiftDriverJobDiscovery normal arm64 Compiling IntegerTypes.swift, Interfaces.swift, Linux.swift, MarkedCircularBuffer.swift (in target 'NIOCore' from project 'swift-nio')

SwiftCompile normal arm64 Compiling\ ErrorStateView.swift,\ ErrorView.swift /Users/steipete/Projects/CodeLooper/AXpector/Sources/AXpector/Views/ErrorStateView.swift /Users/steipete/Projects/CodeLooper/AXpector/Sources/AXpector/Views/ErrorView.swift (in target 'AXpector' from project 'AXpector')

SwiftCompile normal arm64 /Users/steipete/Projects/CodeLooper/AXpector/Sources/AXpector/Views/ErrorStateView.swift (in target 'AXpector' from project 'AXpector')
    cd /Users/steipete/Projects/CodeLooper
    

SwiftCompile normal arm64 /Users/steipete/Projects/CodeLooper/AXpector/Sources/AXpector/Views/ErrorView.swift (in target 'AXpector' from project 'AXpector')
    cd /Users/steipete/Projects/CodeLooper
    

SwiftDriverJobDiscovery normal arm64 Compiling BoundedBufferStateMachine.swift, BoundedBufferStorage.swift, UnboundedBufferStateMachine.swift (in target 'AsyncAlgorithms' from project 'swift-async-algorithms')

SwiftCompile normal arm64 Compiling\ ApplicationPickerView.swift,\ AttributeRowView.swift /Users/steipete/Projects/CodeLooper/AXpector/Sources/AXpector/Views/ApplicationPickerView.swift /Users/steipete/Projects/CodeLooper/AXpector/Sources/AXpector/Views/AttributeRowView.swift (in target 'AXpector' from project 'AXpector')

SwiftCompile normal arm64 /Users/steipete/Projects/CodeLooper/AXpector/Sources/AXpector/Views/ApplicationPickerView.swift (in target 'AXpector' from project 'AXpector')
    cd /Users/steipete/Projects/CodeLooper
    

SwiftCompile normal arm64 /Users/steipete/Projects/CodeLooper/AXpector/Sources/AXpector/Views/AttributeRowView.swift (in target 'AXpector' from project 'AXpector')
    cd /Users/steipete/Projects/CodeLooper
    

SwiftDriverJobDiscovery normal arm64 Compiling BSDSocketAPI.swift, ByteBuffer-aux.swift, ByteBuffer-binaryEncodedLengthPrefix.swift, ByteBuffer-conversions.swift, ByteBuffer-core.swift (in target 'NIOCore' from project 'swift-nio')

SwiftDriverJobDiscovery normal arm64 Compiling AsyncJoinedBySeparatorSequence.swift, AsyncJoinedSequence.swift, AsyncRemoveDuplicatesSequence.swift (in target 'AsyncAlgorithms' from project 'swift-async-algorithms')

SwiftCompile normal arm64 Compiling\ FilterHelpView.swift,\ LoadingView.swift /Users/steipete/Projects/CodeLooper/AXpector/Sources/AXpector/Views/FilterHelpView.swift /Users/steipete/Projects/CodeLooper/AXpector/Sources/AXpector/Views/LoadingView.swift (in target 'AXpector' from project 'AXpector')

SwiftCompile normal arm64 /Users/steipete/Projects/CodeLooper/AXpector/Sources/AXpector/Views/FilterHelpView.swift (in target 'AXpector' from project 'AXpector')
    cd /Users/steipete/Projects/CodeLooper
    

SwiftCompile normal arm64 /Users/steipete/Projects/CodeLooper/AXpector/Sources/AXpector/Views/LoadingView.swift (in target 'AXpector' from project 'AXpector')
    cd /Users/steipete/Projects/CodeLooper
    

SwiftDriverJobDiscovery normal arm64 Compiling ChannelHandlers.swift, ChannelInvoker.swift, ChannelOption.swift, ChannelPipeline.swift (in target 'NIOCore' from project 'swift-nio')

SwiftDriver\ Compilation AsyncAlgorithms normal arm64 com.apple.xcode.tools.swift.compiler (in target 'AsyncAlgorithms' from project 'swift-async-algorithms')
    cd /Users/steipete/Projects/CodeLooper
    builtin-Swift-Compilation -- /Applications/Xcode-beta.app/Contents/Developer/Toolchains/XcodeDefault.xctoolchain/usr/bin/swiftc -module-name AsyncAlgorithms -Onone -enforce-exclusivity\=checked @/Users/steipete/Library/Developer/Xcode/DerivedData/CodeLooper-crrddjihwjtfkwegrjrymctnfixv/Build/Intermediates.noindex/swift-async-algorithms.build/Debug/AsyncAlgorithms.build/Objects-normal/arm64/AsyncAlgorithms.SwiftFileList -DSWIFT_PACKAGE -DDEBUG -DSWIFT_MODULE_RESOURCE_BUNDLE_UNAVAILABLE -DXcode -enable-experimental-feature AvailabilityMacro\=AsyncAlgorithms\ 1.0:macOS\ 10.15,\ iOS\ 13.0,\ tvOS\ 13.0,\ watchOS\ 6.0 -enable-experimental-feature StrictConcurrency\=complete -plugin-path /Applications/Xcode-beta.app/Contents/Developer/Toolchains/XcodeDefault.xctoolchain/usr/lib/swift/host/plugins/testing -enable-experimental-feature DebugDescriptionMacro -sdk /Applications/Xcode-beta.app/Contents/Developer/Platforms/MacOSX.platform/Developer/SDKs/MacOSX26.0.sdk -target arm64-apple-macos10.13 -g -module-cache-path /Users/steipete/Library/Developer/Xcode/DerivedData/ModuleCache.noindex -Xfrontend -serialize-debugging-options -profile-coverage-mapping -profile-generate -enable-testing -suppress-warnings -index-store-path /Users/steipete/Library/Developer/Xcode/DerivedData/CodeLooper-crrddjihwjtfkwegrjrymctnfixv/Index.noindex/DataStore -swift-version 5 -I /Users/steipete/Library/Developer/Xcode/DerivedData/CodeLooper-crrddjihwjtfkwegrjrymctnfixv/Build/Products/Debug -I /Applications/Xcode-beta.app/Contents/Developer/Platforms/MacOSX.platform/Developer/usr/lib -F /Users/steipete/Library/Developer/Xcode/DerivedData/CodeLooper-crrddjihwjtfkwegrjrymctnfixv/Build/Products/Debug/PackageFrameworks -F /Users/steipete/Library/Developer/Xcode/DerivedData/CodeLooper-crrddjihwjtfkwegrjrymctnfixv/Build/Products/Debug/PackageFrameworks -F /Users/steipete/Library/Developer/Xcode/DerivedData/CodeLooper-crrddjihwjtfkwegrjrymctnfixv/Build/Products/Debug/PackageFrameworks -F /Users/steipete/Library/Developer/Xcode/DerivedData/CodeLooper-crrddjihwjtfkwegrjrymctnfixv/Build/Products/Debug -F /Applications/Xcode-beta.app/Contents/Developer/Platforms/MacOSX.platform/Developer/Library/Frameworks -c -j16 -enable-batch-mode -incremental -Xcc -ivfsstatcache -Xcc /Users/steipete/Library/Developer/Xcode/DerivedData/SDKStatCaches.noindex/macosx26.0-25A5279m-5d9328ff1a6613a11d359de947506b52.sdkstatcache -output-file-map /Users/steipete/Library/Developer/Xcode/DerivedData/CodeLooper-crrddjihwjtfkwegrjrymctnfixv/Build/Intermediates.noindex/swift-async-algorithms.build/Debug/AsyncAlgorithms.build/Objects-normal/arm64/AsyncAlgorithms-OutputFileMap.json -use-frontend-parseable-output -save-temps -no-color-diagnostics -explicit-module-build -module-cache-path /Users/steipete/Library/Developer/Xcode/DerivedData/CodeLooper-crrddjihwjtfkwegrjrymctnfixv/Build/Intermediates.noindex/SwiftExplicitPrecompiledModules -clang-scanner-module-cache-path /Users/steipete/Library/Developer/Xcode/DerivedData/ModuleCache.noindex -sdk-module-cache-path /Users/steipete/Library/Developer/Xcode/DerivedData/ModuleCache.noindex -serialize-diagnostics -emit-dependencies -emit-module -emit-module-path /Users/steipete/Library/Developer/Xcode/DerivedData/CodeLooper-crrddjihwjtfkwegrjrymctnfixv/Build/Intermediates.noindex/swift-async-algorithms.build/Debug/AsyncAlgorithms.build/Objects-normal/arm64/AsyncAlgorithms.swiftmodule -validate-clang-modules-once -clang-build-session-file /Users/steipete/Library/Developer/Xcode/DerivedData/ModuleCache.noindex/Session.modulevalidation -Xcc -I/Users/steipete/Library/Developer/Xcode/DerivedData/CodeLooper-crrddjihwjtfkwegrjrymctnfixv/Build/Intermediates.noindex/swift-async-algorithms.build/Debug/AsyncAlgorithms.build/swift-overrides.hmap -emit-const-values -Xfrontend -const-gather-protocols-file -Xfrontend /Users/steipete/Library/Developer/Xcode/DerivedData/CodeLooper-crrddjihwjtfkwegrjrymctnfixv/Build/Intermediates.noindex/swift-async-algorithms.build/Debug/AsyncAlgorithms.build/Objects-normal/arm64/AsyncAlgorithms_const_extract_protocols.json -Xcc -I/Users/steipete/Library/Developer/Xcode/DerivedData/CodeLooper-crrddjihwjtfkwegrjrymctnfixv/Build/Products/Debug/include -Xcc -I/Users/steipete/Library/Developer/Xcode/DerivedData/CodeLooper-crrddjihwjtfkwegrjrymctnfixv/Build/Intermediates.noindex/swift-async-algorithms.build/Debug/AsyncAlgorithms.build/DerivedSources-normal/arm64 -Xcc -I/Users/steipete/Library/Developer/Xcode/DerivedData/CodeLooper-crrddjihwjtfkwegrjrymctnfixv/Build/Intermediates.noindex/swift-async-algorithms.build/Debug/AsyncAlgorithms.build/DerivedSources/arm64 -Xcc -I/Users/steipete/Library/Developer/Xcode/DerivedData/CodeLooper-crrddjihwjtfkwegrjrymctnfixv/Build/Intermediates.noindex/swift-async-algorithms.build/Debug/AsyncAlgorithms.build/DerivedSources -Xcc -DSWIFT_PACKAGE -Xcc -DDEBUG\=1 -emit-objc-header -emit-objc-header-path /Users/steipete/Library/Developer/Xcode/DerivedData/CodeLooper-crrddjihwjtfkwegrjrymctnfixv/Build/Intermediates.noindex/swift-async-algorithms.build/Debug/AsyncAlgorithms.build/Objects-normal/arm64/AsyncAlgorithms-Swift.h -working-directory /Users/steipete/Projects/CodeLooper -experimental-emit-module-separately -disable-cmo

SwiftCompile normal arm64 Compiling\ AXpectorViewModel+NodeOperations.swift,\ AXpectorViewModel+Permissions.swift /Users/steipete/Projects/CodeLooper/AXpector/Sources/AXpector/ViewModelExtensions/AXpectorViewModel+NodeOperations.swift /Users/steipete/Projects/CodeLooper/AXpector/Sources/AXpector/ViewModelExtensions/AXpectorViewModel+Permissions.swift (in target 'AXpector' from project 'AXpector')

SwiftCompile normal arm64 /Users/steipete/Projects/CodeLooper/AXpector/Sources/AXpector/ViewModelExtensions/AXpectorViewModel+NodeOperations.swift (in target 'AXpector' from project 'AXpector')
    cd /Users/steipete/Projects/CodeLooper
    

SwiftCompile normal arm64 /Users/steipete/Projects/CodeLooper/AXpector/Sources/AXpector/ViewModelExtensions/AXpectorViewModel+Permissions.swift (in target 'AXpector' from project 'AXpector')
    cd /Users/steipete/Projects/CodeLooper
    

SwiftCompile normal arm64 Compiling\ RecursiveNodeView.swift,\ SearchFieldsView.swift /Users/steipete/Projects/CodeLooper/AXpector/Sources/AXpector/Views/RecursiveNodeView.swift /Users/steipete/Projects/CodeLooper/AXpector/Sources/AXpector/Views/SearchFieldsView.swift (in target 'AXpector' from project 'AXpector')

SwiftCompile normal arm64 /Users/steipete/Projects/CodeLooper/AXpector/Sources/AXpector/Views/RecursiveNodeView.swift (in target 'AXpector' from project 'AXpector')
    cd /Users/steipete/Projects/CodeLooper
    

SwiftCompile normal arm64 /Users/steipete/Projects/CodeLooper/AXpector/Sources/AXpector/Views/SearchFieldsView.swift (in target 'AXpector' from project 'AXpector')
    cd /Users/steipete/Projects/CodeLooper
    

SwiftDriverJobDiscovery normal arm64 Emitting module for OpenAI (in target 'OpenAI' from project 'OpenAI')

SwiftDriver\ Compilation\ Requirements OpenAI normal arm64 com.apple.xcode.tools.swift.compiler (in target 'OpenAI' from project 'OpenAI')
    cd /Users/steipete/Projects/CodeLooper
    builtin-Swift-Compilation-Requirements -- /Applications/Xcode-beta.app/Contents/Developer/Toolchains/XcodeDefault.xctoolchain/usr/bin/swiftc -module-name OpenAI -Onone -enforce-exclusivity\=checked @/Users/steipete/Library/Developer/Xcode/DerivedData/CodeLooper-crrddjihwjtfkwegrjrymctnfixv/Build/Intermediates.noindex/OpenAI.build/Debug/OpenAI.build/Objects-normal/arm64/OpenAI.SwiftFileList -DSWIFT_PACKAGE -DDEBUG -DSWIFT_MODULE_RESOURCE_BUNDLE_UNAVAILABLE -DXcode -plugin-path /Applications/Xcode-beta.app/Contents/Developer/Toolchains/XcodeDefault.xctoolchain/usr/lib/swift/host/plugins/testing -enable-experimental-feature DebugDescriptionMacro -sdk /Applications/Xcode-beta.app/Contents/Developer/Platforms/MacOSX.platform/Developer/SDKs/MacOSX26.0.sdk -target arm64-apple-macos10.15 -g -module-cache-path /Users/steipete/Library/Developer/Xcode/DerivedData/ModuleCache.noindex -Xfrontend -serialize-debugging-options -profile-coverage-mapping -profile-generate -enable-testing -suppress-warnings -index-store-path /Users/steipete/Library/Developer/Xcode/DerivedData/CodeLooper-crrddjihwjtfkwegrjrymctnfixv/Index.noindex/DataStore -swift-version 5 -I /Users/steipete/Library/Developer/Xcode/DerivedData/CodeLooper-crrddjihwjtfkwegrjrymctnfixv/Build/Products/Debug -I /Applications/Xcode-beta.app/Contents/Developer/Platforms/MacOSX.platform/Developer/usr/lib -F /Users/steipete/Library/Developer/Xcode/DerivedData/CodeLooper-crrddjihwjtfkwegrjrymctnfixv/Build/Products/Debug/PackageFrameworks -F /Users/steipete/Library/Developer/Xcode/DerivedData/CodeLooper-crrddjihwjtfkwegrjrymctnfixv/Build/Products/Debug/PackageFrameworks -F /Users/steipete/Library/Developer/Xcode/DerivedData/CodeLooper-crrddjihwjtfkwegrjrymctnfixv/Build/Products/Debug -F /Applications/Xcode-beta.app/Contents/Developer/Platforms/MacOSX.platform/Developer/Library/Frameworks -c -j16 -enable-batch-mode -incremental -Xcc -ivfsstatcache -Xcc /Users/steipete/Library/Developer/Xcode/DerivedData/SDKStatCaches.noindex/macosx26.0-25A5279m-5d9328ff1a6613a11d359de947506b52.sdkstatcache -output-file-map /Users/steipete/Library/Developer/Xcode/DerivedData/CodeLooper-crrddjihwjtfkwegrjrymctnfixv/Build/Intermediates.noindex/OpenAI.build/Debug/OpenAI.build/Objects-normal/arm64/OpenAI-OutputFileMap.json -use-frontend-parseable-output -save-temps -no-color-diagnostics -explicit-module-build -module-cache-path /Users/steipete/Library/Developer/Xcode/DerivedData/CodeLooper-crrddjihwjtfkwegrjrymctnfixv/Build/Intermediates.noindex/SwiftExplicitPrecompiledModules -clang-scanner-module-cache-path /Users/steipete/Library/Developer/Xcode/DerivedData/ModuleCache.noindex -sdk-module-cache-path /Users/steipete/Library/Developer/Xcode/DerivedData/ModuleCache.noindex -serialize-diagnostics -emit-dependencies -emit-module -emit-module-path /Users/steipete/Library/Developer/Xcode/DerivedData/CodeLooper-crrddjihwjtfkwegrjrymctnfixv/Build/Intermediates.noindex/OpenAI.build/Debug/OpenAI.build/Objects-normal/arm64/OpenAI.swiftmodule -validate-clang-modules-once -clang-build-session-file /Users/steipete/Library/Developer/Xcode/DerivedData/ModuleCache.noindex/Session.modulevalidation -package-name openai -Xcc -I/Users/steipete/Library/Developer/Xcode/DerivedData/CodeLooper-crrddjihwjtfkwegrjrymctnfixv/Build/Intermediates.noindex/OpenAI.build/Debug/OpenAI.build/swift-overrides.hmap -emit-const-values -Xfrontend -const-gather-protocols-file -Xfrontend /Users/steipete/Library/Developer/Xcode/DerivedData/CodeLooper-crrddjihwjtfkwegrjrymctnfixv/Build/Intermediates.noindex/OpenAI.build/Debug/OpenAI.build/Objects-normal/arm64/OpenAI_const_extract_protocols.json -Xcc -I/Users/steipete/Library/Developer/Xcode/DerivedData/CodeLooper-crrddjihwjtfkwegrjrymctnfixv/Build/Products/Debug/include -Xcc -I/Users/steipete/Library/Developer/Xcode/DerivedData/CodeLooper-crrddjihwjtfkwegrjrymctnfixv/Build/Intermediates.noindex/OpenAI.build/Debug/OpenAI.build/DerivedSources-normal/arm64 -Xcc -I/Users/steipete/Library/Developer/Xcode/DerivedData/CodeLooper-crrddjihwjtfkwegrjrymctnfixv/Build/Intermediates.noindex/OpenAI.build/Debug/OpenAI.build/DerivedSources/arm64 -Xcc -I/Users/steipete/Library/Developer/Xcode/DerivedData/CodeLooper-crrddjihwjtfkwegrjrymctnfixv/Build/Intermediates.noindex/OpenAI.build/Debug/OpenAI.build/DerivedSources -Xcc -DSWIFT_PACKAGE -Xcc -DDEBUG\=1 -emit-objc-header -emit-objc-header-path /Users/steipete/Library/Developer/Xcode/DerivedData/CodeLooper-crrddjihwjtfkwegrjrymctnfixv/Build/Intermediates.noindex/OpenAI.build/Debug/OpenAI.build/Objects-normal/arm64/OpenAI-Swift.h -working-directory /Users/steipete/Projects/CodeLooper -experimental-emit-module-separately -disable-cmo

SwiftDriverJobDiscovery normal arm64 Compiling AXpectorViewModel+FocusTracking.swift, AXpectorViewModel+Highlighting.swift (in target 'AXpector' from project 'AXpector')

SwiftCompile normal arm64 Compiling\ AXpectorView.swift,\ AXpectorViewModel.swift /Users/steipete/Projects/CodeLooper/AXpector/Sources/AXpector/AXpectorView.swift /Users/steipete/Projects/CodeLooper/AXpector/Sources/AXpector/AXpectorViewModel.swift (in target 'AXpector' from project 'AXpector')

SwiftCompile normal arm64 /Users/steipete/Projects/CodeLooper/AXpector/Sources/AXpector/AXpectorView.swift (in target 'AXpector' from project 'AXpector')
    cd /Users/steipete/Projects/CodeLooper
    

SwiftCompile normal arm64 /Users/steipete/Projects/CodeLooper/AXpector/Sources/AXpector/AXpectorViewModel.swift (in target 'AXpector' from project 'AXpector')
    cd /Users/steipete/Projects/CodeLooper
    

SwiftMergeGeneratedHeaders /Users/steipete/Library/Developer/Xcode/DerivedData/CodeLooper-crrddjihwjtfkwegrjrymctnfixv/Build/Intermediates.noindex/GeneratedModuleMaps/OpenAI-Swift.h /Users/steipete/Library/Developer/Xcode/DerivedData/CodeLooper-crrddjihwjtfkwegrjrymctnfixv/Build/Intermediates.noindex/OpenAI.build/Debug/OpenAI.build/Objects-normal/arm64/OpenAI-Swift.h (in target 'OpenAI' from project 'OpenAI')
    cd /Users/steipete/Library/Developer/Xcode/DerivedData/CodeLooper-crrddjihwjtfkwegrjrymctnfixv/SourcePackages/checkouts/OpenAI
    builtin-swiftHeaderTool -arch arm64 /Users/steipete/Library/Developer/Xcode/DerivedData/CodeLooper-crrddjihwjtfkwegrjrymctnfixv/Build/Intermediates.noindex/OpenAI.build/Debug/OpenAI.build/Objects-normal/arm64/OpenAI-Swift.h -o /Users/steipete/Library/Developer/Xcode/DerivedData/CodeLooper-crrddjihwjtfkwegrjrymctnfixv/Build/Intermediates.noindex/GeneratedModuleMaps/OpenAI-Swift.h

SwiftDriverJobDiscovery normal arm64 Compiling HighlightViewController.swift, HighlightWindow.swift (in target 'AXpector' from project 'AXpector')

Copy /Users/steipete/Library/Developer/Xcode/DerivedData/CodeLooper-crrddjihwjtfkwegrjrymctnfixv/Build/Products/Debug/OpenAI.swiftmodule/arm64-apple-macos.swiftmodule /Users/steipete/Library/Developer/Xcode/DerivedData/CodeLooper-crrddjihwjtfkwegrjrymctnfixv/Build/Intermediates.noindex/OpenAI.build/Debug/OpenAI.build/Objects-normal/arm64/OpenAI.swiftmodule (in target 'OpenAI' from project 'OpenAI')
    cd /Users/steipete/Library/Developer/Xcode/DerivedData/CodeLooper-crrddjihwjtfkwegrjrymctnfixv/SourcePackages/checkouts/OpenAI
    builtin-copy -exclude .DS_Store -exclude CVS -exclude .svn -exclude .git -exclude .hg -resolve-src-symlinks -rename /Users/steipete/Library/Developer/Xcode/DerivedData/CodeLooper-crrddjihwjtfkwegrjrymctnfixv/Build/Intermediates.noindex/OpenAI.build/Debug/OpenAI.build/Objects-normal/arm64/OpenAI.swiftmodule /Users/steipete/Library/Developer/Xcode/DerivedData/CodeLooper-crrddjihwjtfkwegrjrymctnfixv/Build/Products/Debug/OpenAI.swiftmodule/arm64-apple-macos.swiftmodule

Copy /Users/steipete/Library/Developer/Xcode/DerivedData/CodeLooper-crrddjihwjtfkwegrjrymctnfixv/Build/Products/Debug/OpenAI.swiftmodule/arm64-apple-macos.swiftdoc /Users/steipete/Library/Developer/Xcode/DerivedData/CodeLooper-crrddjihwjtfkwegrjrymctnfixv/Build/Intermediates.noindex/OpenAI.build/Debug/OpenAI.build/Objects-normal/arm64/OpenAI.swiftdoc (in target 'OpenAI' from project 'OpenAI')
    cd /Users/steipete/Library/Developer/Xcode/DerivedData/CodeLooper-crrddjihwjtfkwegrjrymctnfixv/SourcePackages/checkouts/OpenAI
    builtin-copy -exclude .DS_Store -exclude CVS -exclude .svn -exclude .git -exclude .hg -resolve-src-symlinks -rename /Users/steipete/Library/Developer/Xcode/DerivedData/CodeLooper-crrddjihwjtfkwegrjrymctnfixv/Build/Intermediates.noindex/OpenAI.build/Debug/OpenAI.build/Objects-normal/arm64/OpenAI.swiftdoc /Users/steipete/Library/Developer/Xcode/DerivedData/CodeLooper-crrddjihwjtfkwegrjrymctnfixv/Build/Products/Debug/OpenAI.swiftmodule/arm64-apple-macos.swiftdoc

Copy /Users/steipete/Library/Developer/Xcode/DerivedData/CodeLooper-crrddjihwjtfkwegrjrymctnfixv/Build/Products/Debug/OpenAI.swiftmodule/arm64-apple-macos.abi.json /Users/steipete/Library/Developer/Xcode/DerivedData/CodeLooper-crrddjihwjtfkwegrjrymctnfixv/Build/Intermediates.noindex/OpenAI.build/Debug/OpenAI.build/Objects-normal/arm64/OpenAI.abi.json (in target 'OpenAI' from project 'OpenAI')
    cd /Users/steipete/Library/Developer/Xcode/DerivedData/CodeLooper-crrddjihwjtfkwegrjrymctnfixv/SourcePackages/checkouts/OpenAI
    builtin-copy -exclude .DS_Store -exclude CVS -exclude .svn -exclude .git -exclude .hg -resolve-src-symlinks -rename /Users/steipete/Library/Developer/Xcode/DerivedData/CodeLooper-crrddjihwjtfkwegrjrymctnfixv/Build/Intermediates.noindex/OpenAI.build/Debug/OpenAI.build/Objects-normal/arm64/OpenAI.abi.json /Users/steipete/Library/Developer/Xcode/DerivedData/CodeLooper-crrddjihwjtfkwegrjrymctnfixv/Build/Products/Debug/OpenAI.swiftmodule/arm64-apple-macos.abi.json

Copy /Users/steipete/Library/Developer/Xcode/DerivedData/CodeLooper-crrddjihwjtfkwegrjrymctnfixv/Build/Products/Debug/OpenAI.swiftmodule/Project/arm64-apple-macos.swiftsourceinfo /Users/steipete/Library/Developer/Xcode/DerivedData/CodeLooper-crrddjihwjtfkwegrjrymctnfixv/Build/Intermediates.noindex/OpenAI.build/Debug/OpenAI.build/Objects-normal/arm64/OpenAI.swiftsourceinfo (in target 'OpenAI' from project 'OpenAI')
    cd /Users/steipete/Library/Developer/Xcode/DerivedData/CodeLooper-crrddjihwjtfkwegrjrymctnfixv/SourcePackages/checkouts/OpenAI
    builtin-copy -exclude .DS_Store -exclude CVS -exclude .svn -exclude .git -exclude .hg -resolve-src-symlinks -rename /Users/steipete/Library/Developer/Xcode/DerivedData/CodeLooper-crrddjihwjtfkwegrjrymctnfixv/Build/Intermediates.noindex/OpenAI.build/Debug/OpenAI.build/Objects-normal/arm64/OpenAI.swiftsourceinfo /Users/steipete/Library/Developer/Xcode/DerivedData/CodeLooper-crrddjihwjtfkwegrjrymctnfixv/Build/Products/Debug/OpenAI.swiftmodule/Project/arm64-apple-macos.swiftsourceinfo

SwiftCompile normal arm64 Compiling\ MainContentView.swift,\ ModeControlsView.swift /Users/steipete/Projects/CodeLooper/AXpector/Sources/AXpector/Views/MainContentView.swift /Users/steipete/Projects/CodeLooper/AXpector/Sources/AXpector/Views/ModeControlsView.swift (in target 'AXpector' from project 'AXpector')

SwiftCompile normal arm64 /Users/steipete/Projects/CodeLooper/AXpector/Sources/AXpector/Views/MainContentView.swift (in target 'AXpector' from project 'AXpector')
    cd /Users/steipete/Projects/CodeLooper
    

SwiftCompile normal arm64 /Users/steipete/Projects/CodeLooper/AXpector/Sources/AXpector/Views/ModeControlsView.swift (in target 'AXpector' from project 'AXpector')
    cd /Users/steipete/Projects/CodeLooper
    

SwiftCompile normal arm64 Compiling\ AXPropertyNode.swift,\ AXpectorViewModel+AppAndTreeHandling.swift /Users/steipete/Projects/CodeLooper/AXpector/Sources/AXpector/Models/AXPropertyNode.swift /Users/steipete/Projects/CodeLooper/AXpector/Sources/AXpector/ViewModelExtensions/AXpectorViewModel+AppAndTreeHandling.swift (in target 'AXpector' from project 'AXpector')

SwiftCompile normal arm64 /Users/steipete/Projects/CodeLooper/AXpector/Sources/AXpector/Models/AXPropertyNode.swift (in target 'AXpector' from project 'AXpector')
    cd /Users/steipete/Projects/CodeLooper
    

SwiftCompile normal arm64 /Users/steipete/Projects/CodeLooper/AXpector/Sources/AXpector/ViewModelExtensions/AXpectorViewModel+AppAndTreeHandling.swift (in target 'AXpector' from project 'AXpector')
    cd /Users/steipete/Projects/CodeLooper
    

SwiftDriverJobDiscovery normal arm64 Compiling ErrorStateView.swift, ErrorView.swift (in target 'AXpector' from project 'AXpector')

SwiftDriverJobDiscovery normal arm64 Compiling FilterHelpView.swift, LoadingView.swift (in target 'AXpector' from project 'AXpector')

SwiftCompile normal arm64 Compiling\ AXpectorViewModel+AttributeEditing.swift,\ AXpectorViewModel+Filtering.swift /Users/steipete/Projects/CodeLooper/AXpector/Sources/AXpector/ViewModelExtensions/AXpectorViewModel+AttributeEditing.swift /Users/steipete/Projects/CodeLooper/AXpector/Sources/AXpector/ViewModelExtensions/AXpectorViewModel+Filtering.swift (in target 'AXpector' from project 'AXpector')

SwiftCompile normal arm64 /Users/steipete/Projects/CodeLooper/AXpector/Sources/AXpector/ViewModelExtensions/AXpectorViewModel+AttributeEditing.swift (in target 'AXpector' from project 'AXpector')
    cd /Users/steipete/Projects/CodeLooper
    

SwiftCompile normal arm64 /Users/steipete/Projects/CodeLooper/AXpector/Sources/AXpector/ViewModelExtensions/AXpectorViewModel+Filtering.swift (in target 'AXpector' from project 'AXpector')
    cd /Users/steipete/Projects/CodeLooper
    

SwiftCompile normal arm64 Compiling\ EmptyStateView.swift,\ EmptyTreeView.swift /Users/steipete/Projects/CodeLooper/AXpector/Sources/AXpector/Views/EmptyStateView.swift /Users/steipete/Projects/CodeLooper/AXpector/Sources/AXpector/Views/EmptyTreeView.swift (in target 'AXpector' from project 'AXpector')

SwiftCompile normal arm64 /Users/steipete/Projects/CodeLooper/AXpector/Sources/AXpector/Views/EmptyStateView.swift (in target 'AXpector' from project 'AXpector')
    cd /Users/steipete/Projects/CodeLooper
    

SwiftCompile normal arm64 /Users/steipete/Projects/CodeLooper/AXpector/Sources/AXpector/Views/EmptyTreeView.swift (in target 'AXpector' from project 'AXpector')
    cd /Users/steipete/Projects/CodeLooper
    

SwiftDriverJobDiscovery normal arm64 Compiling AsyncChannelOutboundWriter.swift, NIOAsyncSequenceProducer.swift, NIOAsyncSequenceProducerStrategies.swift, NIOAsyncWriter.swift, NIOThrowingAsyncSequenceProducer.swift (in target 'NIOCore' from project 'swift-nio')

SwiftCompile normal arm64 Compiling\ NodeDetailsView.swift,\ NodeLabel.swift /Users/steipete/Projects/CodeLooper/AXpector/Sources/AXpector/Views/NodeDetailsView.swift /Users/steipete/Projects/CodeLooper/AXpector/Sources/AXpector/Views/NodeLabel.swift (in target 'AXpector' from project 'AXpector')

SwiftCompile normal arm64 /Users/steipete/Projects/CodeLooper/AXpector/Sources/AXpector/Views/NodeDetailsView.swift (in target 'AXpector' from project 'AXpector')
    cd /Users/steipete/Projects/CodeLooper
    

SwiftCompile normal arm64 /Users/steipete/Projects/CodeLooper/AXpector/Sources/AXpector/Views/NodeLabel.swift (in target 'AXpector' from project 'AXpector')
    cd /Users/steipete/Projects/CodeLooper
    

SwiftDriverJobDiscovery normal arm64 Compiling CircularBuffer.swift, Codec.swift, ConvenienceOptionSupport.swift, DeadChannel.swift (in target 'NIOCore' from project 'swift-nio')

SwiftDriverJobDiscovery normal arm64 Compiling SingleStepByteToMessageDecoder.swift, SocketAddresses.swift, SocketOptionProvider.swift, SystemCallHelpers.swift (in target 'NIOCore' from project 'swift-nio')

SwiftDriver\ Compilation AXorcist normal arm64 com.apple.xcode.tools.swift.compiler (in target 'AXorcist' from project 'axPackage')
    cd /Users/steipete/Projects/CodeLooper
    builtin-Swift-Compilation -- /Applications/Xcode-beta.app/Contents/Developer/Toolchains/XcodeDefault.xctoolchain/usr/bin/swiftc -module-name AXorcist -Onone -enforce-exclusivity\=checked @/Users/steipete/Library/Developer/Xcode/DerivedData/CodeLooper-crrddjihwjtfkwegrjrymctnfixv/Build/Intermediates.noindex/axPackage.build/Debug/AXorcist.build/Objects-normal/arm64/AXorcist.SwiftFileList -DSWIFT_PACKAGE -DDEBUG -DSWIFT_MODULE_RESOURCE_BUNDLE_UNAVAILABLE -DXcode -plugin-path /Applications/Xcode-beta.app/Contents/Developer/Toolchains/XcodeDefault.xctoolchain/usr/lib/swift/host/plugins/testing -enable-experimental-feature DebugDescriptionMacro -sdk /Applications/Xcode-beta.app/Contents/Developer/Platforms/MacOSX.platform/Developer/SDKs/MacOSX26.0.sdk -target arm64-apple-macos13.0 -g -module-cache-path /Users/steipete/Library/Developer/Xcode/DerivedData/ModuleCache.noindex -Xfrontend -serialize-debugging-options -profile-coverage-mapping -profile-generate -enable-testing -index-store-path /Users/steipete/Library/Developer/Xcode/DerivedData/CodeLooper-crrddjihwjtfkwegrjrymctnfixv/Index.noindex/DataStore -swift-version 6 -I /Users/steipete/Library/Developer/Xcode/DerivedData/CodeLooper-crrddjihwjtfkwegrjrymctnfixv/Build/Products/Debug -I /Applications/Xcode-beta.app/Contents/Developer/Platforms/MacOSX.platform/Developer/usr/lib -F /Users/steipete/Library/Developer/Xcode/DerivedData/CodeLooper-crrddjihwjtfkwegrjrymctnfixv/Build/Products/Debug/PackageFrameworks -F /Users/steipete/Library/Developer/Xcode/DerivedData/CodeLooper-crrddjihwjtfkwegrjrymctnfixv/Build/Products/Debug -F /Applications/Xcode-beta.app/Contents/Developer/Platforms/MacOSX.platform/Developer/Library/Frameworks -c -j16 -enable-batch-mode -incremental -Xcc -ivfsstatcache -Xcc /Users/steipete/Library/Developer/Xcode/DerivedData/SDKStatCaches.noindex/macosx26.0-25A5279m-5d9328ff1a6613a11d359de947506b52.sdkstatcache -output-file-map /Users/steipete/Library/Developer/Xcode/DerivedData/CodeLooper-crrddjihwjtfkwegrjrymctnfixv/Build/Intermediates.noindex/axPackage.build/Debug/AXorcist.build/Objects-normal/arm64/AXorcist-OutputFileMap.json -use-frontend-parseable-output -save-temps -no-color-diagnostics -explicit-module-build -module-cache-path /Users/steipete/Library/Developer/Xcode/DerivedData/CodeLooper-crrddjihwjtfkwegrjrymctnfixv/Build/Intermediates.noindex/SwiftExplicitPrecompiledModules -clang-scanner-module-cache-path /Users/steipete/Library/Developer/Xcode/DerivedData/ModuleCache.noindex -sdk-module-cache-path /Users/steipete/Library/Developer/Xcode/DerivedData/ModuleCache.noindex -serialize-diagnostics -emit-dependencies -emit-module -emit-module-path /Users/steipete/Library/Developer/Xcode/DerivedData/CodeLooper-crrddjihwjtfkwegrjrymctnfixv/Build/Intermediates.noindex/axPackage.build/Debug/AXorcist.build/Objects-normal/arm64/AXorcist.swiftmodule -validate-clang-modules-once -clang-build-session-file /Users/steipete/Library/Developer/Xcode/DerivedData/ModuleCache.noindex/Session.modulevalidation -package-name axorcist -Xcc -I/Users/steipete/Library/Developer/Xcode/DerivedData/CodeLooper-crrddjihwjtfkwegrjrymctnfixv/Build/Intermediates.noindex/axPackage.build/Debug/AXorcist.build/swift-overrides.hmap -emit-const-values -Xfrontend -const-gather-protocols-file -Xfrontend /Users/steipete/Library/Developer/Xcode/DerivedData/CodeLooper-crrddjihwjtfkwegrjrymctnfixv/Build/Intermediates.noindex/axPackage.build/Debug/AXorcist.build/Objects-normal/arm64/AXorcist_const_extract_protocols.json -Xcc -I/Users/steipete/Library/Developer/Xcode/DerivedData/CodeLooper-crrddjihwjtfkwegrjrymctnfixv/Build/Products/Debug/include -Xcc -I/Users/steipete/Library/Developer/Xcode/DerivedData/CodeLooper-crrddjihwjtfkwegrjrymctnfixv/Build/Intermediates.noindex/axPackage.build/Debug/AXorcist.build/DerivedSources-normal/arm64 -Xcc -I/Users/steipete/Library/Developer/Xcode/DerivedData/CodeLooper-crrddjihwjtfkwegrjrymctnfixv/Build/Intermediates.noindex/axPackage.build/Debug/AXorcist.build/DerivedSources/arm64 -Xcc -I/Users/steipete/Library/Developer/Xcode/DerivedData/CodeLooper-crrddjihwjtfkwegrjrymctnfixv/Build/Intermediates.noindex/axPackage.build/Debug/AXorcist.build/DerivedSources -Xcc -DSWIFT_PACKAGE -Xcc -DDEBUG\=1 -emit-objc-header -emit-objc-header-path /Users/steipete/Library/Developer/Xcode/DerivedData/CodeLooper-crrddjihwjtfkwegrjrymctnfixv/Build/Intermediates.noindex/axPackage.build/Debug/AXorcist.build/Objects-normal/arm64/AXorcist-Swift.h -working-directory /Users/steipete/Projects/CodeLooper -experimental-emit-module-separately -disable-cmo

Ld /Users/steipete/Library/Developer/Xcode/DerivedData/CodeLooper-crrddjihwjtfkwegrjrymctnfixv/Build/Products/Debug/AXorcist.o normal (in target 'AXorcist' from project 'axPackage')
    cd /Users/steipete/Projects/CodeLooper/AXorcist
    /Applications/Xcode-beta.app/Contents/Developer/Toolchains/XcodeDefault.xctoolchain/usr/bin/clang -Xlinker -reproducible -target arm64-apple-macos13.0 -r -isysroot /Applications/Xcode-beta.app/Contents/Developer/Platforms/MacOSX.platform/Developer/SDKs/MacOSX26.0.sdk -O0 -L/Users/steipete/Library/Developer/Xcode/DerivedData/CodeLooper-crrddjihwjtfkwegrjrymctnfixv/Build/Intermediates.noindex/EagerLinkingTBDs/Debug -L/Users/steipete/Library/Developer/Xcode/DerivedData/CodeLooper-crrddjihwjtfkwegrjrymctnfixv/Build/Products/Debug -L/Applications/Xcode-beta.app/Contents/Developer/Platforms/MacOSX.platform/Developer/usr/lib -F/Users/steipete/Library/Developer/Xcode/DerivedData/CodeLooper-crrddjihwjtfkwegrjrymctnfixv/Build/Intermediates.noindex/EagerLinkingTBDs/Debug -F/Users/steipete/Library/Developer/Xcode/DerivedData/CodeLooper-crrddjihwjtfkwegrjrymctnfixv/Build/Products/Debug/PackageFrameworks -F/Users/steipete/Library/Developer/Xcode/DerivedData/CodeLooper-crrddjihwjtfkwegrjrymctnfixv/Build/Products/Debug -iframework /Applications/Xcode-beta.app/Contents/Developer/Platforms/MacOSX.platform/Developer/Library/Frameworks -filelist /Users/steipete/Library/Developer/Xcode/DerivedData/CodeLooper-crrddjihwjtfkwegrjrymctnfixv/Build/Intermediates.noindex/axPackage.build/Debug/AXorcist.build/Objects-normal/arm64/AXorcist.LinkFileList -nostdlib -Xlinker -object_path_lto -Xlinker /Users/steipete/Library/Developer/Xcode/DerivedData/CodeLooper-crrddjihwjtfkwegrjrymctnfixv/Build/Intermediates.noindex/axPackage.build/Debug/AXorcist.build/Objects-normal/arm64/AXorcist_lto.o -rdynamic -Xlinker -no_deduplicate -Xlinker -debug_variant -Xlinker -dependency_info -Xlinker /Users/steipete/Library/Developer/Xcode/DerivedData/CodeLooper-crrddjihwjtfkwegrjrymctnfixv/Build/Intermediates.noindex/axPackage.build/Debug/AXorcist.build/Objects-normal/arm64/AXorcist_dependency_info.dat -fobjc-link-runtime -L/Applications/Xcode-beta.app/Contents/Developer/Toolchains/XcodeDefault.xctoolchain/usr/lib/swift/macosx -L/usr/lib/swift -Xlinker -add_ast_path -Xlinker /Users/steipete/Library/Developer/Xcode/DerivedData/CodeLooper-crrddjihwjtfkwegrjrymctnfixv/Build/Intermediates.noindex/axPackage.build/Debug/AXorcist.build/Objects-normal/arm64/AXorcist.swiftmodule @/Users/steipete/Library/Developer/Xcode/DerivedData/CodeLooper-crrddjihwjtfkwegrjrymctnfixv/Build/Intermediates.noindex/axPackage.build/Debug/AXorcist.build/Objects-normal/arm64/AXorcist-linker-args.resp -o /Users/steipete/Library/Developer/Xcode/DerivedData/CodeLooper-crrddjihwjtfkwegrjrymctnfixv/Build/Products/Debug/AXorcist.o

SwiftDriverJobDiscovery normal arm64 Compiling TreeContentView.swift, TreeSidebarView.swift (in target 'AXpector' from project 'AXpector')

SwiftDriverJobDiscovery normal arm64 Compiling RecursiveNodeView.swift, SearchFieldsView.swift (in target 'AXpector' from project 'AXpector')

ScanDependencies /Users/steipete/Library/Developer/Xcode/DerivedData/CodeLooper-crrddjihwjtfkwegrjrymctnfixv/Build/Intermediates.noindex/CodeLooper.build/Debug/Diagnostics.build/Objects-normal/arm64/Diagnostics_vers.o /Users/steipete/Library/Developer/Xcode/DerivedData/CodeLooper-crrddjihwjtfkwegrjrymctnfixv/Build/Intermediates.noindex/CodeLooper.build/Debug/Diagnostics.build/DerivedSources/Diagnostics_vers.c normal arm64 c com.apple.compilers.llvm.clang.1_0.compiler (in target 'Diagnostics' from project 'CodeLooper')
    cd /Users/steipete/Projects/CodeLooper
    
    Using response file: /Users/steipete/Library/Developer/Xcode/DerivedData/CodeLooper-crrddjihwjtfkwegrjrymctnfixv/Build/Intermediates.noindex/CodeLooper.build/Debug/Diagnostics.build/Objects-normal/arm64/7187679823f38a2a940e0043cdf9d637-common-args.resp
    
    builtin-ScanDependencies -o /Users/steipete/Library/Developer/Xcode/DerivedData/CodeLooper-crrddjihwjtfkwegrjrymctnfixv/Build/Intermediates.noindex/CodeLooper.build/Debug/Diagnostics.build/Objects-normal/arm64/Diagnostics_vers.o.scan -- /Applications/Xcode-beta.app/Contents/Developer/Toolchains/XcodeDefault.xctoolchain/usr/bin/clang -x c -ivfsstatcache /Users/steipete/Library/Developer/Xcode/DerivedData/SDKStatCaches.noindex/macosx26.0-25A5279m-5d9328ff1a6613a11d359de947506b52.sdkstatcache -fmessage-length\=0 -fdiagnostics-show-note-include-stack -fmacro-backtrace-limit\=0 -fno-color-diagnostics -fmodules-prune-interval\=86400 -fmodules-prune-after\=345600 -fbuild-session-file\=/Users/steipete/Library/Developer/Xcode/DerivedData/ModuleCache.noindex/Session.modulevalidation -fmodules-validate-once-per-build-session -Wnon-modular-include-in-framework-module -Werror\=non-modular-include-in-framework-module -Wno-trigraphs -Wno-missing-field-initializers -Wno-missing-prototypes -Werror\=return-type -Wdocumentation -Wunreachable-code -Wquoted-include-in-framework-header -Werror\=deprecated-objc-isa-usage -Werror\=objc-root-class -Wno-missing-braces -Wparentheses -Wswitch -Wunused-function -Wno-unused-label -Wno-unused-parameter -Wunused-variable -Wunused-value -Wempty-body -Wuninitialized -Wconditional-uninitialized -Wno-unknown-pragmas -Wno-shadow -Wno-four-char-constants -Wno-conversion -Wconstant-conversion -Wint-conversion -Wbool-conversion -Wenum-conversion -Wno-float-conversion -Wnon-literal-null-conversion -Wobjc-literal-conversion -Wshorten-64-to-32 -Wpointer-sign -Wno-newline-eof -Wno-implicit-fallthrough -fstrict-aliasing -Wdeprecated-declarations -Wno-sign-conversion -Winfinite-recursion -Wcomma -Wblock-capture-autoreleasing -Wstrict-prototypes -Wno-semicolon-before-method-body -Wunguarded-availability -index-store-path /Users/steipete/Library/Developer/Xcode/DerivedData/CodeLooper-crrddjihwjtfkwegrjrymctnfixv/Index.noindex/DataStore @/Users/steipete/Library/Developer/Xcode/DerivedData/CodeLooper-crrddjihwjtfkwegrjrymctnfixv/Build/Intermediates.noindex/CodeLooper.build/Debug/Diagnostics.build/Objects-normal/arm64/7187679823f38a2a940e0043cdf9d637-common-args.resp -MMD -MT dependencies -MF /Users/steipete/Library/Developer/Xcode/DerivedData/CodeLooper-crrddjihwjtfkwegrjrymctnfixv/Build/Intermediates.noindex/CodeLooper.build/Debug/Diagnostics.build/Objects-normal/arm64/Diagnostics_vers.d --serialize-diagnostics /Users/steipete/Library/Developer/Xcode/DerivedData/CodeLooper-crrddjihwjtfkwegrjrymctnfixv/Build/Intermediates.noindex/CodeLooper.build/Debug/Diagnostics.build/Objects-normal/arm64/Diagnostics_vers.dia -c /Users/steipete/Library/Developer/Xcode/DerivedData/CodeLooper-crrddjihwjtfkwegrjrymctnfixv/Build/Intermediates.noindex/CodeLooper.build/Debug/Diagnostics.build/DerivedSources/Diagnostics_vers.c -o /Users/steipete/Library/Developer/Xcode/DerivedData/CodeLooper-crrddjihwjtfkwegrjrymctnfixv/Build/Intermediates.noindex/CodeLooper.build/Debug/Diagnostics.build/Objects-normal/arm64/Diagnostics_vers.o -index-unit-output-path /CodeLooper.build/Debug/Diagnostics.build/Objects-normal/arm64/Diagnostics_vers.o

Ld /Users/steipete/Library/Developer/Xcode/DerivedData/CodeLooper-crrddjihwjtfkwegrjrymctnfixv/Build/Products/Debug/AsyncAlgorithms.o normal (in target 'AsyncAlgorithms' from project 'swift-async-algorithms')
    cd /Users/steipete/Library/Developer/Xcode/DerivedData/CodeLooper-crrddjihwjtfkwegrjrymctnfixv/SourcePackages/checkouts/swift-async-algorithms
    /Applications/Xcode-beta.app/Contents/Developer/Toolchains/XcodeDefault.xctoolchain/usr/bin/clang -Xlinker -reproducible -target arm64-apple-macos10.13 -r -isysroot /Applications/Xcode-beta.app/Contents/Developer/Platforms/MacOSX.platform/Developer/SDKs/MacOSX26.0.sdk -O0 -w -L/Users/steipete/Library/Developer/Xcode/DerivedData/CodeLooper-crrddjihwjtfkwegrjrymctnfixv/Build/Intermediates.noindex/EagerLinkingTBDs/Debug -L/Users/steipete/Library/Developer/Xcode/DerivedData/CodeLooper-crrddjihwjtfkwegrjrymctnfixv/Build/Products/Debug -L/Applications/Xcode-beta.app/Contents/Developer/Platforms/MacOSX.platform/Developer/usr/lib -F/Users/steipete/Library/Developer/Xcode/DerivedData/CodeLooper-crrddjihwjtfkwegrjrymctnfixv/Build/Intermediates.noindex/EagerLinkingTBDs/Debug -F/Users/steipete/Library/Developer/Xcode/DerivedData/CodeLooper-crrddjihwjtfkwegrjrymctnfixv/Build/Products/Debug/PackageFrameworks -F/Users/steipete/Library/Developer/Xcode/DerivedData/CodeLooper-crrddjihwjtfkwegrjrymctnfixv/Build/Products/Debug/PackageFrameworks -F/Users/steipete/Library/Developer/Xcode/DerivedData/CodeLooper-crrddjihwjtfkwegrjrymctnfixv/Build/Products/Debug/PackageFrameworks -F/Users/steipete/Library/Developer/Xcode/DerivedData/CodeLooper-crrddjihwjtfkwegrjrymctnfixv/Build/Products/Debug -iframework /Applications/Xcode-beta.app/Contents/Developer/Platforms/MacOSX.platform/Developer/Library/Frameworks -filelist /Users/steipete/Library/Developer/Xcode/DerivedData/CodeLooper-crrddjihwjtfkwegrjrymctnfixv/Build/Intermediates.noindex/swift-async-algorithms.build/Debug/AsyncAlgorithms.build/Objects-normal/arm64/AsyncAlgorithms.LinkFileList -nostdlib -Xlinker -object_path_lto -Xlinker /Users/steipete/Library/Developer/Xcode/DerivedData/CodeLooper-crrddjihwjtfkwegrjrymctnfixv/Build/Intermediates.noindex/swift-async-algorithms.build/Debug/AsyncAlgorithms.build/Objects-normal/arm64/AsyncAlgorithms_lto.o -rdynamic -Xlinker -no_deduplicate -Xlinker -debug_variant -Xlinker -dependency_info -Xlinker /Users/steipete/Library/Developer/Xcode/DerivedData/CodeLooper-crrddjihwjtfkwegrjrymctnfixv/Build/Intermediates.noindex/swift-async-algorithms.build/Debug/AsyncAlgorithms.build/Objects-normal/arm64/AsyncAlgorithms_dependency_info.dat -fobjc-link-runtime -L/Applications/Xcode-beta.app/Contents/Developer/Toolchains/XcodeDefault.xctoolchain/usr/lib/swift/macosx -L/usr/lib/swift -Xlinker -add_ast_path -Xlinker /Users/steipete/Library/Developer/Xcode/DerivedData/CodeLooper-crrddjihwjtfkwegrjrymctnfixv/Build/Intermediates.noindex/swift-async-algorithms.build/Debug/AsyncAlgorithms.build/Objects-normal/arm64/AsyncAlgorithms.swiftmodule @/Users/steipete/Library/Developer/Xcode/DerivedData/CodeLooper-crrddjihwjtfkwegrjrymctnfixv/Build/Intermediates.noindex/swift-async-algorithms.build/Debug/AsyncAlgorithms.build/Objects-normal/arm64/AsyncAlgorithms-linker-args.resp -o /Users/steipete/Library/Developer/Xcode/DerivedData/CodeLooper-crrddjihwjtfkwegrjrymctnfixv/Build/Products/Debug/AsyncAlgorithms.o

ExtractAppIntentsMetadata (in target 'Collections' from project 'swift-collections')
    cd /Users/steipete/Library/Developer/Xcode/DerivedData/CodeLooper-crrddjihwjtfkwegrjrymctnfixv/SourcePackages/checkouts/swift-collections
    /Applications/Xcode-beta.app/Contents/Developer/Toolchains/XcodeDefault.xctoolchain/usr/bin/appintentsmetadataprocessor --toolchain-dir /Applications/Xcode-beta.app/Contents/Developer/Toolchains/XcodeDefault.xctoolchain --module-name Collections --sdk-root /Applications/Xcode-beta.app/Contents/Developer/Platforms/MacOSX.platform/Developer/SDKs/MacOSX26.0.sdk --xcode-version 17A5241e --platform-family macOS --deployment-target 10.13 --bundle-identifier swift-collections.Collections --output /Users/steipete/Library/Developer/Xcode/DerivedData/CodeLooper-crrddjihwjtfkwegrjrymctnfixv/Build/Products/Debug/Collections.appintents --target-triple arm64-apple-macos10.13 --binary-file /Users/steipete/Library/Developer/Xcode/DerivedData/CodeLooper-crrddjihwjtfkwegrjrymctnfixv/Build/Products/Debug/Collections.o --dependency-file /Users/steipete/Library/Developer/Xcode/DerivedData/CodeLooper-crrddjihwjtfkwegrjrymctnfixv/Build/Intermediates.noindex/swift-collections.build/Debug/Collections.build/Objects-normal/arm64/Collections_dependency_info.dat --stringsdata-file /Users/steipete/Library/Developer/Xcode/DerivedData/CodeLooper-crrddjihwjtfkwegrjrymctnfixv/Build/Intermediates.noindex/swift-collections.build/Debug/Collections.build/Objects-normal/arm64/ExtractedAppShortcutsMetadata.stringsdata --source-file-list /Users/steipete/Library/Developer/Xcode/DerivedData/CodeLooper-crrddjihwjtfkwegrjrymctnfixv/Build/Intermediates.noindex/swift-collections.build/Debug/Collections.build/Objects-normal/arm64/Collections.SwiftFileList --metadata-file-list /Users/steipete/Library/Developer/Xcode/DerivedData/CodeLooper-crrddjihwjtfkwegrjrymctnfixv/Build/Intermediates.noindex/swift-collections.build/Debug/Collections.build/Collections.DependencyMetadataFileList --static-metadata-file-list /Users/steipete/Library/Developer/Xcode/DerivedData/CodeLooper-crrddjihwjtfkwegrjrymctnfixv/Build/Intermediates.noindex/swift-collections.build/Debug/Collections.build/Collections.DependencyStaticMetadataFileList --swift-const-vals-list /Users/steipete/Library/Developer/Xcode/DerivedData/CodeLooper-crrddjihwjtfkwegrjrymctnfixv/Build/Intermediates.noindex/swift-collections.build/Debug/Collections.build/Objects-normal/arm64/Collections.SwiftConstValuesFileList --force --compile-time-extraction --deployment-aware-processing --validate-assistant-intents --no-app-shortcuts-localization
2025-06-10 00:10:39.190 appintentsmetadataprocessor[98747:11269101] Starting appintentsmetadataprocessor export
2025-06-10 00:10:39.226 appintentsmetadataprocessor[98747:11269101] Extracted no relevant App Intents symbols, skipping writing output

SwiftDriverJobDiscovery normal arm64 Compiling ObserverNodeDetailsView.swift, ObserverView.swift (in target 'AXpector' from project 'AXpector')

CompileC /Users/steipete/Library/Developer/Xcode/DerivedData/CodeLooper-crrddjihwjtfkwegrjrymctnfixv/Build/Intermediates.noindex/CodeLooper.build/Debug/Diagnostics.build/Objects-normal/arm64/Diagnostics_vers.o /Users/steipete/Library/Developer/Xcode/DerivedData/CodeLooper-crrddjihwjtfkwegrjrymctnfixv/Build/Intermediates.noindex/CodeLooper.build/Debug/Diagnostics.build/DerivedSources/Diagnostics_vers.c normal arm64 c com.apple.compilers.llvm.clang.1_0.compiler (in target 'Diagnostics' from project 'CodeLooper')
    cd /Users/steipete/Projects/CodeLooper
    
    Using response file: /Users/steipete/Library/Developer/Xcode/DerivedData/CodeLooper-crrddjihwjtfkwegrjrymctnfixv/Build/Intermediates.noindex/CodeLooper.build/Debug/Diagnostics.build/Objects-normal/arm64/7187679823f38a2a940e0043cdf9d637-common-args.resp
    
    /Applications/Xcode-beta.app/Contents/Developer/Toolchains/XcodeDefault.xctoolchain/usr/bin/clang -x c -ivfsstatcache /Users/steipete/Library/Developer/Xcode/DerivedData/SDKStatCaches.noindex/macosx26.0-25A5279m-5d9328ff1a6613a11d359de947506b52.sdkstatcache -fmessage-length\=0 -fdiagnostics-show-note-include-stack -fmacro-backtrace-limit\=0 -fno-color-diagnostics -fmodules-prune-interval\=86400 -fmodules-prune-after\=345600 -fbuild-session-file\=/Users/steipete/Library/Developer/Xcode/DerivedData/ModuleCache.noindex/Session.modulevalidation -fmodules-validate-once-per-build-session -Wnon-modular-include-in-framework-module -Werror\=non-modular-include-in-framework-module -Wno-trigraphs -Wno-missing-field-initializers -Wno-missing-prototypes -Werror\=return-type -Wdocumentation -Wunreachable-code -Wquoted-include-in-framework-header -Werror\=deprecated-objc-isa-usage -Werror\=objc-root-class -Wno-missing-braces -Wparentheses -Wswitch -Wunused-function -Wno-unused-label -Wno-unused-parameter -Wunused-variable -Wunused-value -Wempty-body -Wuninitialized -Wconditional-uninitialized -Wno-unknown-pragmas -Wno-shadow -Wno-four-char-constants -Wno-conversion -Wconstant-conversion -Wint-conversion -Wbool-conversion -Wenum-conversion -Wno-float-conversion -Wnon-literal-null-conversion -Wobjc-literal-conversion -Wshorten-64-to-32 -Wpointer-sign -Wno-newline-eof -Wno-implicit-fallthrough -fstrict-aliasing -Wdeprecated-declarations -Wno-sign-conversion -Winfinite-recursion -Wcomma -Wblock-capture-autoreleasing -Wstrict-prototypes -Wno-semicolon-before-method-body -Wunguarded-availability -index-store-path /Users/steipete/Library/Developer/Xcode/DerivedData/CodeLooper-crrddjihwjtfkwegrjrymctnfixv/Index.noindex/DataStore @/Users/steipete/Library/Developer/Xcode/DerivedData/CodeLooper-crrddjihwjtfkwegrjrymctnfixv/Build/Intermediates.noindex/CodeLooper.build/Debug/Diagnostics.build/Objects-normal/arm64/7187679823f38a2a940e0043cdf9d637-common-args.resp -MMD -MT dependencies -MF /Users/steipete/Library/Developer/Xcode/DerivedData/CodeLooper-crrddjihwjtfkwegrjrymctnfixv/Build/Intermediates.noindex/CodeLooper.build/Debug/Diagnostics.build/Objects-normal/arm64/Diagnostics_vers.d --serialize-diagnostics /Users/steipete/Library/Developer/Xcode/DerivedData/CodeLooper-crrddjihwjtfkwegrjrymctnfixv/Build/Intermediates.noindex/CodeLooper.build/Debug/Diagnostics.build/Objects-normal/arm64/Diagnostics_vers.dia -c /Users/steipete/Library/Developer/Xcode/DerivedData/CodeLooper-crrddjihwjtfkwegrjrymctnfixv/Build/Intermediates.noindex/CodeLooper.build/Debug/Diagnostics.build/DerivedSources/Diagnostics_vers.c -o /Users/steipete/Library/Developer/Xcode/DerivedData/CodeLooper-crrddjihwjtfkwegrjrymctnfixv/Build/Intermediates.noindex/CodeLooper.build/Debug/Diagnostics.build/Objects-normal/arm64/Diagnostics_vers.o -index-unit-output-path /CodeLooper.build/Debug/Diagnostics.build/Objects-normal/arm64/Diagnostics_vers.o

SwiftDriver ServiceLifecycle normal arm64 com.apple.xcode.tools.swift.compiler (in target 'ServiceLifecycle' from project 'swift-service-lifecycle')
    cd /Users/steipete/Projects/CodeLooper
    builtin-SwiftDriver -- /Applications/Xcode-beta.app/Contents/Developer/Toolchains/XcodeDefault.xctoolchain/usr/bin/swiftc -module-name ServiceLifecycle -Onone -enforce-exclusivity\=checked @/Users/steipete/Library/Developer/Xcode/DerivedData/CodeLooper-crrddjihwjtfkwegrjrymctnfixv/Build/Intermediates.noindex/swift-service-lifecycle.build/Debug/ServiceLifecycle.build/Objects-normal/arm64/ServiceLifecycle.SwiftFileList -DSWIFT_PACKAGE -DDEBUG -DSWIFT_MODULE_RESOURCE_BUNDLE_UNAVAILABLE -DXcode -plugin-path /Applications/Xcode-beta.app/Contents/Developer/Toolchains/XcodeDefault.xctoolchain/usr/lib/swift/host/plugins/testing -enable-experimental-feature DebugDescriptionMacro -sdk /Applications/Xcode-beta.app/Contents/Developer/Platforms/MacOSX.platform/Developer/SDKs/MacOSX26.0.sdk -target arm64-apple-macos10.13 -g -module-cache-path /Users/steipete/Library/Developer/Xcode/DerivedData/ModuleCache.noindex -Xfrontend -serialize-debugging-options -profile-coverage-mapping -profile-generate -enable-testing -suppress-warnings -index-store-path /Users/steipete/Library/Developer/Xcode/DerivedData/CodeLooper-crrddjihwjtfkwegrjrymctnfixv/Index.noindex/DataStore -swift-version 5 -I /Users/steipete/Library/Developer/Xcode/DerivedData/CodeLooper-crrddjihwjtfkwegrjrymctnfixv/Build/Products/Debug -I /Applications/Xcode-beta.app/Contents/Developer/Platforms/MacOSX.platform/Developer/usr/lib -F /Users/steipete/Library/Developer/Xcode/DerivedData/CodeLooper-crrddjihwjtfkwegrjrymctnfixv/Build/Products/Debug/PackageFrameworks -F /Users/steipete/Library/Developer/Xcode/DerivedData/CodeLooper-crrddjihwjtfkwegrjrymctnfixv/Build/Products/Debug/PackageFrameworks -F /Users/steipete/Library/Developer/Xcode/DerivedData/CodeLooper-crrddjihwjtfkwegrjrymctnfixv/Build/Products/Debug/PackageFrameworks -F /Users/steipete/Library/Developer/Xcode/DerivedData/CodeLooper-crrddjihwjtfkwegrjrymctnfixv/Build/Products/Debug/PackageFrameworks -F /Users/steipete/Library/Developer/Xcode/DerivedData/CodeLooper-crrddjihwjtfkwegrjrymctnfixv/Build/Products/Debug/PackageFrameworks -F /Users/steipete/Library/Developer/Xcode/DerivedData/CodeLooper-crrddjihwjtfkwegrjrymctnfixv/Build/Products/Debug/PackageFrameworks -F /Users/steipete/Library/Developer/Xcode/DerivedData/CodeLooper-crrddjihwjtfkwegrjrymctnfixv/Build/Products/Debug/PackageFrameworks -F /Users/steipete/Library/Developer/Xcode/DerivedData/CodeLooper-crrddjihwjtfkwegrjrymctnfixv/Build/Products/Debug -F /Applications/Xcode-beta.app/Contents/Developer/Platforms/MacOSX.platform/Developer/Library/Frameworks -c -j16 -enable-batch-mode -incremental -Xcc -ivfsstatcache -Xcc /Users/steipete/Library/Developer/Xcode/DerivedData/SDKStatCaches.noindex/macosx26.0-25A5279m-5d9328ff1a6613a11d359de947506b52.sdkstatcache -output-file-map /Users/steipete/Library/Developer/Xcode/DerivedData/CodeLooper-crrddjihwjtfkwegrjrymctnfixv/Build/Intermediates.noindex/swift-service-lifecycle.build/Debug/ServiceLifecycle.build/Objects-normal/arm64/ServiceLifecycle-OutputFileMap.json -use-frontend-parseable-output -save-temps -no-color-diagnostics -explicit-module-build -module-cache-path /Users/steipete/Library/Developer/Xcode/DerivedData/CodeLooper-crrddjihwjtfkwegrjrymctnfixv/Build/Intermediates.noindex/SwiftExplicitPrecompiledModules -clang-scanner-module-cache-path /Users/steipete/Library/Developer/Xcode/DerivedData/ModuleCache.noindex -sdk-module-cache-path /Users/steipete/Library/Developer/Xcode/DerivedData/ModuleCache.noindex -serialize-diagnostics -emit-dependencies -emit-module -emit-module-path /Users/steipete/Library/Developer/Xcode/DerivedData/CodeLooper-crrddjihwjtfkwegrjrymctnfixv/Build/Intermediates.noindex/swift-service-lifecycle.build/Debug/ServiceLifecycle.build/Objects-normal/arm64/ServiceLifecycle.swiftmodule -validate-clang-modules-once -clang-build-session-file /Users/steipete/Library/Developer/Xcode/DerivedData/ModuleCache.noindex/Session.modulevalidation -Xcc -I/Users/steipete/Library/Developer/Xcode/DerivedData/CodeLooper-crrddjihwjtfkwegrjrymctnfixv/Build/Intermediates.noindex/swift-service-lifecycle.build/Debug/ServiceLifecycle.build/swift-overrides.hmap -emit-const-values -Xfrontend -const-gather-protocols-file -Xfrontend /Users/steipete/Library/Developer/Xcode/DerivedData/CodeLooper-crrddjihwjtfkwegrjrymctnfixv/Build/Intermediates.noindex/swift-service-lifecycle.build/Debug/ServiceLifecycle.build/Objects-normal/arm64/ServiceLifecycle_const_extract_protocols.json -Xcc -I/Users/steipete/Library/Developer/Xcode/DerivedData/CodeLooper-crrddjihwjtfkwegrjrymctnfixv/Build/Products/Debug/include -Xcc -I/Users/steipete/Library/Developer/Xcode/DerivedData/CodeLooper-crrddjihwjtfkwegrjrymctnfixv/Build/Intermediates.noindex/swift-service-lifecycle.build/Debug/ServiceLifecycle.build/DerivedSources-normal/arm64 -Xcc -I/Users/steipete/Library/Developer/Xcode/DerivedData/CodeLooper-crrddjihwjtfkwegrjrymctnfixv/Build/Intermediates.noindex/swift-service-lifecycle.build/Debug/ServiceLifecycle.build/DerivedSources/arm64 -Xcc -I/Users/steipete/Library/Developer/Xcode/DerivedData/CodeLooper-crrddjihwjtfkwegrjrymctnfixv/Build/Intermediates.noindex/swift-service-lifecycle.build/Debug/ServiceLifecycle.build/DerivedSources -Xcc -DSWIFT_PACKAGE -Xcc -DDEBUG\=1 -emit-objc-header -emit-objc-header-path /Users/steipete/Library/Developer/Xcode/DerivedData/CodeLooper-crrddjihwjtfkwegrjrymctnfixv/Build/Intermediates.noindex/swift-service-lifecycle.build/Debug/ServiceLifecycle.build/Objects-normal/arm64/ServiceLifecycle-Swift.h -working-directory /Users/steipete/Projects/CodeLooper -experimental-emit-module-separately -disable-cmo

SwiftDriverJobDiscovery normal arm64 Compiling EmptyStateView.swift, EmptyTreeView.swift (in target 'AXpector' from project 'AXpector')

ExtractAppIntentsMetadata (in target 'AXorcist' from project 'axPackage')
    cd /Users/steipete/Projects/CodeLooper/AXorcist
    /Applications/Xcode-beta.app/Contents/Developer/Toolchains/XcodeDefault.xctoolchain/usr/bin/appintentsmetadataprocessor --toolchain-dir /Applications/Xcode-beta.app/Contents/Developer/Toolchains/XcodeDefault.xctoolchain --module-name AXorcist --sdk-root /Applications/Xcode-beta.app/Contents/Developer/Platforms/MacOSX.platform/Developer/SDKs/MacOSX26.0.sdk --xcode-version 17A5241e --platform-family macOS --deployment-target 13.0 --bundle-identifier axorcist.AXorcist --output /Users/steipete/Library/Developer/Xcode/DerivedData/CodeLooper-crrddjihwjtfkwegrjrymctnfixv/Build/Products/Debug/AXorcist.appintents --target-triple arm64-apple-macos13.0 --binary-file /Users/steipete/Library/Developer/Xcode/DerivedData/CodeLooper-crrddjihwjtfkwegrjrymctnfixv/Build/Products/Debug/AXorcist.o --dependency-file /Users/steipete/Library/Developer/Xcode/DerivedData/CodeLooper-crrddjihwjtfkwegrjrymctnfixv/Build/Intermediates.noindex/axPackage.build/Debug/AXorcist.build/Objects-normal/arm64/AXorcist_dependency_info.dat --stringsdata-file /Users/steipete/Library/Developer/Xcode/DerivedData/CodeLooper-crrddjihwjtfkwegrjrymctnfixv/Build/Intermediates.noindex/axPackage.build/Debug/AXorcist.build/Objects-normal/arm64/ExtractedAppShortcutsMetadata.stringsdata --source-file-list /Users/steipete/Library/Developer/Xcode/DerivedData/CodeLooper-crrddjihwjtfkwegrjrymctnfixv/Build/Intermediates.noindex/axPackage.build/Debug/AXorcist.build/Objects-normal/arm64/AXorcist.SwiftFileList --metadata-file-list /Users/steipete/Library/Developer/Xcode/DerivedData/CodeLooper-crrddjihwjtfkwegrjrymctnfixv/Build/Intermediates.noindex/axPackage.build/Debug/AXorcist.build/AXorcist.DependencyMetadataFileList --static-metadata-file-list /Users/steipete/Library/Developer/Xcode/DerivedData/CodeLooper-crrddjihwjtfkwegrjrymctnfixv/Build/Intermediates.noindex/axPackage.build/Debug/AXorcist.build/AXorcist.DependencyStaticMetadataFileList --swift-const-vals-list /Users/steipete/Library/Developer/Xcode/DerivedData/CodeLooper-crrddjihwjtfkwegrjrymctnfixv/Build/Intermediates.noindex/axPackage.build/Debug/AXorcist.build/Objects-normal/arm64/AXorcist.SwiftConstValuesFileList --force --compile-time-extraction --deployment-aware-processing --validate-assistant-intents --no-app-shortcuts-localization
2025-06-10 00:10:39.217 appintentsmetadataprocessor[98750:11269144] Starting appintentsmetadataprocessor export
2025-06-10 00:10:39.255 appintentsmetadataprocessor[98750:11269144] Extracted no relevant App Intents symbols, skipping writing output

ExtractAppIntentsMetadata (in target 'AsyncAlgorithms' from project 'swift-async-algorithms')
    cd /Users/steipete/Library/Developer/Xcode/DerivedData/CodeLooper-crrddjihwjtfkwegrjrymctnfixv/SourcePackages/checkouts/swift-async-algorithms
    /Applications/Xcode-beta.app/Contents/Developer/Toolchains/XcodeDefault.xctoolchain/usr/bin/appintentsmetadataprocessor --toolchain-dir /Applications/Xcode-beta.app/Contents/Developer/Toolchains/XcodeDefault.xctoolchain --module-name AsyncAlgorithms --sdk-root /Applications/Xcode-beta.app/Contents/Developer/Platforms/MacOSX.platform/Developer/SDKs/MacOSX26.0.sdk --xcode-version 17A5241e --platform-family macOS --deployment-target 10.13 --bundle-identifier swift-async-algorithms.AsyncAlgorithms --output /Users/steipete/Library/Developer/Xcode/DerivedData/CodeLooper-crrddjihwjtfkwegrjrymctnfixv/Build/Products/Debug/AsyncAlgorithms.appintents --target-triple arm64-apple-macos10.13 --binary-file /Users/steipete/Library/Developer/Xcode/DerivedData/CodeLooper-crrddjihwjtfkwegrjrymctnfixv/Build/Products/Debug/AsyncAlgorithms.o --dependency-file /Users/steipete/Library/Developer/Xcode/DerivedData/CodeLooper-crrddjihwjtfkwegrjrymctnfixv/Build/Intermediates.noindex/swift-async-algorithms.build/Debug/AsyncAlgorithms.build/Objects-normal/arm64/AsyncAlgorithms_dependency_info.dat --stringsdata-file /Users/steipete/Library/Developer/Xcode/DerivedData/CodeLooper-crrddjihwjtfkwegrjrymctnfixv/Build/Intermediates.noindex/swift-async-algorithms.build/Debug/AsyncAlgorithms.build/Objects-normal/arm64/ExtractedAppShortcutsMetadata.stringsdata --source-file-list /Users/steipete/Library/Developer/Xcode/DerivedData/CodeLooper-crrddjihwjtfkwegrjrymctnfixv/Build/Intermediates.noindex/swift-async-algorithms.build/Debug/AsyncAlgorithms.build/Objects-normal/arm64/AsyncAlgorithms.SwiftFileList --metadata-file-list /Users/steipete/Library/Developer/Xcode/DerivedData/CodeLooper-crrddjihwjtfkwegrjrymctnfixv/Build/Intermediates.noindex/swift-async-algorithms.build/Debug/AsyncAlgorithms.build/AsyncAlgorithms.DependencyMetadataFileList --static-metadata-file-list /Users/steipete/Library/Developer/Xcode/DerivedData/CodeLooper-crrddjihwjtfkwegrjrymctnfixv/Build/Intermediates.noindex/swift-async-algorithms.build/Debug/AsyncAlgorithms.build/AsyncAlgorithms.DependencyStaticMetadataFileList --swift-const-vals-list /Users/steipete/Library/Developer/Xcode/DerivedData/CodeLooper-crrddjihwjtfkwegrjrymctnfixv/Build/Intermediates.noindex/swift-async-algorithms.build/Debug/AsyncAlgorithms.build/Objects-normal/arm64/AsyncAlgorithms.SwiftConstValuesFileList --force --compile-time-extraction --deployment-aware-processing --validate-assistant-intents --no-app-shortcuts-localization
2025-06-10 00:10:39.219 appintentsmetadataprocessor[98751:11269145] Starting appintentsmetadataprocessor export
2025-06-10 00:10:39.256 appintentsmetadataprocessor[98751:11269145] Extracted no relevant App Intents symbols, skipping writing output

SwiftDriverJobDiscovery normal arm64 Compiling MainContentView.swift, ModeControlsView.swift (in target 'AXpector' from project 'AXpector')

RegisterExecutionPolicyException /Users/steipete/Library/Developer/Xcode/DerivedData/CodeLooper-crrddjihwjtfkwegrjrymctnfixv/Build/Products/Debug/Collections.o (in target 'Collections' from project 'swift-collections')
    cd /Users/steipete/Library/Developer/Xcode/DerivedData/CodeLooper-crrddjihwjtfkwegrjrymctnfixv/SourcePackages/checkouts/swift-collections
    builtin-RegisterExecutionPolicyException /Users/steipete/Library/Developer/Xcode/DerivedData/CodeLooper-crrddjihwjtfkwegrjrymctnfixv/Build/Products/Debug/Collections.o

SwiftDriverJobDiscovery normal arm64 Compiling AXpectorViewModel+NodeOperations.swift, AXpectorViewModel+Permissions.swift (in target 'AXpector' from project 'AXpector')

RegisterExecutionPolicyException /Users/steipete/Library/Developer/Xcode/DerivedData/CodeLooper-crrddjihwjtfkwegrjrymctnfixv/Build/Products/Debug/AsyncAlgorithms.o (in target 'AsyncAlgorithms' from project 'swift-async-algorithms')
    cd /Users/steipete/Library/Developer/Xcode/DerivedData/CodeLooper-crrddjihwjtfkwegrjrymctnfixv/SourcePackages/checkouts/swift-async-algorithms
    builtin-RegisterExecutionPolicyException /Users/steipete/Library/Developer/Xcode/DerivedData/CodeLooper-crrddjihwjtfkwegrjrymctnfixv/Build/Products/Debug/AsyncAlgorithms.o

RegisterExecutionPolicyException /Users/steipete/Library/Developer/Xcode/DerivedData/CodeLooper-crrddjihwjtfkwegrjrymctnfixv/Build/Products/Debug/AXorcist.o (in target 'AXorcist' from project 'axPackage')
    cd /Users/steipete/Projects/CodeLooper/AXorcist
    builtin-RegisterExecutionPolicyException /Users/steipete/Library/Developer/Xcode/DerivedData/CodeLooper-crrddjihwjtfkwegrjrymctnfixv/Build/Products/Debug/AXorcist.o

ProcessInfoPlistFile /Users/steipete/Library/Developer/Xcode/DerivedData/CodeLooper-crrddjihwjtfkwegrjrymctnfixv/Build/Products/Debug/Diagnostics.framework/Versions/A/Resources/Info.plist /Users/steipete/Projects/CodeLooper/Derived/InfoPlists/Diagnostics-Info.plist (in target 'Diagnostics' from project 'CodeLooper')
    cd /Users/steipete/Projects/CodeLooper
    builtin-infoPlistUtility /Users/steipete/Projects/CodeLooper/Derived/InfoPlists/Diagnostics-Info.plist -producttype com.apple.product-type.framework -expandbuildsettings -platform macosx -o /Users/steipete/Library/Developer/Xcode/DerivedData/CodeLooper-crrddjihwjtfkwegrjrymctnfixv/Build/Products/Debug/Diagnostics.framework/Versions/A/Resources/Info.plist

Libtool /Users/steipete/Library/Developer/Xcode/DerivedData/CodeLooper-crrddjihwjtfkwegrjrymctnfixv/Build/Products/Debug/Diagnostics.framework/Versions/A/Diagnostics normal (in target 'Diagnostics' from project 'CodeLooper')
    cd /Users/steipete/Projects/CodeLooper
    /Applications/Xcode-beta.app/Contents/Developer/Toolchains/XcodeDefault.xctoolchain/usr/bin/libtool -static -arch_only arm64 -D -syslibroot /Applications/Xcode-beta.app/Contents/Developer/Platforms/MacOSX.platform/Developer/SDKs/MacOSX26.0.sdk -L/Users/steipete/Library/Developer/Xcode/DerivedData/CodeLooper-crrddjihwjtfkwegrjrymctnfixv/Build/Products/Debug -filelist /Users/steipete/Library/Developer/Xcode/DerivedData/CodeLooper-crrddjihwjtfkwegrjrymctnfixv/Build/Intermediates.noindex/CodeLooper.build/Debug/Diagnostics.build/Objects-normal/arm64/Diagnostics.LinkFileList -dependency_info /Users/steipete/Library/Developer/Xcode/DerivedData/CodeLooper-crrddjihwjtfkwegrjrymctnfixv/Build/Intermediates.noindex/CodeLooper.build/Debug/Diagnostics.build/Objects-normal/arm64/Diagnostics_libtool_dependency_info.dat -o /Users/steipete/Library/Developer/Xcode/DerivedData/CodeLooper-crrddjihwjtfkwegrjrymctnfixv/Build/Products/Debug/Diagnostics.framework/Versions/A/Diagnostics

ExtractAppIntentsMetadata (in target 'Diagnostics' from project 'CodeLooper')
    cd /Users/steipete/Projects/CodeLooper
    /Applications/Xcode-beta.app/Contents/Developer/Toolchains/XcodeDefault.xctoolchain/usr/bin/appintentsmetadataprocessor --toolchain-dir /Applications/Xcode-beta.app/Contents/Developer/Toolchains/XcodeDefault.xctoolchain --module-name Diagnostics --sdk-root /Applications/Xcode-beta.app/Contents/Developer/Platforms/MacOSX.platform/Developer/SDKs/MacOSX26.0.sdk --xcode-version 17A5241e --platform-family macOS --deployment-target 14.0 --bundle-identifier me.steipete.codelooper.Diagnostics --output /Users/steipete/Library/Developer/Xcode/DerivedData/CodeLooper-crrddjihwjtfkwegrjrymctnfixv/Build/Products/Debug/Diagnostics.appintents --target-triple arm64-apple-macos14.0 --binary-file /Users/steipete/Library/Developer/Xcode/DerivedData/CodeLooper-crrddjihwjtfkwegrjrymctnfixv/Build/Products/Debug/Diagnostics.framework/Versions/A/Diagnostics --dependency-file /Users/steipete/Library/Developer/Xcode/DerivedData/CodeLooper-crrddjihwjtfkwegrjrymctnfixv/Build/Intermediates.noindex/CodeLooper.build/Debug/Diagnostics.build/Objects-normal/arm64/Diagnostics_libtool_dependency_info.dat --stringsdata-file /Users/steipete/Library/Developer/Xcode/DerivedData/CodeLooper-crrddjihwjtfkwegrjrymctnfixv/Build/Intermediates.noindex/CodeLooper.build/Debug/Diagnostics.build/Objects-normal/arm64/ExtractedAppShortcutsMetadata.stringsdata --source-file-list /Users/steipete/Library/Developer/Xcode/DerivedData/CodeLooper-crrddjihwjtfkwegrjrymctnfixv/Build/Intermediates.noindex/CodeLooper.build/Debug/Diagnostics.build/Objects-normal/arm64/Diagnostics.SwiftFileList --metadata-file-list /Users/steipete/Library/Developer/Xcode/DerivedData/CodeLooper-crrddjihwjtfkwegrjrymctnfixv/Build/Intermediates.noindex/CodeLooper.build/Debug/Diagnostics.build/Diagnostics.DependencyMetadataFileList --static-metadata-file-list /Users/steipete/Library/Developer/Xcode/DerivedData/CodeLooper-crrddjihwjtfkwegrjrymctnfixv/Build/Intermediates.noindex/CodeLooper.build/Debug/Diagnostics.build/Diagnostics.DependencyStaticMetadataFileList --swift-const-vals-list /Users/steipete/Library/Developer/Xcode/DerivedData/CodeLooper-crrddjihwjtfkwegrjrymctnfixv/Build/Intermediates.noindex/CodeLooper.build/Debug/Diagnostics.build/Objects-normal/arm64/Diagnostics.SwiftConstValuesFileList --force --compile-time-extraction --deployment-aware-processing --validate-assistant-intents --no-app-shortcuts-localization
2025-06-10 00:10:39.310 appintentsmetadataprocessor[98754:11269171] Starting appintentsmetadataprocessor export
2025-06-10 00:10:39.353 appintentsmetadataprocessor[98754:11269171] Extracted no relevant App Intents symbols, skipping writing output

SwiftDriverJobDiscovery normal arm64 Compiling AXPropertyNode.swift, AXpectorViewModel+AppAndTreeHandling.swift (in target 'AXpector' from project 'AXpector')

SwiftEmitModule normal arm64 Emitting\ module\ for\ ServiceLifecycle (in target 'ServiceLifecycle' from project 'swift-service-lifecycle')

EmitSwiftModule normal arm64 (in target 'ServiceLifecycle' from project 'swift-service-lifecycle')
    cd /Users/steipete/Projects/CodeLooper
    

SwiftCompile normal arm64 Compiling\ ServiceGroupConfiguration.swift /Users/steipete/Library/Developer/Xcode/DerivedData/CodeLooper-crrddjihwjtfkwegrjrymctnfixv/SourcePackages/checkouts/swift-service-lifecycle/Sources/ServiceLifecycle/ServiceGroupConfiguration.swift (in target 'ServiceLifecycle' from project 'swift-service-lifecycle')

SwiftCompile normal arm64 /Users/steipete/Library/Developer/Xcode/DerivedData/CodeLooper-crrddjihwjtfkwegrjrymctnfixv/SourcePackages/checkouts/swift-service-lifecycle/Sources/ServiceLifecycle/ServiceGroupConfiguration.swift (in target 'ServiceLifecycle' from project 'swift-service-lifecycle')
    cd /Users/steipete/Projects/CodeLooper
    

SwiftCompile normal arm64 Compiling\ Service.swift /Users/steipete/Library/Developer/Xcode/DerivedData/CodeLooper-crrddjihwjtfkwegrjrymctnfixv/SourcePackages/checkouts/swift-service-lifecycle/Sources/ServiceLifecycle/Service.swift (in target 'ServiceLifecycle' from project 'swift-service-lifecycle')

SwiftCompile normal arm64 /Users/steipete/Library/Developer/Xcode/DerivedData/CodeLooper-crrddjihwjtfkwegrjrymctnfixv/SourcePackages/checkouts/swift-service-lifecycle/Sources/ServiceLifecycle/Service.swift (in target 'ServiceLifecycle' from project 'swift-service-lifecycle')
    cd /Users/steipete/Projects/CodeLooper
    

SwiftCompile normal arm64 Compiling\ AsyncCancelOnGracefulShutdownSequence.swift /Users/steipete/Library/Developer/Xcode/DerivedData/CodeLooper-crrddjihwjtfkwegrjrymctnfixv/SourcePackages/checkouts/swift-service-lifecycle/Sources/ServiceLifecycle/AsyncCancelOnGracefulShutdownSequence.swift (in target 'ServiceLifecycle' from project 'swift-service-lifecycle')

SwiftCompile normal arm64 /Users/steipete/Library/Developer/Xcode/DerivedData/CodeLooper-crrddjihwjtfkwegrjrymctnfixv/SourcePackages/checkouts/swift-service-lifecycle/Sources/ServiceLifecycle/AsyncCancelOnGracefulShutdownSequence.swift (in target 'ServiceLifecycle' from project 'swift-service-lifecycle')
    cd /Users/steipete/Projects/CodeLooper
    

SwiftCompile normal arm64 Compiling\ CancellationWaiter.swift /Users/steipete/Library/Developer/Xcode/DerivedData/CodeLooper-crrddjihwjtfkwegrjrymctnfixv/SourcePackages/checkouts/swift-service-lifecycle/Sources/ServiceLifecycle/CancellationWaiter.swift (in target 'ServiceLifecycle' from project 'swift-service-lifecycle')

SwiftCompile normal arm64 /Users/steipete/Library/Developer/Xcode/DerivedData/CodeLooper-crrddjihwjtfkwegrjrymctnfixv/SourcePackages/checkouts/swift-service-lifecycle/Sources/ServiceLifecycle/CancellationWaiter.swift (in target 'ServiceLifecycle' from project 'swift-service-lifecycle')
    cd /Users/steipete/Projects/CodeLooper
    

SwiftCompile normal arm64 Compiling\ AsyncGracefulShutdownSequence.swift /Users/steipete/Library/Developer/Xcode/DerivedData/CodeLooper-crrddjihwjtfkwegrjrymctnfixv/SourcePackages/checkouts/swift-service-lifecycle/Sources/ServiceLifecycle/AsyncGracefulShutdownSequence.swift (in target 'ServiceLifecycle' from project 'swift-service-lifecycle')

SwiftCompile normal arm64 /Users/steipete/Library/Developer/Xcode/DerivedData/CodeLooper-crrddjihwjtfkwegrjrymctnfixv/SourcePackages/checkouts/swift-service-lifecycle/Sources/ServiceLifecycle/AsyncGracefulShutdownSequence.swift (in target 'ServiceLifecycle' from project 'swift-service-lifecycle')
    cd /Users/steipete/Projects/CodeLooper
    

SwiftCompile normal arm64 Compiling\ ServiceGroup.swift /Users/steipete/Library/Developer/Xcode/DerivedData/CodeLooper-crrddjihwjtfkwegrjrymctnfixv/SourcePackages/checkouts/swift-service-lifecycle/Sources/ServiceLifecycle/ServiceGroup.swift (in target 'ServiceLifecycle' from project 'swift-service-lifecycle')

SwiftCompile normal arm64 /Users/steipete/Library/Developer/Xcode/DerivedData/CodeLooper-crrddjihwjtfkwegrjrymctnfixv/SourcePackages/checkouts/swift-service-lifecycle/Sources/ServiceLifecycle/ServiceGroup.swift (in target 'ServiceLifecycle' from project 'swift-service-lifecycle')
    cd /Users/steipete/Projects/CodeLooper
    

SwiftCompile normal arm64 Compiling\ ServiceRunnerError.swift /Users/steipete/Library/Developer/Xcode/DerivedData/CodeLooper-crrddjihwjtfkwegrjrymctnfixv/SourcePackages/checkouts/swift-service-lifecycle/Sources/ServiceLifecycle/ServiceRunnerError.swift (in target 'ServiceLifecycle' from project 'swift-service-lifecycle')

SwiftCompile normal arm64 /Users/steipete/Library/Developer/Xcode/DerivedData/CodeLooper-crrddjihwjtfkwegrjrymctnfixv/SourcePackages/checkouts/swift-service-lifecycle/Sources/ServiceLifecycle/ServiceRunnerError.swift (in target 'ServiceLifecycle' from project 'swift-service-lifecycle')
    cd /Users/steipete/Projects/CodeLooper
    

SwiftCompile normal arm64 Compiling\ GracefulShutdown.swift /Users/steipete/Library/Developer/Xcode/DerivedData/CodeLooper-crrddjihwjtfkwegrjrymctnfixv/SourcePackages/checkouts/swift-service-lifecycle/Sources/ServiceLifecycle/GracefulShutdown.swift (in target 'ServiceLifecycle' from project 'swift-service-lifecycle')

SwiftCompile normal arm64 /Users/steipete/Library/Developer/Xcode/DerivedData/CodeLooper-crrddjihwjtfkwegrjrymctnfixv/SourcePackages/checkouts/swift-service-lifecycle/Sources/ServiceLifecycle/GracefulShutdown.swift (in target 'ServiceLifecycle' from project 'swift-service-lifecycle')
    cd /Users/steipete/Projects/CodeLooper
    

SwiftDriverJobDiscovery normal arm64 Compiling NodeDetailsView.swift, NodeLabel.swift (in target 'AXpector' from project 'AXpector')

SwiftDriverJobDiscovery normal arm64 Compiling ApplicationPickerView.swift, AttributeRowView.swift (in target 'AXpector' from project 'AXpector')

RegisterExecutionPolicyException /Users/steipete/Library/Developer/Xcode/DerivedData/CodeLooper-crrddjihwjtfkwegrjrymctnfixv/Build/Products/Debug/Diagnostics.framework (in target 'Diagnostics' from project 'CodeLooper')
    cd /Users/steipete/Projects/CodeLooper
    builtin-RegisterExecutionPolicyException /Users/steipete/Library/Developer/Xcode/DerivedData/CodeLooper-crrddjihwjtfkwegrjrymctnfixv/Build/Products/Debug/Diagnostics.framework

Touch /Users/steipete/Library/Developer/Xcode/DerivedData/CodeLooper-crrddjihwjtfkwegrjrymctnfixv/Build/Products/Debug/Diagnostics.framework (in target 'Diagnostics' from project 'CodeLooper')
    cd /Users/steipete/Projects/CodeLooper
    /usr/bin/touch -c /Users/steipete/Library/Developer/Xcode/DerivedData/CodeLooper-crrddjihwjtfkwegrjrymctnfixv/Build/Products/Debug/Diagnostics.framework

SwiftDriverJobDiscovery normal arm64 Compiling Service.swift (in target 'ServiceLifecycle' from project 'swift-service-lifecycle')

SwiftDriverJobDiscovery normal arm64 Compiling AsyncGracefulShutdownSequence.swift (in target 'ServiceLifecycle' from project 'swift-service-lifecycle')

SwiftDriverJobDiscovery normal arm64 Compiling CancellationWaiter.swift (in target 'ServiceLifecycle' from project 'swift-service-lifecycle')

SwiftDriverJobDiscovery normal arm64 Compiling AsyncCancelOnGracefulShutdownSequence.swift (in target 'ServiceLifecycle' from project 'swift-service-lifecycle')

SwiftDriverJobDiscovery normal arm64 Compiling ServiceRunnerError.swift (in target 'ServiceLifecycle' from project 'swift-service-lifecycle')

SwiftDriverJobDiscovery normal arm64 Compiling ServiceGroupConfiguration.swift (in target 'ServiceLifecycle' from project 'swift-service-lifecycle')

SwiftDriverJobDiscovery normal arm64 Emitting module for ServiceLifecycle (in target 'ServiceLifecycle' from project 'swift-service-lifecycle')

SwiftDriver\ Compilation\ Requirements ServiceLifecycle normal arm64 com.apple.xcode.tools.swift.compiler (in target 'ServiceLifecycle' from project 'swift-service-lifecycle')
    cd /Users/steipete/Projects/CodeLooper
    builtin-Swift-Compilation-Requirements -- /Applications/Xcode-beta.app/Contents/Developer/Toolchains/XcodeDefault.xctoolchain/usr/bin/swiftc -module-name ServiceLifecycle -Onone -enforce-exclusivity\=checked @/Users/steipete/Library/Developer/Xcode/DerivedData/CodeLooper-crrddjihwjtfkwegrjrymctnfixv/Build/Intermediates.noindex/swift-service-lifecycle.build/Debug/ServiceLifecycle.build/Objects-normal/arm64/ServiceLifecycle.SwiftFileList -DSWIFT_PACKAGE -DDEBUG -DSWIFT_MODULE_RESOURCE_BUNDLE_UNAVAILABLE -DXcode -plugin-path /Applications/Xcode-beta.app/Contents/Developer/Toolchains/XcodeDefault.xctoolchain/usr/lib/swift/host/plugins/testing -enable-experimental-feature DebugDescriptionMacro -sdk /Applications/Xcode-beta.app/Contents/Developer/Platforms/MacOSX.platform/Developer/SDKs/MacOSX26.0.sdk -target arm64-apple-macos10.13 -g -module-cache-path /Users/steipete/Library/Developer/Xcode/DerivedData/ModuleCache.noindex -Xfrontend -serialize-debugging-options -profile-coverage-mapping -profile-generate -enable-testing -suppress-warnings -index-store-path /Users/steipete/Library/Developer/Xcode/DerivedData/CodeLooper-crrddjihwjtfkwegrjrymctnfixv/Index.noindex/DataStore -swift-version 5 -I /Users/steipete/Library/Developer/Xcode/DerivedData/CodeLooper-crrddjihwjtfkwegrjrymctnfixv/Build/Products/Debug -I /Applications/Xcode-beta.app/Contents/Developer/Platforms/MacOSX.platform/Developer/usr/lib -F /Users/steipete/Library/Developer/Xcode/DerivedData/CodeLooper-crrddjihwjtfkwegrjrymctnfixv/Build/Products/Debug/PackageFrameworks -F /Users/steipete/Library/Developer/Xcode/DerivedData/CodeLooper-crrddjihwjtfkwegrjrymctnfixv/Build/Products/Debug/PackageFrameworks -F /Users/steipete/Library/Developer/Xcode/DerivedData/CodeLooper-crrddjihwjtfkwegrjrymctnfixv/Build/Products/Debug/PackageFrameworks -F /Users/steipete/Library/Developer/Xcode/DerivedData/CodeLooper-crrddjihwjtfkwegrjrymctnfixv/Build/Products/Debug/PackageFrameworks -F /Users/steipete/Library/Developer/Xcode/DerivedData/CodeLooper-crrddjihwjtfkwegrjrymctnfixv/Build/Products/Debug/PackageFrameworks -F /Users/steipete/Library/Developer/Xcode/DerivedData/CodeLooper-crrddjihwjtfkwegrjrymctnfixv/Build/Products/Debug/PackageFrameworks -F /Users/steipete/Library/Developer/Xcode/DerivedData/CodeLooper-crrddjihwjtfkwegrjrymctnfixv/Build/Products/Debug/PackageFrameworks -F /Users/steipete/Library/Developer/Xcode/DerivedData/CodeLooper-crrddjihwjtfkwegrjrymctnfixv/Build/Products/Debug -F /Applications/Xcode-beta.app/Contents/Developer/Platforms/MacOSX.platform/Developer/Library/Frameworks -c -j16 -enable-batch-mode -incremental -Xcc -ivfsstatcache -Xcc /Users/steipete/Library/Developer/Xcode/DerivedData/SDKStatCaches.noindex/macosx26.0-25A5279m-5d9328ff1a6613a11d359de947506b52.sdkstatcache -output-file-map /Users/steipete/Library/Developer/Xcode/DerivedData/CodeLooper-crrddjihwjtfkwegrjrymctnfixv/Build/Intermediates.noindex/swift-service-lifecycle.build/Debug/ServiceLifecycle.build/Objects-normal/arm64/ServiceLifecycle-OutputFileMap.json -use-frontend-parseable-output -save-temps -no-color-diagnostics -explicit-module-build -module-cache-path /Users/steipete/Library/Developer/Xcode/DerivedData/CodeLooper-crrddjihwjtfkwegrjrymctnfixv/Build/Intermediates.noindex/SwiftExplicitPrecompiledModules -clang-scanner-module-cache-path /Users/steipete/Library/Developer/Xcode/DerivedData/ModuleCache.noindex -sdk-module-cache-path /Users/steipete/Library/Developer/Xcode/DerivedData/ModuleCache.noindex -serialize-diagnostics -emit-dependencies -emit-module -emit-module-path /Users/steipete/Library/Developer/Xcode/DerivedData/CodeLooper-crrddjihwjtfkwegrjrymctnfixv/Build/Intermediates.noindex/swift-service-lifecycle.build/Debug/ServiceLifecycle.build/Objects-normal/arm64/ServiceLifecycle.swiftmodule -validate-clang-modules-once -clang-build-session-file /Users/steipete/Library/Developer/Xcode/DerivedData/ModuleCache.noindex/Session.modulevalidation -Xcc -I/Users/steipete/Library/Developer/Xcode/DerivedData/CodeLooper-crrddjihwjtfkwegrjrymctnfixv/Build/Intermediates.noindex/swift-service-lifecycle.build/Debug/ServiceLifecycle.build/swift-overrides.hmap -emit-const-values -Xfrontend -const-gather-protocols-file -Xfrontend /Users/steipete/Library/Developer/Xcode/DerivedData/CodeLooper-crrddjihwjtfkwegrjrymctnfixv/Build/Intermediates.noindex/swift-service-lifecycle.build/Debug/ServiceLifecycle.build/Objects-normal/arm64/ServiceLifecycle_const_extract_protocols.json -Xcc -I/Users/steipete/Library/Developer/Xcode/DerivedData/CodeLooper-crrddjihwjtfkwegrjrymctnfixv/Build/Products/Debug/include -Xcc -I/Users/steipete/Library/Developer/Xcode/DerivedData/CodeLooper-crrddjihwjtfkwegrjrymctnfixv/Build/Intermediates.noindex/swift-service-lifecycle.build/Debug/ServiceLifecycle.build/DerivedSources-normal/arm64 -Xcc -I/Users/steipete/Library/Developer/Xcode/DerivedData/CodeLooper-crrddjihwjtfkwegrjrymctnfixv/Build/Intermediates.noindex/swift-service-lifecycle.build/Debug/ServiceLifecycle.build/DerivedSources/arm64 -Xcc -I/Users/steipete/Library/Developer/Xcode/DerivedData/CodeLooper-crrddjihwjtfkwegrjrymctnfixv/Build/Intermediates.noindex/swift-service-lifecycle.build/Debug/ServiceLifecycle.build/DerivedSources -Xcc -DSWIFT_PACKAGE -Xcc -DDEBUG\=1 -emit-objc-header -emit-objc-header-path /Users/steipete/Library/Developer/Xcode/DerivedData/CodeLooper-crrddjihwjtfkwegrjrymctnfixv/Build/Intermediates.noindex/swift-service-lifecycle.build/Debug/ServiceLifecycle.build/Objects-normal/arm64/ServiceLifecycle-Swift.h -working-directory /Users/steipete/Projects/CodeLooper -experimental-emit-module-separately -disable-cmo

SwiftMergeGeneratedHeaders /Users/steipete/Library/Developer/Xcode/DerivedData/CodeLooper-crrddjihwjtfkwegrjrymctnfixv/Build/Intermediates.noindex/GeneratedModuleMaps/ServiceLifecycle-Swift.h /Users/steipete/Library/Developer/Xcode/DerivedData/CodeLooper-crrddjihwjtfkwegrjrymctnfixv/Build/Intermediates.noindex/swift-service-lifecycle.build/Debug/ServiceLifecycle.build/Objects-normal/arm64/ServiceLifecycle-Swift.h (in target 'ServiceLifecycle' from project 'swift-service-lifecycle')
    cd /Users/steipete/Library/Developer/Xcode/DerivedData/CodeLooper-crrddjihwjtfkwegrjrymctnfixv/SourcePackages/checkouts/swift-service-lifecycle
    builtin-swiftHeaderTool -arch arm64 /Users/steipete/Library/Developer/Xcode/DerivedData/CodeLooper-crrddjihwjtfkwegrjrymctnfixv/Build/Intermediates.noindex/swift-service-lifecycle.build/Debug/ServiceLifecycle.build/Objects-normal/arm64/ServiceLifecycle-Swift.h -o /Users/steipete/Library/Developer/Xcode/DerivedData/CodeLooper-crrddjihwjtfkwegrjrymctnfixv/Build/Intermediates.noindex/GeneratedModuleMaps/ServiceLifecycle-Swift.h

Copy /Users/steipete/Library/Developer/Xcode/DerivedData/CodeLooper-crrddjihwjtfkwegrjrymctnfixv/Build/Products/Debug/ServiceLifecycle.swiftmodule/arm64-apple-macos.swiftmodule /Users/steipete/Library/Developer/Xcode/DerivedData/CodeLooper-crrddjihwjtfkwegrjrymctnfixv/Build/Intermediates.noindex/swift-service-lifecycle.build/Debug/ServiceLifecycle.build/Objects-normal/arm64/ServiceLifecycle.swiftmodule (in target 'ServiceLifecycle' from project 'swift-service-lifecycle')
    cd /Users/steipete/Library/Developer/Xcode/DerivedData/CodeLooper-crrddjihwjtfkwegrjrymctnfixv/SourcePackages/checkouts/swift-service-lifecycle
    builtin-copy -exclude .DS_Store -exclude CVS -exclude .svn -exclude .git -exclude .hg -resolve-src-symlinks -rename /Users/steipete/Library/Developer/Xcode/DerivedData/CodeLooper-crrddjihwjtfkwegrjrymctnfixv/Build/Intermediates.noindex/swift-service-lifecycle.build/Debug/ServiceLifecycle.build/Objects-normal/arm64/ServiceLifecycle.swiftmodule /Users/steipete/Library/Developer/Xcode/DerivedData/CodeLooper-crrddjihwjtfkwegrjrymctnfixv/Build/Products/Debug/ServiceLifecycle.swiftmodule/arm64-apple-macos.swiftmodule

Copy /Users/steipete/Library/Developer/Xcode/DerivedData/CodeLooper-crrddjihwjtfkwegrjrymctnfixv/Build/Products/Debug/ServiceLifecycle.swiftmodule/arm64-apple-macos.swiftdoc /Users/steipete/Library/Developer/Xcode/DerivedData/CodeLooper-crrddjihwjtfkwegrjrymctnfixv/Build/Intermediates.noindex/swift-service-lifecycle.build/Debug/ServiceLifecycle.build/Objects-normal/arm64/ServiceLifecycle.swiftdoc (in target 'ServiceLifecycle' from project 'swift-service-lifecycle')
    cd /Users/steipete/Library/Developer/Xcode/DerivedData/CodeLooper-crrddjihwjtfkwegrjrymctnfixv/SourcePackages/checkouts/swift-service-lifecycle
    builtin-copy -exclude .DS_Store -exclude CVS -exclude .svn -exclude .git -exclude .hg -resolve-src-symlinks -rename /Users/steipete/Library/Developer/Xcode/DerivedData/CodeLooper-crrddjihwjtfkwegrjrymctnfixv/Build/Intermediates.noindex/swift-service-lifecycle.build/Debug/ServiceLifecycle.build/Objects-normal/arm64/ServiceLifecycle.swiftdoc /Users/steipete/Library/Developer/Xcode/DerivedData/CodeLooper-crrddjihwjtfkwegrjrymctnfixv/Build/Products/Debug/ServiceLifecycle.swiftmodule/arm64-apple-macos.swiftdoc

Copy /Users/steipete/Library/Developer/Xcode/DerivedData/CodeLooper-crrddjihwjtfkwegrjrymctnfixv/Build/Products/Debug/ServiceLifecycle.swiftmodule/arm64-apple-macos.abi.json /Users/steipete/Library/Developer/Xcode/DerivedData/CodeLooper-crrddjihwjtfkwegrjrymctnfixv/Build/Intermediates.noindex/swift-service-lifecycle.build/Debug/ServiceLifecycle.build/Objects-normal/arm64/ServiceLifecycle.abi.json (in target 'ServiceLifecycle' from project 'swift-service-lifecycle')
    cd /Users/steipete/Library/Developer/Xcode/DerivedData/CodeLooper-crrddjihwjtfkwegrjrymctnfixv/SourcePackages/checkouts/swift-service-lifecycle
    builtin-copy -exclude .DS_Store -exclude CVS -exclude .svn -exclude .git -exclude .hg -resolve-src-symlinks -rename /Users/steipete/Library/Developer/Xcode/DerivedData/CodeLooper-crrddjihwjtfkwegrjrymctnfixv/Build/Intermediates.noindex/swift-service-lifecycle.build/Debug/ServiceLifecycle.build/Objects-normal/arm64/ServiceLifecycle.abi.json /Users/steipete/Library/Developer/Xcode/DerivedData/CodeLooper-crrddjihwjtfkwegrjrymctnfixv/Build/Products/Debug/ServiceLifecycle.swiftmodule/arm64-apple-macos.abi.json

Copy /Users/steipete/Library/Developer/Xcode/DerivedData/CodeLooper-crrddjihwjtfkwegrjrymctnfixv/Build/Products/Debug/ServiceLifecycle.swiftmodule/Project/arm64-apple-macos.swiftsourceinfo /Users/steipete/Library/Developer/Xcode/DerivedData/CodeLooper-crrddjihwjtfkwegrjrymctnfixv/Build/Intermediates.noindex/swift-service-lifecycle.build/Debug/ServiceLifecycle.build/Objects-normal/arm64/ServiceLifecycle.swiftsourceinfo (in target 'ServiceLifecycle' from project 'swift-service-lifecycle')
    cd /Users/steipete/Library/Developer/Xcode/DerivedData/CodeLooper-crrddjihwjtfkwegrjrymctnfixv/SourcePackages/checkouts/swift-service-lifecycle
    builtin-copy -exclude .DS_Store -exclude CVS -exclude .svn -exclude .git -exclude .hg -resolve-src-symlinks -rename /Users/steipete/Library/Developer/Xcode/DerivedData/CodeLooper-crrddjihwjtfkwegrjrymctnfixv/Build/Intermediates.noindex/swift-service-lifecycle.build/Debug/ServiceLifecycle.build/Objects-normal/arm64/ServiceLifecycle.swiftsourceinfo /Users/steipete/Library/Developer/Xcode/DerivedData/CodeLooper-crrddjihwjtfkwegrjrymctnfixv/Build/Products/Debug/ServiceLifecycle.swiftmodule/Project/arm64-apple-macos.swiftsourceinfo

SwiftDriverJobDiscovery normal arm64 Emitting module for NIOCore (in target 'NIOCore' from project 'swift-nio')

SwiftDriver\ Compilation\ Requirements NIOCore normal arm64 com.apple.xcode.tools.swift.compiler (in target 'NIOCore' from project 'swift-nio')
    cd /Users/steipete/Projects/CodeLooper
    builtin-Swift-Compilation-Requirements -- /Applications/Xcode-beta.app/Contents/Developer/Toolchains/XcodeDefault.xctoolchain/usr/bin/swiftc -module-name NIOCore -Onone -enforce-exclusivity\=checked @/Users/steipete/Library/Developer/Xcode/DerivedData/CodeLooper-crrddjihwjtfkwegrjrymctnfixv/Build/Intermediates.noindex/swift-nio.build/Debug/NIOCore.build/Objects-normal/arm64/NIOCore.SwiftFileList -DSWIFT_PACKAGE -DDEBUG -DSWIFT_MODULE_RESOURCE_BUNDLE_UNAVAILABLE -Xcc -fmodule-map-file\=/Users/steipete/Library/Developer/Xcode/DerivedData/CodeLooper-crrddjihwjtfkwegrjrymctnfixv/Build/Intermediates.noindex/GeneratedModuleMaps/CNIOWASI.modulemap -Xcc -fmodule-map-file\=/Users/steipete/Library/Developer/Xcode/DerivedData/CodeLooper-crrddjihwjtfkwegrjrymctnfixv/Build/Intermediates.noindex/GeneratedModuleMaps/CNIOLinux.modulemap -Xcc -fmodule-map-file\=/Users/steipete/Library/Developer/Xcode/DerivedData/CodeLooper-crrddjihwjtfkwegrjrymctnfixv/Build/Intermediates.noindex/GeneratedModuleMaps/CNIODarwin.modulemap -Xcc -fmodule-map-file\=/Users/steipete/Library/Developer/Xcode/DerivedData/CodeLooper-crrddjihwjtfkwegrjrymctnfixv/Build/Intermediates.noindex/GeneratedModuleMaps/CNIOAtomics.modulemap -DXcode -enable-upcoming-feature StrictConcurrency -enable-upcoming-feature InferSendableFromCaptures -enable-upcoming-feature MemberImportVisibility -plugin-path /Applications/Xcode-beta.app/Contents/Developer/Toolchains/XcodeDefault.xctoolchain/usr/lib/swift/host/plugins/testing -enable-experimental-feature DebugDescriptionMacro -sdk /Applications/Xcode-beta.app/Contents/Developer/Platforms/MacOSX.platform/Developer/SDKs/MacOSX26.0.sdk -target arm64-apple-macos10.13 -g -module-cache-path /Users/steipete/Library/Developer/Xcode/DerivedData/ModuleCache.noindex -Xfrontend -serialize-debugging-options -profile-coverage-mapping -profile-generate -enable-testing -suppress-warnings -index-store-path /Users/steipete/Library/Developer/Xcode/DerivedData/CodeLooper-crrddjihwjtfkwegrjrymctnfixv/Index.noindex/DataStore -swift-version 5 -I /Users/steipete/Library/Developer/Xcode/DerivedData/CodeLooper-crrddjihwjtfkwegrjrymctnfixv/Build/Products/Debug -I /Applications/Xcode-beta.app/Contents/Developer/Platforms/MacOSX.platform/Developer/usr/lib -F /Users/steipete/Library/Developer/Xcode/DerivedData/CodeLooper-crrddjihwjtfkwegrjrymctnfixv/Build/Products/Debug/PackageFrameworks -F /Users/steipete/Library/Developer/Xcode/DerivedData/CodeLooper-crrddjihwjtfkwegrjrymctnfixv/Build/Products/Debug/PackageFrameworks -F /Users/steipete/Library/Developer/Xcode/DerivedData/CodeLooper-crrddjihwjtfkwegrjrymctnfixv/Build/Products/Debug/PackageFrameworks -F /Users/steipete/Library/Developer/Xcode/DerivedData/CodeLooper-crrddjihwjtfkwegrjrymctnfixv/Build/Products/Debug/PackageFrameworks -F /Users/steipete/Library/Developer/Xcode/DerivedData/CodeLooper-crrddjihwjtfkwegrjrymctnfixv/Build/Products/Debug/PackageFrameworks -F /Users/steipete/Library/Developer/Xcode/DerivedData/CodeLooper-crrddjihwjtfkwegrjrymctnfixv/Build/Products/Debug/PackageFrameworks -F /Users/steipete/Library/Developer/Xcode/DerivedData/CodeLooper-crrddjihwjtfkwegrjrymctnfixv/Build/Products/Debug/PackageFrameworks -F /Users/steipete/Library/Developer/Xcode/DerivedData/CodeLooper-crrddjihwjtfkwegrjrymctnfixv/Build/Products/Debug/PackageFrameworks -F /Users/steipete/Library/Developer/Xcode/DerivedData/CodeLooper-crrddjihwjtfkwegrjrymctnfixv/Build/Products/Debug/PackageFrameworks -F /Users/steipete/Library/Developer/Xcode/DerivedData/CodeLooper-crrddjihwjtfkwegrjrymctnfixv/Build/Products/Debug/PackageFrameworks -F /Users/steipete/Library/Developer/Xcode/DerivedData/CodeLooper-crrddjihwjtfkwegrjrymctnfixv/Build/Products/Debug/PackageFrameworks -F /Users/steipete/Library/Developer/Xcode/DerivedData/CodeLooper-crrddjihwjtfkwegrjrymctnfixv/Build/Products/Debug/PackageFrameworks -F /Users/steipete/Library/Developer/Xcode/DerivedData/CodeLooper-crrddjihwjtfkwegrjrymctnfixv/Build/Products/Debug -F /Applications/Xcode-beta.app/Contents/Developer/Platforms/MacOSX.platform/Developer/Library/Frameworks -c -j16 -enable-batch-mode -incremental -Xcc -ivfsstatcache -Xcc /Users/steipete/Library/Developer/Xcode/DerivedData/SDKStatCaches.noindex/macosx26.0-25A5279m-5d9328ff1a6613a11d359de947506b52.sdkstatcache -output-file-map /Users/steipete/Library/Developer/Xcode/DerivedData/CodeLooper-crrddjihwjtfkwegrjrymctnfixv/Build/Intermediates.noindex/swift-nio.build/Debug/NIOCore.build/Objects-normal/arm64/NIOCore-OutputFileMap.json -use-frontend-parseable-output -save-temps -no-color-diagnostics -explicit-module-build -module-cache-path /Users/steipete/Library/Developer/Xcode/DerivedData/CodeLooper-crrddjihwjtfkwegrjrymctnfixv/Build/Intermediates.noindex/SwiftExplicitPrecompiledModules -clang-scanner-module-cache-path /Users/steipete/Library/Developer/Xcode/DerivedData/ModuleCache.noindex -sdk-module-cache-path /Users/steipete/Library/Developer/Xcode/DerivedData/ModuleCache.noindex -serialize-diagnostics -emit-dependencies -emit-module -emit-module-path /Users/steipete/Library/Developer/Xcode/DerivedData/CodeLooper-crrddjihwjtfkwegrjrymctnfixv/Build/Intermediates.noindex/swift-nio.build/Debug/NIOCore.build/Objects-normal/arm64/NIOCore.swiftmodule -validate-clang-modules-once -clang-build-session-file /Users/steipete/Library/Developer/Xcode/DerivedData/ModuleCache.noindex/Session.modulevalidation -package-name swift_nio -Xcc -I/Users/steipete/Library/Developer/Xcode/DerivedData/CodeLooper-crrddjihwjtfkwegrjrymctnfixv/Build/Intermediates.noindex/swift-nio.build/Debug/NIOCore.build/swift-overrides.hmap -emit-const-values -Xfrontend -const-gather-protocols-file -Xfrontend /Users/steipete/Library/Developer/Xcode/DerivedData/CodeLooper-crrddjihwjtfkwegrjrymctnfixv/Build/Intermediates.noindex/swift-nio.build/Debug/NIOCore.build/Objects-normal/arm64/NIOCore_const_extract_protocols.json -Xcc -I/Users/steipete/Library/Developer/Xcode/DerivedData/CodeLooper-crrddjihwjtfkwegrjrymctnfixv/SourcePackages/checkouts/swift-atomics/Sources/_AtomicsShims/include -Xcc -I/Users/steipete/Library/Developer/Xcode/DerivedData/CodeLooper-crrddjihwjtfkwegrjrymctnfixv/SourcePackages/checkouts/swift-nio/Sources/CNIOWASI/include -Xcc -I/Users/steipete/Library/Developer/Xcode/DerivedData/CodeLooper-crrddjihwjtfkwegrjrymctnfixv/SourcePackages/checkouts/swift-nio/Sources/CNIOWindows/include -Xcc -I/Users/steipete/Library/Developer/Xcode/DerivedData/CodeLooper-crrddjihwjtfkwegrjrymctnfixv/SourcePackages/checkouts/swift-nio/Sources/CNIOLinux/include -Xcc -I/Users/steipete/Library/Developer/Xcode/DerivedData/CodeLooper-crrddjihwjtfkwegrjrymctnfixv/SourcePackages/checkouts/swift-nio/Sources/CNIODarwin/include -Xcc -I/Users/steipete/Library/Developer/Xcode/DerivedData/CodeLooper-crrddjihwjtfkwegrjrymctnfixv/SourcePackages/checkouts/swift-nio/Sources/CNIOAtomics/include -Xcc -I/Users/steipete/Library/Developer/Xcode/DerivedData/CodeLooper-crrddjihwjtfkwegrjrymctnfixv/Build/Products/Debug/include -Xcc -I/Users/steipete/Library/Developer/Xcode/DerivedData/CodeLooper-crrddjihwjtfkwegrjrymctnfixv/Build/Intermediates.noindex/swift-nio.build/Debug/NIOCore.build/DerivedSources-normal/arm64 -Xcc -I/Users/steipete/Library/Developer/Xcode/DerivedData/CodeLooper-crrddjihwjtfkwegrjrymctnfixv/Build/Intermediates.noindex/swift-nio.build/Debug/NIOCore.build/DerivedSources/arm64 -Xcc -I/Users/steipete/Library/Developer/Xcode/DerivedData/CodeLooper-crrddjihwjtfkwegrjrymctnfixv/Build/Intermediates.noindex/swift-nio.build/Debug/NIOCore.build/DerivedSources -Xcc -DSWIFT_PACKAGE -Xcc -DDEBUG\=1 -emit-objc-header -emit-objc-header-path /Users/steipete/Library/Developer/Xcode/DerivedData/CodeLooper-crrddjihwjtfkwegrjrymctnfixv/Build/Intermediates.noindex/swift-nio.build/Debug/NIOCore.build/Objects-normal/arm64/NIOCore-Swift.h -working-directory /Users/steipete/Projects/CodeLooper -experimental-emit-module-separately -disable-cmo

SwiftMergeGeneratedHeaders /Users/steipete/Library/Developer/Xcode/DerivedData/CodeLooper-crrddjihwjtfkwegrjrymctnfixv/Build/Intermediates.noindex/GeneratedModuleMaps/NIOCore-Swift.h /Users/steipete/Library/Developer/Xcode/DerivedData/CodeLooper-crrddjihwjtfkwegrjrymctnfixv/Build/Intermediates.noindex/swift-nio.build/Debug/NIOCore.build/Objects-normal/arm64/NIOCore-Swift.h (in target 'NIOCore' from project 'swift-nio')
    cd /Users/steipete/Library/Developer/Xcode/DerivedData/CodeLooper-crrddjihwjtfkwegrjrymctnfixv/SourcePackages/checkouts/swift-nio
    builtin-swiftHeaderTool -arch arm64 /Users/steipete/Library/Developer/Xcode/DerivedData/CodeLooper-crrddjihwjtfkwegrjrymctnfixv/Build/Intermediates.noindex/swift-nio.build/Debug/NIOCore.build/Objects-normal/arm64/NIOCore-Swift.h -o /Users/steipete/Library/Developer/Xcode/DerivedData/CodeLooper-crrddjihwjtfkwegrjrymctnfixv/Build/Intermediates.noindex/GeneratedModuleMaps/NIOCore-Swift.h

Copy /Users/steipete/Library/Developer/Xcode/DerivedData/CodeLooper-crrddjihwjtfkwegrjrymctnfixv/Build/Products/Debug/NIOCore.swiftmodule/arm64-apple-macos.abi.json /Users/steipete/Library/Developer/Xcode/DerivedData/CodeLooper-crrddjihwjtfkwegrjrymctnfixv/Build/Intermediates.noindex/swift-nio.build/Debug/NIOCore.build/Objects-normal/arm64/NIOCore.abi.json (in target 'NIOCore' from project 'swift-nio')
    cd /Users/steipete/Library/Developer/Xcode/DerivedData/CodeLooper-crrddjihwjtfkwegrjrymctnfixv/SourcePackages/checkouts/swift-nio
    builtin-copy -exclude .DS_Store -exclude CVS -exclude .svn -exclude .git -exclude .hg -resolve-src-symlinks -rename /Users/steipete/Library/Developer/Xcode/DerivedData/CodeLooper-crrddjihwjtfkwegrjrymctnfixv/Build/Intermediates.noindex/swift-nio.build/Debug/NIOCore.build/Objects-normal/arm64/NIOCore.abi.json /Users/steipete/Library/Developer/Xcode/DerivedData/CodeLooper-crrddjihwjtfkwegrjrymctnfixv/Build/Products/Debug/NIOCore.swiftmodule/arm64-apple-macos.abi.json

Copy /Users/steipete/Library/Developer/Xcode/DerivedData/CodeLooper-crrddjihwjtfkwegrjrymctnfixv/Build/Products/Debug/NIOCore.swiftmodule/Project/arm64-apple-macos.swiftsourceinfo /Users/steipete/Library/Developer/Xcode/DerivedData/CodeLooper-crrddjihwjtfkwegrjrymctnfixv/Build/Intermediates.noindex/swift-nio.build/Debug/NIOCore.build/Objects-normal/arm64/NIOCore.swiftsourceinfo (in target 'NIOCore' from project 'swift-nio')
    cd /Users/steipete/Library/Developer/Xcode/DerivedData/CodeLooper-crrddjihwjtfkwegrjrymctnfixv/SourcePackages/checkouts/swift-nio
    builtin-copy -exclude .DS_Store -exclude CVS -exclude .svn -exclude .git -exclude .hg -resolve-src-symlinks -rename /Users/steipete/Library/Developer/Xcode/DerivedData/CodeLooper-crrddjihwjtfkwegrjrymctnfixv/Build/Intermediates.noindex/swift-nio.build/Debug/NIOCore.build/Objects-normal/arm64/NIOCore.swiftsourceinfo /Users/steipete/Library/Developer/Xcode/DerivedData/CodeLooper-crrddjihwjtfkwegrjrymctnfixv/Build/Products/Debug/NIOCore.swiftmodule/Project/arm64-apple-macos.swiftsourceinfo

Copy /Users/steipete/Library/Developer/Xcode/DerivedData/CodeLooper-crrddjihwjtfkwegrjrymctnfixv/Build/Products/Debug/NIOCore.swiftmodule/arm64-apple-macos.swiftdoc /Users/steipete/Library/Developer/Xcode/DerivedData/CodeLooper-crrddjihwjtfkwegrjrymctnfixv/Build/Intermediates.noindex/swift-nio.build/Debug/NIOCore.build/Objects-normal/arm64/NIOCore.swiftdoc (in target 'NIOCore' from project 'swift-nio')
    cd /Users/steipete/Library/Developer/Xcode/DerivedData/CodeLooper-crrddjihwjtfkwegrjrymctnfixv/SourcePackages/checkouts/swift-nio
    builtin-copy -exclude .DS_Store -exclude CVS -exclude .svn -exclude .git -exclude .hg -resolve-src-symlinks -rename /Users/steipete/Library/Developer/Xcode/DerivedData/CodeLooper-crrddjihwjtfkwegrjrymctnfixv/Build/Intermediates.noindex/swift-nio.build/Debug/NIOCore.build/Objects-normal/arm64/NIOCore.swiftdoc /Users/steipete/Library/Developer/Xcode/DerivedData/CodeLooper-crrddjihwjtfkwegrjrymctnfixv/Build/Products/Debug/NIOCore.swiftmodule/arm64-apple-macos.swiftdoc

Copy /Users/steipete/Library/Developer/Xcode/DerivedData/CodeLooper-crrddjihwjtfkwegrjrymctnfixv/Build/Products/Debug/NIOCore.swiftmodule/arm64-apple-macos.swiftmodule /Users/steipete/Library/Developer/Xcode/DerivedData/CodeLooper-crrddjihwjtfkwegrjrymctnfixv/Build/Intermediates.noindex/swift-nio.build/Debug/NIOCore.build/Objects-normal/arm64/NIOCore.swiftmodule (in target 'NIOCore' from project 'swift-nio')
    cd /Users/steipete/Library/Developer/Xcode/DerivedData/CodeLooper-crrddjihwjtfkwegrjrymctnfixv/SourcePackages/checkouts/swift-nio
    builtin-copy -exclude .DS_Store -exclude CVS -exclude .svn -exclude .git -exclude .hg -resolve-src-symlinks -rename /Users/steipete/Library/Developer/Xcode/DerivedData/CodeLooper-crrddjihwjtfkwegrjrymctnfixv/Build/Intermediates.noindex/swift-nio.build/Debug/NIOCore.build/Objects-normal/arm64/NIOCore.swiftmodule /Users/steipete/Library/Developer/Xcode/DerivedData/CodeLooper-crrddjihwjtfkwegrjrymctnfixv/Build/Products/Debug/NIOCore.swiftmodule/arm64-apple-macos.swiftmodule

SwiftDriver NIOPosix normal arm64 com.apple.xcode.tools.swift.compiler (in target 'NIOPosix' from project 'swift-nio')
    cd /Users/steipete/Projects/CodeLooper
    builtin-SwiftDriver -- /Applications/Xcode-beta.app/Contents/Developer/Toolchains/XcodeDefault.xctoolchain/usr/bin/swiftc -module-name NIOPosix -Onone -enforce-exclusivity\=checked @/Users/steipete/Library/Developer/Xcode/DerivedData/CodeLooper-crrddjihwjtfkwegrjrymctnfixv/Build/Intermediates.noindex/swift-nio.build/Debug/NIOPosix.build/Objects-normal/arm64/NIOPosix.SwiftFileList -DSWIFT_PACKAGE -DDEBUG -DSWIFT_MODULE_RESOURCE_BUNDLE_AVAILABLE -Xcc -fmodule-map-file\=/Users/steipete/Library/Developer/Xcode/DerivedData/CodeLooper-crrddjihwjtfkwegrjrymctnfixv/Build/Intermediates.noindex/GeneratedModuleMaps/CNIOWASI.modulemap -Xcc -fmodule-map-file\=/Users/steipete/Library/Developer/Xcode/DerivedData/CodeLooper-crrddjihwjtfkwegrjrymctnfixv/Build/Intermediates.noindex/GeneratedModuleMaps/CNIOAtomics.modulemap -Xcc -fmodule-map-file\=/Users/steipete/Library/Developer/Xcode/DerivedData/CodeLooper-crrddjihwjtfkwegrjrymctnfixv/Build/Intermediates.noindex/GeneratedModuleMaps/CNIODarwin.modulemap -Xcc -fmodule-map-file\=/Users/steipete/Library/Developer/Xcode/DerivedData/CodeLooper-crrddjihwjtfkwegrjrymctnfixv/Build/Intermediates.noindex/GeneratedModuleMaps/CNIOLinux.modulemap -DXcode -enable-upcoming-feature StrictConcurrency -enable-upcoming-feature InferSendableFromCaptures -enable-upcoming-feature MemberImportVisibility -plugin-path /Applications/Xcode-beta.app/Contents/Developer/Toolchains/XcodeDefault.xctoolchain/usr/lib/swift/host/plugins/testing -enable-experimental-feature DebugDescriptionMacro -sdk /Applications/Xcode-beta.app/Contents/Developer/Platforms/MacOSX.platform/Developer/SDKs/MacOSX26.0.sdk -target arm64-apple-macos10.13 -g -module-cache-path /Users/steipete/Library/Developer/Xcode/DerivedData/ModuleCache.noindex -Xfrontend -serialize-debugging-options -profile-coverage-mapping -profile-generate -enable-testing -suppress-warnings -index-store-path /Users/steipete/Library/Developer/Xcode/DerivedData/CodeLooper-crrddjihwjtfkwegrjrymctnfixv/Index.noindex/DataStore -swift-version 5 -I /Users/steipete/Library/Developer/Xcode/DerivedData/CodeLooper-crrddjihwjtfkwegrjrymctnfixv/Build/Products/Debug -I /Applications/Xcode-beta.app/Contents/Developer/Platforms/MacOSX.platform/Developer/usr/lib -F /Users/steipete/Library/Developer/Xcode/DerivedData/CodeLooper-crrddjihwjtfkwegrjrymctnfixv/Build/Products/Debug/PackageFrameworks -F /Users/steipete/Library/Developer/Xcode/DerivedData/CodeLooper-crrddjihwjtfkwegrjrymctnfixv/Build/Products/Debug/PackageFrameworks -F /Users/steipete/Library/Developer/Xcode/DerivedData/CodeLooper-crrddjihwjtfkwegrjrymctnfixv/Build/Products/Debug/PackageFrameworks -F /Users/steipete/Library/Developer/Xcode/DerivedData/CodeLooper-crrddjihwjtfkwegrjrymctnfixv/Build/Products/Debug/PackageFrameworks -F /Users/steipete/Library/Developer/Xcode/DerivedData/CodeLooper-crrddjihwjtfkwegrjrymctnfixv/Build/Products/Debug/PackageFrameworks -F /Users/steipete/Library/Developer/Xcode/DerivedData/CodeLooper-crrddjihwjtfkwegrjrymctnfixv/Build/Products/Debug/PackageFrameworks -F /Users/steipete/Library/Developer/Xcode/DerivedData/CodeLooper-crrddjihwjtfkwegrjrymctnfixv/Build/Products/Debug/PackageFrameworks -F /Users/steipete/Library/Developer/Xcode/DerivedData/CodeLooper-crrddjihwjtfkwegrjrymctnfixv/Build/Products/Debug/PackageFrameworks -F /Users/steipete/Library/Developer/Xcode/DerivedData/CodeLooper-crrddjihwjtfkwegrjrymctnfixv/Build/Products/Debug/PackageFrameworks -F /Users/steipete/Library/Developer/Xcode/DerivedData/CodeLooper-crrddjihwjtfkwegrjrymctnfixv/Build/Products/Debug/PackageFrameworks -F /Users/steipete/Library/Developer/Xcode/DerivedData/CodeLooper-crrddjihwjtfkwegrjrymctnfixv/Build/Products/Debug/PackageFrameworks -F /Users/steipete/Library/Developer/Xcode/DerivedData/CodeLooper-crrddjihwjtfkwegrjrymctnfixv/Build/Products/Debug/PackageFrameworks -F /Users/steipete/Library/Developer/Xcode/DerivedData/CodeLooper-crrddjihwjtfkwegrjrymctnfixv/Build/Products/Debug/PackageFrameworks -F /Users/steipete/Library/Developer/Xcode/DerivedData/CodeLooper-crrddjihwjtfkwegrjrymctnfixv/Build/Products/Debug -F /Applications/Xcode-beta.app/Contents/Developer/Platforms/MacOSX.platform/Developer/Library/Frameworks -c -j16 -enable-batch-mode -incremental -Xcc -ivfsstatcache -Xcc /Users/steipete/Library/Developer/Xcode/DerivedData/SDKStatCaches.noindex/macosx26.0-25A5279m-5d9328ff1a6613a11d359de947506b52.sdkstatcache -output-file-map /Users/steipete/Library/Developer/Xcode/DerivedData/CodeLooper-crrddjihwjtfkwegrjrymctnfixv/Build/Intermediates.noindex/swift-nio.build/Debug/NIOPosix.build/Objects-normal/arm64/NIOPosix-OutputFileMap.json -use-frontend-parseable-output -save-temps -no-color-diagnostics -explicit-module-build -module-cache-path /Users/steipete/Library/Developer/Xcode/DerivedData/CodeLooper-crrddjihwjtfkwegrjrymctnfixv/Build/Intermediates.noindex/SwiftExplicitPrecompiledModules -clang-scanner-module-cache-path /Users/steipete/Library/Developer/Xcode/DerivedData/ModuleCache.noindex -sdk-module-cache-path /Users/steipete/Library/Developer/Xcode/DerivedData/ModuleCache.noindex -serialize-diagnostics -emit-dependencies -emit-module -emit-module-path /Users/steipete/Library/Developer/Xcode/DerivedData/CodeLooper-crrddjihwjtfkwegrjrymctnfixv/Build/Intermediates.noindex/swift-nio.build/Debug/NIOPosix.build/Objects-normal/arm64/NIOPosix.swiftmodule -validate-clang-modules-once -clang-build-session-file /Users/steipete/Library/Developer/Xcode/DerivedData/ModuleCache.noindex/Session.modulevalidation -package-name swift_nio -Xcc -I/Users/steipete/Library/Developer/Xcode/DerivedData/CodeLooper-crrddjihwjtfkwegrjrymctnfixv/Build/Intermediates.noindex/swift-nio.build/Debug/NIOPosix.build/swift-overrides.hmap -emit-const-values -Xfrontend -const-gather-protocols-file -Xfrontend /Users/steipete/Library/Developer/Xcode/DerivedData/CodeLooper-crrddjihwjtfkwegrjrymctnfixv/Build/Intermediates.noindex/swift-nio.build/Debug/NIOPosix.build/Objects-normal/arm64/NIOPosix_const_extract_protocols.json -Xcc -I/Users/steipete/Library/Developer/Xcode/DerivedData/CodeLooper-crrddjihwjtfkwegrjrymctnfixv/SourcePackages/checkouts/swift-atomics/Sources/_AtomicsShims/include -Xcc -I/Users/steipete/Library/Developer/Xcode/DerivedData/CodeLooper-crrddjihwjtfkwegrjrymctnfixv/SourcePackages/checkouts/swift-nio/Sources/CNIOWASI/include -Xcc -I/Users/steipete/Library/Developer/Xcode/DerivedData/CodeLooper-crrddjihwjtfkwegrjrymctnfixv/SourcePackages/checkouts/swift-nio/Sources/CNIOAtomics/include -Xcc -I/Users/steipete/Library/Developer/Xcode/DerivedData/CodeLooper-crrddjihwjtfkwegrjrymctnfixv/SourcePackages/checkouts/swift-nio/Sources/CNIOWindows/include -Xcc -I/Users/steipete/Library/Developer/Xcode/DerivedData/CodeLooper-crrddjihwjtfkwegrjrymctnfixv/SourcePackages/checkouts/swift-nio/Sources/CNIODarwin/include -Xcc -I/Users/steipete/Library/Developer/Xcode/DerivedData/CodeLooper-crrddjihwjtfkwegrjrymctnfixv/SourcePackages/checkouts/swift-nio/Sources/CNIOLinux/include -Xcc -I/Users/steipete/Library/Developer/Xcode/DerivedData/CodeLooper-crrddjihwjtfkwegrjrymctnfixv/Build/Products/Debug/include -Xcc -I/Users/steipete/Library/Developer/Xcode/DerivedData/CodeLooper-crrddjihwjtfkwegrjrymctnfixv/Build/Intermediates.noindex/swift-nio.build/Debug/NIOPosix.build/DerivedSources-normal/arm64 -Xcc -I/Users/steipete/Library/Developer/Xcode/DerivedData/CodeLooper-crrddjihwjtfkwegrjrymctnfixv/Build/Intermediates.noindex/swift-nio.build/Debug/NIOPosix.build/DerivedSources/arm64 -Xcc -I/Users/steipete/Library/Developer/Xcode/DerivedData/CodeLooper-crrddjihwjtfkwegrjrymctnfixv/Build/Intermediates.noindex/swift-nio.build/Debug/NIOPosix.build/DerivedSources -Xcc -DSWIFT_PACKAGE -Xcc -DDEBUG\=1 -emit-objc-header -emit-objc-header-path /Users/steipete/Library/Developer/Xcode/DerivedData/CodeLooper-crrddjihwjtfkwegrjrymctnfixv/Build/Intermediates.noindex/swift-nio.build/Debug/NIOPosix.build/Objects-normal/arm64/NIOPosix-Swift.h -working-directory /Users/steipete/Projects/CodeLooper -experimental-emit-module-separately -disable-cmo

SwiftDriver NIOEmbedded normal arm64 com.apple.xcode.tools.swift.compiler (in target 'NIOEmbedded' from project 'swift-nio')
    cd /Users/steipete/Projects/CodeLooper
    builtin-SwiftDriver -- /Applications/Xcode-beta.app/Contents/Developer/Toolchains/XcodeDefault.xctoolchain/usr/bin/swiftc -module-name NIOEmbedded -Onone -enforce-exclusivity\=checked @/Users/steipete/Library/Developer/Xcode/DerivedData/CodeLooper-crrddjihwjtfkwegrjrymctnfixv/Build/Intermediates.noindex/swift-nio.build/Debug/NIOEmbedded.build/Objects-normal/arm64/NIOEmbedded.SwiftFileList -DSWIFT_PACKAGE -DDEBUG -DSWIFT_MODULE_RESOURCE_BUNDLE_UNAVAILABLE -Xcc -fmodule-map-file\=/Users/steipete/Library/Developer/Xcode/DerivedData/CodeLooper-crrddjihwjtfkwegrjrymctnfixv/Build/Intermediates.noindex/GeneratedModuleMaps/CNIOWASI.modulemap -Xcc -fmodule-map-file\=/Users/steipete/Library/Developer/Xcode/DerivedData/CodeLooper-crrddjihwjtfkwegrjrymctnfixv/Build/Intermediates.noindex/GeneratedModuleMaps/CNIOLinux.modulemap -Xcc -fmodule-map-file\=/Users/steipete/Library/Developer/Xcode/DerivedData/CodeLooper-crrddjihwjtfkwegrjrymctnfixv/Build/Intermediates.noindex/GeneratedModuleMaps/CNIODarwin.modulemap -Xcc -fmodule-map-file\=/Users/steipete/Library/Developer/Xcode/DerivedData/CodeLooper-crrddjihwjtfkwegrjrymctnfixv/Build/Intermediates.noindex/GeneratedModuleMaps/CNIOAtomics.modulemap -DXcode -enable-upcoming-feature StrictConcurrency -enable-upcoming-feature InferSendableFromCaptures -enable-upcoming-feature MemberImportVisibility -plugin-path /Applications/Xcode-beta.app/Contents/Developer/Toolchains/XcodeDefault.xctoolchain/usr/lib/swift/host/plugins/testing -enable-experimental-feature DebugDescriptionMacro -sdk /Applications/Xcode-beta.app/Contents/Developer/Platforms/MacOSX.platform/Developer/SDKs/MacOSX26.0.sdk -target arm64-apple-macos10.13 -g -module-cache-path /Users/steipete/Library/Developer/Xcode/DerivedData/ModuleCache.noindex -Xfrontend -serialize-debugging-options -profile-coverage-mapping -profile-generate -enable-testing -suppress-warnings -index-store-path /Users/steipete/Library/Developer/Xcode/DerivedData/CodeLooper-crrddjihwjtfkwegrjrymctnfixv/Index.noindex/DataStore -swift-version 5 -I /Users/steipete/Library/Developer/Xcode/DerivedData/CodeLooper-crrddjihwjtfkwegrjrymctnfixv/Build/Products/Debug -I /Applications/Xcode-beta.app/Contents/Developer/Platforms/MacOSX.platform/Developer/usr/lib -F /Users/steipete/Library/Developer/Xcode/DerivedData/CodeLooper-crrddjihwjtfkwegrjrymctnfixv/Build/Products/Debug/PackageFrameworks -F /Users/steipete/Library/Developer/Xcode/DerivedData/CodeLooper-crrddjihwjtfkwegrjrymctnfixv/Build/Products/Debug/PackageFrameworks -F /Users/steipete/Library/Developer/Xcode/DerivedData/CodeLooper-crrddjihwjtfkwegrjrymctnfixv/Build/Products/Debug/PackageFrameworks -F /Users/steipete/Library/Developer/Xcode/DerivedData/CodeLooper-crrddjihwjtfkwegrjrymctnfixv/Build/Products/Debug/PackageFrameworks -F /Users/steipete/Library/Developer/Xcode/DerivedData/CodeLooper-crrddjihwjtfkwegrjrymctnfixv/Build/Products/Debug/PackageFrameworks -F /Users/steipete/Library/Developer/Xcode/DerivedData/CodeLooper-crrddjihwjtfkwegrjrymctnfixv/Build/Products/Debug/PackageFrameworks -F /Users/steipete/Library/Developer/Xcode/DerivedData/CodeLooper-crrddjihwjtfkwegrjrymctnfixv/Build/Products/Debug/PackageFrameworks -F /Users/steipete/Library/Developer/Xcode/DerivedData/CodeLooper-crrddjihwjtfkwegrjrymctnfixv/Build/Products/Debug/PackageFrameworks -F /Users/steipete/Library/Developer/Xcode/DerivedData/CodeLooper-crrddjihwjtfkwegrjrymctnfixv/Build/Products/Debug/PackageFrameworks -F /Users/steipete/Library/Developer/Xcode/DerivedData/CodeLooper-crrddjihwjtfkwegrjrymctnfixv/Build/Products/Debug/PackageFrameworks -F /Users/steipete/Library/Developer/Xcode/DerivedData/CodeLooper-crrddjihwjtfkwegrjrymctnfixv/Build/Products/Debug/PackageFrameworks -F /Users/steipete/Library/Developer/Xcode/DerivedData/CodeLooper-crrddjihwjtfkwegrjrymctnfixv/Build/Products/Debug/PackageFrameworks -F /Users/steipete/Library/Developer/Xcode/DerivedData/CodeLooper-crrddjihwjtfkwegrjrymctnfixv/Build/Products/Debug/PackageFrameworks -F /Users/steipete/Library/Developer/Xcode/DerivedData/CodeLooper-crrddjihwjtfkwegrjrymctnfixv/Build/Products/Debug -F /Applications/Xcode-beta.app/Contents/Developer/Platforms/MacOSX.platform/Developer/Library/Frameworks -c -j16 -enable-batch-mode -incremental -Xcc -ivfsstatcache -Xcc /Users/steipete/Library/Developer/Xcode/DerivedData/SDKStatCaches.noindex/macosx26.0-25A5279m-5d9328ff1a6613a11d359de947506b52.sdkstatcache -output-file-map /Users/steipete/Library/Developer/Xcode/DerivedData/CodeLooper-crrddjihwjtfkwegrjrymctnfixv/Build/Intermediates.noindex/swift-nio.build/Debug/NIOEmbedded.build/Objects-normal/arm64/NIOEmbedded-OutputFileMap.json -use-frontend-parseable-output -save-temps -no-color-diagnostics -explicit-module-build -module-cache-path /Users/steipete/Library/Developer/Xcode/DerivedData/CodeLooper-crrddjihwjtfkwegrjrymctnfixv/Build/Intermediates.noindex/SwiftExplicitPrecompiledModules -clang-scanner-module-cache-path /Users/steipete/Library/Developer/Xcode/DerivedData/ModuleCache.noindex -sdk-module-cache-path /Users/steipete/Library/Developer/Xcode/DerivedData/ModuleCache.noindex -serialize-diagnostics -emit-dependencies -emit-module -emit-module-path /Users/steipete/Library/Developer/Xcode/DerivedData/CodeLooper-crrddjihwjtfkwegrjrymctnfixv/Build/Intermediates.noindex/swift-nio.build/Debug/NIOEmbedded.build/Objects-normal/arm64/NIOEmbedded.swiftmodule -validate-clang-modules-once -clang-build-session-file /Users/steipete/Library/Developer/Xcode/DerivedData/ModuleCache.noindex/Session.modulevalidation -package-name swift_nio -Xcc -I/Users/steipete/Library/Developer/Xcode/DerivedData/CodeLooper-crrddjihwjtfkwegrjrymctnfixv/Build/Intermediates.noindex/swift-nio.build/Debug/NIOEmbedded.build/swift-overrides.hmap -emit-const-values -Xfrontend -const-gather-protocols-file -Xfrontend /Users/steipete/Library/Developer/Xcode/DerivedData/CodeLooper-crrddjihwjtfkwegrjrymctnfixv/Build/Intermediates.noindex/swift-nio.build/Debug/NIOEmbedded.build/Objects-normal/arm64/NIOEmbedded_const_extract_protocols.json -Xcc -I/Users/steipete/Library/Developer/Xcode/DerivedData/CodeLooper-crrddjihwjtfkwegrjrymctnfixv/SourcePackages/checkouts/swift-atomics/Sources/_AtomicsShims/include -Xcc -I/Users/steipete/Library/Developer/Xcode/DerivedData/CodeLooper-crrddjihwjtfkwegrjrymctnfixv/SourcePackages/checkouts/swift-nio/Sources/CNIOWASI/include -Xcc -I/Users/steipete/Library/Developer/Xcode/DerivedData/CodeLooper-crrddjihwjtfkwegrjrymctnfixv/SourcePackages/checkouts/swift-nio/Sources/CNIOWindows/include -Xcc -I/Users/steipete/Library/Developer/Xcode/DerivedData/CodeLooper-crrddjihwjtfkwegrjrymctnfixv/SourcePackages/checkouts/swift-nio/Sources/CNIOLinux/include -Xcc -I/Users/steipete/Library/Developer/Xcode/DerivedData/CodeLooper-crrddjihwjtfkwegrjrymctnfixv/SourcePackages/checkouts/swift-nio/Sources/CNIODarwin/include -Xcc -I/Users/steipete/Library/Developer/Xcode/DerivedData/CodeLooper-crrddjihwjtfkwegrjrymctnfixv/SourcePackages/checkouts/swift-nio/Sources/CNIOAtomics/include -Xcc -I/Users/steipete/Library/Developer/Xcode/DerivedData/CodeLooper-crrddjihwjtfkwegrjrymctnfixv/Build/Products/Debug/include -Xcc -I/Users/steipete/Library/Developer/Xcode/DerivedData/CodeLooper-crrddjihwjtfkwegrjrymctnfixv/Build/Intermediates.noindex/swift-nio.build/Debug/NIOEmbedded.build/DerivedSources-normal/arm64 -Xcc -I/Users/steipete/Library/Developer/Xcode/DerivedData/CodeLooper-crrddjihwjtfkwegrjrymctnfixv/Build/Intermediates.noindex/swift-nio.build/Debug/NIOEmbedded.build/DerivedSources/arm64 -Xcc -I/Users/steipete/Library/Developer/Xcode/DerivedData/CodeLooper-crrddjihwjtfkwegrjrymctnfixv/Build/Intermediates.noindex/swift-nio.build/Debug/NIOEmbedded.build/DerivedSources -Xcc -DSWIFT_PACKAGE -Xcc -DDEBUG\=1 -emit-objc-header -emit-objc-header-path /Users/steipete/Library/Developer/Xcode/DerivedData/CodeLooper-crrddjihwjtfkwegrjrymctnfixv/Build/Intermediates.noindex/swift-nio.build/Debug/NIOEmbedded.build/Objects-normal/arm64/NIOEmbedded-Swift.h -working-directory /Users/steipete/Projects/CodeLooper -experimental-emit-module-separately -disable-cmo

SwiftDriver NIOHTTPTypes normal arm64 com.apple.xcode.tools.swift.compiler (in target 'NIOHTTPTypes' from project 'swift-nio-extras')
    cd /Users/steipete/Projects/CodeLooper
    builtin-SwiftDriver -- /Applications/Xcode-beta.app/Contents/Developer/Toolchains/XcodeDefault.xctoolchain/usr/bin/swiftc -module-name NIOHTTPTypes -Onone -enforce-exclusivity\=checked @/Users/steipete/Library/Developer/Xcode/DerivedData/CodeLooper-crrddjihwjtfkwegrjrymctnfixv/Build/Intermediates.noindex/swift-nio-extras.build/Debug/NIOHTTPTypes.build/Objects-normal/arm64/NIOHTTPTypes.SwiftFileList -DSWIFT_PACKAGE -DDEBUG -DSWIFT_MODULE_RESOURCE_BUNDLE_UNAVAILABLE -Xcc -fmodule-map-file\=/Users/steipete/Library/Developer/Xcode/DerivedData/CodeLooper-crrddjihwjtfkwegrjrymctnfixv/Build/Intermediates.noindex/GeneratedModuleMaps/CNIOWASI.modulemap -Xcc -fmodule-map-file\=/Users/steipete/Library/Developer/Xcode/DerivedData/CodeLooper-crrddjihwjtfkwegrjrymctnfixv/Build/Intermediates.noindex/GeneratedModuleMaps/CNIOLinux.modulemap -Xcc -fmodule-map-file\=/Users/steipete/Library/Developer/Xcode/DerivedData/CodeLooper-crrddjihwjtfkwegrjrymctnfixv/Build/Intermediates.noindex/GeneratedModuleMaps/CNIODarwin.modulemap -Xcc -fmodule-map-file\=/Users/steipete/Library/Developer/Xcode/DerivedData/CodeLooper-crrddjihwjtfkwegrjrymctnfixv/Build/Intermediates.noindex/GeneratedModuleMaps/CNIOAtomics.modulemap -DXcode -enable-upcoming-feature StrictConcurrency -enable-upcoming-feature InferSendableFromCaptures -enable-upcoming-feature MemberImportVisibility -plugin-path /Applications/Xcode-beta.app/Contents/Developer/Toolchains/XcodeDefault.xctoolchain/usr/lib/swift/host/plugins/testing -enable-experimental-feature DebugDescriptionMacro -sdk /Applications/Xcode-beta.app/Contents/Developer/Platforms/MacOSX.platform/Developer/SDKs/MacOSX26.0.sdk -target arm64-apple-macos10.13 -g -module-cache-path /Users/steipete/Library/Developer/Xcode/DerivedData/ModuleCache.noindex -Xfrontend -serialize-debugging-options -profile-coverage-mapping -profile-generate -enable-testing -suppress-warnings -index-store-path /Users/steipete/Library/Developer/Xcode/DerivedData/CodeLooper-crrddjihwjtfkwegrjrymctnfixv/Index.noindex/DataStore -swift-version 5 -I /Users/steipete/Library/Developer/Xcode/DerivedData/CodeLooper-crrddjihwjtfkwegrjrymctnfixv/Build/Products/Debug -I /Applications/Xcode-beta.app/Contents/Developer/Platforms/MacOSX.platform/Developer/usr/lib -F /Users/steipete/Library/Developer/Xcode/DerivedData/CodeLooper-crrddjihwjtfkwegrjrymctnfixv/Build/Products/Debug/PackageFrameworks -F /Users/steipete/Library/Developer/Xcode/DerivedData/CodeLooper-crrddjihwjtfkwegrjrymctnfixv/Build/Products/Debug/PackageFrameworks -F /Users/steipete/Library/Developer/Xcode/DerivedData/CodeLooper-crrddjihwjtfkwegrjrymctnfixv/Build/Products/Debug/PackageFrameworks -F /Users/steipete/Library/Developer/Xcode/DerivedData/CodeLooper-crrddjihwjtfkwegrjrymctnfixv/Build/Products/Debug/PackageFrameworks -F /Users/steipete/Library/Developer/Xcode/DerivedData/CodeLooper-crrddjihwjtfkwegrjrymctnfixv/Build/Products/Debug/PackageFrameworks -F /Users/steipete/Library/Developer/Xcode/DerivedData/CodeLooper-crrddjihwjtfkwegrjrymctnfixv/Build/Products/Debug/PackageFrameworks -F /Users/steipete/Library/Developer/Xcode/DerivedData/CodeLooper-crrddjihwjtfkwegrjrymctnfixv/Build/Products/Debug/PackageFrameworks -F /Users/steipete/Library/Developer/Xcode/DerivedData/CodeLooper-crrddjihwjtfkwegrjrymctnfixv/Build/Products/Debug/PackageFrameworks -F /Users/steipete/Library/Developer/Xcode/DerivedData/CodeLooper-crrddjihwjtfkwegrjrymctnfixv/Build/Products/Debug/PackageFrameworks -F /Users/steipete/Library/Developer/Xcode/DerivedData/CodeLooper-crrddjihwjtfkwegrjrymctnfixv/Build/Products/Debug/PackageFrameworks -F /Users/steipete/Library/Developer/Xcode/DerivedData/CodeLooper-crrddjihwjtfkwegrjrymctnfixv/Build/Products/Debug/PackageFrameworks -F /Users/steipete/Library/Developer/Xcode/DerivedData/CodeLooper-crrddjihwjtfkwegrjrymctnfixv/Build/Products/Debug/PackageFrameworks -F /Users/steipete/Library/Developer/Xcode/DerivedData/CodeLooper-crrddjihwjtfkwegrjrymctnfixv/Build/Products/Debug/PackageFrameworks -F /Users/steipete/Library/Developer/Xcode/DerivedData/CodeLooper-crrddjihwjtfkwegrjrymctnfixv/Build/Products/Debug/PackageFrameworks -F /Users/steipete/Library/Developer/Xcode/DerivedData/CodeLooper-crrddjihwjtfkwegrjrymctnfixv/Build/Products/Debug -F /Applications/Xcode-beta.app/Contents/Developer/Platforms/MacOSX.platform/Developer/Library/Frameworks -parse-as-library -c -j16 -enable-batch-mode -incremental -Xcc -ivfsstatcache -Xcc /Users/steipete/Library/Developer/Xcode/DerivedData/SDKStatCaches.noindex/macosx26.0-25A5279m-5d9328ff1a6613a11d359de947506b52.sdkstatcache -output-file-map /Users/steipete/Library/Developer/Xcode/DerivedData/CodeLooper-crrddjihwjtfkwegrjrymctnfixv/Build/Intermediates.noindex/swift-nio-extras.build/Debug/NIOHTTPTypes.build/Objects-normal/arm64/NIOHTTPTypes-OutputFileMap.json -use-frontend-parseable-output -save-temps -no-color-diagnostics -explicit-module-build -module-cache-path /Users/steipete/Library/Developer/Xcode/DerivedData/CodeLooper-crrddjihwjtfkwegrjrymctnfixv/Build/Intermediates.noindex/SwiftExplicitPrecompiledModules -clang-scanner-module-cache-path /Users/steipete/Library/Developer/Xcode/DerivedData/ModuleCache.noindex -sdk-module-cache-path /Users/steipete/Library/Developer/Xcode/DerivedData/ModuleCache.noindex -serialize-diagnostics -emit-dependencies -emit-module -emit-module-path /Users/steipete/Library/Developer/Xcode/DerivedData/CodeLooper-crrddjihwjtfkwegrjrymctnfixv/Build/Intermediates.noindex/swift-nio-extras.build/Debug/NIOHTTPTypes.build/Objects-normal/arm64/NIOHTTPTypes.swiftmodule -validate-clang-modules-once -clang-build-session-file /Users/steipete/Library/Developer/Xcode/DerivedData/ModuleCache.noindex/Session.modulevalidation -package-name swift_nio_extras -Xcc -I/Users/steipete/Library/Developer/Xcode/DerivedData/CodeLooper-crrddjihwjtfkwegrjrymctnfixv/Build/Intermediates.noindex/swift-nio-extras.build/Debug/NIOHTTPTypes.build/swift-overrides.hmap -emit-const-values -Xfrontend -const-gather-protocols-file -Xfrontend /Users/steipete/Library/Developer/Xcode/DerivedData/CodeLooper-crrddjihwjtfkwegrjrymctnfixv/Build/Intermediates.noindex/swift-nio-extras.build/Debug/NIOHTTPTypes.build/Objects-normal/arm64/NIOHTTPTypes_const_extract_protocols.json -Xcc -I/Users/steipete/Library/Developer/Xcode/DerivedData/CodeLooper-crrddjihwjtfkwegrjrymctnfixv/SourcePackages/checkouts/swift-atomics/Sources/_AtomicsShims/include -Xcc -I/Users/steipete/Library/Developer/Xcode/DerivedData/CodeLooper-crrddjihwjtfkwegrjrymctnfixv/SourcePackages/checkouts/swift-nio/Sources/CNIOWASI/include -Xcc -I/Users/steipete/Library/Developer/Xcode/DerivedData/CodeLooper-crrddjihwjtfkwegrjrymctnfixv/SourcePackages/checkouts/swift-nio/Sources/CNIOWindows/include -Xcc -I/Users/steipete/Library/Developer/Xcode/DerivedData/CodeLooper-crrddjihwjtfkwegrjrymctnfixv/SourcePackages/checkouts/swift-nio/Sources/CNIOLinux/include -Xcc -I/Users/steipete/Library/Developer/Xcode/DerivedData/CodeLooper-crrddjihwjtfkwegrjrymctnfixv/SourcePackages/checkouts/swift-nio/Sources/CNIODarwin/include -Xcc -I/Users/steipete/Library/Developer/Xcode/DerivedData/CodeLooper-crrddjihwjtfkwegrjrymctnfixv/SourcePackages/checkouts/swift-nio/Sources/CNIOAtomics/include -Xcc -I/Users/steipete/Library/Developer/Xcode/DerivedData/CodeLooper-crrddjihwjtfkwegrjrymctnfixv/Build/Products/Debug/include -Xcc -I/Users/steipete/Library/Developer/Xcode/DerivedData/CodeLooper-crrddjihwjtfkwegrjrymctnfixv/Build/Intermediates.noindex/swift-nio-extras.build/Debug/NIOHTTPTypes.build/DerivedSources-normal/arm64 -Xcc -I/Users/steipete/Library/Developer/Xcode/DerivedData/CodeLooper-crrddjihwjtfkwegrjrymctnfixv/Build/Intermediates.noindex/swift-nio-extras.build/Debug/NIOHTTPTypes.build/DerivedSources/arm64 -Xcc -I/Users/steipete/Library/Developer/Xcode/DerivedData/CodeLooper-crrddjihwjtfkwegrjrymctnfixv/Build/Intermediates.noindex/swift-nio-extras.build/Debug/NIOHTTPTypes.build/DerivedSources -Xcc -DSWIFT_PACKAGE -Xcc -DDEBUG\=1 -emit-objc-header -emit-objc-header-path /Users/steipete/Library/Developer/Xcode/DerivedData/CodeLooper-crrddjihwjtfkwegrjrymctnfixv/Build/Intermediates.noindex/swift-nio-extras.build/Debug/NIOHTTPTypes.build/Objects-normal/arm64/NIOHTTPTypes-Swift.h -working-directory /Users/steipete/Projects/CodeLooper -experimental-emit-module-separately -disable-cmo

SwiftDriverJobDiscovery normal arm64 Compiling GracefulShutdown.swift (in target 'ServiceLifecycle' from project 'swift-service-lifecycle')

SwiftDriverJobDiscovery normal arm64 Compiling AXpectorView.swift, AXpectorViewModel.swift (in target 'AXpector' from project 'AXpector')

SwiftDriverJobDiscovery normal arm64 Compiling AXpectorViewModel+AttributeEditing.swift, AXpectorViewModel+Filtering.swift (in target 'AXpector' from project 'AXpector')

SwiftDriver\ Compilation AXpector normal arm64 com.apple.xcode.tools.swift.compiler (in target 'AXpector' from project 'AXpector')
    cd /Users/steipete/Projects/CodeLooper
    builtin-Swift-Compilation -- /Applications/Xcode-beta.app/Contents/Developer/Toolchains/XcodeDefault.xctoolchain/usr/bin/swiftc -module-name AXpector -Onone -enforce-exclusivity\=checked @/Users/steipete/Library/Developer/Xcode/DerivedData/CodeLooper-crrddjihwjtfkwegrjrymctnfixv/Build/Intermediates.noindex/AXpector.build/Debug/AXpector.build/Objects-normal/arm64/AXpector.SwiftFileList -DSWIFT_PACKAGE -DDEBUG -DSWIFT_MODULE_RESOURCE_BUNDLE_UNAVAILABLE -DXcode -plugin-path /Applications/Xcode-beta.app/Contents/Developer/Toolchains/XcodeDefault.xctoolchain/usr/lib/swift/host/plugins/testing -enable-experimental-feature DebugDescriptionMacro -sdk /Applications/Xcode-beta.app/Contents/Developer/Platforms/MacOSX.platform/Developer/SDKs/MacOSX26.0.sdk -target arm64-apple-macos14.0 -g -module-cache-path /Users/steipete/Library/Developer/Xcode/DerivedData/ModuleCache.noindex -Xfrontend -serialize-debugging-options -profile-coverage-mapping -profile-generate -enable-testing -index-store-path /Users/steipete/Library/Developer/Xcode/DerivedData/CodeLooper-crrddjihwjtfkwegrjrymctnfixv/Index.noindex/DataStore -swift-version 6 -I /Users/steipete/Library/Developer/Xcode/DerivedData/CodeLooper-crrddjihwjtfkwegrjrymctnfixv/Build/Products/Debug -I /Applications/Xcode-beta.app/Contents/Developer/Platforms/MacOSX.platform/Developer/usr/lib -F /Users/steipete/Library/Developer/Xcode/DerivedData/CodeLooper-crrddjihwjtfkwegrjrymctnfixv/Build/Products/Debug/PackageFrameworks -F /Users/steipete/Library/Developer/Xcode/DerivedData/CodeLooper-crrddjihwjtfkwegrjrymctnfixv/Build/Products/Debug/PackageFrameworks -F /Users/steipete/Library/Developer/Xcode/DerivedData/CodeLooper-crrddjihwjtfkwegrjrymctnfixv/Build/Products/Debug/PackageFrameworks -F /Users/steipete/Library/Developer/Xcode/DerivedData/CodeLooper-crrddjihwjtfkwegrjrymctnfixv/Build/Products/Debug/PackageFrameworks -F /Users/steipete/Library/Developer/Xcode/DerivedData/CodeLooper-crrddjihwjtfkwegrjrymctnfixv/Build/Products/Debug -F /Applications/Xcode-beta.app/Contents/Developer/Platforms/MacOSX.platform/Developer/Library/Frameworks -c -j16 -enable-batch-mode -incremental -Xcc -ivfsstatcache -Xcc /Users/steipete/Library/Developer/Xcode/DerivedData/SDKStatCaches.noindex/macosx26.0-25A5279m-5d9328ff1a6613a11d359de947506b52.sdkstatcache -output-file-map /Users/steipete/Library/Developer/Xcode/DerivedData/CodeLooper-crrddjihwjtfkwegrjrymctnfixv/Build/Intermediates.noindex/AXpector.build/Debug/AXpector.build/Objects-normal/arm64/AXpector-OutputFileMap.json -use-frontend-parseable-output -save-temps -no-color-diagnostics -explicit-module-build -module-cache-path /Users/steipete/Library/Developer/Xcode/DerivedData/CodeLooper-crrddjihwjtfkwegrjrymctnfixv/Build/Intermediates.noindex/SwiftExplicitPrecompiledModules -clang-scanner-module-cache-path /Users/steipete/Library/Developer/Xcode/DerivedData/ModuleCache.noindex -sdk-module-cache-path /Users/steipete/Library/Developer/Xcode/DerivedData/ModuleCache.noindex -serialize-diagnostics -emit-dependencies -emit-module -emit-module-path /Users/steipete/Library/Developer/Xcode/DerivedData/CodeLooper-crrddjihwjtfkwegrjrymctnfixv/Build/Intermediates.noindex/AXpector.build/Debug/AXpector.build/Objects-normal/arm64/AXpector.swiftmodule -validate-clang-modules-once -clang-build-session-file /Users/steipete/Library/Developer/Xcode/DerivedData/ModuleCache.noindex/Session.modulevalidation -package-name axpector -Xcc -I/Users/steipete/Library/Developer/Xcode/DerivedData/CodeLooper-crrddjihwjtfkwegrjrymctnfixv/Build/Intermediates.noindex/AXpector.build/Debug/AXpector.build/swift-overrides.hmap -emit-const-values -Xfrontend -const-gather-protocols-file -Xfrontend /Users/steipete/Library/Developer/Xcode/DerivedData/CodeLooper-crrddjihwjtfkwegrjrymctnfixv/Build/Intermediates.noindex/AXpector.build/Debug/AXpector.build/Objects-normal/arm64/AXpector_const_extract_protocols.json -Xcc -I/Users/steipete/Library/Developer/Xcode/DerivedData/CodeLooper-crrddjihwjtfkwegrjrymctnfixv/Build/Products/Debug/include -Xcc -I/Users/steipete/Library/Developer/Xcode/DerivedData/CodeLooper-crrddjihwjtfkwegrjrymctnfixv/Build/Intermediates.noindex/AXpector.build/Debug/AXpector.build/DerivedSources-normal/arm64 -Xcc -I/Users/steipete/Library/Developer/Xcode/DerivedData/CodeLooper-crrddjihwjtfkwegrjrymctnfixv/Build/Intermediates.noindex/AXpector.build/Debug/AXpector.build/DerivedSources/arm64 -Xcc -I/Users/steipete/Library/Developer/Xcode/DerivedData/CodeLooper-crrddjihwjtfkwegrjrymctnfixv/Build/Intermediates.noindex/AXpector.build/Debug/AXpector.build/DerivedSources -Xcc -DSWIFT_PACKAGE -Xcc -DDEBUG\=1 -emit-objc-header -emit-objc-header-path /Users/steipete/Library/Developer/Xcode/DerivedData/CodeLooper-crrddjihwjtfkwegrjrymctnfixv/Build/Intermediates.noindex/AXpector.build/Debug/AXpector.build/Objects-normal/arm64/AXpector-Swift.h -working-directory /Users/steipete/Projects/CodeLooper -experimental-emit-module-separately -disable-cmo

Ld /Users/steipete/Library/Developer/Xcode/DerivedData/CodeLooper-crrddjihwjtfkwegrjrymctnfixv/Build/Products/Debug/AXpector.o normal (in target 'AXpector' from project 'AXpector')
    cd /Users/steipete/Projects/CodeLooper/AXpector
    /Applications/Xcode-beta.app/Contents/Developer/Toolchains/XcodeDefault.xctoolchain/usr/bin/clang -Xlinker -reproducible -target arm64-apple-macos14.0 -r -isysroot /Applications/Xcode-beta.app/Contents/Developer/Platforms/MacOSX.platform/Developer/SDKs/MacOSX26.0.sdk -O0 -L/Users/steipete/Library/Developer/Xcode/DerivedData/CodeLooper-crrddjihwjtfkwegrjrymctnfixv/Build/Intermediates.noindex/EagerLinkingTBDs/Debug -L/Users/steipete/Library/Developer/Xcode/DerivedData/CodeLooper-crrddjihwjtfkwegrjrymctnfixv/Build/Products/Debug -L/Applications/Xcode-beta.app/Contents/Developer/Platforms/MacOSX.platform/Developer/usr/lib -F/Users/steipete/Library/Developer/Xcode/DerivedData/CodeLooper-crrddjihwjtfkwegrjrymctnfixv/Build/Intermediates.noindex/EagerLinkingTBDs/Debug -F/Users/steipete/Library/Developer/Xcode/DerivedData/CodeLooper-crrddjihwjtfkwegrjrymctnfixv/Build/Products/Debug/PackageFrameworks -F/Users/steipete/Library/Developer/Xcode/DerivedData/CodeLooper-crrddjihwjtfkwegrjrymctnfixv/Build/Products/Debug/PackageFrameworks -F/Users/steipete/Library/Developer/Xcode/DerivedData/CodeLooper-crrddjihwjtfkwegrjrymctnfixv/Build/Products/Debug/PackageFrameworks -F/Users/steipete/Library/Developer/Xcode/DerivedData/CodeLooper-crrddjihwjtfkwegrjrymctnfixv/Build/Products/Debug/PackageFrameworks -F/Users/steipete/Library/Developer/Xcode/DerivedData/CodeLooper-crrddjihwjtfkwegrjrymctnfixv/Build/Products/Debug -iframework /Applications/Xcode-beta.app/Contents/Developer/Platforms/MacOSX.platform/Developer/Library/Frameworks -filelist /Users/steipete/Library/Developer/Xcode/DerivedData/CodeLooper-crrddjihwjtfkwegrjrymctnfixv/Build/Intermediates.noindex/AXpector.build/Debug/AXpector.build/Objects-normal/arm64/AXpector.LinkFileList -nostdlib -Xlinker -object_path_lto -Xlinker /Users/steipete/Library/Developer/Xcode/DerivedData/CodeLooper-crrddjihwjtfkwegrjrymctnfixv/Build/Intermediates.noindex/AXpector.build/Debug/AXpector.build/Objects-normal/arm64/AXpector_lto.o -rdynamic -Xlinker -no_deduplicate -Xlinker -debug_variant -Xlinker -dependency_info -Xlinker /Users/steipete/Library/Developer/Xcode/DerivedData/CodeLooper-crrddjihwjtfkwegrjrymctnfixv/Build/Intermediates.noindex/AXpector.build/Debug/AXpector.build/Objects-normal/arm64/AXpector_dependency_info.dat -fobjc-link-runtime -L/Applications/Xcode-beta.app/Contents/Developer/Toolchains/XcodeDefault.xctoolchain/usr/lib/swift/macosx -L/usr/lib/swift -Xlinker -add_ast_path -Xlinker /Users/steipete/Library/Developer/Xcode/DerivedData/CodeLooper-crrddjihwjtfkwegrjrymctnfixv/Build/Intermediates.noindex/AXpector.build/Debug/AXpector.build/Objects-normal/arm64/AXpector.swiftmodule @/Users/steipete/Library/Developer/Xcode/DerivedData/CodeLooper-crrddjihwjtfkwegrjrymctnfixv/Build/Intermediates.noindex/AXpector.build/Debug/AXpector.build/Objects-normal/arm64/AXpector-linker-args.resp -o /Users/steipete/Library/Developer/Xcode/DerivedData/CodeLooper-crrddjihwjtfkwegrjrymctnfixv/Build/Products/Debug/AXpector.o

ExtractAppIntentsMetadata (in target 'AXpector' from project 'AXpector')
    cd /Users/steipete/Projects/CodeLooper/AXpector
    /Applications/Xcode-beta.app/Contents/Developer/Toolchains/XcodeDefault.xctoolchain/usr/bin/appintentsmetadataprocessor --toolchain-dir /Applications/Xcode-beta.app/Contents/Developer/Toolchains/XcodeDefault.xctoolchain --module-name AXpector --sdk-root /Applications/Xcode-beta.app/Contents/Developer/Platforms/MacOSX.platform/Developer/SDKs/MacOSX26.0.sdk --xcode-version 17A5241e --platform-family macOS --deployment-target 14.0 --bundle-identifier axpector.AXpector --output /Users/steipete/Library/Developer/Xcode/DerivedData/CodeLooper-crrddjihwjtfkwegrjrymctnfixv/Build/Products/Debug/AXpector.appintents --target-triple arm64-apple-macos14.0 --binary-file /Users/steipete/Library/Developer/Xcode/DerivedData/CodeLooper-crrddjihwjtfkwegrjrymctnfixv/Build/Products/Debug/AXpector.o --dependency-file /Users/steipete/Library/Developer/Xcode/DerivedData/CodeLooper-crrddjihwjtfkwegrjrymctnfixv/Build/Intermediates.noindex/AXpector.build/Debug/AXpector.build/Objects-normal/arm64/AXpector_dependency_info.dat --stringsdata-file /Users/steipete/Library/Developer/Xcode/DerivedData/CodeLooper-crrddjihwjtfkwegrjrymctnfixv/Build/Intermediates.noindex/AXpector.build/Debug/AXpector.build/Objects-normal/arm64/ExtractedAppShortcutsMetadata.stringsdata --source-file-list /Users/steipete/Library/Developer/Xcode/DerivedData/CodeLooper-crrddjihwjtfkwegrjrymctnfixv/Build/Intermediates.noindex/AXpector.build/Debug/AXpector.build/Objects-normal/arm64/AXpector.SwiftFileList --metadata-file-list /Users/steipete/Library/Developer/Xcode/DerivedData/CodeLooper-crrddjihwjtfkwegrjrymctnfixv/Build/Intermediates.noindex/AXpector.build/Debug/AXpector.build/AXpector.DependencyMetadataFileList --static-metadata-file-list /Users/steipete/Library/Developer/Xcode/DerivedData/CodeLooper-crrddjihwjtfkwegrjrymctnfixv/Build/Intermediates.noindex/AXpector.build/Debug/AXpector.build/AXpector.DependencyStaticMetadataFileList --swift-const-vals-list /Users/steipete/Library/Developer/Xcode/DerivedData/CodeLooper-crrddjihwjtfkwegrjrymctnfixv/Build/Intermediates.noindex/AXpector.build/Debug/AXpector.build/Objects-normal/arm64/AXpector.SwiftConstValuesFileList --force --compile-time-extraction --deployment-aware-processing --validate-assistant-intents --no-app-shortcuts-localization
2025-06-10 00:10:39.726 appintentsmetadataprocessor[98775:11269296] Starting appintentsmetadataprocessor export
2025-06-10 00:10:39.767 appintentsmetadataprocessor[98775:11269296] Extracted no relevant App Intents symbols, skipping writing output

SwiftCompile normal arm64 Compiling\ Embedded.swift /Users/steipete/Library/Developer/Xcode/DerivedData/CodeLooper-crrddjihwjtfkwegrjrymctnfixv/SourcePackages/checkouts/swift-nio/Sources/NIOEmbedded/Embedded.swift (in target 'NIOEmbedded' from project 'swift-nio')

SwiftCompile normal arm64 /Users/steipete/Library/Developer/Xcode/DerivedData/CodeLooper-crrddjihwjtfkwegrjrymctnfixv/SourcePackages/checkouts/swift-nio/Sources/NIOEmbedded/Embedded.swift (in target 'NIOEmbedded' from project 'swift-nio')
    cd /Users/steipete/Projects/CodeLooper
    

SwiftCompile normal arm64 Compiling\ AsyncTestingEventLoop.swift /Users/steipete/Library/Developer/Xcode/DerivedData/CodeLooper-crrddjihwjtfkwegrjrymctnfixv/SourcePackages/checkouts/swift-nio/Sources/NIOEmbedded/AsyncTestingEventLoop.swift (in target 'NIOEmbedded' from project 'swift-nio')

SwiftCompile normal arm64 /Users/steipete/Library/Developer/Xcode/DerivedData/CodeLooper-crrddjihwjtfkwegrjrymctnfixv/SourcePackages/checkouts/swift-nio/Sources/NIOEmbedded/AsyncTestingEventLoop.swift (in target 'NIOEmbedded' from project 'swift-nio')
    cd /Users/steipete/Projects/CodeLooper
    

SwiftEmitModule normal arm64 Emitting\ module\ for\ NIOEmbedded (in target 'NIOEmbedded' from project 'swift-nio')

EmitSwiftModule normal arm64 (in target 'NIOEmbedded' from project 'swift-nio')
    cd /Users/steipete/Projects/CodeLooper
    

SwiftCompile normal arm64 Compiling\ AsyncTestingChannel.swift /Users/steipete/Library/Developer/Xcode/DerivedData/CodeLooper-crrddjihwjtfkwegrjrymctnfixv/SourcePackages/checkouts/swift-nio/Sources/NIOEmbedded/AsyncTestingChannel.swift (in target 'NIOEmbedded' from project 'swift-nio')

SwiftCompile normal arm64 /Users/steipete/Library/Developer/Xcode/DerivedData/CodeLooper-crrddjihwjtfkwegrjrymctnfixv/SourcePackages/checkouts/swift-nio/Sources/NIOEmbedded/AsyncTestingChannel.swift (in target 'NIOEmbedded' from project 'swift-nio')
    cd /Users/steipete/Projects/CodeLooper
    

SwiftEmitModule normal arm64 Emitting\ module\ for\ NIOHTTPTypes (in target 'NIOHTTPTypes' from project 'swift-nio-extras')

SwiftCompile normal arm64 /Users/steipete/Library/Developer/Xcode/DerivedData/CodeLooper-crrddjihwjtfkwegrjrymctnfixv/SourcePackages/checkouts/swift-nio-extras/Sources/NIOHTTPTypes/NIOHTTPTypes.swift (in target 'NIOHTTPTypes' from project 'swift-nio-extras')
    cd /Users/steipete/Projects/CodeLooper
    

SwiftCompile normal arm64 Compiling\ NIOHTTPTypes.swift /Users/steipete/Library/Developer/Xcode/DerivedData/CodeLooper-crrddjihwjtfkwegrjrymctnfixv/SourcePackages/checkouts/swift-nio-extras/Sources/NIOHTTPTypes/NIOHTTPTypes.swift (in target 'NIOHTTPTypes' from project 'swift-nio-extras')

SwiftCompile normal arm64 /Users/steipete/Library/Developer/Xcode/DerivedData/CodeLooper-crrddjihwjtfkwegrjrymctnfixv/SourcePackages/checkouts/swift-nio-extras/Sources/NIOHTTPTypes/NIOHTTPTypes.swift (in target 'NIOHTTPTypes' from project 'swift-nio-extras')
    cd /Users/steipete/Projects/CodeLooper
    

RegisterExecutionPolicyException /Users/steipete/Library/Developer/Xcode/DerivedData/CodeLooper-crrddjihwjtfkwegrjrymctnfixv/Build/Products/Debug/AXpector.o (in target 'AXpector' from project 'AXpector')
    cd /Users/steipete/Projects/CodeLooper/AXpector
    builtin-RegisterExecutionPolicyException /Users/steipete/Library/Developer/Xcode/DerivedData/CodeLooper-crrddjihwjtfkwegrjrymctnfixv/Build/Products/Debug/AXpector.o

SwiftDriverJobDiscovery normal arm64 Compiling ServiceGroup.swift (in target 'ServiceLifecycle' from project 'swift-service-lifecycle')

SwiftDriver\ Compilation ServiceLifecycle normal arm64 com.apple.xcode.tools.swift.compiler (in target 'ServiceLifecycle' from project 'swift-service-lifecycle')
    cd /Users/steipete/Projects/CodeLooper
    builtin-Swift-Compilation -- /Applications/Xcode-beta.app/Contents/Developer/Toolchains/XcodeDefault.xctoolchain/usr/bin/swiftc -module-name ServiceLifecycle -Onone -enforce-exclusivity\=checked @/Users/steipete/Library/Developer/Xcode/DerivedData/CodeLooper-crrddjihwjtfkwegrjrymctnfixv/Build/Intermediates.noindex/swift-service-lifecycle.build/Debug/ServiceLifecycle.build/Objects-normal/arm64/ServiceLifecycle.SwiftFileList -DSWIFT_PACKAGE -DDEBUG -DSWIFT_MODULE_RESOURCE_BUNDLE_UNAVAILABLE -DXcode -plugin-path /Applications/Xcode-beta.app/Contents/Developer/Toolchains/XcodeDefault.xctoolchain/usr/lib/swift/host/plugins/testing -enable-experimental-feature DebugDescriptionMacro -sdk /Applications/Xcode-beta.app/Contents/Developer/Platforms/MacOSX.platform/Developer/SDKs/MacOSX26.0.sdk -target arm64-apple-macos10.13 -g -module-cache-path /Users/steipete/Library/Developer/Xcode/DerivedData/ModuleCache.noindex -Xfrontend -serialize-debugging-options -profile-coverage-mapping -profile-generate -enable-testing -suppress-warnings -index-store-path /Users/steipete/Library/Developer/Xcode/DerivedData/CodeLooper-crrddjihwjtfkwegrjrymctnfixv/Index.noindex/DataStore -swift-version 5 -I /Users/steipete/Library/Developer/Xcode/DerivedData/CodeLooper-crrddjihwjtfkwegrjrymctnfixv/Build/Products/Debug -I /Applications/Xcode-beta.app/Contents/Developer/Platforms/MacOSX.platform/Developer/usr/lib -F /Users/steipete/Library/Developer/Xcode/DerivedData/CodeLooper-crrddjihwjtfkwegrjrymctnfixv/Build/Products/Debug/PackageFrameworks -F /Users/steipete/Library/Developer/Xcode/DerivedData/CodeLooper-crrddjihwjtfkwegrjrymctnfixv/Build/Products/Debug/PackageFrameworks -F /Users/steipete/Library/Developer/Xcode/DerivedData/CodeLooper-crrddjihwjtfkwegrjrymctnfixv/Build/Products/Debug/PackageFrameworks -F /Users/steipete/Library/Developer/Xcode/DerivedData/CodeLooper-crrddjihwjtfkwegrjrymctnfixv/Build/Products/Debug/PackageFrameworks -F /Users/steipete/Library/Developer/Xcode/DerivedData/CodeLooper-crrddjihwjtfkwegrjrymctnfixv/Build/Products/Debug/PackageFrameworks -F /Users/steipete/Library/Developer/Xcode/DerivedData/CodeLooper-crrddjihwjtfkwegrjrymctnfixv/Build/Products/Debug/PackageFrameworks -F /Users/steipete/Library/Developer/Xcode/DerivedData/CodeLooper-crrddjihwjtfkwegrjrymctnfixv/Build/Products/Debug/PackageFrameworks -F /Users/steipete/Library/Developer/Xcode/DerivedData/CodeLooper-crrddjihwjtfkwegrjrymctnfixv/Build/Products/Debug -F /Applications/Xcode-beta.app/Contents/Developer/Platforms/MacOSX.platform/Developer/Library/Frameworks -c -j16 -enable-batch-mode -incremental -Xcc -ivfsstatcache -Xcc /Users/steipete/Library/Developer/Xcode/DerivedData/SDKStatCaches.noindex/macosx26.0-25A5279m-5d9328ff1a6613a11d359de947506b52.sdkstatcache -output-file-map /Users/steipete/Library/Developer/Xcode/DerivedData/CodeLooper-crrddjihwjtfkwegrjrymctnfixv/Build/Intermediates.noindex/swift-service-lifecycle.build/Debug/ServiceLifecycle.build/Objects-normal/arm64/ServiceLifecycle-OutputFileMap.json -use-frontend-parseable-output -save-temps -no-color-diagnostics -explicit-module-build -module-cache-path /Users/steipete/Library/Developer/Xcode/DerivedData/CodeLooper-crrddjihwjtfkwegrjrymctnfixv/Build/Intermediates.noindex/SwiftExplicitPrecompiledModules -clang-scanner-module-cache-path /Users/steipete/Library/Developer/Xcode/DerivedData/ModuleCache.noindex -sdk-module-cache-path /Users/steipete/Library/Developer/Xcode/DerivedData/ModuleCache.noindex -serialize-diagnostics -emit-dependencies -emit-module -emit-module-path /Users/steipete/Library/Developer/Xcode/DerivedData/CodeLooper-crrddjihwjtfkwegrjrymctnfixv/Build/Intermediates.noindex/swift-service-lifecycle.build/Debug/ServiceLifecycle.build/Objects-normal/arm64/ServiceLifecycle.swiftmodule -validate-clang-modules-once -clang-build-session-file /Users/steipete/Library/Developer/Xcode/DerivedData/ModuleCache.noindex/Session.modulevalidation -Xcc -I/Users/steipete/Library/Developer/Xcode/DerivedData/CodeLooper-crrddjihwjtfkwegrjrymctnfixv/Build/Intermediates.noindex/swift-service-lifecycle.build/Debug/ServiceLifecycle.build/swift-overrides.hmap -emit-const-values -Xfrontend -const-gather-protocols-file -Xfrontend /Users/steipete/Library/Developer/Xcode/DerivedData/CodeLooper-crrddjihwjtfkwegrjrymctnfixv/Build/Intermediates.noindex/swift-service-lifecycle.build/Debug/ServiceLifecycle.build/Objects-normal/arm64/ServiceLifecycle_const_extract_protocols.json -Xcc -I/Users/steipete/Library/Developer/Xcode/DerivedData/CodeLooper-crrddjihwjtfkwegrjrymctnfixv/Build/Products/Debug/include -Xcc -I/Users/steipete/Library/Developer/Xcode/DerivedData/CodeLooper-crrddjihwjtfkwegrjrymctnfixv/Build/Intermediates.noindex/swift-service-lifecycle.build/Debug/ServiceLifecycle.build/DerivedSources-normal/arm64 -Xcc -I/Users/steipete/Library/Developer/Xcode/DerivedData/CodeLooper-crrddjihwjtfkwegrjrymctnfixv/Build/Intermediates.noindex/swift-service-lifecycle.build/Debug/ServiceLifecycle.build/DerivedSources/arm64 -Xcc -I/Users/steipete/Library/Developer/Xcode/DerivedData/CodeLooper-crrddjihwjtfkwegrjrymctnfixv/Build/Intermediates.noindex/swift-service-lifecycle.build/Debug/ServiceLifecycle.build/DerivedSources -Xcc -DSWIFT_PACKAGE -Xcc -DDEBUG\=1 -emit-objc-header -emit-objc-header-path /Users/steipete/Library/Developer/Xcode/DerivedData/CodeLooper-crrddjihwjtfkwegrjrymctnfixv/Build/Intermediates.noindex/swift-service-lifecycle.build/Debug/ServiceLifecycle.build/Objects-normal/arm64/ServiceLifecycle-Swift.h -working-directory /Users/steipete/Projects/CodeLooper -experimental-emit-module-separately -disable-cmo

Ld /Users/steipete/Library/Developer/Xcode/DerivedData/CodeLooper-crrddjihwjtfkwegrjrymctnfixv/Build/Products/Debug/ServiceLifecycle.o normal (in target 'ServiceLifecycle' from project 'swift-service-lifecycle')
    cd /Users/steipete/Library/Developer/Xcode/DerivedData/CodeLooper-crrddjihwjtfkwegrjrymctnfixv/SourcePackages/checkouts/swift-service-lifecycle
    /Applications/Xcode-beta.app/Contents/Developer/Toolchains/XcodeDefault.xctoolchain/usr/bin/clang -Xlinker -reproducible -target arm64-apple-macos10.13 -r -isysroot /Applications/Xcode-beta.app/Contents/Developer/Platforms/MacOSX.platform/Developer/SDKs/MacOSX26.0.sdk -O0 -w -L/Users/steipete/Library/Developer/Xcode/DerivedData/CodeLooper-crrddjihwjtfkwegrjrymctnfixv/Build/Intermediates.noindex/EagerLinkingTBDs/Debug -L/Users/steipete/Library/Developer/Xcode/DerivedData/CodeLooper-crrddjihwjtfkwegrjrymctnfixv/Build/Products/Debug -L/Applications/Xcode-beta.app/Contents/Developer/Platforms/MacOSX.platform/Developer/usr/lib -F/Users/steipete/Library/Developer/Xcode/DerivedData/CodeLooper-crrddjihwjtfkwegrjrymctnfixv/Build/Intermediates.noindex/EagerLinkingTBDs/Debug -F/Users/steipete/Library/Developer/Xcode/DerivedData/CodeLooper-crrddjihwjtfkwegrjrymctnfixv/Build/Products/Debug/PackageFrameworks -F/Users/steipete/Library/Developer/Xcode/DerivedData/CodeLooper-crrddjihwjtfkwegrjrymctnfixv/Build/Products/Debug/PackageFrameworks -F/Users/steipete/Library/Developer/Xcode/DerivedData/CodeLooper-crrddjihwjtfkwegrjrymctnfixv/Build/Products/Debug/PackageFrameworks -F/Users/steipete/Library/Developer/Xcode/DerivedData/CodeLooper-crrddjihwjtfkwegrjrymctnfixv/Build/Products/Debug/PackageFrameworks -F/Users/steipete/Library/Developer/Xcode/DerivedData/CodeLooper-crrddjihwjtfkwegrjrymctnfixv/Build/Products/Debug/PackageFrameworks -F/Users/steipete/Library/Developer/Xcode/DerivedData/CodeLooper-crrddjihwjtfkwegrjrymctnfixv/Build/Products/Debug/PackageFrameworks -F/Users/steipete/Library/Developer/Xcode/DerivedData/CodeLooper-crrddjihwjtfkwegrjrymctnfixv/Build/Products/Debug/PackageFrameworks -F/Users/steipete/Library/Developer/Xcode/DerivedData/CodeLooper-crrddjihwjtfkwegrjrymctnfixv/Build/Products/Debug -iframework /Applications/Xcode-beta.app/Contents/Developer/Platforms/MacOSX.platform/Developer/Library/Frameworks -filelist /Users/steipete/Library/Developer/Xcode/DerivedData/CodeLooper-crrddjihwjtfkwegrjrymctnfixv/Build/Intermediates.noindex/swift-service-lifecycle.build/Debug/ServiceLifecycle.build/Objects-normal/arm64/ServiceLifecycle.LinkFileList -nostdlib -Xlinker -object_path_lto -Xlinker /Users/steipete/Library/Developer/Xcode/DerivedData/CodeLooper-crrddjihwjtfkwegrjrymctnfixv/Build/Intermediates.noindex/swift-service-lifecycle.build/Debug/ServiceLifecycle.build/Objects-normal/arm64/ServiceLifecycle_lto.o -rdynamic -Xlinker -no_deduplicate -Xlinker -debug_variant -Xlinker -dependency_info -Xlinker /Users/steipete/Library/Developer/Xcode/DerivedData/CodeLooper-crrddjihwjtfkwegrjrymctnfixv/Build/Intermediates.noindex/swift-service-lifecycle.build/Debug/ServiceLifecycle.build/Objects-normal/arm64/ServiceLifecycle_dependency_info.dat -fobjc-link-runtime -L/Applications/Xcode-beta.app/Contents/Developer/Toolchains/XcodeDefault.xctoolchain/usr/lib/swift/macosx -L/usr/lib/swift -Xlinker -add_ast_path -Xlinker /Users/steipete/Library/Developer/Xcode/DerivedData/CodeLooper-crrddjihwjtfkwegrjrymctnfixv/Build/Intermediates.noindex/swift-service-lifecycle.build/Debug/ServiceLifecycle.build/Objects-normal/arm64/ServiceLifecycle.swiftmodule @/Users/steipete/Library/Developer/Xcode/DerivedData/CodeLooper-crrddjihwjtfkwegrjrymctnfixv/Build/Intermediates.noindex/swift-service-lifecycle.build/Debug/ServiceLifecycle.build/Objects-normal/arm64/ServiceLifecycle-linker-args.resp -o /Users/steipete/Library/Developer/Xcode/DerivedData/CodeLooper-crrddjihwjtfkwegrjrymctnfixv/Build/Products/Debug/ServiceLifecycle.o

SwiftDriverJobDiscovery normal arm64 Emitting module for NIOHTTPTypes (in target 'NIOHTTPTypes' from project 'swift-nio-extras')

SwiftDriver\ Compilation\ Requirements NIOHTTPTypes normal arm64 com.apple.xcode.tools.swift.compiler (in target 'NIOHTTPTypes' from project 'swift-nio-extras')
    cd /Users/steipete/Projects/CodeLooper
    builtin-Swift-Compilation-Requirements -- /Applications/Xcode-beta.app/Contents/Developer/Toolchains/XcodeDefault.xctoolchain/usr/bin/swiftc -module-name NIOHTTPTypes -Onone -enforce-exclusivity\=checked @/Users/steipete/Library/Developer/Xcode/DerivedData/CodeLooper-crrddjihwjtfkwegrjrymctnfixv/Build/Intermediates.noindex/swift-nio-extras.build/Debug/NIOHTTPTypes.build/Objects-normal/arm64/NIOHTTPTypes.SwiftFileList -DSWIFT_PACKAGE -DDEBUG -DSWIFT_MODULE_RESOURCE_BUNDLE_UNAVAILABLE -Xcc -fmodule-map-file\=/Users/steipete/Library/Developer/Xcode/DerivedData/CodeLooper-crrddjihwjtfkwegrjrymctnfixv/Build/Intermediates.noindex/GeneratedModuleMaps/CNIOWASI.modulemap -Xcc -fmodule-map-file\=/Users/steipete/Library/Developer/Xcode/DerivedData/CodeLooper-crrddjihwjtfkwegrjrymctnfixv/Build/Intermediates.noindex/GeneratedModuleMaps/CNIOLinux.modulemap -Xcc -fmodule-map-file\=/Users/steipete/Library/Developer/Xcode/DerivedData/CodeLooper-crrddjihwjtfkwegrjrymctnfixv/Build/Intermediates.noindex/GeneratedModuleMaps/CNIODarwin.modulemap -Xcc -fmodule-map-file\=/Users/steipete/Library/Developer/Xcode/DerivedData/CodeLooper-crrddjihwjtfkwegrjrymctnfixv/Build/Intermediates.noindex/GeneratedModuleMaps/CNIOAtomics.modulemap -DXcode -enable-upcoming-feature StrictConcurrency -enable-upcoming-feature InferSendableFromCaptures -enable-upcoming-feature MemberImportVisibility -plugin-path /Applications/Xcode-beta.app/Contents/Developer/Toolchains/XcodeDefault.xctoolchain/usr/lib/swift/host/plugins/testing -enable-experimental-feature DebugDescriptionMacro -sdk /Applications/Xcode-beta.app/Contents/Developer/Platforms/MacOSX.platform/Developer/SDKs/MacOSX26.0.sdk -target arm64-apple-macos10.13 -g -module-cache-path /Users/steipete/Library/Developer/Xcode/DerivedData/ModuleCache.noindex -Xfrontend -serialize-debugging-options -profile-coverage-mapping -profile-generate -enable-testing -suppress-warnings -index-store-path /Users/steipete/Library/Developer/Xcode/DerivedData/CodeLooper-crrddjihwjtfkwegrjrymctnfixv/Index.noindex/DataStore -swift-version 5 -I /Users/steipete/Library/Developer/Xcode/DerivedData/CodeLooper-crrddjihwjtfkwegrjrymctnfixv/Build/Products/Debug -I /Applications/Xcode-beta.app/Contents/Developer/Platforms/MacOSX.platform/Developer/usr/lib -F /Users/steipete/Library/Developer/Xcode/DerivedData/CodeLooper-crrddjihwjtfkwegrjrymctnfixv/Build/Products/Debug/PackageFrameworks -F /Users/steipete/Library/Developer/Xcode/DerivedData/CodeLooper-crrddjihwjtfkwegrjrymctnfixv/Build/Products/Debug/PackageFrameworks -F /Users/steipete/Library/Developer/Xcode/DerivedData/CodeLooper-crrddjihwjtfkwegrjrymctnfixv/Build/Products/Debug/PackageFrameworks -F /Users/steipete/Library/Developer/Xcode/DerivedData/CodeLooper-crrddjihwjtfkwegrjrymctnfixv/Build/Products/Debug/PackageFrameworks -F /Users/steipete/Library/Developer/Xcode/DerivedData/CodeLooper-crrddjihwjtfkwegrjrymctnfixv/Build/Products/Debug/PackageFrameworks -F /Users/steipete/Library/Developer/Xcode/DerivedData/CodeLooper-crrddjihwjtfkwegrjrymctnfixv/Build/Products/Debug/PackageFrameworks -F /Users/steipete/Library/Developer/Xcode/DerivedData/CodeLooper-crrddjihwjtfkwegrjrymctnfixv/Build/Products/Debug/PackageFrameworks -F /Users/steipete/Library/Developer/Xcode/DerivedData/CodeLooper-crrddjihwjtfkwegrjrymctnfixv/Build/Products/Debug/PackageFrameworks -F /Users/steipete/Library/Developer/Xcode/DerivedData/CodeLooper-crrddjihwjtfkwegrjrymctnfixv/Build/Products/Debug/PackageFrameworks -F /Users/steipete/Library/Developer/Xcode/DerivedData/CodeLooper-crrddjihwjtfkwegrjrymctnfixv/Build/Products/Debug/PackageFrameworks -F /Users/steipete/Library/Developer/Xcode/DerivedData/CodeLooper-crrddjihwjtfkwegrjrymctnfixv/Build/Products/Debug/PackageFrameworks -F /Users/steipete/Library/Developer/Xcode/DerivedData/CodeLooper-crrddjihwjtfkwegrjrymctnfixv/Build/Products/Debug/PackageFrameworks -F /Users/steipete/Library/Developer/Xcode/DerivedData/CodeLooper-crrddjihwjtfkwegrjrymctnfixv/Build/Products/Debug/PackageFrameworks -F /Users/steipete/Library/Developer/Xcode/DerivedData/CodeLooper-crrddjihwjtfkwegrjrymctnfixv/Build/Products/Debug/PackageFrameworks -F /Users/steipete/Library/Developer/Xcode/DerivedData/CodeLooper-crrddjihwjtfkwegrjrymctnfixv/Build/Products/Debug -F /Applications/Xcode-beta.app/Contents/Developer/Platforms/MacOSX.platform/Developer/Library/Frameworks -parse-as-library -c -j16 -enable-batch-mode -incremental -Xcc -ivfsstatcache -Xcc /Users/steipete/Library/Developer/Xcode/DerivedData/SDKStatCaches.noindex/macosx26.0-25A5279m-5d9328ff1a6613a11d359de947506b52.sdkstatcache -output-file-map /Users/steipete/Library/Developer/Xcode/DerivedData/CodeLooper-crrddjihwjtfkwegrjrymctnfixv/Build/Intermediates.noindex/swift-nio-extras.build/Debug/NIOHTTPTypes.build/Objects-normal/arm64/NIOHTTPTypes-OutputFileMap.json -use-frontend-parseable-output -save-temps -no-color-diagnostics -explicit-module-build -module-cache-path /Users/steipete/Library/Developer/Xcode/DerivedData/CodeLooper-crrddjihwjtfkwegrjrymctnfixv/Build/Intermediates.noindex/SwiftExplicitPrecompiledModules -clang-scanner-module-cache-path /Users/steipete/Library/Developer/Xcode/DerivedData/ModuleCache.noindex -sdk-module-cache-path /Users/steipete/Library/Developer/Xcode/DerivedData/ModuleCache.noindex -serialize-diagnostics -emit-dependencies -emit-module -emit-module-path /Users/steipete/Library/Developer/Xcode/DerivedData/CodeLooper-crrddjihwjtfkwegrjrymctnfixv/Build/Intermediates.noindex/swift-nio-extras.build/Debug/NIOHTTPTypes.build/Objects-normal/arm64/NIOHTTPTypes.swiftmodule -validate-clang-modules-once -clang-build-session-file /Users/steipete/Library/Developer/Xcode/DerivedData/ModuleCache.noindex/Session.modulevalidation -package-name swift_nio_extras -Xcc -I/Users/steipete/Library/Developer/Xcode/DerivedData/CodeLooper-crrddjihwjtfkwegrjrymctnfixv/Build/Intermediates.noindex/swift-nio-extras.build/Debug/NIOHTTPTypes.build/swift-overrides.hmap -emit-const-values -Xfrontend -const-gather-protocols-file -Xfrontend /Users/steipete/Library/Developer/Xcode/DerivedData/CodeLooper-crrddjihwjtfkwegrjrymctnfixv/Build/Intermediates.noindex/swift-nio-extras.build/Debug/NIOHTTPTypes.build/Objects-normal/arm64/NIOHTTPTypes_const_extract_protocols.json -Xcc -I/Users/steipete/Library/Developer/Xcode/DerivedData/CodeLooper-crrddjihwjtfkwegrjrymctnfixv/SourcePackages/checkouts/swift-atomics/Sources/_AtomicsShims/include -Xcc -I/Users/steipete/Library/Developer/Xcode/DerivedData/CodeLooper-crrddjihwjtfkwegrjrymctnfixv/SourcePackages/checkouts/swift-nio/Sources/CNIOWASI/include -Xcc -I/Users/steipete/Library/Developer/Xcode/DerivedData/CodeLooper-crrddjihwjtfkwegrjrymctnfixv/SourcePackages/checkouts/swift-nio/Sources/CNIOWindows/include -Xcc -I/Users/steipete/Library/Developer/Xcode/DerivedData/CodeLooper-crrddjihwjtfkwegrjrymctnfixv/SourcePackages/checkouts/swift-nio/Sources/CNIOLinux/include -Xcc -I/Users/steipete/Library/Developer/Xcode/DerivedData/CodeLooper-crrddjihwjtfkwegrjrymctnfixv/SourcePackages/checkouts/swift-nio/Sources/CNIODarwin/include -Xcc -I/Users/steipete/Library/Developer/Xcode/DerivedData/CodeLooper-crrddjihwjtfkwegrjrymctnfixv/SourcePackages/checkouts/swift-nio/Sources/CNIOAtomics/include -Xcc -I/Users/steipete/Library/Developer/Xcode/DerivedData/CodeLooper-crrddjihwjtfkwegrjrymctnfixv/Build/Products/Debug/include -Xcc -I/Users/steipete/Library/Developer/Xcode/DerivedData/CodeLooper-crrddjihwjtfkwegrjrymctnfixv/Build/Intermediates.noindex/swift-nio-extras.build/Debug/NIOHTTPTypes.build/DerivedSources-normal/arm64 -Xcc -I/Users/steipete/Library/Developer/Xcode/DerivedData/CodeLooper-crrddjihwjtfkwegrjrymctnfixv/Build/Intermediates.noindex/swift-nio-extras.build/Debug/NIOHTTPTypes.build/DerivedSources/arm64 -Xcc -I/Users/steipete/Library/Developer/Xcode/DerivedData/CodeLooper-crrddjihwjtfkwegrjrymctnfixv/Build/Intermediates.noindex/swift-nio-extras.build/Debug/NIOHTTPTypes.build/DerivedSources -Xcc -DSWIFT_PACKAGE -Xcc -DDEBUG\=1 -emit-objc-header -emit-objc-header-path /Users/steipete/Library/Developer/Xcode/DerivedData/CodeLooper-crrddjihwjtfkwegrjrymctnfixv/Build/Intermediates.noindex/swift-nio-extras.build/Debug/NIOHTTPTypes.build/Objects-normal/arm64/NIOHTTPTypes-Swift.h -working-directory /Users/steipete/Projects/CodeLooper -experimental-emit-module-separately -disable-cmo

SwiftMergeGeneratedHeaders /Users/steipete/Library/Developer/Xcode/DerivedData/CodeLooper-crrddjihwjtfkwegrjrymctnfixv/Build/Intermediates.noindex/GeneratedModuleMaps/NIOHTTPTypes-Swift.h /Users/steipete/Library/Developer/Xcode/DerivedData/CodeLooper-crrddjihwjtfkwegrjrymctnfixv/Build/Intermediates.noindex/swift-nio-extras.build/Debug/NIOHTTPTypes.build/Objects-normal/arm64/NIOHTTPTypes-Swift.h (in target 'NIOHTTPTypes' from project 'swift-nio-extras')
    cd /Users/steipete/Library/Developer/Xcode/DerivedData/CodeLooper-crrddjihwjtfkwegrjrymctnfixv/SourcePackages/checkouts/swift-nio-extras
    builtin-swiftHeaderTool -arch arm64 /Users/steipete/Library/Developer/Xcode/DerivedData/CodeLooper-crrddjihwjtfkwegrjrymctnfixv/Build/Intermediates.noindex/swift-nio-extras.build/Debug/NIOHTTPTypes.build/Objects-normal/arm64/NIOHTTPTypes-Swift.h -o /Users/steipete/Library/Developer/Xcode/DerivedData/CodeLooper-crrddjihwjtfkwegrjrymctnfixv/Build/Intermediates.noindex/GeneratedModuleMaps/NIOHTTPTypes-Swift.h

Copy /Users/steipete/Library/Developer/Xcode/DerivedData/CodeLooper-crrddjihwjtfkwegrjrymctnfixv/Build/Products/Debug/NIOHTTPTypes.swiftmodule/arm64-apple-macos.swiftdoc /Users/steipete/Library/Developer/Xcode/DerivedData/CodeLooper-crrddjihwjtfkwegrjrymctnfixv/Build/Intermediates.noindex/swift-nio-extras.build/Debug/NIOHTTPTypes.build/Objects-normal/arm64/NIOHTTPTypes.swiftdoc (in target 'NIOHTTPTypes' from project 'swift-nio-extras')
    cd /Users/steipete/Library/Developer/Xcode/DerivedData/CodeLooper-crrddjihwjtfkwegrjrymctnfixv/SourcePackages/checkouts/swift-nio-extras
    builtin-copy -exclude .DS_Store -exclude CVS -exclude .svn -exclude .git -exclude .hg -resolve-src-symlinks -rename /Users/steipete/Library/Developer/Xcode/DerivedData/CodeLooper-crrddjihwjtfkwegrjrymctnfixv/Build/Intermediates.noindex/swift-nio-extras.build/Debug/NIOHTTPTypes.build/Objects-normal/arm64/NIOHTTPTypes.swiftdoc /Users/steipete/Library/Developer/Xcode/DerivedData/CodeLooper-crrddjihwjtfkwegrjrymctnfixv/Build/Products/Debug/NIOHTTPTypes.swiftmodule/arm64-apple-macos.swiftdoc

Copy /Users/steipete/Library/Developer/Xcode/DerivedData/CodeLooper-crrddjihwjtfkwegrjrymctnfixv/Build/Products/Debug/NIOHTTPTypes.swiftmodule/arm64-apple-macos.swiftmodule /Users/steipete/Library/Developer/Xcode/DerivedData/CodeLooper-crrddjihwjtfkwegrjrymctnfixv/Build/Intermediates.noindex/swift-nio-extras.build/Debug/NIOHTTPTypes.build/Objects-normal/arm64/NIOHTTPTypes.swiftmodule (in target 'NIOHTTPTypes' from project 'swift-nio-extras')
    cd /Users/steipete/Library/Developer/Xcode/DerivedData/CodeLooper-crrddjihwjtfkwegrjrymctnfixv/SourcePackages/checkouts/swift-nio-extras
    builtin-copy -exclude .DS_Store -exclude CVS -exclude .svn -exclude .git -exclude .hg -resolve-src-symlinks -rename /Users/steipete/Library/Developer/Xcode/DerivedData/CodeLooper-crrddjihwjtfkwegrjrymctnfixv/Build/Intermediates.noindex/swift-nio-extras.build/Debug/NIOHTTPTypes.build/Objects-normal/arm64/NIOHTTPTypes.swiftmodule /Users/steipete/Library/Developer/Xcode/DerivedData/CodeLooper-crrddjihwjtfkwegrjrymctnfixv/Build/Products/Debug/NIOHTTPTypes.swiftmodule/arm64-apple-macos.swiftmodule

Copy /Users/steipete/Library/Developer/Xcode/DerivedData/CodeLooper-crrddjihwjtfkwegrjrymctnfixv/Build/Products/Debug/NIOHTTPTypes.swiftmodule/arm64-apple-macos.abi.json /Users/steipete/Library/Developer/Xcode/DerivedData/CodeLooper-crrddjihwjtfkwegrjrymctnfixv/Build/Intermediates.noindex/swift-nio-extras.build/Debug/NIOHTTPTypes.build/Objects-normal/arm64/NIOHTTPTypes.abi.json (in target 'NIOHTTPTypes' from project 'swift-nio-extras')
    cd /Users/steipete/Library/Developer/Xcode/DerivedData/CodeLooper-crrddjihwjtfkwegrjrymctnfixv/SourcePackages/checkouts/swift-nio-extras
    builtin-copy -exclude .DS_Store -exclude CVS -exclude .svn -exclude .git -exclude .hg -resolve-src-symlinks -rename /Users/steipete/Library/Developer/Xcode/DerivedData/CodeLooper-crrddjihwjtfkwegrjrymctnfixv/Build/Intermediates.noindex/swift-nio-extras.build/Debug/NIOHTTPTypes.build/Objects-normal/arm64/NIOHTTPTypes.abi.json /Users/steipete/Library/Developer/Xcode/DerivedData/CodeLooper-crrddjihwjtfkwegrjrymctnfixv/Build/Products/Debug/NIOHTTPTypes.swiftmodule/arm64-apple-macos.abi.json

Copy /Users/steipete/Library/Developer/Xcode/DerivedData/CodeLooper-crrddjihwjtfkwegrjrymctnfixv/Build/Products/Debug/NIOHTTPTypes.swiftmodule/Project/arm64-apple-macos.swiftsourceinfo /Users/steipete/Library/Developer/Xcode/DerivedData/CodeLooper-crrddjihwjtfkwegrjrymctnfixv/Build/Intermediates.noindex/swift-nio-extras.build/Debug/NIOHTTPTypes.build/Objects-normal/arm64/NIOHTTPTypes.swiftsourceinfo (in target 'NIOHTTPTypes' from project 'swift-nio-extras')
    cd /Users/steipete/Library/Developer/Xcode/DerivedData/CodeLooper-crrddjihwjtfkwegrjrymctnfixv/SourcePackages/checkouts/swift-nio-extras
    builtin-copy -exclude .DS_Store -exclude CVS -exclude .svn -exclude .git -exclude .hg -resolve-src-symlinks -rename /Users/steipete/Library/Developer/Xcode/DerivedData/CodeLooper-crrddjihwjtfkwegrjrymctnfixv/Build/Intermediates.noindex/swift-nio-extras.build/Debug/NIOHTTPTypes.build/Objects-normal/arm64/NIOHTTPTypes.swiftsourceinfo /Users/steipete/Library/Developer/Xcode/DerivedData/CodeLooper-crrddjihwjtfkwegrjrymctnfixv/Build/Products/Debug/NIOHTTPTypes.swiftmodule/Project/arm64-apple-macos.swiftsourceinfo

ExtractAppIntentsMetadata (in target 'ServiceLifecycle' from project 'swift-service-lifecycle')
    cd /Users/steipete/Library/Developer/Xcode/DerivedData/CodeLooper-crrddjihwjtfkwegrjrymctnfixv/SourcePackages/checkouts/swift-service-lifecycle
    /Applications/Xcode-beta.app/Contents/Developer/Toolchains/XcodeDefault.xctoolchain/usr/bin/appintentsmetadataprocessor --toolchain-dir /Applications/Xcode-beta.app/Contents/Developer/Toolchains/XcodeDefault.xctoolchain --module-name ServiceLifecycle --sdk-root /Applications/Xcode-beta.app/Contents/Developer/Platforms/MacOSX.platform/Developer/SDKs/MacOSX26.0.sdk --xcode-version 17A5241e --platform-family macOS --deployment-target 10.13 --bundle-identifier swift-service-lifecycle.ServiceLifecycle --output /Users/steipete/Library/Developer/Xcode/DerivedData/CodeLooper-crrddjihwjtfkwegrjrymctnfixv/Build/Products/Debug/ServiceLifecycle.appintents --target-triple arm64-apple-macos10.13 --binary-file /Users/steipete/Library/Developer/Xcode/DerivedData/CodeLooper-crrddjihwjtfkwegrjrymctnfixv/Build/Products/Debug/ServiceLifecycle.o --dependency-file /Users/steipete/Library/Developer/Xcode/DerivedData/CodeLooper-crrddjihwjtfkwegrjrymctnfixv/Build/Intermediates.noindex/swift-service-lifecycle.build/Debug/ServiceLifecycle.build/Objects-normal/arm64/ServiceLifecycle_dependency_info.dat --stringsdata-file /Users/steipete/Library/Developer/Xcode/DerivedData/CodeLooper-crrddjihwjtfkwegrjrymctnfixv/Build/Intermediates.noindex/swift-service-lifecycle.build/Debug/ServiceLifecycle.build/Objects-normal/arm64/ExtractedAppShortcutsMetadata.stringsdata --source-file-list /Users/steipete/Library/Developer/Xcode/DerivedData/CodeLooper-crrddjihwjtfkwegrjrymctnfixv/Build/Intermediates.noindex/swift-service-lifecycle.build/Debug/ServiceLifecycle.build/Objects-normal/arm64/ServiceLifecycle.SwiftFileList --metadata-file-list /Users/steipete/Library/Developer/Xcode/DerivedData/CodeLooper-crrddjihwjtfkwegrjrymctnfixv/Build/Intermediates.noindex/swift-service-lifecycle.build/Debug/ServiceLifecycle.build/ServiceLifecycle.DependencyMetadataFileList --static-metadata-file-list /Users/steipete/Library/Developer/Xcode/DerivedData/CodeLooper-crrddjihwjtfkwegrjrymctnfixv/Build/Intermediates.noindex/swift-service-lifecycle.build/Debug/ServiceLifecycle.build/ServiceLifecycle.DependencyStaticMetadataFileList --swift-const-vals-list /Users/steipete/Library/Developer/Xcode/DerivedData/CodeLooper-crrddjihwjtfkwegrjrymctnfixv/Build/Intermediates.noindex/swift-service-lifecycle.build/Debug/ServiceLifecycle.build/Objects-normal/arm64/ServiceLifecycle.SwiftConstValuesFileList --force --compile-time-extraction --deployment-aware-processing --validate-assistant-intents --no-app-shortcuts-localization
2025-06-10 00:10:39.837 appintentsmetadataprocessor[98784:11269356] Starting appintentsmetadataprocessor export
2025-06-10 00:10:39.870 appintentsmetadataprocessor[98784:11269356] Extracted no relevant App Intents symbols, skipping writing output

SwiftDriverJobDiscovery normal arm64 Compiling ByteBuffer-hex.swift, ByteBuffer-int.swift, ByteBuffer-lengthPrefix.swift, ByteBuffer-multi-int.swift (in target 'NIOCore' from project 'swift-nio')

SwiftExplicitDependencyGeneratePcm arm64 /Users/steipete/Library/Developer/Xcode/DerivedData/CodeLooper-crrddjihwjtfkwegrjrymctnfixv/Build/Intermediates.noindex/SwiftExplicitPrecompiledModules/CNIOLinux-EM898OXBURPVO4U5QWGZWSIOI.pcm

SwiftExplicitDependencyGeneratePcm arm64 /Users/steipete/Library/Developer/Xcode/DerivedData/CodeLooper-crrddjihwjtfkwegrjrymctnfixv/Build/Intermediates.noindex/SwiftExplicitPrecompiledModules/CNIODarwin-6H95IWKIK3KOAA5YKJTETM5B6.pcm

SwiftDriverJobDiscovery normal arm64 Compiling NIOHTTPTypes.swift (in target 'NIOHTTPTypes' from project 'swift-nio-extras')

SwiftDriver\ Compilation NIOCore normal arm64 com.apple.xcode.tools.swift.compiler (in target 'NIOCore' from project 'swift-nio')
    cd /Users/steipete/Projects/CodeLooper
    builtin-Swift-Compilation -- /Applications/Xcode-beta.app/Contents/Developer/Toolchains/XcodeDefault.xctoolchain/usr/bin/swiftc -module-name NIOCore -Onone -enforce-exclusivity\=checked @/Users/steipete/Library/Developer/Xcode/DerivedData/CodeLooper-crrddjihwjtfkwegrjrymctnfixv/Build/Intermediates.noindex/swift-nio.build/Debug/NIOCore.build/Objects-normal/arm64/NIOCore.SwiftFileList -DSWIFT_PACKAGE -DDEBUG -DSWIFT_MODULE_RESOURCE_BUNDLE_UNAVAILABLE -Xcc -fmodule-map-file\=/Users/steipete/Library/Developer/Xcode/DerivedData/CodeLooper-crrddjihwjtfkwegrjrymctnfixv/Build/Intermediates.noindex/GeneratedModuleMaps/CNIOWASI.modulemap -Xcc -fmodule-map-file\=/Users/steipete/Library/Developer/Xcode/DerivedData/CodeLooper-crrddjihwjtfkwegrjrymctnfixv/Build/Intermediates.noindex/GeneratedModuleMaps/CNIOLinux.modulemap -Xcc -fmodule-map-file\=/Users/steipete/Library/Developer/Xcode/DerivedData/CodeLooper-crrddjihwjtfkwegrjrymctnfixv/Build/Intermediates.noindex/GeneratedModuleMaps/CNIODarwin.modulemap -Xcc -fmodule-map-file\=/Users/steipete/Library/Developer/Xcode/DerivedData/CodeLooper-crrddjihwjtfkwegrjrymctnfixv/Build/Intermediates.noindex/GeneratedModuleMaps/CNIOAtomics.modulemap -DXcode -enable-upcoming-feature StrictConcurrency -enable-upcoming-feature InferSendableFromCaptures -enable-upcoming-feature MemberImportVisibility -plugin-path /Applications/Xcode-beta.app/Contents/Developer/Toolchains/XcodeDefault.xctoolchain/usr/lib/swift/host/plugins/testing -enable-experimental-feature DebugDescriptionMacro -sdk /Applications/Xcode-beta.app/Contents/Developer/Platforms/MacOSX.platform/Developer/SDKs/MacOSX26.0.sdk -target arm64-apple-macos10.13 -g -module-cache-path /Users/steipete/Library/Developer/Xcode/DerivedData/ModuleCache.noindex -Xfrontend -serialize-debugging-options -profile-coverage-mapping -profile-generate -enable-testing -suppress-warnings -index-store-path /Users/steipete/Library/Developer/Xcode/DerivedData/CodeLooper-crrddjihwjtfkwegrjrymctnfixv/Index.noindex/DataStore -swift-version 5 -I /Users/steipete/Library/Developer/Xcode/DerivedData/CodeLooper-crrddjihwjtfkwegrjrymctnfixv/Build/Products/Debug -I /Applications/Xcode-beta.app/Contents/Developer/Platforms/MacOSX.platform/Developer/usr/lib -F /Users/steipete/Library/Developer/Xcode/DerivedData/CodeLooper-crrddjihwjtfkwegrjrymctnfixv/Build/Products/Debug/PackageFrameworks -F /Users/steipete/Library/Developer/Xcode/DerivedData/CodeLooper-crrddjihwjtfkwegrjrymctnfixv/Build/Products/Debug/PackageFrameworks -F /Users/steipete/Library/Developer/Xcode/DerivedData/CodeLooper-crrddjihwjtfkwegrjrymctnfixv/Build/Products/Debug/PackageFrameworks -F /Users/steipete/Library/Developer/Xcode/DerivedData/CodeLooper-crrddjihwjtfkwegrjrymctnfixv/Build/Products/Debug/PackageFrameworks -F /Users/steipete/Library/Developer/Xcode/DerivedData/CodeLooper-crrddjihwjtfkwegrjrymctnfixv/Build/Products/Debug/PackageFrameworks -F /Users/steipete/Library/Developer/Xcode/DerivedData/CodeLooper-crrddjihwjtfkwegrjrymctnfixv/Build/Products/Debug/PackageFrameworks -F /Users/steipete/Library/Developer/Xcode/DerivedData/CodeLooper-crrddjihwjtfkwegrjrymctnfixv/Build/Products/Debug/PackageFrameworks -F /Users/steipete/Library/Developer/Xcode/DerivedData/CodeLooper-crrddjihwjtfkwegrjrymctnfixv/Build/Products/Debug/PackageFrameworks -F /Users/steipete/Library/Developer/Xcode/DerivedData/CodeLooper-crrddjihwjtfkwegrjrymctnfixv/Build/Products/Debug/PackageFrameworks -F /Users/steipete/Library/Developer/Xcode/DerivedData/CodeLooper-crrddjihwjtfkwegrjrymctnfixv/Build/Products/Debug/PackageFrameworks -F /Users/steipete/Library/Developer/Xcode/DerivedData/CodeLooper-crrddjihwjtfkwegrjrymctnfixv/Build/Products/Debug/PackageFrameworks -F /Users/steipete/Library/Developer/Xcode/DerivedData/CodeLooper-crrddjihwjtfkwegrjrymctnfixv/Build/Products/Debug/PackageFrameworks -F /Users/steipete/Library/Developer/Xcode/DerivedData/CodeLooper-crrddjihwjtfkwegrjrymctnfixv/Build/Products/Debug -F /Applications/Xcode-beta.app/Contents/Developer/Platforms/MacOSX.platform/Developer/Library/Frameworks -c -j16 -enable-batch-mode -incremental -Xcc -ivfsstatcache -Xcc /Users/steipete/Library/Developer/Xcode/DerivedData/SDKStatCaches.noindex/macosx26.0-25A5279m-5d9328ff1a6613a11d359de947506b52.sdkstatcache -output-file-map /Users/steipete/Library/Developer/Xcode/DerivedData/CodeLooper-crrddjihwjtfkwegrjrymctnfixv/Build/Intermediates.noindex/swift-nio.build/Debug/NIOCore.build/Objects-normal/arm64/NIOCore-OutputFileMap.json -use-frontend-parseable-output -save-temps -no-color-diagnostics -explicit-module-build -module-cache-path /Users/steipete/Library/Developer/Xcode/DerivedData/CodeLooper-crrddjihwjtfkwegrjrymctnfixv/Build/Intermediates.noindex/SwiftExplicitPrecompiledModules -clang-scanner-module-cache-path /Users/steipete/Library/Developer/Xcode/DerivedData/ModuleCache.noindex -sdk-module-cache-path /Users/steipete/Library/Developer/Xcode/DerivedData/ModuleCache.noindex -serialize-diagnostics -emit-dependencies -emit-module -emit-module-path /Users/steipete/Library/Developer/Xcode/DerivedData/CodeLooper-crrddjihwjtfkwegrjrymctnfixv/Build/Intermediates.noindex/swift-nio.build/Debug/NIOCore.build/Objects-normal/arm64/NIOCore.swiftmodule -validate-clang-modules-once -clang-build-session-file /Users/steipete/Library/Developer/Xcode/DerivedData/ModuleCache.noindex/Session.modulevalidation -package-name swift_nio -Xcc -I/Users/steipete/Library/Developer/Xcode/DerivedData/CodeLooper-crrddjihwjtfkwegrjrymctnfixv/Build/Intermediates.noindex/swift-nio.build/Debug/NIOCore.build/swift-overrides.hmap -emit-const-values -Xfrontend -const-gather-protocols-file -Xfrontend /Users/steipete/Library/Developer/Xcode/DerivedData/CodeLooper-crrddjihwjtfkwegrjrymctnfixv/Build/Intermediates.noindex/swift-nio.build/Debug/NIOCore.build/Objects-normal/arm64/NIOCore_const_extract_protocols.json -Xcc -I/Users/steipete/Library/Developer/Xcode/DerivedData/CodeLooper-crrddjihwjtfkwegrjrymctnfixv/SourcePackages/checkouts/swift-atomics/Sources/_AtomicsShims/include -Xcc -I/Users/steipete/Library/Developer/Xcode/DerivedData/CodeLooper-crrddjihwjtfkwegrjrymctnfixv/SourcePackages/checkouts/swift-nio/Sources/CNIOWASI/include -Xcc -I/Users/steipete/Library/Developer/Xcode/DerivedData/CodeLooper-crrddjihwjtfkwegrjrymctnfixv/SourcePackages/checkouts/swift-nio/Sources/CNIOWindows/include -Xcc -I/Users/steipete/Library/Developer/Xcode/DerivedData/CodeLooper-crrddjihwjtfkwegrjrymctnfixv/SourcePackages/checkouts/swift-nio/Sources/CNIOLinux/include -Xcc -I/Users/steipete/Library/Developer/Xcode/DerivedData/CodeLooper-crrddjihwjtfkwegrjrymctnfixv/SourcePackages/checkouts/swift-nio/Sources/CNIODarwin/include -Xcc -I/Users/steipete/Library/Developer/Xcode/DerivedData/CodeLooper-crrddjihwjtfkwegrjrymctnfixv/SourcePackages/checkouts/swift-nio/Sources/CNIOAtomics/include -Xcc -I/Users/steipete/Library/Developer/Xcode/DerivedData/CodeLooper-crrddjihwjtfkwegrjrymctnfixv/Build/Products/Debug/include -Xcc -I/Users/steipete/Library/Developer/Xcode/DerivedData/CodeLooper-crrddjihwjtfkwegrjrymctnfixv/Build/Intermediates.noindex/swift-nio.build/Debug/NIOCore.build/DerivedSources-normal/arm64 -Xcc -I/Users/steipete/Library/Developer/Xcode/DerivedData/CodeLooper-crrddjihwjtfkwegrjrymctnfixv/Build/Intermediates.noindex/swift-nio.build/Debug/NIOCore.build/DerivedSources/arm64 -Xcc -I/Users/steipete/Library/Developer/Xcode/DerivedData/CodeLooper-crrddjihwjtfkwegrjrymctnfixv/Build/Intermediates.noindex/swift-nio.build/Debug/NIOCore.build/DerivedSources -Xcc -DSWIFT_PACKAGE -Xcc -DDEBUG\=1 -emit-objc-header -emit-objc-header-path /Users/steipete/Library/Developer/Xcode/DerivedData/CodeLooper-crrddjihwjtfkwegrjrymctnfixv/Build/Intermediates.noindex/swift-nio.build/Debug/NIOCore.build/Objects-normal/arm64/NIOCore-Swift.h -working-directory /Users/steipete/Projects/CodeLooper -experimental-emit-module-separately -disable-cmo

SwiftDriver\ Compilation NIOHTTPTypes normal arm64 com.apple.xcode.tools.swift.compiler (in target 'NIOHTTPTypes' from project 'swift-nio-extras')
    cd /Users/steipete/Projects/CodeLooper
    builtin-Swift-Compilation -- /Applications/Xcode-beta.app/Contents/Developer/Toolchains/XcodeDefault.xctoolchain/usr/bin/swiftc -module-name NIOHTTPTypes -Onone -enforce-exclusivity\=checked @/Users/steipete/Library/Developer/Xcode/DerivedData/CodeLooper-crrddjihwjtfkwegrjrymctnfixv/Build/Intermediates.noindex/swift-nio-extras.build/Debug/NIOHTTPTypes.build/Objects-normal/arm64/NIOHTTPTypes.SwiftFileList -DSWIFT_PACKAGE -DDEBUG -DSWIFT_MODULE_RESOURCE_BUNDLE_UNAVAILABLE -Xcc -fmodule-map-file\=/Users/steipete/Library/Developer/Xcode/DerivedData/CodeLooper-crrddjihwjtfkwegrjrymctnfixv/Build/Intermediates.noindex/GeneratedModuleMaps/CNIOWASI.modulemap -Xcc -fmodule-map-file\=/Users/steipete/Library/Developer/Xcode/DerivedData/CodeLooper-crrddjihwjtfkwegrjrymctnfixv/Build/Intermediates.noindex/GeneratedModuleMaps/CNIOLinux.modulemap -Xcc -fmodule-map-file\=/Users/steipete/Library/Developer/Xcode/DerivedData/CodeLooper-crrddjihwjtfkwegrjrymctnfixv/Build/Intermediates.noindex/GeneratedModuleMaps/CNIODarwin.modulemap -Xcc -fmodule-map-file\=/Users/steipete/Library/Developer/Xcode/DerivedData/CodeLooper-crrddjihwjtfkwegrjrymctnfixv/Build/Intermediates.noindex/GeneratedModuleMaps/CNIOAtomics.modulemap -DXcode -enable-upcoming-feature StrictConcurrency -enable-upcoming-feature InferSendableFromCaptures -enable-upcoming-feature MemberImportVisibility -plugin-path /Applications/Xcode-beta.app/Contents/Developer/Toolchains/XcodeDefault.xctoolchain/usr/lib/swift/host/plugins/testing -enable-experimental-feature DebugDescriptionMacro -sdk /Applications/Xcode-beta.app/Contents/Developer/Platforms/MacOSX.platform/Developer/SDKs/MacOSX26.0.sdk -target arm64-apple-macos10.13 -g -module-cache-path /Users/steipete/Library/Developer/Xcode/DerivedData/ModuleCache.noindex -Xfrontend -serialize-debugging-options -profile-coverage-mapping -profile-generate -enable-testing -suppress-warnings -index-store-path /Users/steipete/Library/Developer/Xcode/DerivedData/CodeLooper-crrddjihwjtfkwegrjrymctnfixv/Index.noindex/DataStore -swift-version 5 -I /Users/steipete/Library/Developer/Xcode/DerivedData/CodeLooper-crrddjihwjtfkwegrjrymctnfixv/Build/Products/Debug -I /Applications/Xcode-beta.app/Contents/Developer/Platforms/MacOSX.platform/Developer/usr/lib -F /Users/steipete/Library/Developer/Xcode/DerivedData/CodeLooper-crrddjihwjtfkwegrjrymctnfixv/Build/Products/Debug/PackageFrameworks -F /Users/steipete/Library/Developer/Xcode/DerivedData/CodeLooper-crrddjihwjtfkwegrjrymctnfixv/Build/Products/Debug/PackageFrameworks -F /Users/steipete/Library/Developer/Xcode/DerivedData/CodeLooper-crrddjihwjtfkwegrjrymctnfixv/Build/Products/Debug/PackageFrameworks -F /Users/steipete/Library/Developer/Xcode/DerivedData/CodeLooper-crrddjihwjtfkwegrjrymctnfixv/Build/Products/Debug/PackageFrameworks -F /Users/steipete/Library/Developer/Xcode/DerivedData/CodeLooper-crrddjihwjtfkwegrjrymctnfixv/Build/Products/Debug/PackageFrameworks -F /Users/steipete/Library/Developer/Xcode/DerivedData/CodeLooper-crrddjihwjtfkwegrjrymctnfixv/Build/Products/Debug/PackageFrameworks -F /Users/steipete/Library/Developer/Xcode/DerivedData/CodeLooper-crrddjihwjtfkwegrjrymctnfixv/Build/Products/Debug/PackageFrameworks -F /Users/steipete/Library/Developer/Xcode/DerivedData/CodeLooper-crrddjihwjtfkwegrjrymctnfixv/Build/Products/Debug/PackageFrameworks -F /Users/steipete/Library/Developer/Xcode/DerivedData/CodeLooper-crrddjihwjtfkwegrjrymctnfixv/Build/Products/Debug/PackageFrameworks -F /Users/steipete/Library/Developer/Xcode/DerivedData/CodeLooper-crrddjihwjtfkwegrjrymctnfixv/Build/Products/Debug/PackageFrameworks -F /Users/steipete/Library/Developer/Xcode/DerivedData/CodeLooper-crrddjihwjtfkwegrjrymctnfixv/Build/Products/Debug/PackageFrameworks -F /Users/steipete/Library/Developer/Xcode/DerivedData/CodeLooper-crrddjihwjtfkwegrjrymctnfixv/Build/Products/Debug/PackageFrameworks -F /Users/steipete/Library/Developer/Xcode/DerivedData/CodeLooper-crrddjihwjtfkwegrjrymctnfixv/Build/Products/Debug/PackageFrameworks -F /Users/steipete/Library/Developer/Xcode/DerivedData/CodeLooper-crrddjihwjtfkwegrjrymctnfixv/Build/Products/Debug/PackageFrameworks -F /Users/steipete/Library/Developer/Xcode/DerivedData/CodeLooper-crrddjihwjtfkwegrjrymctnfixv/Build/Products/Debug -F /Applications/Xcode-beta.app/Contents/Developer/Platforms/MacOSX.platform/Developer/Library/Frameworks -parse-as-library -c -j16 -enable-batch-mode -incremental -Xcc -ivfsstatcache -Xcc /Users/steipete/Library/Developer/Xcode/DerivedData/SDKStatCaches.noindex/macosx26.0-25A5279m-5d9328ff1a6613a11d359de947506b52.sdkstatcache -output-file-map /Users/steipete/Library/Developer/Xcode/DerivedData/CodeLooper-crrddjihwjtfkwegrjrymctnfixv/Build/Intermediates.noindex/swift-nio-extras.build/Debug/NIOHTTPTypes.build/Objects-normal/arm64/NIOHTTPTypes-OutputFileMap.json -use-frontend-parseable-output -save-temps -no-color-diagnostics -explicit-module-build -module-cache-path /Users/steipete/Library/Developer/Xcode/DerivedData/CodeLooper-crrddjihwjtfkwegrjrymctnfixv/Build/Intermediates.noindex/SwiftExplicitPrecompiledModules -clang-scanner-module-cache-path /Users/steipete/Library/Developer/Xcode/DerivedData/ModuleCache.noindex -sdk-module-cache-path /Users/steipete/Library/Developer/Xcode/DerivedData/ModuleCache.noindex -serialize-diagnostics -emit-dependencies -emit-module -emit-module-path /Users/steipete/Library/Developer/Xcode/DerivedData/CodeLooper-crrddjihwjtfkwegrjrymctnfixv/Build/Intermediates.noindex/swift-nio-extras.build/Debug/NIOHTTPTypes.build/Objects-normal/arm64/NIOHTTPTypes.swiftmodule -validate-clang-modules-once -clang-build-session-file /Users/steipete/Library/Developer/Xcode/DerivedData/ModuleCache.noindex/Session.modulevalidation -package-name swift_nio_extras -Xcc -I/Users/steipete/Library/Developer/Xcode/DerivedData/CodeLooper-crrddjihwjtfkwegrjrymctnfixv/Build/Intermediates.noindex/swift-nio-extras.build/Debug/NIOHTTPTypes.build/swift-overrides.hmap -emit-const-values -Xfrontend -const-gather-protocols-file -Xfrontend /Users/steipete/Library/Developer/Xcode/DerivedData/CodeLooper-crrddjihwjtfkwegrjrymctnfixv/Build/Intermediates.noindex/swift-nio-extras.build/Debug/NIOHTTPTypes.build/Objects-normal/arm64/NIOHTTPTypes_const_extract_protocols.json -Xcc -I/Users/steipete/Library/Developer/Xcode/DerivedData/CodeLooper-crrddjihwjtfkwegrjrymctnfixv/SourcePackages/checkouts/swift-atomics/Sources/_AtomicsShims/include -Xcc -I/Users/steipete/Library/Developer/Xcode/DerivedData/CodeLooper-crrddjihwjtfkwegrjrymctnfixv/SourcePackages/checkouts/swift-nio/Sources/CNIOWASI/include -Xcc -I/Users/steipete/Library/Developer/Xcode/DerivedData/CodeLooper-crrddjihwjtfkwegrjrymctnfixv/SourcePackages/checkouts/swift-nio/Sources/CNIOWindows/include -Xcc -I/Users/steipete/Library/Developer/Xcode/DerivedData/CodeLooper-crrddjihwjtfkwegrjrymctnfixv/SourcePackages/checkouts/swift-nio/Sources/CNIOLinux/include -Xcc -I/Users/steipete/Library/Developer/Xcode/DerivedData/CodeLooper-crrddjihwjtfkwegrjrymctnfixv/SourcePackages/checkouts/swift-nio/Sources/CNIODarwin/include -Xcc -I/Users/steipete/Library/Developer/Xcode/DerivedData/CodeLooper-crrddjihwjtfkwegrjrymctnfixv/SourcePackages/checkouts/swift-nio/Sources/CNIOAtomics/include -Xcc -I/Users/steipete/Library/Developer/Xcode/DerivedData/CodeLooper-crrddjihwjtfkwegrjrymctnfixv/Build/Products/Debug/include -Xcc -I/Users/steipete/Library/Developer/Xcode/DerivedData/CodeLooper-crrddjihwjtfkwegrjrymctnfixv/Build/Intermediates.noindex/swift-nio-extras.build/Debug/NIOHTTPTypes.build/DerivedSources-normal/arm64 -Xcc -I/Users/steipete/Library/Developer/Xcode/DerivedData/CodeLooper-crrddjihwjtfkwegrjrymctnfixv/Build/Intermediates.noindex/swift-nio-extras.build/Debug/NIOHTTPTypes.build/DerivedSources/arm64 -Xcc -I/Users/steipete/Library/Developer/Xcode/DerivedData/CodeLooper-crrddjihwjtfkwegrjrymctnfixv/Build/Intermediates.noindex/swift-nio-extras.build/Debug/NIOHTTPTypes.build/DerivedSources -Xcc -DSWIFT_PACKAGE -Xcc -DDEBUG\=1 -emit-objc-header -emit-objc-header-path /Users/steipete/Library/Developer/Xcode/DerivedData/CodeLooper-crrddjihwjtfkwegrjrymctnfixv/Build/Intermediates.noindex/swift-nio-extras.build/Debug/NIOHTTPTypes.build/Objects-normal/arm64/NIOHTTPTypes-Swift.h -working-directory /Users/steipete/Projects/CodeLooper -experimental-emit-module-separately -disable-cmo

Ld /Users/steipete/Library/Developer/Xcode/DerivedData/CodeLooper-crrddjihwjtfkwegrjrymctnfixv/Build/Products/Debug/NIOCore.o normal (in target 'NIOCore' from project 'swift-nio')
    cd /Users/steipete/Library/Developer/Xcode/DerivedData/CodeLooper-crrddjihwjtfkwegrjrymctnfixv/SourcePackages/checkouts/swift-nio
    /Applications/Xcode-beta.app/Contents/Developer/Toolchains/XcodeDefault.xctoolchain/usr/bin/clang -Xlinker -reproducible -target arm64-apple-macos10.13 -r -isysroot /Applications/Xcode-beta.app/Contents/Developer/Platforms/MacOSX.platform/Developer/SDKs/MacOSX26.0.sdk -O0 -w -L/Users/steipete/Library/Developer/Xcode/DerivedData/CodeLooper-crrddjihwjtfkwegrjrymctnfixv/Build/Intermediates.noindex/EagerLinkingTBDs/Debug -L/Users/steipete/Library/Developer/Xcode/DerivedData/CodeLooper-crrddjihwjtfkwegrjrymctnfixv/Build/Products/Debug -L/Applications/Xcode-beta.app/Contents/Developer/Platforms/MacOSX.platform/Developer/usr/lib -F/Users/steipete/Library/Developer/Xcode/DerivedData/CodeLooper-crrddjihwjtfkwegrjrymctnfixv/Build/Intermediates.noindex/EagerLinkingTBDs/Debug -F/Users/steipete/Library/Developer/Xcode/DerivedData/CodeLooper-crrddjihwjtfkwegrjrymctnfixv/Build/Products/Debug/PackageFrameworks -F/Users/steipete/Library/Developer/Xcode/DerivedData/CodeLooper-crrddjihwjtfkwegrjrymctnfixv/Build/Products/Debug/PackageFrameworks -F/Users/steipete/Library/Developer/Xcode/DerivedData/CodeLooper-crrddjihwjtfkwegrjrymctnfixv/Build/Products/Debug/PackageFrameworks -F/Users/steipete/Library/Developer/Xcode/DerivedData/CodeLooper-crrddjihwjtfkwegrjrymctnfixv/Build/Products/Debug/PackageFrameworks -F/Users/steipete/Library/Developer/Xcode/DerivedData/CodeLooper-crrddjihwjtfkwegrjrymctnfixv/Build/Products/Debug/PackageFrameworks -F/Users/steipete/Library/Developer/Xcode/DerivedData/CodeLooper-crrddjihwjtfkwegrjrymctnfixv/Build/Products/Debug/PackageFrameworks -F/Users/steipete/Library/Developer/Xcode/DerivedData/CodeLooper-crrddjihwjtfkwegrjrymctnfixv/Build/Products/Debug/PackageFrameworks -F/Users/steipete/Library/Developer/Xcode/DerivedData/CodeLooper-crrddjihwjtfkwegrjrymctnfixv/Build/Products/Debug/PackageFrameworks -F/Users/steipete/Library/Developer/Xcode/DerivedData/CodeLooper-crrddjihwjtfkwegrjrymctnfixv/Build/Products/Debug/PackageFrameworks -F/Users/steipete/Library/Developer/Xcode/DerivedData/CodeLooper-crrddjihwjtfkwegrjrymctnfixv/Build/Products/Debug/PackageFrameworks -F/Users/steipete/Library/Developer/Xcode/DerivedData/CodeLooper-crrddjihwjtfkwegrjrymctnfixv/Build/Products/Debug/PackageFrameworks -F/Users/steipete/Library/Developer/Xcode/DerivedData/CodeLooper-crrddjihwjtfkwegrjrymctnfixv/Build/Products/Debug/PackageFrameworks -F/Users/steipete/Library/Developer/Xcode/DerivedData/CodeLooper-crrddjihwjtfkwegrjrymctnfixv/Build/Products/Debug -iframework /Applications/Xcode-beta.app/Contents/Developer/Platforms/MacOSX.platform/Developer/Library/Frameworks -filelist /Users/steipete/Library/Developer/Xcode/DerivedData/CodeLooper-crrddjihwjtfkwegrjrymctnfixv/Build/Intermediates.noindex/swift-nio.build/Debug/NIOCore.build/Objects-normal/arm64/NIOCore.LinkFileList -nostdlib -Xlinker -object_path_lto -Xlinker /Users/steipete/Library/Developer/Xcode/DerivedData/CodeLooper-crrddjihwjtfkwegrjrymctnfixv/Build/Intermediates.noindex/swift-nio.build/Debug/NIOCore.build/Objects-normal/arm64/NIOCore_lto.o -rdynamic -Xlinker -no_deduplicate -Xlinker -debug_variant -Xlinker -dependency_info -Xlinker /Users/steipete/Library/Developer/Xcode/DerivedData/CodeLooper-crrddjihwjtfkwegrjrymctnfixv/Build/Intermediates.noindex/swift-nio.build/Debug/NIOCore.build/Objects-normal/arm64/NIOCore_dependency_info.dat -fobjc-link-runtime -L/Applications/Xcode-beta.app/Contents/Developer/Toolchains/XcodeDefault.xctoolchain/usr/lib/swift/macosx -L/usr/lib/swift -Xlinker -add_ast_path -Xlinker /Users/steipete/Library/Developer/Xcode/DerivedData/CodeLooper-crrddjihwjtfkwegrjrymctnfixv/Build/Intermediates.noindex/swift-nio.build/Debug/NIOCore.build/Objects-normal/arm64/NIOCore.swiftmodule @/Users/steipete/Library/Developer/Xcode/DerivedData/CodeLooper-crrddjihwjtfkwegrjrymctnfixv/Build/Intermediates.noindex/swift-nio.build/Debug/NIOCore.build/Objects-normal/arm64/NIOCore-linker-args.resp -o /Users/steipete/Library/Developer/Xcode/DerivedData/CodeLooper-crrddjihwjtfkwegrjrymctnfixv/Build/Products/Debug/NIOCore.o

SwiftEmitModule normal arm64 Emitting\ module\ for\ NIOPosix (in target 'NIOPosix' from project 'swift-nio')

EmitSwiftModule normal arm64 (in target 'NIOPosix' from project 'swift-nio')
    cd /Users/steipete/Projects/CodeLooper
    

SwiftCompile normal arm64 Compiling\ Utilities.swift,\ VsockAddress.swift,\ VsockChannelEvents.swift /Users/steipete/Library/Developer/Xcode/DerivedData/CodeLooper-crrddjihwjtfkwegrjrymctnfixv/SourcePackages/checkouts/swift-nio/Sources/NIOPosix/Utilities.swift /Users/steipete/Library/Developer/Xcode/DerivedData/CodeLooper-crrddjihwjtfkwegrjrymctnfixv/SourcePackages/checkouts/swift-nio/Sources/NIOPosix/VsockAddress.swift /Users/steipete/Library/Developer/Xcode/DerivedData/CodeLooper-crrddjihwjtfkwegrjrymctnfixv/SourcePackages/checkouts/swift-nio/Sources/NIOPosix/VsockChannelEvents.swift (in target 'NIOPosix' from project 'swift-nio')

SwiftCompile normal arm64 /Users/steipete/Library/Developer/Xcode/DerivedData/CodeLooper-crrddjihwjtfkwegrjrymctnfixv/SourcePackages/checkouts/swift-nio/Sources/NIOPosix/Utilities.swift (in target 'NIOPosix' from project 'swift-nio')
    cd /Users/steipete/Projects/CodeLooper
    

SwiftCompile normal arm64 /Users/steipete/Library/Developer/Xcode/DerivedData/CodeLooper-crrddjihwjtfkwegrjrymctnfixv/SourcePackages/checkouts/swift-nio/Sources/NIOPosix/VsockAddress.swift (in target 'NIOPosix' from project 'swift-nio')
    cd /Users/steipete/Projects/CodeLooper
    

SwiftCompile normal arm64 /Users/steipete/Library/Developer/Xcode/DerivedData/CodeLooper-crrddjihwjtfkwegrjrymctnfixv/SourcePackages/checkouts/swift-nio/Sources/NIOPosix/VsockChannelEvents.swift (in target 'NIOPosix' from project 'swift-nio')
    cd /Users/steipete/Projects/CodeLooper
    

SwiftCompile normal arm64 Compiling\ ServerSocket.swift,\ Socket.swift,\ SocketChannel.swift /Users/steipete/Library/Developer/Xcode/DerivedData/CodeLooper-crrddjihwjtfkwegrjrymctnfixv/SourcePackages/checkouts/swift-nio/Sources/NIOPosix/ServerSocket.swift /Users/steipete/Library/Developer/Xcode/DerivedData/CodeLooper-crrddjihwjtfkwegrjrymctnfixv/SourcePackages/checkouts/swift-nio/Sources/NIOPosix/Socket.swift /Users/steipete/Library/Developer/Xcode/DerivedData/CodeLooper-crrddjihwjtfkwegrjrymctnfixv/SourcePackages/checkouts/swift-nio/Sources/NIOPosix/SocketChannel.swift (in target 'NIOPosix' from project 'swift-nio')

SwiftCompile normal arm64 /Users/steipete/Library/Developer/Xcode/DerivedData/CodeLooper-crrddjihwjtfkwegrjrymctnfixv/SourcePackages/checkouts/swift-nio/Sources/NIOPosix/ServerSocket.swift (in target 'NIOPosix' from project 'swift-nio')
    cd /Users/steipete/Projects/CodeLooper
    

SwiftCompile normal arm64 /Users/steipete/Library/Developer/Xcode/DerivedData/CodeLooper-crrddjihwjtfkwegrjrymctnfixv/SourcePackages/checkouts/swift-nio/Sources/NIOPosix/Socket.swift (in target 'NIOPosix' from project 'swift-nio')
    cd /Users/steipete/Projects/CodeLooper
    

SwiftCompile normal arm64 /Users/steipete/Library/Developer/Xcode/DerivedData/CodeLooper-crrddjihwjtfkwegrjrymctnfixv/SourcePackages/checkouts/swift-nio/Sources/NIOPosix/SocketChannel.swift (in target 'NIOPosix' from project 'swift-nio')
    cd /Users/steipete/Projects/CodeLooper
    

SwiftCompile normal arm64 Compiling\ SelectorGeneric.swift,\ SelectorKqueue.swift,\ SelectorUring.swift /Users/steipete/Library/Developer/Xcode/DerivedData/CodeLooper-crrddjihwjtfkwegrjrymctnfixv/SourcePackages/checkouts/swift-nio/Sources/NIOPosix/SelectorGeneric.swift /Users/steipete/Library/Developer/Xcode/DerivedData/CodeLooper-crrddjihwjtfkwegrjrymctnfixv/SourcePackages/checkouts/swift-nio/Sources/NIOPosix/SelectorKqueue.swift /Users/steipete/Library/Developer/Xcode/DerivedData/CodeLooper-crrddjihwjtfkwegrjrymctnfixv/SourcePackages/checkouts/swift-nio/Sources/NIOPosix/SelectorUring.swift (in target 'NIOPosix' from project 'swift-nio')

SwiftCompile normal arm64 /Users/steipete/Library/Developer/Xcode/DerivedData/CodeLooper-crrddjihwjtfkwegrjrymctnfixv/SourcePackages/checkouts/swift-nio/Sources/NIOPosix/SelectorGeneric.swift (in target 'NIOPosix' from project 'swift-nio')
    cd /Users/steipete/Projects/CodeLooper
    

SwiftCompile normal arm64 /Users/steipete/Library/Developer/Xcode/DerivedData/CodeLooper-crrddjihwjtfkwegrjrymctnfixv/SourcePackages/checkouts/swift-nio/Sources/NIOPosix/SelectorKqueue.swift (in target 'NIOPosix' from project 'swift-nio')
    cd /Users/steipete/Projects/CodeLooper
    

SwiftCompile normal arm64 /Users/steipete/Library/Developer/Xcode/DerivedData/CodeLooper-crrddjihwjtfkwegrjrymctnfixv/SourcePackages/checkouts/swift-nio/Sources/NIOPosix/SelectorUring.swift (in target 'NIOPosix' from project 'swift-nio')
    cd /Users/steipete/Projects/CodeLooper
    

SwiftCompile normal arm64 Compiling\ SelectableChannel.swift,\ SelectableEventLoop.swift,\ SelectorEpoll.swift /Users/steipete/Library/Developer/Xcode/DerivedData/CodeLooper-crrddjihwjtfkwegrjrymctnfixv/SourcePackages/checkouts/swift-nio/Sources/NIOPosix/SelectableChannel.swift /Users/steipete/Library/Developer/Xcode/DerivedData/CodeLooper-crrddjihwjtfkwegrjrymctnfixv/SourcePackages/checkouts/swift-nio/Sources/NIOPosix/SelectableEventLoop.swift /Users/steipete/Library/Developer/Xcode/DerivedData/CodeLooper-crrddjihwjtfkwegrjrymctnfixv/SourcePackages/checkouts/swift-nio/Sources/NIOPosix/SelectorEpoll.swift (in target 'NIOPosix' from project 'swift-nio')

SwiftCompile normal arm64 /Users/steipete/Library/Developer/Xcode/DerivedData/CodeLooper-crrddjihwjtfkwegrjrymctnfixv/SourcePackages/checkouts/swift-nio/Sources/NIOPosix/SelectableChannel.swift (in target 'NIOPosix' from project 'swift-nio')
    cd /Users/steipete/Projects/CodeLooper
    

SwiftCompile normal arm64 /Users/steipete/Library/Developer/Xcode/DerivedData/CodeLooper-crrddjihwjtfkwegrjrymctnfixv/SourcePackages/checkouts/swift-nio/Sources/NIOPosix/SelectableEventLoop.swift (in target 'NIOPosix' from project 'swift-nio')
    cd /Users/steipete/Projects/CodeLooper
    

SwiftCompile normal arm64 /Users/steipete/Library/Developer/Xcode/DerivedData/CodeLooper-crrddjihwjtfkwegrjrymctnfixv/SourcePackages/checkouts/swift-nio/Sources/NIOPosix/SelectorEpoll.swift (in target 'NIOPosix' from project 'swift-nio')
    cd /Users/steipete/Projects/CodeLooper
    

SwiftCompile normal arm64 Compiling\ ThreadPosix.swift,\ ThreadWindows.swift,\ UnsafeTransfer.swift /Users/steipete/Library/Developer/Xcode/DerivedData/CodeLooper-crrddjihwjtfkwegrjrymctnfixv/SourcePackages/checkouts/swift-nio/Sources/NIOPosix/ThreadPosix.swift /Users/steipete/Library/Developer/Xcode/DerivedData/CodeLooper-crrddjihwjtfkwegrjrymctnfixv/SourcePackages/checkouts/swift-nio/Sources/NIOPosix/ThreadWindows.swift /Users/steipete/Library/Developer/Xcode/DerivedData/CodeLooper-crrddjihwjtfkwegrjrymctnfixv/SourcePackages/checkouts/swift-nio/Sources/NIOPosix/UnsafeTransfer.swift (in target 'NIOPosix' from project 'swift-nio')

SwiftCompile normal arm64 /Users/steipete/Library/Developer/Xcode/DerivedData/CodeLooper-crrddjihwjtfkwegrjrymctnfixv/SourcePackages/checkouts/swift-nio/Sources/NIOPosix/ThreadPosix.swift (in target 'NIOPosix' from project 'swift-nio')
    cd /Users/steipete/Projects/CodeLooper
    

SwiftCompile normal arm64 /Users/steipete/Library/Developer/Xcode/DerivedData/CodeLooper-crrddjihwjtfkwegrjrymctnfixv/SourcePackages/checkouts/swift-nio/Sources/NIOPosix/ThreadWindows.swift (in target 'NIOPosix' from project 'swift-nio')
    cd /Users/steipete/Projects/CodeLooper
    

SwiftCompile normal arm64 /Users/steipete/Library/Developer/Xcode/DerivedData/CodeLooper-crrddjihwjtfkwegrjrymctnfixv/SourcePackages/checkouts/swift-nio/Sources/NIOPosix/UnsafeTransfer.swift (in target 'NIOPosix' from project 'swift-nio')
    cd /Users/steipete/Projects/CodeLooper
    

SwiftCompile normal arm64 Compiling\ IntegerBitPacking.swift,\ IntegerTypes.swift,\ Linux.swift /Users/steipete/Library/Developer/Xcode/DerivedData/CodeLooper-crrddjihwjtfkwegrjrymctnfixv/SourcePackages/checkouts/swift-nio/Sources/NIOPosix/IntegerBitPacking.swift /Users/steipete/Library/Developer/Xcode/DerivedData/CodeLooper-crrddjihwjtfkwegrjrymctnfixv/SourcePackages/checkouts/swift-nio/Sources/NIOPosix/IntegerTypes.swift /Users/steipete/Library/Developer/Xcode/DerivedData/CodeLooper-crrddjihwjtfkwegrjrymctnfixv/SourcePackages/checkouts/swift-nio/Sources/NIOPosix/Linux.swift (in target 'NIOPosix' from project 'swift-nio')

SwiftCompile normal arm64 /Users/steipete/Library/Developer/Xcode/DerivedData/CodeLooper-crrddjihwjtfkwegrjrymctnfixv/SourcePackages/checkouts/swift-nio/Sources/NIOPosix/IntegerBitPacking.swift (in target 'NIOPosix' from project 'swift-nio')
    cd /Users/steipete/Projects/CodeLooper
    

SwiftCompile normal arm64 /Users/steipete/Library/Developer/Xcode/DerivedData/CodeLooper-crrddjihwjtfkwegrjrymctnfixv/SourcePackages/checkouts/swift-nio/Sources/NIOPosix/IntegerTypes.swift (in target 'NIOPosix' from project 'swift-nio')
    cd /Users/steipete/Projects/CodeLooper
    

SwiftCompile normal arm64 /Users/steipete/Library/Developer/Xcode/DerivedData/CodeLooper-crrddjihwjtfkwegrjrymctnfixv/SourcePackages/checkouts/swift-nio/Sources/NIOPosix/Linux.swift (in target 'NIOPosix' from project 'swift-nio')
    cd /Users/steipete/Projects/CodeLooper
    

SwiftCompile normal arm64 Compiling\ resource_bundle_accessor.swift,\ BSDSocketAPICommon.swift,\ BSDSocketAPIPosix.swift,\ BSDSocketAPIWindows.swift /Users/steipete/Library/Developer/Xcode/DerivedData/CodeLooper-crrddjihwjtfkwegrjrymctnfixv/Build/Intermediates.noindex/swift-nio.build/Debug/NIOPosix.build/DerivedSources/resource_bundle_accessor.swift /Users/steipete/Library/Developer/Xcode/DerivedData/CodeLooper-crrddjihwjtfkwegrjrymctnfixv/SourcePackages/checkouts/swift-nio/Sources/NIOPosix/BSDSocketAPICommon.swift /Users/steipete/Library/Developer/Xcode/DerivedData/CodeLooper-crrddjihwjtfkwegrjrymctnfixv/SourcePackages/checkouts/swift-nio/Sources/NIOPosix/BSDSocketAPIPosix.swift /Users/steipete/Library/Developer/Xcode/DerivedData/CodeLooper-crrddjihwjtfkwegrjrymctnfixv/SourcePackages/checkouts/swift-nio/Sources/NIOPosix/BSDSocketAPIWindows.swift (in target 'NIOPosix' from project 'swift-nio')

SwiftCompile normal arm64 /Users/steipete/Library/Developer/Xcode/DerivedData/CodeLooper-crrddjihwjtfkwegrjrymctnfixv/Build/Intermediates.noindex/swift-nio.build/Debug/NIOPosix.build/DerivedSources/resource_bundle_accessor.swift (in target 'NIOPosix' from project 'swift-nio')
    cd /Users/steipete/Projects/CodeLooper
    

SwiftCompile normal arm64 /Users/steipete/Library/Developer/Xcode/DerivedData/CodeLooper-crrddjihwjtfkwegrjrymctnfixv/SourcePackages/checkouts/swift-nio/Sources/NIOPosix/BSDSocketAPICommon.swift (in target 'NIOPosix' from project 'swift-nio')
    cd /Users/steipete/Projects/CodeLooper
    

SwiftCompile normal arm64 /Users/steipete/Library/Developer/Xcode/DerivedData/CodeLooper-crrddjihwjtfkwegrjrymctnfixv/SourcePackages/checkouts/swift-nio/Sources/NIOPosix/BSDSocketAPIPosix.swift (in target 'NIOPosix' from project 'swift-nio')
    cd /Users/steipete/Projects/CodeLooper
    

SwiftCompile normal arm64 /Users/steipete/Library/Developer/Xcode/DerivedData/CodeLooper-crrddjihwjtfkwegrjrymctnfixv/SourcePackages/checkouts/swift-nio/Sources/NIOPosix/BSDSocketAPIWindows.swift (in target 'NIOPosix' from project 'swift-nio')
    cd /Users/steipete/Projects/CodeLooper
    

SwiftCompile normal arm64 Compiling\ NIOThreadPool.swift,\ NonBlockingFileIO.swift,\ PendingDatagramWritesManager.swift /Users/steipete/Library/Developer/Xcode/DerivedData/CodeLooper-crrddjihwjtfkwegrjrymctnfixv/SourcePackages/checkouts/swift-nio/Sources/NIOPosix/NIOThreadPool.swift /Users/steipete/Library/Developer/Xcode/DerivedData/CodeLooper-crrddjihwjtfkwegrjrymctnfixv/SourcePackages/checkouts/swift-nio/Sources/NIOPosix/NonBlockingFileIO.swift /Users/steipete/Library/Developer/Xcode/DerivedData/CodeLooper-crrddjihwjtfkwegrjrymctnfixv/SourcePackages/checkouts/swift-nio/Sources/NIOPosix/PendingDatagramWritesManager.swift (in target 'NIOPosix' from project 'swift-nio')

SwiftCompile normal arm64 /Users/steipete/Library/Developer/Xcode/DerivedData/CodeLooper-crrddjihwjtfkwegrjrymctnfixv/SourcePackages/checkouts/swift-nio/Sources/NIOPosix/NIOThreadPool.swift (in target 'NIOPosix' from project 'swift-nio')
    cd /Users/steipete/Projects/CodeLooper
    

SwiftCompile normal arm64 /Users/steipete/Library/Developer/Xcode/DerivedData/CodeLooper-crrddjihwjtfkwegrjrymctnfixv/SourcePackages/checkouts/swift-nio/Sources/NIOPosix/NonBlockingFileIO.swift (in target 'NIOPosix' from project 'swift-nio')
    cd /Users/steipete/Projects/CodeLooper
    

SwiftCompile normal arm64 /Users/steipete/Library/Developer/Xcode/DerivedData/CodeLooper-crrddjihwjtfkwegrjrymctnfixv/SourcePackages/checkouts/swift-nio/Sources/NIOPosix/PendingDatagramWritesManager.swift (in target 'NIOPosix' from project 'swift-nio')
    cd /Users/steipete/Projects/CodeLooper
    

SwiftCompile normal arm64 Compiling\ SocketProtocols.swift,\ System.swift,\ Thread.swift /Users/steipete/Library/Developer/Xcode/DerivedData/CodeLooper-crrddjihwjtfkwegrjrymctnfixv/SourcePackages/checkouts/swift-nio/Sources/NIOPosix/SocketProtocols.swift /Users/steipete/Library/Developer/Xcode/DerivedData/CodeLooper-crrddjihwjtfkwegrjrymctnfixv/SourcePackages/checkouts/swift-nio/Sources/NIOPosix/System.swift /Users/steipete/Library/Developer/Xcode/DerivedData/CodeLooper-crrddjihwjtfkwegrjrymctnfixv/SourcePackages/checkouts/swift-nio/Sources/NIOPosix/Thread.swift (in target 'NIOPosix' from project 'swift-nio')

SwiftCompile normal arm64 /Users/steipete/Library/Developer/Xcode/DerivedData/CodeLooper-crrddjihwjtfkwegrjrymctnfixv/SourcePackages/checkouts/swift-nio/Sources/NIOPosix/SocketProtocols.swift (in target 'NIOPosix' from project 'swift-nio')
    cd /Users/steipete/Projects/CodeLooper
    

SwiftCompile normal arm64 /Users/steipete/Library/Developer/Xcode/DerivedData/CodeLooper-crrddjihwjtfkwegrjrymctnfixv/SourcePackages/checkouts/swift-nio/Sources/NIOPosix/System.swift (in target 'NIOPosix' from project 'swift-nio')
    cd /Users/steipete/Projects/CodeLooper
    

SwiftCompile normal arm64 /Users/steipete/Library/Developer/Xcode/DerivedData/CodeLooper-crrddjihwjtfkwegrjrymctnfixv/SourcePackages/checkouts/swift-nio/Sources/NIOPosix/Thread.swift (in target 'NIOPosix' from project 'swift-nio')
    cd /Users/steipete/Projects/CodeLooper
    

SwiftDriverJobDiscovery normal arm64 Emitting module for NIOEmbedded (in target 'NIOEmbedded' from project 'swift-nio')

SwiftDriver\ Compilation\ Requirements NIOEmbedded normal arm64 com.apple.xcode.tools.swift.compiler (in target 'NIOEmbedded' from project 'swift-nio')
    cd /Users/steipete/Projects/CodeLooper
    builtin-Swift-Compilation-Requirements -- /Applications/Xcode-beta.app/Contents/Developer/Toolchains/XcodeDefault.xctoolchain/usr/bin/swiftc -module-name NIOEmbedded -Onone -enforce-exclusivity\=checked @/Users/steipete/Library/Developer/Xcode/DerivedData/CodeLooper-crrddjihwjtfkwegrjrymctnfixv/Build/Intermediates.noindex/swift-nio.build/Debug/NIOEmbedded.build/Objects-normal/arm64/NIOEmbedded.SwiftFileList -DSWIFT_PACKAGE -DDEBUG -DSWIFT_MODULE_RESOURCE_BUNDLE_UNAVAILABLE -Xcc -fmodule-map-file\=/Users/steipete/Library/Developer/Xcode/DerivedData/CodeLooper-crrddjihwjtfkwegrjrymctnfixv/Build/Intermediates.noindex/GeneratedModuleMaps/CNIOWASI.modulemap -Xcc -fmodule-map-file\=/Users/steipete/Library/Developer/Xcode/DerivedData/CodeLooper-crrddjihwjtfkwegrjrymctnfixv/Build/Intermediates.noindex/GeneratedModuleMaps/CNIOLinux.modulemap -Xcc -fmodule-map-file\=/Users/steipete/Library/Developer/Xcode/DerivedData/CodeLooper-crrddjihwjtfkwegrjrymctnfixv/Build/Intermediates.noindex/GeneratedModuleMaps/CNIODarwin.modulemap -Xcc -fmodule-map-file\=/Users/steipete/Library/Developer/Xcode/DerivedData/CodeLooper-crrddjihwjtfkwegrjrymctnfixv/Build/Intermediates.noindex/GeneratedModuleMaps/CNIOAtomics.modulemap -DXcode -enable-upcoming-feature StrictConcurrency -enable-upcoming-feature InferSendableFromCaptures -enable-upcoming-feature MemberImportVisibility -plugin-path /Applications/Xcode-beta.app/Contents/Developer/Toolchains/XcodeDefault.xctoolchain/usr/lib/swift/host/plugins/testing -enable-experimental-feature DebugDescriptionMacro -sdk /Applications/Xcode-beta.app/Contents/Developer/Platforms/MacOSX.platform/Developer/SDKs/MacOSX26.0.sdk -target arm64-apple-macos10.13 -g -module-cache-path /Users/steipete/Library/Developer/Xcode/DerivedData/ModuleCache.noindex -Xfrontend -serialize-debugging-options -profile-coverage-mapping -profile-generate -enable-testing -suppress-warnings -index-store-path /Users/steipete/Library/Developer/Xcode/DerivedData/CodeLooper-crrddjihwjtfkwegrjrymctnfixv/Index.noindex/DataStore -swift-version 5 -I /Users/steipete/Library/Developer/Xcode/DerivedData/CodeLooper-crrddjihwjtfkwegrjrymctnfixv/Build/Products/Debug -I /Applications/Xcode-beta.app/Contents/Developer/Platforms/MacOSX.platform/Developer/usr/lib -F /Users/steipete/Library/Developer/Xcode/DerivedData/CodeLooper-crrddjihwjtfkwegrjrymctnfixv/Build/Products/Debug/PackageFrameworks -F /Users/steipete/Library/Developer/Xcode/DerivedData/CodeLooper-crrddjihwjtfkwegrjrymctnfixv/Build/Products/Debug/PackageFrameworks -F /Users/steipete/Library/Developer/Xcode/DerivedData/CodeLooper-crrddjihwjtfkwegrjrymctnfixv/Build/Products/Debug/PackageFrameworks -F /Users/steipete/Library/Developer/Xcode/DerivedData/CodeLooper-crrddjihwjtfkwegrjrymctnfixv/Build/Products/Debug/PackageFrameworks -F /Users/steipete/Library/Developer/Xcode/DerivedData/CodeLooper-crrddjihwjtfkwegrjrymctnfixv/Build/Products/Debug/PackageFrameworks -F /Users/steipete/Library/Developer/Xcode/DerivedData/CodeLooper-crrddjihwjtfkwegrjrymctnfixv/Build/Products/Debug/PackageFrameworks -F /Users/steipete/Library/Developer/Xcode/DerivedData/CodeLooper-crrddjihwjtfkwegrjrymctnfixv/Build/Products/Debug/PackageFrameworks -F /Users/steipete/Library/Developer/Xcode/DerivedData/CodeLooper-crrddjihwjtfkwegrjrymctnfixv/Build/Products/Debug/PackageFrameworks -F /Users/steipete/Library/Developer/Xcode/DerivedData/CodeLooper-crrddjihwjtfkwegrjrymctnfixv/Build/Products/Debug/PackageFrameworks -F /Users/steipete/Library/Developer/Xcode/DerivedData/CodeLooper-crrddjihwjtfkwegrjrymctnfixv/Build/Products/Debug/PackageFrameworks -F /Users/steipete/Library/Developer/Xcode/DerivedData/CodeLooper-crrddjihwjtfkwegrjrymctnfixv/Build/Products/Debug/PackageFrameworks -F /Users/steipete/Library/Developer/Xcode/DerivedData/CodeLooper-crrddjihwjtfkwegrjrymctnfixv/Build/Products/Debug/PackageFrameworks -F /Users/steipete/Library/Developer/Xcode/DerivedData/CodeLooper-crrddjihwjtfkwegrjrymctnfixv/Build/Products/Debug/PackageFrameworks -F /Users/steipete/Library/Developer/Xcode/DerivedData/CodeLooper-crrddjihwjtfkwegrjrymctnfixv/Build/Products/Debug -F /Applications/Xcode-beta.app/Contents/Developer/Platforms/MacOSX.platform/Developer/Library/Frameworks -c -j16 -enable-batch-mode -incremental -Xcc -ivfsstatcache -Xcc /Users/steipete/Library/Developer/Xcode/DerivedData/SDKStatCaches.noindex/macosx26.0-25A5279m-5d9328ff1a6613a11d359de947506b52.sdkstatcache -output-file-map /Users/steipete/Library/Developer/Xcode/DerivedData/CodeLooper-crrddjihwjtfkwegrjrymctnfixv/Build/Intermediates.noindex/swift-nio.build/Debug/NIOEmbedded.build/Objects-normal/arm64/NIOEmbedded-OutputFileMap.json -use-frontend-parseable-output -save-temps -no-color-diagnostics -explicit-module-build -module-cache-path /Users/steipete/Library/Developer/Xcode/DerivedData/CodeLooper-crrddjihwjtfkwegrjrymctnfixv/Build/Intermediates.noindex/SwiftExplicitPrecompiledModules -clang-scanner-module-cache-path /Users/steipete/Library/Developer/Xcode/DerivedData/ModuleCache.noindex -sdk-module-cache-path /Users/steipete/Library/Developer/Xcode/DerivedData/ModuleCache.noindex -serialize-diagnostics -emit-dependencies -emit-module -emit-module-path /Users/steipete/Library/Developer/Xcode/DerivedData/CodeLooper-crrddjihwjtfkwegrjrymctnfixv/Build/Intermediates.noindex/swift-nio.build/Debug/NIOEmbedded.build/Objects-normal/arm64/NIOEmbedded.swiftmodule -validate-clang-modules-once -clang-build-session-file /Users/steipete/Library/Developer/Xcode/DerivedData/ModuleCache.noindex/Session.modulevalidation -package-name swift_nio -Xcc -I/Users/steipete/Library/Developer/Xcode/DerivedData/CodeLooper-crrddjihwjtfkwegrjrymctnfixv/Build/Intermediates.noindex/swift-nio.build/Debug/NIOEmbedded.build/swift-overrides.hmap -emit-const-values -Xfrontend -const-gather-protocols-file -Xfrontend /Users/steipete/Library/Developer/Xcode/DerivedData/CodeLooper-crrddjihwjtfkwegrjrymctnfixv/Build/Intermediates.noindex/swift-nio.build/Debug/NIOEmbedded.build/Objects-normal/arm64/NIOEmbedded_const_extract_protocols.json -Xcc -I/Users/steipete/Library/Developer/Xcode/DerivedData/CodeLooper-crrddjihwjtfkwegrjrymctnfixv/SourcePackages/checkouts/swift-atomics/Sources/_AtomicsShims/include -Xcc -I/Users/steipete/Library/Developer/Xcode/DerivedData/CodeLooper-crrddjihwjtfkwegrjrymctnfixv/SourcePackages/checkouts/swift-nio/Sources/CNIOWASI/include -Xcc -I/Users/steipete/Library/Developer/Xcode/DerivedData/CodeLooper-crrddjihwjtfkwegrjrymctnfixv/SourcePackages/checkouts/swift-nio/Sources/CNIOWindows/include -Xcc -I/Users/steipete/Library/Developer/Xcode/DerivedData/CodeLooper-crrddjihwjtfkwegrjrymctnfixv/SourcePackages/checkouts/swift-nio/Sources/CNIOLinux/include -Xcc -I/Users/steipete/Library/Developer/Xcode/DerivedData/CodeLooper-crrddjihwjtfkwegrjrymctnfixv/SourcePackages/checkouts/swift-nio/Sources/CNIODarwin/include -Xcc -I/Users/steipete/Library/Developer/Xcode/DerivedData/CodeLooper-crrddjihwjtfkwegrjrymctnfixv/SourcePackages/checkouts/swift-nio/Sources/CNIOAtomics/include -Xcc -I/Users/steipete/Library/Developer/Xcode/DerivedData/CodeLooper-crrddjihwjtfkwegrjrymctnfixv/Build/Products/Debug/include -Xcc -I/Users/steipete/Library/Developer/Xcode/DerivedData/CodeLooper-crrddjihwjtfkwegrjrymctnfixv/Build/Intermediates.noindex/swift-nio.build/Debug/NIOEmbedded.build/DerivedSources-normal/arm64 -Xcc -I/Users/steipete/Library/Developer/Xcode/DerivedData/CodeLooper-crrddjihwjtfkwegrjrymctnfixv/Build/Intermediates.noindex/swift-nio.build/Debug/NIOEmbedded.build/DerivedSources/arm64 -Xcc -I/Users/steipete/Library/Developer/Xcode/DerivedData/CodeLooper-crrddjihwjtfkwegrjrymctnfixv/Build/Intermediates.noindex/swift-nio.build/Debug/NIOEmbedded.build/DerivedSources -Xcc -DSWIFT_PACKAGE -Xcc -DDEBUG\=1 -emit-objc-header -emit-objc-header-path /Users/steipete/Library/Developer/Xcode/DerivedData/CodeLooper-crrddjihwjtfkwegrjrymctnfixv/Build/Intermediates.noindex/swift-nio.build/Debug/NIOEmbedded.build/Objects-normal/arm64/NIOEmbedded-Swift.h -working-directory /Users/steipete/Projects/CodeLooper -experimental-emit-module-separately -disable-cmo

SwiftDriverJobDiscovery normal arm64 Compiling AudioTranslationResult.swift, ChatQuery.swift, ChatResult.swift, ChatStreamResult.swift, EmbeddingsQuery.swift, EmbeddingsResult.swift, FilesQuery.swift, FilesResult.swift (in target 'OpenAI' from project 'OpenAI')

SwiftCompile normal arm64 Compiling\ PendingWritesManager.swift,\ PipeChannel.swift,\ PipePair.swift /Users/steipete/Library/Developer/Xcode/DerivedData/CodeLooper-crrddjihwjtfkwegrjrymctnfixv/SourcePackages/checkouts/swift-nio/Sources/NIOPosix/PendingWritesManager.swift /Users/steipete/Library/Developer/Xcode/DerivedData/CodeLooper-crrddjihwjtfkwegrjrymctnfixv/SourcePackages/checkouts/swift-nio/Sources/NIOPosix/PipeChannel.swift /Users/steipete/Library/Developer/Xcode/DerivedData/CodeLooper-crrddjihwjtfkwegrjrymctnfixv/SourcePackages/checkouts/swift-nio/Sources/NIOPosix/PipePair.swift (in target 'NIOPosix' from project 'swift-nio')

SwiftCompile normal arm64 /Users/steipete/Library/Developer/Xcode/DerivedData/CodeLooper-crrddjihwjtfkwegrjrymctnfixv/SourcePackages/checkouts/swift-nio/Sources/NIOPosix/PendingWritesManager.swift (in target 'NIOPosix' from project 'swift-nio')
    cd /Users/steipete/Projects/CodeLooper
    

SwiftCompile normal arm64 /Users/steipete/Library/Developer/Xcode/DerivedData/CodeLooper-crrddjihwjtfkwegrjrymctnfixv/SourcePackages/checkouts/swift-nio/Sources/NIOPosix/PipeChannel.swift (in target 'NIOPosix' from project 'swift-nio')
    cd /Users/steipete/Projects/CodeLooper
    

SwiftCompile normal arm64 /Users/steipete/Library/Developer/Xcode/DerivedData/CodeLooper-crrddjihwjtfkwegrjrymctnfixv/SourcePackages/checkouts/swift-nio/Sources/NIOPosix/PipePair.swift (in target 'NIOPosix' from project 'swift-nio')
    cd /Users/steipete/Projects/CodeLooper
    

SwiftCompile normal arm64 Compiling\ Pool.swift,\ PosixSingletons+ConcurrencyTakeOver.swift,\ PosixSingletons.swift /Users/steipete/Library/Developer/Xcode/DerivedData/CodeLooper-crrddjihwjtfkwegrjrymctnfixv/SourcePackages/checkouts/swift-nio/Sources/NIOPosix/Pool.swift /Users/steipete/Library/Developer/Xcode/DerivedData/CodeLooper-crrddjihwjtfkwegrjrymctnfixv/SourcePackages/checkouts/swift-nio/Sources/NIOPosix/PosixSingletons+ConcurrencyTakeOver.swift /Users/steipete/Library/Developer/Xcode/DerivedData/CodeLooper-crrddjihwjtfkwegrjrymctnfixv/SourcePackages/checkouts/swift-nio/Sources/NIOPosix/PosixSingletons.swift (in target 'NIOPosix' from project 'swift-nio')

SwiftCompile normal arm64 /Users/steipete/Library/Developer/Xcode/DerivedData/CodeLooper-crrddjihwjtfkwegrjrymctnfixv/SourcePackages/checkouts/swift-nio/Sources/NIOPosix/Pool.swift (in target 'NIOPosix' from project 'swift-nio')
    cd /Users/steipete/Projects/CodeLooper
    

SwiftCompile normal arm64 /Users/steipete/Library/Developer/Xcode/DerivedData/CodeLooper-crrddjihwjtfkwegrjrymctnfixv/SourcePackages/checkouts/swift-nio/Sources/NIOPosix/PosixSingletons+ConcurrencyTakeOver.swift (in target 'NIOPosix' from project 'swift-nio')
    cd /Users/steipete/Projects/CodeLooper
    

SwiftCompile normal arm64 /Users/steipete/Library/Developer/Xcode/DerivedData/CodeLooper-crrddjihwjtfkwegrjrymctnfixv/SourcePackages/checkouts/swift-nio/Sources/NIOPosix/PosixSingletons.swift (in target 'NIOPosix' from project 'swift-nio')
    cd /Users/steipete/Projects/CodeLooper
    

SwiftDriverJobDiscovery normal arm64 Compiling AsyncTestingEventLoop.swift (in target 'NIOEmbedded' from project 'swift-nio')

SwiftMergeGeneratedHeaders /Users/steipete/Library/Developer/Xcode/DerivedData/CodeLooper-crrddjihwjtfkwegrjrymctnfixv/Build/Intermediates.noindex/GeneratedModuleMaps/NIOEmbedded-Swift.h /Users/steipete/Library/Developer/Xcode/DerivedData/CodeLooper-crrddjihwjtfkwegrjrymctnfixv/Build/Intermediates.noindex/swift-nio.build/Debug/NIOEmbedded.build/Objects-normal/arm64/NIOEmbedded-Swift.h (in target 'NIOEmbedded' from project 'swift-nio')
    cd /Users/steipete/Library/Developer/Xcode/DerivedData/CodeLooper-crrddjihwjtfkwegrjrymctnfixv/SourcePackages/checkouts/swift-nio
    builtin-swiftHeaderTool -arch arm64 /Users/steipete/Library/Developer/Xcode/DerivedData/CodeLooper-crrddjihwjtfkwegrjrymctnfixv/Build/Intermediates.noindex/swift-nio.build/Debug/NIOEmbedded.build/Objects-normal/arm64/NIOEmbedded-Swift.h -o /Users/steipete/Library/Developer/Xcode/DerivedData/CodeLooper-crrddjihwjtfkwegrjrymctnfixv/Build/Intermediates.noindex/GeneratedModuleMaps/NIOEmbedded-Swift.h

Copy /Users/steipete/Library/Developer/Xcode/DerivedData/CodeLooper-crrddjihwjtfkwegrjrymctnfixv/Build/Products/Debug/NIOEmbedded.swiftmodule/arm64-apple-macos.swiftmodule /Users/steipete/Library/Developer/Xcode/DerivedData/CodeLooper-crrddjihwjtfkwegrjrymctnfixv/Build/Intermediates.noindex/swift-nio.build/Debug/NIOEmbedded.build/Objects-normal/arm64/NIOEmbedded.swiftmodule (in target 'NIOEmbedded' from project 'swift-nio')
    cd /Users/steipete/Library/Developer/Xcode/DerivedData/CodeLooper-crrddjihwjtfkwegrjrymctnfixv/SourcePackages/checkouts/swift-nio
    builtin-copy -exclude .DS_Store -exclude CVS -exclude .svn -exclude .git -exclude .hg -resolve-src-symlinks -rename /Users/steipete/Library/Developer/Xcode/DerivedData/CodeLooper-crrddjihwjtfkwegrjrymctnfixv/Build/Intermediates.noindex/swift-nio.build/Debug/NIOEmbedded.build/Objects-normal/arm64/NIOEmbedded.swiftmodule /Users/steipete/Library/Developer/Xcode/DerivedData/CodeLooper-crrddjihwjtfkwegrjrymctnfixv/Build/Products/Debug/NIOEmbedded.swiftmodule/arm64-apple-macos.swiftmodule

Copy /Users/steipete/Library/Developer/Xcode/DerivedData/CodeLooper-crrddjihwjtfkwegrjrymctnfixv/Build/Products/Debug/NIOEmbedded.swiftmodule/arm64-apple-macos.swiftdoc /Users/steipete/Library/Developer/Xcode/DerivedData/CodeLooper-crrddjihwjtfkwegrjrymctnfixv/Build/Intermediates.noindex/swift-nio.build/Debug/NIOEmbedded.build/Objects-normal/arm64/NIOEmbedded.swiftdoc (in target 'NIOEmbedded' from project 'swift-nio')
    cd /Users/steipete/Library/Developer/Xcode/DerivedData/CodeLooper-crrddjihwjtfkwegrjrymctnfixv/SourcePackages/checkouts/swift-nio
    builtin-copy -exclude .DS_Store -exclude CVS -exclude .svn -exclude .git -exclude .hg -resolve-src-symlinks -rename /Users/steipete/Library/Developer/Xcode/DerivedData/CodeLooper-crrddjihwjtfkwegrjrymctnfixv/Build/Intermediates.noindex/swift-nio.build/Debug/NIOEmbedded.build/Objects-normal/arm64/NIOEmbedded.swiftdoc /Users/steipete/Library/Developer/Xcode/DerivedData/CodeLooper-crrddjihwjtfkwegrjrymctnfixv/Build/Products/Debug/NIOEmbedded.swiftmodule/arm64-apple-macos.swiftdoc

Copy /Users/steipete/Library/Developer/Xcode/DerivedData/CodeLooper-crrddjihwjtfkwegrjrymctnfixv/Build/Products/Debug/NIOEmbedded.swiftmodule/arm64-apple-macos.abi.json /Users/steipete/Library/Developer/Xcode/DerivedData/CodeLooper-crrddjihwjtfkwegrjrymctnfixv/Build/Intermediates.noindex/swift-nio.build/Debug/NIOEmbedded.build/Objects-normal/arm64/NIOEmbedded.abi.json (in target 'NIOEmbedded' from project 'swift-nio')
    cd /Users/steipete/Library/Developer/Xcode/DerivedData/CodeLooper-crrddjihwjtfkwegrjrymctnfixv/SourcePackages/checkouts/swift-nio
    builtin-copy -exclude .DS_Store -exclude CVS -exclude .svn -exclude .git -exclude .hg -resolve-src-symlinks -rename /Users/steipete/Library/Developer/Xcode/DerivedData/CodeLooper-crrddjihwjtfkwegrjrymctnfixv/Build/Intermediates.noindex/swift-nio.build/Debug/NIOEmbedded.build/Objects-normal/arm64/NIOEmbedded.abi.json /Users/steipete/Library/Developer/Xcode/DerivedData/CodeLooper-crrddjihwjtfkwegrjrymctnfixv/Build/Products/Debug/NIOEmbedded.swiftmodule/arm64-apple-macos.abi.json

Copy /Users/steipete/Library/Developer/Xcode/DerivedData/CodeLooper-crrddjihwjtfkwegrjrymctnfixv/Build/Products/Debug/NIOEmbedded.swiftmodule/Project/arm64-apple-macos.swiftsourceinfo /Users/steipete/Library/Developer/Xcode/DerivedData/CodeLooper-crrddjihwjtfkwegrjrymctnfixv/Build/Intermediates.noindex/swift-nio.build/Debug/NIOEmbedded.build/Objects-normal/arm64/NIOEmbedded.swiftsourceinfo (in target 'NIOEmbedded' from project 'swift-nio')
    cd /Users/steipete/Library/Developer/Xcode/DerivedData/CodeLooper-crrddjihwjtfkwegrjrymctnfixv/SourcePackages/checkouts/swift-nio
    builtin-copy -exclude .DS_Store -exclude CVS -exclude .svn -exclude .git -exclude .hg -resolve-src-symlinks -rename /Users/steipete/Library/Developer/Xcode/DerivedData/CodeLooper-crrddjihwjtfkwegrjrymctnfixv/Build/Intermediates.noindex/swift-nio.build/Debug/NIOEmbedded.build/Objects-normal/arm64/NIOEmbedded.swiftsourceinfo /Users/steipete/Library/Developer/Xcode/DerivedData/CodeLooper-crrddjihwjtfkwegrjrymctnfixv/Build/Products/Debug/NIOEmbedded.swiftmodule/Project/arm64-apple-macos.swiftsourceinfo

SwiftCompile normal arm64 Compiling\ LinuxCPUSet.swift,\ LinuxUring.swift,\ MultiThreadedEventLoopGroup.swift /Users/steipete/Library/Developer/Xcode/DerivedData/CodeLooper-crrddjihwjtfkwegrjrymctnfixv/SourcePackages/checkouts/swift-nio/Sources/NIOPosix/LinuxCPUSet.swift /Users/steipete/Library/Developer/Xcode/DerivedData/CodeLooper-crrddjihwjtfkwegrjrymctnfixv/SourcePackages/checkouts/swift-nio/Sources/NIOPosix/LinuxUring.swift /Users/steipete/Library/Developer/Xcode/DerivedData/CodeLooper-crrddjihwjtfkwegrjrymctnfixv/SourcePackages/checkouts/swift-nio/Sources/NIOPosix/MultiThreadedEventLoopGroup.swift (in target 'NIOPosix' from project 'swift-nio')

SwiftCompile normal arm64 /Users/steipete/Library/Developer/Xcode/DerivedData/CodeLooper-crrddjihwjtfkwegrjrymctnfixv/SourcePackages/checkouts/swift-nio/Sources/NIOPosix/LinuxCPUSet.swift (in target 'NIOPosix' from project 'swift-nio')
    cd /Users/steipete/Projects/CodeLooper
    

SwiftCompile normal arm64 /Users/steipete/Library/Developer/Xcode/DerivedData/CodeLooper-crrddjihwjtfkwegrjrymctnfixv/SourcePackages/checkouts/swift-nio/Sources/NIOPosix/LinuxUring.swift (in target 'NIOPosix' from project 'swift-nio')
    cd /Users/steipete/Projects/CodeLooper
    

SwiftCompile normal arm64 /Users/steipete/Library/Developer/Xcode/DerivedData/CodeLooper-crrddjihwjtfkwegrjrymctnfixv/SourcePackages/checkouts/swift-nio/Sources/NIOPosix/MultiThreadedEventLoopGroup.swift (in target 'NIOPosix' from project 'swift-nio')
    cd /Users/steipete/Projects/CodeLooper
    

SwiftCompile normal arm64 Compiling\ RawSocketBootstrap.swift,\ Resolver.swift,\ Selectable.swift /Users/steipete/Library/Developer/Xcode/DerivedData/CodeLooper-crrddjihwjtfkwegrjrymctnfixv/SourcePackages/checkouts/swift-nio/Sources/NIOPosix/RawSocketBootstrap.swift /Users/steipete/Library/Developer/Xcode/DerivedData/CodeLooper-crrddjihwjtfkwegrjrymctnfixv/SourcePackages/checkouts/swift-nio/Sources/NIOPosix/Resolver.swift /Users/steipete/Library/Developer/Xcode/DerivedData/CodeLooper-crrddjihwjtfkwegrjrymctnfixv/SourcePackages/checkouts/swift-nio/Sources/NIOPosix/Selectable.swift (in target 'NIOPosix' from project 'swift-nio')

SwiftCompile normal arm64 /Users/steipete/Library/Developer/Xcode/DerivedData/CodeLooper-crrddjihwjtfkwegrjrymctnfixv/SourcePackages/checkouts/swift-nio/Sources/NIOPosix/RawSocketBootstrap.swift (in target 'NIOPosix' from project 'swift-nio')
    cd /Users/steipete/Projects/CodeLooper
    

SwiftCompile normal arm64 /Users/steipete/Library/Developer/Xcode/DerivedData/CodeLooper-crrddjihwjtfkwegrjrymctnfixv/SourcePackages/checkouts/swift-nio/Sources/NIOPosix/Resolver.swift (in target 'NIOPosix' from project 'swift-nio')
    cd /Users/steipete/Projects/CodeLooper
    

SwiftCompile normal arm64 /Users/steipete/Library/Developer/Xcode/DerivedData/CodeLooper-crrddjihwjtfkwegrjrymctnfixv/SourcePackages/checkouts/swift-nio/Sources/NIOPosix/Selectable.swift (in target 'NIOPosix' from project 'swift-nio')
    cd /Users/steipete/Projects/CodeLooper
    

SwiftDriverJobDiscovery normal arm64 Compiling AsyncTestingChannel.swift (in target 'NIOEmbedded' from project 'swift-nio')

SwiftCompile normal arm64 Compiling\ BaseSocket.swift,\ BaseSocketChannel+SocketOptionProvider.swift,\ BaseSocketChannel.swift,\ BaseStreamSocketChannel.swift /Users/steipete/Library/Developer/Xcode/DerivedData/CodeLooper-crrddjihwjtfkwegrjrymctnfixv/SourcePackages/checkouts/swift-nio/Sources/NIOPosix/BaseSocket.swift /Users/steipete/Library/Developer/Xcode/DerivedData/CodeLooper-crrddjihwjtfkwegrjrymctnfixv/SourcePackages/checkouts/swift-nio/Sources/NIOPosix/BaseSocketChannel+SocketOptionProvider.swift /Users/steipete/Library/Developer/Xcode/DerivedData/CodeLooper-crrddjihwjtfkwegrjrymctnfixv/SourcePackages/checkouts/swift-nio/Sources/NIOPosix/BaseSocketChannel.swift /Users/steipete/Library/Developer/Xcode/DerivedData/CodeLooper-crrddjihwjtfkwegrjrymctnfixv/SourcePackages/checkouts/swift-nio/Sources/NIOPosix/BaseStreamSocketChannel.swift (in target 'NIOPosix' from project 'swift-nio')

SwiftCompile normal arm64 /Users/steipete/Library/Developer/Xcode/DerivedData/CodeLooper-crrddjihwjtfkwegrjrymctnfixv/SourcePackages/checkouts/swift-nio/Sources/NIOPosix/BaseSocket.swift (in target 'NIOPosix' from project 'swift-nio')
    cd /Users/steipete/Projects/CodeLooper
    

SwiftCompile normal arm64 /Users/steipete/Library/Developer/Xcode/DerivedData/CodeLooper-crrddjihwjtfkwegrjrymctnfixv/SourcePackages/checkouts/swift-nio/Sources/NIOPosix/BaseSocketChannel+SocketOptionProvider.swift (in target 'NIOPosix' from project 'swift-nio')
    cd /Users/steipete/Projects/CodeLooper
    

SwiftCompile normal arm64 /Users/steipete/Library/Developer/Xcode/DerivedData/CodeLooper-crrddjihwjtfkwegrjrymctnfixv/SourcePackages/checkouts/swift-nio/Sources/NIOPosix/BaseSocketChannel.swift (in target 'NIOPosix' from project 'swift-nio')
    cd /Users/steipete/Projects/CodeLooper
    

SwiftCompile normal arm64 /Users/steipete/Library/Developer/Xcode/DerivedData/CodeLooper-crrddjihwjtfkwegrjrymctnfixv/SourcePackages/checkouts/swift-nio/Sources/NIOPosix/BaseStreamSocketChannel.swift (in target 'NIOPosix' from project 'swift-nio')
    cd /Users/steipete/Projects/CodeLooper
    

SwiftDriverJobDiscovery normal arm64 Compiling IntegerBitPacking.swift, IntegerTypes.swift, Linux.swift (in target 'NIOPosix' from project 'swift-nio')

SwiftCompile normal arm64 Compiling\ FileDescriptor.swift,\ GetaddrinfoResolver.swift,\ HappyEyeballs.swift,\ IO.swift /Users/steipete/Library/Developer/Xcode/DerivedData/CodeLooper-crrddjihwjtfkwegrjrymctnfixv/SourcePackages/checkouts/swift-nio/Sources/NIOPosix/FileDescriptor.swift /Users/steipete/Library/Developer/Xcode/DerivedData/CodeLooper-crrddjihwjtfkwegrjrymctnfixv/SourcePackages/checkouts/swift-nio/Sources/NIOPosix/GetaddrinfoResolver.swift /Users/steipete/Library/Developer/Xcode/DerivedData/CodeLooper-crrddjihwjtfkwegrjrymctnfixv/SourcePackages/checkouts/swift-nio/Sources/NIOPosix/HappyEyeballs.swift /Users/steipete/Library/Developer/Xcode/DerivedData/CodeLooper-crrddjihwjtfkwegrjrymctnfixv/SourcePackages/checkouts/swift-nio/Sources/NIOPosix/IO.swift (in target 'NIOPosix' from project 'swift-nio')

SwiftCompile normal arm64 /Users/steipete/Library/Developer/Xcode/DerivedData/CodeLooper-crrddjihwjtfkwegrjrymctnfixv/SourcePackages/checkouts/swift-nio/Sources/NIOPosix/FileDescriptor.swift (in target 'NIOPosix' from project 'swift-nio')
    cd /Users/steipete/Projects/CodeLooper
    

SwiftCompile normal arm64 /Users/steipete/Library/Developer/Xcode/DerivedData/CodeLooper-crrddjihwjtfkwegrjrymctnfixv/SourcePackages/checkouts/swift-nio/Sources/NIOPosix/GetaddrinfoResolver.swift (in target 'NIOPosix' from project 'swift-nio')
    cd /Users/steipete/Projects/CodeLooper
    

SwiftCompile normal arm64 /Users/steipete/Library/Developer/Xcode/DerivedData/CodeLooper-crrddjihwjtfkwegrjrymctnfixv/SourcePackages/checkouts/swift-nio/Sources/NIOPosix/HappyEyeballs.swift (in target 'NIOPosix' from project 'swift-nio')
    cd /Users/steipete/Projects/CodeLooper
    

SwiftCompile normal arm64 /Users/steipete/Library/Developer/Xcode/DerivedData/CodeLooper-crrddjihwjtfkwegrjrymctnfixv/SourcePackages/checkouts/swift-nio/Sources/NIOPosix/IO.swift (in target 'NIOPosix' from project 'swift-nio')
    cd /Users/steipete/Projects/CodeLooper
    

SwiftDriverJobDiscovery normal arm64 Compiling Embedded.swift (in target 'NIOEmbedded' from project 'swift-nio')

SwiftCompile normal arm64 Compiling\ Bootstrap.swift,\ ControlMessage.swift,\ DatagramVectorReadManager.swift,\ Errors+Any.swift /Users/steipete/Library/Developer/Xcode/DerivedData/CodeLooper-crrddjihwjtfkwegrjrymctnfixv/SourcePackages/checkouts/swift-nio/Sources/NIOPosix/Bootstrap.swift /Users/steipete/Library/Developer/Xcode/DerivedData/CodeLooper-crrddjihwjtfkwegrjrymctnfixv/SourcePackages/checkouts/swift-nio/Sources/NIOPosix/ControlMessage.swift /Users/steipete/Library/Developer/Xcode/DerivedData/CodeLooper-crrddjihwjtfkwegrjrymctnfixv/SourcePackages/checkouts/swift-nio/Sources/NIOPosix/DatagramVectorReadManager.swift /Users/steipete/Library/Developer/Xcode/DerivedData/CodeLooper-crrddjihwjtfkwegrjrymctnfixv/SourcePackages/checkouts/swift-nio/Sources/NIOPosix/Errors+Any.swift (in target 'NIOPosix' from project 'swift-nio')

SwiftCompile normal arm64 /Users/steipete/Library/Developer/Xcode/DerivedData/CodeLooper-crrddjihwjtfkwegrjrymctnfixv/SourcePackages/checkouts/swift-nio/Sources/NIOPosix/Bootstrap.swift (in target 'NIOPosix' from project 'swift-nio')
    cd /Users/steipete/Projects/CodeLooper
    

SwiftCompile normal arm64 /Users/steipete/Library/Developer/Xcode/DerivedData/CodeLooper-crrddjihwjtfkwegrjrymctnfixv/SourcePackages/checkouts/swift-nio/Sources/NIOPosix/ControlMessage.swift (in target 'NIOPosix' from project 'swift-nio')
    cd /Users/steipete/Projects/CodeLooper
    

SwiftCompile normal arm64 /Users/steipete/Library/Developer/Xcode/DerivedData/CodeLooper-crrddjihwjtfkwegrjrymctnfixv/SourcePackages/checkouts/swift-nio/Sources/NIOPosix/DatagramVectorReadManager.swift (in target 'NIOPosix' from project 'swift-nio')
    cd /Users/steipete/Projects/CodeLooper
    

SwiftCompile normal arm64 /Users/steipete/Library/Developer/Xcode/DerivedData/CodeLooper-crrddjihwjtfkwegrjrymctnfixv/SourcePackages/checkouts/swift-nio/Sources/NIOPosix/Errors+Any.swift (in target 'NIOPosix' from project 'swift-nio')
    cd /Users/steipete/Projects/CodeLooper
    

SwiftDriverJobDiscovery normal arm64 Compiling ThreadPosix.swift, ThreadWindows.swift, UnsafeTransfer.swift (in target 'NIOPosix' from project 'swift-nio')

SwiftDriver\ Compilation NIOEmbedded normal arm64 com.apple.xcode.tools.swift.compiler (in target 'NIOEmbedded' from project 'swift-nio')
    cd /Users/steipete/Projects/CodeLooper
    builtin-Swift-Compilation -- /Applications/Xcode-beta.app/Contents/Developer/Toolchains/XcodeDefault.xctoolchain/usr/bin/swiftc -module-name NIOEmbedded -Onone -enforce-exclusivity\=checked @/Users/steipete/Library/Developer/Xcode/DerivedData/CodeLooper-crrddjihwjtfkwegrjrymctnfixv/Build/Intermediates.noindex/swift-nio.build/Debug/NIOEmbedded.build/Objects-normal/arm64/NIOEmbedded.SwiftFileList -DSWIFT_PACKAGE -DDEBUG -DSWIFT_MODULE_RESOURCE_BUNDLE_UNAVAILABLE -Xcc -fmodule-map-file\=/Users/steipete/Library/Developer/Xcode/DerivedData/CodeLooper-crrddjihwjtfkwegrjrymctnfixv/Build/Intermediates.noindex/GeneratedModuleMaps/CNIOWASI.modulemap -Xcc -fmodule-map-file\=/Users/steipete/Library/Developer/Xcode/DerivedData/CodeLooper-crrddjihwjtfkwegrjrymctnfixv/Build/Intermediates.noindex/GeneratedModuleMaps/CNIOLinux.modulemap -Xcc -fmodule-map-file\=/Users/steipete/Library/Developer/Xcode/DerivedData/CodeLooper-crrddjihwjtfkwegrjrymctnfixv/Build/Intermediates.noindex/GeneratedModuleMaps/CNIODarwin.modulemap -Xcc -fmodule-map-file\=/Users/steipete/Library/Developer/Xcode/DerivedData/CodeLooper-crrddjihwjtfkwegrjrymctnfixv/Build/Intermediates.noindex/GeneratedModuleMaps/CNIOAtomics.modulemap -DXcode -enable-upcoming-feature StrictConcurrency -enable-upcoming-feature InferSendableFromCaptures -enable-upcoming-feature MemberImportVisibility -plugin-path /Applications/Xcode-beta.app/Contents/Developer/Toolchains/XcodeDefault.xctoolchain/usr/lib/swift/host/plugins/testing -enable-experimental-feature DebugDescriptionMacro -sdk /Applications/Xcode-beta.app/Contents/Developer/Platforms/MacOSX.platform/Developer/SDKs/MacOSX26.0.sdk -target arm64-apple-macos10.13 -g -module-cache-path /Users/steipete/Library/Developer/Xcode/DerivedData/ModuleCache.noindex -Xfrontend -serialize-debugging-options -profile-coverage-mapping -profile-generate -enable-testing -suppress-warnings -index-store-path /Users/steipete/Library/Developer/Xcode/DerivedData/CodeLooper-crrddjihwjtfkwegrjrymctnfixv/Index.noindex/DataStore -swift-version 5 -I /Users/steipete/Library/Developer/Xcode/DerivedData/CodeLooper-crrddjihwjtfkwegrjrymctnfixv/Build/Products/Debug -I /Applications/Xcode-beta.app/Contents/Developer/Platforms/MacOSX.platform/Developer/usr/lib -F /Users/steipete/Library/Developer/Xcode/DerivedData/CodeLooper-crrddjihwjtfkwegrjrymctnfixv/Build/Products/Debug/PackageFrameworks -F /Users/steipete/Library/Developer/Xcode/DerivedData/CodeLooper-crrddjihwjtfkwegrjrymctnfixv/Build/Products/Debug/PackageFrameworks -F /Users/steipete/Library/Developer/Xcode/DerivedData/CodeLooper-crrddjihwjtfkwegrjrymctnfixv/Build/Products/Debug/PackageFrameworks -F /Users/steipete/Library/Developer/Xcode/DerivedData/CodeLooper-crrddjihwjtfkwegrjrymctnfixv/Build/Products/Debug/PackageFrameworks -F /Users/steipete/Library/Developer/Xcode/DerivedData/CodeLooper-crrddjihwjtfkwegrjrymctnfixv/Build/Products/Debug/PackageFrameworks -F /Users/steipete/Library/Developer/Xcode/DerivedData/CodeLooper-crrddjihwjtfkwegrjrymctnfixv/Build/Products/Debug/PackageFrameworks -F /Users/steipete/Library/Developer/Xcode/DerivedData/CodeLooper-crrddjihwjtfkwegrjrymctnfixv/Build/Products/Debug/PackageFrameworks -F /Users/steipete/Library/Developer/Xcode/DerivedData/CodeLooper-crrddjihwjtfkwegrjrymctnfixv/Build/Products/Debug/PackageFrameworks -F /Users/steipete/Library/Developer/Xcode/DerivedData/CodeLooper-crrddjihwjtfkwegrjrymctnfixv/Build/Products/Debug/PackageFrameworks -F /Users/steipete/Library/Developer/Xcode/DerivedData/CodeLooper-crrddjihwjtfkwegrjrymctnfixv/Build/Products/Debug/PackageFrameworks -F /Users/steipete/Library/Developer/Xcode/DerivedData/CodeLooper-crrddjihwjtfkwegrjrymctnfixv/Build/Products/Debug/PackageFrameworks -F /Users/steipete/Library/Developer/Xcode/DerivedData/CodeLooper-crrddjihwjtfkwegrjrymctnfixv/Build/Products/Debug/PackageFrameworks -F /Users/steipete/Library/Developer/Xcode/DerivedData/CodeLooper-crrddjihwjtfkwegrjrymctnfixv/Build/Products/Debug/PackageFrameworks -F /Users/steipete/Library/Developer/Xcode/DerivedData/CodeLooper-crrddjihwjtfkwegrjrymctnfixv/Build/Products/Debug -F /Applications/Xcode-beta.app/Contents/Developer/Platforms/MacOSX.platform/Developer/Library/Frameworks -c -j16 -enable-batch-mode -incremental -Xcc -ivfsstatcache -Xcc /Users/steipete/Library/Developer/Xcode/DerivedData/SDKStatCaches.noindex/macosx26.0-25A5279m-5d9328ff1a6613a11d359de947506b52.sdkstatcache -output-file-map /Users/steipete/Library/Developer/Xcode/DerivedData/CodeLooper-crrddjihwjtfkwegrjrymctnfixv/Build/Intermediates.noindex/swift-nio.build/Debug/NIOEmbedded.build/Objects-normal/arm64/NIOEmbedded-OutputFileMap.json -use-frontend-parseable-output -save-temps -no-color-diagnostics -explicit-module-build -module-cache-path /Users/steipete/Library/Developer/Xcode/DerivedData/CodeLooper-crrddjihwjtfkwegrjrymctnfixv/Build/Intermediates.noindex/SwiftExplicitPrecompiledModules -clang-scanner-module-cache-path /Users/steipete/Library/Developer/Xcode/DerivedData/ModuleCache.noindex -sdk-module-cache-path /Users/steipete/Library/Developer/Xcode/DerivedData/ModuleCache.noindex -serialize-diagnostics -emit-dependencies -emit-module -emit-module-path /Users/steipete/Library/Developer/Xcode/DerivedData/CodeLooper-crrddjihwjtfkwegrjrymctnfixv/Build/Intermediates.noindex/swift-nio.build/Debug/NIOEmbedded.build/Objects-normal/arm64/NIOEmbedded.swiftmodule -validate-clang-modules-once -clang-build-session-file /Users/steipete/Library/Developer/Xcode/DerivedData/ModuleCache.noindex/Session.modulevalidation -package-name swift_nio -Xcc -I/Users/steipete/Library/Developer/Xcode/DerivedData/CodeLooper-crrddjihwjtfkwegrjrymctnfixv/Build/Intermediates.noindex/swift-nio.build/Debug/NIOEmbedded.build/swift-overrides.hmap -emit-const-values -Xfrontend -const-gather-protocols-file -Xfrontend /Users/steipete/Library/Developer/Xcode/DerivedData/CodeLooper-crrddjihwjtfkwegrjrymctnfixv/Build/Intermediates.noindex/swift-nio.build/Debug/NIOEmbedded.build/Objects-normal/arm64/NIOEmbedded_const_extract_protocols.json -Xcc -I/Users/steipete/Library/Developer/Xcode/DerivedData/CodeLooper-crrddjihwjtfkwegrjrymctnfixv/SourcePackages/checkouts/swift-atomics/Sources/_AtomicsShims/include -Xcc -I/Users/steipete/Library/Developer/Xcode/DerivedData/CodeLooper-crrddjihwjtfkwegrjrymctnfixv/SourcePackages/checkouts/swift-nio/Sources/CNIOWASI/include -Xcc -I/Users/steipete/Library/Developer/Xcode/DerivedData/CodeLooper-crrddjihwjtfkwegrjrymctnfixv/SourcePackages/checkouts/swift-nio/Sources/CNIOWindows/include -Xcc -I/Users/steipete/Library/Developer/Xcode/DerivedData/CodeLooper-crrddjihwjtfkwegrjrymctnfixv/SourcePackages/checkouts/swift-nio/Sources/CNIOLinux/include -Xcc -I/Users/steipete/Library/Developer/Xcode/DerivedData/CodeLooper-crrddjihwjtfkwegrjrymctnfixv/SourcePackages/checkouts/swift-nio/Sources/CNIODarwin/include -Xcc -I/Users/steipete/Library/Developer/Xcode/DerivedData/CodeLooper-crrddjihwjtfkwegrjrymctnfixv/SourcePackages/checkouts/swift-nio/Sources/CNIOAtomics/include -Xcc -I/Users/steipete/Library/Developer/Xcode/DerivedData/CodeLooper-crrddjihwjtfkwegrjrymctnfixv/Build/Products/Debug/include -Xcc -I/Users/steipete/Library/Developer/Xcode/DerivedData/CodeLooper-crrddjihwjtfkwegrjrymctnfixv/Build/Intermediates.noindex/swift-nio.build/Debug/NIOEmbedded.build/DerivedSources-normal/arm64 -Xcc -I/Users/steipete/Library/Developer/Xcode/DerivedData/CodeLooper-crrddjihwjtfkwegrjrymctnfixv/Build/Intermediates.noindex/swift-nio.build/Debug/NIOEmbedded.build/DerivedSources/arm64 -Xcc -I/Users/steipete/Library/Developer/Xcode/DerivedData/CodeLooper-crrddjihwjtfkwegrjrymctnfixv/Build/Intermediates.noindex/swift-nio.build/Debug/NIOEmbedded.build/DerivedSources -Xcc -DSWIFT_PACKAGE -Xcc -DDEBUG\=1 -emit-objc-header -emit-objc-header-path /Users/steipete/Library/Developer/Xcode/DerivedData/CodeLooper-crrddjihwjtfkwegrjrymctnfixv/Build/Intermediates.noindex/swift-nio.build/Debug/NIOEmbedded.build/Objects-normal/arm64/NIOEmbedded-Swift.h -working-directory /Users/steipete/Projects/CodeLooper -experimental-emit-module-separately -disable-cmo

SwiftDriverJobDiscovery normal arm64 Compiling Utilities.swift, VsockAddress.swift, VsockChannelEvents.swift (in target 'NIOPosix' from project 'swift-nio')

ExtractAppIntentsMetadata (in target 'NIOCore' from project 'swift-nio')
    cd /Users/steipete/Library/Developer/Xcode/DerivedData/CodeLooper-crrddjihwjtfkwegrjrymctnfixv/SourcePackages/checkouts/swift-nio
    /Applications/Xcode-beta.app/Contents/Developer/Toolchains/XcodeDefault.xctoolchain/usr/bin/appintentsmetadataprocessor --toolchain-dir /Applications/Xcode-beta.app/Contents/Developer/Toolchains/XcodeDefault.xctoolchain --module-name NIOCore --sdk-root /Applications/Xcode-beta.app/Contents/Developer/Platforms/MacOSX.platform/Developer/SDKs/MacOSX26.0.sdk --xcode-version 17A5241e --platform-family macOS --deployment-target 10.13 --bundle-identifier swift-nio.NIOCore --output /Users/steipete/Library/Developer/Xcode/DerivedData/CodeLooper-crrddjihwjtfkwegrjrymctnfixv/Build/Products/Debug/NIOCore.appintents --target-triple arm64-apple-macos10.13 --binary-file /Users/steipete/Library/Developer/Xcode/DerivedData/CodeLooper-crrddjihwjtfkwegrjrymctnfixv/Build/Products/Debug/NIOCore.o --dependency-file /Users/steipete/Library/Developer/Xcode/DerivedData/CodeLooper-crrddjihwjtfkwegrjrymctnfixv/Build/Intermediates.noindex/swift-nio.build/Debug/NIOCore.build/Objects-normal/arm64/NIOCore_dependency_info.dat --stringsdata-file /Users/steipete/Library/Developer/Xcode/DerivedData/CodeLooper-crrddjihwjtfkwegrjrymctnfixv/Build/Intermediates.noindex/swift-nio.build/Debug/NIOCore.build/Objects-normal/arm64/ExtractedAppShortcutsMetadata.stringsdata --source-file-list /Users/steipete/Library/Developer/Xcode/DerivedData/CodeLooper-crrddjihwjtfkwegrjrymctnfixv/Build/Intermediates.noindex/swift-nio.build/Debug/NIOCore.build/Objects-normal/arm64/NIOCore.SwiftFileList --metadata-file-list /Users/steipete/Library/Developer/Xcode/DerivedData/CodeLooper-crrddjihwjtfkwegrjrymctnfixv/Build/Intermediates.noindex/swift-nio.build/Debug/NIOCore.build/NIOCore.DependencyMetadataFileList --static-metadata-file-list /Users/steipete/Library/Developer/Xcode/DerivedData/CodeLooper-crrddjihwjtfkwegrjrymctnfixv/Build/Intermediates.noindex/swift-nio.build/Debug/NIOCore.build/NIOCore.DependencyStaticMetadataFileList --swift-const-vals-list /Users/steipete/Library/Developer/Xcode/DerivedData/CodeLooper-crrddjihwjtfkwegrjrymctnfixv/Build/Intermediates.noindex/swift-nio.build/Debug/NIOCore.build/Objects-normal/arm64/NIOCore.SwiftConstValuesFileList --force --compile-time-extraction --deployment-aware-processing --validate-assistant-intents --no-app-shortcuts-localization
2025-06-10 00:10:40.241 appintentsmetadataprocessor[98812:11269474] Starting appintentsmetadataprocessor export
2025-06-10 00:10:40.304 appintentsmetadataprocessor[98812:11269474] Extracted no relevant App Intents symbols, skipping writing output

RegisterExecutionPolicyException /Users/steipete/Library/Developer/Xcode/DerivedData/CodeLooper-crrddjihwjtfkwegrjrymctnfixv/Build/Products/Debug/ServiceLifecycle.o (in target 'ServiceLifecycle' from project 'swift-service-lifecycle')
    cd /Users/steipete/Library/Developer/Xcode/DerivedData/CodeLooper-crrddjihwjtfkwegrjrymctnfixv/SourcePackages/checkouts/swift-service-lifecycle
    builtin-RegisterExecutionPolicyException /Users/steipete/Library/Developer/Xcode/DerivedData/CodeLooper-crrddjihwjtfkwegrjrymctnfixv/Build/Products/Debug/ServiceLifecycle.o

RegisterExecutionPolicyException /Users/steipete/Library/Developer/Xcode/DerivedData/CodeLooper-crrddjihwjtfkwegrjrymctnfixv/Build/Products/Debug/NIOCore.o (in target 'NIOCore' from project 'swift-nio')
    cd /Users/steipete/Library/Developer/Xcode/DerivedData/CodeLooper-crrddjihwjtfkwegrjrymctnfixv/SourcePackages/checkouts/swift-nio
    builtin-RegisterExecutionPolicyException /Users/steipete/Library/Developer/Xcode/DerivedData/CodeLooper-crrddjihwjtfkwegrjrymctnfixv/Build/Products/Debug/NIOCore.o

Ld /Users/steipete/Library/Developer/Xcode/DerivedData/CodeLooper-crrddjihwjtfkwegrjrymctnfixv/Build/Products/Debug/NIOEmbedded.o normal (in target 'NIOEmbedded' from project 'swift-nio')
    cd /Users/steipete/Library/Developer/Xcode/DerivedData/CodeLooper-crrddjihwjtfkwegrjrymctnfixv/SourcePackages/checkouts/swift-nio
    /Applications/Xcode-beta.app/Contents/Developer/Toolchains/XcodeDefault.xctoolchain/usr/bin/clang -Xlinker -reproducible -target arm64-apple-macos10.13 -r -isysroot /Applications/Xcode-beta.app/Contents/Developer/Platforms/MacOSX.platform/Developer/SDKs/MacOSX26.0.sdk -O0 -w -L/Users/steipete/Library/Developer/Xcode/DerivedData/CodeLooper-crrddjihwjtfkwegrjrymctnfixv/Build/Intermediates.noindex/EagerLinkingTBDs/Debug -L/Users/steipete/Library/Developer/Xcode/DerivedData/CodeLooper-crrddjihwjtfkwegrjrymctnfixv/Build/Products/Debug -L/Applications/Xcode-beta.app/Contents/Developer/Platforms/MacOSX.platform/Developer/usr/lib -F/Users/steipete/Library/Developer/Xcode/DerivedData/CodeLooper-crrddjihwjtfkwegrjrymctnfixv/Build/Intermediates.noindex/EagerLinkingTBDs/Debug -F/Users/steipete/Library/Developer/Xcode/DerivedData/CodeLooper-crrddjihwjtfkwegrjrymctnfixv/Build/Products/Debug/PackageFrameworks -F/Users/steipete/Library/Developer/Xcode/DerivedData/CodeLooper-crrddjihwjtfkwegrjrymctnfixv/Build/Products/Debug/PackageFrameworks -F/Users/steipete/Library/Developer/Xcode/DerivedData/CodeLooper-crrddjihwjtfkwegrjrymctnfixv/Build/Products/Debug/PackageFrameworks -F/Users/steipete/Library/Developer/Xcode/DerivedData/CodeLooper-crrddjihwjtfkwegrjrymctnfixv/Build/Products/Debug/PackageFrameworks -F/Users/steipete/Library/Developer/Xcode/DerivedData/CodeLooper-crrddjihwjtfkwegrjrymctnfixv/Build/Products/Debug/PackageFrameworks -F/Users/steipete/Library/Developer/Xcode/DerivedData/CodeLooper-crrddjihwjtfkwegrjrymctnfixv/Build/Products/Debug/PackageFrameworks -F/Users/steipete/Library/Developer/Xcode/DerivedData/CodeLooper-crrddjihwjtfkwegrjrymctnfixv/Build/Products/Debug/PackageFrameworks -F/Users/steipete/Library/Developer/Xcode/DerivedData/CodeLooper-crrddjihwjtfkwegrjrymctnfixv/Build/Products/Debug/PackageFrameworks -F/Users/steipete/Library/Developer/Xcode/DerivedData/CodeLooper-crrddjihwjtfkwegrjrymctnfixv/Build/Products/Debug/PackageFrameworks -F/Users/steipete/Library/Developer/Xcode/DerivedData/CodeLooper-crrddjihwjtfkwegrjrymctnfixv/Build/Products/Debug/PackageFrameworks -F/Users/steipete/Library/Developer/Xcode/DerivedData/CodeLooper-crrddjihwjtfkwegrjrymctnfixv/Build/Products/Debug/PackageFrameworks -F/Users/steipete/Library/Developer/Xcode/DerivedData/CodeLooper-crrddjihwjtfkwegrjrymctnfixv/Build/Products/Debug/PackageFrameworks -F/Users/steipete/Library/Developer/Xcode/DerivedData/CodeLooper-crrddjihwjtfkwegrjrymctnfixv/Build/Products/Debug/PackageFrameworks -F/Users/steipete/Library/Developer/Xcode/DerivedData/CodeLooper-crrddjihwjtfkwegrjrymctnfixv/Build/Products/Debug -iframework /Applications/Xcode-beta.app/Contents/Developer/Platforms/MacOSX.platform/Developer/Library/Frameworks -filelist /Users/steipete/Library/Developer/Xcode/DerivedData/CodeLooper-crrddjihwjtfkwegrjrymctnfixv/Build/Intermediates.noindex/swift-nio.build/Debug/NIOEmbedded.build/Objects-normal/arm64/NIOEmbedded.LinkFileList -nostdlib -Xlinker -object_path_lto -Xlinker /Users/steipete/Library/Developer/Xcode/DerivedData/CodeLooper-crrddjihwjtfkwegrjrymctnfixv/Build/Intermediates.noindex/swift-nio.build/Debug/NIOEmbedded.build/Objects-normal/arm64/NIOEmbedded_lto.o -rdynamic -Xlinker -no_deduplicate -Xlinker -debug_variant -Xlinker -dependency_info -Xlinker /Users/steipete/Library/Developer/Xcode/DerivedData/CodeLooper-crrddjihwjtfkwegrjrymctnfixv/Build/Intermediates.noindex/swift-nio.build/Debug/NIOEmbedded.build/Objects-normal/arm64/NIOEmbedded_dependency_info.dat -fobjc-link-runtime -L/Applications/Xcode-beta.app/Contents/Developer/Toolchains/XcodeDefault.xctoolchain/usr/lib/swift/macosx -L/usr/lib/swift -Xlinker -add_ast_path -Xlinker /Users/steipete/Library/Developer/Xcode/DerivedData/CodeLooper-crrddjihwjtfkwegrjrymctnfixv/Build/Intermediates.noindex/swift-nio.build/Debug/NIOEmbedded.build/Objects-normal/arm64/NIOEmbedded.swiftmodule @/Users/steipete/Library/Developer/Xcode/DerivedData/CodeLooper-crrddjihwjtfkwegrjrymctnfixv/Build/Intermediates.noindex/swift-nio.build/Debug/NIOEmbedded.build/Objects-normal/arm64/NIOEmbedded-linker-args.resp -o /Users/steipete/Library/Developer/Xcode/DerivedData/CodeLooper-crrddjihwjtfkwegrjrymctnfixv/Build/Products/Debug/NIOEmbedded.o

SwiftDriverJobDiscovery normal arm64 Compiling RawSocketBootstrap.swift, Resolver.swift, Selectable.swift (in target 'NIOPosix' from project 'swift-nio')

Ld /Users/steipete/Library/Developer/Xcode/DerivedData/CodeLooper-crrddjihwjtfkwegrjrymctnfixv/Build/Products/Debug/NIOHTTPTypes.o normal (in target 'NIOHTTPTypes' from project 'swift-nio-extras')
    cd /Users/steipete/Library/Developer/Xcode/DerivedData/CodeLooper-crrddjihwjtfkwegrjrymctnfixv/SourcePackages/checkouts/swift-nio-extras
    /Applications/Xcode-beta.app/Contents/Developer/Toolchains/XcodeDefault.xctoolchain/usr/bin/clang -Xlinker -reproducible -target arm64-apple-macos10.13 -r -isysroot /Applications/Xcode-beta.app/Contents/Developer/Platforms/MacOSX.platform/Developer/SDKs/MacOSX26.0.sdk -O0 -w -L/Users/steipete/Library/Developer/Xcode/DerivedData/CodeLooper-crrddjihwjtfkwegrjrymctnfixv/Build/Intermediates.noindex/EagerLinkingTBDs/Debug -L/Users/steipete/Library/Developer/Xcode/DerivedData/CodeLooper-crrddjihwjtfkwegrjrymctnfixv/Build/Products/Debug -L/Applications/Xcode-beta.app/Contents/Developer/Platforms/MacOSX.platform/Developer/usr/lib -F/Users/steipete/Library/Developer/Xcode/DerivedData/CodeLooper-crrddjihwjtfkwegrjrymctnfixv/Build/Intermediates.noindex/EagerLinkingTBDs/Debug -F/Users/steipete/Library/Developer/Xcode/DerivedData/CodeLooper-crrddjihwjtfkwegrjrymctnfixv/Build/Products/Debug/PackageFrameworks -F/Users/steipete/Library/Developer/Xcode/DerivedData/CodeLooper-crrddjihwjtfkwegrjrymctnfixv/Build/Products/Debug/PackageFrameworks -F/Users/steipete/Library/Developer/Xcode/DerivedData/CodeLooper-crrddjihwjtfkwegrjrymctnfixv/Build/Products/Debug/PackageFrameworks -F/Users/steipete/Library/Developer/Xcode/DerivedData/CodeLooper-crrddjihwjtfkwegrjrymctnfixv/Build/Products/Debug/PackageFrameworks -F/Users/steipete/Library/Developer/Xcode/DerivedData/CodeLooper-crrddjihwjtfkwegrjrymctnfixv/Build/Products/Debug/PackageFrameworks -F/Users/steipete/Library/Developer/Xcode/DerivedData/CodeLooper-crrddjihwjtfkwegrjrymctnfixv/Build/Products/Debug/PackageFrameworks -F/Users/steipete/Library/Developer/Xcode/DerivedData/CodeLooper-crrddjihwjtfkwegrjrymctnfixv/Build/Products/Debug/PackageFrameworks -F/Users/steipete/Library/Developer/Xcode/DerivedData/CodeLooper-crrddjihwjtfkwegrjrymctnfixv/Build/Products/Debug/PackageFrameworks -F/Users/steipete/Library/Developer/Xcode/DerivedData/CodeLooper-crrddjihwjtfkwegrjrymctnfixv/Build/Products/Debug/PackageFrameworks -F/Users/steipete/Library/Developer/Xcode/DerivedData/CodeLooper-crrddjihwjtfkwegrjrymctnfixv/Build/Products/Debug/PackageFrameworks -F/Users/steipete/Library/Developer/Xcode/DerivedData/CodeLooper-crrddjihwjtfkwegrjrymctnfixv/Build/Products/Debug/PackageFrameworks -F/Users/steipete/Library/Developer/Xcode/DerivedData/CodeLooper-crrddjihwjtfkwegrjrymctnfixv/Build/Products/Debug/PackageFrameworks -F/Users/steipete/Library/Developer/Xcode/DerivedData/CodeLooper-crrddjihwjtfkwegrjrymctnfixv/Build/Products/Debug/PackageFrameworks -F/Users/steipete/Library/Developer/Xcode/DerivedData/CodeLooper-crrddjihwjtfkwegrjrymctnfixv/Build/Products/Debug/PackageFrameworks -F/Users/steipete/Library/Developer/Xcode/DerivedData/CodeLooper-crrddjihwjtfkwegrjrymctnfixv/Build/Products/Debug -iframework /Applications/Xcode-beta.app/Contents/Developer/Platforms/MacOSX.platform/Developer/Library/Frameworks -filelist /Users/steipete/Library/Developer/Xcode/DerivedData/CodeLooper-crrddjihwjtfkwegrjrymctnfixv/Build/Intermediates.noindex/swift-nio-extras.build/Debug/NIOHTTPTypes.build/Objects-normal/arm64/NIOHTTPTypes.LinkFileList -nostdlib -Xlinker -object_path_lto -Xlinker /Users/steipete/Library/Developer/Xcode/DerivedData/CodeLooper-crrddjihwjtfkwegrjrymctnfixv/Build/Intermediates.noindex/swift-nio-extras.build/Debug/NIOHTTPTypes.build/Objects-normal/arm64/NIOHTTPTypes_lto.o -rdynamic -Xlinker -no_deduplicate -Xlinker -debug_variant -Xlinker -dependency_info -Xlinker /Users/steipete/Library/Developer/Xcode/DerivedData/CodeLooper-crrddjihwjtfkwegrjrymctnfixv/Build/Intermediates.noindex/swift-nio-extras.build/Debug/NIOHTTPTypes.build/Objects-normal/arm64/NIOHTTPTypes_dependency_info.dat -fobjc-link-runtime -L/Applications/Xcode-beta.app/Contents/Developer/Toolchains/XcodeDefault.xctoolchain/usr/lib/swift/macosx -L/usr/lib/swift -Xlinker -add_ast_path -Xlinker /Users/steipete/Library/Developer/Xcode/DerivedData/CodeLooper-crrddjihwjtfkwegrjrymctnfixv/Build/Intermediates.noindex/swift-nio-extras.build/Debug/NIOHTTPTypes.build/Objects-normal/arm64/NIOHTTPTypes.swiftmodule @/Users/steipete/Library/Developer/Xcode/DerivedData/CodeLooper-crrddjihwjtfkwegrjrymctnfixv/Build/Intermediates.noindex/swift-nio-extras.build/Debug/NIOHTTPTypes.build/Objects-normal/arm64/NIOHTTPTypes-linker-args.resp -o /Users/steipete/Library/Developer/Xcode/DerivedData/CodeLooper-crrddjihwjtfkwegrjrymctnfixv/Build/Products/Debug/NIOHTTPTypes.o

ExtractAppIntentsMetadata (in target 'NIOEmbedded' from project 'swift-nio')
    cd /Users/steipete/Library/Developer/Xcode/DerivedData/CodeLooper-crrddjihwjtfkwegrjrymctnfixv/SourcePackages/checkouts/swift-nio
    /Applications/Xcode-beta.app/Contents/Developer/Toolchains/XcodeDefault.xctoolchain/usr/bin/appintentsmetadataprocessor --toolchain-dir /Applications/Xcode-beta.app/Contents/Developer/Toolchains/XcodeDefault.xctoolchain --module-name NIOEmbedded --sdk-root /Applications/Xcode-beta.app/Contents/Developer/Platforms/MacOSX.platform/Developer/SDKs/MacOSX26.0.sdk --xcode-version 17A5241e --platform-family macOS --deployment-target 10.13 --bundle-identifier swift-nio.NIOEmbedded --output /Users/steipete/Library/Developer/Xcode/DerivedData/CodeLooper-crrddjihwjtfkwegrjrymctnfixv/Build/Products/Debug/NIOEmbedded.appintents --target-triple arm64-apple-macos10.13 --binary-file /Users/steipete/Library/Developer/Xcode/DerivedData/CodeLooper-crrddjihwjtfkwegrjrymctnfixv/Build/Products/Debug/NIOEmbedded.o --dependency-file /Users/steipete/Library/Developer/Xcode/DerivedData/CodeLooper-crrddjihwjtfkwegrjrymctnfixv/Build/Intermediates.noindex/swift-nio.build/Debug/NIOEmbedded.build/Objects-normal/arm64/NIOEmbedded_dependency_info.dat --stringsdata-file /Users/steipete/Library/Developer/Xcode/DerivedData/CodeLooper-crrddjihwjtfkwegrjrymctnfixv/Build/Intermediates.noindex/swift-nio.build/Debug/NIOEmbedded.build/Objects-normal/arm64/ExtractedAppShortcutsMetadata.stringsdata --source-file-list /Users/steipete/Library/Developer/Xcode/DerivedData/CodeLooper-crrddjihwjtfkwegrjrymctnfixv/Build/Intermediates.noindex/swift-nio.build/Debug/NIOEmbedded.build/Objects-normal/arm64/NIOEmbedded.SwiftFileList --metadata-file-list /Users/steipete/Library/Developer/Xcode/DerivedData/CodeLooper-crrddjihwjtfkwegrjrymctnfixv/Build/Intermediates.noindex/swift-nio.build/Debug/NIOEmbedded.build/NIOEmbedded.DependencyMetadataFileList --static-metadata-file-list /Users/steipete/Library/Developer/Xcode/DerivedData/CodeLooper-crrddjihwjtfkwegrjrymctnfixv/Build/Intermediates.noindex/swift-nio.build/Debug/NIOEmbedded.build/NIOEmbedded.DependencyStaticMetadataFileList --swift-const-vals-list /Users/steipete/Library/Developer/Xcode/DerivedData/CodeLooper-crrddjihwjtfkwegrjrymctnfixv/Build/Intermediates.noindex/swift-nio.build/Debug/NIOEmbedded.build/Objects-normal/arm64/NIOEmbedded.SwiftConstValuesFileList --force --compile-time-extraction --deployment-aware-processing --validate-assistant-intents --no-app-shortcuts-localization
2025-06-10 00:10:40.381 appintentsmetadataprocessor[98823:11269531] Starting appintentsmetadataprocessor export
2025-06-10 00:10:40.421 appintentsmetadataprocessor[98823:11269531] Extracted no relevant App Intents symbols, skipping writing output

SwiftDriverJobDiscovery normal arm64 Compiling Pool.swift, PosixSingletons+ConcurrencyTakeOver.swift, PosixSingletons.swift (in target 'NIOPosix' from project 'swift-nio')

SwiftDriverJobDiscovery normal arm64 Compiling resource_bundle_accessor.swift, BSDSocketAPICommon.swift, BSDSocketAPIPosix.swift, BSDSocketAPIWindows.swift (in target 'NIOPosix' from project 'swift-nio')

ExtractAppIntentsMetadata (in target 'NIOHTTPTypes' from project 'swift-nio-extras')
    cd /Users/steipete/Library/Developer/Xcode/DerivedData/CodeLooper-crrddjihwjtfkwegrjrymctnfixv/SourcePackages/checkouts/swift-nio-extras
    /Applications/Xcode-beta.app/Contents/Developer/Toolchains/XcodeDefault.xctoolchain/usr/bin/appintentsmetadataprocessor --toolchain-dir /Applications/Xcode-beta.app/Contents/Developer/Toolchains/XcodeDefault.xctoolchain --module-name NIOHTTPTypes --sdk-root /Applications/Xcode-beta.app/Contents/Developer/Platforms/MacOSX.platform/Developer/SDKs/MacOSX26.0.sdk --xcode-version 17A5241e --platform-family macOS --deployment-target 10.13 --bundle-identifier swift-nio-extras.NIOHTTPTypes --output /Users/steipete/Library/Developer/Xcode/DerivedData/CodeLooper-crrddjihwjtfkwegrjrymctnfixv/Build/Products/Debug/NIOHTTPTypes.appintents --target-triple arm64-apple-macos10.13 --binary-file /Users/steipete/Library/Developer/Xcode/DerivedData/CodeLooper-crrddjihwjtfkwegrjrymctnfixv/Build/Products/Debug/NIOHTTPTypes.o --dependency-file /Users/steipete/Library/Developer/Xcode/DerivedData/CodeLooper-crrddjihwjtfkwegrjrymctnfixv/Build/Intermediates.noindex/swift-nio-extras.build/Debug/NIOHTTPTypes.build/Objects-normal/arm64/NIOHTTPTypes_dependency_info.dat --stringsdata-file /Users/steipete/Library/Developer/Xcode/DerivedData/CodeLooper-crrddjihwjtfkwegrjrymctnfixv/Build/Intermediates.noindex/swift-nio-extras.build/Debug/NIOHTTPTypes.build/Objects-normal/arm64/ExtractedAppShortcutsMetadata.stringsdata --source-file-list /Users/steipete/Library/Developer/Xcode/DerivedData/CodeLooper-crrddjihwjtfkwegrjrymctnfixv/Build/Intermediates.noindex/swift-nio-extras.build/Debug/NIOHTTPTypes.build/Objects-normal/arm64/NIOHTTPTypes.SwiftFileList --metadata-file-list /Users/steipete/Library/Developer/Xcode/DerivedData/CodeLooper-crrddjihwjtfkwegrjrymctnfixv/Build/Intermediates.noindex/swift-nio-extras.build/Debug/NIOHTTPTypes.build/NIOHTTPTypes.DependencyMetadataFileList --static-metadata-file-list /Users/steipete/Library/Developer/Xcode/DerivedData/CodeLooper-crrddjihwjtfkwegrjrymctnfixv/Build/Intermediates.noindex/swift-nio-extras.build/Debug/NIOHTTPTypes.build/NIOHTTPTypes.DependencyStaticMetadataFileList --swift-const-vals-list /Users/steipete/Library/Developer/Xcode/DerivedData/CodeLooper-crrddjihwjtfkwegrjrymctnfixv/Build/Intermediates.noindex/swift-nio-extras.build/Debug/NIOHTTPTypes.build/Objects-normal/arm64/NIOHTTPTypes.SwiftConstValuesFileList --force --compile-time-extraction --deployment-aware-processing --validate-assistant-intents --no-app-shortcuts-localization
2025-06-10 00:10:40.407 appintentsmetadataprocessor[98825:11269558] Starting appintentsmetadataprocessor export
2025-06-10 00:10:40.468 appintentsmetadataprocessor[98825:11269558] Extracted no relevant App Intents symbols, skipping writing output

RegisterExecutionPolicyException /Users/steipete/Library/Developer/Xcode/DerivedData/CodeLooper-crrddjihwjtfkwegrjrymctnfixv/Build/Products/Debug/NIOEmbedded.o (in target 'NIOEmbedded' from project 'swift-nio')
    cd /Users/steipete/Library/Developer/Xcode/DerivedData/CodeLooper-crrddjihwjtfkwegrjrymctnfixv/SourcePackages/checkouts/swift-nio
    builtin-RegisterExecutionPolicyException /Users/steipete/Library/Developer/Xcode/DerivedData/CodeLooper-crrddjihwjtfkwegrjrymctnfixv/Build/Products/Debug/NIOEmbedded.o

SwiftDriverJobDiscovery normal arm64 Compiling LinuxCPUSet.swift, LinuxUring.swift, MultiThreadedEventLoopGroup.swift (in target 'NIOPosix' from project 'swift-nio')

RegisterExecutionPolicyException /Users/steipete/Library/Developer/Xcode/DerivedData/CodeLooper-crrddjihwjtfkwegrjrymctnfixv/Build/Products/Debug/NIOHTTPTypes.o (in target 'NIOHTTPTypes' from project 'swift-nio-extras')
    cd /Users/steipete/Library/Developer/Xcode/DerivedData/CodeLooper-crrddjihwjtfkwegrjrymctnfixv/SourcePackages/checkouts/swift-nio-extras
    builtin-RegisterExecutionPolicyException /Users/steipete/Library/Developer/Xcode/DerivedData/CodeLooper-crrddjihwjtfkwegrjrymctnfixv/Build/Products/Debug/NIOHTTPTypes.o

SwiftDriverJobDiscovery normal arm64 Compiling SelectableChannel.swift, SelectableEventLoop.swift, SelectorEpoll.swift (in target 'NIOPosix' from project 'swift-nio')

SwiftDriverJobDiscovery normal arm64 Compiling SocketProtocols.swift, System.swift, Thread.swift (in target 'NIOPosix' from project 'swift-nio')

SwiftDriverJobDiscovery normal arm64 Compiling FileDescriptor.swift, GetaddrinfoResolver.swift, HappyEyeballs.swift, IO.swift (in target 'NIOPosix' from project 'swift-nio')

SwiftDriverJobDiscovery normal arm64 Compiling SelectorGeneric.swift, SelectorKqueue.swift, SelectorUring.swift (in target 'NIOPosix' from project 'swift-nio')

SwiftDriverJobDiscovery normal arm64 Compiling PendingWritesManager.swift, PipeChannel.swift, PipePair.swift (in target 'NIOPosix' from project 'swift-nio')

SwiftDriverJobDiscovery normal arm64 Compiling ServerSocket.swift, Socket.swift, SocketChannel.swift (in target 'NIOPosix' from project 'swift-nio')

SwiftDriverJobDiscovery normal arm64 Emitting module for NIOPosix (in target 'NIOPosix' from project 'swift-nio')

SwiftDriver\ Compilation\ Requirements NIOPosix normal arm64 com.apple.xcode.tools.swift.compiler (in target 'NIOPosix' from project 'swift-nio')
    cd /Users/steipete/Projects/CodeLooper
    builtin-Swift-Compilation-Requirements -- /Applications/Xcode-beta.app/Contents/Developer/Toolchains/XcodeDefault.xctoolchain/usr/bin/swiftc -module-name NIOPosix -Onone -enforce-exclusivity\=checked @/Users/steipete/Library/Developer/Xcode/DerivedData/CodeLooper-crrddjihwjtfkwegrjrymctnfixv/Build/Intermediates.noindex/swift-nio.build/Debug/NIOPosix.build/Objects-normal/arm64/NIOPosix.SwiftFileList -DSWIFT_PACKAGE -DDEBUG -DSWIFT_MODULE_RESOURCE_BUNDLE_AVAILABLE -Xcc -fmodule-map-file\=/Users/steipete/Library/Developer/Xcode/DerivedData/CodeLooper-crrddjihwjtfkwegrjrymctnfixv/Build/Intermediates.noindex/GeneratedModuleMaps/CNIOWASI.modulemap -Xcc -fmodule-map-file\=/Users/steipete/Library/Developer/Xcode/DerivedData/CodeLooper-crrddjihwjtfkwegrjrymctnfixv/Build/Intermediates.noindex/GeneratedModuleMaps/CNIOAtomics.modulemap -Xcc -fmodule-map-file\=/Users/steipete/Library/Developer/Xcode/DerivedData/CodeLooper-crrddjihwjtfkwegrjrymctnfixv/Build/Intermediates.noindex/GeneratedModuleMaps/CNIODarwin.modulemap -Xcc -fmodule-map-file\=/Users/steipete/Library/Developer/Xcode/DerivedData/CodeLooper-crrddjihwjtfkwegrjrymctnfixv/Build/Intermediates.noindex/GeneratedModuleMaps/CNIOLinux.modulemap -DXcode -enable-upcoming-feature StrictConcurrency -enable-upcoming-feature InferSendableFromCaptures -enable-upcoming-feature MemberImportVisibility -plugin-path /Applications/Xcode-beta.app/Contents/Developer/Toolchains/XcodeDefault.xctoolchain/usr/lib/swift/host/plugins/testing -enable-experimental-feature DebugDescriptionMacro -sdk /Applications/Xcode-beta.app/Contents/Developer/Platforms/MacOSX.platform/Developer/SDKs/MacOSX26.0.sdk -target arm64-apple-macos10.13 -g -module-cache-path /Users/steipete/Library/Developer/Xcode/DerivedData/ModuleCache.noindex -Xfrontend -serialize-debugging-options -profile-coverage-mapping -profile-generate -enable-testing -suppress-warnings -index-store-path /Users/steipete/Library/Developer/Xcode/DerivedData/CodeLooper-crrddjihwjtfkwegrjrymctnfixv/Index.noindex/DataStore -swift-version 5 -I /Users/steipete/Library/Developer/Xcode/DerivedData/CodeLooper-crrddjihwjtfkwegrjrymctnfixv/Build/Products/Debug -I /Applications/Xcode-beta.app/Contents/Developer/Platforms/MacOSX.platform/Developer/usr/lib -F /Users/steipete/Library/Developer/Xcode/DerivedData/CodeLooper-crrddjihwjtfkwegrjrymctnfixv/Build/Products/Debug/PackageFrameworks -F /Users/steipete/Library/Developer/Xcode/DerivedData/CodeLooper-crrddjihwjtfkwegrjrymctnfixv/Build/Products/Debug/PackageFrameworks -F /Users/steipete/Library/Developer/Xcode/DerivedData/CodeLooper-crrddjihwjtfkwegrjrymctnfixv/Build/Products/Debug/PackageFrameworks -F /Users/steipete/Library/Developer/Xcode/DerivedData/CodeLooper-crrddjihwjtfkwegrjrymctnfixv/Build/Products/Debug/PackageFrameworks -F /Users/steipete/Library/Developer/Xcode/DerivedData/CodeLooper-crrddjihwjtfkwegrjrymctnfixv/Build/Products/Debug/PackageFrameworks -F /Users/steipete/Library/Developer/Xcode/DerivedData/CodeLooper-crrddjihwjtfkwegrjrymctnfixv/Build/Products/Debug/PackageFrameworks -F /Users/steipete/Library/Developer/Xcode/DerivedData/CodeLooper-crrddjihwjtfkwegrjrymctnfixv/Build/Products/Debug/PackageFrameworks -F /Users/steipete/Library/Developer/Xcode/DerivedData/CodeLooper-crrddjihwjtfkwegrjrymctnfixv/Build/Products/Debug/PackageFrameworks -F /Users/steipete/Library/Developer/Xcode/DerivedData/CodeLooper-crrddjihwjtfkwegrjrymctnfixv/Build/Products/Debug/PackageFrameworks -F /Users/steipete/Library/Developer/Xcode/DerivedData/CodeLooper-crrddjihwjtfkwegrjrymctnfixv/Build/Products/Debug/PackageFrameworks -F /Users/steipete/Library/Developer/Xcode/DerivedData/CodeLooper-crrddjihwjtfkwegrjrymctnfixv/Build/Products/Debug/PackageFrameworks -F /Users/steipete/Library/Developer/Xcode/DerivedData/CodeLooper-crrddjihwjtfkwegrjrymctnfixv/Build/Products/Debug/PackageFrameworks -F /Users/steipete/Library/Developer/Xcode/DerivedData/CodeLooper-crrddjihwjtfkwegrjrymctnfixv/Build/Products/Debug/PackageFrameworks -F /Users/steipete/Library/Developer/Xcode/DerivedData/CodeLooper-crrddjihwjtfkwegrjrymctnfixv/Build/Products/Debug -F /Applications/Xcode-beta.app/Contents/Developer/Platforms/MacOSX.platform/Developer/Library/Frameworks -c -j16 -enable-batch-mode -incremental -Xcc -ivfsstatcache -Xcc /Users/steipete/Library/Developer/Xcode/DerivedData/SDKStatCaches.noindex/macosx26.0-25A5279m-5d9328ff1a6613a11d359de947506b52.sdkstatcache -output-file-map /Users/steipete/Library/Developer/Xcode/DerivedData/CodeLooper-crrddjihwjtfkwegrjrymctnfixv/Build/Intermediates.noindex/swift-nio.build/Debug/NIOPosix.build/Objects-normal/arm64/NIOPosix-OutputFileMap.json -use-frontend-parseable-output -save-temps -no-color-diagnostics -explicit-module-build -module-cache-path /Users/steipete/Library/Developer/Xcode/DerivedData/CodeLooper-crrddjihwjtfkwegrjrymctnfixv/Build/Intermediates.noindex/SwiftExplicitPrecompiledModules -clang-scanner-module-cache-path /Users/steipete/Library/Developer/Xcode/DerivedData/ModuleCache.noindex -sdk-module-cache-path /Users/steipete/Library/Developer/Xcode/DerivedData/ModuleCache.noindex -serialize-diagnostics -emit-dependencies -emit-module -emit-module-path /Users/steipete/Library/Developer/Xcode/DerivedData/CodeLooper-crrddjihwjtfkwegrjrymctnfixv/Build/Intermediates.noindex/swift-nio.build/Debug/NIOPosix.build/Objects-normal/arm64/NIOPosix.swiftmodule -validate-clang-modules-once -clang-build-session-file /Users/steipete/Library/Developer/Xcode/DerivedData/ModuleCache.noindex/Session.modulevalidation -package-name swift_nio -Xcc -I/Users/steipete/Library/Developer/Xcode/DerivedData/CodeLooper-crrddjihwjtfkwegrjrymctnfixv/Build/Intermediates.noindex/swift-nio.build/Debug/NIOPosix.build/swift-overrides.hmap -emit-const-values -Xfrontend -const-gather-protocols-file -Xfrontend /Users/steipete/Library/Developer/Xcode/DerivedData/CodeLooper-crrddjihwjtfkwegrjrymctnfixv/Build/Intermediates.noindex/swift-nio.build/Debug/NIOPosix.build/Objects-normal/arm64/NIOPosix_const_extract_protocols.json -Xcc -I/Users/steipete/Library/Developer/Xcode/DerivedData/CodeLooper-crrddjihwjtfkwegrjrymctnfixv/SourcePackages/checkouts/swift-atomics/Sources/_AtomicsShims/include -Xcc -I/Users/steipete/Library/Developer/Xcode/DerivedData/CodeLooper-crrddjihwjtfkwegrjrymctnfixv/SourcePackages/checkouts/swift-nio/Sources/CNIOWASI/include -Xcc -I/Users/steipete/Library/Developer/Xcode/DerivedData/CodeLooper-crrddjihwjtfkwegrjrymctnfixv/SourcePackages/checkouts/swift-nio/Sources/CNIOAtomics/include -Xcc -I/Users/steipete/Library/Developer/Xcode/DerivedData/CodeLooper-crrddjihwjtfkwegrjrymctnfixv/SourcePackages/checkouts/swift-nio/Sources/CNIOWindows/include -Xcc -I/Users/steipete/Library/Developer/Xcode/DerivedData/CodeLooper-crrddjihwjtfkwegrjrymctnfixv/SourcePackages/checkouts/swift-nio/Sources/CNIODarwin/include -Xcc -I/Users/steipete/Library/Developer/Xcode/DerivedData/CodeLooper-crrddjihwjtfkwegrjrymctnfixv/SourcePackages/checkouts/swift-nio/Sources/CNIOLinux/include -Xcc -I/Users/steipete/Library/Developer/Xcode/DerivedData/CodeLooper-crrddjihwjtfkwegrjrymctnfixv/Build/Products/Debug/include -Xcc -I/Users/steipete/Library/Developer/Xcode/DerivedData/CodeLooper-crrddjihwjtfkwegrjrymctnfixv/Build/Intermediates.noindex/swift-nio.build/Debug/NIOPosix.build/DerivedSources-normal/arm64 -Xcc -I/Users/steipete/Library/Developer/Xcode/DerivedData/CodeLooper-crrddjihwjtfkwegrjrymctnfixv/Build/Intermediates.noindex/swift-nio.build/Debug/NIOPosix.build/DerivedSources/arm64 -Xcc -I/Users/steipete/Library/Developer/Xcode/DerivedData/CodeLooper-crrddjihwjtfkwegrjrymctnfixv/Build/Intermediates.noindex/swift-nio.build/Debug/NIOPosix.build/DerivedSources -Xcc -DSWIFT_PACKAGE -Xcc -DDEBUG\=1 -emit-objc-header -emit-objc-header-path /Users/steipete/Library/Developer/Xcode/DerivedData/CodeLooper-crrddjihwjtfkwegrjrymctnfixv/Build/Intermediates.noindex/swift-nio.build/Debug/NIOPosix.build/Objects-normal/arm64/NIOPosix-Swift.h -working-directory /Users/steipete/Projects/CodeLooper -experimental-emit-module-separately -disable-cmo

SwiftMergeGeneratedHeaders /Users/steipete/Library/Developer/Xcode/DerivedData/CodeLooper-crrddjihwjtfkwegrjrymctnfixv/Build/Intermediates.noindex/GeneratedModuleMaps/NIOPosix-Swift.h /Users/steipete/Library/Developer/Xcode/DerivedData/CodeLooper-crrddjihwjtfkwegrjrymctnfixv/Build/Intermediates.noindex/swift-nio.build/Debug/NIOPosix.build/Objects-normal/arm64/NIOPosix-Swift.h (in target 'NIOPosix' from project 'swift-nio')
    cd /Users/steipete/Library/Developer/Xcode/DerivedData/CodeLooper-crrddjihwjtfkwegrjrymctnfixv/SourcePackages/checkouts/swift-nio
    builtin-swiftHeaderTool -arch arm64 /Users/steipete/Library/Developer/Xcode/DerivedData/CodeLooper-crrddjihwjtfkwegrjrymctnfixv/Build/Intermediates.noindex/swift-nio.build/Debug/NIOPosix.build/Objects-normal/arm64/NIOPosix-Swift.h -o /Users/steipete/Library/Developer/Xcode/DerivedData/CodeLooper-crrddjihwjtfkwegrjrymctnfixv/Build/Intermediates.noindex/GeneratedModuleMaps/NIOPosix-Swift.h

Copy /Users/steipete/Library/Developer/Xcode/DerivedData/CodeLooper-crrddjihwjtfkwegrjrymctnfixv/Build/Products/Debug/NIOPosix.swiftmodule/arm64-apple-macos.swiftdoc /Users/steipete/Library/Developer/Xcode/DerivedData/CodeLooper-crrddjihwjtfkwegrjrymctnfixv/Build/Intermediates.noindex/swift-nio.build/Debug/NIOPosix.build/Objects-normal/arm64/NIOPosix.swiftdoc (in target 'NIOPosix' from project 'swift-nio')
    cd /Users/steipete/Library/Developer/Xcode/DerivedData/CodeLooper-crrddjihwjtfkwegrjrymctnfixv/SourcePackages/checkouts/swift-nio
    builtin-copy -exclude .DS_Store -exclude CVS -exclude .svn -exclude .git -exclude .hg -resolve-src-symlinks -rename /Users/steipete/Library/Developer/Xcode/DerivedData/CodeLooper-crrddjihwjtfkwegrjrymctnfixv/Build/Intermediates.noindex/swift-nio.build/Debug/NIOPosix.build/Objects-normal/arm64/NIOPosix.swiftdoc /Users/steipete/Library/Developer/Xcode/DerivedData/CodeLooper-crrddjihwjtfkwegrjrymctnfixv/Build/Products/Debug/NIOPosix.swiftmodule/arm64-apple-macos.swiftdoc

Copy /Users/steipete/Library/Developer/Xcode/DerivedData/CodeLooper-crrddjihwjtfkwegrjrymctnfixv/Build/Products/Debug/NIOPosix.swiftmodule/arm64-apple-macos.swiftmodule /Users/steipete/Library/Developer/Xcode/DerivedData/CodeLooper-crrddjihwjtfkwegrjrymctnfixv/Build/Intermediates.noindex/swift-nio.build/Debug/NIOPosix.build/Objects-normal/arm64/NIOPosix.swiftmodule (in target 'NIOPosix' from project 'swift-nio')
    cd /Users/steipete/Library/Developer/Xcode/DerivedData/CodeLooper-crrddjihwjtfkwegrjrymctnfixv/SourcePackages/checkouts/swift-nio
    builtin-copy -exclude .DS_Store -exclude CVS -exclude .svn -exclude .git -exclude .hg -resolve-src-symlinks -rename /Users/steipete/Library/Developer/Xcode/DerivedData/CodeLooper-crrddjihwjtfkwegrjrymctnfixv/Build/Intermediates.noindex/swift-nio.build/Debug/NIOPosix.build/Objects-normal/arm64/NIOPosix.swiftmodule /Users/steipete/Library/Developer/Xcode/DerivedData/CodeLooper-crrddjihwjtfkwegrjrymctnfixv/Build/Products/Debug/NIOPosix.swiftmodule/arm64-apple-macos.swiftmodule

Copy /Users/steipete/Library/Developer/Xcode/DerivedData/CodeLooper-crrddjihwjtfkwegrjrymctnfixv/Build/Products/Debug/NIOPosix.swiftmodule/arm64-apple-macos.abi.json /Users/steipete/Library/Developer/Xcode/DerivedData/CodeLooper-crrddjihwjtfkwegrjrymctnfixv/Build/Intermediates.noindex/swift-nio.build/Debug/NIOPosix.build/Objects-normal/arm64/NIOPosix.abi.json (in target 'NIOPosix' from project 'swift-nio')
    cd /Users/steipete/Library/Developer/Xcode/DerivedData/CodeLooper-crrddjihwjtfkwegrjrymctnfixv/SourcePackages/checkouts/swift-nio
    builtin-copy -exclude .DS_Store -exclude CVS -exclude .svn -exclude .git -exclude .hg -resolve-src-symlinks -rename /Users/steipete/Library/Developer/Xcode/DerivedData/CodeLooper-crrddjihwjtfkwegrjrymctnfixv/Build/Intermediates.noindex/swift-nio.build/Debug/NIOPosix.build/Objects-normal/arm64/NIOPosix.abi.json /Users/steipete/Library/Developer/Xcode/DerivedData/CodeLooper-crrddjihwjtfkwegrjrymctnfixv/Build/Products/Debug/NIOPosix.swiftmodule/arm64-apple-macos.abi.json

Copy /Users/steipete/Library/Developer/Xcode/DerivedData/CodeLooper-crrddjihwjtfkwegrjrymctnfixv/Build/Products/Debug/NIOPosix.swiftmodule/Project/arm64-apple-macos.swiftsourceinfo /Users/steipete/Library/Developer/Xcode/DerivedData/CodeLooper-crrddjihwjtfkwegrjrymctnfixv/Build/Intermediates.noindex/swift-nio.build/Debug/NIOPosix.build/Objects-normal/arm64/NIOPosix.swiftsourceinfo (in target 'NIOPosix' from project 'swift-nio')
    cd /Users/steipete/Library/Developer/Xcode/DerivedData/CodeLooper-crrddjihwjtfkwegrjrymctnfixv/SourcePackages/checkouts/swift-nio
    builtin-copy -exclude .DS_Store -exclude CVS -exclude .svn -exclude .git -exclude .hg -resolve-src-symlinks -rename /Users/steipete/Library/Developer/Xcode/DerivedData/CodeLooper-crrddjihwjtfkwegrjrymctnfixv/Build/Intermediates.noindex/swift-nio.build/Debug/NIOPosix.build/Objects-normal/arm64/NIOPosix.swiftsourceinfo /Users/steipete/Library/Developer/Xcode/DerivedData/CodeLooper-crrddjihwjtfkwegrjrymctnfixv/Build/Products/Debug/NIOPosix.swiftmodule/Project/arm64-apple-macos.swiftsourceinfo

SwiftDriver NIO normal arm64 com.apple.xcode.tools.swift.compiler (in target 'NIO' from project 'swift-nio')
    cd /Users/steipete/Projects/CodeLooper
    builtin-SwiftDriver -- /Applications/Xcode-beta.app/Contents/Developer/Toolchains/XcodeDefault.xctoolchain/usr/bin/swiftc -module-name NIO -Onone -enforce-exclusivity\=checked @/Users/steipete/Library/Developer/Xcode/DerivedData/CodeLooper-crrddjihwjtfkwegrjrymctnfixv/Build/Intermediates.noindex/swift-nio.build/Debug/NIO.build/Objects-normal/arm64/NIO.SwiftFileList -DSWIFT_PACKAGE -DDEBUG -DSWIFT_MODULE_RESOURCE_BUNDLE_UNAVAILABLE -Xcc -fmodule-map-file\=/Users/steipete/Library/Developer/Xcode/DerivedData/CodeLooper-crrddjihwjtfkwegrjrymctnfixv/Build/Intermediates.noindex/GeneratedModuleMaps/CNIOWASI.modulemap -Xcc -fmodule-map-file\=/Users/steipete/Library/Developer/Xcode/DerivedData/CodeLooper-crrddjihwjtfkwegrjrymctnfixv/Build/Intermediates.noindex/GeneratedModuleMaps/CNIOLinux.modulemap -Xcc -fmodule-map-file\=/Users/steipete/Library/Developer/Xcode/DerivedData/CodeLooper-crrddjihwjtfkwegrjrymctnfixv/Build/Intermediates.noindex/GeneratedModuleMaps/CNIODarwin.modulemap -Xcc -fmodule-map-file\=/Users/steipete/Library/Developer/Xcode/DerivedData/CodeLooper-crrddjihwjtfkwegrjrymctnfixv/Build/Intermediates.noindex/GeneratedModuleMaps/CNIOAtomics.modulemap -DXcode -enable-upcoming-feature StrictConcurrency -enable-upcoming-feature InferSendableFromCaptures -enable-upcoming-feature MemberImportVisibility -plugin-path /Applications/Xcode-beta.app/Contents/Developer/Toolchains/XcodeDefault.xctoolchain/usr/lib/swift/host/plugins/testing -enable-experimental-feature DebugDescriptionMacro -sdk /Applications/Xcode-beta.app/Contents/Developer/Platforms/MacOSX.platform/Developer/SDKs/MacOSX26.0.sdk -target arm64-apple-macos10.13 -g -module-cache-path /Users/steipete/Library/Developer/Xcode/DerivedData/ModuleCache.noindex -Xfrontend -serialize-debugging-options -profile-coverage-mapping -profile-generate -enable-testing -suppress-warnings -index-store-path /Users/steipete/Library/Developer/Xcode/DerivedData/CodeLooper-crrddjihwjtfkwegrjrymctnfixv/Index.noindex/DataStore -swift-version 5 -I /Users/steipete/Library/Developer/Xcode/DerivedData/CodeLooper-crrddjihwjtfkwegrjrymctnfixv/Build/Products/Debug -I /Applications/Xcode-beta.app/Contents/Developer/Platforms/MacOSX.platform/Developer/usr/lib -F /Users/steipete/Library/Developer/Xcode/DerivedData/CodeLooper-crrddjihwjtfkwegrjrymctnfixv/Build/Products/Debug/PackageFrameworks -F /Users/steipete/Library/Developer/Xcode/DerivedData/CodeLooper-crrddjihwjtfkwegrjrymctnfixv/Build/Products/Debug/PackageFrameworks -F /Users/steipete/Library/Developer/Xcode/DerivedData/CodeLooper-crrddjihwjtfkwegrjrymctnfixv/Build/Products/Debug/PackageFrameworks -F /Users/steipete/Library/Developer/Xcode/DerivedData/CodeLooper-crrddjihwjtfkwegrjrymctnfixv/Build/Products/Debug/PackageFrameworks -F /Users/steipete/Library/Developer/Xcode/DerivedData/CodeLooper-crrddjihwjtfkwegrjrymctnfixv/Build/Products/Debug/PackageFrameworks -F /Users/steipete/Library/Developer/Xcode/DerivedData/CodeLooper-crrddjihwjtfkwegrjrymctnfixv/Build/Products/Debug/PackageFrameworks -F /Users/steipete/Library/Developer/Xcode/DerivedData/CodeLooper-crrddjihwjtfkwegrjrymctnfixv/Build/Products/Debug/PackageFrameworks -F /Users/steipete/Library/Developer/Xcode/DerivedData/CodeLooper-crrddjihwjtfkwegrjrymctnfixv/Build/Products/Debug/PackageFrameworks -F /Users/steipete/Library/Developer/Xcode/DerivedData/CodeLooper-crrddjihwjtfkwegrjrymctnfixv/Build/Products/Debug/PackageFrameworks -F /Users/steipete/Library/Developer/Xcode/DerivedData/CodeLooper-crrddjihwjtfkwegrjrymctnfixv/Build/Products/Debug/PackageFrameworks -F /Users/steipete/Library/Developer/Xcode/DerivedData/CodeLooper-crrddjihwjtfkwegrjrymctnfixv/Build/Products/Debug/PackageFrameworks -F /Users/steipete/Library/Developer/Xcode/DerivedData/CodeLooper-crrddjihwjtfkwegrjrymctnfixv/Build/Products/Debug/PackageFrameworks -F /Users/steipete/Library/Developer/Xcode/DerivedData/CodeLooper-crrddjihwjtfkwegrjrymctnfixv/Build/Products/Debug/PackageFrameworks -F /Users/steipete/Library/Developer/Xcode/DerivedData/CodeLooper-crrddjihwjtfkwegrjrymctnfixv/Build/Products/Debug/PackageFrameworks -F /Users/steipete/Library/Developer/Xcode/DerivedData/CodeLooper-crrddjihwjtfkwegrjrymctnfixv/Build/Products/Debug/PackageFrameworks -F /Users/steipete/Library/Developer/Xcode/DerivedData/CodeLooper-crrddjihwjtfkwegrjrymctnfixv/Build/Products/Debug -F /Applications/Xcode-beta.app/Contents/Developer/Platforms/MacOSX.platform/Developer/Library/Frameworks -parse-as-library -c -j16 -enable-batch-mode -incremental -Xcc -ivfsstatcache -Xcc /Users/steipete/Library/Developer/Xcode/DerivedData/SDKStatCaches.noindex/macosx26.0-25A5279m-5d9328ff1a6613a11d359de947506b52.sdkstatcache -output-file-map /Users/steipete/Library/Developer/Xcode/DerivedData/CodeLooper-crrddjihwjtfkwegrjrymctnfixv/Build/Intermediates.noindex/swift-nio.build/Debug/NIO.build/Objects-normal/arm64/NIO-OutputFileMap.json -use-frontend-parseable-output -save-temps -no-color-diagnostics -explicit-module-build -module-cache-path /Users/steipete/Library/Developer/Xcode/DerivedData/CodeLooper-crrddjihwjtfkwegrjrymctnfixv/Build/Intermediates.noindex/SwiftExplicitPrecompiledModules -clang-scanner-module-cache-path /Users/steipete/Library/Developer/Xcode/DerivedData/ModuleCache.noindex -sdk-module-cache-path /Users/steipete/Library/Developer/Xcode/DerivedData/ModuleCache.noindex -serialize-diagnostics -emit-dependencies -emit-module -emit-module-path /Users/steipete/Library/Developer/Xcode/DerivedData/CodeLooper-crrddjihwjtfkwegrjrymctnfixv/Build/Intermediates.noindex/swift-nio.build/Debug/NIO.build/Objects-normal/arm64/NIO.swiftmodule -validate-clang-modules-once -clang-build-session-file /Users/steipete/Library/Developer/Xcode/DerivedData/ModuleCache.noindex/Session.modulevalidation -package-name swift_nio -Xcc -I/Users/steipete/Library/Developer/Xcode/DerivedData/CodeLooper-crrddjihwjtfkwegrjrymctnfixv/Build/Intermediates.noindex/swift-nio.build/Debug/NIO.build/swift-overrides.hmap -emit-const-values -Xfrontend -const-gather-protocols-file -Xfrontend /Users/steipete/Library/Developer/Xcode/DerivedData/CodeLooper-crrddjihwjtfkwegrjrymctnfixv/Build/Intermediates.noindex/swift-nio.build/Debug/NIO.build/Objects-normal/arm64/NIO_const_extract_protocols.json -Xcc -I/Users/steipete/Library/Developer/Xcode/DerivedData/CodeLooper-crrddjihwjtfkwegrjrymctnfixv/SourcePackages/checkouts/swift-atomics/Sources/_AtomicsShims/include -Xcc -I/Users/steipete/Library/Developer/Xcode/DerivedData/CodeLooper-crrddjihwjtfkwegrjrymctnfixv/SourcePackages/checkouts/swift-nio/Sources/CNIOWASI/include -Xcc -I/Users/steipete/Library/Developer/Xcode/DerivedData/CodeLooper-crrddjihwjtfkwegrjrymctnfixv/SourcePackages/checkouts/swift-nio/Sources/CNIOWindows/include -Xcc -I/Users/steipete/Library/Developer/Xcode/DerivedData/CodeLooper-crrddjihwjtfkwegrjrymctnfixv/SourcePackages/checkouts/swift-nio/Sources/CNIOLinux/include -Xcc -I/Users/steipete/Library/Developer/Xcode/DerivedData/CodeLooper-crrddjihwjtfkwegrjrymctnfixv/SourcePackages/checkouts/swift-nio/Sources/CNIODarwin/include -Xcc -I/Users/steipete/Library/Developer/Xcode/DerivedData/CodeLooper-crrddjihwjtfkwegrjrymctnfixv/SourcePackages/checkouts/swift-nio/Sources/CNIOAtomics/include -Xcc -I/Users/steipete/Library/Developer/Xcode/DerivedData/CodeLooper-crrddjihwjtfkwegrjrymctnfixv/Build/Products/Debug/include -Xcc -I/Users/steipete/Library/Developer/Xcode/DerivedData/CodeLooper-crrddjihwjtfkwegrjrymctnfixv/Build/Intermediates.noindex/swift-nio.build/Debug/NIO.build/DerivedSources-normal/arm64 -Xcc -I/Users/steipete/Library/Developer/Xcode/DerivedData/CodeLooper-crrddjihwjtfkwegrjrymctnfixv/Build/Intermediates.noindex/swift-nio.build/Debug/NIO.build/DerivedSources/arm64 -Xcc -I/Users/steipete/Library/Developer/Xcode/DerivedData/CodeLooper-crrddjihwjtfkwegrjrymctnfixv/Build/Intermediates.noindex/swift-nio.build/Debug/NIO.build/DerivedSources -Xcc -DSWIFT_PACKAGE -Xcc -DDEBUG\=1 -emit-objc-header -emit-objc-header-path /Users/steipete/Library/Developer/Xcode/DerivedData/CodeLooper-crrddjihwjtfkwegrjrymctnfixv/Build/Intermediates.noindex/swift-nio.build/Debug/NIO.build/Objects-normal/arm64/NIO-Swift.h -working-directory /Users/steipete/Projects/CodeLooper -experimental-emit-module-separately -disable-cmo

SwiftDriverJobDiscovery normal arm64 Compiling BaseSocket.swift, BaseSocketChannel+SocketOptionProvider.swift, BaseSocketChannel.swift, BaseStreamSocketChannel.swift (in target 'NIOPosix' from project 'swift-nio')

SwiftCompile normal arm64 Compiling\ Exports.swift /Users/steipete/Library/Developer/Xcode/DerivedData/CodeLooper-crrddjihwjtfkwegrjrymctnfixv/SourcePackages/checkouts/swift-nio/Sources/NIO/Exports.swift (in target 'NIO' from project 'swift-nio')

SwiftCompile normal arm64 /Users/steipete/Library/Developer/Xcode/DerivedData/CodeLooper-crrddjihwjtfkwegrjrymctnfixv/SourcePackages/checkouts/swift-nio/Sources/NIO/Exports.swift (in target 'NIO' from project 'swift-nio')
    cd /Users/steipete/Projects/CodeLooper
    

SwiftEmitModule normal arm64 Emitting\ module\ for\ NIO (in target 'NIO' from project 'swift-nio')

SwiftCompile normal arm64 /Users/steipete/Library/Developer/Xcode/DerivedData/CodeLooper-crrddjihwjtfkwegrjrymctnfixv/SourcePackages/checkouts/swift-nio/Sources/NIO/Exports.swift (in target 'NIO' from project 'swift-nio')
    cd /Users/steipete/Projects/CodeLooper
    

SwiftDriverJobDiscovery normal arm64 Emitting module for NIO (in target 'NIO' from project 'swift-nio')

SwiftDriver\ Compilation\ Requirements NIO normal arm64 com.apple.xcode.tools.swift.compiler (in target 'NIO' from project 'swift-nio')
    cd /Users/steipete/Projects/CodeLooper
    builtin-Swift-Compilation-Requirements -- /Applications/Xcode-beta.app/Contents/Developer/Toolchains/XcodeDefault.xctoolchain/usr/bin/swiftc -module-name NIO -Onone -enforce-exclusivity\=checked @/Users/steipete/Library/Developer/Xcode/DerivedData/CodeLooper-crrddjihwjtfkwegrjrymctnfixv/Build/Intermediates.noindex/swift-nio.build/Debug/NIO.build/Objects-normal/arm64/NIO.SwiftFileList -DSWIFT_PACKAGE -DDEBUG -DSWIFT_MODULE_RESOURCE_BUNDLE_UNAVAILABLE -Xcc -fmodule-map-file\=/Users/steipete/Library/Developer/Xcode/DerivedData/CodeLooper-crrddjihwjtfkwegrjrymctnfixv/Build/Intermediates.noindex/GeneratedModuleMaps/CNIOWASI.modulemap -Xcc -fmodule-map-file\=/Users/steipete/Library/Developer/Xcode/DerivedData/CodeLooper-crrddjihwjtfkwegrjrymctnfixv/Build/Intermediates.noindex/GeneratedModuleMaps/CNIOLinux.modulemap -Xcc -fmodule-map-file\=/Users/steipete/Library/Developer/Xcode/DerivedData/CodeLooper-crrddjihwjtfkwegrjrymctnfixv/Build/Intermediates.noindex/GeneratedModuleMaps/CNIODarwin.modulemap -Xcc -fmodule-map-file\=/Users/steipete/Library/Developer/Xcode/DerivedData/CodeLooper-crrddjihwjtfkwegrjrymctnfixv/Build/Intermediates.noindex/GeneratedModuleMaps/CNIOAtomics.modulemap -DXcode -enable-upcoming-feature StrictConcurrency -enable-upcoming-feature InferSendableFromCaptures -enable-upcoming-feature MemberImportVisibility -plugin-path /Applications/Xcode-beta.app/Contents/Developer/Toolchains/XcodeDefault.xctoolchain/usr/lib/swift/host/plugins/testing -enable-experimental-feature DebugDescriptionMacro -sdk /Applications/Xcode-beta.app/Contents/Developer/Platforms/MacOSX.platform/Developer/SDKs/MacOSX26.0.sdk -target arm64-apple-macos10.13 -g -module-cache-path /Users/steipete/Library/Developer/Xcode/DerivedData/ModuleCache.noindex -Xfrontend -serialize-debugging-options -profile-coverage-mapping -profile-generate -enable-testing -suppress-warnings -index-store-path /Users/steipete/Library/Developer/Xcode/DerivedData/CodeLooper-crrddjihwjtfkwegrjrymctnfixv/Index.noindex/DataStore -swift-version 5 -I /Users/steipete/Library/Developer/Xcode/DerivedData/CodeLooper-crrddjihwjtfkwegrjrymctnfixv/Build/Products/Debug -I /Applications/Xcode-beta.app/Contents/Developer/Platforms/MacOSX.platform/Developer/usr/lib -F /Users/steipete/Library/Developer/Xcode/DerivedData/CodeLooper-crrddjihwjtfkwegrjrymctnfixv/Build/Products/Debug/PackageFrameworks -F /Users/steipete/Library/Developer/Xcode/DerivedData/CodeLooper-crrddjihwjtfkwegrjrymctnfixv/Build/Products/Debug/PackageFrameworks -F /Users/steipete/Library/Developer/Xcode/DerivedData/CodeLooper-crrddjihwjtfkwegrjrymctnfixv/Build/Products/Debug/PackageFrameworks -F /Users/steipete/Library/Developer/Xcode/DerivedData/CodeLooper-crrddjihwjtfkwegrjrymctnfixv/Build/Products/Debug/PackageFrameworks -F /Users/steipete/Library/Developer/Xcode/DerivedData/CodeLooper-crrddjihwjtfkwegrjrymctnfixv/Build/Products/Debug/PackageFrameworks -F /Users/steipete/Library/Developer/Xcode/DerivedData/CodeLooper-crrddjihwjtfkwegrjrymctnfixv/Build/Products/Debug/PackageFrameworks -F /Users/steipete/Library/Developer/Xcode/DerivedData/CodeLooper-crrddjihwjtfkwegrjrymctnfixv/Build/Products/Debug/PackageFrameworks -F /Users/steipete/Library/Developer/Xcode/DerivedData/CodeLooper-crrddjihwjtfkwegrjrymctnfixv/Build/Products/Debug/PackageFrameworks -F /Users/steipete/Library/Developer/Xcode/DerivedData/CodeLooper-crrddjihwjtfkwegrjrymctnfixv/Build/Products/Debug/PackageFrameworks -F /Users/steipete/Library/Developer/Xcode/DerivedData/CodeLooper-crrddjihwjtfkwegrjrymctnfixv/Build/Products/Debug/PackageFrameworks -F /Users/steipete/Library/Developer/Xcode/DerivedData/CodeLooper-crrddjihwjtfkwegrjrymctnfixv/Build/Products/Debug/PackageFrameworks -F /Users/steipete/Library/Developer/Xcode/DerivedData/CodeLooper-crrddjihwjtfkwegrjrymctnfixv/Build/Products/Debug/PackageFrameworks -F /Users/steipete/Library/Developer/Xcode/DerivedData/CodeLooper-crrddjihwjtfkwegrjrymctnfixv/Build/Products/Debug/PackageFrameworks -F /Users/steipete/Library/Developer/Xcode/DerivedData/CodeLooper-crrddjihwjtfkwegrjrymctnfixv/Build/Products/Debug/PackageFrameworks -F /Users/steipete/Library/Developer/Xcode/DerivedData/CodeLooper-crrddjihwjtfkwegrjrymctnfixv/Build/Products/Debug/PackageFrameworks -F /Users/steipete/Library/Developer/Xcode/DerivedData/CodeLooper-crrddjihwjtfkwegrjrymctnfixv/Build/Products/Debug -F /Applications/Xcode-beta.app/Contents/Developer/Platforms/MacOSX.platform/Developer/Library/Frameworks -parse-as-library -c -j16 -enable-batch-mode -incremental -Xcc -ivfsstatcache -Xcc /Users/steipete/Library/Developer/Xcode/DerivedData/SDKStatCaches.noindex/macosx26.0-25A5279m-5d9328ff1a6613a11d359de947506b52.sdkstatcache -output-file-map /Users/steipete/Library/Developer/Xcode/DerivedData/CodeLooper-crrddjihwjtfkwegrjrymctnfixv/Build/Intermediates.noindex/swift-nio.build/Debug/NIO.build/Objects-normal/arm64/NIO-OutputFileMap.json -use-frontend-parseable-output -save-temps -no-color-diagnostics -explicit-module-build -module-cache-path /Users/steipete/Library/Developer/Xcode/DerivedData/CodeLooper-crrddjihwjtfkwegrjrymctnfixv/Build/Intermediates.noindex/SwiftExplicitPrecompiledModules -clang-scanner-module-cache-path /Users/steipete/Library/Developer/Xcode/DerivedData/ModuleCache.noindex -sdk-module-cache-path /Users/steipete/Library/Developer/Xcode/DerivedData/ModuleCache.noindex -serialize-diagnostics -emit-dependencies -emit-module -emit-module-path /Users/steipete/Library/Developer/Xcode/DerivedData/CodeLooper-crrddjihwjtfkwegrjrymctnfixv/Build/Intermediates.noindex/swift-nio.build/Debug/NIO.build/Objects-normal/arm64/NIO.swiftmodule -validate-clang-modules-once -clang-build-session-file /Users/steipete/Library/Developer/Xcode/DerivedData/ModuleCache.noindex/Session.modulevalidation -package-name swift_nio -Xcc -I/Users/steipete/Library/Developer/Xcode/DerivedData/CodeLooper-crrddjihwjtfkwegrjrymctnfixv/Build/Intermediates.noindex/swift-nio.build/Debug/NIO.build/swift-overrides.hmap -emit-const-values -Xfrontend -const-gather-protocols-file -Xfrontend /Users/steipete/Library/Developer/Xcode/DerivedData/CodeLooper-crrddjihwjtfkwegrjrymctnfixv/Build/Intermediates.noindex/swift-nio.build/Debug/NIO.build/Objects-normal/arm64/NIO_const_extract_protocols.json -Xcc -I/Users/steipete/Library/Developer/Xcode/DerivedData/CodeLooper-crrddjihwjtfkwegrjrymctnfixv/SourcePackages/checkouts/swift-atomics/Sources/_AtomicsShims/include -Xcc -I/Users/steipete/Library/Developer/Xcode/DerivedData/CodeLooper-crrddjihwjtfkwegrjrymctnfixv/SourcePackages/checkouts/swift-nio/Sources/CNIOWASI/include -Xcc -I/Users/steipete/Library/Developer/Xcode/DerivedData/CodeLooper-crrddjihwjtfkwegrjrymctnfixv/SourcePackages/checkouts/swift-nio/Sources/CNIOWindows/include -Xcc -I/Users/steipete/Library/Developer/Xcode/DerivedData/CodeLooper-crrddjihwjtfkwegrjrymctnfixv/SourcePackages/checkouts/swift-nio/Sources/CNIOLinux/include -Xcc -I/Users/steipete/Library/Developer/Xcode/DerivedData/CodeLooper-crrddjihwjtfkwegrjrymctnfixv/SourcePackages/checkouts/swift-nio/Sources/CNIODarwin/include -Xcc -I/Users/steipete/Library/Developer/Xcode/DerivedData/CodeLooper-crrddjihwjtfkwegrjrymctnfixv/SourcePackages/checkouts/swift-nio/Sources/CNIOAtomics/include -Xcc -I/Users/steipete/Library/Developer/Xcode/DerivedData/CodeLooper-crrddjihwjtfkwegrjrymctnfixv/Build/Products/Debug/include -Xcc -I/Users/steipete/Library/Developer/Xcode/DerivedData/CodeLooper-crrddjihwjtfkwegrjrymctnfixv/Build/Intermediates.noindex/swift-nio.build/Debug/NIO.build/DerivedSources-normal/arm64 -Xcc -I/Users/steipete/Library/Developer/Xcode/DerivedData/CodeLooper-crrddjihwjtfkwegrjrymctnfixv/Build/Intermediates.noindex/swift-nio.build/Debug/NIO.build/DerivedSources/arm64 -Xcc -I/Users/steipete/Library/Developer/Xcode/DerivedData/CodeLooper-crrddjihwjtfkwegrjrymctnfixv/Build/Intermediates.noindex/swift-nio.build/Debug/NIO.build/DerivedSources -Xcc -DSWIFT_PACKAGE -Xcc -DDEBUG\=1 -emit-objc-header -emit-objc-header-path /Users/steipete/Library/Developer/Xcode/DerivedData/CodeLooper-crrddjihwjtfkwegrjrymctnfixv/Build/Intermediates.noindex/swift-nio.build/Debug/NIO.build/Objects-normal/arm64/NIO-Swift.h -working-directory /Users/steipete/Projects/CodeLooper -experimental-emit-module-separately -disable-cmo

SwiftMergeGeneratedHeaders /Users/steipete/Library/Developer/Xcode/DerivedData/CodeLooper-crrddjihwjtfkwegrjrymctnfixv/Build/Intermediates.noindex/GeneratedModuleMaps/NIO-Swift.h /Users/steipete/Library/Developer/Xcode/DerivedData/CodeLooper-crrddjihwjtfkwegrjrymctnfixv/Build/Intermediates.noindex/swift-nio.build/Debug/NIO.build/Objects-normal/arm64/NIO-Swift.h (in target 'NIO' from project 'swift-nio')
    cd /Users/steipete/Library/Developer/Xcode/DerivedData/CodeLooper-crrddjihwjtfkwegrjrymctnfixv/SourcePackages/checkouts/swift-nio
    builtin-swiftHeaderTool -arch arm64 /Users/steipete/Library/Developer/Xcode/DerivedData/CodeLooper-crrddjihwjtfkwegrjrymctnfixv/Build/Intermediates.noindex/swift-nio.build/Debug/NIO.build/Objects-normal/arm64/NIO-Swift.h -o /Users/steipete/Library/Developer/Xcode/DerivedData/CodeLooper-crrddjihwjtfkwegrjrymctnfixv/Build/Intermediates.noindex/GeneratedModuleMaps/NIO-Swift.h

Copy /Users/steipete/Library/Developer/Xcode/DerivedData/CodeLooper-crrddjihwjtfkwegrjrymctnfixv/Build/Products/Debug/NIO.swiftmodule/arm64-apple-macos.abi.json /Users/steipete/Library/Developer/Xcode/DerivedData/CodeLooper-crrddjihwjtfkwegrjrymctnfixv/Build/Intermediates.noindex/swift-nio.build/Debug/NIO.build/Objects-normal/arm64/NIO.abi.json (in target 'NIO' from project 'swift-nio')
    cd /Users/steipete/Library/Developer/Xcode/DerivedData/CodeLooper-crrddjihwjtfkwegrjrymctnfixv/SourcePackages/checkouts/swift-nio
    builtin-copy -exclude .DS_Store -exclude CVS -exclude .svn -exclude .git -exclude .hg -resolve-src-symlinks -rename /Users/steipete/Library/Developer/Xcode/DerivedData/CodeLooper-crrddjihwjtfkwegrjrymctnfixv/Build/Intermediates.noindex/swift-nio.build/Debug/NIO.build/Objects-normal/arm64/NIO.abi.json /Users/steipete/Library/Developer/Xcode/DerivedData/CodeLooper-crrddjihwjtfkwegrjrymctnfixv/Build/Products/Debug/NIO.swiftmodule/arm64-apple-macos.abi.json

Copy /Users/steipete/Library/Developer/Xcode/DerivedData/CodeLooper-crrddjihwjtfkwegrjrymctnfixv/Build/Products/Debug/NIO.swiftmodule/arm64-apple-macos.swiftdoc /Users/steipete/Library/Developer/Xcode/DerivedData/CodeLooper-crrddjihwjtfkwegrjrymctnfixv/Build/Intermediates.noindex/swift-nio.build/Debug/NIO.build/Objects-normal/arm64/NIO.swiftdoc (in target 'NIO' from project 'swift-nio')
    cd /Users/steipete/Library/Developer/Xcode/DerivedData/CodeLooper-crrddjihwjtfkwegrjrymctnfixv/SourcePackages/checkouts/swift-nio
    builtin-copy -exclude .DS_Store -exclude CVS -exclude .svn -exclude .git -exclude .hg -resolve-src-symlinks -rename /Users/steipete/Library/Developer/Xcode/DerivedData/CodeLooper-crrddjihwjtfkwegrjrymctnfixv/Build/Intermediates.noindex/swift-nio.build/Debug/NIO.build/Objects-normal/arm64/NIO.swiftdoc /Users/steipete/Library/Developer/Xcode/DerivedData/CodeLooper-crrddjihwjtfkwegrjrymctnfixv/Build/Products/Debug/NIO.swiftmodule/arm64-apple-macos.swiftdoc

Copy /Users/steipete/Library/Developer/Xcode/DerivedData/CodeLooper-crrddjihwjtfkwegrjrymctnfixv/Build/Products/Debug/NIO.swiftmodule/arm64-apple-macos.swiftmodule /Users/steipete/Library/Developer/Xcode/DerivedData/CodeLooper-crrddjihwjtfkwegrjrymctnfixv/Build/Intermediates.noindex/swift-nio.build/Debug/NIO.build/Objects-normal/arm64/NIO.swiftmodule (in target 'NIO' from project 'swift-nio')
    cd /Users/steipete/Library/Developer/Xcode/DerivedData/CodeLooper-crrddjihwjtfkwegrjrymctnfixv/SourcePackages/checkouts/swift-nio
    builtin-copy -exclude .DS_Store -exclude CVS -exclude .svn -exclude .git -exclude .hg -resolve-src-symlinks -rename /Users/steipete/Library/Developer/Xcode/DerivedData/CodeLooper-crrddjihwjtfkwegrjrymctnfixv/Build/Intermediates.noindex/swift-nio.build/Debug/NIO.build/Objects-normal/arm64/NIO.swiftmodule /Users/steipete/Library/Developer/Xcode/DerivedData/CodeLooper-crrddjihwjtfkwegrjrymctnfixv/Build/Products/Debug/NIO.swiftmodule/arm64-apple-macos.swiftmodule

Copy /Users/steipete/Library/Developer/Xcode/DerivedData/CodeLooper-crrddjihwjtfkwegrjrymctnfixv/Build/Products/Debug/NIO.swiftmodule/Project/arm64-apple-macos.swiftsourceinfo /Users/steipete/Library/Developer/Xcode/DerivedData/CodeLooper-crrddjihwjtfkwegrjrymctnfixv/Build/Intermediates.noindex/swift-nio.build/Debug/NIO.build/Objects-normal/arm64/NIO.swiftsourceinfo (in target 'NIO' from project 'swift-nio')
    cd /Users/steipete/Library/Developer/Xcode/DerivedData/CodeLooper-crrddjihwjtfkwegrjrymctnfixv/SourcePackages/checkouts/swift-nio
    builtin-copy -exclude .DS_Store -exclude CVS -exclude .svn -exclude .git -exclude .hg -resolve-src-symlinks -rename /Users/steipete/Library/Developer/Xcode/DerivedData/CodeLooper-crrddjihwjtfkwegrjrymctnfixv/Build/Intermediates.noindex/swift-nio.build/Debug/NIO.build/Objects-normal/arm64/NIO.swiftsourceinfo /Users/steipete/Library/Developer/Xcode/DerivedData/CodeLooper-crrddjihwjtfkwegrjrymctnfixv/Build/Products/Debug/NIO.swiftmodule/Project/arm64-apple-macos.swiftsourceinfo

SwiftDriverJobDiscovery normal arm64 Compiling Exports.swift (in target 'NIO' from project 'swift-nio')

SwiftDriver\ Compilation NIO normal arm64 com.apple.xcode.tools.swift.compiler (in target 'NIO' from project 'swift-nio')
    cd /Users/steipete/Projects/CodeLooper
    builtin-Swift-Compilation -- /Applications/Xcode-beta.app/Contents/Developer/Toolchains/XcodeDefault.xctoolchain/usr/bin/swiftc -module-name NIO -Onone -enforce-exclusivity\=checked @/Users/steipete/Library/Developer/Xcode/DerivedData/CodeLooper-crrddjihwjtfkwegrjrymctnfixv/Build/Intermediates.noindex/swift-nio.build/Debug/NIO.build/Objects-normal/arm64/NIO.SwiftFileList -DSWIFT_PACKAGE -DDEBUG -DSWIFT_MODULE_RESOURCE_BUNDLE_UNAVAILABLE -Xcc -fmodule-map-file\=/Users/steipete/Library/Developer/Xcode/DerivedData/CodeLooper-crrddjihwjtfkwegrjrymctnfixv/Build/Intermediates.noindex/GeneratedModuleMaps/CNIOWASI.modulemap -Xcc -fmodule-map-file\=/Users/steipete/Library/Developer/Xcode/DerivedData/CodeLooper-crrddjihwjtfkwegrjrymctnfixv/Build/Intermediates.noindex/GeneratedModuleMaps/CNIOLinux.modulemap -Xcc -fmodule-map-file\=/Users/steipete/Library/Developer/Xcode/DerivedData/CodeLooper-crrddjihwjtfkwegrjrymctnfixv/Build/Intermediates.noindex/GeneratedModuleMaps/CNIODarwin.modulemap -Xcc -fmodule-map-file\=/Users/steipete/Library/Developer/Xcode/DerivedData/CodeLooper-crrddjihwjtfkwegrjrymctnfixv/Build/Intermediates.noindex/GeneratedModuleMaps/CNIOAtomics.modulemap -DXcode -enable-upcoming-feature StrictConcurrency -enable-upcoming-feature InferSendableFromCaptures -enable-upcoming-feature MemberImportVisibility -plugin-path /Applications/Xcode-beta.app/Contents/Developer/Toolchains/XcodeDefault.xctoolchain/usr/lib/swift/host/plugins/testing -enable-experimental-feature DebugDescriptionMacro -sdk /Applications/Xcode-beta.app/Contents/Developer/Platforms/MacOSX.platform/Developer/SDKs/MacOSX26.0.sdk -target arm64-apple-macos10.13 -g -module-cache-path /Users/steipete/Library/Developer/Xcode/DerivedData/ModuleCache.noindex -Xfrontend -serialize-debugging-options -profile-coverage-mapping -profile-generate -enable-testing -suppress-warnings -index-store-path /Users/steipete/Library/Developer/Xcode/DerivedData/CodeLooper-crrddjihwjtfkwegrjrymctnfixv/Index.noindex/DataStore -swift-version 5 -I /Users/steipete/Library/Developer/Xcode/DerivedData/CodeLooper-crrddjihwjtfkwegrjrymctnfixv/Build/Products/Debug -I /Applications/Xcode-beta.app/Contents/Developer/Platforms/MacOSX.platform/Developer/usr/lib -F /Users/steipete/Library/Developer/Xcode/DerivedData/CodeLooper-crrddjihwjtfkwegrjrymctnfixv/Build/Products/Debug/PackageFrameworks -F /Users/steipete/Library/Developer/Xcode/DerivedData/CodeLooper-crrddjihwjtfkwegrjrymctnfixv/Build/Products/Debug/PackageFrameworks -F /Users/steipete/Library/Developer/Xcode/DerivedData/CodeLooper-crrddjihwjtfkwegrjrymctnfixv/Build/Products/Debug/PackageFrameworks -F /Users/steipete/Library/Developer/Xcode/DerivedData/CodeLooper-crrddjihwjtfkwegrjrymctnfixv/Build/Products/Debug/PackageFrameworks -F /Users/steipete/Library/Developer/Xcode/DerivedData/CodeLooper-crrddjihwjtfkwegrjrymctnfixv/Build/Products/Debug/PackageFrameworks -F /Users/steipete/Library/Developer/Xcode/DerivedData/CodeLooper-crrddjihwjtfkwegrjrymctnfixv/Build/Products/Debug/PackageFrameworks -F /Users/steipete/Library/Developer/Xcode/DerivedData/CodeLooper-crrddjihwjtfkwegrjrymctnfixv/Build/Products/Debug/PackageFrameworks -F /Users/steipete/Library/Developer/Xcode/DerivedData/CodeLooper-crrddjihwjtfkwegrjrymctnfixv/Build/Products/Debug/PackageFrameworks -F /Users/steipete/Library/Developer/Xcode/DerivedData/CodeLooper-crrddjihwjtfkwegrjrymctnfixv/Build/Products/Debug/PackageFrameworks -F /Users/steipete/Library/Developer/Xcode/DerivedData/CodeLooper-crrddjihwjtfkwegrjrymctnfixv/Build/Products/Debug/PackageFrameworks -F /Users/steipete/Library/Developer/Xcode/DerivedData/CodeLooper-crrddjihwjtfkwegrjrymctnfixv/Build/Products/Debug/PackageFrameworks -F /Users/steipete/Library/Developer/Xcode/DerivedData/CodeLooper-crrddjihwjtfkwegrjrymctnfixv/Build/Products/Debug/PackageFrameworks -F /Users/steipete/Library/Developer/Xcode/DerivedData/CodeLooper-crrddjihwjtfkwegrjrymctnfixv/Build/Products/Debug/PackageFrameworks -F /Users/steipete/Library/Developer/Xcode/DerivedData/CodeLooper-crrddjihwjtfkwegrjrymctnfixv/Build/Products/Debug/PackageFrameworks -F /Users/steipete/Library/Developer/Xcode/DerivedData/CodeLooper-crrddjihwjtfkwegrjrymctnfixv/Build/Products/Debug/PackageFrameworks -F /Users/steipete/Library/Developer/Xcode/DerivedData/CodeLooper-crrddjihwjtfkwegrjrymctnfixv/Build/Products/Debug -F /Applications/Xcode-beta.app/Contents/Developer/Platforms/MacOSX.platform/Developer/Library/Frameworks -parse-as-library -c -j16 -enable-batch-mode -incremental -Xcc -ivfsstatcache -Xcc /Users/steipete/Library/Developer/Xcode/DerivedData/SDKStatCaches.noindex/macosx26.0-25A5279m-5d9328ff1a6613a11d359de947506b52.sdkstatcache -output-file-map /Users/steipete/Library/Developer/Xcode/DerivedData/CodeLooper-crrddjihwjtfkwegrjrymctnfixv/Build/Intermediates.noindex/swift-nio.build/Debug/NIO.build/Objects-normal/arm64/NIO-OutputFileMap.json -use-frontend-parseable-output -save-temps -no-color-diagnostics -explicit-module-build -module-cache-path /Users/steipete/Library/Developer/Xcode/DerivedData/CodeLooper-crrddjihwjtfkwegrjrymctnfixv/Build/Intermediates.noindex/SwiftExplicitPrecompiledModules -clang-scanner-module-cache-path /Users/steipete/Library/Developer/Xcode/DerivedData/ModuleCache.noindex -sdk-module-cache-path /Users/steipete/Library/Developer/Xcode/DerivedData/ModuleCache.noindex -serialize-diagnostics -emit-dependencies -emit-module -emit-module-path /Users/steipete/Library/Developer/Xcode/DerivedData/CodeLooper-crrddjihwjtfkwegrjrymctnfixv/Build/Intermediates.noindex/swift-nio.build/Debug/NIO.build/Objects-normal/arm64/NIO.swiftmodule -validate-clang-modules-once -clang-build-session-file /Users/steipete/Library/Developer/Xcode/DerivedData/ModuleCache.noindex/Session.modulevalidation -package-name swift_nio -Xcc -I/Users/steipete/Library/Developer/Xcode/DerivedData/CodeLooper-crrddjihwjtfkwegrjrymctnfixv/Build/Intermediates.noindex/swift-nio.build/Debug/NIO.build/swift-overrides.hmap -emit-const-values -Xfrontend -const-gather-protocols-file -Xfrontend /Users/steipete/Library/Developer/Xcode/DerivedData/CodeLooper-crrddjihwjtfkwegrjrymctnfixv/Build/Intermediates.noindex/swift-nio.build/Debug/NIO.build/Objects-normal/arm64/NIO_const_extract_protocols.json -Xcc -I/Users/steipete/Library/Developer/Xcode/DerivedData/CodeLooper-crrddjihwjtfkwegrjrymctnfixv/SourcePackages/checkouts/swift-atomics/Sources/_AtomicsShims/include -Xcc -I/Users/steipete/Library/Developer/Xcode/DerivedData/CodeLooper-crrddjihwjtfkwegrjrymctnfixv/SourcePackages/checkouts/swift-nio/Sources/CNIOWASI/include -Xcc -I/Users/steipete/Library/Developer/Xcode/DerivedData/CodeLooper-crrddjihwjtfkwegrjrymctnfixv/SourcePackages/checkouts/swift-nio/Sources/CNIOWindows/include -Xcc -I/Users/steipete/Library/Developer/Xcode/DerivedData/CodeLooper-crrddjihwjtfkwegrjrymctnfixv/SourcePackages/checkouts/swift-nio/Sources/CNIOLinux/include -Xcc -I/Users/steipete/Library/Developer/Xcode/DerivedData/CodeLooper-crrddjihwjtfkwegrjrymctnfixv/SourcePackages/checkouts/swift-nio/Sources/CNIODarwin/include -Xcc -I/Users/steipete/Library/Developer/Xcode/DerivedData/CodeLooper-crrddjihwjtfkwegrjrymctnfixv/SourcePackages/checkouts/swift-nio/Sources/CNIOAtomics/include -Xcc -I/Users/steipete/Library/Developer/Xcode/DerivedData/CodeLooper-crrddjihwjtfkwegrjrymctnfixv/Build/Products/Debug/include -Xcc -I/Users/steipete/Library/Developer/Xcode/DerivedData/CodeLooper-crrddjihwjtfkwegrjrymctnfixv/Build/Intermediates.noindex/swift-nio.build/Debug/NIO.build/DerivedSources-normal/arm64 -Xcc -I/Users/steipete/Library/Developer/Xcode/DerivedData/CodeLooper-crrddjihwjtfkwegrjrymctnfixv/Build/Intermediates.noindex/swift-nio.build/Debug/NIO.build/DerivedSources/arm64 -Xcc -I/Users/steipete/Library/Developer/Xcode/DerivedData/CodeLooper-crrddjihwjtfkwegrjrymctnfixv/Build/Intermediates.noindex/swift-nio.build/Debug/NIO.build/DerivedSources -Xcc -DSWIFT_PACKAGE -Xcc -DDEBUG\=1 -emit-objc-header -emit-objc-header-path /Users/steipete/Library/Developer/Xcode/DerivedData/CodeLooper-crrddjihwjtfkwegrjrymctnfixv/Build/Intermediates.noindex/swift-nio.build/Debug/NIO.build/Objects-normal/arm64/NIO-Swift.h -working-directory /Users/steipete/Projects/CodeLooper -experimental-emit-module-separately -disable-cmo

SwiftDriver NIOTLS normal arm64 com.apple.xcode.tools.swift.compiler (in target 'NIOTLS' from project 'swift-nio')
    cd /Users/steipete/Projects/CodeLooper
    builtin-SwiftDriver -- /Applications/Xcode-beta.app/Contents/Developer/Toolchains/XcodeDefault.xctoolchain/usr/bin/swiftc -module-name NIOTLS -Onone -enforce-exclusivity\=checked @/Users/steipete/Library/Developer/Xcode/DerivedData/CodeLooper-crrddjihwjtfkwegrjrymctnfixv/Build/Intermediates.noindex/swift-nio.build/Debug/NIOTLS.build/Objects-normal/arm64/NIOTLS.SwiftFileList -DSWIFT_PACKAGE -DDEBUG -DSWIFT_MODULE_RESOURCE_BUNDLE_UNAVAILABLE -Xcc -fmodule-map-file\=/Users/steipete/Library/Developer/Xcode/DerivedData/CodeLooper-crrddjihwjtfkwegrjrymctnfixv/Build/Intermediates.noindex/GeneratedModuleMaps/CNIOWASI.modulemap -Xcc -fmodule-map-file\=/Users/steipete/Library/Developer/Xcode/DerivedData/CodeLooper-crrddjihwjtfkwegrjrymctnfixv/Build/Intermediates.noindex/GeneratedModuleMaps/CNIOLinux.modulemap -Xcc -fmodule-map-file\=/Users/steipete/Library/Developer/Xcode/DerivedData/CodeLooper-crrddjihwjtfkwegrjrymctnfixv/Build/Intermediates.noindex/GeneratedModuleMaps/CNIODarwin.modulemap -Xcc -fmodule-map-file\=/Users/steipete/Library/Developer/Xcode/DerivedData/CodeLooper-crrddjihwjtfkwegrjrymctnfixv/Build/Intermediates.noindex/GeneratedModuleMaps/CNIOAtomics.modulemap -DXcode -enable-upcoming-feature StrictConcurrency -enable-upcoming-feature InferSendableFromCaptures -enable-upcoming-feature MemberImportVisibility -plugin-path /Applications/Xcode-beta.app/Contents/Developer/Toolchains/XcodeDefault.xctoolchain/usr/lib/swift/host/plugins/testing -enable-experimental-feature DebugDescriptionMacro -sdk /Applications/Xcode-beta.app/Contents/Developer/Platforms/MacOSX.platform/Developer/SDKs/MacOSX26.0.sdk -target arm64-apple-macos10.13 -g -module-cache-path /Users/steipete/Library/Developer/Xcode/DerivedData/ModuleCache.noindex -Xfrontend -serialize-debugging-options -profile-coverage-mapping -profile-generate -enable-testing -suppress-warnings -index-store-path /Users/steipete/Library/Developer/Xcode/DerivedData/CodeLooper-crrddjihwjtfkwegrjrymctnfixv/Index.noindex/DataStore -swift-version 5 -I /Users/steipete/Library/Developer/Xcode/DerivedData/CodeLooper-crrddjihwjtfkwegrjrymctnfixv/Build/Products/Debug -I /Applications/Xcode-beta.app/Contents/Developer/Platforms/MacOSX.platform/Developer/usr/lib -F /Users/steipete/Library/Developer/Xcode/DerivedData/CodeLooper-crrddjihwjtfkwegrjrymctnfixv/Build/Products/Debug/PackageFrameworks -F /Users/steipete/Library/Developer/Xcode/DerivedData/CodeLooper-crrddjihwjtfkwegrjrymctnfixv/Build/Products/Debug/PackageFrameworks -F /Users/steipete/Library/Developer/Xcode/DerivedData/CodeLooper-crrddjihwjtfkwegrjrymctnfixv/Build/Products/Debug/PackageFrameworks -F /Users/steipete/Library/Developer/Xcode/DerivedData/CodeLooper-crrddjihwjtfkwegrjrymctnfixv/Build/Products/Debug/PackageFrameworks -F /Users/steipete/Library/Developer/Xcode/DerivedData/CodeLooper-crrddjihwjtfkwegrjrymctnfixv/Build/Products/Debug/PackageFrameworks -F /Users/steipete/Library/Developer/Xcode/DerivedData/CodeLooper-crrddjihwjtfkwegrjrymctnfixv/Build/Products/Debug/PackageFrameworks -F /Users/steipete/Library/Developer/Xcode/DerivedData/CodeLooper-crrddjihwjtfkwegrjrymctnfixv/Build/Products/Debug/PackageFrameworks -F /Users/steipete/Library/Developer/Xcode/DerivedData/CodeLooper-crrddjihwjtfkwegrjrymctnfixv/Build/Products/Debug/PackageFrameworks -F /Users/steipete/Library/Developer/Xcode/DerivedData/CodeLooper-crrddjihwjtfkwegrjrymctnfixv/Build/Products/Debug/PackageFrameworks -F /Users/steipete/Library/Developer/Xcode/DerivedData/CodeLooper-crrddjihwjtfkwegrjrymctnfixv/Build/Products/Debug/PackageFrameworks -F /Users/steipete/Library/Developer/Xcode/DerivedData/CodeLooper-crrddjihwjtfkwegrjrymctnfixv/Build/Products/Debug/PackageFrameworks -F /Users/steipete/Library/Developer/Xcode/DerivedData/CodeLooper-crrddjihwjtfkwegrjrymctnfixv/Build/Products/Debug/PackageFrameworks -F /Users/steipete/Library/Developer/Xcode/DerivedData/CodeLooper-crrddjihwjtfkwegrjrymctnfixv/Build/Products/Debug/PackageFrameworks -F /Users/steipete/Library/Developer/Xcode/DerivedData/CodeLooper-crrddjihwjtfkwegrjrymctnfixv/Build/Products/Debug/PackageFrameworks -F /Users/steipete/Library/Developer/Xcode/DerivedData/CodeLooper-crrddjihwjtfkwegrjrymctnfixv/Build/Products/Debug/PackageFrameworks -F /Users/steipete/Library/Developer/Xcode/DerivedData/CodeLooper-crrddjihwjtfkwegrjrymctnfixv/Build/Products/Debug/PackageFrameworks -F /Users/steipete/Library/Developer/Xcode/DerivedData/CodeLooper-crrddjihwjtfkwegrjrymctnfixv/Build/Products/Debug -F /Applications/Xcode-beta.app/Contents/Developer/Platforms/MacOSX.platform/Developer/Library/Frameworks -c -j16 -enable-batch-mode -incremental -Xcc -ivfsstatcache -Xcc /Users/steipete/Library/Developer/Xcode/DerivedData/SDKStatCaches.noindex/macosx26.0-25A5279m-5d9328ff1a6613a11d359de947506b52.sdkstatcache -output-file-map /Users/steipete/Library/Developer/Xcode/DerivedData/CodeLooper-crrddjihwjtfkwegrjrymctnfixv/Build/Intermediates.noindex/swift-nio.build/Debug/NIOTLS.build/Objects-normal/arm64/NIOTLS-OutputFileMap.json -use-frontend-parseable-output -save-temps -no-color-diagnostics -explicit-module-build -module-cache-path /Users/steipete/Library/Developer/Xcode/DerivedData/CodeLooper-crrddjihwjtfkwegrjrymctnfixv/Build/Intermediates.noindex/SwiftExplicitPrecompiledModules -clang-scanner-module-cache-path /Users/steipete/Library/Developer/Xcode/DerivedData/ModuleCache.noindex -sdk-module-cache-path /Users/steipete/Library/Developer/Xcode/DerivedData/ModuleCache.noindex -serialize-diagnostics -emit-dependencies -emit-module -emit-module-path /Users/steipete/Library/Developer/Xcode/DerivedData/CodeLooper-crrddjihwjtfkwegrjrymctnfixv/Build/Intermediates.noindex/swift-nio.build/Debug/NIOTLS.build/Objects-normal/arm64/NIOTLS.swiftmodule -validate-clang-modules-once -clang-build-session-file /Users/steipete/Library/Developer/Xcode/DerivedData/ModuleCache.noindex/Session.modulevalidation -package-name swift_nio -Xcc -I/Users/steipete/Library/Developer/Xcode/DerivedData/CodeLooper-crrddjihwjtfkwegrjrymctnfixv/Build/Intermediates.noindex/swift-nio.build/Debug/NIOTLS.build/swift-overrides.hmap -emit-const-values -Xfrontend -const-gather-protocols-file -Xfrontend /Users/steipete/Library/Developer/Xcode/DerivedData/CodeLooper-crrddjihwjtfkwegrjrymctnfixv/Build/Intermediates.noindex/swift-nio.build/Debug/NIOTLS.build/Objects-normal/arm64/NIOTLS_const_extract_protocols.json -Xcc -I/Users/steipete/Library/Developer/Xcode/DerivedData/CodeLooper-crrddjihwjtfkwegrjrymctnfixv/SourcePackages/checkouts/swift-atomics/Sources/_AtomicsShims/include -Xcc -I/Users/steipete/Library/Developer/Xcode/DerivedData/CodeLooper-crrddjihwjtfkwegrjrymctnfixv/SourcePackages/checkouts/swift-nio/Sources/CNIOWASI/include -Xcc -I/Users/steipete/Library/Developer/Xcode/DerivedData/CodeLooper-crrddjihwjtfkwegrjrymctnfixv/SourcePackages/checkouts/swift-nio/Sources/CNIOWindows/include -Xcc -I/Users/steipete/Library/Developer/Xcode/DerivedData/CodeLooper-crrddjihwjtfkwegrjrymctnfixv/SourcePackages/checkouts/swift-nio/Sources/CNIOLinux/include -Xcc -I/Users/steipete/Library/Developer/Xcode/DerivedData/CodeLooper-crrddjihwjtfkwegrjrymctnfixv/SourcePackages/checkouts/swift-nio/Sources/CNIODarwin/include -Xcc -I/Users/steipete/Library/Developer/Xcode/DerivedData/CodeLooper-crrddjihwjtfkwegrjrymctnfixv/SourcePackages/checkouts/swift-nio/Sources/CNIOAtomics/include -Xcc -I/Users/steipete/Library/Developer/Xcode/DerivedData/CodeLooper-crrddjihwjtfkwegrjrymctnfixv/Build/Products/Debug/include -Xcc -I/Users/steipete/Library/Developer/Xcode/DerivedData/CodeLooper-crrddjihwjtfkwegrjrymctnfixv/Build/Intermediates.noindex/swift-nio.build/Debug/NIOTLS.build/DerivedSources-normal/arm64 -Xcc -I/Users/steipete/Library/Developer/Xcode/DerivedData/CodeLooper-crrddjihwjtfkwegrjrymctnfixv/Build/Intermediates.noindex/swift-nio.build/Debug/NIOTLS.build/DerivedSources/arm64 -Xcc -I/Users/steipete/Library/Developer/Xcode/DerivedData/CodeLooper-crrddjihwjtfkwegrjrymctnfixv/Build/Intermediates.noindex/swift-nio.build/Debug/NIOTLS.build/DerivedSources -Xcc -DSWIFT_PACKAGE -Xcc -DDEBUG\=1 -emit-objc-header -emit-objc-header-path /Users/steipete/Library/Developer/Xcode/DerivedData/CodeLooper-crrddjihwjtfkwegrjrymctnfixv/Build/Intermediates.noindex/swift-nio.build/Debug/NIOTLS.build/Objects-normal/arm64/NIOTLS-Swift.h -working-directory /Users/steipete/Projects/CodeLooper -experimental-emit-module-separately -disable-cmo

SwiftDriver NIOHTTP1 normal arm64 com.apple.xcode.tools.swift.compiler (in target 'NIOHTTP1' from project 'swift-nio')
    cd /Users/steipete/Projects/CodeLooper
    builtin-SwiftDriver -- /Applications/Xcode-beta.app/Contents/Developer/Toolchains/XcodeDefault.xctoolchain/usr/bin/swiftc -module-name NIOHTTP1 -Onone -enforce-exclusivity\=checked @/Users/steipete/Library/Developer/Xcode/DerivedData/CodeLooper-crrddjihwjtfkwegrjrymctnfixv/Build/Intermediates.noindex/swift-nio.build/Debug/NIOHTTP1.build/Objects-normal/arm64/NIOHTTP1.SwiftFileList -DSWIFT_PACKAGE -DDEBUG -DSWIFT_MODULE_RESOURCE_BUNDLE_UNAVAILABLE -Xcc -fmodule-map-file\=/Users/steipete/Library/Developer/Xcode/DerivedData/CodeLooper-crrddjihwjtfkwegrjrymctnfixv/Build/Intermediates.noindex/GeneratedModuleMaps/CNIOLLHTTP.modulemap -Xcc -fmodule-map-file\=/Users/steipete/Library/Developer/Xcode/DerivedData/CodeLooper-crrddjihwjtfkwegrjrymctnfixv/Build/Intermediates.noindex/GeneratedModuleMaps/CNIOWASI.modulemap -Xcc -fmodule-map-file\=/Users/steipete/Library/Developer/Xcode/DerivedData/CodeLooper-crrddjihwjtfkwegrjrymctnfixv/Build/Intermediates.noindex/GeneratedModuleMaps/CNIOLinux.modulemap -Xcc -fmodule-map-file\=/Users/steipete/Library/Developer/Xcode/DerivedData/CodeLooper-crrddjihwjtfkwegrjrymctnfixv/Build/Intermediates.noindex/GeneratedModuleMaps/CNIODarwin.modulemap -Xcc -fmodule-map-file\=/Users/steipete/Library/Developer/Xcode/DerivedData/CodeLooper-crrddjihwjtfkwegrjrymctnfixv/Build/Intermediates.noindex/GeneratedModuleMaps/CNIOAtomics.modulemap -DXcode -enable-upcoming-feature StrictConcurrency -enable-upcoming-feature InferSendableFromCaptures -enable-upcoming-feature MemberImportVisibility -plugin-path /Applications/Xcode-beta.app/Contents/Developer/Toolchains/XcodeDefault.xctoolchain/usr/lib/swift/host/plugins/testing -enable-experimental-feature DebugDescriptionMacro -sdk /Applications/Xcode-beta.app/Contents/Developer/Platforms/MacOSX.platform/Developer/SDKs/MacOSX26.0.sdk -target arm64-apple-macos10.13 -g -module-cache-path /Users/steipete/Library/Developer/Xcode/DerivedData/ModuleCache.noindex -Xfrontend -serialize-debugging-options -profile-coverage-mapping -profile-generate -enable-testing -suppress-warnings -index-store-path /Users/steipete/Library/Developer/Xcode/DerivedData/CodeLooper-crrddjihwjtfkwegrjrymctnfixv/Index.noindex/DataStore -swift-version 5 -I /Users/steipete/Library/Developer/Xcode/DerivedData/CodeLooper-crrddjihwjtfkwegrjrymctnfixv/Build/Products/Debug -I /Applications/Xcode-beta.app/Contents/Developer/Platforms/MacOSX.platform/Developer/usr/lib -F /Users/steipete/Library/Developer/Xcode/DerivedData/CodeLooper-crrddjihwjtfkwegrjrymctnfixv/Build/Products/Debug/PackageFrameworks -F /Users/steipete/Library/Developer/Xcode/DerivedData/CodeLooper-crrddjihwjtfkwegrjrymctnfixv/Build/Products/Debug/PackageFrameworks -F /Users/steipete/Library/Developer/Xcode/DerivedData/CodeLooper-crrddjihwjtfkwegrjrymctnfixv/Build/Products/Debug/PackageFrameworks -F /Users/steipete/Library/Developer/Xcode/DerivedData/CodeLooper-crrddjihwjtfkwegrjrymctnfixv/Build/Products/Debug/PackageFrameworks -F /Users/steipete/Library/Developer/Xcode/DerivedData/CodeLooper-crrddjihwjtfkwegrjrymctnfixv/Build/Products/Debug/PackageFrameworks -F /Users/steipete/Library/Developer/Xcode/DerivedData/CodeLooper-crrddjihwjtfkwegrjrymctnfixv/Build/Products/Debug/PackageFrameworks -F /Users/steipete/Library/Developer/Xcode/DerivedData/CodeLooper-crrddjihwjtfkwegrjrymctnfixv/Build/Products/Debug/PackageFrameworks -F /Users/steipete/Library/Developer/Xcode/DerivedData/CodeLooper-crrddjihwjtfkwegrjrymctnfixv/Build/Products/Debug/PackageFrameworks -F /Users/steipete/Library/Developer/Xcode/DerivedData/CodeLooper-crrddjihwjtfkwegrjrymctnfixv/Build/Products/Debug/PackageFrameworks -F /Users/steipete/Library/Developer/Xcode/DerivedData/CodeLooper-crrddjihwjtfkwegrjrymctnfixv/Build/Products/Debug/PackageFrameworks -F /Users/steipete/Library/Developer/Xcode/DerivedData/CodeLooper-crrddjihwjtfkwegrjrymctnfixv/Build/Products/Debug/PackageFrameworks -F /Users/steipete/Library/Developer/Xcode/DerivedData/CodeLooper-crrddjihwjtfkwegrjrymctnfixv/Build/Products/Debug/PackageFrameworks -F /Users/steipete/Library/Developer/Xcode/DerivedData/CodeLooper-crrddjihwjtfkwegrjrymctnfixv/Build/Products/Debug/PackageFrameworks -F /Users/steipete/Library/Developer/Xcode/DerivedData/CodeLooper-crrddjihwjtfkwegrjrymctnfixv/Build/Products/Debug/PackageFrameworks -F /Users/steipete/Library/Developer/Xcode/DerivedData/CodeLooper-crrddjihwjtfkwegrjrymctnfixv/Build/Products/Debug/PackageFrameworks -F /Users/steipete/Library/Developer/Xcode/DerivedData/CodeLooper-crrddjihwjtfkwegrjrymctnfixv/Build/Products/Debug/PackageFrameworks -F /Users/steipete/Library/Developer/Xcode/DerivedData/CodeLooper-crrddjihwjtfkwegrjrymctnfixv/Build/Products/Debug/PackageFrameworks -F /Users/steipete/Library/Developer/Xcode/DerivedData/CodeLooper-crrddjihwjtfkwegrjrymctnfixv/Build/Products/Debug -F /Applications/Xcode-beta.app/Contents/Developer/Platforms/MacOSX.platform/Developer/Library/Frameworks -c -j16 -enable-batch-mode -incremental -Xcc -ivfsstatcache -Xcc /Users/steipete/Library/Developer/Xcode/DerivedData/SDKStatCaches.noindex/macosx26.0-25A5279m-5d9328ff1a6613a11d359de947506b52.sdkstatcache -output-file-map /Users/steipete/Library/Developer/Xcode/DerivedData/CodeLooper-crrddjihwjtfkwegrjrymctnfixv/Build/Intermediates.noindex/swift-nio.build/Debug/NIOHTTP1.build/Objects-normal/arm64/NIOHTTP1-OutputFileMap.json -use-frontend-parseable-output -save-temps -no-color-diagnostics -explicit-module-build -module-cache-path /Users/steipete/Library/Developer/Xcode/DerivedData/CodeLooper-crrddjihwjtfkwegrjrymctnfixv/Build/Intermediates.noindex/SwiftExplicitPrecompiledModules -clang-scanner-module-cache-path /Users/steipete/Library/Developer/Xcode/DerivedData/ModuleCache.noindex -sdk-module-cache-path /Users/steipete/Library/Developer/Xcode/DerivedData/ModuleCache.noindex -serialize-diagnostics -emit-dependencies -emit-module -emit-module-path /Users/steipete/Library/Developer/Xcode/DerivedData/CodeLooper-crrddjihwjtfkwegrjrymctnfixv/Build/Intermediates.noindex/swift-nio.build/Debug/NIOHTTP1.build/Objects-normal/arm64/NIOHTTP1.swiftmodule -validate-clang-modules-once -clang-build-session-file /Users/steipete/Library/Developer/Xcode/DerivedData/ModuleCache.noindex/Session.modulevalidation -package-name swift_nio -Xcc -I/Users/steipete/Library/Developer/Xcode/DerivedData/CodeLooper-crrddjihwjtfkwegrjrymctnfixv/Build/Intermediates.noindex/swift-nio.build/Debug/NIOHTTP1.build/swift-overrides.hmap -emit-const-values -Xfrontend -const-gather-protocols-file -Xfrontend /Users/steipete/Library/Developer/Xcode/DerivedData/CodeLooper-crrddjihwjtfkwegrjrymctnfixv/Build/Intermediates.noindex/swift-nio.build/Debug/NIOHTTP1.build/Objects-normal/arm64/NIOHTTP1_const_extract_protocols.json -Xcc -I/Users/steipete/Library/Developer/Xcode/DerivedData/CodeLooper-crrddjihwjtfkwegrjrymctnfixv/SourcePackages/checkouts/swift-atomics/Sources/_AtomicsShims/include -Xcc -I/Users/steipete/Library/Developer/Xcode/DerivedData/CodeLooper-crrddjihwjtfkwegrjrymctnfixv/SourcePackages/checkouts/swift-nio/Sources/CNIOLLHTTP/include -Xcc -I/Users/steipete/Library/Developer/Xcode/DerivedData/CodeLooper-crrddjihwjtfkwegrjrymctnfixv/SourcePackages/checkouts/swift-nio/Sources/CNIOWASI/include -Xcc -I/Users/steipete/Library/Developer/Xcode/DerivedData/CodeLooper-crrddjihwjtfkwegrjrymctnfixv/SourcePackages/checkouts/swift-nio/Sources/CNIOWindows/include -Xcc -I/Users/steipete/Library/Developer/Xcode/DerivedData/CodeLooper-crrddjihwjtfkwegrjrymctnfixv/SourcePackages/checkouts/swift-nio/Sources/CNIOLinux/include -Xcc -I/Users/steipete/Library/Developer/Xcode/DerivedData/CodeLooper-crrddjihwjtfkwegrjrymctnfixv/SourcePackages/checkouts/swift-nio/Sources/CNIODarwin/include -Xcc -I/Users/steipete/Library/Developer/Xcode/DerivedData/CodeLooper-crrddjihwjtfkwegrjrymctnfixv/SourcePackages/checkouts/swift-nio/Sources/CNIOAtomics/include -Xcc -I/Users/steipete/Library/Developer/Xcode/DerivedData/CodeLooper-crrddjihwjtfkwegrjrymctnfixv/Build/Products/Debug/include -Xcc -I/Users/steipete/Library/Developer/Xcode/DerivedData/CodeLooper-crrddjihwjtfkwegrjrymctnfixv/Build/Intermediates.noindex/swift-nio.build/Debug/NIOHTTP1.build/DerivedSources-normal/arm64 -Xcc -I/Users/steipete/Library/Developer/Xcode/DerivedData/CodeLooper-crrddjihwjtfkwegrjrymctnfixv/Build/Intermediates.noindex/swift-nio.build/Debug/NIOHTTP1.build/DerivedSources/arm64 -Xcc -I/Users/steipete/Library/Developer/Xcode/DerivedData/CodeLooper-crrddjihwjtfkwegrjrymctnfixv/Build/Intermediates.noindex/swift-nio.build/Debug/NIOHTTP1.build/DerivedSources -Xcc -DSWIFT_PACKAGE -Xcc -DDEBUG\=1 -emit-objc-header -emit-objc-header-path /Users/steipete/Library/Developer/Xcode/DerivedData/CodeLooper-crrddjihwjtfkwegrjrymctnfixv/Build/Intermediates.noindex/swift-nio.build/Debug/NIOHTTP1.build/Objects-normal/arm64/NIOHTTP1-Swift.h -working-directory /Users/steipete/Projects/CodeLooper -experimental-emit-module-separately -disable-cmo

SwiftDriver NIOFoundationCompat normal arm64 com.apple.xcode.tools.swift.compiler (in target 'NIOFoundationCompat' from project 'swift-nio')
    cd /Users/steipete/Projects/CodeLooper
    builtin-SwiftDriver -- /Applications/Xcode-beta.app/Contents/Developer/Toolchains/XcodeDefault.xctoolchain/usr/bin/swiftc -module-name NIOFoundationCompat -Onone -enforce-exclusivity\=checked @/Users/steipete/Library/Developer/Xcode/DerivedData/CodeLooper-crrddjihwjtfkwegrjrymctnfixv/Build/Intermediates.noindex/swift-nio.build/Debug/NIOFoundationCompat.build/Objects-normal/arm64/NIOFoundationCompat.SwiftFileList -DSWIFT_PACKAGE -DDEBUG -DSWIFT_MODULE_RESOURCE_BUNDLE_UNAVAILABLE -Xcc -fmodule-map-file\=/Users/steipete/Library/Developer/Xcode/DerivedData/CodeLooper-crrddjihwjtfkwegrjrymctnfixv/Build/Intermediates.noindex/GeneratedModuleMaps/CNIOWASI.modulemap -Xcc -fmodule-map-file\=/Users/steipete/Library/Developer/Xcode/DerivedData/CodeLooper-crrddjihwjtfkwegrjrymctnfixv/Build/Intermediates.noindex/GeneratedModuleMaps/CNIOLinux.modulemap -Xcc -fmodule-map-file\=/Users/steipete/Library/Developer/Xcode/DerivedData/CodeLooper-crrddjihwjtfkwegrjrymctnfixv/Build/Intermediates.noindex/GeneratedModuleMaps/CNIODarwin.modulemap -Xcc -fmodule-map-file\=/Users/steipete/Library/Developer/Xcode/DerivedData/CodeLooper-crrddjihwjtfkwegrjrymctnfixv/Build/Intermediates.noindex/GeneratedModuleMaps/CNIOAtomics.modulemap -DXcode -enable-upcoming-feature StrictConcurrency -enable-upcoming-feature InferSendableFromCaptures -enable-upcoming-feature MemberImportVisibility -plugin-path /Applications/Xcode-beta.app/Contents/Developer/Toolchains/XcodeDefault.xctoolchain/usr/lib/swift/host/plugins/testing -enable-experimental-feature DebugDescriptionMacro -sdk /Applications/Xcode-beta.app/Contents/Developer/Platforms/MacOSX.platform/Developer/SDKs/MacOSX26.0.sdk -target arm64-apple-macos10.13 -g -module-cache-path /Users/steipete/Library/Developer/Xcode/DerivedData/ModuleCache.noindex -Xfrontend -serialize-debugging-options -profile-coverage-mapping -profile-generate -enable-testing -suppress-warnings -index-store-path /Users/steipete/Library/Developer/Xcode/DerivedData/CodeLooper-crrddjihwjtfkwegrjrymctnfixv/Index.noindex/DataStore -swift-version 5 -I /Users/steipete/Library/Developer/Xcode/DerivedData/CodeLooper-crrddjihwjtfkwegrjrymctnfixv/Build/Products/Debug -I /Applications/Xcode-beta.app/Contents/Developer/Platforms/MacOSX.platform/Developer/usr/lib -F /Users/steipete/Library/Developer/Xcode/DerivedData/CodeLooper-crrddjihwjtfkwegrjrymctnfixv/Build/Products/Debug/PackageFrameworks -F /Users/steipete/Library/Developer/Xcode/DerivedData/CodeLooper-crrddjihwjtfkwegrjrymctnfixv/Build/Products/Debug/PackageFrameworks -F /Users/steipete/Library/Developer/Xcode/DerivedData/CodeLooper-crrddjihwjtfkwegrjrymctnfixv/Build/Products/Debug/PackageFrameworks -F /Users/steipete/Library/Developer/Xcode/DerivedData/CodeLooper-crrddjihwjtfkwegrjrymctnfixv/Build/Products/Debug/PackageFrameworks -F /Users/steipete/Library/Developer/Xcode/DerivedData/CodeLooper-crrddjihwjtfkwegrjrymctnfixv/Build/Products/Debug/PackageFrameworks -F /Users/steipete/Library/Developer/Xcode/DerivedData/CodeLooper-crrddjihwjtfkwegrjrymctnfixv/Build/Products/Debug/PackageFrameworks -F /Users/steipete/Library/Developer/Xcode/DerivedData/CodeLooper-crrddjihwjtfkwegrjrymctnfixv/Build/Products/Debug/PackageFrameworks -F /Users/steipete/Library/Developer/Xcode/DerivedData/CodeLooper-crrddjihwjtfkwegrjrymctnfixv/Build/Products/Debug/PackageFrameworks -F /Users/steipete/Library/Developer/Xcode/DerivedData/CodeLooper-crrddjihwjtfkwegrjrymctnfixv/Build/Products/Debug/PackageFrameworks -F /Users/steipete/Library/Developer/Xcode/DerivedData/CodeLooper-crrddjihwjtfkwegrjrymctnfixv/Build/Products/Debug/PackageFrameworks -F /Users/steipete/Library/Developer/Xcode/DerivedData/CodeLooper-crrddjihwjtfkwegrjrymctnfixv/Build/Products/Debug/PackageFrameworks -F /Users/steipete/Library/Developer/Xcode/DerivedData/CodeLooper-crrddjihwjtfkwegrjrymctnfixv/Build/Products/Debug/PackageFrameworks -F /Users/steipete/Library/Developer/Xcode/DerivedData/CodeLooper-crrddjihwjtfkwegrjrymctnfixv/Build/Products/Debug/PackageFrameworks -F /Users/steipete/Library/Developer/Xcode/DerivedData/CodeLooper-crrddjihwjtfkwegrjrymctnfixv/Build/Products/Debug/PackageFrameworks -F /Users/steipete/Library/Developer/Xcode/DerivedData/CodeLooper-crrddjihwjtfkwegrjrymctnfixv/Build/Products/Debug/PackageFrameworks -F /Users/steipete/Library/Developer/Xcode/DerivedData/CodeLooper-crrddjihwjtfkwegrjrymctnfixv/Build/Products/Debug/PackageFrameworks -F /Users/steipete/Library/Developer/Xcode/DerivedData/CodeLooper-crrddjihwjtfkwegrjrymctnfixv/Build/Products/Debug -F /Applications/Xcode-beta.app/Contents/Developer/Platforms/MacOSX.platform/Developer/Library/Frameworks -c -j16 -enable-batch-mode -incremental -Xcc -ivfsstatcache -Xcc /Users/steipete/Library/Developer/Xcode/DerivedData/SDKStatCaches.noindex/macosx26.0-25A5279m-5d9328ff1a6613a11d359de947506b52.sdkstatcache -output-file-map /Users/steipete/Library/Developer/Xcode/DerivedData/CodeLooper-crrddjihwjtfkwegrjrymctnfixv/Build/Intermediates.noindex/swift-nio.build/Debug/NIOFoundationCompat.build/Objects-normal/arm64/NIOFoundationCompat-OutputFileMap.json -use-frontend-parseable-output -save-temps -no-color-diagnostics -explicit-module-build -module-cache-path /Users/steipete/Library/Developer/Xcode/DerivedData/CodeLooper-crrddjihwjtfkwegrjrymctnfixv/Build/Intermediates.noindex/SwiftExplicitPrecompiledModules -clang-scanner-module-cache-path /Users/steipete/Library/Developer/Xcode/DerivedData/ModuleCache.noindex -sdk-module-cache-path /Users/steipete/Library/Developer/Xcode/DerivedData/ModuleCache.noindex -serialize-diagnostics -emit-dependencies -emit-module -emit-module-path /Users/steipete/Library/Developer/Xcode/DerivedData/CodeLooper-crrddjihwjtfkwegrjrymctnfixv/Build/Intermediates.noindex/swift-nio.build/Debug/NIOFoundationCompat.build/Objects-normal/arm64/NIOFoundationCompat.swiftmodule -validate-clang-modules-once -clang-build-session-file /Users/steipete/Library/Developer/Xcode/DerivedData/ModuleCache.noindex/Session.modulevalidation -package-name swift_nio -Xcc -I/Users/steipete/Library/Developer/Xcode/DerivedData/CodeLooper-crrddjihwjtfkwegrjrymctnfixv/Build/Intermediates.noindex/swift-nio.build/Debug/NIOFoundationCompat.build/swift-overrides.hmap -emit-const-values -Xfrontend -const-gather-protocols-file -Xfrontend /Users/steipete/Library/Developer/Xcode/DerivedData/CodeLooper-crrddjihwjtfkwegrjrymctnfixv/Build/Intermediates.noindex/swift-nio.build/Debug/NIOFoundationCompat.build/Objects-normal/arm64/NIOFoundationCompat_const_extract_protocols.json -Xcc -I/Users/steipete/Library/Developer/Xcode/DerivedData/CodeLooper-crrddjihwjtfkwegrjrymctnfixv/SourcePackages/checkouts/swift-atomics/Sources/_AtomicsShims/include -Xcc -I/Users/steipete/Library/Developer/Xcode/DerivedData/CodeLooper-crrddjihwjtfkwegrjrymctnfixv/SourcePackages/checkouts/swift-nio/Sources/CNIOWASI/include -Xcc -I/Users/steipete/Library/Developer/Xcode/DerivedData/CodeLooper-crrddjihwjtfkwegrjrymctnfixv/SourcePackages/checkouts/swift-nio/Sources/CNIOWindows/include -Xcc -I/Users/steipete/Library/Developer/Xcode/DerivedData/CodeLooper-crrddjihwjtfkwegrjrymctnfixv/SourcePackages/checkouts/swift-nio/Sources/CNIOLinux/include -Xcc -I/Users/steipete/Library/Developer/Xcode/DerivedData/CodeLooper-crrddjihwjtfkwegrjrymctnfixv/SourcePackages/checkouts/swift-nio/Sources/CNIODarwin/include -Xcc -I/Users/steipete/Library/Developer/Xcode/DerivedData/CodeLooper-crrddjihwjtfkwegrjrymctnfixv/SourcePackages/checkouts/swift-nio/Sources/CNIOAtomics/include -Xcc -I/Users/steipete/Library/Developer/Xcode/DerivedData/CodeLooper-crrddjihwjtfkwegrjrymctnfixv/Build/Products/Debug/include -Xcc -I/Users/steipete/Library/Developer/Xcode/DerivedData/CodeLooper-crrddjihwjtfkwegrjrymctnfixv/Build/Intermediates.noindex/swift-nio.build/Debug/NIOFoundationCompat.build/DerivedSources-normal/arm64 -Xcc -I/Users/steipete/Library/Developer/Xcode/DerivedData/CodeLooper-crrddjihwjtfkwegrjrymctnfixv/Build/Intermediates.noindex/swift-nio.build/Debug/NIOFoundationCompat.build/DerivedSources/arm64 -Xcc -I/Users/steipete/Library/Developer/Xcode/DerivedData/CodeLooper-crrddjihwjtfkwegrjrymctnfixv/Build/Intermediates.noindex/swift-nio.build/Debug/NIOFoundationCompat.build/DerivedSources -Xcc -DSWIFT_PACKAGE -Xcc -DDEBUG\=1 -emit-objc-header -emit-objc-header-path /Users/steipete/Library/Developer/Xcode/DerivedData/CodeLooper-crrddjihwjtfkwegrjrymctnfixv/Build/Intermediates.noindex/swift-nio.build/Debug/NIOFoundationCompat.build/Objects-normal/arm64/NIOFoundationCompat-Swift.h -working-directory /Users/steipete/Projects/CodeLooper -experimental-emit-module-separately -disable-cmo

SwiftDriverJobDiscovery normal arm64 Compiling Bootstrap.swift, ControlMessage.swift, DatagramVectorReadManager.swift, Errors+Any.swift (in target 'NIOPosix' from project 'swift-nio')

SwiftCompile normal arm64 Compiling\ NIOTypedApplicationProtocolNegotiationHandler.swift /Users/steipete/Library/Developer/Xcode/DerivedData/CodeLooper-crrddjihwjtfkwegrjrymctnfixv/SourcePackages/checkouts/swift-nio/Sources/NIOTLS/NIOTypedApplicationProtocolNegotiationHandler.swift (in target 'NIOTLS' from project 'swift-nio')

SwiftCompile normal arm64 /Users/steipete/Library/Developer/Xcode/DerivedData/CodeLooper-crrddjihwjtfkwegrjrymctnfixv/SourcePackages/checkouts/swift-nio/Sources/NIOTLS/NIOTypedApplicationProtocolNegotiationHandler.swift (in target 'NIOTLS' from project 'swift-nio')
    cd /Users/steipete/Projects/CodeLooper
    

SwiftCompile normal arm64 Compiling\ ProtocolNegotiationHandlerStateMachine.swift /Users/steipete/Library/Developer/Xcode/DerivedData/CodeLooper-crrddjihwjtfkwegrjrymctnfixv/SourcePackages/checkouts/swift-nio/Sources/NIOTLS/ProtocolNegotiationHandlerStateMachine.swift (in target 'NIOTLS' from project 'swift-nio')

SwiftCompile normal arm64 /Users/steipete/Library/Developer/Xcode/DerivedData/CodeLooper-crrddjihwjtfkwegrjrymctnfixv/SourcePackages/checkouts/swift-nio/Sources/NIOTLS/ProtocolNegotiationHandlerStateMachine.swift (in target 'NIOTLS' from project 'swift-nio')
    cd /Users/steipete/Projects/CodeLooper
    

SwiftCompile normal arm64 Compiling\ TLSEvents.swift /Users/steipete/Library/Developer/Xcode/DerivedData/CodeLooper-crrddjihwjtfkwegrjrymctnfixv/SourcePackages/checkouts/swift-nio/Sources/NIOTLS/TLSEvents.swift (in target 'NIOTLS' from project 'swift-nio')

SwiftCompile normal arm64 /Users/steipete/Library/Developer/Xcode/DerivedData/CodeLooper-crrddjihwjtfkwegrjrymctnfixv/SourcePackages/checkouts/swift-nio/Sources/NIOTLS/TLSEvents.swift (in target 'NIOTLS' from project 'swift-nio')
    cd /Users/steipete/Projects/CodeLooper
    

SwiftEmitModule normal arm64 Emitting\ module\ for\ NIOTLS (in target 'NIOTLS' from project 'swift-nio')

EmitSwiftModule normal arm64 (in target 'NIOTLS' from project 'swift-nio')
    cd /Users/steipete/Projects/CodeLooper
    

SwiftCompile normal arm64 Compiling\ SNIHandler.swift /Users/steipete/Library/Developer/Xcode/DerivedData/CodeLooper-crrddjihwjtfkwegrjrymctnfixv/SourcePackages/checkouts/swift-nio/Sources/NIOTLS/SNIHandler.swift (in target 'NIOTLS' from project 'swift-nio')

SwiftCompile normal arm64 /Users/steipete/Library/Developer/Xcode/DerivedData/CodeLooper-crrddjihwjtfkwegrjrymctnfixv/SourcePackages/checkouts/swift-nio/Sources/NIOTLS/SNIHandler.swift (in target 'NIOTLS' from project 'swift-nio')
    cd /Users/steipete/Projects/CodeLooper
    

SwiftCompile normal arm64 Compiling\ ApplicationProtocolNegotiationHandler.swift /Users/steipete/Library/Developer/Xcode/DerivedData/CodeLooper-crrddjihwjtfkwegrjrymctnfixv/SourcePackages/checkouts/swift-nio/Sources/NIOTLS/ApplicationProtocolNegotiationHandler.swift (in target 'NIOTLS' from project 'swift-nio')

SwiftCompile normal arm64 /Users/steipete/Library/Developer/Xcode/DerivedData/CodeLooper-crrddjihwjtfkwegrjrymctnfixv/SourcePackages/checkouts/swift-nio/Sources/NIOTLS/ApplicationProtocolNegotiationHandler.swift (in target 'NIOTLS' from project 'swift-nio')
    cd /Users/steipete/Projects/CodeLooper
    

SwiftCompile normal arm64 Compiling\ Codable+ByteBuffer.swift /Users/steipete/Library/Developer/Xcode/DerivedData/CodeLooper-crrddjihwjtfkwegrjrymctnfixv/SourcePackages/checkouts/swift-nio/Sources/NIOFoundationCompat/Codable+ByteBuffer.swift (in target 'NIOFoundationCompat' from project 'swift-nio')

SwiftCompile normal arm64 /Users/steipete/Library/Developer/Xcode/DerivedData/CodeLooper-crrddjihwjtfkwegrjrymctnfixv/SourcePackages/checkouts/swift-nio/Sources/NIOFoundationCompat/Codable+ByteBuffer.swift (in target 'NIOFoundationCompat' from project 'swift-nio')
    cd /Users/steipete/Projects/CodeLooper
    

SwiftCompile normal arm64 Compiling\ WaitSpinningRunLoop.swift /Users/steipete/Library/Developer/Xcode/DerivedData/CodeLooper-crrddjihwjtfkwegrjrymctnfixv/SourcePackages/checkouts/swift-nio/Sources/NIOFoundationCompat/WaitSpinningRunLoop.swift (in target 'NIOFoundationCompat' from project 'swift-nio')

SwiftCompile normal arm64 /Users/steipete/Library/Developer/Xcode/DerivedData/CodeLooper-crrddjihwjtfkwegrjrymctnfixv/SourcePackages/checkouts/swift-nio/Sources/NIOFoundationCompat/WaitSpinningRunLoop.swift (in target 'NIOFoundationCompat' from project 'swift-nio')
    cd /Users/steipete/Projects/CodeLooper
    

SwiftCompile normal arm64 Compiling\ JSONSerialization+ByteBuffer.swift /Users/steipete/Library/Developer/Xcode/DerivedData/CodeLooper-crrddjihwjtfkwegrjrymctnfixv/SourcePackages/checkouts/swift-nio/Sources/NIOFoundationCompat/JSONSerialization+ByteBuffer.swift (in target 'NIOFoundationCompat' from project 'swift-nio')

SwiftCompile normal arm64 /Users/steipete/Library/Developer/Xcode/DerivedData/CodeLooper-crrddjihwjtfkwegrjrymctnfixv/SourcePackages/checkouts/swift-nio/Sources/NIOFoundationCompat/JSONSerialization+ByteBuffer.swift (in target 'NIOFoundationCompat' from project 'swift-nio')
    cd /Users/steipete/Projects/CodeLooper
    

SwiftEmitModule normal arm64 Emitting\ module\ for\ NIOFoundationCompat (in target 'NIOFoundationCompat' from project 'swift-nio')

EmitSwiftModule normal arm64 (in target 'NIOFoundationCompat' from project 'swift-nio')
    cd /Users/steipete/Projects/CodeLooper
    

SwiftCompile normal arm64 Compiling\ ByteBuffer-foundation.swift /Users/steipete/Library/Developer/Xcode/DerivedData/CodeLooper-crrddjihwjtfkwegrjrymctnfixv/SourcePackages/checkouts/swift-nio/Sources/NIOFoundationCompat/ByteBuffer-foundation.swift (in target 'NIOFoundationCompat' from project 'swift-nio')

SwiftCompile normal arm64 /Users/steipete/Library/Developer/Xcode/DerivedData/CodeLooper-crrddjihwjtfkwegrjrymctnfixv/SourcePackages/checkouts/swift-nio/Sources/NIOFoundationCompat/ByteBuffer-foundation.swift (in target 'NIOFoundationCompat' from project 'swift-nio')
    cd /Users/steipete/Projects/CodeLooper
    

SwiftExplicitDependencyGeneratePcm arm64 /Users/steipete/Library/Developer/Xcode/DerivedData/CodeLooper-crrddjihwjtfkwegrjrymctnfixv/Build/Intermediates.noindex/SwiftExplicitPrecompiledModules/CNIOLLHTTP-CAYUOCYN0D9XHCL1KBUD6M3PS.pcm

SwiftDriverJobDiscovery normal arm64 Emitting module for NIOTLS (in target 'NIOTLS' from project 'swift-nio')

SwiftDriver\ Compilation\ Requirements NIOTLS normal arm64 com.apple.xcode.tools.swift.compiler (in target 'NIOTLS' from project 'swift-nio')
    cd /Users/steipete/Projects/CodeLooper
    builtin-Swift-Compilation-Requirements -- /Applications/Xcode-beta.app/Contents/Developer/Toolchains/XcodeDefault.xctoolchain/usr/bin/swiftc -module-name NIOTLS -Onone -enforce-exclusivity\=checked @/Users/steipete/Library/Developer/Xcode/DerivedData/CodeLooper-crrddjihwjtfkwegrjrymctnfixv/Build/Intermediates.noindex/swift-nio.build/Debug/NIOTLS.build/Objects-normal/arm64/NIOTLS.SwiftFileList -DSWIFT_PACKAGE -DDEBUG -DSWIFT_MODULE_RESOURCE_BUNDLE_UNAVAILABLE -Xcc -fmodule-map-file\=/Users/steipete/Library/Developer/Xcode/DerivedData/CodeLooper-crrddjihwjtfkwegrjrymctnfixv/Build/Intermediates.noindex/GeneratedModuleMaps/CNIOWASI.modulemap -Xcc -fmodule-map-file\=/Users/steipete/Library/Developer/Xcode/DerivedData/CodeLooper-crrddjihwjtfkwegrjrymctnfixv/Build/Intermediates.noindex/GeneratedModuleMaps/CNIOLinux.modulemap -Xcc -fmodule-map-file\=/Users/steipete/Library/Developer/Xcode/DerivedData/CodeLooper-crrddjihwjtfkwegrjrymctnfixv/Build/Intermediates.noindex/GeneratedModuleMaps/CNIODarwin.modulemap -Xcc -fmodule-map-file\=/Users/steipete/Library/Developer/Xcode/DerivedData/CodeLooper-crrddjihwjtfkwegrjrymctnfixv/Build/Intermediates.noindex/GeneratedModuleMaps/CNIOAtomics.modulemap -DXcode -enable-upcoming-feature StrictConcurrency -enable-upcoming-feature InferSendableFromCaptures -enable-upcoming-feature MemberImportVisibility -plugin-path /Applications/Xcode-beta.app/Contents/Developer/Toolchains/XcodeDefault.xctoolchain/usr/lib/swift/host/plugins/testing -enable-experimental-feature DebugDescriptionMacro -sdk /Applications/Xcode-beta.app/Contents/Developer/Platforms/MacOSX.platform/Developer/SDKs/MacOSX26.0.sdk -target arm64-apple-macos10.13 -g -module-cache-path /Users/steipete/Library/Developer/Xcode/DerivedData/ModuleCache.noindex -Xfrontend -serialize-debugging-options -profile-coverage-mapping -profile-generate -enable-testing -suppress-warnings -index-store-path /Users/steipete/Library/Developer/Xcode/DerivedData/CodeLooper-crrddjihwjtfkwegrjrymctnfixv/Index.noindex/DataStore -swift-version 5 -I /Users/steipete/Library/Developer/Xcode/DerivedData/CodeLooper-crrddjihwjtfkwegrjrymctnfixv/Build/Products/Debug -I /Applications/Xcode-beta.app/Contents/Developer/Platforms/MacOSX.platform/Developer/usr/lib -F /Users/steipete/Library/Developer/Xcode/DerivedData/CodeLooper-crrddjihwjtfkwegrjrymctnfixv/Build/Products/Debug/PackageFrameworks -F /Users/steipete/Library/Developer/Xcode/DerivedData/CodeLooper-crrddjihwjtfkwegrjrymctnfixv/Build/Products/Debug/PackageFrameworks -F /Users/steipete/Library/Developer/Xcode/DerivedData/CodeLooper-crrddjihwjtfkwegrjrymctnfixv/Build/Products/Debug/PackageFrameworks -F /Users/steipete/Library/Developer/Xcode/DerivedData/CodeLooper-crrddjihwjtfkwegrjrymctnfixv/Build/Products/Debug/PackageFrameworks -F /Users/steipete/Library/Developer/Xcode/DerivedData/CodeLooper-crrddjihwjtfkwegrjrymctnfixv/Build/Products/Debug/PackageFrameworks -F /Users/steipete/Library/Developer/Xcode/DerivedData/CodeLooper-crrddjihwjtfkwegrjrymctnfixv/Build/Products/Debug/PackageFrameworks -F /Users/steipete/Library/Developer/Xcode/DerivedData/CodeLooper-crrddjihwjtfkwegrjrymctnfixv/Build/Products/Debug/PackageFrameworks -F /Users/steipete/Library/Developer/Xcode/DerivedData/CodeLooper-crrddjihwjtfkwegrjrymctnfixv/Build/Products/Debug/PackageFrameworks -F /Users/steipete/Library/Developer/Xcode/DerivedData/CodeLooper-crrddjihwjtfkwegrjrymctnfixv/Build/Products/Debug/PackageFrameworks -F /Users/steipete/Library/Developer/Xcode/DerivedData/CodeLooper-crrddjihwjtfkwegrjrymctnfixv/Build/Products/Debug/PackageFrameworks -F /Users/steipete/Library/Developer/Xcode/DerivedData/CodeLooper-crrddjihwjtfkwegrjrymctnfixv/Build/Products/Debug/PackageFrameworks -F /Users/steipete/Library/Developer/Xcode/DerivedData/CodeLooper-crrddjihwjtfkwegrjrymctnfixv/Build/Products/Debug/PackageFrameworks -F /Users/steipete/Library/Developer/Xcode/DerivedData/CodeLooper-crrddjihwjtfkwegrjrymctnfixv/Build/Products/Debug/PackageFrameworks -F /Users/steipete/Library/Developer/Xcode/DerivedData/CodeLooper-crrddjihwjtfkwegrjrymctnfixv/Build/Products/Debug/PackageFrameworks -F /Users/steipete/Library/Developer/Xcode/DerivedData/CodeLooper-crrddjihwjtfkwegrjrymctnfixv/Build/Products/Debug/PackageFrameworks -F /Users/steipete/Library/Developer/Xcode/DerivedData/CodeLooper-crrddjihwjtfkwegrjrymctnfixv/Build/Products/Debug/PackageFrameworks -F /Users/steipete/Library/Developer/Xcode/DerivedData/CodeLooper-crrddjihwjtfkwegrjrymctnfixv/Build/Products/Debug -F /Applications/Xcode-beta.app/Contents/Developer/Platforms/MacOSX.platform/Developer/Library/Frameworks -c -j16 -enable-batch-mode -incremental -Xcc -ivfsstatcache -Xcc /Users/steipete/Library/Developer/Xcode/DerivedData/SDKStatCaches.noindex/macosx26.0-25A5279m-5d9328ff1a6613a11d359de947506b52.sdkstatcache -output-file-map /Users/steipete/Library/Developer/Xcode/DerivedData/CodeLooper-crrddjihwjtfkwegrjrymctnfixv/Build/Intermediates.noindex/swift-nio.build/Debug/NIOTLS.build/Objects-normal/arm64/NIOTLS-OutputFileMap.json -use-frontend-parseable-output -save-temps -no-color-diagnostics -explicit-module-build -module-cache-path /Users/steipete/Library/Developer/Xcode/DerivedData/CodeLooper-crrddjihwjtfkwegrjrymctnfixv/Build/Intermediates.noindex/SwiftExplicitPrecompiledModules -clang-scanner-module-cache-path /Users/steipete/Library/Developer/Xcode/DerivedData/ModuleCache.noindex -sdk-module-cache-path /Users/steipete/Library/Developer/Xcode/DerivedData/ModuleCache.noindex -serialize-diagnostics -emit-dependencies -emit-module -emit-module-path /Users/steipete/Library/Developer/Xcode/DerivedData/CodeLooper-crrddjihwjtfkwegrjrymctnfixv/Build/Intermediates.noindex/swift-nio.build/Debug/NIOTLS.build/Objects-normal/arm64/NIOTLS.swiftmodule -validate-clang-modules-once -clang-build-session-file /Users/steipete/Library/Developer/Xcode/DerivedData/ModuleCache.noindex/Session.modulevalidation -package-name swift_nio -Xcc -I/Users/steipete/Library/Developer/Xcode/DerivedData/CodeLooper-crrddjihwjtfkwegrjrymctnfixv/Build/Intermediates.noindex/swift-nio.build/Debug/NIOTLS.build/swift-overrides.hmap -emit-const-values -Xfrontend -const-gather-protocols-file -Xfrontend /Users/steipete/Library/Developer/Xcode/DerivedData/CodeLooper-crrddjihwjtfkwegrjrymctnfixv/Build/Intermediates.noindex/swift-nio.build/Debug/NIOTLS.build/Objects-normal/arm64/NIOTLS_const_extract_protocols.json -Xcc -I/Users/steipete/Library/Developer/Xcode/DerivedData/CodeLooper-crrddjihwjtfkwegrjrymctnfixv/SourcePackages/checkouts/swift-atomics/Sources/_AtomicsShims/include -Xcc -I/Users/steipete/Library/Developer/Xcode/DerivedData/CodeLooper-crrddjihwjtfkwegrjrymctnfixv/SourcePackages/checkouts/swift-nio/Sources/CNIOWASI/include -Xcc -I/Users/steipete/Library/Developer/Xcode/DerivedData/CodeLooper-crrddjihwjtfkwegrjrymctnfixv/SourcePackages/checkouts/swift-nio/Sources/CNIOWindows/include -Xcc -I/Users/steipete/Library/Developer/Xcode/DerivedData/CodeLooper-crrddjihwjtfkwegrjrymctnfixv/SourcePackages/checkouts/swift-nio/Sources/CNIOLinux/include -Xcc -I/Users/steipete/Library/Developer/Xcode/DerivedData/CodeLooper-crrddjihwjtfkwegrjrymctnfixv/SourcePackages/checkouts/swift-nio/Sources/CNIODarwin/include -Xcc -I/Users/steipete/Library/Developer/Xcode/DerivedData/CodeLooper-crrddjihwjtfkwegrjrymctnfixv/SourcePackages/checkouts/swift-nio/Sources/CNIOAtomics/include -Xcc -I/Users/steipete/Library/Developer/Xcode/DerivedData/CodeLooper-crrddjihwjtfkwegrjrymctnfixv/Build/Products/Debug/include -Xcc -I/Users/steipete/Library/Developer/Xcode/DerivedData/CodeLooper-crrddjihwjtfkwegrjrymctnfixv/Build/Intermediates.noindex/swift-nio.build/Debug/NIOTLS.build/DerivedSources-normal/arm64 -Xcc -I/Users/steipete/Library/Developer/Xcode/DerivedData/CodeLooper-crrddjihwjtfkwegrjrymctnfixv/Build/Intermediates.noindex/swift-nio.build/Debug/NIOTLS.build/DerivedSources/arm64 -Xcc -I/Users/steipete/Library/Developer/Xcode/DerivedData/CodeLooper-crrddjihwjtfkwegrjrymctnfixv/Build/Intermediates.noindex/swift-nio.build/Debug/NIOTLS.build/DerivedSources -Xcc -DSWIFT_PACKAGE -Xcc -DDEBUG\=1 -emit-objc-header -emit-objc-header-path /Users/steipete/Library/Developer/Xcode/DerivedData/CodeLooper-crrddjihwjtfkwegrjrymctnfixv/Build/Intermediates.noindex/swift-nio.build/Debug/NIOTLS.build/Objects-normal/arm64/NIOTLS-Swift.h -working-directory /Users/steipete/Projects/CodeLooper -experimental-emit-module-separately -disable-cmo

SwiftMergeGeneratedHeaders /Users/steipete/Library/Developer/Xcode/DerivedData/CodeLooper-crrddjihwjtfkwegrjrymctnfixv/Build/Intermediates.noindex/GeneratedModuleMaps/NIOTLS-Swift.h /Users/steipete/Library/Developer/Xcode/DerivedData/CodeLooper-crrddjihwjtfkwegrjrymctnfixv/Build/Intermediates.noindex/swift-nio.build/Debug/NIOTLS.build/Objects-normal/arm64/NIOTLS-Swift.h (in target 'NIOTLS' from project 'swift-nio')
    cd /Users/steipete/Library/Developer/Xcode/DerivedData/CodeLooper-crrddjihwjtfkwegrjrymctnfixv/SourcePackages/checkouts/swift-nio
    builtin-swiftHeaderTool -arch arm64 /Users/steipete/Library/Developer/Xcode/DerivedData/CodeLooper-crrddjihwjtfkwegrjrymctnfixv/Build/Intermediates.noindex/swift-nio.build/Debug/NIOTLS.build/Objects-normal/arm64/NIOTLS-Swift.h -o /Users/steipete/Library/Developer/Xcode/DerivedData/CodeLooper-crrddjihwjtfkwegrjrymctnfixv/Build/Intermediates.noindex/GeneratedModuleMaps/NIOTLS-Swift.h

Copy /Users/steipete/Library/Developer/Xcode/DerivedData/CodeLooper-crrddjihwjtfkwegrjrymctnfixv/Build/Products/Debug/NIOTLS.swiftmodule/arm64-apple-macos.swiftmodule /Users/steipete/Library/Developer/Xcode/DerivedData/CodeLooper-crrddjihwjtfkwegrjrymctnfixv/Build/Intermediates.noindex/swift-nio.build/Debug/NIOTLS.build/Objects-normal/arm64/NIOTLS.swiftmodule (in target 'NIOTLS' from project 'swift-nio')
    cd /Users/steipete/Library/Developer/Xcode/DerivedData/CodeLooper-crrddjihwjtfkwegrjrymctnfixv/SourcePackages/checkouts/swift-nio
    builtin-copy -exclude .DS_Store -exclude CVS -exclude .svn -exclude .git -exclude .hg -resolve-src-symlinks -rename /Users/steipete/Library/Developer/Xcode/DerivedData/CodeLooper-crrddjihwjtfkwegrjrymctnfixv/Build/Intermediates.noindex/swift-nio.build/Debug/NIOTLS.build/Objects-normal/arm64/NIOTLS.swiftmodule /Users/steipete/Library/Developer/Xcode/DerivedData/CodeLooper-crrddjihwjtfkwegrjrymctnfixv/Build/Products/Debug/NIOTLS.swiftmodule/arm64-apple-macos.swiftmodule

Copy /Users/steipete/Library/Developer/Xcode/DerivedData/CodeLooper-crrddjihwjtfkwegrjrymctnfixv/Build/Products/Debug/NIOTLS.swiftmodule/arm64-apple-macos.swiftdoc /Users/steipete/Library/Developer/Xcode/DerivedData/CodeLooper-crrddjihwjtfkwegrjrymctnfixv/Build/Intermediates.noindex/swift-nio.build/Debug/NIOTLS.build/Objects-normal/arm64/NIOTLS.swiftdoc (in target 'NIOTLS' from project 'swift-nio')
    cd /Users/steipete/Library/Developer/Xcode/DerivedData/CodeLooper-crrddjihwjtfkwegrjrymctnfixv/SourcePackages/checkouts/swift-nio
    builtin-copy -exclude .DS_Store -exclude CVS -exclude .svn -exclude .git -exclude .hg -resolve-src-symlinks -rename /Users/steipete/Library/Developer/Xcode/DerivedData/CodeLooper-crrddjihwjtfkwegrjrymctnfixv/Build/Intermediates.noindex/swift-nio.build/Debug/NIOTLS.build/Objects-normal/arm64/NIOTLS.swiftdoc /Users/steipete/Library/Developer/Xcode/DerivedData/CodeLooper-crrddjihwjtfkwegrjrymctnfixv/Build/Products/Debug/NIOTLS.swiftmodule/arm64-apple-macos.swiftdoc

Copy /Users/steipete/Library/Developer/Xcode/DerivedData/CodeLooper-crrddjihwjtfkwegrjrymctnfixv/Build/Products/Debug/NIOTLS.swiftmodule/arm64-apple-macos.abi.json /Users/steipete/Library/Developer/Xcode/DerivedData/CodeLooper-crrddjihwjtfkwegrjrymctnfixv/Build/Intermediates.noindex/swift-nio.build/Debug/NIOTLS.build/Objects-normal/arm64/NIOTLS.abi.json (in target 'NIOTLS' from project 'swift-nio')
    cd /Users/steipete/Library/Developer/Xcode/DerivedData/CodeLooper-crrddjihwjtfkwegrjrymctnfixv/SourcePackages/checkouts/swift-nio
    builtin-copy -exclude .DS_Store -exclude CVS -exclude .svn -exclude .git -exclude .hg -resolve-src-symlinks -rename /Users/steipete/Library/Developer/Xcode/DerivedData/CodeLooper-crrddjihwjtfkwegrjrymctnfixv/Build/Intermediates.noindex/swift-nio.build/Debug/NIOTLS.build/Objects-normal/arm64/NIOTLS.abi.json /Users/steipete/Library/Developer/Xcode/DerivedData/CodeLooper-crrddjihwjtfkwegrjrymctnfixv/Build/Products/Debug/NIOTLS.swiftmodule/arm64-apple-macos.abi.json

Copy /Users/steipete/Library/Developer/Xcode/DerivedData/CodeLooper-crrddjihwjtfkwegrjrymctnfixv/Build/Products/Debug/NIOTLS.swiftmodule/Project/arm64-apple-macos.swiftsourceinfo /Users/steipete/Library/Developer/Xcode/DerivedData/CodeLooper-crrddjihwjtfkwegrjrymctnfixv/Build/Intermediates.noindex/swift-nio.build/Debug/NIOTLS.build/Objects-normal/arm64/NIOTLS.swiftsourceinfo (in target 'NIOTLS' from project 'swift-nio')
    cd /Users/steipete/Library/Developer/Xcode/DerivedData/CodeLooper-crrddjihwjtfkwegrjrymctnfixv/SourcePackages/checkouts/swift-nio
    builtin-copy -exclude .DS_Store -exclude CVS -exclude .svn -exclude .git -exclude .hg -resolve-src-symlinks -rename /Users/steipete/Library/Developer/Xcode/DerivedData/CodeLooper-crrddjihwjtfkwegrjrymctnfixv/Build/Intermediates.noindex/swift-nio.build/Debug/NIOTLS.build/Objects-normal/arm64/NIOTLS.swiftsourceinfo /Users/steipete/Library/Developer/Xcode/DerivedData/CodeLooper-crrddjihwjtfkwegrjrymctnfixv/Build/Products/Debug/NIOTLS.swiftmodule/Project/arm64-apple-macos.swiftsourceinfo

SwiftDriverJobDiscovery normal arm64 Compiling TLSEvents.swift (in target 'NIOTLS' from project 'swift-nio')

SwiftDriverJobDiscovery normal arm64 Compiling ApplicationProtocolNegotiationHandler.swift (in target 'NIOTLS' from project 'swift-nio')

SwiftDriverJobDiscovery normal arm64 Compiling NIOTypedApplicationProtocolNegotiationHandler.swift (in target 'NIOTLS' from project 'swift-nio')

SwiftEmitModule normal arm64 Emitting\ module\ for\ NIOHTTP1 (in target 'NIOHTTP1' from project 'swift-nio')

EmitSwiftModule normal arm64 (in target 'NIOHTTP1' from project 'swift-nio')
    cd /Users/steipete/Projects/CodeLooper
    

SwiftCompile normal arm64 Compiling\ HTTPServerUpgradeHandler.swift /Users/steipete/Library/Developer/Xcode/DerivedData/CodeLooper-crrddjihwjtfkwegrjrymctnfixv/SourcePackages/checkouts/swift-nio/Sources/NIOHTTP1/HTTPServerUpgradeHandler.swift (in target 'NIOHTTP1' from project 'swift-nio')

SwiftCompile normal arm64 /Users/steipete/Library/Developer/Xcode/DerivedData/CodeLooper-crrddjihwjtfkwegrjrymctnfixv/SourcePackages/checkouts/swift-nio/Sources/NIOHTTP1/HTTPServerUpgradeHandler.swift (in target 'NIOHTTP1' from project 'swift-nio')
    cd /Users/steipete/Projects/CodeLooper
    

SwiftCompile normal arm64 Compiling\ HTTPTypedPipelineSetup.swift /Users/steipete/Library/Developer/Xcode/DerivedData/CodeLooper-crrddjihwjtfkwegrjrymctnfixv/SourcePackages/checkouts/swift-nio/Sources/NIOHTTP1/HTTPTypedPipelineSetup.swift (in target 'NIOHTTP1' from project 'swift-nio')

SwiftCompile normal arm64 /Users/steipete/Library/Developer/Xcode/DerivedData/CodeLooper-crrddjihwjtfkwegrjrymctnfixv/SourcePackages/checkouts/swift-nio/Sources/NIOHTTP1/HTTPTypedPipelineSetup.swift (in target 'NIOHTTP1' from project 'swift-nio')
    cd /Users/steipete/Projects/CodeLooper
    

SwiftCompile normal arm64 Compiling\ HTTPHeaders+Validation.swift /Users/steipete/Library/Developer/Xcode/DerivedData/CodeLooper-crrddjihwjtfkwegrjrymctnfixv/SourcePackages/checkouts/swift-nio/Sources/NIOHTTP1/HTTPHeaders+Validation.swift (in target 'NIOHTTP1' from project 'swift-nio')

SwiftCompile normal arm64 /Users/steipete/Library/Developer/Xcode/DerivedData/CodeLooper-crrddjihwjtfkwegrjrymctnfixv/SourcePackages/checkouts/swift-nio/Sources/NIOHTTP1/HTTPHeaders+Validation.swift (in target 'NIOHTTP1' from project 'swift-nio')
    cd /Users/steipete/Projects/CodeLooper
    

SwiftCompile normal arm64 Compiling\ HTTPEncoder.swift /Users/steipete/Library/Developer/Xcode/DerivedData/CodeLooper-crrddjihwjtfkwegrjrymctnfixv/SourcePackages/checkouts/swift-nio/Sources/NIOHTTP1/HTTPEncoder.swift (in target 'NIOHTTP1' from project 'swift-nio')

SwiftCompile normal arm64 /Users/steipete/Library/Developer/Xcode/DerivedData/CodeLooper-crrddjihwjtfkwegrjrymctnfixv/SourcePackages/checkouts/swift-nio/Sources/NIOHTTP1/HTTPEncoder.swift (in target 'NIOHTTP1' from project 'swift-nio')
    cd /Users/steipete/Projects/CodeLooper
    

SwiftCompile normal arm64 Compiling\ NIOHTTPObjectAggregator.swift /Users/steipete/Library/Developer/Xcode/DerivedData/CodeLooper-crrddjihwjtfkwegrjrymctnfixv/SourcePackages/checkouts/swift-nio/Sources/NIOHTTP1/NIOHTTPObjectAggregator.swift (in target 'NIOHTTP1' from project 'swift-nio')

SwiftCompile normal arm64 /Users/steipete/Library/Developer/Xcode/DerivedData/CodeLooper-crrddjihwjtfkwegrjrymctnfixv/SourcePackages/checkouts/swift-nio/Sources/NIOHTTP1/NIOHTTPObjectAggregator.swift (in target 'NIOHTTP1' from project 'swift-nio')
    cd /Users/steipete/Projects/CodeLooper
    

SwiftCompile normal arm64 Compiling\ ByteCollectionUtils.swift,\ HTTPDecoder.swift /Users/steipete/Library/Developer/Xcode/DerivedData/CodeLooper-crrddjihwjtfkwegrjrymctnfixv/SourcePackages/checkouts/swift-nio/Sources/NIOHTTP1/ByteCollectionUtils.swift /Users/steipete/Library/Developer/Xcode/DerivedData/CodeLooper-crrddjihwjtfkwegrjrymctnfixv/SourcePackages/checkouts/swift-nio/Sources/NIOHTTP1/HTTPDecoder.swift (in target 'NIOHTTP1' from project 'swift-nio')

SwiftCompile normal arm64 /Users/steipete/Library/Developer/Xcode/DerivedData/CodeLooper-crrddjihwjtfkwegrjrymctnfixv/SourcePackages/checkouts/swift-nio/Sources/NIOHTTP1/ByteCollectionUtils.swift (in target 'NIOHTTP1' from project 'swift-nio')
    cd /Users/steipete/Projects/CodeLooper
    

SwiftCompile normal arm64 /Users/steipete/Library/Developer/Xcode/DerivedData/CodeLooper-crrddjihwjtfkwegrjrymctnfixv/SourcePackages/checkouts/swift-nio/Sources/NIOHTTP1/HTTPDecoder.swift (in target 'NIOHTTP1' from project 'swift-nio')
    cd /Users/steipete/Projects/CodeLooper
    

SwiftDriverJobDiscovery normal arm64 Compiling ProtocolNegotiationHandlerStateMachine.swift (in target 'NIOTLS' from project 'swift-nio')

SwiftCompile normal arm64 Compiling\ NIOTypedHTTPServerUpgradeHandler.swift /Users/steipete/Library/Developer/Xcode/DerivedData/CodeLooper-crrddjihwjtfkwegrjrymctnfixv/SourcePackages/checkouts/swift-nio/Sources/NIOHTTP1/NIOTypedHTTPServerUpgradeHandler.swift (in target 'NIOHTTP1' from project 'swift-nio')

SwiftCompile normal arm64 /Users/steipete/Library/Developer/Xcode/DerivedData/CodeLooper-crrddjihwjtfkwegrjrymctnfixv/SourcePackages/checkouts/swift-nio/Sources/NIOHTTP1/NIOTypedHTTPServerUpgradeHandler.swift (in target 'NIOHTTP1' from project 'swift-nio')
    cd /Users/steipete/Projects/CodeLooper
    

SwiftDriverJobDiscovery normal arm64 Compiling Codable+ByteBuffer.swift (in target 'NIOFoundationCompat' from project 'swift-nio')

SwiftCompile normal arm64 Compiling\ NIOTypedHTTPClientUpgraderStateMachine.swift /Users/steipete/Library/Developer/Xcode/DerivedData/CodeLooper-crrddjihwjtfkwegrjrymctnfixv/SourcePackages/checkouts/swift-nio/Sources/NIOHTTP1/NIOTypedHTTPClientUpgraderStateMachine.swift (in target 'NIOHTTP1' from project 'swift-nio')

SwiftCompile normal arm64 /Users/steipete/Library/Developer/Xcode/DerivedData/CodeLooper-crrddjihwjtfkwegrjrymctnfixv/SourcePackages/checkouts/swift-nio/Sources/NIOHTTP1/NIOTypedHTTPClientUpgraderStateMachine.swift (in target 'NIOHTTP1' from project 'swift-nio')
    cd /Users/steipete/Projects/CodeLooper
    

SwiftCompile normal arm64 Compiling\ HTTPPipelineSetup.swift /Users/steipete/Library/Developer/Xcode/DerivedData/CodeLooper-crrddjihwjtfkwegrjrymctnfixv/SourcePackages/checkouts/swift-nio/Sources/NIOHTTP1/HTTPPipelineSetup.swift (in target 'NIOHTTP1' from project 'swift-nio')

SwiftCompile normal arm64 /Users/steipete/Library/Developer/Xcode/DerivedData/CodeLooper-crrddjihwjtfkwegrjrymctnfixv/SourcePackages/checkouts/swift-nio/Sources/NIOHTTP1/HTTPPipelineSetup.swift (in target 'NIOHTTP1' from project 'swift-nio')
    cd /Users/steipete/Projects/CodeLooper
    

SwiftDriverJobDiscovery normal arm64 Compiling JSONSerialization+ByteBuffer.swift (in target 'NIOFoundationCompat' from project 'swift-nio')

SwiftDriverJobDiscovery normal arm64 Compiling WaitSpinningRunLoop.swift (in target 'NIOFoundationCompat' from project 'swift-nio')

SwiftCompile normal arm64 Compiling\ HTTPServerProtocolErrorHandler.swift /Users/steipete/Library/Developer/Xcode/DerivedData/CodeLooper-crrddjihwjtfkwegrjrymctnfixv/SourcePackages/checkouts/swift-nio/Sources/NIOHTTP1/HTTPServerProtocolErrorHandler.swift (in target 'NIOHTTP1' from project 'swift-nio')

SwiftCompile normal arm64 /Users/steipete/Library/Developer/Xcode/DerivedData/CodeLooper-crrddjihwjtfkwegrjrymctnfixv/SourcePackages/checkouts/swift-nio/Sources/NIOHTTP1/HTTPServerProtocolErrorHandler.swift (in target 'NIOHTTP1' from project 'swift-nio')
    cd /Users/steipete/Projects/CodeLooper
    

SwiftCompile normal arm64 Compiling\ NIOTypedHTTPClientUpgradeHandler.swift /Users/steipete/Library/Developer/Xcode/DerivedData/CodeLooper-crrddjihwjtfkwegrjrymctnfixv/SourcePackages/checkouts/swift-nio/Sources/NIOHTTP1/NIOTypedHTTPClientUpgradeHandler.swift (in target 'NIOHTTP1' from project 'swift-nio')

SwiftCompile normal arm64 /Users/steipete/Library/Developer/Xcode/DerivedData/CodeLooper-crrddjihwjtfkwegrjrymctnfixv/SourcePackages/checkouts/swift-nio/Sources/NIOHTTP1/NIOTypedHTTPClientUpgradeHandler.swift (in target 'NIOHTTP1' from project 'swift-nio')
    cd /Users/steipete/Projects/CodeLooper
    

SwiftDriverJobDiscovery normal arm64 Emitting module for NIOFoundationCompat (in target 'NIOFoundationCompat' from project 'swift-nio')

SwiftDriver\ Compilation\ Requirements NIOFoundationCompat normal arm64 com.apple.xcode.tools.swift.compiler (in target 'NIOFoundationCompat' from project 'swift-nio')
    cd /Users/steipete/Projects/CodeLooper
    builtin-Swift-Compilation-Requirements -- /Applications/Xcode-beta.app/Contents/Developer/Toolchains/XcodeDefault.xctoolchain/usr/bin/swiftc -module-name NIOFoundationCompat -Onone -enforce-exclusivity\=checked @/Users/steipete/Library/Developer/Xcode/DerivedData/CodeLooper-crrddjihwjtfkwegrjrymctnfixv/Build/Intermediates.noindex/swift-nio.build/Debug/NIOFoundationCompat.build/Objects-normal/arm64/NIOFoundationCompat.SwiftFileList -DSWIFT_PACKAGE -DDEBUG -DSWIFT_MODULE_RESOURCE_BUNDLE_UNAVAILABLE -Xcc -fmodule-map-file\=/Users/steipete/Library/Developer/Xcode/DerivedData/CodeLooper-crrddjihwjtfkwegrjrymctnfixv/Build/Intermediates.noindex/GeneratedModuleMaps/CNIOWASI.modulemap -Xcc -fmodule-map-file\=/Users/steipete/Library/Developer/Xcode/DerivedData/CodeLooper-crrddjihwjtfkwegrjrymctnfixv/Build/Intermediates.noindex/GeneratedModuleMaps/CNIOLinux.modulemap -Xcc -fmodule-map-file\=/Users/steipete/Library/Developer/Xcode/DerivedData/CodeLooper-crrddjihwjtfkwegrjrymctnfixv/Build/Intermediates.noindex/GeneratedModuleMaps/CNIODarwin.modulemap -Xcc -fmodule-map-file\=/Users/steipete/Library/Developer/Xcode/DerivedData/CodeLooper-crrddjihwjtfkwegrjrymctnfixv/Build/Intermediates.noindex/GeneratedModuleMaps/CNIOAtomics.modulemap -DXcode -enable-upcoming-feature StrictConcurrency -enable-upcoming-feature InferSendableFromCaptures -enable-upcoming-feature MemberImportVisibility -plugin-path /Applications/Xcode-beta.app/Contents/Developer/Toolchains/XcodeDefault.xctoolchain/usr/lib/swift/host/plugins/testing -enable-experimental-feature DebugDescriptionMacro -sdk /Applications/Xcode-beta.app/Contents/Developer/Platforms/MacOSX.platform/Developer/SDKs/MacOSX26.0.sdk -target arm64-apple-macos10.13 -g -module-cache-path /Users/steipete/Library/Developer/Xcode/DerivedData/ModuleCache.noindex -Xfrontend -serialize-debugging-options -profile-coverage-mapping -profile-generate -enable-testing -suppress-warnings -index-store-path /Users/steipete/Library/Developer/Xcode/DerivedData/CodeLooper-crrddjihwjtfkwegrjrymctnfixv/Index.noindex/DataStore -swift-version 5 -I /Users/steipete/Library/Developer/Xcode/DerivedData/CodeLooper-crrddjihwjtfkwegrjrymctnfixv/Build/Products/Debug -I /Applications/Xcode-beta.app/Contents/Developer/Platforms/MacOSX.platform/Developer/usr/lib -F /Users/steipete/Library/Developer/Xcode/DerivedData/CodeLooper-crrddjihwjtfkwegrjrymctnfixv/Build/Products/Debug/PackageFrameworks -F /Users/steipete/Library/Developer/Xcode/DerivedData/CodeLooper-crrddjihwjtfkwegrjrymctnfixv/Build/Products/Debug/PackageFrameworks -F /Users/steipete/Library/Developer/Xcode/DerivedData/CodeLooper-crrddjihwjtfkwegrjrymctnfixv/Build/Products/Debug/PackageFrameworks -F /Users/steipete/Library/Developer/Xcode/DerivedData/CodeLooper-crrddjihwjtfkwegrjrymctnfixv/Build/Products/Debug/PackageFrameworks -F /Users/steipete/Library/Developer/Xcode/DerivedData/CodeLooper-crrddjihwjtfkwegrjrymctnfixv/Build/Products/Debug/PackageFrameworks -F /Users/steipete/Library/Developer/Xcode/DerivedData/CodeLooper-crrddjihwjtfkwegrjrymctnfixv/Build/Products/Debug/PackageFrameworks -F /Users/steipete/Library/Developer/Xcode/DerivedData/CodeLooper-crrddjihwjtfkwegrjrymctnfixv/Build/Products/Debug/PackageFrameworks -F /Users/steipete/Library/Developer/Xcode/DerivedData/CodeLooper-crrddjihwjtfkwegrjrymctnfixv/Build/Products/Debug/PackageFrameworks -F /Users/steipete/Library/Developer/Xcode/DerivedData/CodeLooper-crrddjihwjtfkwegrjrymctnfixv/Build/Products/Debug/PackageFrameworks -F /Users/steipete/Library/Developer/Xcode/DerivedData/CodeLooper-crrddjihwjtfkwegrjrymctnfixv/Build/Products/Debug/PackageFrameworks -F /Users/steipete/Library/Developer/Xcode/DerivedData/CodeLooper-crrddjihwjtfkwegrjrymctnfixv/Build/Products/Debug/PackageFrameworks -F /Users/steipete/Library/Developer/Xcode/DerivedData/CodeLooper-crrddjihwjtfkwegrjrymctnfixv/Build/Products/Debug/PackageFrameworks -F /Users/steipete/Library/Developer/Xcode/DerivedData/CodeLooper-crrddjihwjtfkwegrjrymctnfixv/Build/Products/Debug/PackageFrameworks -F /Users/steipete/Library/Developer/Xcode/DerivedData/CodeLooper-crrddjihwjtfkwegrjrymctnfixv/Build/Products/Debug/PackageFrameworks -F /Users/steipete/Library/Developer/Xcode/DerivedData/CodeLooper-crrddjihwjtfkwegrjrymctnfixv/Build/Products/Debug/PackageFrameworks -F /Users/steipete/Library/Developer/Xcode/DerivedData/CodeLooper-crrddjihwjtfkwegrjrymctnfixv/Build/Products/Debug/PackageFrameworks -F /Users/steipete/Library/Developer/Xcode/DerivedData/CodeLooper-crrddjihwjtfkwegrjrymctnfixv/Build/Products/Debug -F /Applications/Xcode-beta.app/Contents/Developer/Platforms/MacOSX.platform/Developer/Library/Frameworks -c -j16 -enable-batch-mode -incremental -Xcc -ivfsstatcache -Xcc /Users/steipete/Library/Developer/Xcode/DerivedData/SDKStatCaches.noindex/macosx26.0-25A5279m-5d9328ff1a6613a11d359de947506b52.sdkstatcache -output-file-map /Users/steipete/Library/Developer/Xcode/DerivedData/CodeLooper-crrddjihwjtfkwegrjrymctnfixv/Build/Intermediates.noindex/swift-nio.build/Debug/NIOFoundationCompat.build/Objects-normal/arm64/NIOFoundationCompat-OutputFileMap.json -use-frontend-parseable-output -save-temps -no-color-diagnostics -explicit-module-build -module-cache-path /Users/steipete/Library/Developer/Xcode/DerivedData/CodeLooper-crrddjihwjtfkwegrjrymctnfixv/Build/Intermediates.noindex/SwiftExplicitPrecompiledModules -clang-scanner-module-cache-path /Users/steipete/Library/Developer/Xcode/DerivedData/ModuleCache.noindex -sdk-module-cache-path /Users/steipete/Library/Developer/Xcode/DerivedData/ModuleCache.noindex -serialize-diagnostics -emit-dependencies -emit-module -emit-module-path /Users/steipete/Library/Developer/Xcode/DerivedData/CodeLooper-crrddjihwjtfkwegrjrymctnfixv/Build/Intermediates.noindex/swift-nio.build/Debug/NIOFoundationCompat.build/Objects-normal/arm64/NIOFoundationCompat.swiftmodule -validate-clang-modules-once -clang-build-session-file /Users/steipete/Library/Developer/Xcode/DerivedData/ModuleCache.noindex/Session.modulevalidation -package-name swift_nio -Xcc -I/Users/steipete/Library/Developer/Xcode/DerivedData/CodeLooper-crrddjihwjtfkwegrjrymctnfixv/Build/Intermediates.noindex/swift-nio.build/Debug/NIOFoundationCompat.build/swift-overrides.hmap -emit-const-values -Xfrontend -const-gather-protocols-file -Xfrontend /Users/steipete/Library/Developer/Xcode/DerivedData/CodeLooper-crrddjihwjtfkwegrjrymctnfixv/Build/Intermediates.noindex/swift-nio.build/Debug/NIOFoundationCompat.build/Objects-normal/arm64/NIOFoundationCompat_const_extract_protocols.json -Xcc -I/Users/steipete/Library/Developer/Xcode/DerivedData/CodeLooper-crrddjihwjtfkwegrjrymctnfixv/SourcePackages/checkouts/swift-atomics/Sources/_AtomicsShims/include -Xcc -I/Users/steipete/Library/Developer/Xcode/DerivedData/CodeLooper-crrddjihwjtfkwegrjrymctnfixv/SourcePackages/checkouts/swift-nio/Sources/CNIOWASI/include -Xcc -I/Users/steipete/Library/Developer/Xcode/DerivedData/CodeLooper-crrddjihwjtfkwegrjrymctnfixv/SourcePackages/checkouts/swift-nio/Sources/CNIOWindows/include -Xcc -I/Users/steipete/Library/Developer/Xcode/DerivedData/CodeLooper-crrddjihwjtfkwegrjrymctnfixv/SourcePackages/checkouts/swift-nio/Sources/CNIOLinux/include -Xcc -I/Users/steipete/Library/Developer/Xcode/DerivedData/CodeLooper-crrddjihwjtfkwegrjrymctnfixv/SourcePackages/checkouts/swift-nio/Sources/CNIODarwin/include -Xcc -I/Users/steipete/Library/Developer/Xcode/DerivedData/CodeLooper-crrddjihwjtfkwegrjrymctnfixv/SourcePackages/checkouts/swift-nio/Sources/CNIOAtomics/include -Xcc -I/Users/steipete/Library/Developer/Xcode/DerivedData/CodeLooper-crrddjihwjtfkwegrjrymctnfixv/Build/Products/Debug/include -Xcc -I/Users/steipete/Library/Developer/Xcode/DerivedData/CodeLooper-crrddjihwjtfkwegrjrymctnfixv/Build/Intermediates.noindex/swift-nio.build/Debug/NIOFoundationCompat.build/DerivedSources-normal/arm64 -Xcc -I/Users/steipete/Library/Developer/Xcode/DerivedData/CodeLooper-crrddjihwjtfkwegrjrymctnfixv/Build/Intermediates.noindex/swift-nio.build/Debug/NIOFoundationCompat.build/DerivedSources/arm64 -Xcc -I/Users/steipete/Library/Developer/Xcode/DerivedData/CodeLooper-crrddjihwjtfkwegrjrymctnfixv/Build/Intermediates.noindex/swift-nio.build/Debug/NIOFoundationCompat.build/DerivedSources -Xcc -DSWIFT_PACKAGE -Xcc -DDEBUG\=1 -emit-objc-header -emit-objc-header-path /Users/steipete/Library/Developer/Xcode/DerivedData/CodeLooper-crrddjihwjtfkwegrjrymctnfixv/Build/Intermediates.noindex/swift-nio.build/Debug/NIOFoundationCompat.build/Objects-normal/arm64/NIOFoundationCompat-Swift.h -working-directory /Users/steipete/Projects/CodeLooper -experimental-emit-module-separately -disable-cmo

SwiftDriverJobDiscovery normal arm64 Compiling HTTPHeaders+Validation.swift (in target 'NIOHTTP1' from project 'swift-nio')

SwiftCompile normal arm64 Compiling\ NIOHTTPClientUpgradeHandler.swift /Users/steipete/Library/Developer/Xcode/DerivedData/CodeLooper-crrddjihwjtfkwegrjrymctnfixv/SourcePackages/checkouts/swift-nio/Sources/NIOHTTP1/NIOHTTPClientUpgradeHandler.swift (in target 'NIOHTTP1' from project 'swift-nio')

SwiftCompile normal arm64 /Users/steipete/Library/Developer/Xcode/DerivedData/CodeLooper-crrddjihwjtfkwegrjrymctnfixv/SourcePackages/checkouts/swift-nio/Sources/NIOHTTP1/NIOHTTPClientUpgradeHandler.swift (in target 'NIOHTTP1' from project 'swift-nio')
    cd /Users/steipete/Projects/CodeLooper
    

SwiftMergeGeneratedHeaders /Users/steipete/Library/Developer/Xcode/DerivedData/CodeLooper-crrddjihwjtfkwegrjrymctnfixv/Build/Intermediates.noindex/GeneratedModuleMaps/NIOFoundationCompat-Swift.h /Users/steipete/Library/Developer/Xcode/DerivedData/CodeLooper-crrddjihwjtfkwegrjrymctnfixv/Build/Intermediates.noindex/swift-nio.build/Debug/NIOFoundationCompat.build/Objects-normal/arm64/NIOFoundationCompat-Swift.h (in target 'NIOFoundationCompat' from project 'swift-nio')
    cd /Users/steipete/Library/Developer/Xcode/DerivedData/CodeLooper-crrddjihwjtfkwegrjrymctnfixv/SourcePackages/checkouts/swift-nio
    builtin-swiftHeaderTool -arch arm64 /Users/steipete/Library/Developer/Xcode/DerivedData/CodeLooper-crrddjihwjtfkwegrjrymctnfixv/Build/Intermediates.noindex/swift-nio.build/Debug/NIOFoundationCompat.build/Objects-normal/arm64/NIOFoundationCompat-Swift.h -o /Users/steipete/Library/Developer/Xcode/DerivedData/CodeLooper-crrddjihwjtfkwegrjrymctnfixv/Build/Intermediates.noindex/GeneratedModuleMaps/NIOFoundationCompat-Swift.h

SwiftDriverJobDiscovery normal arm64 Compiling HTTPTypedPipelineSetup.swift (in target 'NIOHTTP1' from project 'swift-nio')

Copy /Users/steipete/Library/Developer/Xcode/DerivedData/CodeLooper-crrddjihwjtfkwegrjrymctnfixv/Build/Products/Debug/NIOFoundationCompat.swiftmodule/arm64-apple-macos.swiftmodule /Users/steipete/Library/Developer/Xcode/DerivedData/CodeLooper-crrddjihwjtfkwegrjrymctnfixv/Build/Intermediates.noindex/swift-nio.build/Debug/NIOFoundationCompat.build/Objects-normal/arm64/NIOFoundationCompat.swiftmodule (in target 'NIOFoundationCompat' from project 'swift-nio')
    cd /Users/steipete/Library/Developer/Xcode/DerivedData/CodeLooper-crrddjihwjtfkwegrjrymctnfixv/SourcePackages/checkouts/swift-nio
    builtin-copy -exclude .DS_Store -exclude CVS -exclude .svn -exclude .git -exclude .hg -resolve-src-symlinks -rename /Users/steipete/Library/Developer/Xcode/DerivedData/CodeLooper-crrddjihwjtfkwegrjrymctnfixv/Build/Intermediates.noindex/swift-nio.build/Debug/NIOFoundationCompat.build/Objects-normal/arm64/NIOFoundationCompat.swiftmodule /Users/steipete/Library/Developer/Xcode/DerivedData/CodeLooper-crrddjihwjtfkwegrjrymctnfixv/Build/Products/Debug/NIOFoundationCompat.swiftmodule/arm64-apple-macos.swiftmodule

Copy /Users/steipete/Library/Developer/Xcode/DerivedData/CodeLooper-crrddjihwjtfkwegrjrymctnfixv/Build/Products/Debug/NIOFoundationCompat.swiftmodule/arm64-apple-macos.swiftdoc /Users/steipete/Library/Developer/Xcode/DerivedData/CodeLooper-crrddjihwjtfkwegrjrymctnfixv/Build/Intermediates.noindex/swift-nio.build/Debug/NIOFoundationCompat.build/Objects-normal/arm64/NIOFoundationCompat.swiftdoc (in target 'NIOFoundationCompat' from project 'swift-nio')
    cd /Users/steipete/Library/Developer/Xcode/DerivedData/CodeLooper-crrddjihwjtfkwegrjrymctnfixv/SourcePackages/checkouts/swift-nio
    builtin-copy -exclude .DS_Store -exclude CVS -exclude .svn -exclude .git -exclude .hg -resolve-src-symlinks -rename /Users/steipete/Library/Developer/Xcode/DerivedData/CodeLooper-crrddjihwjtfkwegrjrymctnfixv/Build/Intermediates.noindex/swift-nio.build/Debug/NIOFoundationCompat.build/Objects-normal/arm64/NIOFoundationCompat.swiftdoc /Users/steipete/Library/Developer/Xcode/DerivedData/CodeLooper-crrddjihwjtfkwegrjrymctnfixv/Build/Products/Debug/NIOFoundationCompat.swiftmodule/arm64-apple-macos.swiftdoc

Copy /Users/steipete/Library/Developer/Xcode/DerivedData/CodeLooper-crrddjihwjtfkwegrjrymctnfixv/Build/Products/Debug/NIOFoundationCompat.swiftmodule/arm64-apple-macos.abi.json /Users/steipete/Library/Developer/Xcode/DerivedData/CodeLooper-crrddjihwjtfkwegrjrymctnfixv/Build/Intermediates.noindex/swift-nio.build/Debug/NIOFoundationCompat.build/Objects-normal/arm64/NIOFoundationCompat.abi.json (in target 'NIOFoundationCompat' from project 'swift-nio')
    cd /Users/steipete/Library/Developer/Xcode/DerivedData/CodeLooper-crrddjihwjtfkwegrjrymctnfixv/SourcePackages/checkouts/swift-nio
    builtin-copy -exclude .DS_Store -exclude CVS -exclude .svn -exclude .git -exclude .hg -resolve-src-symlinks -rename /Users/steipete/Library/Developer/Xcode/DerivedData/CodeLooper-crrddjihwjtfkwegrjrymctnfixv/Build/Intermediates.noindex/swift-nio.build/Debug/NIOFoundationCompat.build/Objects-normal/arm64/NIOFoundationCompat.abi.json /Users/steipete/Library/Developer/Xcode/DerivedData/CodeLooper-crrddjihwjtfkwegrjrymctnfixv/Build/Products/Debug/NIOFoundationCompat.swiftmodule/arm64-apple-macos.abi.json

Copy /Users/steipete/Library/Developer/Xcode/DerivedData/CodeLooper-crrddjihwjtfkwegrjrymctnfixv/Build/Products/Debug/NIOFoundationCompat.swiftmodule/Project/arm64-apple-macos.swiftsourceinfo /Users/steipete/Library/Developer/Xcode/DerivedData/CodeLooper-crrddjihwjtfkwegrjrymctnfixv/Build/Intermediates.noindex/swift-nio.build/Debug/NIOFoundationCompat.build/Objects-normal/arm64/NIOFoundationCompat.swiftsourceinfo (in target 'NIOFoundationCompat' from project 'swift-nio')
    cd /Users/steipete/Library/Developer/Xcode/DerivedData/CodeLooper-crrddjihwjtfkwegrjrymctnfixv/SourcePackages/checkouts/swift-nio
    builtin-copy -exclude .DS_Store -exclude CVS -exclude .svn -exclude .git -exclude .hg -resolve-src-symlinks -rename /Users/steipete/Library/Developer/Xcode/DerivedData/CodeLooper-crrddjihwjtfkwegrjrymctnfixv/Build/Intermediates.noindex/swift-nio.build/Debug/NIOFoundationCompat.build/Objects-normal/arm64/NIOFoundationCompat.swiftsourceinfo /Users/steipete/Library/Developer/Xcode/DerivedData/CodeLooper-crrddjihwjtfkwegrjrymctnfixv/Build/Products/Debug/NIOFoundationCompat.swiftmodule/Project/arm64-apple-macos.swiftsourceinfo

SwiftCompile normal arm64 Compiling\ HTTPServerPipelineHandler.swift /Users/steipete/Library/Developer/Xcode/DerivedData/CodeLooper-crrddjihwjtfkwegrjrymctnfixv/SourcePackages/checkouts/swift-nio/Sources/NIOHTTP1/HTTPServerPipelineHandler.swift (in target 'NIOHTTP1' from project 'swift-nio')

SwiftCompile normal arm64 /Users/steipete/Library/Developer/Xcode/DerivedData/CodeLooper-crrddjihwjtfkwegrjrymctnfixv/SourcePackages/checkouts/swift-nio/Sources/NIOHTTP1/HTTPServerPipelineHandler.swift (in target 'NIOHTTP1' from project 'swift-nio')
    cd /Users/steipete/Projects/CodeLooper
    

SwiftCompile normal arm64 Compiling\ HTTPTypes.swift /Users/steipete/Library/Developer/Xcode/DerivedData/CodeLooper-crrddjihwjtfkwegrjrymctnfixv/SourcePackages/checkouts/swift-nio/Sources/NIOHTTP1/HTTPTypes.swift (in target 'NIOHTTP1' from project 'swift-nio')

SwiftCompile normal arm64 /Users/steipete/Library/Developer/Xcode/DerivedData/CodeLooper-crrddjihwjtfkwegrjrymctnfixv/SourcePackages/checkouts/swift-nio/Sources/NIOHTTP1/HTTPTypes.swift (in target 'NIOHTTP1' from project 'swift-nio')
    cd /Users/steipete/Projects/CodeLooper
    

SwiftDriverJobDiscovery normal arm64 Compiling HTTPServerProtocolErrorHandler.swift (in target 'NIOHTTP1' from project 'swift-nio')

SwiftCompile normal arm64 Compiling\ HTTPHeaderValidator.swift /Users/steipete/Library/Developer/Xcode/DerivedData/CodeLooper-crrddjihwjtfkwegrjrymctnfixv/SourcePackages/checkouts/swift-nio/Sources/NIOHTTP1/HTTPHeaderValidator.swift (in target 'NIOHTTP1' from project 'swift-nio')

SwiftCompile normal arm64 /Users/steipete/Library/Developer/Xcode/DerivedData/CodeLooper-crrddjihwjtfkwegrjrymctnfixv/SourcePackages/checkouts/swift-nio/Sources/NIOHTTP1/HTTPHeaderValidator.swift (in target 'NIOHTTP1' from project 'swift-nio')
    cd /Users/steipete/Projects/CodeLooper
    

SwiftDriverJobDiscovery normal arm64 Compiling SNIHandler.swift (in target 'NIOTLS' from project 'swift-nio')

SwiftDriver\ Compilation NIOTLS normal arm64 com.apple.xcode.tools.swift.compiler (in target 'NIOTLS' from project 'swift-nio')
    cd /Users/steipete/Projects/CodeLooper
    builtin-Swift-Compilation -- /Applications/Xcode-beta.app/Contents/Developer/Toolchains/XcodeDefault.xctoolchain/usr/bin/swiftc -module-name NIOTLS -Onone -enforce-exclusivity\=checked @/Users/steipete/Library/Developer/Xcode/DerivedData/CodeLooper-crrddjihwjtfkwegrjrymctnfixv/Build/Intermediates.noindex/swift-nio.build/Debug/NIOTLS.build/Objects-normal/arm64/NIOTLS.SwiftFileList -DSWIFT_PACKAGE -DDEBUG -DSWIFT_MODULE_RESOURCE_BUNDLE_UNAVAILABLE -Xcc -fmodule-map-file\=/Users/steipete/Library/Developer/Xcode/DerivedData/CodeLooper-crrddjihwjtfkwegrjrymctnfixv/Build/Intermediates.noindex/GeneratedModuleMaps/CNIOWASI.modulemap -Xcc -fmodule-map-file\=/Users/steipete/Library/Developer/Xcode/DerivedData/CodeLooper-crrddjihwjtfkwegrjrymctnfixv/Build/Intermediates.noindex/GeneratedModuleMaps/CNIOLinux.modulemap -Xcc -fmodule-map-file\=/Users/steipete/Library/Developer/Xcode/DerivedData/CodeLooper-crrddjihwjtfkwegrjrymctnfixv/Build/Intermediates.noindex/GeneratedModuleMaps/CNIODarwin.modulemap -Xcc -fmodule-map-file\=/Users/steipete/Library/Developer/Xcode/DerivedData/CodeLooper-crrddjihwjtfkwegrjrymctnfixv/Build/Intermediates.noindex/GeneratedModuleMaps/CNIOAtomics.modulemap -DXcode -enable-upcoming-feature StrictConcurrency -enable-upcoming-feature InferSendableFromCaptures -enable-upcoming-feature MemberImportVisibility -plugin-path /Applications/Xcode-beta.app/Contents/Developer/Toolchains/XcodeDefault.xctoolchain/usr/lib/swift/host/plugins/testing -enable-experimental-feature DebugDescriptionMacro -sdk /Applications/Xcode-beta.app/Contents/Developer/Platforms/MacOSX.platform/Developer/SDKs/MacOSX26.0.sdk -target arm64-apple-macos10.13 -g -module-cache-path /Users/steipete/Library/Developer/Xcode/DerivedData/ModuleCache.noindex -Xfrontend -serialize-debugging-options -profile-coverage-mapping -profile-generate -enable-testing -suppress-warnings -index-store-path /Users/steipete/Library/Developer/Xcode/DerivedData/CodeLooper-crrddjihwjtfkwegrjrymctnfixv/Index.noindex/DataStore -swift-version 5 -I /Users/steipete/Library/Developer/Xcode/DerivedData/CodeLooper-crrddjihwjtfkwegrjrymctnfixv/Build/Products/Debug -I /Applications/Xcode-beta.app/Contents/Developer/Platforms/MacOSX.platform/Developer/usr/lib -F /Users/steipete/Library/Developer/Xcode/DerivedData/CodeLooper-crrddjihwjtfkwegrjrymctnfixv/Build/Products/Debug/PackageFrameworks -F /Users/steipete/Library/Developer/Xcode/DerivedData/CodeLooper-crrddjihwjtfkwegrjrymctnfixv/Build/Products/Debug/PackageFrameworks -F /Users/steipete/Library/Developer/Xcode/DerivedData/CodeLooper-crrddjihwjtfkwegrjrymctnfixv/Build/Products/Debug/PackageFrameworks -F /Users/steipete/Library/Developer/Xcode/DerivedData/CodeLooper-crrddjihwjtfkwegrjrymctnfixv/Build/Products/Debug/PackageFrameworks -F /Users/steipete/Library/Developer/Xcode/DerivedData/CodeLooper-crrddjihwjtfkwegrjrymctnfixv/Build/Products/Debug/PackageFrameworks -F /Users/steipete/Library/Developer/Xcode/DerivedData/CodeLooper-crrddjihwjtfkwegrjrymctnfixv/Build/Products/Debug/PackageFrameworks -F /Users/steipete/Library/Developer/Xcode/DerivedData/CodeLooper-crrddjihwjtfkwegrjrymctnfixv/Build/Products/Debug/PackageFrameworks -F /Users/steipete/Library/Developer/Xcode/DerivedData/CodeLooper-crrddjihwjtfkwegrjrymctnfixv/Build/Products/Debug/PackageFrameworks -F /Users/steipete/Library/Developer/Xcode/DerivedData/CodeLooper-crrddjihwjtfkwegrjrymctnfixv/Build/Products/Debug/PackageFrameworks -F /Users/steipete/Library/Developer/Xcode/DerivedData/CodeLooper-crrddjihwjtfkwegrjrymctnfixv/Build/Products/Debug/PackageFrameworks -F /Users/steipete/Library/Developer/Xcode/DerivedData/CodeLooper-crrddjihwjtfkwegrjrymctnfixv/Build/Products/Debug/PackageFrameworks -F /Users/steipete/Library/Developer/Xcode/DerivedData/CodeLooper-crrddjihwjtfkwegrjrymctnfixv/Build/Products/Debug/PackageFrameworks -F /Users/steipete/Library/Developer/Xcode/DerivedData/CodeLooper-crrddjihwjtfkwegrjrymctnfixv/Build/Products/Debug/PackageFrameworks -F /Users/steipete/Library/Developer/Xcode/DerivedData/CodeLooper-crrddjihwjtfkwegrjrymctnfixv/Build/Products/Debug/PackageFrameworks -F /Users/steipete/Library/Developer/Xcode/DerivedData/CodeLooper-crrddjihwjtfkwegrjrymctnfixv/Build/Products/Debug/PackageFrameworks -F /Users/steipete/Library/Developer/Xcode/DerivedData/CodeLooper-crrddjihwjtfkwegrjrymctnfixv/Build/Products/Debug/PackageFrameworks -F /Users/steipete/Library/Developer/Xcode/DerivedData/CodeLooper-crrddjihwjtfkwegrjrymctnfixv/Build/Products/Debug -F /Applications/Xcode-beta.app/Contents/Developer/Platforms/MacOSX.platform/Developer/Library/Frameworks -c -j16 -enable-batch-mode -incremental -Xcc -ivfsstatcache -Xcc /Users/steipete/Library/Developer/Xcode/DerivedData/SDKStatCaches.noindex/macosx26.0-25A5279m-5d9328ff1a6613a11d359de947506b52.sdkstatcache -output-file-map /Users/steipete/Library/Developer/Xcode/DerivedData/CodeLooper-crrddjihwjtfkwegrjrymctnfixv/Build/Intermediates.noindex/swift-nio.build/Debug/NIOTLS.build/Objects-normal/arm64/NIOTLS-OutputFileMap.json -use-frontend-parseable-output -save-temps -no-color-diagnostics -explicit-module-build -module-cache-path /Users/steipete/Library/Developer/Xcode/DerivedData/CodeLooper-crrddjihwjtfkwegrjrymctnfixv/Build/Intermediates.noindex/SwiftExplicitPrecompiledModules -clang-scanner-module-cache-path /Users/steipete/Library/Developer/Xcode/DerivedData/ModuleCache.noindex -sdk-module-cache-path /Users/steipete/Library/Developer/Xcode/DerivedData/ModuleCache.noindex -serialize-diagnostics -emit-dependencies -emit-module -emit-module-path /Users/steipete/Library/Developer/Xcode/DerivedData/CodeLooper-crrddjihwjtfkwegrjrymctnfixv/Build/Intermediates.noindex/swift-nio.build/Debug/NIOTLS.build/Objects-normal/arm64/NIOTLS.swiftmodule -validate-clang-modules-once -clang-build-session-file /Users/steipete/Library/Developer/Xcode/DerivedData/ModuleCache.noindex/Session.modulevalidation -package-name swift_nio -Xcc -I/Users/steipete/Library/Developer/Xcode/DerivedData/CodeLooper-crrddjihwjtfkwegrjrymctnfixv/Build/Intermediates.noindex/swift-nio.build/Debug/NIOTLS.build/swift-overrides.hmap -emit-const-values -Xfrontend -const-gather-protocols-file -Xfrontend /Users/steipete/Library/Developer/Xcode/DerivedData/CodeLooper-crrddjihwjtfkwegrjrymctnfixv/Build/Intermediates.noindex/swift-nio.build/Debug/NIOTLS.build/Objects-normal/arm64/NIOTLS_const_extract_protocols.json -Xcc -I/Users/steipete/Library/Developer/Xcode/DerivedData/CodeLooper-crrddjihwjtfkwegrjrymctnfixv/SourcePackages/checkouts/swift-atomics/Sources/_AtomicsShims/include -Xcc -I/Users/steipete/Library/Developer/Xcode/DerivedData/CodeLooper-crrddjihwjtfkwegrjrymctnfixv/SourcePackages/checkouts/swift-nio/Sources/CNIOWASI/include -Xcc -I/Users/steipete/Library/Developer/Xcode/DerivedData/CodeLooper-crrddjihwjtfkwegrjrymctnfixv/SourcePackages/checkouts/swift-nio/Sources/CNIOWindows/include -Xcc -I/Users/steipete/Library/Developer/Xcode/DerivedData/CodeLooper-crrddjihwjtfkwegrjrymctnfixv/SourcePackages/checkouts/swift-nio/Sources/CNIOLinux/include -Xcc -I/Users/steipete/Library/Developer/Xcode/DerivedData/CodeLooper-crrddjihwjtfkwegrjrymctnfixv/SourcePackages/checkouts/swift-nio/Sources/CNIODarwin/include -Xcc -I/Users/steipete/Library/Developer/Xcode/DerivedData/CodeLooper-crrddjihwjtfkwegrjrymctnfixv/SourcePackages/checkouts/swift-nio/Sources/CNIOAtomics/include -Xcc -I/Users/steipete/Library/Developer/Xcode/DerivedData/CodeLooper-crrddjihwjtfkwegrjrymctnfixv/Build/Products/Debug/include -Xcc -I/Users/steipete/Library/Developer/Xcode/DerivedData/CodeLooper-crrddjihwjtfkwegrjrymctnfixv/Build/Intermediates.noindex/swift-nio.build/Debug/NIOTLS.build/DerivedSources-normal/arm64 -Xcc -I/Users/steipete/Library/Developer/Xcode/DerivedData/CodeLooper-crrddjihwjtfkwegrjrymctnfixv/Build/Intermediates.noindex/swift-nio.build/Debug/NIOTLS.build/DerivedSources/arm64 -Xcc -I/Users/steipete/Library/Developer/Xcode/DerivedData/CodeLooper-crrddjihwjtfkwegrjrymctnfixv/Build/Intermediates.noindex/swift-nio.build/Debug/NIOTLS.build/DerivedSources -Xcc -DSWIFT_PACKAGE -Xcc -DDEBUG\=1 -emit-objc-header -emit-objc-header-path /Users/steipete/Library/Developer/Xcode/DerivedData/CodeLooper-crrddjihwjtfkwegrjrymctnfixv/Build/Intermediates.noindex/swift-nio.build/Debug/NIOTLS.build/Objects-normal/arm64/NIOTLS-Swift.h -working-directory /Users/steipete/Projects/CodeLooper -experimental-emit-module-separately -disable-cmo

SwiftDriverJobDiscovery normal arm64 Compiling HTTPPipelineSetup.swift (in target 'NIOHTTP1' from project 'swift-nio')

SwiftCompile normal arm64 Compiling\ NIOTypedHTTPServerUpgraderStateMachine.swift /Users/steipete/Library/Developer/Xcode/DerivedData/CodeLooper-crrddjihwjtfkwegrjrymctnfixv/SourcePackages/checkouts/swift-nio/Sources/NIOHTTP1/NIOTypedHTTPServerUpgraderStateMachine.swift (in target 'NIOHTTP1' from project 'swift-nio')

SwiftCompile normal arm64 /Users/steipete/Library/Developer/Xcode/DerivedData/CodeLooper-crrddjihwjtfkwegrjrymctnfixv/SourcePackages/checkouts/swift-nio/Sources/NIOHTTP1/NIOTypedHTTPServerUpgraderStateMachine.swift (in target 'NIOHTTP1' from project 'swift-nio')
    cd /Users/steipete/Projects/CodeLooper
    

SwiftDriverJobDiscovery normal arm64 Compiling NIOTypedHTTPServerUpgradeHandler.swift (in target 'NIOHTTP1' from project 'swift-nio')

SwiftDriver NIOTransportServices normal arm64 com.apple.xcode.tools.swift.compiler (in target 'NIOTransportServices' from project 'swift-nio-transport-services')
    cd /Users/steipete/Projects/CodeLooper
    builtin-SwiftDriver -- /Applications/Xcode-beta.app/Contents/Developer/Toolchains/XcodeDefault.xctoolchain/usr/bin/swiftc -module-name NIOTransportServices -Onone -enforce-exclusivity\=checked @/Users/steipete/Library/Developer/Xcode/DerivedData/CodeLooper-crrddjihwjtfkwegrjrymctnfixv/Build/Intermediates.noindex/swift-nio-transport-services.build/Debug/NIOTransportServices.build/Objects-normal/arm64/NIOTransportServices.SwiftFileList -DSWIFT_PACKAGE -DDEBUG -DSWIFT_MODULE_RESOURCE_BUNDLE_UNAVAILABLE -Xcc -fmodule-map-file\=/Users/steipete/Library/Developer/Xcode/DerivedData/CodeLooper-crrddjihwjtfkwegrjrymctnfixv/Build/Intermediates.noindex/GeneratedModuleMaps/CNIOWASI.modulemap -Xcc -fmodule-map-file\=/Users/steipete/Library/Developer/Xcode/DerivedData/CodeLooper-crrddjihwjtfkwegrjrymctnfixv/Build/Intermediates.noindex/GeneratedModuleMaps/CNIOLinux.modulemap -Xcc -fmodule-map-file\=/Users/steipete/Library/Developer/Xcode/DerivedData/CodeLooper-crrddjihwjtfkwegrjrymctnfixv/Build/Intermediates.noindex/GeneratedModuleMaps/CNIODarwin.modulemap -Xcc -fmodule-map-file\=/Users/steipete/Library/Developer/Xcode/DerivedData/CodeLooper-crrddjihwjtfkwegrjrymctnfixv/Build/Intermediates.noindex/GeneratedModuleMaps/CNIOAtomics.modulemap -DXcode -enable-upcoming-feature StrictConcurrency -enable-upcoming-feature InferSendableFromCaptures -enable-upcoming-feature MemberImportVisibility -plugin-path /Applications/Xcode-beta.app/Contents/Developer/Toolchains/XcodeDefault.xctoolchain/usr/lib/swift/host/plugins/testing -enable-experimental-feature DebugDescriptionMacro -sdk /Applications/Xcode-beta.app/Contents/Developer/Platforms/MacOSX.platform/Developer/SDKs/MacOSX26.0.sdk -target arm64-apple-macos10.13 -g -module-cache-path /Users/steipete/Library/Developer/Xcode/DerivedData/ModuleCache.noindex -Xfrontend -serialize-debugging-options -profile-coverage-mapping -profile-generate -enable-testing -suppress-warnings -index-store-path /Users/steipete/Library/Developer/Xcode/DerivedData/CodeLooper-crrddjihwjtfkwegrjrymctnfixv/Index.noindex/DataStore -swift-version 5 -I /Users/steipete/Library/Developer/Xcode/DerivedData/CodeLooper-crrddjihwjtfkwegrjrymctnfixv/Build/Products/Debug -I /Applications/Xcode-beta.app/Contents/Developer/Platforms/MacOSX.platform/Developer/usr/lib -F /Users/steipete/Library/Developer/Xcode/DerivedData/CodeLooper-crrddjihwjtfkwegrjrymctnfixv/Build/Products/Debug/PackageFrameworks -F /Users/steipete/Library/Developer/Xcode/DerivedData/CodeLooper-crrddjihwjtfkwegrjrymctnfixv/Build/Products/Debug/PackageFrameworks -F /Users/steipete/Library/Developer/Xcode/DerivedData/CodeLooper-crrddjihwjtfkwegrjrymctnfixv/Build/Products/Debug/PackageFrameworks -F /Users/steipete/Library/Developer/Xcode/DerivedData/CodeLooper-crrddjihwjtfkwegrjrymctnfixv/Build/Products/Debug/PackageFrameworks -F /Users/steipete/Library/Developer/Xcode/DerivedData/CodeLooper-crrddjihwjtfkwegrjrymctnfixv/Build/Products/Debug/PackageFrameworks -F /Users/steipete/Library/Developer/Xcode/DerivedData/CodeLooper-crrddjihwjtfkwegrjrymctnfixv/Build/Products/Debug/PackageFrameworks -F /Users/steipete/Library/Developer/Xcode/DerivedData/CodeLooper-crrddjihwjtfkwegrjrymctnfixv/Build/Products/Debug/PackageFrameworks -F /Users/steipete/Library/Developer/Xcode/DerivedData/CodeLooper-crrddjihwjtfkwegrjrymctnfixv/Build/Products/Debug/PackageFrameworks -F /Users/steipete/Library/Developer/Xcode/DerivedData/CodeLooper-crrddjihwjtfkwegrjrymctnfixv/Build/Products/Debug/PackageFrameworks -F /Users/steipete/Library/Developer/Xcode/DerivedData/CodeLooper-crrddjihwjtfkwegrjrymctnfixv/Build/Products/Debug/PackageFrameworks -F /Users/steipete/Library/Developer/Xcode/DerivedData/CodeLooper-crrddjihwjtfkwegrjrymctnfixv/Build/Products/Debug/PackageFrameworks -F /Users/steipete/Library/Developer/Xcode/DerivedData/CodeLooper-crrddjihwjtfkwegrjrymctnfixv/Build/Products/Debug/PackageFrameworks -F /Users/steipete/Library/Developer/Xcode/DerivedData/CodeLooper-crrddjihwjtfkwegrjrymctnfixv/Build/Products/Debug/PackageFrameworks -F /Users/steipete/Library/Developer/Xcode/DerivedData/CodeLooper-crrddjihwjtfkwegrjrymctnfixv/Build/Products/Debug/PackageFrameworks -F /Users/steipete/Library/Developer/Xcode/DerivedData/CodeLooper-crrddjihwjtfkwegrjrymctnfixv/Build/Products/Debug/PackageFrameworks -F /Users/steipete/Library/Developer/Xcode/DerivedData/CodeLooper-crrddjihwjtfkwegrjrymctnfixv/Build/Products/Debug/PackageFrameworks -F /Users/steipete/Library/Developer/Xcode/DerivedData/CodeLooper-crrddjihwjtfkwegrjrymctnfixv/Build/Products/Debug/PackageFrameworks -F /Users/steipete/Library/Developer/Xcode/DerivedData/CodeLooper-crrddjihwjtfkwegrjrymctnfixv/Build/Products/Debug/PackageFrameworks -F /Users/steipete/Library/Developer/Xcode/DerivedData/CodeLooper-crrddjihwjtfkwegrjrymctnfixv/Build/Products/Debug -F /Applications/Xcode-beta.app/Contents/Developer/Platforms/MacOSX.platform/Developer/Library/Frameworks -c -j16 -enable-batch-mode -incremental -Xcc -ivfsstatcache -Xcc /Users/steipete/Library/Developer/Xcode/DerivedData/SDKStatCaches.noindex/macosx26.0-25A5279m-5d9328ff1a6613a11d359de947506b52.sdkstatcache -output-file-map /Users/steipete/Library/Developer/Xcode/DerivedData/CodeLooper-crrddjihwjtfkwegrjrymctnfixv/Build/Intermediates.noindex/swift-nio-transport-services.build/Debug/NIOTransportServices.build/Objects-normal/arm64/NIOTransportServices-OutputFileMap.json -use-frontend-parseable-output -save-temps -no-color-diagnostics -explicit-module-build -module-cache-path /Users/steipete/Library/Developer/Xcode/DerivedData/CodeLooper-crrddjihwjtfkwegrjrymctnfixv/Build/Intermediates.noindex/SwiftExplicitPrecompiledModules -clang-scanner-module-cache-path /Users/steipete/Library/Developer/Xcode/DerivedData/ModuleCache.noindex -sdk-module-cache-path /Users/steipete/Library/Developer/Xcode/DerivedData/ModuleCache.noindex -serialize-diagnostics -emit-dependencies -emit-module -emit-module-path /Users/steipete/Library/Developer/Xcode/DerivedData/CodeLooper-crrddjihwjtfkwegrjrymctnfixv/Build/Intermediates.noindex/swift-nio-transport-services.build/Debug/NIOTransportServices.build/Objects-normal/arm64/NIOTransportServices.swiftmodule -validate-clang-modules-once -clang-build-session-file /Users/steipete/Library/Developer/Xcode/DerivedData/ModuleCache.noindex/Session.modulevalidation -Xcc -I/Users/steipete/Library/Developer/Xcode/DerivedData/CodeLooper-crrddjihwjtfkwegrjrymctnfixv/Build/Intermediates.noindex/swift-nio-transport-services.build/Debug/NIOTransportServices.build/swift-overrides.hmap -emit-const-values -Xfrontend -const-gather-protocols-file -Xfrontend /Users/steipete/Library/Developer/Xcode/DerivedData/CodeLooper-crrddjihwjtfkwegrjrymctnfixv/Build/Intermediates.noindex/swift-nio-transport-services.build/Debug/NIOTransportServices.build/Objects-normal/arm64/NIOTransportServices_const_extract_protocols.json -Xcc -I/Users/steipete/Library/Developer/Xcode/DerivedData/CodeLooper-crrddjihwjtfkwegrjrymctnfixv/SourcePackages/checkouts/swift-nio/Sources/CNIOWASI/include -Xcc -I/Users/steipete/Library/Developer/Xcode/DerivedData/CodeLooper-crrddjihwjtfkwegrjrymctnfixv/SourcePackages/checkouts/swift-nio/Sources/CNIOWindows/include -Xcc -I/Users/steipete/Library/Developer/Xcode/DerivedData/CodeLooper-crrddjihwjtfkwegrjrymctnfixv/SourcePackages/checkouts/swift-nio/Sources/CNIOLinux/include -Xcc -I/Users/steipete/Library/Developer/Xcode/DerivedData/CodeLooper-crrddjihwjtfkwegrjrymctnfixv/SourcePackages/checkouts/swift-nio/Sources/CNIODarwin/include -Xcc -I/Users/steipete/Library/Developer/Xcode/DerivedData/CodeLooper-crrddjihwjtfkwegrjrymctnfixv/SourcePackages/checkouts/swift-nio/Sources/CNIOAtomics/include -Xcc -I/Users/steipete/Library/Developer/Xcode/DerivedData/CodeLooper-crrddjihwjtfkwegrjrymctnfixv/SourcePackages/checkouts/swift-atomics/Sources/_AtomicsShims/include -Xcc -I/Users/steipete/Library/Developer/Xcode/DerivedData/CodeLooper-crrddjihwjtfkwegrjrymctnfixv/Build/Products/Debug/include -Xcc -I/Users/steipete/Library/Developer/Xcode/DerivedData/CodeLooper-crrddjihwjtfkwegrjrymctnfixv/Build/Intermediates.noindex/swift-nio-transport-services.build/Debug/NIOTransportServices.build/DerivedSources-normal/arm64 -Xcc -I/Users/steipete/Library/Developer/Xcode/DerivedData/CodeLooper-crrddjihwjtfkwegrjrymctnfixv/Build/Intermediates.noindex/swift-nio-transport-services.build/Debug/NIOTransportServices.build/DerivedSources/arm64 -Xcc -I/Users/steipete/Library/Developer/Xcode/DerivedData/CodeLooper-crrddjihwjtfkwegrjrymctnfixv/Build/Intermediates.noindex/swift-nio-transport-services.build/Debug/NIOTransportServices.build/DerivedSources -Xcc -DSWIFT_PACKAGE -Xcc -DDEBUG\=1 -emit-objc-header -emit-objc-header-path /Users/steipete/Library/Developer/Xcode/DerivedData/CodeLooper-crrddjihwjtfkwegrjrymctnfixv/Build/Intermediates.noindex/swift-nio-transport-services.build/Debug/NIOTransportServices.build/Objects-normal/arm64/NIOTransportServices-Swift.h -working-directory /Users/steipete/Projects/CodeLooper -experimental-emit-module-separately -disable-cmo

SwiftDriverJobDiscovery normal arm64 Compiling NIOTypedHTTPClientUpgraderStateMachine.swift (in target 'NIOHTTP1' from project 'swift-nio')

SwiftDriverJobDiscovery normal arm64 Compiling NIOHTTPObjectAggregator.swift (in target 'NIOHTTP1' from project 'swift-nio')

SwiftDriverJobDiscovery normal arm64 Compiling HTTPServerUpgradeHandler.swift (in target 'NIOHTTP1' from project 'swift-nio')

SwiftDriverJobDiscovery normal arm64 Compiling HTTPHeaderValidator.swift (in target 'NIOHTTP1' from project 'swift-nio')

SwiftDriverJobDiscovery normal arm64 Compiling HTTPEncoder.swift (in target 'NIOHTTP1' from project 'swift-nio')

SwiftDriverJobDiscovery normal arm64 Compiling NIOTypedHTTPClientUpgradeHandler.swift (in target 'NIOHTTP1' from project 'swift-nio')

SwiftDriverJobDiscovery normal arm64 Emitting module for NIOHTTP1 (in target 'NIOHTTP1' from project 'swift-nio')

SwiftDriver\ Compilation\ Requirements NIOHTTP1 normal arm64 com.apple.xcode.tools.swift.compiler (in target 'NIOHTTP1' from project 'swift-nio')
    cd /Users/steipete/Projects/CodeLooper
    builtin-Swift-Compilation-Requirements -- /Applications/Xcode-beta.app/Contents/Developer/Toolchains/XcodeDefault.xctoolchain/usr/bin/swiftc -module-name NIOHTTP1 -Onone -enforce-exclusivity\=checked @/Users/steipete/Library/Developer/Xcode/DerivedData/CodeLooper-crrddjihwjtfkwegrjrymctnfixv/Build/Intermediates.noindex/swift-nio.build/Debug/NIOHTTP1.build/Objects-normal/arm64/NIOHTTP1.SwiftFileList -DSWIFT_PACKAGE -DDEBUG -DSWIFT_MODULE_RESOURCE_BUNDLE_UNAVAILABLE -Xcc -fmodule-map-file\=/Users/steipete/Library/Developer/Xcode/DerivedData/CodeLooper-crrddjihwjtfkwegrjrymctnfixv/Build/Intermediates.noindex/GeneratedModuleMaps/CNIOLLHTTP.modulemap -Xcc -fmodule-map-file\=/Users/steipete/Library/Developer/Xcode/DerivedData/CodeLooper-crrddjihwjtfkwegrjrymctnfixv/Build/Intermediates.noindex/GeneratedModuleMaps/CNIOWASI.modulemap -Xcc -fmodule-map-file\=/Users/steipete/Library/Developer/Xcode/DerivedData/CodeLooper-crrddjihwjtfkwegrjrymctnfixv/Build/Intermediates.noindex/GeneratedModuleMaps/CNIOLinux.modulemap -Xcc -fmodule-map-file\=/Users/steipete/Library/Developer/Xcode/DerivedData/CodeLooper-crrddjihwjtfkwegrjrymctnfixv/Build/Intermediates.noindex/GeneratedModuleMaps/CNIODarwin.modulemap -Xcc -fmodule-map-file\=/Users/steipete/Library/Developer/Xcode/DerivedData/CodeLooper-crrddjihwjtfkwegrjrymctnfixv/Build/Intermediates.noindex/GeneratedModuleMaps/CNIOAtomics.modulemap -DXcode -enable-upcoming-feature StrictConcurrency -enable-upcoming-feature InferSendableFromCaptures -enable-upcoming-feature MemberImportVisibility -plugin-path /Applications/Xcode-beta.app/Contents/Developer/Toolchains/XcodeDefault.xctoolchain/usr/lib/swift/host/plugins/testing -enable-experimental-feature DebugDescriptionMacro -sdk /Applications/Xcode-beta.app/Contents/Developer/Platforms/MacOSX.platform/Developer/SDKs/MacOSX26.0.sdk -target arm64-apple-macos10.13 -g -module-cache-path /Users/steipete/Library/Developer/Xcode/DerivedData/ModuleCache.noindex -Xfrontend -serialize-debugging-options -profile-coverage-mapping -profile-generate -enable-testing -suppress-warnings -index-store-path /Users/steipete/Library/Developer/Xcode/DerivedData/CodeLooper-crrddjihwjtfkwegrjrymctnfixv/Index.noindex/DataStore -swift-version 5 -I /Users/steipete/Library/Developer/Xcode/DerivedData/CodeLooper-crrddjihwjtfkwegrjrymctnfixv/Build/Products/Debug -I /Applications/Xcode-beta.app/Contents/Developer/Platforms/MacOSX.platform/Developer/usr/lib -F /Users/steipete/Library/Developer/Xcode/DerivedData/CodeLooper-crrddjihwjtfkwegrjrymctnfixv/Build/Products/Debug/PackageFrameworks -F /Users/steipete/Library/Developer/Xcode/DerivedData/CodeLooper-crrddjihwjtfkwegrjrymctnfixv/Build/Products/Debug/PackageFrameworks -F /Users/steipete/Library/Developer/Xcode/DerivedData/CodeLooper-crrddjihwjtfkwegrjrymctnfixv/Build/Products/Debug/PackageFrameworks -F /Users/steipete/Library/Developer/Xcode/DerivedData/CodeLooper-crrddjihwjtfkwegrjrymctnfixv/Build/Products/Debug/PackageFrameworks -F /Users/steipete/Library/Developer/Xcode/DerivedData/CodeLooper-crrddjihwjtfkwegrjrymctnfixv/Build/Products/Debug/PackageFrameworks -F /Users/steipete/Library/Developer/Xcode/DerivedData/CodeLooper-crrddjihwjtfkwegrjrymctnfixv/Build/Products/Debug/PackageFrameworks -F /Users/steipete/Library/Developer/Xcode/DerivedData/CodeLooper-crrddjihwjtfkwegrjrymctnfixv/Build/Products/Debug/PackageFrameworks -F /Users/steipete/Library/Developer/Xcode/DerivedData/CodeLooper-crrddjihwjtfkwegrjrymctnfixv/Build/Products/Debug/PackageFrameworks -F /Users/steipete/Library/Developer/Xcode/DerivedData/CodeLooper-crrddjihwjtfkwegrjrymctnfixv/Build/Products/Debug/PackageFrameworks -F /Users/steipete/Library/Developer/Xcode/DerivedData/CodeLooper-crrddjihwjtfkwegrjrymctnfixv/Build/Products/Debug/PackageFrameworks -F /Users/steipete/Library/Developer/Xcode/DerivedData/CodeLooper-crrddjihwjtfkwegrjrymctnfixv/Build/Products/Debug/PackageFrameworks -F /Users/steipete/Library/Developer/Xcode/DerivedData/CodeLooper-crrddjihwjtfkwegrjrymctnfixv/Build/Products/Debug/PackageFrameworks -F /Users/steipete/Library/Developer/Xcode/DerivedData/CodeLooper-crrddjihwjtfkwegrjrymctnfixv/Build/Products/Debug/PackageFrameworks -F /Users/steipete/Library/Developer/Xcode/DerivedData/CodeLooper-crrddjihwjtfkwegrjrymctnfixv/Build/Products/Debug/PackageFrameworks -F /Users/steipete/Library/Developer/Xcode/DerivedData/CodeLooper-crrddjihwjtfkwegrjrymctnfixv/Build/Products/Debug/PackageFrameworks -F /Users/steipete/Library/Developer/Xcode/DerivedData/CodeLooper-crrddjihwjtfkwegrjrymctnfixv/Build/Products/Debug/PackageFrameworks -F /Users/steipete/Library/Developer/Xcode/DerivedData/CodeLooper-crrddjihwjtfkwegrjrymctnfixv/Build/Products/Debug/PackageFrameworks -F /Users/steipete/Library/Developer/Xcode/DerivedData/CodeLooper-crrddjihwjtfkwegrjrymctnfixv/Build/Products/Debug -F /Applications/Xcode-beta.app/Contents/Developer/Platforms/MacOSX.platform/Developer/Library/Frameworks -c -j16 -enable-batch-mode -incremental -Xcc -ivfsstatcache -Xcc /Users/steipete/Library/Developer/Xcode/DerivedData/SDKStatCaches.noindex/macosx26.0-25A5279m-5d9328ff1a6613a11d359de947506b52.sdkstatcache -output-file-map /Users/steipete/Library/Developer/Xcode/DerivedData/CodeLooper-crrddjihwjtfkwegrjrymctnfixv/Build/Intermediates.noindex/swift-nio.build/Debug/NIOHTTP1.build/Objects-normal/arm64/NIOHTTP1-OutputFileMap.json -use-frontend-parseable-output -save-temps -no-color-diagnostics -explicit-module-build -module-cache-path /Users/steipete/Library/Developer/Xcode/DerivedData/CodeLooper-crrddjihwjtfkwegrjrymctnfixv/Build/Intermediates.noindex/SwiftExplicitPrecompiledModules -clang-scanner-module-cache-path /Users/steipete/Library/Developer/Xcode/DerivedData/ModuleCache.noindex -sdk-module-cache-path /Users/steipete/Library/Developer/Xcode/DerivedData/ModuleCache.noindex -serialize-diagnostics -emit-dependencies -emit-module -emit-module-path /Users/steipete/Library/Developer/Xcode/DerivedData/CodeLooper-crrddjihwjtfkwegrjrymctnfixv/Build/Intermediates.noindex/swift-nio.build/Debug/NIOHTTP1.build/Objects-normal/arm64/NIOHTTP1.swiftmodule -validate-clang-modules-once -clang-build-session-file /Users/steipete/Library/Developer/Xcode/DerivedData/ModuleCache.noindex/Session.modulevalidation -package-name swift_nio -Xcc -I/Users/steipete/Library/Developer/Xcode/DerivedData/CodeLooper-crrddjihwjtfkwegrjrymctnfixv/Build/Intermediates.noindex/swift-nio.build/Debug/NIOHTTP1.build/swift-overrides.hmap -emit-const-values -Xfrontend -const-gather-protocols-file -Xfrontend /Users/steipete/Library/Developer/Xcode/DerivedData/CodeLooper-crrddjihwjtfkwegrjrymctnfixv/Build/Intermediates.noindex/swift-nio.build/Debug/NIOHTTP1.build/Objects-normal/arm64/NIOHTTP1_const_extract_protocols.json -Xcc -I/Users/steipete/Library/Developer/Xcode/DerivedData/CodeLooper-crrddjihwjtfkwegrjrymctnfixv/SourcePackages/checkouts/swift-atomics/Sources/_AtomicsShims/include -Xcc -I/Users/steipete/Library/Developer/Xcode/DerivedData/CodeLooper-crrddjihwjtfkwegrjrymctnfixv/SourcePackages/checkouts/swift-nio/Sources/CNIOLLHTTP/include -Xcc -I/Users/steipete/Library/Developer/Xcode/DerivedData/CodeLooper-crrddjihwjtfkwegrjrymctnfixv/SourcePackages/checkouts/swift-nio/Sources/CNIOWASI/include -Xcc -I/Users/steipete/Library/Developer/Xcode/DerivedData/CodeLooper-crrddjihwjtfkwegrjrymctnfixv/SourcePackages/checkouts/swift-nio/Sources/CNIOWindows/include -Xcc -I/Users/steipete/Library/Developer/Xcode/DerivedData/CodeLooper-crrddjihwjtfkwegrjrymctnfixv/SourcePackages/checkouts/swift-nio/Sources/CNIOLinux/include -Xcc -I/Users/steipete/Library/Developer/Xcode/DerivedData/CodeLooper-crrddjihwjtfkwegrjrymctnfixv/SourcePackages/checkouts/swift-nio/Sources/CNIODarwin/include -Xcc -I/Users/steipete/Library/Developer/Xcode/DerivedData/CodeLooper-crrddjihwjtfkwegrjrymctnfixv/SourcePackages/checkouts/swift-nio/Sources/CNIOAtomics/include -Xcc -I/Users/steipete/Library/Developer/Xcode/DerivedData/CodeLooper-crrddjihwjtfkwegrjrymctnfixv/Build/Products/Debug/include -Xcc -I/Users/steipete/Library/Developer/Xcode/DerivedData/CodeLooper-crrddjihwjtfkwegrjrymctnfixv/Build/Intermediates.noindex/swift-nio.build/Debug/NIOHTTP1.build/DerivedSources-normal/arm64 -Xcc -I/Users/steipete/Library/Developer/Xcode/DerivedData/CodeLooper-crrddjihwjtfkwegrjrymctnfixv/Build/Intermediates.noindex/swift-nio.build/Debug/NIOHTTP1.build/DerivedSources/arm64 -Xcc -I/Users/steipete/Library/Developer/Xcode/DerivedData/CodeLooper-crrddjihwjtfkwegrjrymctnfixv/Build/Intermediates.noindex/swift-nio.build/Debug/NIOHTTP1.build/DerivedSources -Xcc -DSWIFT_PACKAGE -Xcc -DDEBUG\=1 -emit-objc-header -emit-objc-header-path /Users/steipete/Library/Developer/Xcode/DerivedData/CodeLooper-crrddjihwjtfkwegrjrymctnfixv/Build/Intermediates.noindex/swift-nio.build/Debug/NIOHTTP1.build/Objects-normal/arm64/NIOHTTP1-Swift.h -working-directory /Users/steipete/Projects/CodeLooper -experimental-emit-module-separately -disable-cmo

SwiftMergeGeneratedHeaders /Users/steipete/Library/Developer/Xcode/DerivedData/CodeLooper-crrddjihwjtfkwegrjrymctnfixv/Build/Intermediates.noindex/GeneratedModuleMaps/NIOHTTP1-Swift.h /Users/steipete/Library/Developer/Xcode/DerivedData/CodeLooper-crrddjihwjtfkwegrjrymctnfixv/Build/Intermediates.noindex/swift-nio.build/Debug/NIOHTTP1.build/Objects-normal/arm64/NIOHTTP1-Swift.h (in target 'NIOHTTP1' from project 'swift-nio')
    cd /Users/steipete/Library/Developer/Xcode/DerivedData/CodeLooper-crrddjihwjtfkwegrjrymctnfixv/SourcePackages/checkouts/swift-nio
    builtin-swiftHeaderTool -arch arm64 /Users/steipete/Library/Developer/Xcode/DerivedData/CodeLooper-crrddjihwjtfkwegrjrymctnfixv/Build/Intermediates.noindex/swift-nio.build/Debug/NIOHTTP1.build/Objects-normal/arm64/NIOHTTP1-Swift.h -o /Users/steipete/Library/Developer/Xcode/DerivedData/CodeLooper-crrddjihwjtfkwegrjrymctnfixv/Build/Intermediates.noindex/GeneratedModuleMaps/NIOHTTP1-Swift.h

Copy /Users/steipete/Library/Developer/Xcode/DerivedData/CodeLooper-crrddjihwjtfkwegrjrymctnfixv/Build/Products/Debug/NIOHTTP1.swiftmodule/arm64-apple-macos.swiftmodule /Users/steipete/Library/Developer/Xcode/DerivedData/CodeLooper-crrddjihwjtfkwegrjrymctnfixv/Build/Intermediates.noindex/swift-nio.build/Debug/NIOHTTP1.build/Objects-normal/arm64/NIOHTTP1.swiftmodule (in target 'NIOHTTP1' from project 'swift-nio')
    cd /Users/steipete/Library/Developer/Xcode/DerivedData/CodeLooper-crrddjihwjtfkwegrjrymctnfixv/SourcePackages/checkouts/swift-nio
    builtin-copy -exclude .DS_Store -exclude CVS -exclude .svn -exclude .git -exclude .hg -resolve-src-symlinks -rename /Users/steipete/Library/Developer/Xcode/DerivedData/CodeLooper-crrddjihwjtfkwegrjrymctnfixv/Build/Intermediates.noindex/swift-nio.build/Debug/NIOHTTP1.build/Objects-normal/arm64/NIOHTTP1.swiftmodule /Users/steipete/Library/Developer/Xcode/DerivedData/CodeLooper-crrddjihwjtfkwegrjrymctnfixv/Build/Products/Debug/NIOHTTP1.swiftmodule/arm64-apple-macos.swiftmodule

Copy /Users/steipete/Library/Developer/Xcode/DerivedData/CodeLooper-crrddjihwjtfkwegrjrymctnfixv/Build/Products/Debug/NIOHTTP1.swiftmodule/arm64-apple-macos.abi.json /Users/steipete/Library/Developer/Xcode/DerivedData/CodeLooper-crrddjihwjtfkwegrjrymctnfixv/Build/Intermediates.noindex/swift-nio.build/Debug/NIOHTTP1.build/Objects-normal/arm64/NIOHTTP1.abi.json (in target 'NIOHTTP1' from project 'swift-nio')
    cd /Users/steipete/Library/Developer/Xcode/DerivedData/CodeLooper-crrddjihwjtfkwegrjrymctnfixv/SourcePackages/checkouts/swift-nio
    builtin-copy -exclude .DS_Store -exclude CVS -exclude .svn -exclude .git -exclude .hg -resolve-src-symlinks -rename /Users/steipete/Library/Developer/Xcode/DerivedData/CodeLooper-crrddjihwjtfkwegrjrymctnfixv/Build/Intermediates.noindex/swift-nio.build/Debug/NIOHTTP1.build/Objects-normal/arm64/NIOHTTP1.abi.json /Users/steipete/Library/Developer/Xcode/DerivedData/CodeLooper-crrddjihwjtfkwegrjrymctnfixv/Build/Products/Debug/NIOHTTP1.swiftmodule/arm64-apple-macos.abi.json

Copy /Users/steipete/Library/Developer/Xcode/DerivedData/CodeLooper-crrddjihwjtfkwegrjrymctnfixv/Build/Products/Debug/NIOHTTP1.swiftmodule/arm64-apple-macos.swiftdoc /Users/steipete/Library/Developer/Xcode/DerivedData/CodeLooper-crrddjihwjtfkwegrjrymctnfixv/Build/Intermediates.noindex/swift-nio.build/Debug/NIOHTTP1.build/Objects-normal/arm64/NIOHTTP1.swiftdoc (in target 'NIOHTTP1' from project 'swift-nio')
    cd /Users/steipete/Library/Developer/Xcode/DerivedData/CodeLooper-crrddjihwjtfkwegrjrymctnfixv/SourcePackages/checkouts/swift-nio
    builtin-copy -exclude .DS_Store -exclude CVS -exclude .svn -exclude .git -exclude .hg -resolve-src-symlinks -rename /Users/steipete/Library/Developer/Xcode/DerivedData/CodeLooper-crrddjihwjtfkwegrjrymctnfixv/Build/Intermediates.noindex/swift-nio.build/Debug/NIOHTTP1.build/Objects-normal/arm64/NIOHTTP1.swiftdoc /Users/steipete/Library/Developer/Xcode/DerivedData/CodeLooper-crrddjihwjtfkwegrjrymctnfixv/Build/Products/Debug/NIOHTTP1.swiftmodule/arm64-apple-macos.swiftdoc

Copy /Users/steipete/Library/Developer/Xcode/DerivedData/CodeLooper-crrddjihwjtfkwegrjrymctnfixv/Build/Products/Debug/NIOHTTP1.swiftmodule/Project/arm64-apple-macos.swiftsourceinfo /Users/steipete/Library/Developer/Xcode/DerivedData/CodeLooper-crrddjihwjtfkwegrjrymctnfixv/Build/Intermediates.noindex/swift-nio.build/Debug/NIOHTTP1.build/Objects-normal/arm64/NIOHTTP1.swiftsourceinfo (in target 'NIOHTTP1' from project 'swift-nio')
    cd /Users/steipete/Library/Developer/Xcode/DerivedData/CodeLooper-crrddjihwjtfkwegrjrymctnfixv/SourcePackages/checkouts/swift-nio
    builtin-copy -exclude .DS_Store -exclude CVS -exclude .svn -exclude .git -exclude .hg -resolve-src-symlinks -rename /Users/steipete/Library/Developer/Xcode/DerivedData/CodeLooper-crrddjihwjtfkwegrjrymctnfixv/Build/Intermediates.noindex/swift-nio.build/Debug/NIOHTTP1.build/Objects-normal/arm64/NIOHTTP1.swiftsourceinfo /Users/steipete/Library/Developer/Xcode/DerivedData/CodeLooper-crrddjihwjtfkwegrjrymctnfixv/Build/Products/Debug/NIOHTTP1.swiftmodule/Project/arm64-apple-macos.swiftsourceinfo

SwiftDriverJobDiscovery normal arm64 Compiling NIOHTTPClientUpgradeHandler.swift (in target 'NIOHTTP1' from project 'swift-nio')

SwiftDriver NIOHTTPTypesHTTP1 normal arm64 com.apple.xcode.tools.swift.compiler (in target 'NIOHTTPTypesHTTP1' from project 'swift-nio-extras')
    cd /Users/steipete/Projects/CodeLooper
    builtin-SwiftDriver -- /Applications/Xcode-beta.app/Contents/Developer/Toolchains/XcodeDefault.xctoolchain/usr/bin/swiftc -module-name NIOHTTPTypesHTTP1 -Onone -enforce-exclusivity\=checked @/Users/steipete/Library/Developer/Xcode/DerivedData/CodeLooper-crrddjihwjtfkwegrjrymctnfixv/Build/Intermediates.noindex/swift-nio-extras.build/Debug/NIOHTTPTypesHTTP1.build/Objects-normal/arm64/NIOHTTPTypesHTTP1.SwiftFileList -DSWIFT_PACKAGE -DDEBUG -DSWIFT_MODULE_RESOURCE_BUNDLE_UNAVAILABLE -Xcc -fmodule-map-file\=/Users/steipete/Library/Developer/Xcode/DerivedData/CodeLooper-crrddjihwjtfkwegrjrymctnfixv/Build/Intermediates.noindex/GeneratedModuleMaps/CNIOLLHTTP.modulemap -Xcc -fmodule-map-file\=/Users/steipete/Library/Developer/Xcode/DerivedData/CodeLooper-crrddjihwjtfkwegrjrymctnfixv/Build/Intermediates.noindex/GeneratedModuleMaps/CNIOWASI.modulemap -Xcc -fmodule-map-file\=/Users/steipete/Library/Developer/Xcode/DerivedData/CodeLooper-crrddjihwjtfkwegrjrymctnfixv/Build/Intermediates.noindex/GeneratedModuleMaps/CNIOLinux.modulemap -Xcc -fmodule-map-file\=/Users/steipete/Library/Developer/Xcode/DerivedData/CodeLooper-crrddjihwjtfkwegrjrymctnfixv/Build/Intermediates.noindex/GeneratedModuleMaps/CNIODarwin.modulemap -Xcc -fmodule-map-file\=/Users/steipete/Library/Developer/Xcode/DerivedData/CodeLooper-crrddjihwjtfkwegrjrymctnfixv/Build/Intermediates.noindex/GeneratedModuleMaps/CNIOAtomics.modulemap -DXcode -enable-upcoming-feature StrictConcurrency -enable-upcoming-feature InferSendableFromCaptures -enable-upcoming-feature MemberImportVisibility -plugin-path /Applications/Xcode-beta.app/Contents/Developer/Toolchains/XcodeDefault.xctoolchain/usr/lib/swift/host/plugins/testing -enable-experimental-feature DebugDescriptionMacro -sdk /Applications/Xcode-beta.app/Contents/Developer/Platforms/MacOSX.platform/Developer/SDKs/MacOSX26.0.sdk -target arm64-apple-macos10.13 -g -module-cache-path /Users/steipete/Library/Developer/Xcode/DerivedData/ModuleCache.noindex -Xfrontend -serialize-debugging-options -profile-coverage-mapping -profile-generate -enable-testing -suppress-warnings -index-store-path /Users/steipete/Library/Developer/Xcode/DerivedData/CodeLooper-crrddjihwjtfkwegrjrymctnfixv/Index.noindex/DataStore -swift-version 5 -I /Users/steipete/Library/Developer/Xcode/DerivedData/CodeLooper-crrddjihwjtfkwegrjrymctnfixv/Build/Products/Debug -I /Applications/Xcode-beta.app/Contents/Developer/Platforms/MacOSX.platform/Developer/usr/lib -F /Users/steipete/Library/Developer/Xcode/DerivedData/CodeLooper-crrddjihwjtfkwegrjrymctnfixv/Build/Products/Debug/PackageFrameworks -F /Users/steipete/Library/Developer/Xcode/DerivedData/CodeLooper-crrddjihwjtfkwegrjrymctnfixv/Build/Products/Debug/PackageFrameworks -F /Users/steipete/Library/Developer/Xcode/DerivedData/CodeLooper-crrddjihwjtfkwegrjrymctnfixv/Build/Products/Debug/PackageFrameworks -F /Users/steipete/Library/Developer/Xcode/DerivedData/CodeLooper-crrddjihwjtfkwegrjrymctnfixv/Build/Products/Debug/PackageFrameworks -F /Users/steipete/Library/Developer/Xcode/DerivedData/CodeLooper-crrddjihwjtfkwegrjrymctnfixv/Build/Products/Debug/PackageFrameworks -F /Users/steipete/Library/Developer/Xcode/DerivedData/CodeLooper-crrddjihwjtfkwegrjrymctnfixv/Build/Products/Debug/PackageFrameworks -F /Users/steipete/Library/Developer/Xcode/DerivedData/CodeLooper-crrddjihwjtfkwegrjrymctnfixv/Build/Products/Debug/PackageFrameworks -F /Users/steipete/Library/Developer/Xcode/DerivedData/CodeLooper-crrddjihwjtfkwegrjrymctnfixv/Build/Products/Debug/PackageFrameworks -F /Users/steipete/Library/Developer/Xcode/DerivedData/CodeLooper-crrddjihwjtfkwegrjrymctnfixv/Build/Products/Debug/PackageFrameworks -F /Users/steipete/Library/Developer/Xcode/DerivedData/CodeLooper-crrddjihwjtfkwegrjrymctnfixv/Build/Products/Debug/PackageFrameworks -F /Users/steipete/Library/Developer/Xcode/DerivedData/CodeLooper-crrddjihwjtfkwegrjrymctnfixv/Build/Products/Debug/PackageFrameworks -F /Users/steipete/Library/Developer/Xcode/DerivedData/CodeLooper-crrddjihwjtfkwegrjrymctnfixv/Build/Products/Debug/PackageFrameworks -F /Users/steipete/Library/Developer/Xcode/DerivedData/CodeLooper-crrddjihwjtfkwegrjrymctnfixv/Build/Products/Debug/PackageFrameworks -F /Users/steipete/Library/Developer/Xcode/DerivedData/CodeLooper-crrddjihwjtfkwegrjrymctnfixv/Build/Products/Debug/PackageFrameworks -F /Users/steipete/Library/Developer/Xcode/DerivedData/CodeLooper-crrddjihwjtfkwegrjrymctnfixv/Build/Products/Debug/PackageFrameworks -F /Users/steipete/Library/Developer/Xcode/DerivedData/CodeLooper-crrddjihwjtfkwegrjrymctnfixv/Build/Products/Debug/PackageFrameworks -F /Users/steipete/Library/Developer/Xcode/DerivedData/CodeLooper-crrddjihwjtfkwegrjrymctnfixv/Build/Products/Debug/PackageFrameworks -F /Users/steipete/Library/Developer/Xcode/DerivedData/CodeLooper-crrddjihwjtfkwegrjrymctnfixv/Build/Products/Debug/PackageFrameworks -F /Users/steipete/Library/Developer/Xcode/DerivedData/CodeLooper-crrddjihwjtfkwegrjrymctnfixv/Build/Products/Debug/PackageFrameworks -F /Users/steipete/Library/Developer/Xcode/DerivedData/CodeLooper-crrddjihwjtfkwegrjrymctnfixv/Build/Products/Debug/PackageFrameworks -F /Users/steipete/Library/Developer/Xcode/DerivedData/CodeLooper-crrddjihwjtfkwegrjrymctnfixv/Build/Products/Debug -F /Applications/Xcode-beta.app/Contents/Developer/Platforms/MacOSX.platform/Developer/Library/Frameworks -c -j16 -enable-batch-mode -incremental -Xcc -ivfsstatcache -Xcc /Users/steipete/Library/Developer/Xcode/DerivedData/SDKStatCaches.noindex/macosx26.0-25A5279m-5d9328ff1a6613a11d359de947506b52.sdkstatcache -output-file-map /Users/steipete/Library/Developer/Xcode/DerivedData/CodeLooper-crrddjihwjtfkwegrjrymctnfixv/Build/Intermediates.noindex/swift-nio-extras.build/Debug/NIOHTTPTypesHTTP1.build/Objects-normal/arm64/NIOHTTPTypesHTTP1-OutputFileMap.json -use-frontend-parseable-output -save-temps -no-color-diagnostics -explicit-module-build -module-cache-path /Users/steipete/Library/Developer/Xcode/DerivedData/CodeLooper-crrddjihwjtfkwegrjrymctnfixv/Build/Intermediates.noindex/SwiftExplicitPrecompiledModules -clang-scanner-module-cache-path /Users/steipete/Library/Developer/Xcode/DerivedData/ModuleCache.noindex -sdk-module-cache-path /Users/steipete/Library/Developer/Xcode/DerivedData/ModuleCache.noindex -serialize-diagnostics -emit-dependencies -emit-module -emit-module-path /Users/steipete/Library/Developer/Xcode/DerivedData/CodeLooper-crrddjihwjtfkwegrjrymctnfixv/Build/Intermediates.noindex/swift-nio-extras.build/Debug/NIOHTTPTypesHTTP1.build/Objects-normal/arm64/NIOHTTPTypesHTTP1.swiftmodule -validate-clang-modules-once -clang-build-session-file /Users/steipete/Library/Developer/Xcode/DerivedData/ModuleCache.noindex/Session.modulevalidation -package-name swift_nio_extras -Xcc -I/Users/steipete/Library/Developer/Xcode/DerivedData/CodeLooper-crrddjihwjtfkwegrjrymctnfixv/Build/Intermediates.noindex/swift-nio-extras.build/Debug/NIOHTTPTypesHTTP1.build/swift-overrides.hmap -emit-const-values -Xfrontend -const-gather-protocols-file -Xfrontend /Users/steipete/Library/Developer/Xcode/DerivedData/CodeLooper-crrddjihwjtfkwegrjrymctnfixv/Build/Intermediates.noindex/swift-nio-extras.build/Debug/NIOHTTPTypesHTTP1.build/Objects-normal/arm64/NIOHTTPTypesHTTP1_const_extract_protocols.json -Xcc -I/Users/steipete/Library/Developer/Xcode/DerivedData/CodeLooper-crrddjihwjtfkwegrjrymctnfixv/SourcePackages/checkouts/swift-atomics/Sources/_AtomicsShims/include -Xcc -I/Users/steipete/Library/Developer/Xcode/DerivedData/CodeLooper-crrddjihwjtfkwegrjrymctnfixv/SourcePackages/checkouts/swift-nio/Sources/CNIOLLHTTP/include -Xcc -I/Users/steipete/Library/Developer/Xcode/DerivedData/CodeLooper-crrddjihwjtfkwegrjrymctnfixv/SourcePackages/checkouts/swift-nio/Sources/CNIOWASI/include -Xcc -I/Users/steipete/Library/Developer/Xcode/DerivedData/CodeLooper-crrddjihwjtfkwegrjrymctnfixv/SourcePackages/checkouts/swift-nio/Sources/CNIOWindows/include -Xcc -I/Users/steipete/Library/Developer/Xcode/DerivedData/CodeLooper-crrddjihwjtfkwegrjrymctnfixv/SourcePackages/checkouts/swift-nio/Sources/CNIOLinux/include -Xcc -I/Users/steipete/Library/Developer/Xcode/DerivedData/CodeLooper-crrddjihwjtfkwegrjrymctnfixv/SourcePackages/checkouts/swift-nio/Sources/CNIODarwin/include -Xcc -I/Users/steipete/Library/Developer/Xcode/DerivedData/CodeLooper-crrddjihwjtfkwegrjrymctnfixv/SourcePackages/checkouts/swift-nio/Sources/CNIOAtomics/include -Xcc -I/Users/steipete/Library/Developer/Xcode/DerivedData/CodeLooper-crrddjihwjtfkwegrjrymctnfixv/Build/Products/Debug/include -Xcc -I/Users/steipete/Library/Developer/Xcode/DerivedData/CodeLooper-crrddjihwjtfkwegrjrymctnfixv/Build/Intermediates.noindex/swift-nio-extras.build/Debug/NIOHTTPTypesHTTP1.build/DerivedSources-normal/arm64 -Xcc -I/Users/steipete/Library/Developer/Xcode/DerivedData/CodeLooper-crrddjihwjtfkwegrjrymctnfixv/Build/Intermediates.noindex/swift-nio-extras.build/Debug/NIOHTTPTypesHTTP1.build/DerivedSources/arm64 -Xcc -I/Users/steipete/Library/Developer/Xcode/DerivedData/CodeLooper-crrddjihwjtfkwegrjrymctnfixv/Build/Intermediates.noindex/swift-nio-extras.build/Debug/NIOHTTPTypesHTTP1.build/DerivedSources -Xcc -DSWIFT_PACKAGE -Xcc -DDEBUG\=1 -emit-objc-header -emit-objc-header-path /Users/steipete/Library/Developer/Xcode/DerivedData/CodeLooper-crrddjihwjtfkwegrjrymctnfixv/Build/Intermediates.noindex/swift-nio-extras.build/Debug/NIOHTTPTypesHTTP1.build/Objects-normal/arm64/NIOHTTPTypesHTTP1-Swift.h -working-directory /Users/steipete/Projects/CodeLooper -experimental-emit-module-separately -disable-cmo

SwiftDriver NIOExtras normal arm64 com.apple.xcode.tools.swift.compiler (in target 'NIOExtras' from project 'swift-nio-extras')
    cd /Users/steipete/Projects/CodeLooper
    builtin-SwiftDriver -- /Applications/Xcode-beta.app/Contents/Developer/Toolchains/XcodeDefault.xctoolchain/usr/bin/swiftc -module-name NIOExtras -Onone -enforce-exclusivity\=checked @/Users/steipete/Library/Developer/Xcode/DerivedData/CodeLooper-crrddjihwjtfkwegrjrymctnfixv/Build/Intermediates.noindex/swift-nio-extras.build/Debug/NIOExtras.build/Objects-normal/arm64/NIOExtras.SwiftFileList -DSWIFT_PACKAGE -DDEBUG -DSWIFT_MODULE_RESOURCE_BUNDLE_UNAVAILABLE -Xcc -fmodule-map-file\=/Users/steipete/Library/Developer/Xcode/DerivedData/CodeLooper-crrddjihwjtfkwegrjrymctnfixv/Build/Intermediates.noindex/GeneratedModuleMaps/CNIOLLHTTP.modulemap -Xcc -fmodule-map-file\=/Users/steipete/Library/Developer/Xcode/DerivedData/CodeLooper-crrddjihwjtfkwegrjrymctnfixv/Build/Intermediates.noindex/GeneratedModuleMaps/CNIOWASI.modulemap -Xcc -fmodule-map-file\=/Users/steipete/Library/Developer/Xcode/DerivedData/CodeLooper-crrddjihwjtfkwegrjrymctnfixv/Build/Intermediates.noindex/GeneratedModuleMaps/CNIOLinux.modulemap -Xcc -fmodule-map-file\=/Users/steipete/Library/Developer/Xcode/DerivedData/CodeLooper-crrddjihwjtfkwegrjrymctnfixv/Build/Intermediates.noindex/GeneratedModuleMaps/CNIODarwin.modulemap -Xcc -fmodule-map-file\=/Users/steipete/Library/Developer/Xcode/DerivedData/CodeLooper-crrddjihwjtfkwegrjrymctnfixv/Build/Intermediates.noindex/GeneratedModuleMaps/CNIOAtomics.modulemap -DXcode -enable-upcoming-feature StrictConcurrency -enable-upcoming-feature InferSendableFromCaptures -enable-upcoming-feature MemberImportVisibility -plugin-path /Applications/Xcode-beta.app/Contents/Developer/Toolchains/XcodeDefault.xctoolchain/usr/lib/swift/host/plugins/testing -enable-experimental-feature DebugDescriptionMacro -sdk /Applications/Xcode-beta.app/Contents/Developer/Platforms/MacOSX.platform/Developer/SDKs/MacOSX26.0.sdk -target arm64-apple-macos10.13 -g -module-cache-path /Users/steipete/Library/Developer/Xcode/DerivedData/ModuleCache.noindex -Xfrontend -serialize-debugging-options -profile-coverage-mapping -profile-generate -enable-testing -suppress-warnings -index-store-path /Users/steipete/Library/Developer/Xcode/DerivedData/CodeLooper-crrddjihwjtfkwegrjrymctnfixv/Index.noindex/DataStore -swift-version 5 -I /Users/steipete/Library/Developer/Xcode/DerivedData/CodeLooper-crrddjihwjtfkwegrjrymctnfixv/Build/Products/Debug -I /Applications/Xcode-beta.app/Contents/Developer/Platforms/MacOSX.platform/Developer/usr/lib -F /Users/steipete/Library/Developer/Xcode/DerivedData/CodeLooper-crrddjihwjtfkwegrjrymctnfixv/Build/Products/Debug/PackageFrameworks -F /Users/steipete/Library/Developer/Xcode/DerivedData/CodeLooper-crrddjihwjtfkwegrjrymctnfixv/Build/Products/Debug/PackageFrameworks -F /Users/steipete/Library/Developer/Xcode/DerivedData/CodeLooper-crrddjihwjtfkwegrjrymctnfixv/Build/Products/Debug/PackageFrameworks -F /Users/steipete/Library/Developer/Xcode/DerivedData/CodeLooper-crrddjihwjtfkwegrjrymctnfixv/Build/Products/Debug/PackageFrameworks -F /Users/steipete/Library/Developer/Xcode/DerivedData/CodeLooper-crrddjihwjtfkwegrjrymctnfixv/Build/Products/Debug/PackageFrameworks -F /Users/steipete/Library/Developer/Xcode/DerivedData/CodeLooper-crrddjihwjtfkwegrjrymctnfixv/Build/Products/Debug/PackageFrameworks -F /Users/steipete/Library/Developer/Xcode/DerivedData/CodeLooper-crrddjihwjtfkwegrjrymctnfixv/Build/Products/Debug/PackageFrameworks -F /Users/steipete/Library/Developer/Xcode/DerivedData/CodeLooper-crrddjihwjtfkwegrjrymctnfixv/Build/Products/Debug/PackageFrameworks -F /Users/steipete/Library/Developer/Xcode/DerivedData/CodeLooper-crrddjihwjtfkwegrjrymctnfixv/Build/Products/Debug/PackageFrameworks -F /Users/steipete/Library/Developer/Xcode/DerivedData/CodeLooper-crrddjihwjtfkwegrjrymctnfixv/Build/Products/Debug/PackageFrameworks -F /Users/steipete/Library/Developer/Xcode/DerivedData/CodeLooper-crrddjihwjtfkwegrjrymctnfixv/Build/Products/Debug/PackageFrameworks -F /Users/steipete/Library/Developer/Xcode/DerivedData/CodeLooper-crrddjihwjtfkwegrjrymctnfixv/Build/Products/Debug/PackageFrameworks -F /Users/steipete/Library/Developer/Xcode/DerivedData/CodeLooper-crrddjihwjtfkwegrjrymctnfixv/Build/Products/Debug/PackageFrameworks -F /Users/steipete/Library/Developer/Xcode/DerivedData/CodeLooper-crrddjihwjtfkwegrjrymctnfixv/Build/Products/Debug/PackageFrameworks -F /Users/steipete/Library/Developer/Xcode/DerivedData/CodeLooper-crrddjihwjtfkwegrjrymctnfixv/Build/Products/Debug/PackageFrameworks -F /Users/steipete/Library/Developer/Xcode/DerivedData/CodeLooper-crrddjihwjtfkwegrjrymctnfixv/Build/Products/Debug/PackageFrameworks -F /Users/steipete/Library/Developer/Xcode/DerivedData/CodeLooper-crrddjihwjtfkwegrjrymctnfixv/Build/Products/Debug/PackageFrameworks -F /Users/steipete/Library/Developer/Xcode/DerivedData/CodeLooper-crrddjihwjtfkwegrjrymctnfixv/Build/Products/Debug/PackageFrameworks -F /Users/steipete/Library/Developer/Xcode/DerivedData/CodeLooper-crrddjihwjtfkwegrjrymctnfixv/Build/Products/Debug -F /Applications/Xcode-beta.app/Contents/Developer/Platforms/MacOSX.platform/Developer/Library/Frameworks -c -j16 -enable-batch-mode -incremental -Xcc -ivfsstatcache -Xcc /Users/steipete/Library/Developer/Xcode/DerivedData/SDKStatCaches.noindex/macosx26.0-25A5279m-5d9328ff1a6613a11d359de947506b52.sdkstatcache -output-file-map /Users/steipete/Library/Developer/Xcode/DerivedData/CodeLooper-crrddjihwjtfkwegrjrymctnfixv/Build/Intermediates.noindex/swift-nio-extras.build/Debug/NIOExtras.build/Objects-normal/arm64/NIOExtras-OutputFileMap.json -use-frontend-parseable-output -save-temps -no-color-diagnostics -explicit-module-build -module-cache-path /Users/steipete/Library/Developer/Xcode/DerivedData/CodeLooper-crrddjihwjtfkwegrjrymctnfixv/Build/Intermediates.noindex/SwiftExplicitPrecompiledModules -clang-scanner-module-cache-path /Users/steipete/Library/Developer/Xcode/DerivedData/ModuleCache.noindex -sdk-module-cache-path /Users/steipete/Library/Developer/Xcode/DerivedData/ModuleCache.noindex -serialize-diagnostics -emit-dependencies -emit-module -emit-module-path /Users/steipete/Library/Developer/Xcode/DerivedData/CodeLooper-crrddjihwjtfkwegrjrymctnfixv/Build/Intermediates.noindex/swift-nio-extras.build/Debug/NIOExtras.build/Objects-normal/arm64/NIOExtras.swiftmodule -validate-clang-modules-once -clang-build-session-file /Users/steipete/Library/Developer/Xcode/DerivedData/ModuleCache.noindex/Session.modulevalidation -package-name swift_nio_extras -Xcc -I/Users/steipete/Library/Developer/Xcode/DerivedData/CodeLooper-crrddjihwjtfkwegrjrymctnfixv/Build/Intermediates.noindex/swift-nio-extras.build/Debug/NIOExtras.build/swift-overrides.hmap -emit-const-values -Xfrontend -const-gather-protocols-file -Xfrontend /Users/steipete/Library/Developer/Xcode/DerivedData/CodeLooper-crrddjihwjtfkwegrjrymctnfixv/Build/Intermediates.noindex/swift-nio-extras.build/Debug/NIOExtras.build/Objects-normal/arm64/NIOExtras_const_extract_protocols.json -Xcc -I/Users/steipete/Library/Developer/Xcode/DerivedData/CodeLooper-crrddjihwjtfkwegrjrymctnfixv/SourcePackages/checkouts/swift-atomics/Sources/_AtomicsShims/include -Xcc -I/Users/steipete/Library/Developer/Xcode/DerivedData/CodeLooper-crrddjihwjtfkwegrjrymctnfixv/SourcePackages/checkouts/swift-nio/Sources/CNIOLLHTTP/include -Xcc -I/Users/steipete/Library/Developer/Xcode/DerivedData/CodeLooper-crrddjihwjtfkwegrjrymctnfixv/SourcePackages/checkouts/swift-nio/Sources/CNIOWASI/include -Xcc -I/Users/steipete/Library/Developer/Xcode/DerivedData/CodeLooper-crrddjihwjtfkwegrjrymctnfixv/SourcePackages/checkouts/swift-nio/Sources/CNIOWindows/include -Xcc -I/Users/steipete/Library/Developer/Xcode/DerivedData/CodeLooper-crrddjihwjtfkwegrjrymctnfixv/SourcePackages/checkouts/swift-nio/Sources/CNIOLinux/include -Xcc -I/Users/steipete/Library/Developer/Xcode/DerivedData/CodeLooper-crrddjihwjtfkwegrjrymctnfixv/SourcePackages/checkouts/swift-nio/Sources/CNIODarwin/include -Xcc -I/Users/steipete/Library/Developer/Xcode/DerivedData/CodeLooper-crrddjihwjtfkwegrjrymctnfixv/SourcePackages/checkouts/swift-nio/Sources/CNIOAtomics/include -Xcc -I/Users/steipete/Library/Developer/Xcode/DerivedData/CodeLooper-crrddjihwjtfkwegrjrymctnfixv/Build/Products/Debug/include -Xcc -I/Users/steipete/Library/Developer/Xcode/DerivedData/CodeLooper-crrddjihwjtfkwegrjrymctnfixv/Build/Intermediates.noindex/swift-nio-extras.build/Debug/NIOExtras.build/DerivedSources-normal/arm64 -Xcc -I/Users/steipete/Library/Developer/Xcode/DerivedData/CodeLooper-crrddjihwjtfkwegrjrymctnfixv/Build/Intermediates.noindex/swift-nio-extras.build/Debug/NIOExtras.build/DerivedSources/arm64 -Xcc -I/Users/steipete/Library/Developer/Xcode/DerivedData/CodeLooper-crrddjihwjtfkwegrjrymctnfixv/Build/Intermediates.noindex/swift-nio-extras.build/Debug/NIOExtras.build/DerivedSources -Xcc -DSWIFT_PACKAGE -Xcc -DDEBUG\=1 -emit-objc-header -emit-objc-header-path /Users/steipete/Library/Developer/Xcode/DerivedData/CodeLooper-crrddjihwjtfkwegrjrymctnfixv/Build/Intermediates.noindex/swift-nio-extras.build/Debug/NIOExtras.build/Objects-normal/arm64/NIOExtras-Swift.h -working-directory /Users/steipete/Projects/CodeLooper -experimental-emit-module-separately -disable-cmo

SwiftDriverJobDiscovery normal arm64 Compiling ByteBuffer-foundation.swift (in target 'NIOFoundationCompat' from project 'swift-nio')

SwiftDriver\ Compilation NIOFoundationCompat normal arm64 com.apple.xcode.tools.swift.compiler (in target 'NIOFoundationCompat' from project 'swift-nio')
    cd /Users/steipete/Projects/CodeLooper
    builtin-Swift-Compilation -- /Applications/Xcode-beta.app/Contents/Developer/Toolchains/XcodeDefault.xctoolchain/usr/bin/swiftc -module-name NIOFoundationCompat -Onone -enforce-exclusivity\=checked @/Users/steipete/Library/Developer/Xcode/DerivedData/CodeLooper-crrddjihwjtfkwegrjrymctnfixv/Build/Intermediates.noindex/swift-nio.build/Debug/NIOFoundationCompat.build/Objects-normal/arm64/NIOFoundationCompat.SwiftFileList -DSWIFT_PACKAGE -DDEBUG -DSWIFT_MODULE_RESOURCE_BUNDLE_UNAVAILABLE -Xcc -fmodule-map-file\=/Users/steipete/Library/Developer/Xcode/DerivedData/CodeLooper-crrddjihwjtfkwegrjrymctnfixv/Build/Intermediates.noindex/GeneratedModuleMaps/CNIOWASI.modulemap -Xcc -fmodule-map-file\=/Users/steipete/Library/Developer/Xcode/DerivedData/CodeLooper-crrddjihwjtfkwegrjrymctnfixv/Build/Intermediates.noindex/GeneratedModuleMaps/CNIOLinux.modulemap -Xcc -fmodule-map-file\=/Users/steipete/Library/Developer/Xcode/DerivedData/CodeLooper-crrddjihwjtfkwegrjrymctnfixv/Build/Intermediates.noindex/GeneratedModuleMaps/CNIODarwin.modulemap -Xcc -fmodule-map-file\=/Users/steipete/Library/Developer/Xcode/DerivedData/CodeLooper-crrddjihwjtfkwegrjrymctnfixv/Build/Intermediates.noindex/GeneratedModuleMaps/CNIOAtomics.modulemap -DXcode -enable-upcoming-feature StrictConcurrency -enable-upcoming-feature InferSendableFromCaptures -enable-upcoming-feature MemberImportVisibility -plugin-path /Applications/Xcode-beta.app/Contents/Developer/Toolchains/XcodeDefault.xctoolchain/usr/lib/swift/host/plugins/testing -enable-experimental-feature DebugDescriptionMacro -sdk /Applications/Xcode-beta.app/Contents/Developer/Platforms/MacOSX.platform/Developer/SDKs/MacOSX26.0.sdk -target arm64-apple-macos10.13 -g -module-cache-path /Users/steipete/Library/Developer/Xcode/DerivedData/ModuleCache.noindex -Xfrontend -serialize-debugging-options -profile-coverage-mapping -profile-generate -enable-testing -suppress-warnings -index-store-path /Users/steipete/Library/Developer/Xcode/DerivedData/CodeLooper-crrddjihwjtfkwegrjrymctnfixv/Index.noindex/DataStore -swift-version 5 -I /Users/steipete/Library/Developer/Xcode/DerivedData/CodeLooper-crrddjihwjtfkwegrjrymctnfixv/Build/Products/Debug -I /Applications/Xcode-beta.app/Contents/Developer/Platforms/MacOSX.platform/Developer/usr/lib -F /Users/steipete/Library/Developer/Xcode/DerivedData/CodeLooper-crrddjihwjtfkwegrjrymctnfixv/Build/Products/Debug/PackageFrameworks -F /Users/steipete/Library/Developer/Xcode/DerivedData/CodeLooper-crrddjihwjtfkwegrjrymctnfixv/Build/Products/Debug/PackageFrameworks -F /Users/steipete/Library/Developer/Xcode/DerivedData/CodeLooper-crrddjihwjtfkwegrjrymctnfixv/Build/Products/Debug/PackageFrameworks -F /Users/steipete/Library/Developer/Xcode/DerivedData/CodeLooper-crrddjihwjtfkwegrjrymctnfixv/Build/Products/Debug/PackageFrameworks -F /Users/steipete/Library/Developer/Xcode/DerivedData/CodeLooper-crrddjihwjtfkwegrjrymctnfixv/Build/Products/Debug/PackageFrameworks -F /Users/steipete/Library/Developer/Xcode/DerivedData/CodeLooper-crrddjihwjtfkwegrjrymctnfixv/Build/Products/Debug/PackageFrameworks -F /Users/steipete/Library/Developer/Xcode/DerivedData/CodeLooper-crrddjihwjtfkwegrjrymctnfixv/Build/Products/Debug/PackageFrameworks -F /Users/steipete/Library/Developer/Xcode/DerivedData/CodeLooper-crrddjihwjtfkwegrjrymctnfixv/Build/Products/Debug/PackageFrameworks -F /Users/steipete/Library/Developer/Xcode/DerivedData/CodeLooper-crrddjihwjtfkwegrjrymctnfixv/Build/Products/Debug/PackageFrameworks -F /Users/steipete/Library/Developer/Xcode/DerivedData/CodeLooper-crrddjihwjtfkwegrjrymctnfixv/Build/Products/Debug/PackageFrameworks -F /Users/steipete/Library/Developer/Xcode/DerivedData/CodeLooper-crrddjihwjtfkwegrjrymctnfixv/Build/Products/Debug/PackageFrameworks -F /Users/steipete/Library/Developer/Xcode/DerivedData/CodeLooper-crrddjihwjtfkwegrjrymctnfixv/Build/Products/Debug/PackageFrameworks -F /Users/steipete/Library/Developer/Xcode/DerivedData/CodeLooper-crrddjihwjtfkwegrjrymctnfixv/Build/Products/Debug/PackageFrameworks -F /Users/steipete/Library/Developer/Xcode/DerivedData/CodeLooper-crrddjihwjtfkwegrjrymctnfixv/Build/Products/Debug/PackageFrameworks -F /Users/steipete/Library/Developer/Xcode/DerivedData/CodeLooper-crrddjihwjtfkwegrjrymctnfixv/Build/Products/Debug/PackageFrameworks -F /Users/steipete/Library/Developer/Xcode/DerivedData/CodeLooper-crrddjihwjtfkwegrjrymctnfixv/Build/Products/Debug/PackageFrameworks -F /Users/steipete/Library/Developer/Xcode/DerivedData/CodeLooper-crrddjihwjtfkwegrjrymctnfixv/Build/Products/Debug -F /Applications/Xcode-beta.app/Contents/Developer/Platforms/MacOSX.platform/Developer/Library/Frameworks -c -j16 -enable-batch-mode -incremental -Xcc -ivfsstatcache -Xcc /Users/steipete/Library/Developer/Xcode/DerivedData/SDKStatCaches.noindex/macosx26.0-25A5279m-5d9328ff1a6613a11d359de947506b52.sdkstatcache -output-file-map /Users/steipete/Library/Developer/Xcode/DerivedData/CodeLooper-crrddjihwjtfkwegrjrymctnfixv/Build/Intermediates.noindex/swift-nio.build/Debug/NIOFoundationCompat.build/Objects-normal/arm64/NIOFoundationCompat-OutputFileMap.json -use-frontend-parseable-output -save-temps -no-color-diagnostics -explicit-module-build -module-cache-path /Users/steipete/Library/Developer/Xcode/DerivedData/CodeLooper-crrddjihwjtfkwegrjrymctnfixv/Build/Intermediates.noindex/SwiftExplicitPrecompiledModules -clang-scanner-module-cache-path /Users/steipete/Library/Developer/Xcode/DerivedData/ModuleCache.noindex -sdk-module-cache-path /Users/steipete/Library/Developer/Xcode/DerivedData/ModuleCache.noindex -serialize-diagnostics -emit-dependencies -emit-module -emit-module-path /Users/steipete/Library/Developer/Xcode/DerivedData/CodeLooper-crrddjihwjtfkwegrjrymctnfixv/Build/Intermediates.noindex/swift-nio.build/Debug/NIOFoundationCompat.build/Objects-normal/arm64/NIOFoundationCompat.swiftmodule -validate-clang-modules-once -clang-build-session-file /Users/steipete/Library/Developer/Xcode/DerivedData/ModuleCache.noindex/Session.modulevalidation -package-name swift_nio -Xcc -I/Users/steipete/Library/Developer/Xcode/DerivedData/CodeLooper-crrddjihwjtfkwegrjrymctnfixv/Build/Intermediates.noindex/swift-nio.build/Debug/NIOFoundationCompat.build/swift-overrides.hmap -emit-const-values -Xfrontend -const-gather-protocols-file -Xfrontend /Users/steipete/Library/Developer/Xcode/DerivedData/CodeLooper-crrddjihwjtfkwegrjrymctnfixv/Build/Intermediates.noindex/swift-nio.build/Debug/NIOFoundationCompat.build/Objects-normal/arm64/NIOFoundationCompat_const_extract_protocols.json -Xcc -I/Users/steipete/Library/Developer/Xcode/DerivedData/CodeLooper-crrddjihwjtfkwegrjrymctnfixv/SourcePackages/checkouts/swift-atomics/Sources/_AtomicsShims/include -Xcc -I/Users/steipete/Library/Developer/Xcode/DerivedData/CodeLooper-crrddjihwjtfkwegrjrymctnfixv/SourcePackages/checkouts/swift-nio/Sources/CNIOWASI/include -Xcc -I/Users/steipete/Library/Developer/Xcode/DerivedData/CodeLooper-crrddjihwjtfkwegrjrymctnfixv/SourcePackages/checkouts/swift-nio/Sources/CNIOWindows/include -Xcc -I/Users/steipete/Library/Developer/Xcode/DerivedData/CodeLooper-crrddjihwjtfkwegrjrymctnfixv/SourcePackages/checkouts/swift-nio/Sources/CNIOLinux/include -Xcc -I/Users/steipete/Library/Developer/Xcode/DerivedData/CodeLooper-crrddjihwjtfkwegrjrymctnfixv/SourcePackages/checkouts/swift-nio/Sources/CNIODarwin/include -Xcc -I/Users/steipete/Library/Developer/Xcode/DerivedData/CodeLooper-crrddjihwjtfkwegrjrymctnfixv/SourcePackages/checkouts/swift-nio/Sources/CNIOAtomics/include -Xcc -I/Users/steipete/Library/Developer/Xcode/DerivedData/CodeLooper-crrddjihwjtfkwegrjrymctnfixv/Build/Products/Debug/include -Xcc -I/Users/steipete/Library/Developer/Xcode/DerivedData/CodeLooper-crrddjihwjtfkwegrjrymctnfixv/Build/Intermediates.noindex/swift-nio.build/Debug/NIOFoundationCompat.build/DerivedSources-normal/arm64 -Xcc -I/Users/steipete/Library/Developer/Xcode/DerivedData/CodeLooper-crrddjihwjtfkwegrjrymctnfixv/Build/Intermediates.noindex/swift-nio.build/Debug/NIOFoundationCompat.build/DerivedSources/arm64 -Xcc -I/Users/steipete/Library/Developer/Xcode/DerivedData/CodeLooper-crrddjihwjtfkwegrjrymctnfixv/Build/Intermediates.noindex/swift-nio.build/Debug/NIOFoundationCompat.build/DerivedSources -Xcc -DSWIFT_PACKAGE -Xcc -DDEBUG\=1 -emit-objc-header -emit-objc-header-path /Users/steipete/Library/Developer/Xcode/DerivedData/CodeLooper-crrddjihwjtfkwegrjrymctnfixv/Build/Intermediates.noindex/swift-nio.build/Debug/NIOFoundationCompat.build/Objects-normal/arm64/NIOFoundationCompat-Swift.h -working-directory /Users/steipete/Projects/CodeLooper -experimental-emit-module-separately -disable-cmo

SwiftDriverJobDiscovery normal arm64 Compiling HTTPServerPipelineHandler.swift (in target 'NIOHTTP1' from project 'swift-nio')

SwiftDriverJobDiscovery normal arm64 Compiling NIOTypedHTTPServerUpgraderStateMachine.swift (in target 'NIOHTTP1' from project 'swift-nio')

SwiftCompile normal arm64 Compiling\ HTTP1ToHTTPCodec.swift /Users/steipete/Library/Developer/Xcode/DerivedData/CodeLooper-crrddjihwjtfkwegrjrymctnfixv/SourcePackages/checkouts/swift-nio-extras/Sources/NIOHTTPTypesHTTP1/HTTP1ToHTTPCodec.swift (in target 'NIOHTTPTypesHTTP1' from project 'swift-nio-extras')

SwiftCompile normal arm64 /Users/steipete/Library/Developer/Xcode/DerivedData/CodeLooper-crrddjihwjtfkwegrjrymctnfixv/SourcePackages/checkouts/swift-nio-extras/Sources/NIOHTTPTypesHTTP1/HTTP1ToHTTPCodec.swift (in target 'NIOHTTPTypesHTTP1' from project 'swift-nio-extras')
    cd /Users/steipete/Projects/CodeLooper
    

SwiftCompile normal arm64 Compiling\ HTTPToHTTP1Codec.swift /Users/steipete/Library/Developer/Xcode/DerivedData/CodeLooper-crrddjihwjtfkwegrjrymctnfixv/SourcePackages/checkouts/swift-nio-extras/Sources/NIOHTTPTypesHTTP1/HTTPToHTTP1Codec.swift (in target 'NIOHTTPTypesHTTP1' from project 'swift-nio-extras')

SwiftCompile normal arm64 /Users/steipete/Library/Developer/Xcode/DerivedData/CodeLooper-crrddjihwjtfkwegrjrymctnfixv/SourcePackages/checkouts/swift-nio-extras/Sources/NIOHTTPTypesHTTP1/HTTPToHTTP1Codec.swift (in target 'NIOHTTPTypesHTTP1' from project 'swift-nio-extras')
    cd /Users/steipete/Projects/CodeLooper
    

SwiftCompile normal arm64 Compiling\ HTTPTypeConversion.swift /Users/steipete/Library/Developer/Xcode/DerivedData/CodeLooper-crrddjihwjtfkwegrjrymctnfixv/SourcePackages/checkouts/swift-nio-extras/Sources/NIOHTTPTypesHTTP1/HTTPTypeConversion.swift (in target 'NIOHTTPTypesHTTP1' from project 'swift-nio-extras')

SwiftCompile normal arm64 /Users/steipete/Library/Developer/Xcode/DerivedData/CodeLooper-crrddjihwjtfkwegrjrymctnfixv/SourcePackages/checkouts/swift-nio-extras/Sources/NIOHTTPTypesHTTP1/HTTPTypeConversion.swift (in target 'NIOHTTPTypesHTTP1' from project 'swift-nio-extras')
    cd /Users/steipete/Projects/CodeLooper
    

SwiftEmitModule normal arm64 Emitting\ module\ for\ NIOHTTPTypesHTTP1 (in target 'NIOHTTPTypesHTTP1' from project 'swift-nio-extras')

EmitSwiftModule normal arm64 (in target 'NIOHTTPTypesHTTP1' from project 'swift-nio-extras')
    cd /Users/steipete/Projects/CodeLooper
    

SwiftCompile normal arm64 Compiling\ JSONRPCFraming+ContentLengthHeader.swift,\ JSONRPCFraming.swift /Users/steipete/Library/Developer/Xcode/DerivedData/CodeLooper-crrddjihwjtfkwegrjrymctnfixv/SourcePackages/checkouts/swift-nio-extras/Sources/NIOExtras/JSONRPCFraming+ContentLengthHeader.swift /Users/steipete/Library/Developer/Xcode/DerivedData/CodeLooper-crrddjihwjtfkwegrjrymctnfixv/SourcePackages/checkouts/swift-nio-extras/Sources/NIOExtras/JSONRPCFraming.swift (in target 'NIOExtras' from project 'swift-nio-extras')

SwiftCompile normal arm64 /Users/steipete/Library/Developer/Xcode/DerivedData/CodeLooper-crrddjihwjtfkwegrjrymctnfixv/SourcePackages/checkouts/swift-nio-extras/Sources/NIOExtras/JSONRPCFraming+ContentLengthHeader.swift (in target 'NIOExtras' from project 'swift-nio-extras')
    cd /Users/steipete/Projects/CodeLooper
    

SwiftCompile normal arm64 /Users/steipete/Library/Developer/Xcode/DerivedData/CodeLooper-crrddjihwjtfkwegrjrymctnfixv/SourcePackages/checkouts/swift-nio-extras/Sources/NIOExtras/JSONRPCFraming.swift (in target 'NIOExtras' from project 'swift-nio-extras')
    cd /Users/steipete/Projects/CodeLooper
    

SwiftCompile normal arm64 Compiling\ NIOExtrasError.swift /Users/steipete/Library/Developer/Xcode/DerivedData/CodeLooper-crrddjihwjtfkwegrjrymctnfixv/SourcePackages/checkouts/swift-nio-extras/Sources/NIOExtras/NIOExtrasError.swift (in target 'NIOExtras' from project 'swift-nio-extras')

SwiftCompile normal arm64 /Users/steipete/Library/Developer/Xcode/DerivedData/CodeLooper-crrddjihwjtfkwegrjrymctnfixv/SourcePackages/checkouts/swift-nio-extras/Sources/NIOExtras/NIOExtrasError.swift (in target 'NIOExtras' from project 'swift-nio-extras')
    cd /Users/steipete/Projects/CodeLooper
    

SwiftCompile normal arm64 Compiling\ LengthFieldBasedFrameDecoder.swift /Users/steipete/Library/Developer/Xcode/DerivedData/CodeLooper-crrddjihwjtfkwegrjrymctnfixv/SourcePackages/checkouts/swift-nio-extras/Sources/NIOExtras/LengthFieldBasedFrameDecoder.swift (in target 'NIOExtras' from project 'swift-nio-extras')

SwiftCompile normal arm64 /Users/steipete/Library/Developer/Xcode/DerivedData/CodeLooper-crrddjihwjtfkwegrjrymctnfixv/SourcePackages/checkouts/swift-nio-extras/Sources/NIOExtras/LengthFieldBasedFrameDecoder.swift (in target 'NIOExtras' from project 'swift-nio-extras')
    cd /Users/steipete/Projects/CodeLooper
    

SwiftCompile normal arm64 Compiling\ LineBasedFrameDecoder.swift /Users/steipete/Library/Developer/Xcode/DerivedData/CodeLooper-crrddjihwjtfkwegrjrymctnfixv/SourcePackages/checkouts/swift-nio-extras/Sources/NIOExtras/LineBasedFrameDecoder.swift (in target 'NIOExtras' from project 'swift-nio-extras')

SwiftCompile normal arm64 /Users/steipete/Library/Developer/Xcode/DerivedData/CodeLooper-crrddjihwjtfkwegrjrymctnfixv/SourcePackages/checkouts/swift-nio-extras/Sources/NIOExtras/LineBasedFrameDecoder.swift (in target 'NIOExtras' from project 'swift-nio-extras')
    cd /Users/steipete/Projects/CodeLooper
    

SwiftCompile normal arm64 Compiling\ PCAPRingBuffer.swift /Users/steipete/Library/Developer/Xcode/DerivedData/CodeLooper-crrddjihwjtfkwegrjrymctnfixv/SourcePackages/checkouts/swift-nio-extras/Sources/NIOExtras/PCAPRingBuffer.swift (in target 'NIOExtras' from project 'swift-nio-extras')

SwiftCompile normal arm64 /Users/steipete/Library/Developer/Xcode/DerivedData/CodeLooper-crrddjihwjtfkwegrjrymctnfixv/SourcePackages/checkouts/swift-nio-extras/Sources/NIOExtras/PCAPRingBuffer.swift (in target 'NIOExtras' from project 'swift-nio-extras')
    cd /Users/steipete/Projects/CodeLooper
    

SwiftCompile normal arm64 Compiling\ NIORequestIdentifiable.swift /Users/steipete/Library/Developer/Xcode/DerivedData/CodeLooper-crrddjihwjtfkwegrjrymctnfixv/SourcePackages/checkouts/swift-nio-extras/Sources/NIOExtras/NIORequestIdentifiable.swift (in target 'NIOExtras' from project 'swift-nio-extras')

SwiftCompile normal arm64 /Users/steipete/Library/Developer/Xcode/DerivedData/CodeLooper-crrddjihwjtfkwegrjrymctnfixv/SourcePackages/checkouts/swift-nio-extras/Sources/NIOExtras/NIORequestIdentifiable.swift (in target 'NIOExtras' from project 'swift-nio-extras')
    cd /Users/steipete/Projects/CodeLooper
    

SwiftCompile normal arm64 Compiling\ DebugInboundEventsHandler.swift,\ DebugOutboundEventsHandler.swift /Users/steipete/Library/Developer/Xcode/DerivedData/CodeLooper-crrddjihwjtfkwegrjrymctnfixv/SourcePackages/checkouts/swift-nio-extras/Sources/NIOExtras/DebugInboundEventsHandler.swift /Users/steipete/Library/Developer/Xcode/DerivedData/CodeLooper-crrddjihwjtfkwegrjrymctnfixv/SourcePackages/checkouts/swift-nio-extras/Sources/NIOExtras/DebugOutboundEventsHandler.swift (in target 'NIOExtras' from project 'swift-nio-extras')

SwiftCompile normal arm64 /Users/steipete/Library/Developer/Xcode/DerivedData/CodeLooper-crrddjihwjtfkwegrjrymctnfixv/SourcePackages/checkouts/swift-nio-extras/Sources/NIOExtras/DebugInboundEventsHandler.swift (in target 'NIOExtras' from project 'swift-nio-extras')
    cd /Users/steipete/Projects/CodeLooper
    

SwiftCompile normal arm64 /Users/steipete/Library/Developer/Xcode/DerivedData/CodeLooper-crrddjihwjtfkwegrjrymctnfixv/SourcePackages/checkouts/swift-nio-extras/Sources/NIOExtras/DebugOutboundEventsHandler.swift (in target 'NIOExtras' from project 'swift-nio-extras')
    cd /Users/steipete/Projects/CodeLooper
    

SwiftCompile normal arm64 Compiling\ NIOLengthFieldBitLength.swift /Users/steipete/Library/Developer/Xcode/DerivedData/CodeLooper-crrddjihwjtfkwegrjrymctnfixv/SourcePackages/checkouts/swift-nio-extras/Sources/NIOExtras/NIOLengthFieldBitLength.swift (in target 'NIOExtras' from project 'swift-nio-extras')

SwiftCompile normal arm64 /Users/steipete/Library/Developer/Xcode/DerivedData/CodeLooper-crrddjihwjtfkwegrjrymctnfixv/SourcePackages/checkouts/swift-nio-extras/Sources/NIOExtras/NIOLengthFieldBitLength.swift (in target 'NIOExtras' from project 'swift-nio-extras')
    cd /Users/steipete/Projects/CodeLooper
    

SwiftEmitModule normal arm64 Emitting\ module\ for\ NIOTransportServices (in target 'NIOTransportServices' from project 'swift-nio-transport-services')

EmitSwiftModule normal arm64 (in target 'NIOTransportServices' from project 'swift-nio-transport-services')
    cd /Users/steipete/Projects/CodeLooper
    

SwiftDriverJobDiscovery normal arm64 Compiling ByteCollectionUtils.swift, HTTPDecoder.swift (in target 'NIOHTTP1' from project 'swift-nio')

SwiftEmitModule normal arm64 Emitting\ module\ for\ NIOExtras (in target 'NIOExtras' from project 'swift-nio-extras')

EmitSwiftModule normal arm64 (in target 'NIOExtras' from project 'swift-nio-extras')
    cd /Users/steipete/Projects/CodeLooper
    

SwiftCompile normal arm64 Compiling\ NIOTSDatagramChannel.swift,\ NIOTSDatagramListener.swift /Users/steipete/Library/Developer/Xcode/DerivedData/CodeLooper-crrddjihwjtfkwegrjrymctnfixv/SourcePackages/checkouts/swift-nio-transport-services/Sources/NIOTransportServices/Datagram/NIOTSDatagramChannel.swift /Users/steipete/Library/Developer/Xcode/DerivedData/CodeLooper-crrddjihwjtfkwegrjrymctnfixv/SourcePackages/checkouts/swift-nio-transport-services/Sources/NIOTransportServices/Datagram/NIOTSDatagramListener.swift (in target 'NIOTransportServices' from project 'swift-nio-transport-services')

SwiftCompile normal arm64 /Users/steipete/Library/Developer/Xcode/DerivedData/CodeLooper-crrddjihwjtfkwegrjrymctnfixv/SourcePackages/checkouts/swift-nio-transport-services/Sources/NIOTransportServices/Datagram/NIOTSDatagramChannel.swift (in target 'NIOTransportServices' from project 'swift-nio-transport-services')
    cd /Users/steipete/Projects/CodeLooper
    

SwiftCompile normal arm64 /Users/steipete/Library/Developer/Xcode/DerivedData/CodeLooper-crrddjihwjtfkwegrjrymctnfixv/SourcePackages/checkouts/swift-nio-transport-services/Sources/NIOTransportServices/Datagram/NIOTSDatagramListener.swift (in target 'NIOTransportServices' from project 'swift-nio-transport-services')
    cd /Users/steipete/Projects/CodeLooper
    

SwiftDriverJobDiscovery normal arm64 Compiling NIORequestIdentifiable.swift (in target 'NIOExtras' from project 'swift-nio-extras')

SwiftDriverJobDiscovery normal arm64 Emitting module for NIOHTTPTypesHTTP1 (in target 'NIOHTTPTypesHTTP1' from project 'swift-nio-extras')

SwiftDriver\ Compilation\ Requirements NIOHTTPTypesHTTP1 normal arm64 com.apple.xcode.tools.swift.compiler (in target 'NIOHTTPTypesHTTP1' from project 'swift-nio-extras')
    cd /Users/steipete/Projects/CodeLooper
    builtin-Swift-Compilation-Requirements -- /Applications/Xcode-beta.app/Contents/Developer/Toolchains/XcodeDefault.xctoolchain/usr/bin/swiftc -module-name NIOHTTPTypesHTTP1 -Onone -enforce-exclusivity\=checked @/Users/steipete/Library/Developer/Xcode/DerivedData/CodeLooper-crrddjihwjtfkwegrjrymctnfixv/Build/Intermediates.noindex/swift-nio-extras.build/Debug/NIOHTTPTypesHTTP1.build/Objects-normal/arm64/NIOHTTPTypesHTTP1.SwiftFileList -DSWIFT_PACKAGE -DDEBUG -DSWIFT_MODULE_RESOURCE_BUNDLE_UNAVAILABLE -Xcc -fmodule-map-file\=/Users/steipete/Library/Developer/Xcode/DerivedData/CodeLooper-crrddjihwjtfkwegrjrymctnfixv/Build/Intermediates.noindex/GeneratedModuleMaps/CNIOLLHTTP.modulemap -Xcc -fmodule-map-file\=/Users/steipete/Library/Developer/Xcode/DerivedData/CodeLooper-crrddjihwjtfkwegrjrymctnfixv/Build/Intermediates.noindex/GeneratedModuleMaps/CNIOWASI.modulemap -Xcc -fmodule-map-file\=/Users/steipete/Library/Developer/Xcode/DerivedData/CodeLooper-crrddjihwjtfkwegrjrymctnfixv/Build/Intermediates.noindex/GeneratedModuleMaps/CNIOLinux.modulemap -Xcc -fmodule-map-file\=/Users/steipete/Library/Developer/Xcode/DerivedData/CodeLooper-crrddjihwjtfkwegrjrymctnfixv/Build/Intermediates.noindex/GeneratedModuleMaps/CNIODarwin.modulemap -Xcc -fmodule-map-file\=/Users/steipete/Library/Developer/Xcode/DerivedData/CodeLooper-crrddjihwjtfkwegrjrymctnfixv/Build/Intermediates.noindex/GeneratedModuleMaps/CNIOAtomics.modulemap -DXcode -enable-upcoming-feature StrictConcurrency -enable-upcoming-feature InferSendableFromCaptures -enable-upcoming-feature MemberImportVisibility -plugin-path /Applications/Xcode-beta.app/Contents/Developer/Toolchains/XcodeDefault.xctoolchain/usr/lib/swift/host/plugins/testing -enable-experimental-feature DebugDescriptionMacro -sdk /Applications/Xcode-beta.app/Contents/Developer/Platforms/MacOSX.platform/Developer/SDKs/MacOSX26.0.sdk -target arm64-apple-macos10.13 -g -module-cache-path /Users/steipete/Library/Developer/Xcode/DerivedData/ModuleCache.noindex -Xfrontend -serialize-debugging-options -profile-coverage-mapping -profile-generate -enable-testing -suppress-warnings -index-store-path /Users/steipete/Library/Developer/Xcode/DerivedData/CodeLooper-crrddjihwjtfkwegrjrymctnfixv/Index.noindex/DataStore -swift-version 5 -I /Users/steipete/Library/Developer/Xcode/DerivedData/CodeLooper-crrddjihwjtfkwegrjrymctnfixv/Build/Products/Debug -I /Applications/Xcode-beta.app/Contents/Developer/Platforms/MacOSX.platform/Developer/usr/lib -F /Users/steipete/Library/Developer/Xcode/DerivedData/CodeLooper-crrddjihwjtfkwegrjrymctnfixv/Build/Products/Debug/PackageFrameworks -F /Users/steipete/Library/Developer/Xcode/DerivedData/CodeLooper-crrddjihwjtfkwegrjrymctnfixv/Build/Products/Debug/PackageFrameworks -F /Users/steipete/Library/Developer/Xcode/DerivedData/CodeLooper-crrddjihwjtfkwegrjrymctnfixv/Build/Products/Debug/PackageFrameworks -F /Users/steipete/Library/Developer/Xcode/DerivedData/CodeLooper-crrddjihwjtfkwegrjrymctnfixv/Build/Products/Debug/PackageFrameworks -F /Users/steipete/Library/Developer/Xcode/DerivedData/CodeLooper-crrddjihwjtfkwegrjrymctnfixv/Build/Products/Debug/PackageFrameworks -F /Users/steipete/Library/Developer/Xcode/DerivedData/CodeLooper-crrddjihwjtfkwegrjrymctnfixv/Build/Products/Debug/PackageFrameworks -F /Users/steipete/Library/Developer/Xcode/DerivedData/CodeLooper-crrddjihwjtfkwegrjrymctnfixv/Build/Products/Debug/PackageFrameworks -F /Users/steipete/Library/Developer/Xcode/DerivedData/CodeLooper-crrddjihwjtfkwegrjrymctnfixv/Build/Products/Debug/PackageFrameworks -F /Users/steipete/Library/Developer/Xcode/DerivedData/CodeLooper-crrddjihwjtfkwegrjrymctnfixv/Build/Products/Debug/PackageFrameworks -F /Users/steipete/Library/Developer/Xcode/DerivedData/CodeLooper-crrddjihwjtfkwegrjrymctnfixv/Build/Products/Debug/PackageFrameworks -F /Users/steipete/Library/Developer/Xcode/DerivedData/CodeLooper-crrddjihwjtfkwegrjrymctnfixv/Build/Products/Debug/PackageFrameworks -F /Users/steipete/Library/Developer/Xcode/DerivedData/CodeLooper-crrddjihwjtfkwegrjrymctnfixv/Build/Products/Debug/PackageFrameworks -F /Users/steipete/Library/Developer/Xcode/DerivedData/CodeLooper-crrddjihwjtfkwegrjrymctnfixv/Build/Products/Debug/PackageFrameworks -F /Users/steipete/Library/Developer/Xcode/DerivedData/CodeLooper-crrddjihwjtfkwegrjrymctnfixv/Build/Products/Debug/PackageFrameworks -F /Users/steipete/Library/Developer/Xcode/DerivedData/CodeLooper-crrddjihwjtfkwegrjrymctnfixv/Build/Products/Debug/PackageFrameworks -F /Users/steipete/Library/Developer/Xcode/DerivedData/CodeLooper-crrddjihwjtfkwegrjrymctnfixv/Build/Products/Debug/PackageFrameworks -F /Users/steipete/Library/Developer/Xcode/DerivedData/CodeLooper-crrddjihwjtfkwegrjrymctnfixv/Build/Products/Debug/PackageFrameworks -F /Users/steipete/Library/Developer/Xcode/DerivedData/CodeLooper-crrddjihwjtfkwegrjrymctnfixv/Build/Products/Debug/PackageFrameworks -F /Users/steipete/Library/Developer/Xcode/DerivedData/CodeLooper-crrddjihwjtfkwegrjrymctnfixv/Build/Products/Debug/PackageFrameworks -F /Users/steipete/Library/Developer/Xcode/DerivedData/CodeLooper-crrddjihwjtfkwegrjrymctnfixv/Build/Products/Debug/PackageFrameworks -F /Users/steipete/Library/Developer/Xcode/DerivedData/CodeLooper-crrddjihwjtfkwegrjrymctnfixv/Build/Products/Debug -F /Applications/Xcode-beta.app/Contents/Developer/Platforms/MacOSX.platform/Developer/Library/Frameworks -c -j16 -enable-batch-mode -incremental -Xcc -ivfsstatcache -Xcc /Users/steipete/Library/Developer/Xcode/DerivedData/SDKStatCaches.noindex/macosx26.0-25A5279m-5d9328ff1a6613a11d359de947506b52.sdkstatcache -output-file-map /Users/steipete/Library/Developer/Xcode/DerivedData/CodeLooper-crrddjihwjtfkwegrjrymctnfixv/Build/Intermediates.noindex/swift-nio-extras.build/Debug/NIOHTTPTypesHTTP1.build/Objects-normal/arm64/NIOHTTPTypesHTTP1-OutputFileMap.json -use-frontend-parseable-output -save-temps -no-color-diagnostics -explicit-module-build -module-cache-path /Users/steipete/Library/Developer/Xcode/DerivedData/CodeLooper-crrddjihwjtfkwegrjrymctnfixv/Build/Intermediates.noindex/SwiftExplicitPrecompiledModules -clang-scanner-module-cache-path /Users/steipete/Library/Developer/Xcode/DerivedData/ModuleCache.noindex -sdk-module-cache-path /Users/steipete/Library/Developer/Xcode/DerivedData/ModuleCache.noindex -serialize-diagnostics -emit-dependencies -emit-module -emit-module-path /Users/steipete/Library/Developer/Xcode/DerivedData/CodeLooper-crrddjihwjtfkwegrjrymctnfixv/Build/Intermediates.noindex/swift-nio-extras.build/Debug/NIOHTTPTypesHTTP1.build/Objects-normal/arm64/NIOHTTPTypesHTTP1.swiftmodule -validate-clang-modules-once -clang-build-session-file /Users/steipete/Library/Developer/Xcode/DerivedData/ModuleCache.noindex/Session.modulevalidation -package-name swift_nio_extras -Xcc -I/Users/steipete/Library/Developer/Xcode/DerivedData/CodeLooper-crrddjihwjtfkwegrjrymctnfixv/Build/Intermediates.noindex/swift-nio-extras.build/Debug/NIOHTTPTypesHTTP1.build/swift-overrides.hmap -emit-const-values -Xfrontend -const-gather-protocols-file -Xfrontend /Users/steipete/Library/Developer/Xcode/DerivedData/CodeLooper-crrddjihwjtfkwegrjrymctnfixv/Build/Intermediates.noindex/swift-nio-extras.build/Debug/NIOHTTPTypesHTTP1.build/Objects-normal/arm64/NIOHTTPTypesHTTP1_const_extract_protocols.json -Xcc -I/Users/steipete/Library/Developer/Xcode/DerivedData/CodeLooper-crrddjihwjtfkwegrjrymctnfixv/SourcePackages/checkouts/swift-atomics/Sources/_AtomicsShims/include -Xcc -I/Users/steipete/Library/Developer/Xcode/DerivedData/CodeLooper-crrddjihwjtfkwegrjrymctnfixv/SourcePackages/checkouts/swift-nio/Sources/CNIOLLHTTP/include -Xcc -I/Users/steipete/Library/Developer/Xcode/DerivedData/CodeLooper-crrddjihwjtfkwegrjrymctnfixv/SourcePackages/checkouts/swift-nio/Sources/CNIOWASI/include -Xcc -I/Users/steipete/Library/Developer/Xcode/DerivedData/CodeLooper-crrddjihwjtfkwegrjrymctnfixv/SourcePackages/checkouts/swift-nio/Sources/CNIOWindows/include -Xcc -I/Users/steipete/Library/Developer/Xcode/DerivedData/CodeLooper-crrddjihwjtfkwegrjrymctnfixv/SourcePackages/checkouts/swift-nio/Sources/CNIOLinux/include -Xcc -I/Users/steipete/Library/Developer/Xcode/DerivedData/CodeLooper-crrddjihwjtfkwegrjrymctnfixv/SourcePackages/checkouts/swift-nio/Sources/CNIODarwin/include -Xcc -I/Users/steipete/Library/Developer/Xcode/DerivedData/CodeLooper-crrddjihwjtfkwegrjrymctnfixv/SourcePackages/checkouts/swift-nio/Sources/CNIOAtomics/include -Xcc -I/Users/steipete/Library/Developer/Xcode/DerivedData/CodeLooper-crrddjihwjtfkwegrjrymctnfixv/Build/Products/Debug/include -Xcc -I/Users/steipete/Library/Developer/Xcode/DerivedData/CodeLooper-crrddjihwjtfkwegrjrymctnfixv/Build/Intermediates.noindex/swift-nio-extras.build/Debug/NIOHTTPTypesHTTP1.build/DerivedSources-normal/arm64 -Xcc -I/Users/steipete/Library/Developer/Xcode/DerivedData/CodeLooper-crrddjihwjtfkwegrjrymctnfixv/Build/Intermediates.noindex/swift-nio-extras.build/Debug/NIOHTTPTypesHTTP1.build/DerivedSources/arm64 -Xcc -I/Users/steipete/Library/Developer/Xcode/DerivedData/CodeLooper-crrddjihwjtfkwegrjrymctnfixv/Build/Intermediates.noindex/swift-nio-extras.build/Debug/NIOHTTPTypesHTTP1.build/DerivedSources -Xcc -DSWIFT_PACKAGE -Xcc -DDEBUG\=1 -emit-objc-header -emit-objc-header-path /Users/steipete/Library/Developer/Xcode/DerivedData/CodeLooper-crrddjihwjtfkwegrjrymctnfixv/Build/Intermediates.noindex/swift-nio-extras.build/Debug/NIOHTTPTypesHTTP1.build/Objects-normal/arm64/NIOHTTPTypesHTTP1-Swift.h -working-directory /Users/steipete/Projects/CodeLooper -experimental-emit-module-separately -disable-cmo

SwiftDriverJobDiscovery normal arm64 Compiling HTTP1ToHTTPCodec.swift (in target 'NIOHTTPTypesHTTP1' from project 'swift-nio-extras')

SwiftCompile normal arm64 Compiling\ AcceptHandler.swift,\ NIOTSDatagramBootstrap.swift /Users/steipete/Library/Developer/Xcode/DerivedData/CodeLooper-crrddjihwjtfkwegrjrymctnfixv/SourcePackages/checkouts/swift-nio-transport-services/Sources/NIOTransportServices/AcceptHandler.swift /Users/steipete/Library/Developer/Xcode/DerivedData/CodeLooper-crrddjihwjtfkwegrjrymctnfixv/SourcePackages/checkouts/swift-nio-transport-services/Sources/NIOTransportServices/Datagram/NIOTSDatagramBootstrap.swift (in target 'NIOTransportServices' from project 'swift-nio-transport-services')

SwiftCompile normal arm64 /Users/steipete/Library/Developer/Xcode/DerivedData/CodeLooper-crrddjihwjtfkwegrjrymctnfixv/SourcePackages/checkouts/swift-nio-transport-services/Sources/NIOTransportServices/AcceptHandler.swift (in target 'NIOTransportServices' from project 'swift-nio-transport-services')
    cd /Users/steipete/Projects/CodeLooper
    

SwiftCompile normal arm64 /Users/steipete/Library/Developer/Xcode/DerivedData/CodeLooper-crrddjihwjtfkwegrjrymctnfixv/SourcePackages/checkouts/swift-nio-transport-services/Sources/NIOTransportServices/Datagram/NIOTSDatagramBootstrap.swift (in target 'NIOTransportServices' from project 'swift-nio-transport-services')
    cd /Users/steipete/Projects/CodeLooper
    

SwiftCompile normal arm64 Compiling\ StateManagedListenerChannel.swift /Users/steipete/Library/Developer/Xcode/DerivedData/CodeLooper-crrddjihwjtfkwegrjrymctnfixv/SourcePackages/checkouts/swift-nio-transport-services/Sources/NIOTransportServices/StateManagedListenerChannel.swift (in target 'NIOTransportServices' from project 'swift-nio-transport-services')

SwiftCompile normal arm64 /Users/steipete/Library/Developer/Xcode/DerivedData/CodeLooper-crrddjihwjtfkwegrjrymctnfixv/SourcePackages/checkouts/swift-nio-transport-services/Sources/NIOTransportServices/StateManagedListenerChannel.swift (in target 'NIOTransportServices' from project 'swift-nio-transport-services')
    cd /Users/steipete/Projects/CodeLooper
    

SwiftCompile normal arm64 Compiling\ StateManagedChannel.swift /Users/steipete/Library/Developer/Xcode/DerivedData/CodeLooper-crrddjihwjtfkwegrjrymctnfixv/SourcePackages/checkouts/swift-nio-transport-services/Sources/NIOTransportServices/StateManagedChannel.swift (in target 'NIOTransportServices' from project 'swift-nio-transport-services')

SwiftCompile normal arm64 /Users/steipete/Library/Developer/Xcode/DerivedData/CodeLooper-crrddjihwjtfkwegrjrymctnfixv/SourcePackages/checkouts/swift-nio-transport-services/Sources/NIOTransportServices/StateManagedChannel.swift (in target 'NIOTransportServices' from project 'swift-nio-transport-services')
    cd /Users/steipete/Projects/CodeLooper
    

SwiftDriverJobDiscovery normal arm64 Compiling HTTPToHTTP1Codec.swift (in target 'NIOHTTPTypesHTTP1' from project 'swift-nio-extras')

SwiftDriverJobDiscovery normal arm64 Compiling NIOExtrasError.swift (in target 'NIOExtras' from project 'swift-nio-extras')

SwiftMergeGeneratedHeaders /Users/steipete/Library/Developer/Xcode/DerivedData/CodeLooper-crrddjihwjtfkwegrjrymctnfixv/Build/Intermediates.noindex/GeneratedModuleMaps/NIOHTTPTypesHTTP1-Swift.h /Users/steipete/Library/Developer/Xcode/DerivedData/CodeLooper-crrddjihwjtfkwegrjrymctnfixv/Build/Intermediates.noindex/swift-nio-extras.build/Debug/NIOHTTPTypesHTTP1.build/Objects-normal/arm64/NIOHTTPTypesHTTP1-Swift.h (in target 'NIOHTTPTypesHTTP1' from project 'swift-nio-extras')
    cd /Users/steipete/Library/Developer/Xcode/DerivedData/CodeLooper-crrddjihwjtfkwegrjrymctnfixv/SourcePackages/checkouts/swift-nio-extras
    builtin-swiftHeaderTool -arch arm64 /Users/steipete/Library/Developer/Xcode/DerivedData/CodeLooper-crrddjihwjtfkwegrjrymctnfixv/Build/Intermediates.noindex/swift-nio-extras.build/Debug/NIOHTTPTypesHTTP1.build/Objects-normal/arm64/NIOHTTPTypesHTTP1-Swift.h -o /Users/steipete/Library/Developer/Xcode/DerivedData/CodeLooper-crrddjihwjtfkwegrjrymctnfixv/Build/Intermediates.noindex/GeneratedModuleMaps/NIOHTTPTypesHTTP1-Swift.h

SwiftDriverJobDiscovery normal arm64 Compiling PCAPRingBuffer.swift (in target 'NIOExtras' from project 'swift-nio-extras')

Copy /Users/steipete/Library/Developer/Xcode/DerivedData/CodeLooper-crrddjihwjtfkwegrjrymctnfixv/Build/Products/Debug/NIOHTTPTypesHTTP1.swiftmodule/arm64-apple-macos.swiftmodule /Users/steipete/Library/Developer/Xcode/DerivedData/CodeLooper-crrddjihwjtfkwegrjrymctnfixv/Build/Intermediates.noindex/swift-nio-extras.build/Debug/NIOHTTPTypesHTTP1.build/Objects-normal/arm64/NIOHTTPTypesHTTP1.swiftmodule (in target 'NIOHTTPTypesHTTP1' from project 'swift-nio-extras')
    cd /Users/steipete/Library/Developer/Xcode/DerivedData/CodeLooper-crrddjihwjtfkwegrjrymctnfixv/SourcePackages/checkouts/swift-nio-extras
    builtin-copy -exclude .DS_Store -exclude CVS -exclude .svn -exclude .git -exclude .hg -resolve-src-symlinks -rename /Users/steipete/Library/Developer/Xcode/DerivedData/CodeLooper-crrddjihwjtfkwegrjrymctnfixv/Build/Intermediates.noindex/swift-nio-extras.build/Debug/NIOHTTPTypesHTTP1.build/Objects-normal/arm64/NIOHTTPTypesHTTP1.swiftmodule /Users/steipete/Library/Developer/Xcode/DerivedData/CodeLooper-crrddjihwjtfkwegrjrymctnfixv/Build/Products/Debug/NIOHTTPTypesHTTP1.swiftmodule/arm64-apple-macos.swiftmodule

Copy /Users/steipete/Library/Developer/Xcode/DerivedData/CodeLooper-crrddjihwjtfkwegrjrymctnfixv/Build/Products/Debug/NIOHTTPTypesHTTP1.swiftmodule/arm64-apple-macos.swiftdoc /Users/steipete/Library/Developer/Xcode/DerivedData/CodeLooper-crrddjihwjtfkwegrjrymctnfixv/Build/Intermediates.noindex/swift-nio-extras.build/Debug/NIOHTTPTypesHTTP1.build/Objects-normal/arm64/NIOHTTPTypesHTTP1.swiftdoc (in target 'NIOHTTPTypesHTTP1' from project 'swift-nio-extras')
    cd /Users/steipete/Library/Developer/Xcode/DerivedData/CodeLooper-crrddjihwjtfkwegrjrymctnfixv/SourcePackages/checkouts/swift-nio-extras
    builtin-copy -exclude .DS_Store -exclude CVS -exclude .svn -exclude .git -exclude .hg -resolve-src-symlinks -rename /Users/steipete/Library/Developer/Xcode/DerivedData/CodeLooper-crrddjihwjtfkwegrjrymctnfixv/Build/Intermediates.noindex/swift-nio-extras.build/Debug/NIOHTTPTypesHTTP1.build/Objects-normal/arm64/NIOHTTPTypesHTTP1.swiftdoc /Users/steipete/Library/Developer/Xcode/DerivedData/CodeLooper-crrddjihwjtfkwegrjrymctnfixv/Build/Products/Debug/NIOHTTPTypesHTTP1.swiftmodule/arm64-apple-macos.swiftdoc

Copy /Users/steipete/Library/Developer/Xcode/DerivedData/CodeLooper-crrddjihwjtfkwegrjrymctnfixv/Build/Products/Debug/NIOHTTPTypesHTTP1.swiftmodule/arm64-apple-macos.abi.json /Users/steipete/Library/Developer/Xcode/DerivedData/CodeLooper-crrddjihwjtfkwegrjrymctnfixv/Build/Intermediates.noindex/swift-nio-extras.build/Debug/NIOHTTPTypesHTTP1.build/Objects-normal/arm64/NIOHTTPTypesHTTP1.abi.json (in target 'NIOHTTPTypesHTTP1' from project 'swift-nio-extras')
    cd /Users/steipete/Library/Developer/Xcode/DerivedData/CodeLooper-crrddjihwjtfkwegrjrymctnfixv/SourcePackages/checkouts/swift-nio-extras
    builtin-copy -exclude .DS_Store -exclude CVS -exclude .svn -exclude .git -exclude .hg -resolve-src-symlinks -rename /Users/steipete/Library/Developer/Xcode/DerivedData/CodeLooper-crrddjihwjtfkwegrjrymctnfixv/Build/Intermediates.noindex/swift-nio-extras.build/Debug/NIOHTTPTypesHTTP1.build/Objects-normal/arm64/NIOHTTPTypesHTTP1.abi.json /Users/steipete/Library/Developer/Xcode/DerivedData/CodeLooper-crrddjihwjtfkwegrjrymctnfixv/Build/Products/Debug/NIOHTTPTypesHTTP1.swiftmodule/arm64-apple-macos.abi.json

Copy /Users/steipete/Library/Developer/Xcode/DerivedData/CodeLooper-crrddjihwjtfkwegrjrymctnfixv/Build/Products/Debug/NIOHTTPTypesHTTP1.swiftmodule/Project/arm64-apple-macos.swiftsourceinfo /Users/steipete/Library/Developer/Xcode/DerivedData/CodeLooper-crrddjihwjtfkwegrjrymctnfixv/Build/Intermediates.noindex/swift-nio-extras.build/Debug/NIOHTTPTypesHTTP1.build/Objects-normal/arm64/NIOHTTPTypesHTTP1.swiftsourceinfo (in target 'NIOHTTPTypesHTTP1' from project 'swift-nio-extras')
    cd /Users/steipete/Library/Developer/Xcode/DerivedData/CodeLooper-crrddjihwjtfkwegrjrymctnfixv/SourcePackages/checkouts/swift-nio-extras
    builtin-copy -exclude .DS_Store -exclude CVS -exclude .svn -exclude .git -exclude .hg -resolve-src-symlinks -rename /Users/steipete/Library/Developer/Xcode/DerivedData/CodeLooper-crrddjihwjtfkwegrjrymctnfixv/Build/Intermediates.noindex/swift-nio-extras.build/Debug/NIOHTTPTypesHTTP1.build/Objects-normal/arm64/NIOHTTPTypesHTTP1.swiftsourceinfo /Users/steipete/Library/Developer/Xcode/DerivedData/CodeLooper-crrddjihwjtfkwegrjrymctnfixv/Build/Products/Debug/NIOHTTPTypesHTTP1.swiftmodule/Project/arm64-apple-macos.swiftsourceinfo

SwiftDriverJobDiscovery normal arm64 Compiling LineBasedFrameDecoder.swift (in target 'NIOExtras' from project 'swift-nio-extras')

SwiftCompile normal arm64 Compiling\ NIOTSNetworkEvents.swift /Users/steipete/Library/Developer/Xcode/DerivedData/CodeLooper-crrddjihwjtfkwegrjrymctnfixv/SourcePackages/checkouts/swift-nio-transport-services/Sources/NIOTransportServices/NIOTSNetworkEvents.swift (in target 'NIOTransportServices' from project 'swift-nio-transport-services')

SwiftCompile normal arm64 /Users/steipete/Library/Developer/Xcode/DerivedData/CodeLooper-crrddjihwjtfkwegrjrymctnfixv/SourcePackages/checkouts/swift-nio-transport-services/Sources/NIOTransportServices/NIOTSNetworkEvents.swift (in target 'NIOTransportServices' from project 'swift-nio-transport-services')
    cd /Users/steipete/Projects/CodeLooper
    

SwiftCompile normal arm64 Compiling\ NIOTSConnectionBootstrap.swift,\ NIOTSConnectionChannel.swift /Users/steipete/Library/Developer/Xcode/DerivedData/CodeLooper-crrddjihwjtfkwegrjrymctnfixv/SourcePackages/checkouts/swift-nio-transport-services/Sources/NIOTransportServices/NIOTSConnectionBootstrap.swift /Users/steipete/Library/Developer/Xcode/DerivedData/CodeLooper-crrddjihwjtfkwegrjrymctnfixv/SourcePackages/checkouts/swift-nio-transport-services/Sources/NIOTransportServices/NIOTSConnectionChannel.swift (in target 'NIOTransportServices' from project 'swift-nio-transport-services')

SwiftCompile normal arm64 /Users/steipete/Library/Developer/Xcode/DerivedData/CodeLooper-crrddjihwjtfkwegrjrymctnfixv/SourcePackages/checkouts/swift-nio-transport-services/Sources/NIOTransportServices/NIOTSConnectionBootstrap.swift (in target 'NIOTransportServices' from project 'swift-nio-transport-services')
    cd /Users/steipete/Projects/CodeLooper
    

SwiftCompile normal arm64 /Users/steipete/Library/Developer/Xcode/DerivedData/CodeLooper-crrddjihwjtfkwegrjrymctnfixv/SourcePackages/checkouts/swift-nio-transport-services/Sources/NIOTransportServices/NIOTSConnectionChannel.swift (in target 'NIOTransportServices' from project 'swift-nio-transport-services')
    cd /Users/steipete/Projects/CodeLooper
    

SwiftCompile normal arm64 Compiling\ NIOTSListenerChannel.swift /Users/steipete/Library/Developer/Xcode/DerivedData/CodeLooper-crrddjihwjtfkwegrjrymctnfixv/SourcePackages/checkouts/swift-nio-transport-services/Sources/NIOTransportServices/NIOTSListenerChannel.swift (in target 'NIOTransportServices' from project 'swift-nio-transport-services')

SwiftCompile normal arm64 /Users/steipete/Library/Developer/Xcode/DerivedData/CodeLooper-crrddjihwjtfkwegrjrymctnfixv/SourcePackages/checkouts/swift-nio-transport-services/Sources/NIOTransportServices/NIOTSListenerChannel.swift (in target 'NIOTransportServices' from project 'swift-nio-transport-services')
    cd /Users/steipete/Projects/CodeLooper
    

SwiftDriverJobDiscovery normal arm64 Compiling DebugInboundEventsHandler.swift, DebugOutboundEventsHandler.swift (in target 'NIOExtras' from project 'swift-nio-extras')

SwiftCompile normal arm64 Compiling\ NIOTSErrors.swift,\ NIOTSEventLoop.swift /Users/steipete/Library/Developer/Xcode/DerivedData/CodeLooper-crrddjihwjtfkwegrjrymctnfixv/SourcePackages/checkouts/swift-nio-transport-services/Sources/NIOTransportServices/NIOTSErrors.swift /Users/steipete/Library/Developer/Xcode/DerivedData/CodeLooper-crrddjihwjtfkwegrjrymctnfixv/SourcePackages/checkouts/swift-nio-transport-services/Sources/NIOTransportServices/NIOTSEventLoop.swift (in target 'NIOTransportServices' from project 'swift-nio-transport-services')

SwiftCompile normal arm64 /Users/steipete/Library/Developer/Xcode/DerivedData/CodeLooper-crrddjihwjtfkwegrjrymctnfixv/SourcePackages/checkouts/swift-nio-transport-services/Sources/NIOTransportServices/NIOTSErrors.swift (in target 'NIOTransportServices' from project 'swift-nio-transport-services')
    cd /Users/steipete/Projects/CodeLooper
    

SwiftCompile normal arm64 /Users/steipete/Library/Developer/Xcode/DerivedData/CodeLooper-crrddjihwjtfkwegrjrymctnfixv/SourcePackages/checkouts/swift-nio-transport-services/Sources/NIOTransportServices/NIOTSEventLoop.swift (in target 'NIOTransportServices' from project 'swift-nio-transport-services')
    cd /Users/steipete/Projects/CodeLooper
    

SwiftDriverJobDiscovery normal arm64 Compiling NIOLengthFieldBitLength.swift (in target 'NIOExtras' from project 'swift-nio-extras')

SwiftCompile normal arm64 Compiling\ NIOTSDatagramListenerChannel.swift,\ NIOFilterEmptyWritesHandler.swift /Users/steipete/Library/Developer/Xcode/DerivedData/CodeLooper-crrddjihwjtfkwegrjrymctnfixv/SourcePackages/checkouts/swift-nio-transport-services/Sources/NIOTransportServices/Datagram/NIOTSDatagramListenerChannel.swift /Users/steipete/Library/Developer/Xcode/DerivedData/CodeLooper-crrddjihwjtfkwegrjrymctnfixv/SourcePackages/checkouts/swift-nio-transport-services/Sources/NIOTransportServices/NIOFilterEmptyWritesHandler.swift (in target 'NIOTransportServices' from project 'swift-nio-transport-services')

SwiftCompile normal arm64 /Users/steipete/Library/Developer/Xcode/DerivedData/CodeLooper-crrddjihwjtfkwegrjrymctnfixv/SourcePackages/checkouts/swift-nio-transport-services/Sources/NIOTransportServices/Datagram/NIOTSDatagramListenerChannel.swift (in target 'NIOTransportServices' from project 'swift-nio-transport-services')
    cd /Users/steipete/Projects/CodeLooper
    

SwiftCompile normal arm64 /Users/steipete/Library/Developer/Xcode/DerivedData/CodeLooper-crrddjihwjtfkwegrjrymctnfixv/SourcePackages/checkouts/swift-nio-transport-services/Sources/NIOTransportServices/NIOFilterEmptyWritesHandler.swift (in target 'NIOTransportServices' from project 'swift-nio-transport-services')
    cd /Users/steipete/Projects/CodeLooper
    

SwiftDriverJobDiscovery normal arm64 Compiling JSONRPCFraming+ContentLengthHeader.swift, JSONRPCFraming.swift (in target 'NIOExtras' from project 'swift-nio-extras')

SwiftCompile normal arm64 Compiling\ NIOTSSingletons.swift /Users/steipete/Library/Developer/Xcode/DerivedData/CodeLooper-crrddjihwjtfkwegrjrymctnfixv/SourcePackages/checkouts/swift-nio-transport-services/Sources/NIOTransportServices/NIOTSSingletons.swift (in target 'NIOTransportServices' from project 'swift-nio-transport-services')

SwiftCompile normal arm64 /Users/steipete/Library/Developer/Xcode/DerivedData/CodeLooper-crrddjihwjtfkwegrjrymctnfixv/SourcePackages/checkouts/swift-nio-transport-services/Sources/NIOTransportServices/NIOTSSingletons.swift (in target 'NIOTransportServices' from project 'swift-nio-transport-services')
    cd /Users/steipete/Projects/CodeLooper
    

SwiftDriverJobDiscovery normal arm64 Compiling HTTPTypeConversion.swift (in target 'NIOHTTPTypesHTTP1' from project 'swift-nio-extras')

SwiftCompile normal arm64 Compiling\ SocketAddress+NWEndpoint.swift /Users/steipete/Library/Developer/Xcode/DerivedData/CodeLooper-crrddjihwjtfkwegrjrymctnfixv/SourcePackages/checkouts/swift-nio-transport-services/Sources/NIOTransportServices/SocketAddress+NWEndpoint.swift (in target 'NIOTransportServices' from project 'swift-nio-transport-services')

SwiftCompile normal arm64 /Users/steipete/Library/Developer/Xcode/DerivedData/CodeLooper-crrddjihwjtfkwegrjrymctnfixv/SourcePackages/checkouts/swift-nio-transport-services/Sources/NIOTransportServices/SocketAddress+NWEndpoint.swift (in target 'NIOTransportServices' from project 'swift-nio-transport-services')
    cd /Users/steipete/Projects/CodeLooper
    

SwiftCompile normal arm64 Compiling\ StateManagedNWConnectionChannel.swift /Users/steipete/Library/Developer/Xcode/DerivedData/CodeLooper-crrddjihwjtfkwegrjrymctnfixv/SourcePackages/checkouts/swift-nio-transport-services/Sources/NIOTransportServices/StateManagedNWConnectionChannel.swift (in target 'NIOTransportServices' from project 'swift-nio-transport-services')

SwiftCompile normal arm64 /Users/steipete/Library/Developer/Xcode/DerivedData/CodeLooper-crrddjihwjtfkwegrjrymctnfixv/SourcePackages/checkouts/swift-nio-transport-services/Sources/NIOTransportServices/StateManagedNWConnectionChannel.swift (in target 'NIOTransportServices' from project 'swift-nio-transport-services')
    cd /Users/steipete/Projects/CodeLooper
    

SwiftDriverJobDiscovery normal arm64 Compiling LengthFieldBasedFrameDecoder.swift (in target 'NIOExtras' from project 'swift-nio-extras')

SwiftDriverJobDiscovery normal arm64 Compiling NIOTSNetworkEvents.swift (in target 'NIOTransportServices' from project 'swift-nio-transport-services')

SwiftDriverJobDiscovery normal arm64 Compiling StateManagedChannel.swift (in target 'NIOTransportServices' from project 'swift-nio-transport-services')

SwiftCompile normal arm64 Compiling\ NIOTSEventLoopGroup.swift,\ NIOTSListenerBootstrap.swift /Users/steipete/Library/Developer/Xcode/DerivedData/CodeLooper-crrddjihwjtfkwegrjrymctnfixv/SourcePackages/checkouts/swift-nio-transport-services/Sources/NIOTransportServices/NIOTSEventLoopGroup.swift /Users/steipete/Library/Developer/Xcode/DerivedData/CodeLooper-crrddjihwjtfkwegrjrymctnfixv/SourcePackages/checkouts/swift-nio-transport-services/Sources/NIOTransportServices/NIOTSListenerBootstrap.swift (in target 'NIOTransportServices' from project 'swift-nio-transport-services')

SwiftCompile normal arm64 /Users/steipete/Library/Developer/Xcode/DerivedData/CodeLooper-crrddjihwjtfkwegrjrymctnfixv/SourcePackages/checkouts/swift-nio-transport-services/Sources/NIOTransportServices/NIOTSEventLoopGroup.swift (in target 'NIOTransportServices' from project 'swift-nio-transport-services')
    cd /Users/steipete/Projects/CodeLooper
    

SwiftCompile normal arm64 /Users/steipete/Library/Developer/Xcode/DerivedData/CodeLooper-crrddjihwjtfkwegrjrymctnfixv/SourcePackages/checkouts/swift-nio-transport-services/Sources/NIOTransportServices/NIOTSListenerBootstrap.swift (in target 'NIOTransportServices' from project 'swift-nio-transport-services')
    cd /Users/steipete/Projects/CodeLooper
    

SwiftCompile normal arm64 Compiling\ UDPOptions+SocketChannelOption.swift /Users/steipete/Library/Developer/Xcode/DerivedData/CodeLooper-crrddjihwjtfkwegrjrymctnfixv/SourcePackages/checkouts/swift-nio-transport-services/Sources/NIOTransportServices/UDPOptions+SocketChannelOption.swift (in target 'NIOTransportServices' from project 'swift-nio-transport-services')

SwiftCompile normal arm64 /Users/steipete/Library/Developer/Xcode/DerivedData/CodeLooper-crrddjihwjtfkwegrjrymctnfixv/SourcePackages/checkouts/swift-nio-transport-services/Sources/NIOTransportServices/UDPOptions+SocketChannelOption.swift (in target 'NIOTransportServices' from project 'swift-nio-transport-services')
    cd /Users/steipete/Projects/CodeLooper
    

SwiftDriverJobDiscovery normal arm64 Compiling HTTPTypes.swift (in target 'NIOHTTP1' from project 'swift-nio')

SwiftCompile normal arm64 Compiling\ TCPOptions+SocketChannelOption.swift /Users/steipete/Library/Developer/Xcode/DerivedData/CodeLooper-crrddjihwjtfkwegrjrymctnfixv/SourcePackages/checkouts/swift-nio-transport-services/Sources/NIOTransportServices/TCPOptions+SocketChannelOption.swift (in target 'NIOTransportServices' from project 'swift-nio-transport-services')

SwiftCompile normal arm64 /Users/steipete/Library/Developer/Xcode/DerivedData/CodeLooper-crrddjihwjtfkwegrjrymctnfixv/SourcePackages/checkouts/swift-nio-transport-services/Sources/NIOTransportServices/TCPOptions+SocketChannelOption.swift (in target 'NIOTransportServices' from project 'swift-nio-transport-services')
    cd /Users/steipete/Projects/CodeLooper
    

SwiftDriverJobDiscovery normal arm64 Compiling NIOTSListenerChannel.swift (in target 'NIOTransportServices' from project 'swift-nio-transport-services')

SwiftCompile normal arm64 Compiling\ NIOTSBootstraps.swift,\ NIOTSChannelOptions.swift /Users/steipete/Library/Developer/Xcode/DerivedData/CodeLooper-crrddjihwjtfkwegrjrymctnfixv/SourcePackages/checkouts/swift-nio-transport-services/Sources/NIOTransportServices/NIOTSBootstraps.swift /Users/steipete/Library/Developer/Xcode/DerivedData/CodeLooper-crrddjihwjtfkwegrjrymctnfixv/SourcePackages/checkouts/swift-nio-transport-services/Sources/NIOTransportServices/NIOTSChannelOptions.swift (in target 'NIOTransportServices' from project 'swift-nio-transport-services')

SwiftCompile normal arm64 /Users/steipete/Library/Developer/Xcode/DerivedData/CodeLooper-crrddjihwjtfkwegrjrymctnfixv/SourcePackages/checkouts/swift-nio-transport-services/Sources/NIOTransportServices/NIOTSBootstraps.swift (in target 'NIOTransportServices' from project 'swift-nio-transport-services')
    cd /Users/steipete/Projects/CodeLooper
    

SwiftCompile normal arm64 /Users/steipete/Library/Developer/Xcode/DerivedData/CodeLooper-crrddjihwjtfkwegrjrymctnfixv/SourcePackages/checkouts/swift-nio-transport-services/Sources/NIOTransportServices/NIOTSChannelOptions.swift (in target 'NIOTransportServices' from project 'swift-nio-transport-services')
    cd /Users/steipete/Projects/CodeLooper
    

SwiftDriverJobDiscovery normal arm64 Compiling NIOTSSingletons.swift (in target 'NIOTransportServices' from project 'swift-nio-transport-services')

SwiftDriver\ Compilation NIOHTTPTypesHTTP1 normal arm64 com.apple.xcode.tools.swift.compiler (in target 'NIOHTTPTypesHTTP1' from project 'swift-nio-extras')
    cd /Users/steipete/Projects/CodeLooper
    builtin-Swift-Compilation -- /Applications/Xcode-beta.app/Contents/Developer/Toolchains/XcodeDefault.xctoolchain/usr/bin/swiftc -module-name NIOHTTPTypesHTTP1 -Onone -enforce-exclusivity\=checked @/Users/steipete/Library/Developer/Xcode/DerivedData/CodeLooper-crrddjihwjtfkwegrjrymctnfixv/Build/Intermediates.noindex/swift-nio-extras.build/Debug/NIOHTTPTypesHTTP1.build/Objects-normal/arm64/NIOHTTPTypesHTTP1.SwiftFileList -DSWIFT_PACKAGE -DDEBUG -DSWIFT_MODULE_RESOURCE_BUNDLE_UNAVAILABLE -Xcc -fmodule-map-file\=/Users/steipete/Library/Developer/Xcode/DerivedData/CodeLooper-crrddjihwjtfkwegrjrymctnfixv/Build/Intermediates.noindex/GeneratedModuleMaps/CNIOLLHTTP.modulemap -Xcc -fmodule-map-file\=/Users/steipete/Library/Developer/Xcode/DerivedData/CodeLooper-crrddjihwjtfkwegrjrymctnfixv/Build/Intermediates.noindex/GeneratedModuleMaps/CNIOWASI.modulemap -Xcc -fmodule-map-file\=/Users/steipete/Library/Developer/Xcode/DerivedData/CodeLooper-crrddjihwjtfkwegrjrymctnfixv/Build/Intermediates.noindex/GeneratedModuleMaps/CNIOLinux.modulemap -Xcc -fmodule-map-file\=/Users/steipete/Library/Developer/Xcode/DerivedData/CodeLooper-crrddjihwjtfkwegrjrymctnfixv/Build/Intermediates.noindex/GeneratedModuleMaps/CNIODarwin.modulemap -Xcc -fmodule-map-file\=/Users/steipete/Library/Developer/Xcode/DerivedData/CodeLooper-crrddjihwjtfkwegrjrymctnfixv/Build/Intermediates.noindex/GeneratedModuleMaps/CNIOAtomics.modulemap -DXcode -enable-upcoming-feature StrictConcurrency -enable-upcoming-feature InferSendableFromCaptures -enable-upcoming-feature MemberImportVisibility -plugin-path /Applications/Xcode-beta.app/Contents/Developer/Toolchains/XcodeDefault.xctoolchain/usr/lib/swift/host/plugins/testing -enable-experimental-feature DebugDescriptionMacro -sdk /Applications/Xcode-beta.app/Contents/Developer/Platforms/MacOSX.platform/Developer/SDKs/MacOSX26.0.sdk -target arm64-apple-macos10.13 -g -module-cache-path /Users/steipete/Library/Developer/Xcode/DerivedData/ModuleCache.noindex -Xfrontend -serialize-debugging-options -profile-coverage-mapping -profile-generate -enable-testing -suppress-warnings -index-store-path /Users/steipete/Library/Developer/Xcode/DerivedData/CodeLooper-crrddjihwjtfkwegrjrymctnfixv/Index.noindex/DataStore -swift-version 5 -I /Users/steipete/Library/Developer/Xcode/DerivedData/CodeLooper-crrddjihwjtfkwegrjrymctnfixv/Build/Products/Debug -I /Applications/Xcode-beta.app/Contents/Developer/Platforms/MacOSX.platform/Developer/usr/lib -F /Users/steipete/Library/Developer/Xcode/DerivedData/CodeLooper-crrddjihwjtfkwegrjrymctnfixv/Build/Products/Debug/PackageFrameworks -F /Users/steipete/Library/Developer/Xcode/DerivedData/CodeLooper-crrddjihwjtfkwegrjrymctnfixv/Build/Products/Debug/PackageFrameworks -F /Users/steipete/Library/Developer/Xcode/DerivedData/CodeLooper-crrddjihwjtfkwegrjrymctnfixv/Build/Products/Debug/PackageFrameworks -F /Users/steipete/Library/Developer/Xcode/DerivedData/CodeLooper-crrddjihwjtfkwegrjrymctnfixv/Build/Products/Debug/PackageFrameworks -F /Users/steipete/Library/Developer/Xcode/DerivedData/CodeLooper-crrddjihwjtfkwegrjrymctnfixv/Build/Products/Debug/PackageFrameworks -F /Users/steipete/Library/Developer/Xcode/DerivedData/CodeLooper-crrddjihwjtfkwegrjrymctnfixv/Build/Products/Debug/PackageFrameworks -F /Users/steipete/Library/Developer/Xcode/DerivedData/CodeLooper-crrddjihwjtfkwegrjrymctnfixv/Build/Products/Debug/PackageFrameworks -F /Users/steipete/Library/Developer/Xcode/DerivedData/CodeLooper-crrddjihwjtfkwegrjrymctnfixv/Build/Products/Debug/PackageFrameworks -F /Users/steipete/Library/Developer/Xcode/DerivedData/CodeLooper-crrddjihwjtfkwegrjrymctnfixv/Build/Products/Debug/PackageFrameworks -F /Users/steipete/Library/Developer/Xcode/DerivedData/CodeLooper-crrddjihwjtfkwegrjrymctnfixv/Build/Products/Debug/PackageFrameworks -F /Users/steipete/Library/Developer/Xcode/DerivedData/CodeLooper-crrddjihwjtfkwegrjrymctnfixv/Build/Products/Debug/PackageFrameworks -F /Users/steipete/Library/Developer/Xcode/DerivedData/CodeLooper-crrddjihwjtfkwegrjrymctnfixv/Build/Products/Debug/PackageFrameworks -F /Users/steipete/Library/Developer/Xcode/DerivedData/CodeLooper-crrddjihwjtfkwegrjrymctnfixv/Build/Products/Debug/PackageFrameworks -F /Users/steipete/Library/Developer/Xcode/DerivedData/CodeLooper-crrddjihwjtfkwegrjrymctnfixv/Build/Products/Debug/PackageFrameworks -F /Users/steipete/Library/Developer/Xcode/DerivedData/CodeLooper-crrddjihwjtfkwegrjrymctnfixv/Build/Products/Debug/PackageFrameworks -F /Users/steipete/Library/Developer/Xcode/DerivedData/CodeLooper-crrddjihwjtfkwegrjrymctnfixv/Build/Products/Debug/PackageFrameworks -F /Users/steipete/Library/Developer/Xcode/DerivedData/CodeLooper-crrddjihwjtfkwegrjrymctnfixv/Build/Products/Debug/PackageFrameworks -F /Users/steipete/Library/Developer/Xcode/DerivedData/CodeLooper-crrddjihwjtfkwegrjrymctnfixv/Build/Products/Debug/PackageFrameworks -F /Users/steipete/Library/Developer/Xcode/DerivedData/CodeLooper-crrddjihwjtfkwegrjrymctnfixv/Build/Products/Debug/PackageFrameworks -F /Users/steipete/Library/Developer/Xcode/DerivedData/CodeLooper-crrddjihwjtfkwegrjrymctnfixv/Build/Products/Debug/PackageFrameworks -F /Users/steipete/Library/Developer/Xcode/DerivedData/CodeLooper-crrddjihwjtfkwegrjrymctnfixv/Build/Products/Debug -F /Applications/Xcode-beta.app/Contents/Developer/Platforms/MacOSX.platform/Developer/Library/Frameworks -c -j16 -enable-batch-mode -incremental -Xcc -ivfsstatcache -Xcc /Users/steipete/Library/Developer/Xcode/DerivedData/SDKStatCaches.noindex/macosx26.0-25A5279m-5d9328ff1a6613a11d359de947506b52.sdkstatcache -output-file-map /Users/steipete/Library/Developer/Xcode/DerivedData/CodeLooper-crrddjihwjtfkwegrjrymctnfixv/Build/Intermediates.noindex/swift-nio-extras.build/Debug/NIOHTTPTypesHTTP1.build/Objects-normal/arm64/NIOHTTPTypesHTTP1-OutputFileMap.json -use-frontend-parseable-output -save-temps -no-color-diagnostics -explicit-module-build -module-cache-path /Users/steipete/Library/Developer/Xcode/DerivedData/CodeLooper-crrddjihwjtfkwegrjrymctnfixv/Build/Intermediates.noindex/SwiftExplicitPrecompiledModules -clang-scanner-module-cache-path /Users/steipete/Library/Developer/Xcode/DerivedData/ModuleCache.noindex -sdk-module-cache-path /Users/steipete/Library/Developer/Xcode/DerivedData/ModuleCache.noindex -serialize-diagnostics -emit-dependencies -emit-module -emit-module-path /Users/steipete/Library/Developer/Xcode/DerivedData/CodeLooper-crrddjihwjtfkwegrjrymctnfixv/Build/Intermediates.noindex/swift-nio-extras.build/Debug/NIOHTTPTypesHTTP1.build/Objects-normal/arm64/NIOHTTPTypesHTTP1.swiftmodule -validate-clang-modules-once -clang-build-session-file /Users/steipete/Library/Developer/Xcode/DerivedData/ModuleCache.noindex/Session.modulevalidation -package-name swift_nio_extras -Xcc -I/Users/steipete/Library/Developer/Xcode/DerivedData/CodeLooper-crrddjihwjtfkwegrjrymctnfixv/Build/Intermediates.noindex/swift-nio-extras.build/Debug/NIOHTTPTypesHTTP1.build/swift-overrides.hmap -emit-const-values -Xfrontend -const-gather-protocols-file -Xfrontend /Users/steipete/Library/Developer/Xcode/DerivedData/CodeLooper-crrddjihwjtfkwegrjrymctnfixv/Build/Intermediates.noindex/swift-nio-extras.build/Debug/NIOHTTPTypesHTTP1.build/Objects-normal/arm64/NIOHTTPTypesHTTP1_const_extract_protocols.json -Xcc -I/Users/steipete/Library/Developer/Xcode/DerivedData/CodeLooper-crrddjihwjtfkwegrjrymctnfixv/SourcePackages/checkouts/swift-atomics/Sources/_AtomicsShims/include -Xcc -I/Users/steipete/Library/Developer/Xcode/DerivedData/CodeLooper-crrddjihwjtfkwegrjrymctnfixv/SourcePackages/checkouts/swift-nio/Sources/CNIOLLHTTP/include -Xcc -I/Users/steipete/Library/Developer/Xcode/DerivedData/CodeLooper-crrddjihwjtfkwegrjrymctnfixv/SourcePackages/checkouts/swift-nio/Sources/CNIOWASI/include -Xcc -I/Users/steipete/Library/Developer/Xcode/DerivedData/CodeLooper-crrddjihwjtfkwegrjrymctnfixv/SourcePackages/checkouts/swift-nio/Sources/CNIOWindows/include -Xcc -I/Users/steipete/Library/Developer/Xcode/DerivedData/CodeLooper-crrddjihwjtfkwegrjrymctnfixv/SourcePackages/checkouts/swift-nio/Sources/CNIOLinux/include -Xcc -I/Users/steipete/Library/Developer/Xcode/DerivedData/CodeLooper-crrddjihwjtfkwegrjrymctnfixv/SourcePackages/checkouts/swift-nio/Sources/CNIODarwin/include -Xcc -I/Users/steipete/Library/Developer/Xcode/DerivedData/CodeLooper-crrddjihwjtfkwegrjrymctnfixv/SourcePackages/checkouts/swift-nio/Sources/CNIOAtomics/include -Xcc -I/Users/steipete/Library/Developer/Xcode/DerivedData/CodeLooper-crrddjihwjtfkwegrjrymctnfixv/Build/Products/Debug/include -Xcc -I/Users/steipete/Library/Developer/Xcode/DerivedData/CodeLooper-crrddjihwjtfkwegrjrymctnfixv/Build/Intermediates.noindex/swift-nio-extras.build/Debug/NIOHTTPTypesHTTP1.build/DerivedSources-normal/arm64 -Xcc -I/Users/steipete/Library/Developer/Xcode/DerivedData/CodeLooper-crrddjihwjtfkwegrjrymctnfixv/Build/Intermediates.noindex/swift-nio-extras.build/Debug/NIOHTTPTypesHTTP1.build/DerivedSources/arm64 -Xcc -I/Users/steipete/Library/Developer/Xcode/DerivedData/CodeLooper-crrddjihwjtfkwegrjrymctnfixv/Build/Intermediates.noindex/swift-nio-extras.build/Debug/NIOHTTPTypesHTTP1.build/DerivedSources -Xcc -DSWIFT_PACKAGE -Xcc -DDEBUG\=1 -emit-objc-header -emit-objc-header-path /Users/steipete/Library/Developer/Xcode/DerivedData/CodeLooper-crrddjihwjtfkwegrjrymctnfixv/Build/Intermediates.noindex/swift-nio-extras.build/Debug/NIOHTTPTypesHTTP1.build/Objects-normal/arm64/NIOHTTPTypesHTTP1-Swift.h -working-directory /Users/steipete/Projects/CodeLooper -experimental-emit-module-separately -disable-cmo

SwiftDriverJobDiscovery normal arm64 Emitting module for NIOTransportServices (in target 'NIOTransportServices' from project 'swift-nio-transport-services')

SwiftDriver\ Compilation\ Requirements NIOTransportServices normal arm64 com.apple.xcode.tools.swift.compiler (in target 'NIOTransportServices' from project 'swift-nio-transport-services')
    cd /Users/steipete/Projects/CodeLooper
    builtin-Swift-Compilation-Requirements -- /Applications/Xcode-beta.app/Contents/Developer/Toolchains/XcodeDefault.xctoolchain/usr/bin/swiftc -module-name NIOTransportServices -Onone -enforce-exclusivity\=checked @/Users/steipete/Library/Developer/Xcode/DerivedData/CodeLooper-crrddjihwjtfkwegrjrymctnfixv/Build/Intermediates.noindex/swift-nio-transport-services.build/Debug/NIOTransportServices.build/Objects-normal/arm64/NIOTransportServices.SwiftFileList -DSWIFT_PACKAGE -DDEBUG -DSWIFT_MODULE_RESOURCE_BUNDLE_UNAVAILABLE -Xcc -fmodule-map-file\=/Users/steipete/Library/Developer/Xcode/DerivedData/CodeLooper-crrddjihwjtfkwegrjrymctnfixv/Build/Intermediates.noindex/GeneratedModuleMaps/CNIOWASI.modulemap -Xcc -fmodule-map-file\=/Users/steipete/Library/Developer/Xcode/DerivedData/CodeLooper-crrddjihwjtfkwegrjrymctnfixv/Build/Intermediates.noindex/GeneratedModuleMaps/CNIOLinux.modulemap -Xcc -fmodule-map-file\=/Users/steipete/Library/Developer/Xcode/DerivedData/CodeLooper-crrddjihwjtfkwegrjrymctnfixv/Build/Intermediates.noindex/GeneratedModuleMaps/CNIODarwin.modulemap -Xcc -fmodule-map-file\=/Users/steipete/Library/Developer/Xcode/DerivedData/CodeLooper-crrddjihwjtfkwegrjrymctnfixv/Build/Intermediates.noindex/GeneratedModuleMaps/CNIOAtomics.modulemap -DXcode -enable-upcoming-feature StrictConcurrency -enable-upcoming-feature InferSendableFromCaptures -enable-upcoming-feature MemberImportVisibility -plugin-path /Applications/Xcode-beta.app/Contents/Developer/Toolchains/XcodeDefault.xctoolchain/usr/lib/swift/host/plugins/testing -enable-experimental-feature DebugDescriptionMacro -sdk /Applications/Xcode-beta.app/Contents/Developer/Platforms/MacOSX.platform/Developer/SDKs/MacOSX26.0.sdk -target arm64-apple-macos10.13 -g -module-cache-path /Users/steipete/Library/Developer/Xcode/DerivedData/ModuleCache.noindex -Xfrontend -serialize-debugging-options -profile-coverage-mapping -profile-generate -enable-testing -suppress-warnings -index-store-path /Users/steipete/Library/Developer/Xcode/DerivedData/CodeLooper-crrddjihwjtfkwegrjrymctnfixv/Index.noindex/DataStore -swift-version 5 -I /Users/steipete/Library/Developer/Xcode/DerivedData/CodeLooper-crrddjihwjtfkwegrjrymctnfixv/Build/Products/Debug -I /Applications/Xcode-beta.app/Contents/Developer/Platforms/MacOSX.platform/Developer/usr/lib -F /Users/steipete/Library/Developer/Xcode/DerivedData/CodeLooper-crrddjihwjtfkwegrjrymctnfixv/Build/Products/Debug/PackageFrameworks -F /Users/steipete/Library/Developer/Xcode/DerivedData/CodeLooper-crrddjihwjtfkwegrjrymctnfixv/Build/Products/Debug/PackageFrameworks -F /Users/steipete/Library/Developer/Xcode/DerivedData/CodeLooper-crrddjihwjtfkwegrjrymctnfixv/Build/Products/Debug/PackageFrameworks -F /Users/steipete/Library/Developer/Xcode/DerivedData/CodeLooper-crrddjihwjtfkwegrjrymctnfixv/Build/Products/Debug/PackageFrameworks -F /Users/steipete/Library/Developer/Xcode/DerivedData/CodeLooper-crrddjihwjtfkwegrjrymctnfixv/Build/Products/Debug/PackageFrameworks -F /Users/steipete/Library/Developer/Xcode/DerivedData/CodeLooper-crrddjihwjtfkwegrjrymctnfixv/Build/Products/Debug/PackageFrameworks -F /Users/steipete/Library/Developer/Xcode/DerivedData/CodeLooper-crrddjihwjtfkwegrjrymctnfixv/Build/Products/Debug/PackageFrameworks -F /Users/steipete/Library/Developer/Xcode/DerivedData/CodeLooper-crrddjihwjtfkwegrjrymctnfixv/Build/Products/Debug/PackageFrameworks -F /Users/steipete/Library/Developer/Xcode/DerivedData/CodeLooper-crrddjihwjtfkwegrjrymctnfixv/Build/Products/Debug/PackageFrameworks -F /Users/steipete/Library/Developer/Xcode/DerivedData/CodeLooper-crrddjihwjtfkwegrjrymctnfixv/Build/Products/Debug/PackageFrameworks -F /Users/steipete/Library/Developer/Xcode/DerivedData/CodeLooper-crrddjihwjtfkwegrjrymctnfixv/Build/Products/Debug/PackageFrameworks -F /Users/steipete/Library/Developer/Xcode/DerivedData/CodeLooper-crrddjihwjtfkwegrjrymctnfixv/Build/Products/Debug/PackageFrameworks -F /Users/steipete/Library/Developer/Xcode/DerivedData/CodeLooper-crrddjihwjtfkwegrjrymctnfixv/Build/Products/Debug/PackageFrameworks -F /Users/steipete/Library/Developer/Xcode/DerivedData/CodeLooper-crrddjihwjtfkwegrjrymctnfixv/Build/Products/Debug/PackageFrameworks -F /Users/steipete/Library/Developer/Xcode/DerivedData/CodeLooper-crrddjihwjtfkwegrjrymctnfixv/Build/Products/Debug/PackageFrameworks -F /Users/steipete/Library/Developer/Xcode/DerivedData/CodeLooper-crrddjihwjtfkwegrjrymctnfixv/Build/Products/Debug/PackageFrameworks -F /Users/steipete/Library/Developer/Xcode/DerivedData/CodeLooper-crrddjihwjtfkwegrjrymctnfixv/Build/Products/Debug/PackageFrameworks -F /Users/steipete/Library/Developer/Xcode/DerivedData/CodeLooper-crrddjihwjtfkwegrjrymctnfixv/Build/Products/Debug/PackageFrameworks -F /Users/steipete/Library/Developer/Xcode/DerivedData/CodeLooper-crrddjihwjtfkwegrjrymctnfixv/Build/Products/Debug -F /Applications/Xcode-beta.app/Contents/Developer/Platforms/MacOSX.platform/Developer/Library/Frameworks -c -j16 -enable-batch-mode -incremental -Xcc -ivfsstatcache -Xcc /Users/steipete/Library/Developer/Xcode/DerivedData/SDKStatCaches.noindex/macosx26.0-25A5279m-5d9328ff1a6613a11d359de947506b52.sdkstatcache -output-file-map /Users/steipete/Library/Developer/Xcode/DerivedData/CodeLooper-crrddjihwjtfkwegrjrymctnfixv/Build/Intermediates.noindex/swift-nio-transport-services.build/Debug/NIOTransportServices.build/Objects-normal/arm64/NIOTransportServices-OutputFileMap.json -use-frontend-parseable-output -save-temps -no-color-diagnostics -explicit-module-build -module-cache-path /Users/steipete/Library/Developer/Xcode/DerivedData/CodeLooper-crrddjihwjtfkwegrjrymctnfixv/Build/Intermediates.noindex/SwiftExplicitPrecompiledModules -clang-scanner-module-cache-path /Users/steipete/Library/Developer/Xcode/DerivedData/ModuleCache.noindex -sdk-module-cache-path /Users/steipete/Library/Developer/Xcode/DerivedData/ModuleCache.noindex -serialize-diagnostics -emit-dependencies -emit-module -emit-module-path /Users/steipete/Library/Developer/Xcode/DerivedData/CodeLooper-crrddjihwjtfkwegrjrymctnfixv/Build/Intermediates.noindex/swift-nio-transport-services.build/Debug/NIOTransportServices.build/Objects-normal/arm64/NIOTransportServices.swiftmodule -validate-clang-modules-once -clang-build-session-file /Users/steipete/Library/Developer/Xcode/DerivedData/ModuleCache.noindex/Session.modulevalidation -Xcc -I/Users/steipete/Library/Developer/Xcode/DerivedData/CodeLooper-crrddjihwjtfkwegrjrymctnfixv/Build/Intermediates.noindex/swift-nio-transport-services.build/Debug/NIOTransportServices.build/swift-overrides.hmap -emit-const-values -Xfrontend -const-gather-protocols-file -Xfrontend /Users/steipete/Library/Developer/Xcode/DerivedData/CodeLooper-crrddjihwjtfkwegrjrymctnfixv/Build/Intermediates.noindex/swift-nio-transport-services.build/Debug/NIOTransportServices.build/Objects-normal/arm64/NIOTransportServices_const_extract_protocols.json -Xcc -I/Users/steipete/Library/Developer/Xcode/DerivedData/CodeLooper-crrddjihwjtfkwegrjrymctnfixv/SourcePackages/checkouts/swift-nio/Sources/CNIOWASI/include -Xcc -I/Users/steipete/Library/Developer/Xcode/DerivedData/CodeLooper-crrddjihwjtfkwegrjrymctnfixv/SourcePackages/checkouts/swift-nio/Sources/CNIOWindows/include -Xcc -I/Users/steipete/Library/Developer/Xcode/DerivedData/CodeLooper-crrddjihwjtfkwegrjrymctnfixv/SourcePackages/checkouts/swift-nio/Sources/CNIOLinux/include -Xcc -I/Users/steipete/Library/Developer/Xcode/DerivedData/CodeLooper-crrddjihwjtfkwegrjrymctnfixv/SourcePackages/checkouts/swift-nio/Sources/CNIODarwin/include -Xcc -I/Users/steipete/Library/Developer/Xcode/DerivedData/CodeLooper-crrddjihwjtfkwegrjrymctnfixv/SourcePackages/checkouts/swift-nio/Sources/CNIOAtomics/include -Xcc -I/Users/steipete/Library/Developer/Xcode/DerivedData/CodeLooper-crrddjihwjtfkwegrjrymctnfixv/SourcePackages/checkouts/swift-atomics/Sources/_AtomicsShims/include -Xcc -I/Users/steipete/Library/Developer/Xcode/DerivedData/CodeLooper-crrddjihwjtfkwegrjrymctnfixv/Build/Products/Debug/include -Xcc -I/Users/steipete/Library/Developer/Xcode/DerivedData/CodeLooper-crrddjihwjtfkwegrjrymctnfixv/Build/Intermediates.noindex/swift-nio-transport-services.build/Debug/NIOTransportServices.build/DerivedSources-normal/arm64 -Xcc -I/Users/steipete/Library/Developer/Xcode/DerivedData/CodeLooper-crrddjihwjtfkwegrjrymctnfixv/Build/Intermediates.noindex/swift-nio-transport-services.build/Debug/NIOTransportServices.build/DerivedSources/arm64 -Xcc -I/Users/steipete/Library/Developer/Xcode/DerivedData/CodeLooper-crrddjihwjtfkwegrjrymctnfixv/Build/Intermediates.noindex/swift-nio-transport-services.build/Debug/NIOTransportServices.build/DerivedSources -Xcc -DSWIFT_PACKAGE -Xcc -DDEBUG\=1 -emit-objc-header -emit-objc-header-path /Users/steipete/Library/Developer/Xcode/DerivedData/CodeLooper-crrddjihwjtfkwegrjrymctnfixv/Build/Intermediates.noindex/swift-nio-transport-services.build/Debug/NIOTransportServices.build/Objects-normal/arm64/NIOTransportServices-Swift.h -working-directory /Users/steipete/Projects/CodeLooper -experimental-emit-module-separately -disable-cmo

SwiftDriverJobDiscovery normal arm64 Compiling AcceptHandler.swift, NIOTSDatagramBootstrap.swift (in target 'NIOTransportServices' from project 'swift-nio-transport-services')

SwiftCompile normal arm64 Compiling\ WritePCAPHandler.swift /Users/steipete/Library/Developer/Xcode/DerivedData/CodeLooper-crrddjihwjtfkwegrjrymctnfixv/SourcePackages/checkouts/swift-nio-extras/Sources/NIOExtras/WritePCAPHandler.swift (in target 'NIOExtras' from project 'swift-nio-extras')

SwiftCompile normal arm64 /Users/steipete/Library/Developer/Xcode/DerivedData/CodeLooper-crrddjihwjtfkwegrjrymctnfixv/SourcePackages/checkouts/swift-nio-extras/Sources/NIOExtras/WritePCAPHandler.swift (in target 'NIOExtras' from project 'swift-nio-extras')
    cd /Users/steipete/Projects/CodeLooper
    

SwiftDriver\ Compilation NIOHTTP1 normal arm64 com.apple.xcode.tools.swift.compiler (in target 'NIOHTTP1' from project 'swift-nio')
    cd /Users/steipete/Projects/CodeLooper
    builtin-Swift-Compilation -- /Applications/Xcode-beta.app/Contents/Developer/Toolchains/XcodeDefault.xctoolchain/usr/bin/swiftc -module-name NIOHTTP1 -Onone -enforce-exclusivity\=checked @/Users/steipete/Library/Developer/Xcode/DerivedData/CodeLooper-crrddjihwjtfkwegrjrymctnfixv/Build/Intermediates.noindex/swift-nio.build/Debug/NIOHTTP1.build/Objects-normal/arm64/NIOHTTP1.SwiftFileList -DSWIFT_PACKAGE -DDEBUG -DSWIFT_MODULE_RESOURCE_BUNDLE_UNAVAILABLE -Xcc -fmodule-map-file\=/Users/steipete/Library/Developer/Xcode/DerivedData/CodeLooper-crrddjihwjtfkwegrjrymctnfixv/Build/Intermediates.noindex/GeneratedModuleMaps/CNIOLLHTTP.modulemap -Xcc -fmodule-map-file\=/Users/steipete/Library/Developer/Xcode/DerivedData/CodeLooper-crrddjihwjtfkwegrjrymctnfixv/Build/Intermediates.noindex/GeneratedModuleMaps/CNIOWASI.modulemap -Xcc -fmodule-map-file\=/Users/steipete/Library/Developer/Xcode/DerivedData/CodeLooper-crrddjihwjtfkwegrjrymctnfixv/Build/Intermediates.noindex/GeneratedModuleMaps/CNIOLinux.modulemap -Xcc -fmodule-map-file\=/Users/steipete/Library/Developer/Xcode/DerivedData/CodeLooper-crrddjihwjtfkwegrjrymctnfixv/Build/Intermediates.noindex/GeneratedModuleMaps/CNIODarwin.modulemap -Xcc -fmodule-map-file\=/Users/steipete/Library/Developer/Xcode/DerivedData/CodeLooper-crrddjihwjtfkwegrjrymctnfixv/Build/Intermediates.noindex/GeneratedModuleMaps/CNIOAtomics.modulemap -DXcode -enable-upcoming-feature StrictConcurrency -enable-upcoming-feature InferSendableFromCaptures -enable-upcoming-feature MemberImportVisibility -plugin-path /Applications/Xcode-beta.app/Contents/Developer/Toolchains/XcodeDefault.xctoolchain/usr/lib/swift/host/plugins/testing -enable-experimental-feature DebugDescriptionMacro -sdk /Applications/Xcode-beta.app/Contents/Developer/Platforms/MacOSX.platform/Developer/SDKs/MacOSX26.0.sdk -target arm64-apple-macos10.13 -g -module-cache-path /Users/steipete/Library/Developer/Xcode/DerivedData/ModuleCache.noindex -Xfrontend -serialize-debugging-options -profile-coverage-mapping -profile-generate -enable-testing -suppress-warnings -index-store-path /Users/steipete/Library/Developer/Xcode/DerivedData/CodeLooper-crrddjihwjtfkwegrjrymctnfixv/Index.noindex/DataStore -swift-version 5 -I /Users/steipete/Library/Developer/Xcode/DerivedData/CodeLooper-crrddjihwjtfkwegrjrymctnfixv/Build/Products/Debug -I /Applications/Xcode-beta.app/Contents/Developer/Platforms/MacOSX.platform/Developer/usr/lib -F /Users/steipete/Library/Developer/Xcode/DerivedData/CodeLooper-crrddjihwjtfkwegrjrymctnfixv/Build/Products/Debug/PackageFrameworks -F /Users/steipete/Library/Developer/Xcode/DerivedData/CodeLooper-crrddjihwjtfkwegrjrymctnfixv/Build/Products/Debug/PackageFrameworks -F /Users/steipete/Library/Developer/Xcode/DerivedData/CodeLooper-crrddjihwjtfkwegrjrymctnfixv/Build/Products/Debug/PackageFrameworks -F /Users/steipete/Library/Developer/Xcode/DerivedData/CodeLooper-crrddjihwjtfkwegrjrymctnfixv/Build/Products/Debug/PackageFrameworks -F /Users/steipete/Library/Developer/Xcode/DerivedData/CodeLooper-crrddjihwjtfkwegrjrymctnfixv/Build/Products/Debug/PackageFrameworks -F /Users/steipete/Library/Developer/Xcode/DerivedData/CodeLooper-crrddjihwjtfkwegrjrymctnfixv/Build/Products/Debug/PackageFrameworks -F /Users/steipete/Library/Developer/Xcode/DerivedData/CodeLooper-crrddjihwjtfkwegrjrymctnfixv/Build/Products/Debug/PackageFrameworks -F /Users/steipete/Library/Developer/Xcode/DerivedData/CodeLooper-crrddjihwjtfkwegrjrymctnfixv/Build/Products/Debug/PackageFrameworks -F /Users/steipete/Library/Developer/Xcode/DerivedData/CodeLooper-crrddjihwjtfkwegrjrymctnfixv/Build/Products/Debug/PackageFrameworks -F /Users/steipete/Library/Developer/Xcode/DerivedData/CodeLooper-crrddjihwjtfkwegrjrymctnfixv/Build/Products/Debug/PackageFrameworks -F /Users/steipete/Library/Developer/Xcode/DerivedData/CodeLooper-crrddjihwjtfkwegrjrymctnfixv/Build/Products/Debug/PackageFrameworks -F /Users/steipete/Library/Developer/Xcode/DerivedData/CodeLooper-crrddjihwjtfkwegrjrymctnfixv/Build/Products/Debug/PackageFrameworks -F /Users/steipete/Library/Developer/Xcode/DerivedData/CodeLooper-crrddjihwjtfkwegrjrymctnfixv/Build/Products/Debug/PackageFrameworks -F /Users/steipete/Library/Developer/Xcode/DerivedData/CodeLooper-crrddjihwjtfkwegrjrymctnfixv/Build/Products/Debug/PackageFrameworks -F /Users/steipete/Library/Developer/Xcode/DerivedData/CodeLooper-crrddjihwjtfkwegrjrymctnfixv/Build/Products/Debug/PackageFrameworks -F /Users/steipete/Library/Developer/Xcode/DerivedData/CodeLooper-crrddjihwjtfkwegrjrymctnfixv/Build/Products/Debug/PackageFrameworks -F /Users/steipete/Library/Developer/Xcode/DerivedData/CodeLooper-crrddjihwjtfkwegrjrymctnfixv/Build/Products/Debug/PackageFrameworks -F /Users/steipete/Library/Developer/Xcode/DerivedData/CodeLooper-crrddjihwjtfkwegrjrymctnfixv/Build/Products/Debug -F /Applications/Xcode-beta.app/Contents/Developer/Platforms/MacOSX.platform/Developer/Library/Frameworks -c -j16 -enable-batch-mode -incremental -Xcc -ivfsstatcache -Xcc /Users/steipete/Library/Developer/Xcode/DerivedData/SDKStatCaches.noindex/macosx26.0-25A5279m-5d9328ff1a6613a11d359de947506b52.sdkstatcache -output-file-map /Users/steipete/Library/Developer/Xcode/DerivedData/CodeLooper-crrddjihwjtfkwegrjrymctnfixv/Build/Intermediates.noindex/swift-nio.build/Debug/NIOHTTP1.build/Objects-normal/arm64/NIOHTTP1-OutputFileMap.json -use-frontend-parseable-output -save-temps -no-color-diagnostics -explicit-module-build -module-cache-path /Users/steipete/Library/Developer/Xcode/DerivedData/CodeLooper-crrddjihwjtfkwegrjrymctnfixv/Build/Intermediates.noindex/SwiftExplicitPrecompiledModules -clang-scanner-module-cache-path /Users/steipete/Library/Developer/Xcode/DerivedData/ModuleCache.noindex -sdk-module-cache-path /Users/steipete/Library/Developer/Xcode/DerivedData/ModuleCache.noindex -serialize-diagnostics -emit-dependencies -emit-module -emit-module-path /Users/steipete/Library/Developer/Xcode/DerivedData/CodeLooper-crrddjihwjtfkwegrjrymctnfixv/Build/Intermediates.noindex/swift-nio.build/Debug/NIOHTTP1.build/Objects-normal/arm64/NIOHTTP1.swiftmodule -validate-clang-modules-once -clang-build-session-file /Users/steipete/Library/Developer/Xcode/DerivedData/ModuleCache.noindex/Session.modulevalidation -package-name swift_nio -Xcc -I/Users/steipete/Library/Developer/Xcode/DerivedData/CodeLooper-crrddjihwjtfkwegrjrymctnfixv/Build/Intermediates.noindex/swift-nio.build/Debug/NIOHTTP1.build/swift-overrides.hmap -emit-const-values -Xfrontend -const-gather-protocols-file -Xfrontend /Users/steipete/Library/Developer/Xcode/DerivedData/CodeLooper-crrddjihwjtfkwegrjrymctnfixv/Build/Intermediates.noindex/swift-nio.build/Debug/NIOHTTP1.build/Objects-normal/arm64/NIOHTTP1_const_extract_protocols.json -Xcc -I/Users/steipete/Library/Developer/Xcode/DerivedData/CodeLooper-crrddjihwjtfkwegrjrymctnfixv/SourcePackages/checkouts/swift-atomics/Sources/_AtomicsShims/include -Xcc -I/Users/steipete/Library/Developer/Xcode/DerivedData/CodeLooper-crrddjihwjtfkwegrjrymctnfixv/SourcePackages/checkouts/swift-nio/Sources/CNIOLLHTTP/include -Xcc -I/Users/steipete/Library/Developer/Xcode/DerivedData/CodeLooper-crrddjihwjtfkwegrjrymctnfixv/SourcePackages/checkouts/swift-nio/Sources/CNIOWASI/include -Xcc -I/Users/steipete/Library/Developer/Xcode/DerivedData/CodeLooper-crrddjihwjtfkwegrjrymctnfixv/SourcePackages/checkouts/swift-nio/Sources/CNIOWindows/include -Xcc -I/Users/steipete/Library/Developer/Xcode/DerivedData/CodeLooper-crrddjihwjtfkwegrjrymctnfixv/SourcePackages/checkouts/swift-nio/Sources/CNIOLinux/include -Xcc -I/Users/steipete/Library/Developer/Xcode/DerivedData/CodeLooper-crrddjihwjtfkwegrjrymctnfixv/SourcePackages/checkouts/swift-nio/Sources/CNIODarwin/include -Xcc -I/Users/steipete/Library/Developer/Xcode/DerivedData/CodeLooper-crrddjihwjtfkwegrjrymctnfixv/SourcePackages/checkouts/swift-nio/Sources/CNIOAtomics/include -Xcc -I/Users/steipete/Library/Developer/Xcode/DerivedData/CodeLooper-crrddjihwjtfkwegrjrymctnfixv/Build/Products/Debug/include -Xcc -I/Users/steipete/Library/Developer/Xcode/DerivedData/CodeLooper-crrddjihwjtfkwegrjrymctnfixv/Build/Intermediates.noindex/swift-nio.build/Debug/NIOHTTP1.build/DerivedSources-normal/arm64 -Xcc -I/Users/steipete/Library/Developer/Xcode/DerivedData/CodeLooper-crrddjihwjtfkwegrjrymctnfixv/Build/Intermediates.noindex/swift-nio.build/Debug/NIOHTTP1.build/DerivedSources/arm64 -Xcc -I/Users/steipete/Library/Developer/Xcode/DerivedData/CodeLooper-crrddjihwjtfkwegrjrymctnfixv/Build/Intermediates.noindex/swift-nio.build/Debug/NIOHTTP1.build/DerivedSources -Xcc -DSWIFT_PACKAGE -Xcc -DDEBUG\=1 -emit-objc-header -emit-objc-header-path /Users/steipete/Library/Developer/Xcode/DerivedData/CodeLooper-crrddjihwjtfkwegrjrymctnfixv/Build/Intermediates.noindex/swift-nio.build/Debug/NIOHTTP1.build/Objects-normal/arm64/NIOHTTP1-Swift.h -working-directory /Users/steipete/Projects/CodeLooper -experimental-emit-module-separately -disable-cmo

SwiftCompile normal arm64 Compiling\ RequestResponseWithIDHandler.swift /Users/steipete/Library/Developer/Xcode/DerivedData/CodeLooper-crrddjihwjtfkwegrjrymctnfixv/SourcePackages/checkouts/swift-nio-extras/Sources/NIOExtras/RequestResponseWithIDHandler.swift (in target 'NIOExtras' from project 'swift-nio-extras')

SwiftCompile normal arm64 /Users/steipete/Library/Developer/Xcode/DerivedData/CodeLooper-crrddjihwjtfkwegrjrymctnfixv/SourcePackages/checkouts/swift-nio-extras/Sources/NIOExtras/RequestResponseWithIDHandler.swift (in target 'NIOExtras' from project 'swift-nio-extras')
    cd /Users/steipete/Projects/CodeLooper
    

SwiftCompile normal arm64 Compiling\ QuiescingHelper.swift /Users/steipete/Library/Developer/Xcode/DerivedData/CodeLooper-crrddjihwjtfkwegrjrymctnfixv/SourcePackages/checkouts/swift-nio-extras/Sources/NIOExtras/QuiescingHelper.swift (in target 'NIOExtras' from project 'swift-nio-extras')

SwiftCompile normal arm64 /Users/steipete/Library/Developer/Xcode/DerivedData/CodeLooper-crrddjihwjtfkwegrjrymctnfixv/SourcePackages/checkouts/swift-nio-extras/Sources/NIOExtras/QuiescingHelper.swift (in target 'NIOExtras' from project 'swift-nio-extras')
    cd /Users/steipete/Projects/CodeLooper
    

SwiftDriverJobDiscovery normal arm64 Compiling UDPOptions+SocketChannelOption.swift (in target 'NIOTransportServices' from project 'swift-nio-transport-services')

SwiftMergeGeneratedHeaders /Users/steipete/Library/Developer/Xcode/DerivedData/CodeLooper-crrddjihwjtfkwegrjrymctnfixv/Build/Intermediates.noindex/GeneratedModuleMaps/NIOTransportServices-Swift.h /Users/steipete/Library/Developer/Xcode/DerivedData/CodeLooper-crrddjihwjtfkwegrjrymctnfixv/Build/Intermediates.noindex/swift-nio-transport-services.build/Debug/NIOTransportServices.build/Objects-normal/arm64/NIOTransportServices-Swift.h (in target 'NIOTransportServices' from project 'swift-nio-transport-services')
    cd /Users/steipete/Library/Developer/Xcode/DerivedData/CodeLooper-crrddjihwjtfkwegrjrymctnfixv/SourcePackages/checkouts/swift-nio-transport-services
    builtin-swiftHeaderTool -arch arm64 /Users/steipete/Library/Developer/Xcode/DerivedData/CodeLooper-crrddjihwjtfkwegrjrymctnfixv/Build/Intermediates.noindex/swift-nio-transport-services.build/Debug/NIOTransportServices.build/Objects-normal/arm64/NIOTransportServices-Swift.h -o /Users/steipete/Library/Developer/Xcode/DerivedData/CodeLooper-crrddjihwjtfkwegrjrymctnfixv/Build/Intermediates.noindex/GeneratedModuleMaps/NIOTransportServices-Swift.h

Copy /Users/steipete/Library/Developer/Xcode/DerivedData/CodeLooper-crrddjihwjtfkwegrjrymctnfixv/Build/Products/Debug/NIOTransportServices.swiftmodule/arm64-apple-macos.swiftmodule /Users/steipete/Library/Developer/Xcode/DerivedData/CodeLooper-crrddjihwjtfkwegrjrymctnfixv/Build/Intermediates.noindex/swift-nio-transport-services.build/Debug/NIOTransportServices.build/Objects-normal/arm64/NIOTransportServices.swiftmodule (in target 'NIOTransportServices' from project 'swift-nio-transport-services')
    cd /Users/steipete/Library/Developer/Xcode/DerivedData/CodeLooper-crrddjihwjtfkwegrjrymctnfixv/SourcePackages/checkouts/swift-nio-transport-services
    builtin-copy -exclude .DS_Store -exclude CVS -exclude .svn -exclude .git -exclude .hg -resolve-src-symlinks -rename /Users/steipete/Library/Developer/Xcode/DerivedData/CodeLooper-crrddjihwjtfkwegrjrymctnfixv/Build/Intermediates.noindex/swift-nio-transport-services.build/Debug/NIOTransportServices.build/Objects-normal/arm64/NIOTransportServices.swiftmodule /Users/steipete/Library/Developer/Xcode/DerivedData/CodeLooper-crrddjihwjtfkwegrjrymctnfixv/Build/Products/Debug/NIOTransportServices.swiftmodule/arm64-apple-macos.swiftmodule

SwiftDriverJobDiscovery normal arm64 Emitting module for NIOExtras (in target 'NIOExtras' from project 'swift-nio-extras')

Copy /Users/steipete/Library/Developer/Xcode/DerivedData/CodeLooper-crrddjihwjtfkwegrjrymctnfixv/Build/Products/Debug/NIOTransportServices.swiftmodule/arm64-apple-macos.swiftdoc /Users/steipete/Library/Developer/Xcode/DerivedData/CodeLooper-crrddjihwjtfkwegrjrymctnfixv/Build/Intermediates.noindex/swift-nio-transport-services.build/Debug/NIOTransportServices.build/Objects-normal/arm64/NIOTransportServices.swiftdoc (in target 'NIOTransportServices' from project 'swift-nio-transport-services')
    cd /Users/steipete/Library/Developer/Xcode/DerivedData/CodeLooper-crrddjihwjtfkwegrjrymctnfixv/SourcePackages/checkouts/swift-nio-transport-services
    builtin-copy -exclude .DS_Store -exclude CVS -exclude .svn -exclude .git -exclude .hg -resolve-src-symlinks -rename /Users/steipete/Library/Developer/Xcode/DerivedData/CodeLooper-crrddjihwjtfkwegrjrymctnfixv/Build/Intermediates.noindex/swift-nio-transport-services.build/Debug/NIOTransportServices.build/Objects-normal/arm64/NIOTransportServices.swiftdoc /Users/steipete/Library/Developer/Xcode/DerivedData/CodeLooper-crrddjihwjtfkwegrjrymctnfixv/Build/Products/Debug/NIOTransportServices.swiftmodule/arm64-apple-macos.swiftdoc

Copy /Users/steipete/Library/Developer/Xcode/DerivedData/CodeLooper-crrddjihwjtfkwegrjrymctnfixv/Build/Products/Debug/NIOTransportServices.swiftmodule/arm64-apple-macos.abi.json /Users/steipete/Library/Developer/Xcode/DerivedData/CodeLooper-crrddjihwjtfkwegrjrymctnfixv/Build/Intermediates.noindex/swift-nio-transport-services.build/Debug/NIOTransportServices.build/Objects-normal/arm64/NIOTransportServices.abi.json (in target 'NIOTransportServices' from project 'swift-nio-transport-services')
    cd /Users/steipete/Library/Developer/Xcode/DerivedData/CodeLooper-crrddjihwjtfkwegrjrymctnfixv/SourcePackages/checkouts/swift-nio-transport-services
    builtin-copy -exclude .DS_Store -exclude CVS -exclude .svn -exclude .git -exclude .hg -resolve-src-symlinks -rename /Users/steipete/Library/Developer/Xcode/DerivedData/CodeLooper-crrddjihwjtfkwegrjrymctnfixv/Build/Intermediates.noindex/swift-nio-transport-services.build/Debug/NIOTransportServices.build/Objects-normal/arm64/NIOTransportServices.abi.json /Users/steipete/Library/Developer/Xcode/DerivedData/CodeLooper-crrddjihwjtfkwegrjrymctnfixv/Build/Products/Debug/NIOTransportServices.swiftmodule/arm64-apple-macos.abi.json

Copy /Users/steipete/Library/Developer/Xcode/DerivedData/CodeLooper-crrddjihwjtfkwegrjrymctnfixv/Build/Products/Debug/NIOTransportServices.swiftmodule/Project/arm64-apple-macos.swiftsourceinfo /Users/steipete/Library/Developer/Xcode/DerivedData/CodeLooper-crrddjihwjtfkwegrjrymctnfixv/Build/Intermediates.noindex/swift-nio-transport-services.build/Debug/NIOTransportServices.build/Objects-normal/arm64/NIOTransportServices.swiftsourceinfo (in target 'NIOTransportServices' from project 'swift-nio-transport-services')
    cd /Users/steipete/Library/Developer/Xcode/DerivedData/CodeLooper-crrddjihwjtfkwegrjrymctnfixv/SourcePackages/checkouts/swift-nio-transport-services
    builtin-copy -exclude .DS_Store -exclude CVS -exclude .svn -exclude .git -exclude .hg -resolve-src-symlinks -rename /Users/steipete/Library/Developer/Xcode/DerivedData/CodeLooper-crrddjihwjtfkwegrjrymctnfixv/Build/Intermediates.noindex/swift-nio-transport-services.build/Debug/NIOTransportServices.build/Objects-normal/arm64/NIOTransportServices.swiftsourceinfo /Users/steipete/Library/Developer/Xcode/DerivedData/CodeLooper-crrddjihwjtfkwegrjrymctnfixv/Build/Products/Debug/NIOTransportServices.swiftmodule/Project/arm64-apple-macos.swiftsourceinfo

SwiftDriver\ Compilation\ Requirements NIOExtras normal arm64 com.apple.xcode.tools.swift.compiler (in target 'NIOExtras' from project 'swift-nio-extras')
    cd /Users/steipete/Projects/CodeLooper
    builtin-Swift-Compilation-Requirements -- /Applications/Xcode-beta.app/Contents/Developer/Toolchains/XcodeDefault.xctoolchain/usr/bin/swiftc -module-name NIOExtras -Onone -enforce-exclusivity\=checked @/Users/steipete/Library/Developer/Xcode/DerivedData/CodeLooper-crrddjihwjtfkwegrjrymctnfixv/Build/Intermediates.noindex/swift-nio-extras.build/Debug/NIOExtras.build/Objects-normal/arm64/NIOExtras.SwiftFileList -DSWIFT_PACKAGE -DDEBUG -DSWIFT_MODULE_RESOURCE_BUNDLE_UNAVAILABLE -Xcc -fmodule-map-file\=/Users/steipete/Library/Developer/Xcode/DerivedData/CodeLooper-crrddjihwjtfkwegrjrymctnfixv/Build/Intermediates.noindex/GeneratedModuleMaps/CNIOLLHTTP.modulemap -Xcc -fmodule-map-file\=/Users/steipete/Library/Developer/Xcode/DerivedData/CodeLooper-crrddjihwjtfkwegrjrymctnfixv/Build/Intermediates.noindex/GeneratedModuleMaps/CNIOWASI.modulemap -Xcc -fmodule-map-file\=/Users/steipete/Library/Developer/Xcode/DerivedData/CodeLooper-crrddjihwjtfkwegrjrymctnfixv/Build/Intermediates.noindex/GeneratedModuleMaps/CNIOLinux.modulemap -Xcc -fmodule-map-file\=/Users/steipete/Library/Developer/Xcode/DerivedData/CodeLooper-crrddjihwjtfkwegrjrymctnfixv/Build/Intermediates.noindex/GeneratedModuleMaps/CNIODarwin.modulemap -Xcc -fmodule-map-file\=/Users/steipete/Library/Developer/Xcode/DerivedData/CodeLooper-crrddjihwjtfkwegrjrymctnfixv/Build/Intermediates.noindex/GeneratedModuleMaps/CNIOAtomics.modulemap -DXcode -enable-upcoming-feature StrictConcurrency -enable-upcoming-feature InferSendableFromCaptures -enable-upcoming-feature MemberImportVisibility -plugin-path /Applications/Xcode-beta.app/Contents/Developer/Toolchains/XcodeDefault.xctoolchain/usr/lib/swift/host/plugins/testing -enable-experimental-feature DebugDescriptionMacro -sdk /Applications/Xcode-beta.app/Contents/Developer/Platforms/MacOSX.platform/Developer/SDKs/MacOSX26.0.sdk -target arm64-apple-macos10.13 -g -module-cache-path /Users/steipete/Library/Developer/Xcode/DerivedData/ModuleCache.noindex -Xfrontend -serialize-debugging-options -profile-coverage-mapping -profile-generate -enable-testing -suppress-warnings -index-store-path /Users/steipete/Library/Developer/Xcode/DerivedData/CodeLooper-crrddjihwjtfkwegrjrymctnfixv/Index.noindex/DataStore -swift-version 5 -I /Users/steipete/Library/Developer/Xcode/DerivedData/CodeLooper-crrddjihwjtfkwegrjrymctnfixv/Build/Products/Debug -I /Applications/Xcode-beta.app/Contents/Developer/Platforms/MacOSX.platform/Developer/usr/lib -F /Users/steipete/Library/Developer/Xcode/DerivedData/CodeLooper-crrddjihwjtfkwegrjrymctnfixv/Build/Products/Debug/PackageFrameworks -F /Users/steipete/Library/Developer/Xcode/DerivedData/CodeLooper-crrddjihwjtfkwegrjrymctnfixv/Build/Products/Debug/PackageFrameworks -F /Users/steipete/Library/Developer/Xcode/DerivedData/CodeLooper-crrddjihwjtfkwegrjrymctnfixv/Build/Products/Debug/PackageFrameworks -F /Users/steipete/Library/Developer/Xcode/DerivedData/CodeLooper-crrddjihwjtfkwegrjrymctnfixv/Build/Products/Debug/PackageFrameworks -F /Users/steipete/Library/Developer/Xcode/DerivedData/CodeLooper-crrddjihwjtfkwegrjrymctnfixv/Build/Products/Debug/PackageFrameworks -F /Users/steipete/Library/Developer/Xcode/DerivedData/CodeLooper-crrddjihwjtfkwegrjrymctnfixv/Build/Products/Debug/PackageFrameworks -F /Users/steipete/Library/Developer/Xcode/DerivedData/CodeLooper-crrddjihwjtfkwegrjrymctnfixv/Build/Products/Debug/PackageFrameworks -F /Users/steipete/Library/Developer/Xcode/DerivedData/CodeLooper-crrddjihwjtfkwegrjrymctnfixv/Build/Products/Debug/PackageFrameworks -F /Users/steipete/Library/Developer/Xcode/DerivedData/CodeLooper-crrddjihwjtfkwegrjrymctnfixv/Build/Products/Debug/PackageFrameworks -F /Users/steipete/Library/Developer/Xcode/DerivedData/CodeLooper-crrddjihwjtfkwegrjrymctnfixv/Build/Products/Debug/PackageFrameworks -F /Users/steipete/Library/Developer/Xcode/DerivedData/CodeLooper-crrddjihwjtfkwegrjrymctnfixv/Build/Products/Debug/PackageFrameworks -F /Users/steipete/Library/Developer/Xcode/DerivedData/CodeLooper-crrddjihwjtfkwegrjrymctnfixv/Build/Products/Debug/PackageFrameworks -F /Users/steipete/Library/Developer/Xcode/DerivedData/CodeLooper-crrddjihwjtfkwegrjrymctnfixv/Build/Products/Debug/PackageFrameworks -F /Users/steipete/Library/Developer/Xcode/DerivedData/CodeLooper-crrddjihwjtfkwegrjrymctnfixv/Build/Products/Debug/PackageFrameworks -F /Users/steipete/Library/Developer/Xcode/DerivedData/CodeLooper-crrddjihwjtfkwegrjrymctnfixv/Build/Products/Debug/PackageFrameworks -F /Users/steipete/Library/Developer/Xcode/DerivedData/CodeLooper-crrddjihwjtfkwegrjrymctnfixv/Build/Products/Debug/PackageFrameworks -F /Users/steipete/Library/Developer/Xcode/DerivedData/CodeLooper-crrddjihwjtfkwegrjrymctnfixv/Build/Products/Debug/PackageFrameworks -F /Users/steipete/Library/Developer/Xcode/DerivedData/CodeLooper-crrddjihwjtfkwegrjrymctnfixv/Build/Products/Debug/PackageFrameworks -F /Users/steipete/Library/Developer/Xcode/DerivedData/CodeLooper-crrddjihwjtfkwegrjrymctnfixv/Build/Products/Debug -F /Applications/Xcode-beta.app/Contents/Developer/Platforms/MacOSX.platform/Developer/Library/Frameworks -c -j16 -enable-batch-mode -incremental -Xcc -ivfsstatcache -Xcc /Users/steipete/Library/Developer/Xcode/DerivedData/SDKStatCaches.noindex/macosx26.0-25A5279m-5d9328ff1a6613a11d359de947506b52.sdkstatcache -output-file-map /Users/steipete/Library/Developer/Xcode/DerivedData/CodeLooper-crrddjihwjtfkwegrjrymctnfixv/Build/Intermediates.noindex/swift-nio-extras.build/Debug/NIOExtras.build/Objects-normal/arm64/NIOExtras-OutputFileMap.json -use-frontend-parseable-output -save-temps -no-color-diagnostics -explicit-module-build -module-cache-path /Users/steipete/Library/Developer/Xcode/DerivedData/CodeLooper-crrddjihwjtfkwegrjrymctnfixv/Build/Intermediates.noindex/SwiftExplicitPrecompiledModules -clang-scanner-module-cache-path /Users/steipete/Library/Developer/Xcode/DerivedData/ModuleCache.noindex -sdk-module-cache-path /Users/steipete/Library/Developer/Xcode/DerivedData/ModuleCache.noindex -serialize-diagnostics -emit-dependencies -emit-module -emit-module-path /Users/steipete/Library/Developer/Xcode/DerivedData/CodeLooper-crrddjihwjtfkwegrjrymctnfixv/Build/Intermediates.noindex/swift-nio-extras.build/Debug/NIOExtras.build/Objects-normal/arm64/NIOExtras.swiftmodule -validate-clang-modules-once -clang-build-session-file /Users/steipete/Library/Developer/Xcode/DerivedData/ModuleCache.noindex/Session.modulevalidation -package-name swift_nio_extras -Xcc -I/Users/steipete/Library/Developer/Xcode/DerivedData/CodeLooper-crrddjihwjtfkwegrjrymctnfixv/Build/Intermediates.noindex/swift-nio-extras.build/Debug/NIOExtras.build/swift-overrides.hmap -emit-const-values -Xfrontend -const-gather-protocols-file -Xfrontend /Users/steipete/Library/Developer/Xcode/DerivedData/CodeLooper-crrddjihwjtfkwegrjrymctnfixv/Build/Intermediates.noindex/swift-nio-extras.build/Debug/NIOExtras.build/Objects-normal/arm64/NIOExtras_const_extract_protocols.json -Xcc -I/Users/steipete/Library/Developer/Xcode/DerivedData/CodeLooper-crrddjihwjtfkwegrjrymctnfixv/SourcePackages/checkouts/swift-atomics/Sources/_AtomicsShims/include -Xcc -I/Users/steipete/Library/Developer/Xcode/DerivedData/CodeLooper-crrddjihwjtfkwegrjrymctnfixv/SourcePackages/checkouts/swift-nio/Sources/CNIOLLHTTP/include -Xcc -I/Users/steipete/Library/Developer/Xcode/DerivedData/CodeLooper-crrddjihwjtfkwegrjrymctnfixv/SourcePackages/checkouts/swift-nio/Sources/CNIOWASI/include -Xcc -I/Users/steipete/Library/Developer/Xcode/DerivedData/CodeLooper-crrddjihwjtfkwegrjrymctnfixv/SourcePackages/checkouts/swift-nio/Sources/CNIOWindows/include -Xcc -I/Users/steipete/Library/Developer/Xcode/DerivedData/CodeLooper-crrddjihwjtfkwegrjrymctnfixv/SourcePackages/checkouts/swift-nio/Sources/CNIOLinux/include -Xcc -I/Users/steipete/Library/Developer/Xcode/DerivedData/CodeLooper-crrddjihwjtfkwegrjrymctnfixv/SourcePackages/checkouts/swift-nio/Sources/CNIODarwin/include -Xcc -I/Users/steipete/Library/Developer/Xcode/DerivedData/CodeLooper-crrddjihwjtfkwegrjrymctnfixv/SourcePackages/checkouts/swift-nio/Sources/CNIOAtomics/include -Xcc -I/Users/steipete/Library/Developer/Xcode/DerivedData/CodeLooper-crrddjihwjtfkwegrjrymctnfixv/Build/Products/Debug/include -Xcc -I/Users/steipete/Library/Developer/Xcode/DerivedData/CodeLooper-crrddjihwjtfkwegrjrymctnfixv/Build/Intermediates.noindex/swift-nio-extras.build/Debug/NIOExtras.build/DerivedSources-normal/arm64 -Xcc -I/Users/steipete/Library/Developer/Xcode/DerivedData/CodeLooper-crrddjihwjtfkwegrjrymctnfixv/Build/Intermediates.noindex/swift-nio-extras.build/Debug/NIOExtras.build/DerivedSources/arm64 -Xcc -I/Users/steipete/Library/Developer/Xcode/DerivedData/CodeLooper-crrddjihwjtfkwegrjrymctnfixv/Build/Intermediates.noindex/swift-nio-extras.build/Debug/NIOExtras.build/DerivedSources -Xcc -DSWIFT_PACKAGE -Xcc -DDEBUG\=1 -emit-objc-header -emit-objc-header-path /Users/steipete/Library/Developer/Xcode/DerivedData/CodeLooper-crrddjihwjtfkwegrjrymctnfixv/Build/Intermediates.noindex/swift-nio-extras.build/Debug/NIOExtras.build/Objects-normal/arm64/NIOExtras-Swift.h -working-directory /Users/steipete/Projects/CodeLooper -experimental-emit-module-separately -disable-cmo

SwiftCompile normal arm64 Compiling\ LengthFieldPrepender.swift /Users/steipete/Library/Developer/Xcode/DerivedData/CodeLooper-crrddjihwjtfkwegrjrymctnfixv/SourcePackages/checkouts/swift-nio-extras/Sources/NIOExtras/LengthFieldPrepender.swift (in target 'NIOExtras' from project 'swift-nio-extras')

SwiftCompile normal arm64 /Users/steipete/Library/Developer/Xcode/DerivedData/CodeLooper-crrddjihwjtfkwegrjrymctnfixv/SourcePackages/checkouts/swift-nio-extras/Sources/NIOExtras/LengthFieldPrepender.swift (in target 'NIOExtras' from project 'swift-nio-extras')
    cd /Users/steipete/Projects/CodeLooper
    

SwiftMergeGeneratedHeaders /Users/steipete/Library/Developer/Xcode/DerivedData/CodeLooper-crrddjihwjtfkwegrjrymctnfixv/Build/Intermediates.noindex/GeneratedModuleMaps/NIOExtras-Swift.h /Users/steipete/Library/Developer/Xcode/DerivedData/CodeLooper-crrddjihwjtfkwegrjrymctnfixv/Build/Intermediates.noindex/swift-nio-extras.build/Debug/NIOExtras.build/Objects-normal/arm64/NIOExtras-Swift.h (in target 'NIOExtras' from project 'swift-nio-extras')
    cd /Users/steipete/Library/Developer/Xcode/DerivedData/CodeLooper-crrddjihwjtfkwegrjrymctnfixv/SourcePackages/checkouts/swift-nio-extras
    builtin-swiftHeaderTool -arch arm64 /Users/steipete/Library/Developer/Xcode/DerivedData/CodeLooper-crrddjihwjtfkwegrjrymctnfixv/Build/Intermediates.noindex/swift-nio-extras.build/Debug/NIOExtras.build/Objects-normal/arm64/NIOExtras-Swift.h -o /Users/steipete/Library/Developer/Xcode/DerivedData/CodeLooper-crrddjihwjtfkwegrjrymctnfixv/Build/Intermediates.noindex/GeneratedModuleMaps/NIOExtras-Swift.h

SwiftDriverJobDiscovery normal arm64 Compiling NIOTSDatagramListenerChannel.swift, NIOFilterEmptyWritesHandler.swift (in target 'NIOTransportServices' from project 'swift-nio-transport-services')

Copy /Users/steipete/Library/Developer/Xcode/DerivedData/CodeLooper-crrddjihwjtfkwegrjrymctnfixv/Build/Products/Debug/NIOExtras.swiftmodule/arm64-apple-macos.swiftmodule /Users/steipete/Library/Developer/Xcode/DerivedData/CodeLooper-crrddjihwjtfkwegrjrymctnfixv/Build/Intermediates.noindex/swift-nio-extras.build/Debug/NIOExtras.build/Objects-normal/arm64/NIOExtras.swiftmodule (in target 'NIOExtras' from project 'swift-nio-extras')
    cd /Users/steipete/Library/Developer/Xcode/DerivedData/CodeLooper-crrddjihwjtfkwegrjrymctnfixv/SourcePackages/checkouts/swift-nio-extras
    builtin-copy -exclude .DS_Store -exclude CVS -exclude .svn -exclude .git -exclude .hg -resolve-src-symlinks -rename /Users/steipete/Library/Developer/Xcode/DerivedData/CodeLooper-crrddjihwjtfkwegrjrymctnfixv/Build/Intermediates.noindex/swift-nio-extras.build/Debug/NIOExtras.build/Objects-normal/arm64/NIOExtras.swiftmodule /Users/steipete/Library/Developer/Xcode/DerivedData/CodeLooper-crrddjihwjtfkwegrjrymctnfixv/Build/Products/Debug/NIOExtras.swiftmodule/arm64-apple-macos.swiftmodule

Copy /Users/steipete/Library/Developer/Xcode/DerivedData/CodeLooper-crrddjihwjtfkwegrjrymctnfixv/Build/Products/Debug/NIOExtras.swiftmodule/arm64-apple-macos.swiftdoc /Users/steipete/Library/Developer/Xcode/DerivedData/CodeLooper-crrddjihwjtfkwegrjrymctnfixv/Build/Intermediates.noindex/swift-nio-extras.build/Debug/NIOExtras.build/Objects-normal/arm64/NIOExtras.swiftdoc (in target 'NIOExtras' from project 'swift-nio-extras')
    cd /Users/steipete/Library/Developer/Xcode/DerivedData/CodeLooper-crrddjihwjtfkwegrjrymctnfixv/SourcePackages/checkouts/swift-nio-extras
    builtin-copy -exclude .DS_Store -exclude CVS -exclude .svn -exclude .git -exclude .hg -resolve-src-symlinks -rename /Users/steipete/Library/Developer/Xcode/DerivedData/CodeLooper-crrddjihwjtfkwegrjrymctnfixv/Build/Intermediates.noindex/swift-nio-extras.build/Debug/NIOExtras.build/Objects-normal/arm64/NIOExtras.swiftdoc /Users/steipete/Library/Developer/Xcode/DerivedData/CodeLooper-crrddjihwjtfkwegrjrymctnfixv/Build/Products/Debug/NIOExtras.swiftmodule/arm64-apple-macos.swiftdoc

Copy /Users/steipete/Library/Developer/Xcode/DerivedData/CodeLooper-crrddjihwjtfkwegrjrymctnfixv/Build/Products/Debug/NIOExtras.swiftmodule/arm64-apple-macos.abi.json /Users/steipete/Library/Developer/Xcode/DerivedData/CodeLooper-crrddjihwjtfkwegrjrymctnfixv/Build/Intermediates.noindex/swift-nio-extras.build/Debug/NIOExtras.build/Objects-normal/arm64/NIOExtras.abi.json (in target 'NIOExtras' from project 'swift-nio-extras')
    cd /Users/steipete/Library/Developer/Xcode/DerivedData/CodeLooper-crrddjihwjtfkwegrjrymctnfixv/SourcePackages/checkouts/swift-nio-extras
    builtin-copy -exclude .DS_Store -exclude CVS -exclude .svn -exclude .git -exclude .hg -resolve-src-symlinks -rename /Users/steipete/Library/Developer/Xcode/DerivedData/CodeLooper-crrddjihwjtfkwegrjrymctnfixv/Build/Intermediates.noindex/swift-nio-extras.build/Debug/NIOExtras.build/Objects-normal/arm64/NIOExtras.abi.json /Users/steipete/Library/Developer/Xcode/DerivedData/CodeLooper-crrddjihwjtfkwegrjrymctnfixv/Build/Products/Debug/NIOExtras.swiftmodule/arm64-apple-macos.abi.json

Copy /Users/steipete/Library/Developer/Xcode/DerivedData/CodeLooper-crrddjihwjtfkwegrjrymctnfixv/Build/Products/Debug/NIOExtras.swiftmodule/Project/arm64-apple-macos.swiftsourceinfo /Users/steipete/Library/Developer/Xcode/DerivedData/CodeLooper-crrddjihwjtfkwegrjrymctnfixv/Build/Intermediates.noindex/swift-nio-extras.build/Debug/NIOExtras.build/Objects-normal/arm64/NIOExtras.swiftsourceinfo (in target 'NIOExtras' from project 'swift-nio-extras')
    cd /Users/steipete/Library/Developer/Xcode/DerivedData/CodeLooper-crrddjihwjtfkwegrjrymctnfixv/SourcePackages/checkouts/swift-nio-extras
    builtin-copy -exclude .DS_Store -exclude CVS -exclude .svn -exclude .git -exclude .hg -resolve-src-symlinks -rename /Users/steipete/Library/Developer/Xcode/DerivedData/CodeLooper-crrddjihwjtfkwegrjrymctnfixv/Build/Intermediates.noindex/swift-nio-extras.build/Debug/NIOExtras.build/Objects-normal/arm64/NIOExtras.swiftsourceinfo /Users/steipete/Library/Developer/Xcode/DerivedData/CodeLooper-crrddjihwjtfkwegrjrymctnfixv/Build/Products/Debug/NIOExtras.swiftmodule/Project/arm64-apple-macos.swiftsourceinfo

SwiftCompile normal arm64 Compiling\ MarkedCircularBuffer+PopFirstCheckMarked.swift /Users/steipete/Library/Developer/Xcode/DerivedData/CodeLooper-crrddjihwjtfkwegrjrymctnfixv/SourcePackages/checkouts/swift-nio-extras/Sources/NIOExtras/MarkedCircularBuffer+PopFirstCheckMarked.swift (in target 'NIOExtras' from project 'swift-nio-extras')

SwiftCompile normal arm64 /Users/steipete/Library/Developer/Xcode/DerivedData/CodeLooper-crrddjihwjtfkwegrjrymctnfixv/SourcePackages/checkouts/swift-nio-extras/Sources/NIOExtras/MarkedCircularBuffer+PopFirstCheckMarked.swift (in target 'NIOExtras' from project 'swift-nio-extras')
    cd /Users/steipete/Projects/CodeLooper
    

SwiftDriverJobDiscovery normal arm64 Compiling NIOTSBootstraps.swift, NIOTSChannelOptions.swift (in target 'NIOTransportServices' from project 'swift-nio-transport-services')

SwiftCompile normal arm64 Compiling\ RequestResponseHandler.swift /Users/steipete/Library/Developer/Xcode/DerivedData/CodeLooper-crrddjihwjtfkwegrjrymctnfixv/SourcePackages/checkouts/swift-nio-extras/Sources/NIOExtras/RequestResponseHandler.swift (in target 'NIOExtras' from project 'swift-nio-extras')

SwiftCompile normal arm64 /Users/steipete/Library/Developer/Xcode/DerivedData/CodeLooper-crrddjihwjtfkwegrjrymctnfixv/SourcePackages/checkouts/swift-nio-extras/Sources/NIOExtras/RequestResponseHandler.swift (in target 'NIOExtras' from project 'swift-nio-extras')
    cd /Users/steipete/Projects/CodeLooper
    

SwiftCompile normal arm64 Compiling\ UnsafeTransfer.swift /Users/steipete/Library/Developer/Xcode/DerivedData/CodeLooper-crrddjihwjtfkwegrjrymctnfixv/SourcePackages/checkouts/swift-nio-extras/Sources/NIOExtras/UnsafeTransfer.swift (in target 'NIOExtras' from project 'swift-nio-extras')

SwiftCompile normal arm64 /Users/steipete/Library/Developer/Xcode/DerivedData/CodeLooper-crrddjihwjtfkwegrjrymctnfixv/SourcePackages/checkouts/swift-nio-extras/Sources/NIOExtras/UnsafeTransfer.swift (in target 'NIOExtras' from project 'swift-nio-extras')
    cd /Users/steipete/Projects/CodeLooper
    

SwiftDriverJobDiscovery normal arm64 Compiling SocketAddress+NWEndpoint.swift (in target 'NIOTransportServices' from project 'swift-nio-transport-services')

SwiftCompile normal arm64 Compiling\ FixedLengthFrameDecoder.swift,\ HTTP1ProxyConnectHandler.swift /Users/steipete/Library/Developer/Xcode/DerivedData/CodeLooper-crrddjihwjtfkwegrjrymctnfixv/SourcePackages/checkouts/swift-nio-extras/Sources/NIOExtras/FixedLengthFrameDecoder.swift /Users/steipete/Library/Developer/Xcode/DerivedData/CodeLooper-crrddjihwjtfkwegrjrymctnfixv/SourcePackages/checkouts/swift-nio-extras/Sources/NIOExtras/HTTP1ProxyConnectHandler.swift (in target 'NIOExtras' from project 'swift-nio-extras')

SwiftCompile normal arm64 /Users/steipete/Library/Developer/Xcode/DerivedData/CodeLooper-crrddjihwjtfkwegrjrymctnfixv/SourcePackages/checkouts/swift-nio-extras/Sources/NIOExtras/FixedLengthFrameDecoder.swift (in target 'NIOExtras' from project 'swift-nio-extras')
    cd /Users/steipete/Projects/CodeLooper
    

SwiftCompile normal arm64 /Users/steipete/Library/Developer/Xcode/DerivedData/CodeLooper-crrddjihwjtfkwegrjrymctnfixv/SourcePackages/checkouts/swift-nio-extras/Sources/NIOExtras/HTTP1ProxyConnectHandler.swift (in target 'NIOExtras' from project 'swift-nio-extras')
    cd /Users/steipete/Projects/CodeLooper
    

SwiftDriverJobDiscovery normal arm64 Compiling RequestResponseWithIDHandler.swift (in target 'NIOExtras' from project 'swift-nio-extras')

SwiftDriverJobDiscovery normal arm64 Compiling MarkedCircularBuffer+PopFirstCheckMarked.swift (in target 'NIOExtras' from project 'swift-nio-extras')

SwiftDriverJobDiscovery normal arm64 Compiling NIOTSErrors.swift, NIOTSEventLoop.swift (in target 'NIOTransportServices' from project 'swift-nio-transport-services')

SwiftDriverJobDiscovery normal arm64 Compiling QuiescingHelper.swift (in target 'NIOExtras' from project 'swift-nio-extras')

SwiftDriver HummingbirdCore normal arm64 com.apple.xcode.tools.swift.compiler (in target 'HummingbirdCore' from project 'hummingbird')
    cd /Users/steipete/Projects/CodeLooper
    builtin-SwiftDriver -- /Applications/Xcode-beta.app/Contents/Developer/Toolchains/XcodeDefault.xctoolchain/usr/bin/swiftc -module-name HummingbirdCore -Onone -enforce-exclusivity\=checked @/Users/steipete/Library/Developer/Xcode/DerivedData/CodeLooper-crrddjihwjtfkwegrjrymctnfixv/Build/Intermediates.noindex/hummingbird.build/Debug/HummingbirdCore.build/Objects-normal/arm64/HummingbirdCore.SwiftFileList -DSWIFT_PACKAGE -DDEBUG -DSWIFT_MODULE_RESOURCE_BUNDLE_UNAVAILABLE -Xcc -fmodule-map-file\=/Users/steipete/Library/Developer/Xcode/DerivedData/CodeLooper-crrddjihwjtfkwegrjrymctnfixv/Build/Intermediates.noindex/GeneratedModuleMaps/CNIOLLHTTP.modulemap -Xcc -fmodule-map-file\=/Users/steipete/Library/Developer/Xcode/DerivedData/CodeLooper-crrddjihwjtfkwegrjrymctnfixv/Build/Intermediates.noindex/GeneratedModuleMaps/CNIOWASI.modulemap -Xcc -fmodule-map-file\=/Users/steipete/Library/Developer/Xcode/DerivedData/CodeLooper-crrddjihwjtfkwegrjrymctnfixv/Build/Intermediates.noindex/GeneratedModuleMaps/CNIOLinux.modulemap -Xcc -fmodule-map-file\=/Users/steipete/Library/Developer/Xcode/DerivedData/CodeLooper-crrddjihwjtfkwegrjrymctnfixv/Build/Intermediates.noindex/GeneratedModuleMaps/CNIODarwin.modulemap -Xcc -fmodule-map-file\=/Users/steipete/Library/Developer/Xcode/DerivedData/CodeLooper-crrddjihwjtfkwegrjrymctnfixv/Build/Intermediates.noindex/GeneratedModuleMaps/CNIOAtomics.modulemap -DXcode -enable-experimental-feature StrictConcurrency\=complete -plugin-path /Applications/Xcode-beta.app/Contents/Developer/Toolchains/XcodeDefault.xctoolchain/usr/lib/swift/host/plugins/testing -enable-experimental-feature DebugDescriptionMacro -sdk /Applications/Xcode-beta.app/Contents/Developer/Platforms/MacOSX.platform/Developer/SDKs/MacOSX26.0.sdk -target arm64-apple-macos14.0 -g -module-cache-path /Users/steipete/Library/Developer/Xcode/DerivedData/ModuleCache.noindex -Xfrontend -serialize-debugging-options -profile-coverage-mapping -profile-generate -enable-testing -suppress-warnings -index-store-path /Users/steipete/Library/Developer/Xcode/DerivedData/CodeLooper-crrddjihwjtfkwegrjrymctnfixv/Index.noindex/DataStore -swift-version 6 -I /Users/steipete/Library/Developer/Xcode/DerivedData/CodeLooper-crrddjihwjtfkwegrjrymctnfixv/Build/Products/Debug -I /Applications/Xcode-beta.app/Contents/Developer/Platforms/MacOSX.platform/Developer/usr/lib -F /Users/steipete/Library/Developer/Xcode/DerivedData/CodeLooper-crrddjihwjtfkwegrjrymctnfixv/Build/Products/Debug/PackageFrameworks -F /Users/steipete/Library/Developer/Xcode/DerivedData/CodeLooper-crrddjihwjtfkwegrjrymctnfixv/Build/Products/Debug/PackageFrameworks -F /Users/steipete/Library/Developer/Xcode/DerivedData/CodeLooper-crrddjihwjtfkwegrjrymctnfixv/Build/Products/Debug/PackageFrameworks -F /Users/steipete/Library/Developer/Xcode/DerivedData/CodeLooper-crrddjihwjtfkwegrjrymctnfixv/Build/Products/Debug/PackageFrameworks -F /Users/steipete/Library/Developer/Xcode/DerivedData/CodeLooper-crrddjihwjtfkwegrjrymctnfixv/Build/Products/Debug/PackageFrameworks -F /Users/steipete/Library/Developer/Xcode/DerivedData/CodeLooper-crrddjihwjtfkwegrjrymctnfixv/Build/Products/Debug/PackageFrameworks -F /Users/steipete/Library/Developer/Xcode/DerivedData/CodeLooper-crrddjihwjtfkwegrjrymctnfixv/Build/Products/Debug/PackageFrameworks -F /Users/steipete/Library/Developer/Xcode/DerivedData/CodeLooper-crrddjihwjtfkwegrjrymctnfixv/Build/Products/Debug/PackageFrameworks -F /Users/steipete/Library/Developer/Xcode/DerivedData/CodeLooper-crrddjihwjtfkwegrjrymctnfixv/Build/Products/Debug/PackageFrameworks -F /Users/steipete/Library/Developer/Xcode/DerivedData/CodeLooper-crrddjihwjtfkwegrjrymctnfixv/Build/Products/Debug/PackageFrameworks -F /Users/steipete/Library/Developer/Xcode/DerivedData/CodeLooper-crrddjihwjtfkwegrjrymctnfixv/Build/Products/Debug/PackageFrameworks -F /Users/steipete/Library/Developer/Xcode/DerivedData/CodeLooper-crrddjihwjtfkwegrjrymctnfixv/Build/Products/Debug/PackageFrameworks -F /Users/steipete/Library/Developer/Xcode/DerivedData/CodeLooper-crrddjihwjtfkwegrjrymctnfixv/Build/Products/Debug/PackageFrameworks -F /Users/steipete/Library/Developer/Xcode/DerivedData/CodeLooper-crrddjihwjtfkwegrjrymctnfixv/Build/Products/Debug/PackageFrameworks -F /Users/steipete/Library/Developer/Xcode/DerivedData/CodeLooper-crrddjihwjtfkwegrjrymctnfixv/Build/Products/Debug/PackageFrameworks -F /Users/steipete/Library/Developer/Xcode/DerivedData/CodeLooper-crrddjihwjtfkwegrjrymctnfixv/Build/Products/Debug/PackageFrameworks -F /Users/steipete/Library/Developer/Xcode/DerivedData/CodeLooper-crrddjihwjtfkwegrjrymctnfixv/Build/Products/Debug/PackageFrameworks -F /Users/steipete/Library/Developer/Xcode/DerivedData/CodeLooper-crrddjihwjtfkwegrjrymctnfixv/Build/Products/Debug/PackageFrameworks -F /Users/steipete/Library/Developer/Xcode/DerivedData/CodeLooper-crrddjihwjtfkwegrjrymctnfixv/Build/Products/Debug/PackageFrameworks -F /Users/steipete/Library/Developer/Xcode/DerivedData/CodeLooper-crrddjihwjtfkwegrjrymctnfixv/Build/Products/Debug/PackageFrameworks -F /Users/steipete/Library/Developer/Xcode/DerivedData/CodeLooper-crrddjihwjtfkwegrjrymctnfixv/Build/Products/Debug/PackageFrameworks -F /Users/steipete/Library/Developer/Xcode/DerivedData/CodeLooper-crrddjihwjtfkwegrjrymctnfixv/Build/Products/Debug/PackageFrameworks -F /Users/steipete/Library/Developer/Xcode/DerivedData/CodeLooper-crrddjihwjtfkwegrjrymctnfixv/Build/Products/Debug/PackageFrameworks -F /Users/steipete/Library/Developer/Xcode/DerivedData/CodeLooper-crrddjihwjtfkwegrjrymctnfixv/Build/Products/Debug/PackageFrameworks -F /Users/steipete/Library/Developer/Xcode/DerivedData/CodeLooper-crrddjihwjtfkwegrjrymctnfixv/Build/Products/Debug/PackageFrameworks -F /Users/steipete/Library/Developer/Xcode/DerivedData/CodeLooper-crrddjihwjtfkwegrjrymctnfixv/Build/Products/Debug/PackageFrameworks -F /Users/steipete/Library/Developer/Xcode/DerivedData/CodeLooper-crrddjihwjtfkwegrjrymctnfixv/Build/Products/Debug/PackageFrameworks -F /Users/steipete/Library/Developer/Xcode/DerivedData/CodeLooper-crrddjihwjtfkwegrjrymctnfixv/Build/Products/Debug/PackageFrameworks -F /Users/steipete/Library/Developer/Xcode/DerivedData/CodeLooper-crrddjihwjtfkwegrjrymctnfixv/Build/Products/Debug/PackageFrameworks -F /Users/steipete/Library/Developer/Xcode/DerivedData/CodeLooper-crrddjihwjtfkwegrjrymctnfixv/Build/Products/Debug/PackageFrameworks -F /Users/steipete/Library/Developer/Xcode/DerivedData/CodeLooper-crrddjihwjtfkwegrjrymctnfixv/Build/Products/Debug/PackageFrameworks -F /Users/steipete/Library/Developer/Xcode/DerivedData/CodeLooper-crrddjihwjtfkwegrjrymctnfixv/Build/Products/Debug/PackageFrameworks -F /Users/steipete/Library/Developer/Xcode/DerivedData/CodeLooper-crrddjihwjtfkwegrjrymctnfixv/Build/Products/Debug/PackageFrameworks -F /Users/steipete/Library/Developer/Xcode/DerivedData/CodeLooper-crrddjihwjtfkwegrjrymctnfixv/Build/Products/Debug/PackageFrameworks -F /Users/steipete/Library/Developer/Xcode/DerivedData/CodeLooper-crrddjihwjtfkwegrjrymctnfixv/Build/Products/Debug/PackageFrameworks -F /Users/steipete/Library/Developer/Xcode/DerivedData/CodeLooper-crrddjihwjtfkwegrjrymctnfixv/Build/Products/Debug/PackageFrameworks -F /Users/steipete/Library/Developer/Xcode/DerivedData/CodeLooper-crrddjihwjtfkwegrjrymctnfixv/Build/Products/Debug -F /Applications/Xcode-beta.app/Contents/Developer/Platforms/MacOSX.platform/Developer/Library/Frameworks -c -j16 -enable-batch-mode -incremental -Xcc -ivfsstatcache -Xcc /Users/steipete/Library/Developer/Xcode/DerivedData/SDKStatCaches.noindex/macosx26.0-25A5279m-5d9328ff1a6613a11d359de947506b52.sdkstatcache -output-file-map /Users/steipete/Library/Developer/Xcode/DerivedData/CodeLooper-crrddjihwjtfkwegrjrymctnfixv/Build/Intermediates.noindex/hummingbird.build/Debug/HummingbirdCore.build/Objects-normal/arm64/HummingbirdCore-OutputFileMap.json -use-frontend-parseable-output -save-temps -no-color-diagnostics -explicit-module-build -module-cache-path /Users/steipete/Library/Developer/Xcode/DerivedData/CodeLooper-crrddjihwjtfkwegrjrymctnfixv/Build/Intermediates.noindex/SwiftExplicitPrecompiledModules -clang-scanner-module-cache-path /Users/steipete/Library/Developer/Xcode/DerivedData/ModuleCache.noindex -sdk-module-cache-path /Users/steipete/Library/Developer/Xcode/DerivedData/ModuleCache.noindex -serialize-diagnostics -emit-dependencies -emit-module -emit-module-path /Users/steipete/Library/Developer/Xcode/DerivedData/CodeLooper-crrddjihwjtfkwegrjrymctnfixv/Build/Intermediates.noindex/hummingbird.build/Debug/HummingbirdCore.build/Objects-normal/arm64/HummingbirdCore.swiftmodule -validate-clang-modules-once -clang-build-session-file /Users/steipete/Library/Developer/Xcode/DerivedData/ModuleCache.noindex/Session.modulevalidation -package-name hummingbird -Xcc -I/Users/steipete/Library/Developer/Xcode/DerivedData/CodeLooper-crrddjihwjtfkwegrjrymctnfixv/Build/Intermediates.noindex/hummingbird.build/Debug/HummingbirdCore.build/swift-overrides.hmap -emit-const-values -Xfrontend -const-gather-protocols-file -Xfrontend /Users/steipete/Library/Developer/Xcode/DerivedData/CodeLooper-crrddjihwjtfkwegrjrymctnfixv/Build/Intermediates.noindex/hummingbird.build/Debug/HummingbirdCore.build/Objects-normal/arm64/HummingbirdCore_const_extract_protocols.json -Xcc -I/Users/steipete/Library/Developer/Xcode/DerivedData/CodeLooper-crrddjihwjtfkwegrjrymctnfixv/SourcePackages/checkouts/swift-nio/Sources/CNIOLLHTTP/include -Xcc -I/Users/steipete/Library/Developer/Xcode/DerivedData/CodeLooper-crrddjihwjtfkwegrjrymctnfixv/SourcePackages/checkouts/swift-nio/Sources/CNIOWASI/include -Xcc -I/Users/steipete/Library/Developer/Xcode/DerivedData/CodeLooper-crrddjihwjtfkwegrjrymctnfixv/SourcePackages/checkouts/swift-nio/Sources/CNIOWindows/include -Xcc -I/Users/steipete/Library/Developer/Xcode/DerivedData/CodeLooper-crrddjihwjtfkwegrjrymctnfixv/SourcePackages/checkouts/swift-nio/Sources/CNIOLinux/include -Xcc -I/Users/steipete/Library/Developer/Xcode/DerivedData/CodeLooper-crrddjihwjtfkwegrjrymctnfixv/SourcePackages/checkouts/swift-nio/Sources/CNIODarwin/include -Xcc -I/Users/steipete/Library/Developer/Xcode/DerivedData/CodeLooper-crrddjihwjtfkwegrjrymctnfixv/SourcePackages/checkouts/swift-nio/Sources/CNIOAtomics/include -Xcc -I/Users/steipete/Library/Developer/Xcode/DerivedData/CodeLooper-crrddjihwjtfkwegrjrymctnfixv/SourcePackages/checkouts/swift-atomics/Sources/_AtomicsShims/include -Xcc -I/Users/steipete/Library/Developer/Xcode/DerivedData/CodeLooper-crrddjihwjtfkwegrjrymctnfixv/Build/Products/Debug/include -Xcc -I/Users/steipete/Library/Developer/Xcode/DerivedData/CodeLooper-crrddjihwjtfkwegrjrymctnfixv/Build/Intermediates.noindex/hummingbird.build/Debug/HummingbirdCore.build/DerivedSources-normal/arm64 -Xcc -I/Users/steipete/Library/Developer/Xcode/DerivedData/CodeLooper-crrddjihwjtfkwegrjrymctnfixv/Build/Intermediates.noindex/hummingbird.build/Debug/HummingbirdCore.build/DerivedSources/arm64 -Xcc -I/Users/steipete/Library/Developer/Xcode/DerivedData/CodeLooper-crrddjihwjtfkwegrjrymctnfixv/Build/Intermediates.noindex/hummingbird.build/Debug/HummingbirdCore.build/DerivedSources -Xcc -DSWIFT_PACKAGE -Xcc -DDEBUG\=1 -emit-objc-header -emit-objc-header-path /Users/steipete/Library/Developer/Xcode/DerivedData/CodeLooper-crrddjihwjtfkwegrjrymctnfixv/Build/Intermediates.noindex/hummingbird.build/Debug/HummingbirdCore.build/Objects-normal/arm64/HummingbirdCore-Swift.h -working-directory /Users/steipete/Projects/CodeLooper -experimental-emit-module-separately -disable-cmo

SwiftDriverJobDiscovery normal arm64 Compiling NIOTSDatagramChannel.swift, NIOTSDatagramListener.swift (in target 'NIOTransportServices' from project 'swift-nio-transport-services')

SwiftDriverJobDiscovery normal arm64 Compiling TCPOptions+SocketChannelOption.swift (in target 'NIOTransportServices' from project 'swift-nio-transport-services')

SwiftDriverJobDiscovery normal arm64 Compiling StateManagedListenerChannel.swift (in target 'NIOTransportServices' from project 'swift-nio-transport-services')

SwiftDriverJobDiscovery normal arm64 Compiling RequestResponseHandler.swift (in target 'NIOExtras' from project 'swift-nio-extras')

SwiftDriverJobDiscovery normal arm64 Compiling UnsafeTransfer.swift (in target 'NIOExtras' from project 'swift-nio-extras')

SwiftDriverJobDiscovery normal arm64 Compiling LengthFieldPrepender.swift (in target 'NIOExtras' from project 'swift-nio-extras')

SwiftDriverJobDiscovery normal arm64 Compiling StateManagedNWConnectionChannel.swift (in target 'NIOTransportServices' from project 'swift-nio-transport-services')

SwiftDriverJobDiscovery normal arm64 Compiling NIOTSEventLoopGroup.swift, NIOTSListenerBootstrap.swift (in target 'NIOTransportServices' from project 'swift-nio-transport-services')

SwiftDriverJobDiscovery normal arm64 Compiling NIOTSConnectionBootstrap.swift, NIOTSConnectionChannel.swift (in target 'NIOTransportServices' from project 'swift-nio-transport-services')

SwiftDriver\ Compilation NIOTransportServices normal arm64 com.apple.xcode.tools.swift.compiler (in target 'NIOTransportServices' from project 'swift-nio-transport-services')
    cd /Users/steipete/Projects/CodeLooper
    builtin-Swift-Compilation -- /Applications/Xcode-beta.app/Contents/Developer/Toolchains/XcodeDefault.xctoolchain/usr/bin/swiftc -module-name NIOTransportServices -Onone -enforce-exclusivity\=checked @/Users/steipete/Library/Developer/Xcode/DerivedData/CodeLooper-crrddjihwjtfkwegrjrymctnfixv/Build/Intermediates.noindex/swift-nio-transport-services.build/Debug/NIOTransportServices.build/Objects-normal/arm64/NIOTransportServices.SwiftFileList -DSWIFT_PACKAGE -DDEBUG -DSWIFT_MODULE_RESOURCE_BUNDLE_UNAVAILABLE -Xcc -fmodule-map-file\=/Users/steipete/Library/Developer/Xcode/DerivedData/CodeLooper-crrddjihwjtfkwegrjrymctnfixv/Build/Intermediates.noindex/GeneratedModuleMaps/CNIOWASI.modulemap -Xcc -fmodule-map-file\=/Users/steipete/Library/Developer/Xcode/DerivedData/CodeLooper-crrddjihwjtfkwegrjrymctnfixv/Build/Intermediates.noindex/GeneratedModuleMaps/CNIOLinux.modulemap -Xcc -fmodule-map-file\=/Users/steipete/Library/Developer/Xcode/DerivedData/CodeLooper-crrddjihwjtfkwegrjrymctnfixv/Build/Intermediates.noindex/GeneratedModuleMaps/CNIODarwin.modulemap -Xcc -fmodule-map-file\=/Users/steipete/Library/Developer/Xcode/DerivedData/CodeLooper-crrddjihwjtfkwegrjrymctnfixv/Build/Intermediates.noindex/GeneratedModuleMaps/CNIOAtomics.modulemap -DXcode -enable-upcoming-feature StrictConcurrency -enable-upcoming-feature InferSendableFromCaptures -enable-upcoming-feature MemberImportVisibility -plugin-path /Applications/Xcode-beta.app/Contents/Developer/Toolchains/XcodeDefault.xctoolchain/usr/lib/swift/host/plugins/testing -enable-experimental-feature DebugDescriptionMacro -sdk /Applications/Xcode-beta.app/Contents/Developer/Platforms/MacOSX.platform/Developer/SDKs/MacOSX26.0.sdk -target arm64-apple-macos10.13 -g -module-cache-path /Users/steipete/Library/Developer/Xcode/DerivedData/ModuleCache.noindex -Xfrontend -serialize-debugging-options -profile-coverage-mapping -profile-generate -enable-testing -suppress-warnings -index-store-path /Users/steipete/Library/Developer/Xcode/DerivedData/CodeLooper-crrddjihwjtfkwegrjrymctnfixv/Index.noindex/DataStore -swift-version 5 -I /Users/steipete/Library/Developer/Xcode/DerivedData/CodeLooper-crrddjihwjtfkwegrjrymctnfixv/Build/Products/Debug -I /Applications/Xcode-beta.app/Contents/Developer/Platforms/MacOSX.platform/Developer/usr/lib -F /Users/steipete/Library/Developer/Xcode/DerivedData/CodeLooper-crrddjihwjtfkwegrjrymctnfixv/Build/Products/Debug/PackageFrameworks -F /Users/steipete/Library/Developer/Xcode/DerivedData/CodeLooper-crrddjihwjtfkwegrjrymctnfixv/Build/Products/Debug/PackageFrameworks -F /Users/steipete/Library/Developer/Xcode/DerivedData/CodeLooper-crrddjihwjtfkwegrjrymctnfixv/Build/Products/Debug/PackageFrameworks -F /Users/steipete/Library/Developer/Xcode/DerivedData/CodeLooper-crrddjihwjtfkwegrjrymctnfixv/Build/Products/Debug/PackageFrameworks -F /Users/steipete/Library/Developer/Xcode/DerivedData/CodeLooper-crrddjihwjtfkwegrjrymctnfixv/Build/Products/Debug/PackageFrameworks -F /Users/steipete/Library/Developer/Xcode/DerivedData/CodeLooper-crrddjihwjtfkwegrjrymctnfixv/Build/Products/Debug/PackageFrameworks -F /Users/steipete/Library/Developer/Xcode/DerivedData/CodeLooper-crrddjihwjtfkwegrjrymctnfixv/Build/Products/Debug/PackageFrameworks -F /Users/steipete/Library/Developer/Xcode/DerivedData/CodeLooper-crrddjihwjtfkwegrjrymctnfixv/Build/Products/Debug/PackageFrameworks -F /Users/steipete/Library/Developer/Xcode/DerivedData/CodeLooper-crrddjihwjtfkwegrjrymctnfixv/Build/Products/Debug/PackageFrameworks -F /Users/steipete/Library/Developer/Xcode/DerivedData/CodeLooper-crrddjihwjtfkwegrjrymctnfixv/Build/Products/Debug/PackageFrameworks -F /Users/steipete/Library/Developer/Xcode/DerivedData/CodeLooper-crrddjihwjtfkwegrjrymctnfixv/Build/Products/Debug/PackageFrameworks -F /Users/steipete/Library/Developer/Xcode/DerivedData/CodeLooper-crrddjihwjtfkwegrjrymctnfixv/Build/Products/Debug/PackageFrameworks -F /Users/steipete/Library/Developer/Xcode/DerivedData/CodeLooper-crrddjihwjtfkwegrjrymctnfixv/Build/Products/Debug/PackageFrameworks -F /Users/steipete/Library/Developer/Xcode/DerivedData/CodeLooper-crrddjihwjtfkwegrjrymctnfixv/Build/Products/Debug/PackageFrameworks -F /Users/steipete/Library/Developer/Xcode/DerivedData/CodeLooper-crrddjihwjtfkwegrjrymctnfixv/Build/Products/Debug/PackageFrameworks -F /Users/steipete/Library/Developer/Xcode/DerivedData/CodeLooper-crrddjihwjtfkwegrjrymctnfixv/Build/Products/Debug/PackageFrameworks -F /Users/steipete/Library/Developer/Xcode/DerivedData/CodeLooper-crrddjihwjtfkwegrjrymctnfixv/Build/Products/Debug/PackageFrameworks -F /Users/steipete/Library/Developer/Xcode/DerivedData/CodeLooper-crrddjihwjtfkwegrjrymctnfixv/Build/Products/Debug/PackageFrameworks -F /Users/steipete/Library/Developer/Xcode/DerivedData/CodeLooper-crrddjihwjtfkwegrjrymctnfixv/Build/Products/Debug -F /Applications/Xcode-beta.app/Contents/Developer/Platforms/MacOSX.platform/Developer/Library/Frameworks -c -j16 -enable-batch-mode -incremental -Xcc -ivfsstatcache -Xcc /Users/steipete/Library/Developer/Xcode/DerivedData/SDKStatCaches.noindex/macosx26.0-25A5279m-5d9328ff1a6613a11d359de947506b52.sdkstatcache -output-file-map /Users/steipete/Library/Developer/Xcode/DerivedData/CodeLooper-crrddjihwjtfkwegrjrymctnfixv/Build/Intermediates.noindex/swift-nio-transport-services.build/Debug/NIOTransportServices.build/Objects-normal/arm64/NIOTransportServices-OutputFileMap.json -use-frontend-parseable-output -save-temps -no-color-diagnostics -explicit-module-build -module-cache-path /Users/steipete/Library/Developer/Xcode/DerivedData/CodeLooper-crrddjihwjtfkwegrjrymctnfixv/Build/Intermediates.noindex/SwiftExplicitPrecompiledModules -clang-scanner-module-cache-path /Users/steipete/Library/Developer/Xcode/DerivedData/ModuleCache.noindex -sdk-module-cache-path /Users/steipete/Library/Developer/Xcode/DerivedData/ModuleCache.noindex -serialize-diagnostics -emit-dependencies -emit-module -emit-module-path /Users/steipete/Library/Developer/Xcode/DerivedData/CodeLooper-crrddjihwjtfkwegrjrymctnfixv/Build/Intermediates.noindex/swift-nio-transport-services.build/Debug/NIOTransportServices.build/Objects-normal/arm64/NIOTransportServices.swiftmodule -validate-clang-modules-once -clang-build-session-file /Users/steipete/Library/Developer/Xcode/DerivedData/ModuleCache.noindex/Session.modulevalidation -Xcc -I/Users/steipete/Library/Developer/Xcode/DerivedData/CodeLooper-crrddjihwjtfkwegrjrymctnfixv/Build/Intermediates.noindex/swift-nio-transport-services.build/Debug/NIOTransportServices.build/swift-overrides.hmap -emit-const-values -Xfrontend -const-gather-protocols-file -Xfrontend /Users/steipete/Library/Developer/Xcode/DerivedData/CodeLooper-crrddjihwjtfkwegrjrymctnfixv/Build/Intermediates.noindex/swift-nio-transport-services.build/Debug/NIOTransportServices.build/Objects-normal/arm64/NIOTransportServices_const_extract_protocols.json -Xcc -I/Users/steipete/Library/Developer/Xcode/DerivedData/CodeLooper-crrddjihwjtfkwegrjrymctnfixv/SourcePackages/checkouts/swift-nio/Sources/CNIOWASI/include -Xcc -I/Users/steipete/Library/Developer/Xcode/DerivedData/CodeLooper-crrddjihwjtfkwegrjrymctnfixv/SourcePackages/checkouts/swift-nio/Sources/CNIOWindows/include -Xcc -I/Users/steipete/Library/Developer/Xcode/DerivedData/CodeLooper-crrddjihwjtfkwegrjrymctnfixv/SourcePackages/checkouts/swift-nio/Sources/CNIOLinux/include -Xcc -I/Users/steipete/Library/Developer/Xcode/DerivedData/CodeLooper-crrddjihwjtfkwegrjrymctnfixv/SourcePackages/checkouts/swift-nio/Sources/CNIODarwin/include -Xcc -I/Users/steipete/Library/Developer/Xcode/DerivedData/CodeLooper-crrddjihwjtfkwegrjrymctnfixv/SourcePackages/checkouts/swift-nio/Sources/CNIOAtomics/include -Xcc -I/Users/steipete/Library/Developer/Xcode/DerivedData/CodeLooper-crrddjihwjtfkwegrjrymctnfixv/SourcePackages/checkouts/swift-atomics/Sources/_AtomicsShims/include -Xcc -I/Users/steipete/Library/Developer/Xcode/DerivedData/CodeLooper-crrddjihwjtfkwegrjrymctnfixv/Build/Products/Debug/include -Xcc -I/Users/steipete/Library/Developer/Xcode/DerivedData/CodeLooper-crrddjihwjtfkwegrjrymctnfixv/Build/Intermediates.noindex/swift-nio-transport-services.build/Debug/NIOTransportServices.build/DerivedSources-normal/arm64 -Xcc -I/Users/steipete/Library/Developer/Xcode/DerivedData/CodeLooper-crrddjihwjtfkwegrjrymctnfixv/Build/Intermediates.noindex/swift-nio-transport-services.build/Debug/NIOTransportServices.build/DerivedSources/arm64 -Xcc -I/Users/steipete/Library/Developer/Xcode/DerivedData/CodeLooper-crrddjihwjtfkwegrjrymctnfixv/Build/Intermediates.noindex/swift-nio-transport-services.build/Debug/NIOTransportServices.build/DerivedSources -Xcc -DSWIFT_PACKAGE -Xcc -DDEBUG\=1 -emit-objc-header -emit-objc-header-path /Users/steipete/Library/Developer/Xcode/DerivedData/CodeLooper-crrddjihwjtfkwegrjrymctnfixv/Build/Intermediates.noindex/swift-nio-transport-services.build/Debug/NIOTransportServices.build/Objects-normal/arm64/NIOTransportServices-Swift.h -working-directory /Users/steipete/Projects/CodeLooper -experimental-emit-module-separately -disable-cmo

SwiftDriverJobDiscovery normal arm64 Compiling FixedLengthFrameDecoder.swift, HTTP1ProxyConnectHandler.swift (in target 'NIOExtras' from project 'swift-nio-extras')

SwiftExplicitDependencyGeneratePcm arm64 /Users/steipete/Library/Developer/Xcode/DerivedData/CodeLooper-crrddjihwjtfkwegrjrymctnfixv/Build/Intermediates.noindex/SwiftExplicitPrecompiledModules/_AtomicsShims-AJD0RV7AJUDJGB5RJOKKY07AP.pcm

SwiftExplicitDependencyGeneratePcm arm64 /Users/steipete/Library/Developer/Xcode/DerivedData/CodeLooper-crrddjihwjtfkwegrjrymctnfixv/Build/Intermediates.noindex/SwiftExplicitPrecompiledModules/CNIOLLHTTP-3V25NJ7YQJNDMSQWLSUJVDZ7C.pcm

SwiftExplicitDependencyGeneratePcm arm64 /Users/steipete/Library/Developer/Xcode/DerivedData/CodeLooper-crrddjihwjtfkwegrjrymctnfixv/Build/Intermediates.noindex/SwiftExplicitPrecompiledModules/CNIODarwin-256J4YBXIV0R1D4N1Q6KMN9TB.pcm

SwiftExplicitDependencyGeneratePcm arm64 /Users/steipete/Library/Developer/Xcode/DerivedData/CodeLooper-crrddjihwjtfkwegrjrymctnfixv/Build/Intermediates.noindex/SwiftExplicitPrecompiledModules/CNIOAtomics-CEV2USIL0GJ9T7OY8N361EY9Y.pcm

SwiftExplicitDependencyGeneratePcm arm64 /Users/steipete/Library/Developer/Xcode/DerivedData/CodeLooper-crrddjihwjtfkwegrjrymctnfixv/Build/Intermediates.noindex/SwiftExplicitPrecompiledModules/CNIOLinux-CH5QA4PAPIRZXR82KBREWVWCB.pcm

SwiftCompile normal arm64 Compiling\ Response.swift,\ ResponseBody.swift /Users/steipete/Library/Developer/Xcode/DerivedData/CodeLooper-crrddjihwjtfkwegrjrymctnfixv/SourcePackages/checkouts/hummingbird/Sources/HummingbirdCore/Response/Response.swift /Users/steipete/Library/Developer/Xcode/DerivedData/CodeLooper-crrddjihwjtfkwegrjrymctnfixv/SourcePackages/checkouts/hummingbird/Sources/HummingbirdCore/Response/ResponseBody.swift (in target 'HummingbirdCore' from project 'hummingbird')

SwiftCompile normal arm64 /Users/steipete/Library/Developer/Xcode/DerivedData/CodeLooper-crrddjihwjtfkwegrjrymctnfixv/SourcePackages/checkouts/hummingbird/Sources/HummingbirdCore/Response/Response.swift (in target 'HummingbirdCore' from project 'hummingbird')
    cd /Users/steipete/Projects/CodeLooper
    

SwiftCompile normal arm64 /Users/steipete/Library/Developer/Xcode/DerivedData/CodeLooper-crrddjihwjtfkwegrjrymctnfixv/SourcePackages/checkouts/hummingbird/Sources/HummingbirdCore/Response/ResponseBody.swift (in target 'HummingbirdCore' from project 'hummingbird')
    cd /Users/steipete/Projects/CodeLooper
    

SwiftEmitModule normal arm64 Emitting\ module\ for\ HummingbirdCore (in target 'HummingbirdCore' from project 'hummingbird')

EmitSwiftModule normal arm64 (in target 'HummingbirdCore' from project 'hummingbird')
    cd /Users/steipete/Projects/CodeLooper
    

SwiftCompile normal arm64 Compiling\ HBParser.swift /Users/steipete/Library/Developer/Xcode/DerivedData/CodeLooper-crrddjihwjtfkwegrjrymctnfixv/SourcePackages/checkouts/hummingbird/Sources/HummingbirdCore/Utils/HBParser.swift (in target 'HummingbirdCore' from project 'hummingbird')

SwiftCompile normal arm64 /Users/steipete/Library/Developer/Xcode/DerivedData/CodeLooper-crrddjihwjtfkwegrjrymctnfixv/SourcePackages/checkouts/hummingbird/Sources/HummingbirdCore/Utils/HBParser.swift (in target 'HummingbirdCore' from project 'hummingbird')
    cd /Users/steipete/Projects/CodeLooper
    

SwiftCompile normal arm64 Compiling\ FlatDictionary.swift /Users/steipete/Library/Developer/Xcode/DerivedData/CodeLooper-crrddjihwjtfkwegrjrymctnfixv/SourcePackages/checkouts/hummingbird/Sources/HummingbirdCore/Utils/FlatDictionary.swift (in target 'HummingbirdCore' from project 'hummingbird')

SwiftCompile normal arm64 /Users/steipete/Library/Developer/Xcode/DerivedData/CodeLooper-crrddjihwjtfkwegrjrymctnfixv/SourcePackages/checkouts/hummingbird/Sources/HummingbirdCore/Utils/FlatDictionary.swift (in target 'HummingbirdCore' from project 'hummingbird')
    cd /Users/steipete/Projects/CodeLooper
    

SwiftCompile normal arm64 Compiling\ Deprecations.swift,\ Request.swift /Users/steipete/Library/Developer/Xcode/DerivedData/CodeLooper-crrddjihwjtfkwegrjrymctnfixv/SourcePackages/checkouts/hummingbird/Sources/HummingbirdCore/Deprecations.swift /Users/steipete/Library/Developer/Xcode/DerivedData/CodeLooper-crrddjihwjtfkwegrjrymctnfixv/SourcePackages/checkouts/hummingbird/Sources/HummingbirdCore/Request/Request.swift (in target 'HummingbirdCore' from project 'hummingbird')

SwiftCompile normal arm64 /Users/steipete/Library/Developer/Xcode/DerivedData/CodeLooper-crrddjihwjtfkwegrjrymctnfixv/SourcePackages/checkouts/hummingbird/Sources/HummingbirdCore/Deprecations.swift (in target 'HummingbirdCore' from project 'hummingbird')
    cd /Users/steipete/Projects/CodeLooper
    

SwiftCompile normal arm64 /Users/steipete/Library/Developer/Xcode/DerivedData/CodeLooper-crrddjihwjtfkwegrjrymctnfixv/SourcePackages/checkouts/hummingbird/Sources/HummingbirdCore/Request/Request.swift (in target 'HummingbirdCore' from project 'hummingbird')
    cd /Users/steipete/Projects/CodeLooper
    

SwiftCompile normal arm64 Compiling\ HTTPServerBuilder.swift,\ HTTPUserEventHandler.swift /Users/steipete/Library/Developer/Xcode/DerivedData/CodeLooper-crrddjihwjtfkwegrjrymctnfixv/SourcePackages/checkouts/hummingbird/Sources/HummingbirdCore/Server/HTTP/HTTPServerBuilder.swift /Users/steipete/Library/Developer/Xcode/DerivedData/CodeLooper-crrddjihwjtfkwegrjrymctnfixv/SourcePackages/checkouts/hummingbird/Sources/HummingbirdCore/Server/HTTPUserEventHandler.swift (in target 'HummingbirdCore' from project 'hummingbird')

SwiftCompile normal arm64 /Users/steipete/Library/Developer/Xcode/DerivedData/CodeLooper-crrddjihwjtfkwegrjrymctnfixv/SourcePackages/checkouts/hummingbird/Sources/HummingbirdCore/Server/HTTP/HTTPServerBuilder.swift (in target 'HummingbirdCore' from project 'hummingbird')
    cd /Users/steipete/Projects/CodeLooper
    

SwiftCompile normal arm64 /Users/steipete/Library/Developer/Xcode/DerivedData/CodeLooper-crrddjihwjtfkwegrjrymctnfixv/SourcePackages/checkouts/hummingbird/Sources/HummingbirdCore/Server/HTTPUserEventHandler.swift (in target 'HummingbirdCore' from project 'hummingbird')
    cd /Users/steipete/Projects/CodeLooper
    

SwiftCompile normal arm64 Compiling\ AnyAsyncSequence.swift /Users/steipete/Library/Developer/Xcode/DerivedData/CodeLooper-crrddjihwjtfkwegrjrymctnfixv/SourcePackages/checkouts/hummingbird/Sources/HummingbirdCore/Utils/AnyAsyncSequence.swift (in target 'HummingbirdCore' from project 'hummingbird')

SwiftCompile normal arm64 /Users/steipete/Library/Developer/Xcode/DerivedData/CodeLooper-crrddjihwjtfkwegrjrymctnfixv/SourcePackages/checkouts/hummingbird/Sources/HummingbirdCore/Utils/AnyAsyncSequence.swift (in target 'HummingbirdCore' from project 'hummingbird')
    cd /Users/steipete/Projects/CodeLooper
    

SwiftCompile normal arm64 Compiling\ OutputBuffer.swift /Users/steipete/Library/Developer/Xcode/DerivedData/CodeLooper-crrddjihwjtfkwegrjrymctnfixv/SourcePackages/checkouts/hummingbird/Sources/HummingbirdCore/Utils/OutputBuffer.swift (in target 'HummingbirdCore' from project 'hummingbird')

SwiftCompile normal arm64 /Users/steipete/Library/Developer/Xcode/DerivedData/CodeLooper-crrddjihwjtfkwegrjrymctnfixv/SourcePackages/checkouts/hummingbird/Sources/HummingbirdCore/Utils/OutputBuffer.swift (in target 'HummingbirdCore' from project 'hummingbird')
    cd /Users/steipete/Projects/CodeLooper
    

SwiftCompile normal arm64 Compiling\ ResponseBodyWriter.swift,\ ResponseWriter.swift /Users/steipete/Library/Developer/Xcode/DerivedData/CodeLooper-crrddjihwjtfkwegrjrymctnfixv/SourcePackages/checkouts/hummingbird/Sources/HummingbirdCore/Response/ResponseBodyWriter.swift /Users/steipete/Library/Developer/Xcode/DerivedData/CodeLooper-crrddjihwjtfkwegrjrymctnfixv/SourcePackages/checkouts/hummingbird/Sources/HummingbirdCore/Response/ResponseWriter.swift (in target 'HummingbirdCore' from project 'hummingbird')

SwiftCompile normal arm64 /Users/steipete/Library/Developer/Xcode/DerivedData/CodeLooper-crrddjihwjtfkwegrjrymctnfixv/SourcePackages/checkouts/hummingbird/Sources/HummingbirdCore/Response/ResponseBodyWriter.swift (in target 'HummingbirdCore' from project 'hummingbird')
    cd /Users/steipete/Projects/CodeLooper
    

SwiftCompile normal arm64 /Users/steipete/Library/Developer/Xcode/DerivedData/CodeLooper-crrddjihwjtfkwegrjrymctnfixv/SourcePackages/checkouts/hummingbird/Sources/HummingbirdCore/Response/ResponseWriter.swift (in target 'HummingbirdCore' from project 'hummingbird')
    cd /Users/steipete/Projects/CodeLooper
    

SwiftCompile normal arm64 Compiling\ RequestBodyMergedWithUnderlyingRequestPartIterator.swift,\ URI.swift /Users/steipete/Library/Developer/Xcode/DerivedData/CodeLooper-crrddjihwjtfkwegrjrymctnfixv/SourcePackages/checkouts/hummingbird/Sources/HummingbirdCore/Request/RequestBodyMergedWithUnderlyingRequestPartIterator.swift /Users/steipete/Library/Developer/Xcode/DerivedData/CodeLooper-crrddjihwjtfkwegrjrymctnfixv/SourcePackages/checkouts/hummingbird/Sources/HummingbirdCore/Request/URI.swift (in target 'HummingbirdCore' from project 'hummingbird')

SwiftCompile normal arm64 /Users/steipete/Library/Developer/Xcode/DerivedData/CodeLooper-crrddjihwjtfkwegrjrymctnfixv/SourcePackages/checkouts/hummingbird/Sources/HummingbirdCore/Request/RequestBodyMergedWithUnderlyingRequestPartIterator.swift (in target 'HummingbirdCore' from project 'hummingbird')
    cd /Users/steipete/Projects/CodeLooper
    

SwiftCompile normal arm64 /Users/steipete/Library/Developer/Xcode/DerivedData/CodeLooper-crrddjihwjtfkwegrjrymctnfixv/SourcePackages/checkouts/hummingbird/Sources/HummingbirdCore/Request/URI.swift (in target 'HummingbirdCore' from project 'hummingbird')
    cd /Users/steipete/Projects/CodeLooper
    

SwiftCompile normal arm64 Compiling\ Server.swift,\ ServerChildChannel.swift /Users/steipete/Library/Developer/Xcode/DerivedData/CodeLooper-crrddjihwjtfkwegrjrymctnfixv/SourcePackages/checkouts/hummingbird/Sources/HummingbirdCore/Server/Server.swift /Users/steipete/Library/Developer/Xcode/DerivedData/CodeLooper-crrddjihwjtfkwegrjrymctnfixv/SourcePackages/checkouts/hummingbird/Sources/HummingbirdCore/Server/ServerChildChannel.swift (in target 'HummingbirdCore' from project 'hummingbird')

SwiftCompile normal arm64 /Users/steipete/Library/Developer/Xcode/DerivedData/CodeLooper-crrddjihwjtfkwegrjrymctnfixv/SourcePackages/checkouts/hummingbird/Sources/HummingbirdCore/Server/Server.swift (in target 'HummingbirdCore' from project 'hummingbird')
    cd /Users/steipete/Projects/CodeLooper
    

SwiftCompile normal arm64 /Users/steipete/Library/Developer/Xcode/DerivedData/CodeLooper-crrddjihwjtfkwegrjrymctnfixv/SourcePackages/checkouts/hummingbird/Sources/HummingbirdCore/Server/ServerChildChannel.swift (in target 'HummingbirdCore' from project 'hummingbird')
    cd /Users/steipete/Projects/CodeLooper
    

SwiftCompile normal arm64 Compiling\ String+percentEncode.swift /Users/steipete/Library/Developer/Xcode/DerivedData/CodeLooper-crrddjihwjtfkwegrjrymctnfixv/SourcePackages/checkouts/hummingbird/Sources/HummingbirdCore/Utils/String+percentEncode.swift (in target 'HummingbirdCore' from project 'hummingbird')

SwiftCompile normal arm64 /Users/steipete/Library/Developer/Xcode/DerivedData/CodeLooper-crrddjihwjtfkwegrjrymctnfixv/SourcePackages/checkouts/hummingbird/Sources/HummingbirdCore/Utils/String+percentEncode.swift (in target 'HummingbirdCore' from project 'hummingbird')
    cd /Users/steipete/Projects/CodeLooper
    

SwiftCompile normal arm64 Compiling\ ServerConfiguration.swift,\ TSTLSOptions.swift /Users/steipete/Library/Developer/Xcode/DerivedData/CodeLooper-crrddjihwjtfkwegrjrymctnfixv/SourcePackages/checkouts/hummingbird/Sources/HummingbirdCore/Server/ServerConfiguration.swift /Users/steipete/Library/Developer/Xcode/DerivedData/CodeLooper-crrddjihwjtfkwegrjrymctnfixv/SourcePackages/checkouts/hummingbird/Sources/HummingbirdCore/Server/TSTLSOptions.swift (in target 'HummingbirdCore' from project 'hummingbird')

SwiftCompile normal arm64 /Users/steipete/Library/Developer/Xcode/DerivedData/CodeLooper-crrddjihwjtfkwegrjrymctnfixv/SourcePackages/checkouts/hummingbird/Sources/HummingbirdCore/Server/ServerConfiguration.swift (in target 'HummingbirdCore' from project 'hummingbird')
    cd /Users/steipete/Projects/CodeLooper
    

SwiftCompile normal arm64 /Users/steipete/Library/Developer/Xcode/DerivedData/CodeLooper-crrddjihwjtfkwegrjrymctnfixv/SourcePackages/checkouts/hummingbird/Sources/HummingbirdCore/Server/TSTLSOptions.swift (in target 'HummingbirdCore' from project 'hummingbird')
    cd /Users/steipete/Projects/CodeLooper
    

SwiftCompile normal arm64 Compiling\ RequestBody+inboundClose.swift,\ RequestBody.swift /Users/steipete/Library/Developer/Xcode/DerivedData/CodeLooper-crrddjihwjtfkwegrjrymctnfixv/SourcePackages/checkouts/hummingbird/Sources/HummingbirdCore/Request/RequestBody+inboundClose.swift /Users/steipete/Library/Developer/Xcode/DerivedData/CodeLooper-crrddjihwjtfkwegrjrymctnfixv/SourcePackages/checkouts/hummingbird/Sources/HummingbirdCore/Request/RequestBody.swift (in target 'HummingbirdCore' from project 'hummingbird')

SwiftCompile normal arm64 /Users/steipete/Library/Developer/Xcode/DerivedData/CodeLooper-crrddjihwjtfkwegrjrymctnfixv/SourcePackages/checkouts/hummingbird/Sources/HummingbirdCore/Request/RequestBody+inboundClose.swift (in target 'HummingbirdCore' from project 'hummingbird')
    cd /Users/steipete/Projects/CodeLooper
    

SwiftCompile normal arm64 /Users/steipete/Library/Developer/Xcode/DerivedData/CodeLooper-crrddjihwjtfkwegrjrymctnfixv/SourcePackages/checkouts/hummingbird/Sources/HummingbirdCore/Request/RequestBody.swift (in target 'HummingbirdCore' from project 'hummingbird')
    cd /Users/steipete/Projects/CodeLooper
    

SwiftDriverJobDiscovery normal arm64 Compiling WritePCAPHandler.swift (in target 'NIOExtras' from project 'swift-nio-extras')

SwiftDriverJobDiscovery normal arm64 Compiling Deprecations.swift, Request.swift (in target 'HummingbirdCore' from project 'hummingbird')

SwiftDriver\ Compilation NIOExtras normal arm64 com.apple.xcode.tools.swift.compiler (in target 'NIOExtras' from project 'swift-nio-extras')
    cd /Users/steipete/Projects/CodeLooper
    builtin-Swift-Compilation -- /Applications/Xcode-beta.app/Contents/Developer/Toolchains/XcodeDefault.xctoolchain/usr/bin/swiftc -module-name NIOExtras -Onone -enforce-exclusivity\=checked @/Users/steipete/Library/Developer/Xcode/DerivedData/CodeLooper-crrddjihwjtfkwegrjrymctnfixv/Build/Intermediates.noindex/swift-nio-extras.build/Debug/NIOExtras.build/Objects-normal/arm64/NIOExtras.SwiftFileList -DSWIFT_PACKAGE -DDEBUG -DSWIFT_MODULE_RESOURCE_BUNDLE_UNAVAILABLE -Xcc -fmodule-map-file\=/Users/steipete/Library/Developer/Xcode/DerivedData/CodeLooper-crrddjihwjtfkwegrjrymctnfixv/Build/Intermediates.noindex/GeneratedModuleMaps/CNIOLLHTTP.modulemap -Xcc -fmodule-map-file\=/Users/steipete/Library/Developer/Xcode/DerivedData/CodeLooper-crrddjihwjtfkwegrjrymctnfixv/Build/Intermediates.noindex/GeneratedModuleMaps/CNIOWASI.modulemap -Xcc -fmodule-map-file\=/Users/steipete/Library/Developer/Xcode/DerivedData/CodeLooper-crrddjihwjtfkwegrjrymctnfixv/Build/Intermediates.noindex/GeneratedModuleMaps/CNIOLinux.modulemap -Xcc -fmodule-map-file\=/Users/steipete/Library/Developer/Xcode/DerivedData/CodeLooper-crrddjihwjtfkwegrjrymctnfixv/Build/Intermediates.noindex/GeneratedModuleMaps/CNIODarwin.modulemap -Xcc -fmodule-map-file\=/Users/steipete/Library/Developer/Xcode/DerivedData/CodeLooper-crrddjihwjtfkwegrjrymctnfixv/Build/Intermediates.noindex/GeneratedModuleMaps/CNIOAtomics.modulemap -DXcode -enable-upcoming-feature StrictConcurrency -enable-upcoming-feature InferSendableFromCaptures -enable-upcoming-feature MemberImportVisibility -plugin-path /Applications/Xcode-beta.app/Contents/Developer/Toolchains/XcodeDefault.xctoolchain/usr/lib/swift/host/plugins/testing -enable-experimental-feature DebugDescriptionMacro -sdk /Applications/Xcode-beta.app/Contents/Developer/Platforms/MacOSX.platform/Developer/SDKs/MacOSX26.0.sdk -target arm64-apple-macos10.13 -g -module-cache-path /Users/steipete/Library/Developer/Xcode/DerivedData/ModuleCache.noindex -Xfrontend -serialize-debugging-options -profile-coverage-mapping -profile-generate -enable-testing -suppress-warnings -index-store-path /Users/steipete/Library/Developer/Xcode/DerivedData/CodeLooper-crrddjihwjtfkwegrjrymctnfixv/Index.noindex/DataStore -swift-version 5 -I /Users/steipete/Library/Developer/Xcode/DerivedData/CodeLooper-crrddjihwjtfkwegrjrymctnfixv/Build/Products/Debug -I /Applications/Xcode-beta.app/Contents/Developer/Platforms/MacOSX.platform/Developer/usr/lib -F /Users/steipete/Library/Developer/Xcode/DerivedData/CodeLooper-crrddjihwjtfkwegrjrymctnfixv/Build/Products/Debug/PackageFrameworks -F /Users/steipete/Library/Developer/Xcode/DerivedData/CodeLooper-crrddjihwjtfkwegrjrymctnfixv/Build/Products/Debug/PackageFrameworks -F /Users/steipete/Library/Developer/Xcode/DerivedData/CodeLooper-crrddjihwjtfkwegrjrymctnfixv/Build/Products/Debug/PackageFrameworks -F /Users/steipete/Library/Developer/Xcode/DerivedData/CodeLooper-crrddjihwjtfkwegrjrymctnfixv/Build/Products/Debug/PackageFrameworks -F /Users/steipete/Library/Developer/Xcode/DerivedData/CodeLooper-crrddjihwjtfkwegrjrymctnfixv/Build/Products/Debug/PackageFrameworks -F /Users/steipete/Library/Developer/Xcode/DerivedData/CodeLooper-crrddjihwjtfkwegrjrymctnfixv/Build/Products/Debug/PackageFrameworks -F /Users/steipete/Library/Developer/Xcode/DerivedData/CodeLooper-crrddjihwjtfkwegrjrymctnfixv/Build/Products/Debug/PackageFrameworks -F /Users/steipete/Library/Developer/Xcode/DerivedData/CodeLooper-crrddjihwjtfkwegrjrymctnfixv/Build/Products/Debug/PackageFrameworks -F /Users/steipete/Library/Developer/Xcode/DerivedData/CodeLooper-crrddjihwjtfkwegrjrymctnfixv/Build/Products/Debug/PackageFrameworks -F /Users/steipete/Library/Developer/Xcode/DerivedData/CodeLooper-crrddjihwjtfkwegrjrymctnfixv/Build/Products/Debug/PackageFrameworks -F /Users/steipete/Library/Developer/Xcode/DerivedData/CodeLooper-crrddjihwjtfkwegrjrymctnfixv/Build/Products/Debug/PackageFrameworks -F /Users/steipete/Library/Developer/Xcode/DerivedData/CodeLooper-crrddjihwjtfkwegrjrymctnfixv/Build/Products/Debug/PackageFrameworks -F /Users/steipete/Library/Developer/Xcode/DerivedData/CodeLooper-crrddjihwjtfkwegrjrymctnfixv/Build/Products/Debug/PackageFrameworks -F /Users/steipete/Library/Developer/Xcode/DerivedData/CodeLooper-crrddjihwjtfkwegrjrymctnfixv/Build/Products/Debug/PackageFrameworks -F /Users/steipete/Library/Developer/Xcode/DerivedData/CodeLooper-crrddjihwjtfkwegrjrymctnfixv/Build/Products/Debug/PackageFrameworks -F /Users/steipete/Library/Developer/Xcode/DerivedData/CodeLooper-crrddjihwjtfkwegrjrymctnfixv/Build/Products/Debug/PackageFrameworks -F /Users/steipete/Library/Developer/Xcode/DerivedData/CodeLooper-crrddjihwjtfkwegrjrymctnfixv/Build/Products/Debug/PackageFrameworks -F /Users/steipete/Library/Developer/Xcode/DerivedData/CodeLooper-crrddjihwjtfkwegrjrymctnfixv/Build/Products/Debug/PackageFrameworks -F /Users/steipete/Library/Developer/Xcode/DerivedData/CodeLooper-crrddjihwjtfkwegrjrymctnfixv/Build/Products/Debug -F /Applications/Xcode-beta.app/Contents/Developer/Platforms/MacOSX.platform/Developer/Library/Frameworks -c -j16 -enable-batch-mode -incremental -Xcc -ivfsstatcache -Xcc /Users/steipete/Library/Developer/Xcode/DerivedData/SDKStatCaches.noindex/macosx26.0-25A5279m-5d9328ff1a6613a11d359de947506b52.sdkstatcache -output-file-map /Users/steipete/Library/Developer/Xcode/DerivedData/CodeLooper-crrddjihwjtfkwegrjrymctnfixv/Build/Intermediates.noindex/swift-nio-extras.build/Debug/NIOExtras.build/Objects-normal/arm64/NIOExtras-OutputFileMap.json -use-frontend-parseable-output -save-temps -no-color-diagnostics -explicit-module-build -module-cache-path /Users/steipete/Library/Developer/Xcode/DerivedData/CodeLooper-crrddjihwjtfkwegrjrymctnfixv/Build/Intermediates.noindex/SwiftExplicitPrecompiledModules -clang-scanner-module-cache-path /Users/steipete/Library/Developer/Xcode/DerivedData/ModuleCache.noindex -sdk-module-cache-path /Users/steipete/Library/Developer/Xcode/DerivedData/ModuleCache.noindex -serialize-diagnostics -emit-dependencies -emit-module -emit-module-path /Users/steipete/Library/Developer/Xcode/DerivedData/CodeLooper-crrddjihwjtfkwegrjrymctnfixv/Build/Intermediates.noindex/swift-nio-extras.build/Debug/NIOExtras.build/Objects-normal/arm64/NIOExtras.swiftmodule -validate-clang-modules-once -clang-build-session-file /Users/steipete/Library/Developer/Xcode/DerivedData/ModuleCache.noindex/Session.modulevalidation -package-name swift_nio_extras -Xcc -I/Users/steipete/Library/Developer/Xcode/DerivedData/CodeLooper-crrddjihwjtfkwegrjrymctnfixv/Build/Intermediates.noindex/swift-nio-extras.build/Debug/NIOExtras.build/swift-overrides.hmap -emit-const-values -Xfrontend -const-gather-protocols-file -Xfrontend /Users/steipete/Library/Developer/Xcode/DerivedData/CodeLooper-crrddjihwjtfkwegrjrymctnfixv/Build/Intermediates.noindex/swift-nio-extras.build/Debug/NIOExtras.build/Objects-normal/arm64/NIOExtras_const_extract_protocols.json -Xcc -I/Users/steipete/Library/Developer/Xcode/DerivedData/CodeLooper-crrddjihwjtfkwegrjrymctnfixv/SourcePackages/checkouts/swift-atomics/Sources/_AtomicsShims/include -Xcc -I/Users/steipete/Library/Developer/Xcode/DerivedData/CodeLooper-crrddjihwjtfkwegrjrymctnfixv/SourcePackages/checkouts/swift-nio/Sources/CNIOLLHTTP/include -Xcc -I/Users/steipete/Library/Developer/Xcode/DerivedData/CodeLooper-crrddjihwjtfkwegrjrymctnfixv/SourcePackages/checkouts/swift-nio/Sources/CNIOWASI/include -Xcc -I/Users/steipete/Library/Developer/Xcode/DerivedData/CodeLooper-crrddjihwjtfkwegrjrymctnfixv/SourcePackages/checkouts/swift-nio/Sources/CNIOWindows/include -Xcc -I/Users/steipete/Library/Developer/Xcode/DerivedData/CodeLooper-crrddjihwjtfkwegrjrymctnfixv/SourcePackages/checkouts/swift-nio/Sources/CNIOLinux/include -Xcc -I/Users/steipete/Library/Developer/Xcode/DerivedData/CodeLooper-crrddjihwjtfkwegrjrymctnfixv/SourcePackages/checkouts/swift-nio/Sources/CNIODarwin/include -Xcc -I/Users/steipete/Library/Developer/Xcode/DerivedData/CodeLooper-crrddjihwjtfkwegrjrymctnfixv/SourcePackages/checkouts/swift-nio/Sources/CNIOAtomics/include -Xcc -I/Users/steipete/Library/Developer/Xcode/DerivedData/CodeLooper-crrddjihwjtfkwegrjrymctnfixv/Build/Products/Debug/include -Xcc -I/Users/steipete/Library/Developer/Xcode/DerivedData/CodeLooper-crrddjihwjtfkwegrjrymctnfixv/Build/Intermediates.noindex/swift-nio-extras.build/Debug/NIOExtras.build/DerivedSources-normal/arm64 -Xcc -I/Users/steipete/Library/Developer/Xcode/DerivedData/CodeLooper-crrddjihwjtfkwegrjrymctnfixv/Build/Intermediates.noindex/swift-nio-extras.build/Debug/NIOExtras.build/DerivedSources/arm64 -Xcc -I/Users/steipete/Library/Developer/Xcode/DerivedData/CodeLooper-crrddjihwjtfkwegrjrymctnfixv/Build/Intermediates.noindex/swift-nio-extras.build/Debug/NIOExtras.build/DerivedSources -Xcc -DSWIFT_PACKAGE -Xcc -DDEBUG\=1 -emit-objc-header -emit-objc-header-path /Users/steipete/Library/Developer/Xcode/DerivedData/CodeLooper-crrddjihwjtfkwegrjrymctnfixv/Build/Intermediates.noindex/swift-nio-extras.build/Debug/NIOExtras.build/Objects-normal/arm64/NIOExtras-Swift.h -working-directory /Users/steipete/Projects/CodeLooper -experimental-emit-module-separately -disable-cmo

SwiftCompile normal arm64 Compiling\ UnsafeTransfer.swift /Users/steipete/Library/Developer/Xcode/DerivedData/CodeLooper-crrddjihwjtfkwegrjrymctnfixv/SourcePackages/checkouts/hummingbird/Sources/HummingbirdCore/Utils/UnsafeTransfer.swift (in target 'HummingbirdCore' from project 'hummingbird')

SwiftCompile normal arm64 /Users/steipete/Library/Developer/Xcode/DerivedData/CodeLooper-crrddjihwjtfkwegrjrymctnfixv/SourcePackages/checkouts/hummingbird/Sources/HummingbirdCore/Utils/UnsafeTransfer.swift (in target 'HummingbirdCore' from project 'hummingbird')
    cd /Users/steipete/Projects/CodeLooper
    

SwiftCompile normal arm64 Compiling\ HTTP1Channel.swift,\ HTTPChannelHandler.swift /Users/steipete/Library/Developer/Xcode/DerivedData/CodeLooper-crrddjihwjtfkwegrjrymctnfixv/SourcePackages/checkouts/hummingbird/Sources/HummingbirdCore/Server/HTTP/HTTP1Channel.swift /Users/steipete/Library/Developer/Xcode/DerivedData/CodeLooper-crrddjihwjtfkwegrjrymctnfixv/SourcePackages/checkouts/hummingbird/Sources/HummingbirdCore/Server/HTTP/HTTPChannelHandler.swift (in target 'HummingbirdCore' from project 'hummingbird')

SwiftCompile normal arm64 /Users/steipete/Library/Developer/Xcode/DerivedData/CodeLooper-crrddjihwjtfkwegrjrymctnfixv/SourcePackages/checkouts/hummingbird/Sources/HummingbirdCore/Server/HTTP/HTTP1Channel.swift (in target 'HummingbirdCore' from project 'hummingbird')
    cd /Users/steipete/Projects/CodeLooper
    

SwiftCompile normal arm64 /Users/steipete/Library/Developer/Xcode/DerivedData/CodeLooper-crrddjihwjtfkwegrjrymctnfixv/SourcePackages/checkouts/hummingbird/Sources/HummingbirdCore/Server/HTTP/HTTPChannelHandler.swift (in target 'HummingbirdCore' from project 'hummingbird')
    cd /Users/steipete/Projects/CodeLooper
    

SwiftCompile normal arm64 Compiling\ AvailableConnectionsHandler.swift,\ BindAddress.swift /Users/steipete/Library/Developer/Xcode/DerivedData/CodeLooper-crrddjihwjtfkwegrjrymctnfixv/SourcePackages/checkouts/hummingbird/Sources/HummingbirdCore/Server/AvailableConnectionsHandler.swift /Users/steipete/Library/Developer/Xcode/DerivedData/CodeLooper-crrddjihwjtfkwegrjrymctnfixv/SourcePackages/checkouts/hummingbird/Sources/HummingbirdCore/Server/BindAddress.swift (in target 'HummingbirdCore' from project 'hummingbird')

SwiftCompile normal arm64 /Users/steipete/Library/Developer/Xcode/DerivedData/CodeLooper-crrddjihwjtfkwegrjrymctnfixv/SourcePackages/checkouts/hummingbird/Sources/HummingbirdCore/Server/AvailableConnectionsHandler.swift (in target 'HummingbirdCore' from project 'hummingbird')
    cd /Users/steipete/Projects/CodeLooper
    

SwiftCompile normal arm64 /Users/steipete/Library/Developer/Xcode/DerivedData/CodeLooper-crrddjihwjtfkwegrjrymctnfixv/SourcePackages/checkouts/hummingbird/Sources/HummingbirdCore/Server/BindAddress.swift (in target 'HummingbirdCore' from project 'hummingbird')
    cd /Users/steipete/Projects/CodeLooper
    

SwiftDriverJobDiscovery normal arm64 Compiling AnyAsyncSequence.swift (in target 'HummingbirdCore' from project 'hummingbird')

SwiftDriverJobDiscovery normal arm64 Compiling OutputBuffer.swift (in target 'HummingbirdCore' from project 'hummingbird')

SwiftDriverJobDiscovery normal arm64 Compiling HTTPServerBuilder.swift, HTTPUserEventHandler.swift (in target 'HummingbirdCore' from project 'hummingbird')

SwiftDriverJobDiscovery normal arm64 Compiling FlatDictionary.swift (in target 'HummingbirdCore' from project 'hummingbird')

SwiftDriverJobDiscovery normal arm64 Compiling ResponseBodyWriter.swift, ResponseWriter.swift (in target 'HummingbirdCore' from project 'hummingbird')

SwiftDriverJobDiscovery normal arm64 Compiling Response.swift, ResponseBody.swift (in target 'HummingbirdCore' from project 'hummingbird')

SwiftDriverJobDiscovery normal arm64 Compiling RequestBodyMergedWithUnderlyingRequestPartIterator.swift, URI.swift (in target 'HummingbirdCore' from project 'hummingbird')

SwiftDriverJobDiscovery normal arm64 Compiling ServerConfiguration.swift, TSTLSOptions.swift (in target 'HummingbirdCore' from project 'hummingbird')

SwiftDriverJobDiscovery normal arm64 Compiling UnsafeTransfer.swift (in target 'HummingbirdCore' from project 'hummingbird')

SwiftDriverJobDiscovery normal arm64 Emitting module for HummingbirdCore (in target 'HummingbirdCore' from project 'hummingbird')

SwiftDriver\ Compilation\ Requirements HummingbirdCore normal arm64 com.apple.xcode.tools.swift.compiler (in target 'HummingbirdCore' from project 'hummingbird')
    cd /Users/steipete/Projects/CodeLooper
    builtin-Swift-Compilation-Requirements -- /Applications/Xcode-beta.app/Contents/Developer/Toolchains/XcodeDefault.xctoolchain/usr/bin/swiftc -module-name HummingbirdCore -Onone -enforce-exclusivity\=checked @/Users/steipete/Library/Developer/Xcode/DerivedData/CodeLooper-crrddjihwjtfkwegrjrymctnfixv/Build/Intermediates.noindex/hummingbird.build/Debug/HummingbirdCore.build/Objects-normal/arm64/HummingbirdCore.SwiftFileList -DSWIFT_PACKAGE -DDEBUG -DSWIFT_MODULE_RESOURCE_BUNDLE_UNAVAILABLE -Xcc -fmodule-map-file\=/Users/steipete/Library/Developer/Xcode/DerivedData/CodeLooper-crrddjihwjtfkwegrjrymctnfixv/Build/Intermediates.noindex/GeneratedModuleMaps/CNIOLLHTTP.modulemap -Xcc -fmodule-map-file\=/Users/steipete/Library/Developer/Xcode/DerivedData/CodeLooper-crrddjihwjtfkwegrjrymctnfixv/Build/Intermediates.noindex/GeneratedModuleMaps/CNIOWASI.modulemap -Xcc -fmodule-map-file\=/Users/steipete/Library/Developer/Xcode/DerivedData/CodeLooper-crrddjihwjtfkwegrjrymctnfixv/Build/Intermediates.noindex/GeneratedModuleMaps/CNIOLinux.modulemap -Xcc -fmodule-map-file\=/Users/steipete/Library/Developer/Xcode/DerivedData/CodeLooper-crrddjihwjtfkwegrjrymctnfixv/Build/Intermediates.noindex/GeneratedModuleMaps/CNIODarwin.modulemap -Xcc -fmodule-map-file\=/Users/steipete/Library/Developer/Xcode/DerivedData/CodeLooper-crrddjihwjtfkwegrjrymctnfixv/Build/Intermediates.noindex/GeneratedModuleMaps/CNIOAtomics.modulemap -DXcode -enable-experimental-feature StrictConcurrency\=complete -plugin-path /Applications/Xcode-beta.app/Contents/Developer/Toolchains/XcodeDefault.xctoolchain/usr/lib/swift/host/plugins/testing -enable-experimental-feature DebugDescriptionMacro -sdk /Applications/Xcode-beta.app/Contents/Developer/Platforms/MacOSX.platform/Developer/SDKs/MacOSX26.0.sdk -target arm64-apple-macos14.0 -g -module-cache-path /Users/steipete/Library/Developer/Xcode/DerivedData/ModuleCache.noindex -Xfrontend -serialize-debugging-options -profile-coverage-mapping -profile-generate -enable-testing -suppress-warnings -index-store-path /Users/steipete/Library/Developer/Xcode/DerivedData/CodeLooper-crrddjihwjtfkwegrjrymctnfixv/Index.noindex/DataStore -swift-version 6 -I /Users/steipete/Library/Developer/Xcode/DerivedData/CodeLooper-crrddjihwjtfkwegrjrymctnfixv/Build/Products/Debug -I /Applications/Xcode-beta.app/Contents/Developer/Platforms/MacOSX.platform/Developer/usr/lib -F /Users/steipete/Library/Developer/Xcode/DerivedData/CodeLooper-crrddjihwjtfkwegrjrymctnfixv/Build/Products/Debug/PackageFrameworks -F /Users/steipete/Library/Developer/Xcode/DerivedData/CodeLooper-crrddjihwjtfkwegrjrymctnfixv/Build/Products/Debug/PackageFrameworks -F /Users/steipete/Library/Developer/Xcode/DerivedData/CodeLooper-crrddjihwjtfkwegrjrymctnfixv/Build/Products/Debug/PackageFrameworks -F /Users/steipete/Library/Developer/Xcode/DerivedData/CodeLooper-crrddjihwjtfkwegrjrymctnfixv/Build/Products/Debug/PackageFrameworks -F /Users/steipete/Library/Developer/Xcode/DerivedData/CodeLooper-crrddjihwjtfkwegrjrymctnfixv/Build/Products/Debug/PackageFrameworks -F /Users/steipete/Library/Developer/Xcode/DerivedData/CodeLooper-crrddjihwjtfkwegrjrymctnfixv/Build/Products/Debug/PackageFrameworks -F /Users/steipete/Library/Developer/Xcode/DerivedData/CodeLooper-crrddjihwjtfkwegrjrymctnfixv/Build/Products/Debug/PackageFrameworks -F /Users/steipete/Library/Developer/Xcode/DerivedData/CodeLooper-crrddjihwjtfkwegrjrymctnfixv/Build/Products/Debug/PackageFrameworks -F /Users/steipete/Library/Developer/Xcode/DerivedData/CodeLooper-crrddjihwjtfkwegrjrymctnfixv/Build/Products/Debug/PackageFrameworks -F /Users/steipete/Library/Developer/Xcode/DerivedData/CodeLooper-crrddjihwjtfkwegrjrymctnfixv/Build/Products/Debug/PackageFrameworks -F /Users/steipete/Library/Developer/Xcode/DerivedData/CodeLooper-crrddjihwjtfkwegrjrymctnfixv/Build/Products/Debug/PackageFrameworks -F /Users/steipete/Library/Developer/Xcode/DerivedData/CodeLooper-crrddjihwjtfkwegrjrymctnfixv/Build/Products/Debug/PackageFrameworks -F /Users/steipete/Library/Developer/Xcode/DerivedData/CodeLooper-crrddjihwjtfkwegrjrymctnfixv/Build/Products/Debug/PackageFrameworks -F /Users/steipete/Library/Developer/Xcode/DerivedData/CodeLooper-crrddjihwjtfkwegrjrymctnfixv/Build/Products/Debug/PackageFrameworks -F /Users/steipete/Library/Developer/Xcode/DerivedData/CodeLooper-crrddjihwjtfkwegrjrymctnfixv/Build/Products/Debug/PackageFrameworks -F /Users/steipete/Library/Developer/Xcode/DerivedData/CodeLooper-crrddjihwjtfkwegrjrymctnfixv/Build/Products/Debug/PackageFrameworks -F /Users/steipete/Library/Developer/Xcode/DerivedData/CodeLooper-crrddjihwjtfkwegrjrymctnfixv/Build/Products/Debug/PackageFrameworks -F /Users/steipete/Library/Developer/Xcode/DerivedData/CodeLooper-crrddjihwjtfkwegrjrymctnfixv/Build/Products/Debug/PackageFrameworks -F /Users/steipete/Library/Developer/Xcode/DerivedData/CodeLooper-crrddjihwjtfkwegrjrymctnfixv/Build/Products/Debug/PackageFrameworks -F /Users/steipete/Library/Developer/Xcode/DerivedData/CodeLooper-crrddjihwjtfkwegrjrymctnfixv/Build/Products/Debug/PackageFrameworks -F /Users/steipete/Library/Developer/Xcode/DerivedData/CodeLooper-crrddjihwjtfkwegrjrymctnfixv/Build/Products/Debug/PackageFrameworks -F /Users/steipete/Library/Developer/Xcode/DerivedData/CodeLooper-crrddjihwjtfkwegrjrymctnfixv/Build/Products/Debug/PackageFrameworks -F /Users/steipete/Library/Developer/Xcode/DerivedData/CodeLooper-crrddjihwjtfkwegrjrymctnfixv/Build/Products/Debug/PackageFrameworks -F /Users/steipete/Library/Developer/Xcode/DerivedData/CodeLooper-crrddjihwjtfkwegrjrymctnfixv/Build/Products/Debug/PackageFrameworks -F /Users/steipete/Library/Developer/Xcode/DerivedData/CodeLooper-crrddjihwjtfkwegrjrymctnfixv/Build/Products/Debug/PackageFrameworks -F /Users/steipete/Library/Developer/Xcode/DerivedData/CodeLooper-crrddjihwjtfkwegrjrymctnfixv/Build/Products/Debug/PackageFrameworks -F /Users/steipete/Library/Developer/Xcode/DerivedData/CodeLooper-crrddjihwjtfkwegrjrymctnfixv/Build/Products/Debug/PackageFrameworks -F /Users/steipete/Library/Developer/Xcode/DerivedData/CodeLooper-crrddjihwjtfkwegrjrymctnfixv/Build/Products/Debug/PackageFrameworks -F /Users/steipete/Library/Developer/Xcode/DerivedData/CodeLooper-crrddjihwjtfkwegrjrymctnfixv/Build/Products/Debug/PackageFrameworks -F /Users/steipete/Library/Developer/Xcode/DerivedData/CodeLooper-crrddjihwjtfkwegrjrymctnfixv/Build/Products/Debug/PackageFrameworks -F /Users/steipete/Library/Developer/Xcode/DerivedData/CodeLooper-crrddjihwjtfkwegrjrymctnfixv/Build/Products/Debug/PackageFrameworks -F /Users/steipete/Library/Developer/Xcode/DerivedData/CodeLooper-crrddjihwjtfkwegrjrymctnfixv/Build/Products/Debug/PackageFrameworks -F /Users/steipete/Library/Developer/Xcode/DerivedData/CodeLooper-crrddjihwjtfkwegrjrymctnfixv/Build/Products/Debug/PackageFrameworks -F /Users/steipete/Library/Developer/Xcode/DerivedData/CodeLooper-crrddjihwjtfkwegrjrymctnfixv/Build/Products/Debug/PackageFrameworks -F /Users/steipete/Library/Developer/Xcode/DerivedData/CodeLooper-crrddjihwjtfkwegrjrymctnfixv/Build/Products/Debug/PackageFrameworks -F /Users/steipete/Library/Developer/Xcode/DerivedData/CodeLooper-crrddjihwjtfkwegrjrymctnfixv/Build/Products/Debug/PackageFrameworks -F /Users/steipete/Library/Developer/Xcode/DerivedData/CodeLooper-crrddjihwjtfkwegrjrymctnfixv/Build/Products/Debug -F /Applications/Xcode-beta.app/Contents/Developer/Platforms/MacOSX.platform/Developer/Library/Frameworks -c -j16 -enable-batch-mode -incremental -Xcc -ivfsstatcache -Xcc /Users/steipete/Library/Developer/Xcode/DerivedData/SDKStatCaches.noindex/macosx26.0-25A5279m-5d9328ff1a6613a11d359de947506b52.sdkstatcache -output-file-map /Users/steipete/Library/Developer/Xcode/DerivedData/CodeLooper-crrddjihwjtfkwegrjrymctnfixv/Build/Intermediates.noindex/hummingbird.build/Debug/HummingbirdCore.build/Objects-normal/arm64/HummingbirdCore-OutputFileMap.json -use-frontend-parseable-output -save-temps -no-color-diagnostics -explicit-module-build -module-cache-path /Users/steipete/Library/Developer/Xcode/DerivedData/CodeLooper-crrddjihwjtfkwegrjrymctnfixv/Build/Intermediates.noindex/SwiftExplicitPrecompiledModules -clang-scanner-module-cache-path /Users/steipete/Library/Developer/Xcode/DerivedData/ModuleCache.noindex -sdk-module-cache-path /Users/steipete/Library/Developer/Xcode/DerivedData/ModuleCache.noindex -serialize-diagnostics -emit-dependencies -emit-module -emit-module-path /Users/steipete/Library/Developer/Xcode/DerivedData/CodeLooper-crrddjihwjtfkwegrjrymctnfixv/Build/Intermediates.noindex/hummingbird.build/Debug/HummingbirdCore.build/Objects-normal/arm64/HummingbirdCore.swiftmodule -validate-clang-modules-once -clang-build-session-file /Users/steipete/Library/Developer/Xcode/DerivedData/ModuleCache.noindex/Session.modulevalidation -package-name hummingbird -Xcc -I/Users/steipete/Library/Developer/Xcode/DerivedData/CodeLooper-crrddjihwjtfkwegrjrymctnfixv/Build/Intermediates.noindex/hummingbird.build/Debug/HummingbirdCore.build/swift-overrides.hmap -emit-const-values -Xfrontend -const-gather-protocols-file -Xfrontend /Users/steipete/Library/Developer/Xcode/DerivedData/CodeLooper-crrddjihwjtfkwegrjrymctnfixv/Build/Intermediates.noindex/hummingbird.build/Debug/HummingbirdCore.build/Objects-normal/arm64/HummingbirdCore_const_extract_protocols.json -Xcc -I/Users/steipete/Library/Developer/Xcode/DerivedData/CodeLooper-crrddjihwjtfkwegrjrymctnfixv/SourcePackages/checkouts/swift-nio/Sources/CNIOLLHTTP/include -Xcc -I/Users/steipete/Library/Developer/Xcode/DerivedData/CodeLooper-crrddjihwjtfkwegrjrymctnfixv/SourcePackages/checkouts/swift-nio/Sources/CNIOWASI/include -Xcc -I/Users/steipete/Library/Developer/Xcode/DerivedData/CodeLooper-crrddjihwjtfkwegrjrymctnfixv/SourcePackages/checkouts/swift-nio/Sources/CNIOWindows/include -Xcc -I/Users/steipete/Library/Developer/Xcode/DerivedData/CodeLooper-crrddjihwjtfkwegrjrymctnfixv/SourcePackages/checkouts/swift-nio/Sources/CNIOLinux/include -Xcc -I/Users/steipete/Library/Developer/Xcode/DerivedData/CodeLooper-crrddjihwjtfkwegrjrymctnfixv/SourcePackages/checkouts/swift-nio/Sources/CNIODarwin/include -Xcc -I/Users/steipete/Library/Developer/Xcode/DerivedData/CodeLooper-crrddjihwjtfkwegrjrymctnfixv/SourcePackages/checkouts/swift-nio/Sources/CNIOAtomics/include -Xcc -I/Users/steipete/Library/Developer/Xcode/DerivedData/CodeLooper-crrddjihwjtfkwegrjrymctnfixv/SourcePackages/checkouts/swift-atomics/Sources/_AtomicsShims/include -Xcc -I/Users/steipete/Library/Developer/Xcode/DerivedData/CodeLooper-crrddjihwjtfkwegrjrymctnfixv/Build/Products/Debug/include -Xcc -I/Users/steipete/Library/Developer/Xcode/DerivedData/CodeLooper-crrddjihwjtfkwegrjrymctnfixv/Build/Intermediates.noindex/hummingbird.build/Debug/HummingbirdCore.build/DerivedSources-normal/arm64 -Xcc -I/Users/steipete/Library/Developer/Xcode/DerivedData/CodeLooper-crrddjihwjtfkwegrjrymctnfixv/Build/Intermediates.noindex/hummingbird.build/Debug/HummingbirdCore.build/DerivedSources/arm64 -Xcc -I/Users/steipete/Library/Developer/Xcode/DerivedData/CodeLooper-crrddjihwjtfkwegrjrymctnfixv/Build/Intermediates.noindex/hummingbird.build/Debug/HummingbirdCore.build/DerivedSources -Xcc -DSWIFT_PACKAGE -Xcc -DDEBUG\=1 -emit-objc-header -emit-objc-header-path /Users/steipete/Library/Developer/Xcode/DerivedData/CodeLooper-crrddjihwjtfkwegrjrymctnfixv/Build/Intermediates.noindex/hummingbird.build/Debug/HummingbirdCore.build/Objects-normal/arm64/HummingbirdCore-Swift.h -working-directory /Users/steipete/Projects/CodeLooper -experimental-emit-module-separately -disable-cmo

SwiftMergeGeneratedHeaders /Users/steipete/Library/Developer/Xcode/DerivedData/CodeLooper-crrddjihwjtfkwegrjrymctnfixv/Build/Intermediates.noindex/GeneratedModuleMaps/HummingbirdCore-Swift.h /Users/steipete/Library/Developer/Xcode/DerivedData/CodeLooper-crrddjihwjtfkwegrjrymctnfixv/Build/Intermediates.noindex/hummingbird.build/Debug/HummingbirdCore.build/Objects-normal/arm64/HummingbirdCore-Swift.h (in target 'HummingbirdCore' from project 'hummingbird')
    cd /Users/steipete/Library/Developer/Xcode/DerivedData/CodeLooper-crrddjihwjtfkwegrjrymctnfixv/SourcePackages/checkouts/hummingbird
    builtin-swiftHeaderTool -arch arm64 /Users/steipete/Library/Developer/Xcode/DerivedData/CodeLooper-crrddjihwjtfkwegrjrymctnfixv/Build/Intermediates.noindex/hummingbird.build/Debug/HummingbirdCore.build/Objects-normal/arm64/HummingbirdCore-Swift.h -o /Users/steipete/Library/Developer/Xcode/DerivedData/CodeLooper-crrddjihwjtfkwegrjrymctnfixv/Build/Intermediates.noindex/GeneratedModuleMaps/HummingbirdCore-Swift.h

Copy /Users/steipete/Library/Developer/Xcode/DerivedData/CodeLooper-crrddjihwjtfkwegrjrymctnfixv/Build/Products/Debug/HummingbirdCore.swiftmodule/arm64-apple-macos.swiftmodule /Users/steipete/Library/Developer/Xcode/DerivedData/CodeLooper-crrddjihwjtfkwegrjrymctnfixv/Build/Intermediates.noindex/hummingbird.build/Debug/HummingbirdCore.build/Objects-normal/arm64/HummingbirdCore.swiftmodule (in target 'HummingbirdCore' from project 'hummingbird')
    cd /Users/steipete/Library/Developer/Xcode/DerivedData/CodeLooper-crrddjihwjtfkwegrjrymctnfixv/SourcePackages/checkouts/hummingbird
    builtin-copy -exclude .DS_Store -exclude CVS -exclude .svn -exclude .git -exclude .hg -resolve-src-symlinks -rename /Users/steipete/Library/Developer/Xcode/DerivedData/CodeLooper-crrddjihwjtfkwegrjrymctnfixv/Build/Intermediates.noindex/hummingbird.build/Debug/HummingbirdCore.build/Objects-normal/arm64/HummingbirdCore.swiftmodule /Users/steipete/Library/Developer/Xcode/DerivedData/CodeLooper-crrddjihwjtfkwegrjrymctnfixv/Build/Products/Debug/HummingbirdCore.swiftmodule/arm64-apple-macos.swiftmodule

Copy /Users/steipete/Library/Developer/Xcode/DerivedData/CodeLooper-crrddjihwjtfkwegrjrymctnfixv/Build/Products/Debug/HummingbirdCore.swiftmodule/arm64-apple-macos.abi.json /Users/steipete/Library/Developer/Xcode/DerivedData/CodeLooper-crrddjihwjtfkwegrjrymctnfixv/Build/Intermediates.noindex/hummingbird.build/Debug/HummingbirdCore.build/Objects-normal/arm64/HummingbirdCore.abi.json (in target 'HummingbirdCore' from project 'hummingbird')
    cd /Users/steipete/Library/Developer/Xcode/DerivedData/CodeLooper-crrddjihwjtfkwegrjrymctnfixv/SourcePackages/checkouts/hummingbird
    builtin-copy -exclude .DS_Store -exclude CVS -exclude .svn -exclude .git -exclude .hg -resolve-src-symlinks -rename /Users/steipete/Library/Developer/Xcode/DerivedData/CodeLooper-crrddjihwjtfkwegrjrymctnfixv/Build/Intermediates.noindex/hummingbird.build/Debug/HummingbirdCore.build/Objects-normal/arm64/HummingbirdCore.abi.json /Users/steipete/Library/Developer/Xcode/DerivedData/CodeLooper-crrddjihwjtfkwegrjrymctnfixv/Build/Products/Debug/HummingbirdCore.swiftmodule/arm64-apple-macos.abi.json

Copy /Users/steipete/Library/Developer/Xcode/DerivedData/CodeLooper-crrddjihwjtfkwegrjrymctnfixv/Build/Products/Debug/HummingbirdCore.swiftmodule/Project/arm64-apple-macos.swiftsourceinfo /Users/steipete/Library/Developer/Xcode/DerivedData/CodeLooper-crrddjihwjtfkwegrjrymctnfixv/Build/Intermediates.noindex/hummingbird.build/Debug/HummingbirdCore.build/Objects-normal/arm64/HummingbirdCore.swiftsourceinfo (in target 'HummingbirdCore' from project 'hummingbird')
    cd /Users/steipete/Library/Developer/Xcode/DerivedData/CodeLooper-crrddjihwjtfkwegrjrymctnfixv/SourcePackages/checkouts/hummingbird
    builtin-copy -exclude .DS_Store -exclude CVS -exclude .svn -exclude .git -exclude .hg -resolve-src-symlinks -rename /Users/steipete/Library/Developer/Xcode/DerivedData/CodeLooper-crrddjihwjtfkwegrjrymctnfixv/Build/Intermediates.noindex/hummingbird.build/Debug/HummingbirdCore.build/Objects-normal/arm64/HummingbirdCore.swiftsourceinfo /Users/steipete/Library/Developer/Xcode/DerivedData/CodeLooper-crrddjihwjtfkwegrjrymctnfixv/Build/Products/Debug/HummingbirdCore.swiftmodule/Project/arm64-apple-macos.swiftsourceinfo

Copy /Users/steipete/Library/Developer/Xcode/DerivedData/CodeLooper-crrddjihwjtfkwegrjrymctnfixv/Build/Products/Debug/HummingbirdCore.swiftmodule/arm64-apple-macos.swiftdoc /Users/steipete/Library/Developer/Xcode/DerivedData/CodeLooper-crrddjihwjtfkwegrjrymctnfixv/Build/Intermediates.noindex/hummingbird.build/Debug/HummingbirdCore.build/Objects-normal/arm64/HummingbirdCore.swiftdoc (in target 'HummingbirdCore' from project 'hummingbird')
    cd /Users/steipete/Library/Developer/Xcode/DerivedData/CodeLooper-crrddjihwjtfkwegrjrymctnfixv/SourcePackages/checkouts/hummingbird
    builtin-copy -exclude .DS_Store -exclude CVS -exclude .svn -exclude .git -exclude .hg -resolve-src-symlinks -rename /Users/steipete/Library/Developer/Xcode/DerivedData/CodeLooper-crrddjihwjtfkwegrjrymctnfixv/Build/Intermediates.noindex/hummingbird.build/Debug/HummingbirdCore.build/Objects-normal/arm64/HummingbirdCore.swiftdoc /Users/steipete/Library/Developer/Xcode/DerivedData/CodeLooper-crrddjihwjtfkwegrjrymctnfixv/Build/Products/Debug/HummingbirdCore.swiftmodule/arm64-apple-macos.swiftdoc

SwiftDriverJobDiscovery normal arm64 Compiling String+percentEncode.swift (in target 'HummingbirdCore' from project 'hummingbird')

SwiftDriver Hummingbird normal arm64 com.apple.xcode.tools.swift.compiler (in target 'Hummingbird' from project 'hummingbird')
    cd /Users/steipete/Projects/CodeLooper
    builtin-SwiftDriver -- /Applications/Xcode-beta.app/Contents/Developer/Toolchains/XcodeDefault.xctoolchain/usr/bin/swiftc -module-name Hummingbird -Onone -enforce-exclusivity\=checked @/Users/steipete/Library/Developer/Xcode/DerivedData/CodeLooper-crrddjihwjtfkwegrjrymctnfixv/Build/Intermediates.noindex/hummingbird.build/Debug/Hummingbird.build/Objects-normal/arm64/Hummingbird.SwiftFileList -DSWIFT_PACKAGE -DDEBUG -DSWIFT_MODULE_RESOURCE_BUNDLE_UNAVAILABLE -Xcc -fmodule-map-file\=/Users/steipete/Library/Developer/Xcode/DerivedData/CodeLooper-crrddjihwjtfkwegrjrymctnfixv/Build/Intermediates.noindex/GeneratedModuleMaps/CNIOLLHTTP.modulemap -Xcc -fmodule-map-file\=/Users/steipete/Library/Developer/Xcode/DerivedData/CodeLooper-crrddjihwjtfkwegrjrymctnfixv/Build/Intermediates.noindex/GeneratedModuleMaps/CNIOWASI.modulemap -Xcc -fmodule-map-file\=/Users/steipete/Library/Developer/Xcode/DerivedData/CodeLooper-crrddjihwjtfkwegrjrymctnfixv/Build/Intermediates.noindex/GeneratedModuleMaps/CNIOLinux.modulemap -Xcc -fmodule-map-file\=/Users/steipete/Library/Developer/Xcode/DerivedData/CodeLooper-crrddjihwjtfkwegrjrymctnfixv/Build/Intermediates.noindex/GeneratedModuleMaps/CNIODarwin.modulemap -Xcc -fmodule-map-file\=/Users/steipete/Library/Developer/Xcode/DerivedData/CodeLooper-crrddjihwjtfkwegrjrymctnfixv/Build/Intermediates.noindex/GeneratedModuleMaps/CNIOAtomics.modulemap -DXcode -enable-experimental-feature StrictConcurrency\=complete -plugin-path /Applications/Xcode-beta.app/Contents/Developer/Toolchains/XcodeDefault.xctoolchain/usr/lib/swift/host/plugins/testing -enable-experimental-feature DebugDescriptionMacro -sdk /Applications/Xcode-beta.app/Contents/Developer/Platforms/MacOSX.platform/Developer/SDKs/MacOSX26.0.sdk -target arm64-apple-macos14.0 -g -module-cache-path /Users/steipete/Library/Developer/Xcode/DerivedData/ModuleCache.noindex -Xfrontend -serialize-debugging-options -profile-coverage-mapping -profile-generate -enable-testing -suppress-warnings -index-store-path /Users/steipete/Library/Developer/Xcode/DerivedData/CodeLooper-crrddjihwjtfkwegrjrymctnfixv/Index.noindex/DataStore -swift-version 6 -I /Users/steipete/Library/Developer/Xcode/DerivedData/CodeLooper-crrddjihwjtfkwegrjrymctnfixv/Build/Products/Debug -I /Applications/Xcode-beta.app/Contents/Developer/Platforms/MacOSX.platform/Developer/usr/lib -F /Users/steipete/Library/Developer/Xcode/DerivedData/CodeLooper-crrddjihwjtfkwegrjrymctnfixv/Build/Products/Debug/PackageFrameworks -F /Users/steipete/Library/Developer/Xcode/DerivedData/CodeLooper-crrddjihwjtfkwegrjrymctnfixv/Build/Products/Debug/PackageFrameworks -F /Users/steipete/Library/Developer/Xcode/DerivedData/CodeLooper-crrddjihwjtfkwegrjrymctnfixv/Build/Products/Debug/PackageFrameworks -F /Users/steipete/Library/Developer/Xcode/DerivedData/CodeLooper-crrddjihwjtfkwegrjrymctnfixv/Build/Products/Debug/PackageFrameworks -F /Users/steipete/Library/Developer/Xcode/DerivedData/CodeLooper-crrddjihwjtfkwegrjrymctnfixv/Build/Products/Debug/PackageFrameworks -F /Users/steipete/Library/Developer/Xcode/DerivedData/CodeLooper-crrddjihwjtfkwegrjrymctnfixv/Build/Products/Debug/PackageFrameworks -F /Users/steipete/Library/Developer/Xcode/DerivedData/CodeLooper-crrddjihwjtfkwegrjrymctnfixv/Build/Products/Debug/PackageFrameworks -F /Users/steipete/Library/Developer/Xcode/DerivedData/CodeLooper-crrddjihwjtfkwegrjrymctnfixv/Build/Products/Debug/PackageFrameworks -F /Users/steipete/Library/Developer/Xcode/DerivedData/CodeLooper-crrddjihwjtfkwegrjrymctnfixv/Build/Products/Debug/PackageFrameworks -F /Users/steipete/Library/Developer/Xcode/DerivedData/CodeLooper-crrddjihwjtfkwegrjrymctnfixv/Build/Products/Debug/PackageFrameworks -F /Users/steipete/Library/Developer/Xcode/DerivedData/CodeLooper-crrddjihwjtfkwegrjrymctnfixv/Build/Products/Debug/PackageFrameworks -F /Users/steipete/Library/Developer/Xcode/DerivedData/CodeLooper-crrddjihwjtfkwegrjrymctnfixv/Build/Products/Debug/PackageFrameworks -F /Users/steipete/Library/Developer/Xcode/DerivedData/CodeLooper-crrddjihwjtfkwegrjrymctnfixv/Build/Products/Debug/PackageFrameworks -F /Users/steipete/Library/Developer/Xcode/DerivedData/CodeLooper-crrddjihwjtfkwegrjrymctnfixv/Build/Products/Debug/PackageFrameworks -F /Users/steipete/Library/Developer/Xcode/DerivedData/CodeLooper-crrddjihwjtfkwegrjrymctnfixv/Build/Products/Debug/PackageFrameworks -F /Users/steipete/Library/Developer/Xcode/DerivedData/CodeLooper-crrddjihwjtfkwegrjrymctnfixv/Build/Products/Debug/PackageFrameworks -F /Users/steipete/Library/Developer/Xcode/DerivedData/CodeLooper-crrddjihwjtfkwegrjrymctnfixv/Build/Products/Debug/PackageFrameworks -F /Users/steipete/Library/Developer/Xcode/DerivedData/CodeLooper-crrddjihwjtfkwegrjrymctnfixv/Build/Products/Debug/PackageFrameworks -F /Users/steipete/Library/Developer/Xcode/DerivedData/CodeLooper-crrddjihwjtfkwegrjrymctnfixv/Build/Products/Debug/PackageFrameworks -F /Users/steipete/Library/Developer/Xcode/DerivedData/CodeLooper-crrddjihwjtfkwegrjrymctnfixv/Build/Products/Debug/PackageFrameworks -F /Users/steipete/Library/Developer/Xcode/DerivedData/CodeLooper-crrddjihwjtfkwegrjrymctnfixv/Build/Products/Debug/PackageFrameworks -F /Users/steipete/Library/Developer/Xcode/DerivedData/CodeLooper-crrddjihwjtfkwegrjrymctnfixv/Build/Products/Debug/PackageFrameworks -F /Users/steipete/Library/Developer/Xcode/DerivedData/CodeLooper-crrddjihwjtfkwegrjrymctnfixv/Build/Products/Debug/PackageFrameworks -F /Users/steipete/Library/Developer/Xcode/DerivedData/CodeLooper-crrddjihwjtfkwegrjrymctnfixv/Build/Products/Debug/PackageFrameworks -F /Users/steipete/Library/Developer/Xcode/DerivedData/CodeLooper-crrddjihwjtfkwegrjrymctnfixv/Build/Products/Debug/PackageFrameworks -F /Users/steipete/Library/Developer/Xcode/DerivedData/CodeLooper-crrddjihwjtfkwegrjrymctnfixv/Build/Products/Debug/PackageFrameworks -F /Users/steipete/Library/Developer/Xcode/DerivedData/CodeLooper-crrddjihwjtfkwegrjrymctnfixv/Build/Products/Debug/PackageFrameworks -F /Users/steipete/Library/Developer/Xcode/DerivedData/CodeLooper-crrddjihwjtfkwegrjrymctnfixv/Build/Products/Debug/PackageFrameworks -F /Users/steipete/Library/Developer/Xcode/DerivedData/CodeLooper-crrddjihwjtfkwegrjrymctnfixv/Build/Products/Debug/PackageFrameworks -F /Users/steipete/Library/Developer/Xcode/DerivedData/CodeLooper-crrddjihwjtfkwegrjrymctnfixv/Build/Products/Debug/PackageFrameworks -F /Users/steipete/Library/Developer/Xcode/DerivedData/CodeLooper-crrddjihwjtfkwegrjrymctnfixv/Build/Products/Debug/PackageFrameworks -F /Users/steipete/Library/Developer/Xcode/DerivedData/CodeLooper-crrddjihwjtfkwegrjrymctnfixv/Build/Products/Debug/PackageFrameworks -F /Users/steipete/Library/Developer/Xcode/DerivedData/CodeLooper-crrddjihwjtfkwegrjrymctnfixv/Build/Products/Debug/PackageFrameworks -F /Users/steipete/Library/Developer/Xcode/DerivedData/CodeLooper-crrddjihwjtfkwegrjrymctnfixv/Build/Products/Debug/PackageFrameworks -F /Users/steipete/Library/Developer/Xcode/DerivedData/CodeLooper-crrddjihwjtfkwegrjrymctnfixv/Build/Products/Debug/PackageFrameworks -F /Users/steipete/Library/Developer/Xcode/DerivedData/CodeLooper-crrddjihwjtfkwegrjrymctnfixv/Build/Products/Debug/PackageFrameworks -F /Users/steipete/Library/Developer/Xcode/DerivedData/CodeLooper-crrddjihwjtfkwegrjrymctnfixv/Build/Products/Debug/PackageFrameworks -F /Users/steipete/Library/Developer/Xcode/DerivedData/CodeLooper-crrddjihwjtfkwegrjrymctnfixv/Build/Products/Debug/PackageFrameworks -F /Users/steipete/Library/Developer/Xcode/DerivedData/CodeLooper-crrddjihwjtfkwegrjrymctnfixv/Build/Products/Debug/PackageFrameworks -F /Users/steipete/Library/Developer/Xcode/DerivedData/CodeLooper-crrddjihwjtfkwegrjrymctnfixv/Build/Products/Debug/PackageFrameworks -F /Users/steipete/Library/Developer/Xcode/DerivedData/CodeLooper-crrddjihwjtfkwegrjrymctnfixv/Build/Products/Debug/PackageFrameworks -F /Users/steipete/Library/Developer/Xcode/DerivedData/CodeLooper-crrddjihwjtfkwegrjrymctnfixv/Build/Products/Debug/PackageFrameworks -F /Users/steipete/Library/Developer/Xcode/DerivedData/CodeLooper-crrddjihwjtfkwegrjrymctnfixv/Build/Products/Debug -F /Applications/Xcode-beta.app/Contents/Developer/Platforms/MacOSX.platform/Developer/Library/Frameworks -c -j16 -enable-batch-mode -incremental -Xcc -ivfsstatcache -Xcc /Users/steipete/Library/Developer/Xcode/DerivedData/SDKStatCaches.noindex/macosx26.0-25A5279m-5d9328ff1a6613a11d359de947506b52.sdkstatcache -output-file-map /Users/steipete/Library/Developer/Xcode/DerivedData/CodeLooper-crrddjihwjtfkwegrjrymctnfixv/Build/Intermediates.noindex/hummingbird.build/Debug/Hummingbird.build/Objects-normal/arm64/Hummingbird-OutputFileMap.json -use-frontend-parseable-output -save-temps -no-color-diagnostics -explicit-module-build -module-cache-path /Users/steipete/Library/Developer/Xcode/DerivedData/CodeLooper-crrddjihwjtfkwegrjrymctnfixv/Build/Intermediates.noindex/SwiftExplicitPrecompiledModules -clang-scanner-module-cache-path /Users/steipete/Library/Developer/Xcode/DerivedData/ModuleCache.noindex -sdk-module-cache-path /Users/steipete/Library/Developer/Xcode/DerivedData/ModuleCache.noindex -serialize-diagnostics -emit-dependencies -emit-module -emit-module-path /Users/steipete/Library/Developer/Xcode/DerivedData/CodeLooper-crrddjihwjtfkwegrjrymctnfixv/Build/Intermediates.noindex/hummingbird.build/Debug/Hummingbird.build/Objects-normal/arm64/Hummingbird.swiftmodule -validate-clang-modules-once -clang-build-session-file /Users/steipete/Library/Developer/Xcode/DerivedData/ModuleCache.noindex/Session.modulevalidation -package-name hummingbird -Xcc -I/Users/steipete/Library/Developer/Xcode/DerivedData/CodeLooper-crrddjihwjtfkwegrjrymctnfixv/Build/Intermediates.noindex/hummingbird.build/Debug/Hummingbird.build/swift-overrides.hmap -emit-const-values -Xfrontend -const-gather-protocols-file -Xfrontend /Users/steipete/Library/Developer/Xcode/DerivedData/CodeLooper-crrddjihwjtfkwegrjrymctnfixv/Build/Intermediates.noindex/hummingbird.build/Debug/Hummingbird.build/Objects-normal/arm64/Hummingbird_const_extract_protocols.json -Xcc -I/Users/steipete/Library/Developer/Xcode/DerivedData/CodeLooper-crrddjihwjtfkwegrjrymctnfixv/SourcePackages/checkouts/swift-nio/Sources/CNIOLLHTTP/include -Xcc -I/Users/steipete/Library/Developer/Xcode/DerivedData/CodeLooper-crrddjihwjtfkwegrjrymctnfixv/SourcePackages/checkouts/swift-nio/Sources/CNIOWASI/include -Xcc -I/Users/steipete/Library/Developer/Xcode/DerivedData/CodeLooper-crrddjihwjtfkwegrjrymctnfixv/SourcePackages/checkouts/swift-nio/Sources/CNIOWindows/include -Xcc -I/Users/steipete/Library/Developer/Xcode/DerivedData/CodeLooper-crrddjihwjtfkwegrjrymctnfixv/SourcePackages/checkouts/swift-nio/Sources/CNIOLinux/include -Xcc -I/Users/steipete/Library/Developer/Xcode/DerivedData/CodeLooper-crrddjihwjtfkwegrjrymctnfixv/SourcePackages/checkouts/swift-nio/Sources/CNIODarwin/include -Xcc -I/Users/steipete/Library/Developer/Xcode/DerivedData/CodeLooper-crrddjihwjtfkwegrjrymctnfixv/SourcePackages/checkouts/swift-nio/Sources/CNIOAtomics/include -Xcc -I/Users/steipete/Library/Developer/Xcode/DerivedData/CodeLooper-crrddjihwjtfkwegrjrymctnfixv/SourcePackages/checkouts/swift-atomics/Sources/_AtomicsShims/include -Xcc -I/Users/steipete/Library/Developer/Xcode/DerivedData/CodeLooper-crrddjihwjtfkwegrjrymctnfixv/Build/Products/Debug/include -Xcc -I/Users/steipete/Library/Developer/Xcode/DerivedData/CodeLooper-crrddjihwjtfkwegrjrymctnfixv/Build/Intermediates.noindex/hummingbird.build/Debug/Hummingbird.build/DerivedSources-normal/arm64 -Xcc -I/Users/steipete/Library/Developer/Xcode/DerivedData/CodeLooper-crrddjihwjtfkwegrjrymctnfixv/Build/Intermediates.noindex/hummingbird.build/Debug/Hummingbird.build/DerivedSources/arm64 -Xcc -I/Users/steipete/Library/Developer/Xcode/DerivedData/CodeLooper-crrddjihwjtfkwegrjrymctnfixv/Build/Intermediates.noindex/hummingbird.build/Debug/Hummingbird.build/DerivedSources -Xcc -DSWIFT_PACKAGE -Xcc -DDEBUG\=1 -emit-objc-header -emit-objc-header-path /Users/steipete/Library/Developer/Xcode/DerivedData/CodeLooper-crrddjihwjtfkwegrjrymctnfixv/Build/Intermediates.noindex/hummingbird.build/Debug/Hummingbird.build/Objects-normal/arm64/Hummingbird-Swift.h -working-directory /Users/steipete/Projects/CodeLooper -experimental-emit-module-separately -disable-cmo

SwiftDriverJobDiscovery normal arm64 Compiling AvailableConnectionsHandler.swift, BindAddress.swift (in target 'HummingbirdCore' from project 'hummingbird')

SwiftDriverJobDiscovery normal arm64 Compiling HBParser.swift (in target 'HummingbirdCore' from project 'hummingbird')

SwiftDriverJobDiscovery normal arm64 Compiling HTTP1Channel.swift, HTTPChannelHandler.swift (in target 'HummingbirdCore' from project 'hummingbird')

SwiftDriverJobDiscovery normal arm64 Compiling Server.swift, ServerChildChannel.swift (in target 'HummingbirdCore' from project 'hummingbird')

SwiftDriverJobDiscovery normal arm64 Compiling RequestBody+inboundClose.swift, RequestBody.swift (in target 'HummingbirdCore' from project 'hummingbird')

SwiftDriver\ Compilation HummingbirdCore normal arm64 com.apple.xcode.tools.swift.compiler (in target 'HummingbirdCore' from project 'hummingbird')
    cd /Users/steipete/Projects/CodeLooper
    builtin-Swift-Compilation -- /Applications/Xcode-beta.app/Contents/Developer/Toolchains/XcodeDefault.xctoolchain/usr/bin/swiftc -module-name HummingbirdCore -Onone -enforce-exclusivity\=checked @/Users/steipete/Library/Developer/Xcode/DerivedData/CodeLooper-crrddjihwjtfkwegrjrymctnfixv/Build/Intermediates.noindex/hummingbird.build/Debug/HummingbirdCore.build/Objects-normal/arm64/HummingbirdCore.SwiftFileList -DSWIFT_PACKAGE -DDEBUG -DSWIFT_MODULE_RESOURCE_BUNDLE_UNAVAILABLE -Xcc -fmodule-map-file\=/Users/steipete/Library/Developer/Xcode/DerivedData/CodeLooper-crrddjihwjtfkwegrjrymctnfixv/Build/Intermediates.noindex/GeneratedModuleMaps/CNIOLLHTTP.modulemap -Xcc -fmodule-map-file\=/Users/steipete/Library/Developer/Xcode/DerivedData/CodeLooper-crrddjihwjtfkwegrjrymctnfixv/Build/Intermediates.noindex/GeneratedModuleMaps/CNIOWASI.modulemap -Xcc -fmodule-map-file\=/Users/steipete/Library/Developer/Xcode/DerivedData/CodeLooper-crrddjihwjtfkwegrjrymctnfixv/Build/Intermediates.noindex/GeneratedModuleMaps/CNIOLinux.modulemap -Xcc -fmodule-map-file\=/Users/steipete/Library/Developer/Xcode/DerivedData/CodeLooper-crrddjihwjtfkwegrjrymctnfixv/Build/Intermediates.noindex/GeneratedModuleMaps/CNIODarwin.modulemap -Xcc -fmodule-map-file\=/Users/steipete/Library/Developer/Xcode/DerivedData/CodeLooper-crrddjihwjtfkwegrjrymctnfixv/Build/Intermediates.noindex/GeneratedModuleMaps/CNIOAtomics.modulemap -DXcode -enable-experimental-feature StrictConcurrency\=complete -plugin-path /Applications/Xcode-beta.app/Contents/Developer/Toolchains/XcodeDefault.xctoolchain/usr/lib/swift/host/plugins/testing -enable-experimental-feature DebugDescriptionMacro -sdk /Applications/Xcode-beta.app/Contents/Developer/Platforms/MacOSX.platform/Developer/SDKs/MacOSX26.0.sdk -target arm64-apple-macos14.0 -g -module-cache-path /Users/steipete/Library/Developer/Xcode/DerivedData/ModuleCache.noindex -Xfrontend -serialize-debugging-options -profile-coverage-mapping -profile-generate -enable-testing -suppress-warnings -index-store-path /Users/steipete/Library/Developer/Xcode/DerivedData/CodeLooper-crrddjihwjtfkwegrjrymctnfixv/Index.noindex/DataStore -swift-version 6 -I /Users/steipete/Library/Developer/Xcode/DerivedData/CodeLooper-crrddjihwjtfkwegrjrymctnfixv/Build/Products/Debug -I /Applications/Xcode-beta.app/Contents/Developer/Platforms/MacOSX.platform/Developer/usr/lib -F /Users/steipete/Library/Developer/Xcode/DerivedData/CodeLooper-crrddjihwjtfkwegrjrymctnfixv/Build/Products/Debug/PackageFrameworks -F /Users/steipete/Library/Developer/Xcode/DerivedData/CodeLooper-crrddjihwjtfkwegrjrymctnfixv/Build/Products/Debug/PackageFrameworks -F /Users/steipete/Library/Developer/Xcode/DerivedData/CodeLooper-crrddjihwjtfkwegrjrymctnfixv/Build/Products/Debug/PackageFrameworks -F /Users/steipete/Library/Developer/Xcode/DerivedData/CodeLooper-crrddjihwjtfkwegrjrymctnfixv/Build/Products/Debug/PackageFrameworks -F /Users/steipete/Library/Developer/Xcode/DerivedData/CodeLooper-crrddjihwjtfkwegrjrymctnfixv/Build/Products/Debug/PackageFrameworks -F /Users/steipete/Library/Developer/Xcode/DerivedData/CodeLooper-crrddjihwjtfkwegrjrymctnfixv/Build/Products/Debug/PackageFrameworks -F /Users/steipete/Library/Developer/Xcode/DerivedData/CodeLooper-crrddjihwjtfkwegrjrymctnfixv/Build/Products/Debug/PackageFrameworks -F /Users/steipete/Library/Developer/Xcode/DerivedData/CodeLooper-crrddjihwjtfkwegrjrymctnfixv/Build/Products/Debug/PackageFrameworks -F /Users/steipete/Library/Developer/Xcode/DerivedData/CodeLooper-crrddjihwjtfkwegrjrymctnfixv/Build/Products/Debug/PackageFrameworks -F /Users/steipete/Library/Developer/Xcode/DerivedData/CodeLooper-crrddjihwjtfkwegrjrymctnfixv/Build/Products/Debug/PackageFrameworks -F /Users/steipete/Library/Developer/Xcode/DerivedData/CodeLooper-crrddjihwjtfkwegrjrymctnfixv/Build/Products/Debug/PackageFrameworks -F /Users/steipete/Library/Developer/Xcode/DerivedData/CodeLooper-crrddjihwjtfkwegrjrymctnfixv/Build/Products/Debug/PackageFrameworks -F /Users/steipete/Library/Developer/Xcode/DerivedData/CodeLooper-crrddjihwjtfkwegrjrymctnfixv/Build/Products/Debug/PackageFrameworks -F /Users/steipete/Library/Developer/Xcode/DerivedData/CodeLooper-crrddjihwjtfkwegrjrymctnfixv/Build/Products/Debug/PackageFrameworks -F /Users/steipete/Library/Developer/Xcode/DerivedData/CodeLooper-crrddjihwjtfkwegrjrymctnfixv/Build/Products/Debug/PackageFrameworks -F /Users/steipete/Library/Developer/Xcode/DerivedData/CodeLooper-crrddjihwjtfkwegrjrymctnfixv/Build/Products/Debug/PackageFrameworks -F /Users/steipete/Library/Developer/Xcode/DerivedData/CodeLooper-crrddjihwjtfkwegrjrymctnfixv/Build/Products/Debug/PackageFrameworks -F /Users/steipete/Library/Developer/Xcode/DerivedData/CodeLooper-crrddjihwjtfkwegrjrymctnfixv/Build/Products/Debug/PackageFrameworks -F /Users/steipete/Library/Developer/Xcode/DerivedData/CodeLooper-crrddjihwjtfkwegrjrymctnfixv/Build/Products/Debug/PackageFrameworks -F /Users/steipete/Library/Developer/Xcode/DerivedData/CodeLooper-crrddjihwjtfkwegrjrymctnfixv/Build/Products/Debug/PackageFrameworks -F /Users/steipete/Library/Developer/Xcode/DerivedData/CodeLooper-crrddjihwjtfkwegrjrymctnfixv/Build/Products/Debug/PackageFrameworks -F /Users/steipete/Library/Developer/Xcode/DerivedData/CodeLooper-crrddjihwjtfkwegrjrymctnfixv/Build/Products/Debug/PackageFrameworks -F /Users/steipete/Library/Developer/Xcode/DerivedData/CodeLooper-crrddjihwjtfkwegrjrymctnfixv/Build/Products/Debug/PackageFrameworks -F /Users/steipete/Library/Developer/Xcode/DerivedData/CodeLooper-crrddjihwjtfkwegrjrymctnfixv/Build/Products/Debug/PackageFrameworks -F /Users/steipete/Library/Developer/Xcode/DerivedData/CodeLooper-crrddjihwjtfkwegrjrymctnfixv/Build/Products/Debug/PackageFrameworks -F /Users/steipete/Library/Developer/Xcode/DerivedData/CodeLooper-crrddjihwjtfkwegrjrymctnfixv/Build/Products/Debug/PackageFrameworks -F /Users/steipete/Library/Developer/Xcode/DerivedData/CodeLooper-crrddjihwjtfkwegrjrymctnfixv/Build/Products/Debug/PackageFrameworks -F /Users/steipete/Library/Developer/Xcode/DerivedData/CodeLooper-crrddjihwjtfkwegrjrymctnfixv/Build/Products/Debug/PackageFrameworks -F /Users/steipete/Library/Developer/Xcode/DerivedData/CodeLooper-crrddjihwjtfkwegrjrymctnfixv/Build/Products/Debug/PackageFrameworks -F /Users/steipete/Library/Developer/Xcode/DerivedData/CodeLooper-crrddjihwjtfkwegrjrymctnfixv/Build/Products/Debug/PackageFrameworks -F /Users/steipete/Library/Developer/Xcode/DerivedData/CodeLooper-crrddjihwjtfkwegrjrymctnfixv/Build/Products/Debug/PackageFrameworks -F /Users/steipete/Library/Developer/Xcode/DerivedData/CodeLooper-crrddjihwjtfkwegrjrymctnfixv/Build/Products/Debug/PackageFrameworks -F /Users/steipete/Library/Developer/Xcode/DerivedData/CodeLooper-crrddjihwjtfkwegrjrymctnfixv/Build/Products/Debug/PackageFrameworks -F /Users/steipete/Library/Developer/Xcode/DerivedData/CodeLooper-crrddjihwjtfkwegrjrymctnfixv/Build/Products/Debug/PackageFrameworks -F /Users/steipete/Library/Developer/Xcode/DerivedData/CodeLooper-crrddjihwjtfkwegrjrymctnfixv/Build/Products/Debug/PackageFrameworks -F /Users/steipete/Library/Developer/Xcode/DerivedData/CodeLooper-crrddjihwjtfkwegrjrymctnfixv/Build/Products/Debug/PackageFrameworks -F /Users/steipete/Library/Developer/Xcode/DerivedData/CodeLooper-crrddjihwjtfkwegrjrymctnfixv/Build/Products/Debug -F /Applications/Xcode-beta.app/Contents/Developer/Platforms/MacOSX.platform/Developer/Library/Frameworks -c -j16 -enable-batch-mode -incremental -Xcc -ivfsstatcache -Xcc /Users/steipete/Library/Developer/Xcode/DerivedData/SDKStatCaches.noindex/macosx26.0-25A5279m-5d9328ff1a6613a11d359de947506b52.sdkstatcache -output-file-map /Users/steipete/Library/Developer/Xcode/DerivedData/CodeLooper-crrddjihwjtfkwegrjrymctnfixv/Build/Intermediates.noindex/hummingbird.build/Debug/HummingbirdCore.build/Objects-normal/arm64/HummingbirdCore-OutputFileMap.json -use-frontend-parseable-output -save-temps -no-color-diagnostics -explicit-module-build -module-cache-path /Users/steipete/Library/Developer/Xcode/DerivedData/CodeLooper-crrddjihwjtfkwegrjrymctnfixv/Build/Intermediates.noindex/SwiftExplicitPrecompiledModules -clang-scanner-module-cache-path /Users/steipete/Library/Developer/Xcode/DerivedData/ModuleCache.noindex -sdk-module-cache-path /Users/steipete/Library/Developer/Xcode/DerivedData/ModuleCache.noindex -serialize-diagnostics -emit-dependencies -emit-module -emit-module-path /Users/steipete/Library/Developer/Xcode/DerivedData/CodeLooper-crrddjihwjtfkwegrjrymctnfixv/Build/Intermediates.noindex/hummingbird.build/Debug/HummingbirdCore.build/Objects-normal/arm64/HummingbirdCore.swiftmodule -validate-clang-modules-once -clang-build-session-file /Users/steipete/Library/Developer/Xcode/DerivedData/ModuleCache.noindex/Session.modulevalidation -package-name hummingbird -Xcc -I/Users/steipete/Library/Developer/Xcode/DerivedData/CodeLooper-crrddjihwjtfkwegrjrymctnfixv/Build/Intermediates.noindex/hummingbird.build/Debug/HummingbirdCore.build/swift-overrides.hmap -emit-const-values -Xfrontend -const-gather-protocols-file -Xfrontend /Users/steipete/Library/Developer/Xcode/DerivedData/CodeLooper-crrddjihwjtfkwegrjrymctnfixv/Build/Intermediates.noindex/hummingbird.build/Debug/HummingbirdCore.build/Objects-normal/arm64/HummingbirdCore_const_extract_protocols.json -Xcc -I/Users/steipete/Library/Developer/Xcode/DerivedData/CodeLooper-crrddjihwjtfkwegrjrymctnfixv/SourcePackages/checkouts/swift-nio/Sources/CNIOLLHTTP/include -Xcc -I/Users/steipete/Library/Developer/Xcode/DerivedData/CodeLooper-crrddjihwjtfkwegrjrymctnfixv/SourcePackages/checkouts/swift-nio/Sources/CNIOWASI/include -Xcc -I/Users/steipete/Library/Developer/Xcode/DerivedData/CodeLooper-crrddjihwjtfkwegrjrymctnfixv/SourcePackages/checkouts/swift-nio/Sources/CNIOWindows/include -Xcc -I/Users/steipete/Library/Developer/Xcode/DerivedData/CodeLooper-crrddjihwjtfkwegrjrymctnfixv/SourcePackages/checkouts/swift-nio/Sources/CNIOLinux/include -Xcc -I/Users/steipete/Library/Developer/Xcode/DerivedData/CodeLooper-crrddjihwjtfkwegrjrymctnfixv/SourcePackages/checkouts/swift-nio/Sources/CNIODarwin/include -Xcc -I/Users/steipete/Library/Developer/Xcode/DerivedData/CodeLooper-crrddjihwjtfkwegrjrymctnfixv/SourcePackages/checkouts/swift-nio/Sources/CNIOAtomics/include -Xcc -I/Users/steipete/Library/Developer/Xcode/DerivedData/CodeLooper-crrddjihwjtfkwegrjrymctnfixv/SourcePackages/checkouts/swift-atomics/Sources/_AtomicsShims/include -Xcc -I/Users/steipete/Library/Developer/Xcode/DerivedData/CodeLooper-crrddjihwjtfkwegrjrymctnfixv/Build/Products/Debug/include -Xcc -I/Users/steipete/Library/Developer/Xcode/DerivedData/CodeLooper-crrddjihwjtfkwegrjrymctnfixv/Build/Intermediates.noindex/hummingbird.build/Debug/HummingbirdCore.build/DerivedSources-normal/arm64 -Xcc -I/Users/steipete/Library/Developer/Xcode/DerivedData/CodeLooper-crrddjihwjtfkwegrjrymctnfixv/Build/Intermediates.noindex/hummingbird.build/Debug/HummingbirdCore.build/DerivedSources/arm64 -Xcc -I/Users/steipete/Library/Developer/Xcode/DerivedData/CodeLooper-crrddjihwjtfkwegrjrymctnfixv/Build/Intermediates.noindex/hummingbird.build/Debug/HummingbirdCore.build/DerivedSources -Xcc -DSWIFT_PACKAGE -Xcc -DDEBUG\=1 -emit-objc-header -emit-objc-header-path /Users/steipete/Library/Developer/Xcode/DerivedData/CodeLooper-crrddjihwjtfkwegrjrymctnfixv/Build/Intermediates.noindex/hummingbird.build/Debug/HummingbirdCore.build/Objects-normal/arm64/HummingbirdCore-Swift.h -working-directory /Users/steipete/Projects/CodeLooper -experimental-emit-module-separately -disable-cmo

SwiftDriverJobDiscovery normal arm64 Compiling NIOThreadPool.swift, NonBlockingFileIO.swift, PendingDatagramWritesManager.swift (in target 'NIOPosix' from project 'swift-nio')

SwiftDriver\ Compilation NIOPosix normal arm64 com.apple.xcode.tools.swift.compiler (in target 'NIOPosix' from project 'swift-nio')
    cd /Users/steipete/Projects/CodeLooper
    builtin-Swift-Compilation -- /Applications/Xcode-beta.app/Contents/Developer/Toolchains/XcodeDefault.xctoolchain/usr/bin/swiftc -module-name NIOPosix -Onone -enforce-exclusivity\=checked @/Users/steipete/Library/Developer/Xcode/DerivedData/CodeLooper-crrddjihwjtfkwegrjrymctnfixv/Build/Intermediates.noindex/swift-nio.build/Debug/NIOPosix.build/Objects-normal/arm64/NIOPosix.SwiftFileList -DSWIFT_PACKAGE -DDEBUG -DSWIFT_MODULE_RESOURCE_BUNDLE_AVAILABLE -Xcc -fmodule-map-file\=/Users/steipete/Library/Developer/Xcode/DerivedData/CodeLooper-crrddjihwjtfkwegrjrymctnfixv/Build/Intermediates.noindex/GeneratedModuleMaps/CNIOWASI.modulemap -Xcc -fmodule-map-file\=/Users/steipete/Library/Developer/Xcode/DerivedData/CodeLooper-crrddjihwjtfkwegrjrymctnfixv/Build/Intermediates.noindex/GeneratedModuleMaps/CNIOAtomics.modulemap -Xcc -fmodule-map-file\=/Users/steipete/Library/Developer/Xcode/DerivedData/CodeLooper-crrddjihwjtfkwegrjrymctnfixv/Build/Intermediates.noindex/GeneratedModuleMaps/CNIODarwin.modulemap -Xcc -fmodule-map-file\=/Users/steipete/Library/Developer/Xcode/DerivedData/CodeLooper-crrddjihwjtfkwegrjrymctnfixv/Build/Intermediates.noindex/GeneratedModuleMaps/CNIOLinux.modulemap -DXcode -enable-upcoming-feature StrictConcurrency -enable-upcoming-feature InferSendableFromCaptures -enable-upcoming-feature MemberImportVisibility -plugin-path /Applications/Xcode-beta.app/Contents/Developer/Toolchains/XcodeDefault.xctoolchain/usr/lib/swift/host/plugins/testing -enable-experimental-feature DebugDescriptionMacro -sdk /Applications/Xcode-beta.app/Contents/Developer/Platforms/MacOSX.platform/Developer/SDKs/MacOSX26.0.sdk -target arm64-apple-macos10.13 -g -module-cache-path /Users/steipete/Library/Developer/Xcode/DerivedData/ModuleCache.noindex -Xfrontend -serialize-debugging-options -profile-coverage-mapping -profile-generate -enable-testing -suppress-warnings -index-store-path /Users/steipete/Library/Developer/Xcode/DerivedData/CodeLooper-crrddjihwjtfkwegrjrymctnfixv/Index.noindex/DataStore -swift-version 5 -I /Users/steipete/Library/Developer/Xcode/DerivedData/CodeLooper-crrddjihwjtfkwegrjrymctnfixv/Build/Products/Debug -I /Applications/Xcode-beta.app/Contents/Developer/Platforms/MacOSX.platform/Developer/usr/lib -F /Users/steipete/Library/Developer/Xcode/DerivedData/CodeLooper-crrddjihwjtfkwegrjrymctnfixv/Build/Products/Debug/PackageFrameworks -F /Users/steipete/Library/Developer/Xcode/DerivedData/CodeLooper-crrddjihwjtfkwegrjrymctnfixv/Build/Products/Debug/PackageFrameworks -F /Users/steipete/Library/Developer/Xcode/DerivedData/CodeLooper-crrddjihwjtfkwegrjrymctnfixv/Build/Products/Debug/PackageFrameworks -F /Users/steipete/Library/Developer/Xcode/DerivedData/CodeLooper-crrddjihwjtfkwegrjrymctnfixv/Build/Products/Debug/PackageFrameworks -F /Users/steipete/Library/Developer/Xcode/DerivedData/CodeLooper-crrddjihwjtfkwegrjrymctnfixv/Build/Products/Debug/PackageFrameworks -F /Users/steipete/Library/Developer/Xcode/DerivedData/CodeLooper-crrddjihwjtfkwegrjrymctnfixv/Build/Products/Debug/PackageFrameworks -F /Users/steipete/Library/Developer/Xcode/DerivedData/CodeLooper-crrddjihwjtfkwegrjrymctnfixv/Build/Products/Debug/PackageFrameworks -F /Users/steipete/Library/Developer/Xcode/DerivedData/CodeLooper-crrddjihwjtfkwegrjrymctnfixv/Build/Products/Debug/PackageFrameworks -F /Users/steipete/Library/Developer/Xcode/DerivedData/CodeLooper-crrddjihwjtfkwegrjrymctnfixv/Build/Products/Debug/PackageFrameworks -F /Users/steipete/Library/Developer/Xcode/DerivedData/CodeLooper-crrddjihwjtfkwegrjrymctnfixv/Build/Products/Debug/PackageFrameworks -F /Users/steipete/Library/Developer/Xcode/DerivedData/CodeLooper-crrddjihwjtfkwegrjrymctnfixv/Build/Products/Debug/PackageFrameworks -F /Users/steipete/Library/Developer/Xcode/DerivedData/CodeLooper-crrddjihwjtfkwegrjrymctnfixv/Build/Products/Debug/PackageFrameworks -F /Users/steipete/Library/Developer/Xcode/DerivedData/CodeLooper-crrddjihwjtfkwegrjrymctnfixv/Build/Products/Debug/PackageFrameworks -F /Users/steipete/Library/Developer/Xcode/DerivedData/CodeLooper-crrddjihwjtfkwegrjrymctnfixv/Build/Products/Debug -F /Applications/Xcode-beta.app/Contents/Developer/Platforms/MacOSX.platform/Developer/Library/Frameworks -c -j16 -enable-batch-mode -incremental -Xcc -ivfsstatcache -Xcc /Users/steipete/Library/Developer/Xcode/DerivedData/SDKStatCaches.noindex/macosx26.0-25A5279m-5d9328ff1a6613a11d359de947506b52.sdkstatcache -output-file-map /Users/steipete/Library/Developer/Xcode/DerivedData/CodeLooper-crrddjihwjtfkwegrjrymctnfixv/Build/Intermediates.noindex/swift-nio.build/Debug/NIOPosix.build/Objects-normal/arm64/NIOPosix-OutputFileMap.json -use-frontend-parseable-output -save-temps -no-color-diagnostics -explicit-module-build -module-cache-path /Users/steipete/Library/Developer/Xcode/DerivedData/CodeLooper-crrddjihwjtfkwegrjrymctnfixv/Build/Intermediates.noindex/SwiftExplicitPrecompiledModules -clang-scanner-module-cache-path /Users/steipete/Library/Developer/Xcode/DerivedData/ModuleCache.noindex -sdk-module-cache-path /Users/steipete/Library/Developer/Xcode/DerivedData/ModuleCache.noindex -serialize-diagnostics -emit-dependencies -emit-module -emit-module-path /Users/steipete/Library/Developer/Xcode/DerivedData/CodeLooper-crrddjihwjtfkwegrjrymctnfixv/Build/Intermediates.noindex/swift-nio.build/Debug/NIOPosix.build/Objects-normal/arm64/NIOPosix.swiftmodule -validate-clang-modules-once -clang-build-session-file /Users/steipete/Library/Developer/Xcode/DerivedData/ModuleCache.noindex/Session.modulevalidation -package-name swift_nio -Xcc -I/Users/steipete/Library/Developer/Xcode/DerivedData/CodeLooper-crrddjihwjtfkwegrjrymctnfixv/Build/Intermediates.noindex/swift-nio.build/Debug/NIOPosix.build/swift-overrides.hmap -emit-const-values -Xfrontend -const-gather-protocols-file -Xfrontend /Users/steipete/Library/Developer/Xcode/DerivedData/CodeLooper-crrddjihwjtfkwegrjrymctnfixv/Build/Intermediates.noindex/swift-nio.build/Debug/NIOPosix.build/Objects-normal/arm64/NIOPosix_const_extract_protocols.json -Xcc -I/Users/steipete/Library/Developer/Xcode/DerivedData/CodeLooper-crrddjihwjtfkwegrjrymctnfixv/SourcePackages/checkouts/swift-atomics/Sources/_AtomicsShims/include -Xcc -I/Users/steipete/Library/Developer/Xcode/DerivedData/CodeLooper-crrddjihwjtfkwegrjrymctnfixv/SourcePackages/checkouts/swift-nio/Sources/CNIOWASI/include -Xcc -I/Users/steipete/Library/Developer/Xcode/DerivedData/CodeLooper-crrddjihwjtfkwegrjrymctnfixv/SourcePackages/checkouts/swift-nio/Sources/CNIOAtomics/include -Xcc -I/Users/steipete/Library/Developer/Xcode/DerivedData/CodeLooper-crrddjihwjtfkwegrjrymctnfixv/SourcePackages/checkouts/swift-nio/Sources/CNIOWindows/include -Xcc -I/Users/steipete/Library/Developer/Xcode/DerivedData/CodeLooper-crrddjihwjtfkwegrjrymctnfixv/SourcePackages/checkouts/swift-nio/Sources/CNIODarwin/include -Xcc -I/Users/steipete/Library/Developer/Xcode/DerivedData/CodeLooper-crrddjihwjtfkwegrjrymctnfixv/SourcePackages/checkouts/swift-nio/Sources/CNIOLinux/include -Xcc -I/Users/steipete/Library/Developer/Xcode/DerivedData/CodeLooper-crrddjihwjtfkwegrjrymctnfixv/Build/Products/Debug/include -Xcc -I/Users/steipete/Library/Developer/Xcode/DerivedData/CodeLooper-crrddjihwjtfkwegrjrymctnfixv/Build/Intermediates.noindex/swift-nio.build/Debug/NIOPosix.build/DerivedSources-normal/arm64 -Xcc -I/Users/steipete/Library/Developer/Xcode/DerivedData/CodeLooper-crrddjihwjtfkwegrjrymctnfixv/Build/Intermediates.noindex/swift-nio.build/Debug/NIOPosix.build/DerivedSources/arm64 -Xcc -I/Users/steipete/Library/Developer/Xcode/DerivedData/CodeLooper-crrddjihwjtfkwegrjrymctnfixv/Build/Intermediates.noindex/swift-nio.build/Debug/NIOPosix.build/DerivedSources -Xcc -DSWIFT_PACKAGE -Xcc -DDEBUG\=1 -emit-objc-header -emit-objc-header-path /Users/steipete/Library/Developer/Xcode/DerivedData/CodeLooper-crrddjihwjtfkwegrjrymctnfixv/Build/Intermediates.noindex/swift-nio.build/Debug/NIOPosix.build/Objects-normal/arm64/NIOPosix-Swift.h -working-directory /Users/steipete/Projects/CodeLooper -experimental-emit-module-separately -disable-cmo

Ld /Users/steipete/Library/Developer/Xcode/DerivedData/CodeLooper-crrddjihwjtfkwegrjrymctnfixv/Build/Products/Debug/NIOPosix.o normal (in target 'NIOPosix' from project 'swift-nio')
    cd /Users/steipete/Library/Developer/Xcode/DerivedData/CodeLooper-crrddjihwjtfkwegrjrymctnfixv/SourcePackages/checkouts/swift-nio
    /Applications/Xcode-beta.app/Contents/Developer/Toolchains/XcodeDefault.xctoolchain/usr/bin/clang -Xlinker -reproducible -target arm64-apple-macos10.13 -r -isysroot /Applications/Xcode-beta.app/Contents/Developer/Platforms/MacOSX.platform/Developer/SDKs/MacOSX26.0.sdk -O0 -w -L/Users/steipete/Library/Developer/Xcode/DerivedData/CodeLooper-crrddjihwjtfkwegrjrymctnfixv/Build/Intermediates.noindex/EagerLinkingTBDs/Debug -L/Users/steipete/Library/Developer/Xcode/DerivedData/CodeLooper-crrddjihwjtfkwegrjrymctnfixv/Build/Products/Debug -L/Applications/Xcode-beta.app/Contents/Developer/Platforms/MacOSX.platform/Developer/usr/lib -F/Users/steipete/Library/Developer/Xcode/DerivedData/CodeLooper-crrddjihwjtfkwegrjrymctnfixv/Build/Intermediates.noindex/EagerLinkingTBDs/Debug -F/Users/steipete/Library/Developer/Xcode/DerivedData/CodeLooper-crrddjihwjtfkwegrjrymctnfixv/Build/Products/Debug/PackageFrameworks -F/Users/steipete/Library/Developer/Xcode/DerivedData/CodeLooper-crrddjihwjtfkwegrjrymctnfixv/Build/Products/Debug/PackageFrameworks -F/Users/steipete/Library/Developer/Xcode/DerivedData/CodeLooper-crrddjihwjtfkwegrjrymctnfixv/Build/Products/Debug/PackageFrameworks -F/Users/steipete/Library/Developer/Xcode/DerivedData/CodeLooper-crrddjihwjtfkwegrjrymctnfixv/Build/Products/Debug/PackageFrameworks -F/Users/steipete/Library/Developer/Xcode/DerivedData/CodeLooper-crrddjihwjtfkwegrjrymctnfixv/Build/Products/Debug/PackageFrameworks -F/Users/steipete/Library/Developer/Xcode/DerivedData/CodeLooper-crrddjihwjtfkwegrjrymctnfixv/Build/Products/Debug/PackageFrameworks -F/Users/steipete/Library/Developer/Xcode/DerivedData/CodeLooper-crrddjihwjtfkwegrjrymctnfixv/Build/Products/Debug/PackageFrameworks -F/Users/steipete/Library/Developer/Xcode/DerivedData/CodeLooper-crrddjihwjtfkwegrjrymctnfixv/Build/Products/Debug/PackageFrameworks -F/Users/steipete/Library/Developer/Xcode/DerivedData/CodeLooper-crrddjihwjtfkwegrjrymctnfixv/Build/Products/Debug/PackageFrameworks -F/Users/steipete/Library/Developer/Xcode/DerivedData/CodeLooper-crrddjihwjtfkwegrjrymctnfixv/Build/Products/Debug/PackageFrameworks -F/Users/steipete/Library/Developer/Xcode/DerivedData/CodeLooper-crrddjihwjtfkwegrjrymctnfixv/Build/Products/Debug/PackageFrameworks -F/Users/steipete/Library/Developer/Xcode/DerivedData/CodeLooper-crrddjihwjtfkwegrjrymctnfixv/Build/Products/Debug/PackageFrameworks -F/Users/steipete/Library/Developer/Xcode/DerivedData/CodeLooper-crrddjihwjtfkwegrjrymctnfixv/Build/Products/Debug/PackageFrameworks -F/Users/steipete/Library/Developer/Xcode/DerivedData/CodeLooper-crrddjihwjtfkwegrjrymctnfixv/Build/Products/Debug -iframework /Applications/Xcode-beta.app/Contents/Developer/Platforms/MacOSX.platform/Developer/Library/Frameworks -filelist /Users/steipete/Library/Developer/Xcode/DerivedData/CodeLooper-crrddjihwjtfkwegrjrymctnfixv/Build/Intermediates.noindex/swift-nio.build/Debug/NIOPosix.build/Objects-normal/arm64/NIOPosix.LinkFileList -nostdlib -Xlinker -object_path_lto -Xlinker /Users/steipete/Library/Developer/Xcode/DerivedData/CodeLooper-crrddjihwjtfkwegrjrymctnfixv/Build/Intermediates.noindex/swift-nio.build/Debug/NIOPosix.build/Objects-normal/arm64/NIOPosix_lto.o -rdynamic -Xlinker -no_deduplicate -Xlinker -debug_variant -Xlinker -dependency_info -Xlinker /Users/steipete/Library/Developer/Xcode/DerivedData/CodeLooper-crrddjihwjtfkwegrjrymctnfixv/Build/Intermediates.noindex/swift-nio.build/Debug/NIOPosix.build/Objects-normal/arm64/NIOPosix_dependency_info.dat -fobjc-link-runtime -L/Applications/Xcode-beta.app/Contents/Developer/Toolchains/XcodeDefault.xctoolchain/usr/lib/swift/macosx -L/usr/lib/swift -Xlinker -add_ast_path -Xlinker /Users/steipete/Library/Developer/Xcode/DerivedData/CodeLooper-crrddjihwjtfkwegrjrymctnfixv/Build/Intermediates.noindex/swift-nio.build/Debug/NIOPosix.build/Objects-normal/arm64/NIOPosix.swiftmodule @/Users/steipete/Library/Developer/Xcode/DerivedData/CodeLooper-crrddjihwjtfkwegrjrymctnfixv/Build/Intermediates.noindex/swift-nio.build/Debug/NIOPosix.build/Objects-normal/arm64/NIOPosix-linker-args.resp -o /Users/steipete/Library/Developer/Xcode/DerivedData/CodeLooper-crrddjihwjtfkwegrjrymctnfixv/Build/Products/Debug/NIOPosix.o

ExtractAppIntentsMetadata (in target 'NIOPosix' from project 'swift-nio')
    cd /Users/steipete/Library/Developer/Xcode/DerivedData/CodeLooper-crrddjihwjtfkwegrjrymctnfixv/SourcePackages/checkouts/swift-nio
    /Applications/Xcode-beta.app/Contents/Developer/Toolchains/XcodeDefault.xctoolchain/usr/bin/appintentsmetadataprocessor --toolchain-dir /Applications/Xcode-beta.app/Contents/Developer/Toolchains/XcodeDefault.xctoolchain --module-name NIOPosix --sdk-root /Applications/Xcode-beta.app/Contents/Developer/Platforms/MacOSX.platform/Developer/SDKs/MacOSX26.0.sdk --xcode-version 17A5241e --platform-family macOS --deployment-target 10.13 --bundle-identifier swift-nio.NIOPosix --output /Users/steipete/Library/Developer/Xcode/DerivedData/CodeLooper-crrddjihwjtfkwegrjrymctnfixv/Build/Products/Debug/NIOPosix.appintents --target-triple arm64-apple-macos10.13 --binary-file /Users/steipete/Library/Developer/Xcode/DerivedData/CodeLooper-crrddjihwjtfkwegrjrymctnfixv/Build/Products/Debug/NIOPosix.o --dependency-file /Users/steipete/Library/Developer/Xcode/DerivedData/CodeLooper-crrddjihwjtfkwegrjrymctnfixv/Build/Intermediates.noindex/swift-nio.build/Debug/NIOPosix.build/Objects-normal/arm64/NIOPosix_dependency_info.dat --stringsdata-file /Users/steipete/Library/Developer/Xcode/DerivedData/CodeLooper-crrddjihwjtfkwegrjrymctnfixv/Build/Intermediates.noindex/swift-nio.build/Debug/NIOPosix.build/Objects-normal/arm64/ExtractedAppShortcutsMetadata.stringsdata --source-file-list /Users/steipete/Library/Developer/Xcode/DerivedData/CodeLooper-crrddjihwjtfkwegrjrymctnfixv/Build/Intermediates.noindex/swift-nio.build/Debug/NIOPosix.build/Objects-normal/arm64/NIOPosix.SwiftFileList --metadata-file-list /Users/steipete/Library/Developer/Xcode/DerivedData/CodeLooper-crrddjihwjtfkwegrjrymctnfixv/Build/Intermediates.noindex/swift-nio.build/Debug/NIOPosix.build/NIOPosix.DependencyMetadataFileList --static-metadata-file-list /Users/steipete/Library/Developer/Xcode/DerivedData/CodeLooper-crrddjihwjtfkwegrjrymctnfixv/Build/Intermediates.noindex/swift-nio.build/Debug/NIOPosix.build/NIOPosix.DependencyStaticMetadataFileList --swift-const-vals-list /Users/steipete/Library/Developer/Xcode/DerivedData/CodeLooper-crrddjihwjtfkwegrjrymctnfixv/Build/Intermediates.noindex/swift-nio.build/Debug/NIOPosix.build/Objects-normal/arm64/NIOPosix.SwiftConstValuesFileList --force --compile-time-extraction --deployment-aware-processing --validate-assistant-intents --no-app-shortcuts-localization
2025-06-10 00:10:44.601 appintentsmetadataprocessor[98986:11271252] Starting appintentsmetadataprocessor export
2025-06-10 00:10:44.640 appintentsmetadataprocessor[98986:11271252] Extracted no relevant App Intents symbols, skipping writing output

SwiftCompile normal arm64 Compiling\ Application.swift,\ CodableProtocols.swift,\ JSONCoding.swift,\ ResponseEncodable.swift,\ URLEncodedForm+Request.swift /Users/steipete/Library/Developer/Xcode/DerivedData/CodeLooper-crrddjihwjtfkwegrjrymctnfixv/SourcePackages/checkouts/hummingbird/Sources/Hummingbird/Application.swift /Users/steipete/Library/Developer/Xcode/DerivedData/CodeLooper-crrddjihwjtfkwegrjrymctnfixv/SourcePackages/checkouts/hummingbird/Sources/Hummingbird/Codable/CodableProtocols.swift /Users/steipete/Library/Developer/Xcode/DerivedData/CodeLooper-crrddjihwjtfkwegrjrymctnfixv/SourcePackages/checkouts/hummingbird/Sources/Hummingbird/Codable/JSON/JSONCoding.swift /Users/steipete/Library/Developer/Xcode/DerivedData/CodeLooper-crrddjihwjtfkwegrjrymctnfixv/SourcePackages/checkouts/hummingbird/Sources/Hummingbird/Codable/ResponseEncodable.swift /Users/steipete/Library/Developer/Xcode/DerivedData/CodeLooper-crrddjihwjtfkwegrjrymctnfixv/SourcePackages/checkouts/hummingbird/Sources/Hummingbird/Codable/URLEncodedForm/URLEncodedForm+Request.swift (in target 'Hummingbird' from project 'hummingbird')
SwiftCompile normal arm64 /Users/steipete/Library/Developer/Xcode/DerivedData/CodeLooper-crrddjihwjtfkwegrjrymctnfixv/SourcePackages/checkouts/hummingbird/Sources/Hummingbird/Application.swift (in target 'Hummingbird' from project 'hummingbird')
    cd /Users/steipete/Projects/CodeLooper
    

SwiftCompile normal arm64 /Users/steipete/Library/Developer/Xcode/DerivedData/CodeLooper-crrddjihwjtfkwegrjrymctnfixv/SourcePackages/checkouts/hummingbird/Sources/Hummingbird/Codable/CodableProtocols.swift (in target 'Hummingbird' from project 'hummingbird')
    cd /Users/steipete/Projects/CodeLooper
    

SwiftCompile normal arm64 /Users/steipete/Library/Developer/Xcode/DerivedData/CodeLooper-crrddjihwjtfkwegrjrymctnfixv/SourcePackages/checkouts/hummingbird/Sources/Hummingbird/Codable/JSON/JSONCoding.swift (in target 'Hummingbird' from project 'hummingbird')
    cd /Users/steipete/Projects/CodeLooper
    

SwiftCompile normal arm64 /Users/steipete/Library/Developer/Xcode/DerivedData/CodeLooper-crrddjihwjtfkwegrjrymctnfixv/SourcePackages/checkouts/hummingbird/Sources/Hummingbird/Codable/ResponseEncodable.swift (in target 'Hummingbird' from project 'hummingbird')
    cd /Users/steipete/Projects/CodeLooper
    

SwiftCompile normal arm64 /Users/steipete/Library/Developer/Xcode/DerivedData/CodeLooper-crrddjihwjtfkwegrjrymctnfixv/SourcePackages/checkouts/hummingbird/Sources/Hummingbird/Codable/URLEncodedForm/URLEncodedForm+Request.swift (in target 'Hummingbird' from project 'hummingbird')
    cd /Users/steipete/Projects/CodeLooper
    

SwiftCompile normal arm64 Compiling\ URLEncodedForm.swift,\ URLEncodedFormDecoder.swift,\ URLEncodedFormEncoder.swift,\ URLEncodedFormNode.swift,\ Configuration.swift /Users/steipete/Library/Developer/Xcode/DerivedData/CodeLooper-crrddjihwjtfkwegrjrymctnfixv/SourcePackages/checkouts/hummingbird/Sources/Hummingbird/Codable/URLEncodedForm/URLEncodedForm.swift /Users/steipete/Library/Developer/Xcode/DerivedData/CodeLooper-crrddjihwjtfkwegrjrymctnfixv/SourcePackages/checkouts/hummingbird/Sources/Hummingbird/Codable/URLEncodedForm/URLEncodedFormDecoder.swift /Users/steipete/Library/Developer/Xcode/DerivedData/CodeLooper-crrddjihwjtfkwegrjrymctnfixv/SourcePackages/checkouts/hummingbird/Sources/Hummingbird/Codable/URLEncodedForm/URLEncodedFormEncoder.swift /Users/steipete/Library/Developer/Xcode/DerivedData/CodeLooper-crrddjihwjtfkwegrjrymctnfixv/SourcePackages/checkouts/hummingbird/Sources/Hummingbird/Codable/URLEncodedForm/URLEncodedFormNode.swift /Users/steipete/Library/Developer/Xcode/DerivedData/CodeLooper-crrddjihwjtfkwegrjrymctnfixv/SourcePackages/checkouts/hummingbird/Sources/Hummingbird/Configuration.swift (in target 'Hummingbird' from project 'hummingbird')
SwiftCompile normal arm64 /Users/steipete/Library/Developer/Xcode/DerivedData/CodeLooper-crrddjihwjtfkwegrjrymctnfixv/SourcePackages/checkouts/hummingbird/Sources/Hummingbird/Codable/URLEncodedForm/URLEncodedForm.swift (in target 'Hummingbird' from project 'hummingbird')
    cd /Users/steipete/Projects/CodeLooper
    

SwiftCompile normal arm64 /Users/steipete/Library/Developer/Xcode/DerivedData/CodeLooper-crrddjihwjtfkwegrjrymctnfixv/SourcePackages/checkouts/hummingbird/Sources/Hummingbird/Codable/URLEncodedForm/URLEncodedFormDecoder.swift (in target 'Hummingbird' from project 'hummingbird')
    cd /Users/steipete/Projects/CodeLooper
    

SwiftCompile normal arm64 /Users/steipete/Library/Developer/Xcode/DerivedData/CodeLooper-crrddjihwjtfkwegrjrymctnfixv/SourcePackages/checkouts/hummingbird/Sources/Hummingbird/Codable/URLEncodedForm/URLEncodedFormEncoder.swift (in target 'Hummingbird' from project 'hummingbird')
    cd /Users/steipete/Projects/CodeLooper
    

SwiftCompile normal arm64 /Users/steipete/Library/Developer/Xcode/DerivedData/CodeLooper-crrddjihwjtfkwegrjrymctnfixv/SourcePackages/checkouts/hummingbird/Sources/Hummingbird/Codable/URLEncodedForm/URLEncodedFormNode.swift (in target 'Hummingbird' from project 'hummingbird')
    cd /Users/steipete/Projects/CodeLooper
    

SwiftCompile normal arm64 /Users/steipete/Library/Developer/Xcode/DerivedData/CodeLooper-crrddjihwjtfkwegrjrymctnfixv/SourcePackages/checkouts/hummingbird/Sources/Hummingbird/Configuration.swift (in target 'Hummingbird' from project 'hummingbird')
    cd /Users/steipete/Projects/CodeLooper
    

SwiftCompile normal arm64 Compiling\ Deprecations.swift,\ Environment.swift,\ EditedHTTPError.swift,\ HTTPError.swift,\ HTTPResponseError.swift /Users/steipete/Library/Developer/Xcode/DerivedData/CodeLooper-crrddjihwjtfkwegrjrymctnfixv/SourcePackages/checkouts/hummingbird/Sources/Hummingbird/Deprecations.swift /Users/steipete/Library/Developer/Xcode/DerivedData/CodeLooper-crrddjihwjtfkwegrjrymctnfixv/SourcePackages/checkouts/hummingbird/Sources/Hummingbird/Environment.swift /Users/steipete/Library/Developer/Xcode/DerivedData/CodeLooper-crrddjihwjtfkwegrjrymctnfixv/SourcePackages/checkouts/hummingbird/Sources/Hummingbird/Error/EditedHTTPError.swift /Users/steipete/Library/Developer/Xcode/DerivedData/CodeLooper-crrddjihwjtfkwegrjrymctnfixv/SourcePackages/checkouts/hummingbird/Sources/Hummingbird/Error/HTTPError.swift /Users/steipete/Library/Developer/Xcode/DerivedData/CodeLooper-crrddjihwjtfkwegrjrymctnfixv/SourcePackages/checkouts/hummingbird/Sources/Hummingbird/Error/HTTPResponseError.swift (in target 'Hummingbird' from project 'hummingbird')

SwiftCompile normal arm64 /Users/steipete/Library/Developer/Xcode/DerivedData/CodeLooper-crrddjihwjtfkwegrjrymctnfixv/SourcePackages/checkouts/hummingbird/Sources/Hummingbird/Deprecations.swift (in target 'Hummingbird' from project 'hummingbird')
    cd /Users/steipete/Projects/CodeLooper
    

SwiftCompile normal arm64 /Users/steipete/Library/Developer/Xcode/DerivedData/CodeLooper-crrddjihwjtfkwegrjrymctnfixv/SourcePackages/checkouts/hummingbird/Sources/Hummingbird/Environment.swift (in target 'Hummingbird' from project 'hummingbird')
    cd /Users/steipete/Projects/CodeLooper
    

SwiftCompile normal arm64 /Users/steipete/Library/Developer/Xcode/DerivedData/CodeLooper-crrddjihwjtfkwegrjrymctnfixv/SourcePackages/checkouts/hummingbird/Sources/Hummingbird/Error/EditedHTTPError.swift (in target 'Hummingbird' from project 'hummingbird')
    cd /Users/steipete/Projects/CodeLooper
    

SwiftCompile normal arm64 /Users/steipete/Library/Developer/Xcode/DerivedData/CodeLooper-crrddjihwjtfkwegrjrymctnfixv/SourcePackages/checkouts/hummingbird/Sources/Hummingbird/Error/HTTPError.swift (in target 'Hummingbird' from project 'hummingbird')
    cd /Users/steipete/Projects/CodeLooper
    

SwiftCompile normal arm64 /Users/steipete/Library/Developer/Xcode/DerivedData/CodeLooper-crrddjihwjtfkwegrjrymctnfixv/SourcePackages/checkouts/hummingbird/Sources/Hummingbird/Error/HTTPResponseError.swift (in target 'Hummingbird' from project 'hummingbird')
    cd /Users/steipete/Projects/CodeLooper
    

SwiftCompile normal arm64 Compiling\ Parameters.swift,\ ResponseGenerator.swift,\ RouteCollection.swift,\ Router+validation.swift /Users/steipete/Library/Developer/Xcode/DerivedData/CodeLooper-crrddjihwjtfkwegrjrymctnfixv/SourcePackages/checkouts/hummingbird/Sources/Hummingbird/Router/Parameters.swift /Users/steipete/Library/Developer/Xcode/DerivedData/CodeLooper-crrddjihwjtfkwegrjrymctnfixv/SourcePackages/checkouts/hummingbird/Sources/Hummingbird/Router/ResponseGenerator.swift /Users/steipete/Library/Developer/Xcode/DerivedData/CodeLooper-crrddjihwjtfkwegrjrymctnfixv/SourcePackages/checkouts/hummingbird/Sources/Hummingbird/Router/RouteCollection.swift /Users/steipete/Library/Developer/Xcode/DerivedData/CodeLooper-crrddjihwjtfkwegrjrymctnfixv/SourcePackages/checkouts/hummingbird/Sources/Hummingbird/Router/Router+validation.swift (in target 'Hummingbird' from project 'hummingbird')

SwiftCompile normal arm64 /Users/steipete/Library/Developer/Xcode/DerivedData/CodeLooper-crrddjihwjtfkwegrjrymctnfixv/SourcePackages/checkouts/hummingbird/Sources/Hummingbird/Router/Parameters.swift (in target 'Hummingbird' from project 'hummingbird')
    cd /Users/steipete/Projects/CodeLooper
    

SwiftCompile normal arm64 /Users/steipete/Library/Developer/Xcode/DerivedData/CodeLooper-crrddjihwjtfkwegrjrymctnfixv/SourcePackages/checkouts/hummingbird/Sources/Hummingbird/Router/ResponseGenerator.swift (in target 'Hummingbird' from project 'hummingbird')
    cd /Users/steipete/Projects/CodeLooper
    

SwiftCompile normal arm64 /Users/steipete/Library/Developer/Xcode/DerivedData/CodeLooper-crrddjihwjtfkwegrjrymctnfixv/SourcePackages/checkouts/hummingbird/Sources/Hummingbird/Router/RouteCollection.swift (in target 'Hummingbird' from project 'hummingbird')
    cd /Users/steipete/Projects/CodeLooper
    

SwiftCompile normal arm64 /Users/steipete/Library/Developer/Xcode/DerivedData/CodeLooper-crrddjihwjtfkwegrjrymctnfixv/SourcePackages/checkouts/hummingbird/Sources/Hummingbird/Router/Router+validation.swift (in target 'Hummingbird' from project 'hummingbird')
    cd /Users/steipete/Projects/CodeLooper
    

SwiftCompile normal arm64 Compiling\ _OptionalMiddleware.swift,\ _SpreadMiddleware.swift,\ TracingMiddleware.swift,\ EndpointResponder.swift,\ Parameters+UUID.swift /Users/steipete/Library/Developer/Xcode/DerivedData/CodeLooper-crrddjihwjtfkwegrjrymctnfixv/SourcePackages/checkouts/hummingbird/Sources/Hummingbird/Middleware/MiddlewareModule/_OptionalMiddleware.swift /Users/steipete/Library/Developer/Xcode/DerivedData/CodeLooper-crrddjihwjtfkwegrjrymctnfixv/SourcePackages/checkouts/hummingbird/Sources/Hummingbird/Middleware/MiddlewareModule/_SpreadMiddleware.swift /Users/steipete/Library/Developer/Xcode/DerivedData/CodeLooper-crrddjihwjtfkwegrjrymctnfixv/SourcePackages/checkouts/hummingbird/Sources/Hummingbird/Middleware/TracingMiddleware.swift /Users/steipete/Library/Developer/Xcode/DerivedData/CodeLooper-crrddjihwjtfkwegrjrymctnfixv/SourcePackages/checkouts/hummingbird/Sources/Hummingbird/Router/EndpointResponder.swift /Users/steipete/Library/Developer/Xcode/DerivedData/CodeLooper-crrddjihwjtfkwegrjrymctnfixv/SourcePackages/checkouts/hummingbird/Sources/Hummingbird/Router/Parameters+UUID.swift (in target 'Hummingbird' from project 'hummingbird')

SwiftCompile normal arm64 /Users/steipete/Library/Developer/Xcode/DerivedData/CodeLooper-crrddjihwjtfkwegrjrymctnfixv/SourcePackages/checkouts/hummingbird/Sources/Hummingbird/Middleware/MiddlewareModule/_OptionalMiddleware.swift (in target 'Hummingbird' from project 'hummingbird')
    cd /Users/steipete/Projects/CodeLooper
    

SwiftCompile normal arm64 /Users/steipete/Library/Developer/Xcode/DerivedData/CodeLooper-crrddjihwjtfkwegrjrymctnfixv/SourcePackages/checkouts/hummingbird/Sources/Hummingbird/Middleware/MiddlewareModule/_SpreadMiddleware.swift (in target 'Hummingbird' from project 'hummingbird')
    cd /Users/steipete/Projects/CodeLooper
    

SwiftCompile normal arm64 /Users/steipete/Library/Developer/Xcode/DerivedData/CodeLooper-crrddjihwjtfkwegrjrymctnfixv/SourcePackages/checkouts/hummingbird/Sources/Hummingbird/Middleware/TracingMiddleware.swift (in target 'Hummingbird' from project 'hummingbird')
    cd /Users/steipete/Projects/CodeLooper
    

SwiftCompile normal arm64 /Users/steipete/Library/Developer/Xcode/DerivedData/CodeLooper-crrddjihwjtfkwegrjrymctnfixv/SourcePackages/checkouts/hummingbird/Sources/Hummingbird/Router/EndpointResponder.swift (in target 'Hummingbird' from project 'hummingbird')
    cd /Users/steipete/Projects/CodeLooper
    

SwiftCompile normal arm64 /Users/steipete/Library/Developer/Xcode/DerivedData/CodeLooper-crrddjihwjtfkwegrjrymctnfixv/SourcePackages/checkouts/hummingbird/Sources/Hummingbird/Router/Parameters+UUID.swift (in target 'Hummingbird' from project 'hummingbird')
    cd /Users/steipete/Projects/CodeLooper
    

SwiftCompile normal arm64 Compiling\ Trie+serialize.swift,\ TrieRouter.swift,\ ChildRequestContext.swift,\ Request.swift /Users/steipete/Library/Developer/Xcode/DerivedData/CodeLooper-crrddjihwjtfkwegrjrymctnfixv/SourcePackages/checkouts/hummingbird/Sources/Hummingbird/Router/Trie/Trie+serialize.swift /Users/steipete/Library/Developer/Xcode/DerivedData/CodeLooper-crrddjihwjtfkwegrjrymctnfixv/SourcePackages/checkouts/hummingbird/Sources/Hummingbird/Router/TrieRouter.swift /Users/steipete/Library/Developer/Xcode/DerivedData/CodeLooper-crrddjihwjtfkwegrjrymctnfixv/SourcePackages/checkouts/hummingbird/Sources/Hummingbird/Server/ChildRequestContext.swift /Users/steipete/Library/Developer/Xcode/DerivedData/CodeLooper-crrddjihwjtfkwegrjrymctnfixv/SourcePackages/checkouts/hummingbird/Sources/Hummingbird/Server/Request.swift (in target 'Hummingbird' from project 'hummingbird')

SwiftCompile normal arm64 /Users/steipete/Library/Developer/Xcode/DerivedData/CodeLooper-crrddjihwjtfkwegrjrymctnfixv/SourcePackages/checkouts/hummingbird/Sources/Hummingbird/Router/Trie/Trie+serialize.swift (in target 'Hummingbird' from project 'hummingbird')
    cd /Users/steipete/Projects/CodeLooper
    

SwiftCompile normal arm64 /Users/steipete/Library/Developer/Xcode/DerivedData/CodeLooper-crrddjihwjtfkwegrjrymctnfixv/SourcePackages/checkouts/hummingbird/Sources/Hummingbird/Router/TrieRouter.swift (in target 'Hummingbird' from project 'hummingbird')
    cd /Users/steipete/Projects/CodeLooper
    

SwiftCompile normal arm64 /Users/steipete/Library/Developer/Xcode/DerivedData/CodeLooper-crrddjihwjtfkwegrjrymctnfixv/SourcePackages/checkouts/hummingbird/Sources/Hummingbird/Server/ChildRequestContext.swift (in target 'Hummingbird' from project 'hummingbird')
    cd /Users/steipete/Projects/CodeLooper
    

SwiftCompile normal arm64 /Users/steipete/Library/Developer/Xcode/DerivedData/CodeLooper-crrddjihwjtfkwegrjrymctnfixv/SourcePackages/checkouts/hummingbird/Sources/Hummingbird/Server/Request.swift (in target 'Hummingbird' from project 'hummingbird')
    cd /Users/steipete/Projects/CodeLooper
    

SwiftCompile normal arm64 Compiling\ RouterResponder.swift,\ TransformingRouterGroup.swift,\ RouterTrie.swift,\ Trie+resolve.swift /Users/steipete/Library/Developer/Xcode/DerivedData/CodeLooper-crrddjihwjtfkwegrjrymctnfixv/SourcePackages/checkouts/hummingbird/Sources/Hummingbird/Router/RouterResponder.swift /Users/steipete/Library/Developer/Xcode/DerivedData/CodeLooper-crrddjihwjtfkwegrjrymctnfixv/SourcePackages/checkouts/hummingbird/Sources/Hummingbird/Router/TransformingRouterGroup.swift /Users/steipete/Library/Developer/Xcode/DerivedData/CodeLooper-crrddjihwjtfkwegrjrymctnfixv/SourcePackages/checkouts/hummingbird/Sources/Hummingbird/Router/Trie/RouterTrie.swift /Users/steipete/Library/Developer/Xcode/DerivedData/CodeLooper-crrddjihwjtfkwegrjrymctnfixv/SourcePackages/checkouts/hummingbird/Sources/Hummingbird/Router/Trie/Trie+resolve.swift (in target 'Hummingbird' from project 'hummingbird')

SwiftCompile normal arm64 /Users/steipete/Library/Developer/Xcode/DerivedData/CodeLooper-crrddjihwjtfkwegrjrymctnfixv/SourcePackages/checkouts/hummingbird/Sources/Hummingbird/Router/RouterResponder.swift (in target 'Hummingbird' from project 'hummingbird')
    cd /Users/steipete/Projects/CodeLooper
    

SwiftCompile normal arm64 /Users/steipete/Library/Developer/Xcode/DerivedData/CodeLooper-crrddjihwjtfkwegrjrymctnfixv/SourcePackages/checkouts/hummingbird/Sources/Hummingbird/Router/TransformingRouterGroup.swift (in target 'Hummingbird' from project 'hummingbird')
    cd /Users/steipete/Projects/CodeLooper
    

SwiftCompile normal arm64 /Users/steipete/Library/Developer/Xcode/DerivedData/CodeLooper-crrddjihwjtfkwegrjrymctnfixv/SourcePackages/checkouts/hummingbird/Sources/Hummingbird/Router/Trie/RouterTrie.swift (in target 'Hummingbird' from project 'hummingbird')
    cd /Users/steipete/Projects/CodeLooper
    

SwiftCompile normal arm64 /Users/steipete/Library/Developer/Xcode/DerivedData/CodeLooper-crrddjihwjtfkwegrjrymctnfixv/SourcePackages/checkouts/hummingbird/Sources/Hummingbird/Router/Trie/Trie+resolve.swift (in target 'Hummingbird' from project 'hummingbird')
    cd /Users/steipete/Projects/CodeLooper
    

SwiftCompile normal arm64 Compiling\ RequestContext.swift,\ RequestContextSource.swift,\ RequestID.swift,\ RequestResponder.swift /Users/steipete/Library/Developer/Xcode/DerivedData/CodeLooper-crrddjihwjtfkwegrjrymctnfixv/SourcePackages/checkouts/hummingbird/Sources/Hummingbird/Server/RequestContext.swift /Users/steipete/Library/Developer/Xcode/DerivedData/CodeLooper-crrddjihwjtfkwegrjrymctnfixv/SourcePackages/checkouts/hummingbird/Sources/Hummingbird/Server/RequestContextSource.swift /Users/steipete/Library/Developer/Xcode/DerivedData/CodeLooper-crrddjihwjtfkwegrjrymctnfixv/SourcePackages/checkouts/hummingbird/Sources/Hummingbird/Server/RequestID.swift /Users/steipete/Library/Developer/Xcode/DerivedData/CodeLooper-crrddjihwjtfkwegrjrymctnfixv/SourcePackages/checkouts/hummingbird/Sources/Hummingbird/Server/RequestResponder.swift (in target 'Hummingbird' from project 'hummingbird')

SwiftCompile normal arm64 /Users/steipete/Library/Developer/Xcode/DerivedData/CodeLooper-crrddjihwjtfkwegrjrymctnfixv/SourcePackages/checkouts/hummingbird/Sources/Hummingbird/Server/RequestContext.swift (in target 'Hummingbird' from project 'hummingbird')
    cd /Users/steipete/Projects/CodeLooper
    

SwiftCompile normal arm64 /Users/steipete/Library/Developer/Xcode/DerivedData/CodeLooper-crrddjihwjtfkwegrjrymctnfixv/SourcePackages/checkouts/hummingbird/Sources/Hummingbird/Server/RequestContextSource.swift (in target 'Hummingbird' from project 'hummingbird')
    cd /Users/steipete/Projects/CodeLooper
    

SwiftCompile normal arm64 /Users/steipete/Library/Developer/Xcode/DerivedData/CodeLooper-crrddjihwjtfkwegrjrymctnfixv/SourcePackages/checkouts/hummingbird/Sources/Hummingbird/Server/RequestID.swift (in target 'Hummingbird' from project 'hummingbird')
    cd /Users/steipete/Projects/CodeLooper
    

SwiftCompile normal arm64 /Users/steipete/Library/Developer/Xcode/DerivedData/CodeLooper-crrddjihwjtfkwegrjrymctnfixv/SourcePackages/checkouts/hummingbird/Sources/Hummingbird/Server/RequestResponder.swift (in target 'Hummingbird' from project 'hummingbird')
    cd /Users/steipete/Projects/CodeLooper
    

SwiftEmitModule normal arm64 Emitting\ module\ for\ Hummingbird (in target 'Hummingbird' from project 'hummingbird')

EmitSwiftModule normal arm64 (in target 'Hummingbird' from project 'hummingbird')
    cd /Users/steipete/Projects/CodeLooper
    

SwiftCompile normal arm64 Compiling\ Response.swift,\ URI+decodeQuery.swift,\ MemoryPersistDriver.swift,\ PersistDriver.swift /Users/steipete/Library/Developer/Xcode/DerivedData/CodeLooper-crrddjihwjtfkwegrjrymctnfixv/SourcePackages/checkouts/hummingbird/Sources/Hummingbird/Server/Response.swift /Users/steipete/Library/Developer/Xcode/DerivedData/CodeLooper-crrddjihwjtfkwegrjrymctnfixv/SourcePackages/checkouts/hummingbird/Sources/Hummingbird/Server/URI+decodeQuery.swift /Users/steipete/Library/Developer/Xcode/DerivedData/CodeLooper-crrddjihwjtfkwegrjrymctnfixv/SourcePackages/checkouts/hummingbird/Sources/Hummingbird/Storage/MemoryPersistDriver.swift /Users/steipete/Library/Developer/Xcode/DerivedData/CodeLooper-crrddjihwjtfkwegrjrymctnfixv/SourcePackages/checkouts/hummingbird/Sources/Hummingbird/Storage/PersistDriver.swift (in target 'Hummingbird' from project 'hummingbird')

SwiftCompile normal arm64 /Users/steipete/Library/Developer/Xcode/DerivedData/CodeLooper-crrddjihwjtfkwegrjrymctnfixv/SourcePackages/checkouts/hummingbird/Sources/Hummingbird/Server/Response.swift (in target 'Hummingbird' from project 'hummingbird')
    cd /Users/steipete/Projects/CodeLooper
    

SwiftCompile normal arm64 /Users/steipete/Library/Developer/Xcode/DerivedData/CodeLooper-crrddjihwjtfkwegrjrymctnfixv/SourcePackages/checkouts/hummingbird/Sources/Hummingbird/Server/URI+decodeQuery.swift (in target 'Hummingbird' from project 'hummingbird')
    cd /Users/steipete/Projects/CodeLooper
    

SwiftCompile normal arm64 /Users/steipete/Library/Developer/Xcode/DerivedData/CodeLooper-crrddjihwjtfkwegrjrymctnfixv/SourcePackages/checkouts/hummingbird/Sources/Hummingbird/Storage/MemoryPersistDriver.swift (in target 'Hummingbird' from project 'hummingbird')
    cd /Users/steipete/Projects/CodeLooper
    

SwiftCompile normal arm64 /Users/steipete/Library/Developer/Xcode/DerivedData/CodeLooper-crrddjihwjtfkwegrjrymctnfixv/SourcePackages/checkouts/hummingbird/Sources/Hummingbird/Storage/PersistDriver.swift (in target 'Hummingbird' from project 'hummingbird')
    cd /Users/steipete/Projects/CodeLooper
    

SwiftCompile normal arm64 Compiling\ LocalFileSystem.swift,\ Cookie.swift,\ Cookies.swift,\ MediaType+FileExtension.swift,\ MediaType.swift /Users/steipete/Library/Developer/Xcode/DerivedData/CodeLooper-crrddjihwjtfkwegrjrymctnfixv/SourcePackages/checkouts/hummingbird/Sources/Hummingbird/Files/LocalFileSystem.swift /Users/steipete/Library/Developer/Xcode/DerivedData/CodeLooper-crrddjihwjtfkwegrjrymctnfixv/SourcePackages/checkouts/hummingbird/Sources/Hummingbird/HTTP/Cookie.swift /Users/steipete/Library/Developer/Xcode/DerivedData/CodeLooper-crrddjihwjtfkwegrjrymctnfixv/SourcePackages/checkouts/hummingbird/Sources/Hummingbird/HTTP/Cookies.swift /Users/steipete/Library/Developer/Xcode/DerivedData/CodeLooper-crrddjihwjtfkwegrjrymctnfixv/SourcePackages/checkouts/hummingbird/Sources/Hummingbird/HTTP/MediaType+FileExtension.swift /Users/steipete/Library/Developer/Xcode/DerivedData/CodeLooper-crrddjihwjtfkwegrjrymctnfixv/SourcePackages/checkouts/hummingbird/Sources/Hummingbird/HTTP/MediaType.swift (in target 'Hummingbird' from project 'hummingbird')

SwiftCompile normal arm64 /Users/steipete/Library/Developer/Xcode/DerivedData/CodeLooper-crrddjihwjtfkwegrjrymctnfixv/SourcePackages/checkouts/hummingbird/Sources/Hummingbird/Files/LocalFileSystem.swift (in target 'Hummingbird' from project 'hummingbird')
    cd /Users/steipete/Projects/CodeLooper
    

SwiftCompile normal arm64 /Users/steipete/Library/Developer/Xcode/DerivedData/CodeLooper-crrddjihwjtfkwegrjrymctnfixv/SourcePackages/checkouts/hummingbird/Sources/Hummingbird/HTTP/Cookie.swift (in target 'Hummingbird' from project 'hummingbird')
    cd /Users/steipete/Projects/CodeLooper
    

SwiftCompile normal arm64 /Users/steipete/Library/Developer/Xcode/DerivedData/CodeLooper-crrddjihwjtfkwegrjrymctnfixv/SourcePackages/checkouts/hummingbird/Sources/Hummingbird/HTTP/Cookies.swift (in target 'Hummingbird' from project 'hummingbird')
    cd /Users/steipete/Projects/CodeLooper
    

SwiftCompile normal arm64 /Users/steipete/Library/Developer/Xcode/DerivedData/CodeLooper-crrddjihwjtfkwegrjrymctnfixv/SourcePackages/checkouts/hummingbird/Sources/Hummingbird/HTTP/MediaType+FileExtension.swift (in target 'Hummingbird' from project 'hummingbird')
    cd /Users/steipete/Projects/CodeLooper
    

SwiftCompile normal arm64 /Users/steipete/Library/Developer/Xcode/DerivedData/CodeLooper-crrddjihwjtfkwegrjrymctnfixv/SourcePackages/checkouts/hummingbird/Sources/Hummingbird/HTTP/MediaType.swift (in target 'Hummingbird' from project 'hummingbird')
    cd /Users/steipete/Projects/CodeLooper
    

SwiftCompile normal arm64 Compiling\ MetricsMiddleware.swift,\ Middleware.swift,\ MiddlewareGroup.swift,\ MiddlewareFixedTypeBuilder.swift,\ _Middleware2.swift /Users/steipete/Library/Developer/Xcode/DerivedData/CodeLooper-crrddjihwjtfkwegrjrymctnfixv/SourcePackages/checkouts/hummingbird/Sources/Hummingbird/Middleware/MetricsMiddleware.swift /Users/steipete/Library/Developer/Xcode/DerivedData/CodeLooper-crrddjihwjtfkwegrjrymctnfixv/SourcePackages/checkouts/hummingbird/Sources/Hummingbird/Middleware/Middleware.swift /Users/steipete/Library/Developer/Xcode/DerivedData/CodeLooper-crrddjihwjtfkwegrjrymctnfixv/SourcePackages/checkouts/hummingbird/Sources/Hummingbird/Middleware/MiddlewareGroup.swift /Users/steipete/Library/Developer/Xcode/DerivedData/CodeLooper-crrddjihwjtfkwegrjrymctnfixv/SourcePackages/checkouts/hummingbird/Sources/Hummingbird/Middleware/MiddlewareModule/MiddlewareFixedTypeBuilder.swift /Users/steipete/Library/Developer/Xcode/DerivedData/CodeLooper-crrddjihwjtfkwegrjrymctnfixv/SourcePackages/checkouts/hummingbird/Sources/Hummingbird/Middleware/MiddlewareModule/_Middleware2.swift (in target 'Hummingbird' from project 'hummingbird')

SwiftCompile normal arm64 /Users/steipete/Library/Developer/Xcode/DerivedData/CodeLooper-crrddjihwjtfkwegrjrymctnfixv/SourcePackages/checkouts/hummingbird/Sources/Hummingbird/Middleware/MetricsMiddleware.swift (in target 'Hummingbird' from project 'hummingbird')
    cd /Users/steipete/Projects/CodeLooper
    

SwiftCompile normal arm64 /Users/steipete/Library/Developer/Xcode/DerivedData/CodeLooper-crrddjihwjtfkwegrjrymctnfixv/SourcePackages/checkouts/hummingbird/Sources/Hummingbird/Middleware/Middleware.swift (in target 'Hummingbird' from project 'hummingbird')
    cd /Users/steipete/Projects/CodeLooper
    

SwiftCompile normal arm64 /Users/steipete/Library/Developer/Xcode/DerivedData/CodeLooper-crrddjihwjtfkwegrjrymctnfixv/SourcePackages/checkouts/hummingbird/Sources/Hummingbird/Middleware/MiddlewareGroup.swift (in target 'Hummingbird' from project 'hummingbird')
    cd /Users/steipete/Projects/CodeLooper
    

SwiftCompile normal arm64 /Users/steipete/Library/Developer/Xcode/DerivedData/CodeLooper-crrddjihwjtfkwegrjrymctnfixv/SourcePackages/checkouts/hummingbird/Sources/Hummingbird/Middleware/MiddlewareModule/MiddlewareFixedTypeBuilder.swift (in target 'Hummingbird' from project 'hummingbird')
    cd /Users/steipete/Projects/CodeLooper
    

SwiftCompile normal arm64 /Users/steipete/Library/Developer/Xcode/DerivedData/CodeLooper-crrddjihwjtfkwegrjrymctnfixv/SourcePackages/checkouts/hummingbird/Sources/Hummingbird/Middleware/MiddlewareModule/_Middleware2.swift (in target 'Hummingbird' from project 'hummingbird')
    cd /Users/steipete/Projects/CodeLooper
    

SwiftCompile normal arm64 Compiling\ PersistError.swift,\ ByteBuffer+foundation.swift,\ DateCache.swift,\ HTTPHeaderDateFormatStyle.swift /Users/steipete/Library/Developer/Xcode/DerivedData/CodeLooper-crrddjihwjtfkwegrjrymctnfixv/SourcePackages/checkouts/hummingbird/Sources/Hummingbird/Storage/PersistError.swift /Users/steipete/Library/Developer/Xcode/DerivedData/CodeLooper-crrddjihwjtfkwegrjrymctnfixv/SourcePackages/checkouts/hummingbird/Sources/Hummingbird/Utils/ByteBuffer+foundation.swift /Users/steipete/Library/Developer/Xcode/DerivedData/CodeLooper-crrddjihwjtfkwegrjrymctnfixv/SourcePackages/checkouts/hummingbird/Sources/Hummingbird/Utils/DateCache.swift /Users/steipete/Library/Developer/Xcode/DerivedData/CodeLooper-crrddjihwjtfkwegrjrymctnfixv/SourcePackages/checkouts/hummingbird/Sources/Hummingbird/Utils/HTTPHeaderDateFormatStyle.swift (in target 'Hummingbird' from project 'hummingbird')

SwiftCompile normal arm64 /Users/steipete/Library/Developer/Xcode/DerivedData/CodeLooper-crrddjihwjtfkwegrjrymctnfixv/SourcePackages/checkouts/hummingbird/Sources/Hummingbird/Storage/PersistError.swift (in target 'Hummingbird' from project 'hummingbird')
    cd /Users/steipete/Projects/CodeLooper
    

SwiftCompile normal arm64 /Users/steipete/Library/Developer/Xcode/DerivedData/CodeLooper-crrddjihwjtfkwegrjrymctnfixv/SourcePackages/checkouts/hummingbird/Sources/Hummingbird/Utils/ByteBuffer+foundation.swift (in target 'Hummingbird' from project 'hummingbird')
    cd /Users/steipete/Projects/CodeLooper
    

SwiftCompile normal arm64 /Users/steipete/Library/Developer/Xcode/DerivedData/CodeLooper-crrddjihwjtfkwegrjrymctnfixv/SourcePackages/checkouts/hummingbird/Sources/Hummingbird/Utils/DateCache.swift (in target 'Hummingbird' from project 'hummingbird')
    cd /Users/steipete/Projects/CodeLooper
    

SwiftCompile normal arm64 /Users/steipete/Library/Developer/Xcode/DerivedData/CodeLooper-crrddjihwjtfkwegrjrymctnfixv/SourcePackages/checkouts/hummingbird/Sources/Hummingbird/Utils/HTTPHeaderDateFormatStyle.swift (in target 'Hummingbird' from project 'hummingbird')
    cd /Users/steipete/Projects/CodeLooper
    

SwiftCompile normal arm64 Compiling\ HexDigest.swift,\ InitializableFromSource.swift,\ PreludeService.swift,\ StringProtocol.swift /Users/steipete/Library/Developer/Xcode/DerivedData/CodeLooper-crrddjihwjtfkwegrjrymctnfixv/SourcePackages/checkouts/hummingbird/Sources/Hummingbird/Utils/HexDigest.swift /Users/steipete/Library/Developer/Xcode/DerivedData/CodeLooper-crrddjihwjtfkwegrjrymctnfixv/SourcePackages/checkouts/hummingbird/Sources/Hummingbird/Utils/InitializableFromSource.swift /Users/steipete/Library/Developer/Xcode/DerivedData/CodeLooper-crrddjihwjtfkwegrjrymctnfixv/SourcePackages/checkouts/hummingbird/Sources/Hummingbird/Utils/PreludeService.swift /Users/steipete/Library/Developer/Xcode/DerivedData/CodeLooper-crrddjihwjtfkwegrjrymctnfixv/SourcePackages/checkouts/hummingbird/Sources/Hummingbird/Utils/StringProtocol.swift (in target 'Hummingbird' from project 'hummingbird')

SwiftCompile normal arm64 /Users/steipete/Library/Developer/Xcode/DerivedData/CodeLooper-crrddjihwjtfkwegrjrymctnfixv/SourcePackages/checkouts/hummingbird/Sources/Hummingbird/Utils/HexDigest.swift (in target 'Hummingbird' from project 'hummingbird')
    cd /Users/steipete/Projects/CodeLooper
    

SwiftCompile normal arm64 /Users/steipete/Library/Developer/Xcode/DerivedData/CodeLooper-crrddjihwjtfkwegrjrymctnfixv/SourcePackages/checkouts/hummingbird/Sources/Hummingbird/Utils/InitializableFromSource.swift (in target 'Hummingbird' from project 'hummingbird')
    cd /Users/steipete/Projects/CodeLooper
    

SwiftCompile normal arm64 /Users/steipete/Library/Developer/Xcode/DerivedData/CodeLooper-crrddjihwjtfkwegrjrymctnfixv/SourcePackages/checkouts/hummingbird/Sources/Hummingbird/Utils/PreludeService.swift (in target 'Hummingbird' from project 'hummingbird')
    cd /Users/steipete/Projects/CodeLooper
    

SwiftCompile normal arm64 /Users/steipete/Library/Developer/Xcode/DerivedData/CodeLooper-crrddjihwjtfkwegrjrymctnfixv/SourcePackages/checkouts/hummingbird/Sources/Hummingbird/Utils/StringProtocol.swift (in target 'Hummingbird' from project 'hummingbird')
    cd /Users/steipete/Projects/CodeLooper
    

SwiftCompile normal arm64 Compiling\ NIOCore+HTTPResponseError.swift,\ Exports.swift,\ CacheControl.swift,\ FileIO.swift,\ FileProvider.swift /Users/steipete/Library/Developer/Xcode/DerivedData/CodeLooper-crrddjihwjtfkwegrjrymctnfixv/SourcePackages/checkouts/hummingbird/Sources/Hummingbird/Error/NIOCore+HTTPResponseError.swift /Users/steipete/Library/Developer/Xcode/DerivedData/CodeLooper-crrddjihwjtfkwegrjrymctnfixv/SourcePackages/checkouts/hummingbird/Sources/Hummingbird/Exports.swift /Users/steipete/Library/Developer/Xcode/DerivedData/CodeLooper-crrddjihwjtfkwegrjrymctnfixv/SourcePackages/checkouts/hummingbird/Sources/Hummingbird/Files/CacheControl.swift /Users/steipete/Library/Developer/Xcode/DerivedData/CodeLooper-crrddjihwjtfkwegrjrymctnfixv/SourcePackages/checkouts/hummingbird/Sources/Hummingbird/Files/FileIO.swift /Users/steipete/Library/Developer/Xcode/DerivedData/CodeLooper-crrddjihwjtfkwegrjrymctnfixv/SourcePackages/checkouts/hummingbird/Sources/Hummingbird/Files/FileProvider.swift (in target 'Hummingbird' from project 'hummingbird')

SwiftCompile normal arm64 /Users/steipete/Library/Developer/Xcode/DerivedData/CodeLooper-crrddjihwjtfkwegrjrymctnfixv/SourcePackages/checkouts/hummingbird/Sources/Hummingbird/Error/NIOCore+HTTPResponseError.swift (in target 'Hummingbird' from project 'hummingbird')
    cd /Users/steipete/Projects/CodeLooper
    

SwiftCompile normal arm64 /Users/steipete/Library/Developer/Xcode/DerivedData/CodeLooper-crrddjihwjtfkwegrjrymctnfixv/SourcePackages/checkouts/hummingbird/Sources/Hummingbird/Exports.swift (in target 'Hummingbird' from project 'hummingbird')
    cd /Users/steipete/Projects/CodeLooper
    

SwiftCompile normal arm64 /Users/steipete/Library/Developer/Xcode/DerivedData/CodeLooper-crrddjihwjtfkwegrjrymctnfixv/SourcePackages/checkouts/hummingbird/Sources/Hummingbird/Files/CacheControl.swift (in target 'Hummingbird' from project 'hummingbird')
    cd /Users/steipete/Projects/CodeLooper
    

SwiftCompile normal arm64 /Users/steipete/Library/Developer/Xcode/DerivedData/CodeLooper-crrddjihwjtfkwegrjrymctnfixv/SourcePackages/checkouts/hummingbird/Sources/Hummingbird/Files/FileIO.swift (in target 'Hummingbird' from project 'hummingbird')
    cd /Users/steipete/Projects/CodeLooper
    

SwiftCompile normal arm64 /Users/steipete/Library/Developer/Xcode/DerivedData/CodeLooper-crrddjihwjtfkwegrjrymctnfixv/SourcePackages/checkouts/hummingbird/Sources/Hummingbird/Files/FileProvider.swift (in target 'Hummingbird' from project 'hummingbird')
    cd /Users/steipete/Projects/CodeLooper
    

SwiftCompile normal arm64 Compiling\ Router.swift,\ RouterGroup.swift,\ RouterMethods.swift,\ RouterPath.swift /Users/steipete/Library/Developer/Xcode/DerivedData/CodeLooper-crrddjihwjtfkwegrjrymctnfixv/SourcePackages/checkouts/hummingbird/Sources/Hummingbird/Router/Router.swift /Users/steipete/Library/Developer/Xcode/DerivedData/CodeLooper-crrddjihwjtfkwegrjrymctnfixv/SourcePackages/checkouts/hummingbird/Sources/Hummingbird/Router/RouterGroup.swift /Users/steipete/Library/Developer/Xcode/DerivedData/CodeLooper-crrddjihwjtfkwegrjrymctnfixv/SourcePackages/checkouts/hummingbird/Sources/Hummingbird/Router/RouterMethods.swift /Users/steipete/Library/Developer/Xcode/DerivedData/CodeLooper-crrddjihwjtfkwegrjrymctnfixv/SourcePackages/checkouts/hummingbird/Sources/Hummingbird/Router/RouterPath.swift (in target 'Hummingbird' from project 'hummingbird')

SwiftCompile normal arm64 /Users/steipete/Library/Developer/Xcode/DerivedData/CodeLooper-crrddjihwjtfkwegrjrymctnfixv/SourcePackages/checkouts/hummingbird/Sources/Hummingbird/Router/Router.swift (in target 'Hummingbird' from project 'hummingbird')
    cd /Users/steipete/Projects/CodeLooper
    

SwiftCompile normal arm64 /Users/steipete/Library/Developer/Xcode/DerivedData/CodeLooper-crrddjihwjtfkwegrjrymctnfixv/SourcePackages/checkouts/hummingbird/Sources/Hummingbird/Router/RouterGroup.swift (in target 'Hummingbird' from project 'hummingbird')
    cd /Users/steipete/Projects/CodeLooper
    

SwiftCompile normal arm64 /Users/steipete/Library/Developer/Xcode/DerivedData/CodeLooper-crrddjihwjtfkwegrjrymctnfixv/SourcePackages/checkouts/hummingbird/Sources/Hummingbird/Router/RouterMethods.swift (in target 'Hummingbird' from project 'hummingbird')
    cd /Users/steipete/Projects/CodeLooper
    

SwiftCompile normal arm64 /Users/steipete/Library/Developer/Xcode/DerivedData/CodeLooper-crrddjihwjtfkwegrjrymctnfixv/SourcePackages/checkouts/hummingbird/Sources/Hummingbird/Router/RouterPath.swift (in target 'Hummingbird' from project 'hummingbird')
    cd /Users/steipete/Projects/CodeLooper
    

SwiftDriverJobDiscovery normal arm64 Compiling HexDigest.swift, InitializableFromSource.swift, PreludeService.swift, StringProtocol.swift (in target 'Hummingbird' from project 'hummingbird')

SwiftCompile normal arm64 Compiling\ Request+Cookies.swift,\ Response+Cookies.swift,\ CORSMiddleware.swift,\ FileMiddleware.swift,\ LogRequestMiddleware.swift /Users/steipete/Library/Developer/Xcode/DerivedData/CodeLooper-crrddjihwjtfkwegrjrymctnfixv/SourcePackages/checkouts/hummingbird/Sources/Hummingbird/HTTP/Request+Cookies.swift /Users/steipete/Library/Developer/Xcode/DerivedData/CodeLooper-crrddjihwjtfkwegrjrymctnfixv/SourcePackages/checkouts/hummingbird/Sources/Hummingbird/HTTP/Response+Cookies.swift /Users/steipete/Library/Developer/Xcode/DerivedData/CodeLooper-crrddjihwjtfkwegrjrymctnfixv/SourcePackages/checkouts/hummingbird/Sources/Hummingbird/Middleware/CORSMiddleware.swift /Users/steipete/Library/Developer/Xcode/DerivedData/CodeLooper-crrddjihwjtfkwegrjrymctnfixv/SourcePackages/checkouts/hummingbird/Sources/Hummingbird/Middleware/FileMiddleware.swift /Users/steipete/Library/Developer/Xcode/DerivedData/CodeLooper-crrddjihwjtfkwegrjrymctnfixv/SourcePackages/checkouts/hummingbird/Sources/Hummingbird/Middleware/LogRequestMiddleware.swift (in target 'Hummingbird' from project 'hummingbird')
SwiftCompile normal arm64 /Users/steipete/Library/Developer/Xcode/DerivedData/CodeLooper-crrddjihwjtfkwegrjrymctnfixv/SourcePackages/checkouts/hummingbird/Sources/Hummingbird/HTTP/Request+Cookies.swift (in target 'Hummingbird' from project 'hummingbird')
    cd /Users/steipete/Projects/CodeLooper
    

SwiftCompile normal arm64 /Users/steipete/Library/Developer/Xcode/DerivedData/CodeLooper-crrddjihwjtfkwegrjrymctnfixv/SourcePackages/checkouts/hummingbird/Sources/Hummingbird/HTTP/Response+Cookies.swift (in target 'Hummingbird' from project 'hummingbird')
    cd /Users/steipete/Projects/CodeLooper
    

SwiftCompile normal arm64 /Users/steipete/Library/Developer/Xcode/DerivedData/CodeLooper-crrddjihwjtfkwegrjrymctnfixv/SourcePackages/checkouts/hummingbird/Sources/Hummingbird/Middleware/CORSMiddleware.swift (in target 'Hummingbird' from project 'hummingbird')
    cd /Users/steipete/Projects/CodeLooper
    

SwiftCompile normal arm64 /Users/steipete/Library/Developer/Xcode/DerivedData/CodeLooper-crrddjihwjtfkwegrjrymctnfixv/SourcePackages/checkouts/hummingbird/Sources/Hummingbird/Middleware/FileMiddleware.swift (in target 'Hummingbird' from project 'hummingbird')
    cd /Users/steipete/Projects/CodeLooper
    

SwiftCompile normal arm64 /Users/steipete/Library/Developer/Xcode/DerivedData/CodeLooper-crrddjihwjtfkwegrjrymctnfixv/SourcePackages/checkouts/hummingbird/Sources/Hummingbird/Middleware/LogRequestMiddleware.swift (in target 'Hummingbird' from project 'hummingbird')
    cd /Users/steipete/Projects/CodeLooper
    

SwiftDriverJobDiscovery normal arm64 Compiling MetricsMiddleware.swift, Middleware.swift, MiddlewareGroup.swift, MiddlewareFixedTypeBuilder.swift, _Middleware2.swift (in target 'Hummingbird' from project 'hummingbird')

SwiftDriverJobDiscovery normal arm64 Compiling RequestContext.swift, RequestContextSource.swift, RequestID.swift, RequestResponder.swift (in target 'Hummingbird' from project 'hummingbird')

SwiftDriverJobDiscovery normal arm64 Compiling Response.swift, URI+decodeQuery.swift, MemoryPersistDriver.swift, PersistDriver.swift (in target 'Hummingbird' from project 'hummingbird')

SwiftDriverJobDiscovery normal arm64 Compiling OutputItem.swift, ResponseStreamEvent.swift, Components.swift, ParsingOptions.swift, Utilities.swift, ResponsesEndpoint+Async.swift, ResponsesEndpoint+Combine.swift, ResponsesEndpoint.swift (in target 'OpenAI' from project 'OpenAI')

SwiftDriverJobDiscovery normal arm64 Compiling Deprecations.swift, Environment.swift, EditedHTTPError.swift, HTTPError.swift, HTTPResponseError.swift (in target 'Hummingbird' from project 'hummingbird')

SwiftDriver\ Compilation OpenAI normal arm64 com.apple.xcode.tools.swift.compiler (in target 'OpenAI' from project 'OpenAI')
    cd /Users/steipete/Projects/CodeLooper
    builtin-Swift-Compilation -- /Applications/Xcode-beta.app/Contents/Developer/Toolchains/XcodeDefault.xctoolchain/usr/bin/swiftc -module-name OpenAI -Onone -enforce-exclusivity\=checked @/Users/steipete/Library/Developer/Xcode/DerivedData/CodeLooper-crrddjihwjtfkwegrjrymctnfixv/Build/Intermediates.noindex/OpenAI.build/Debug/OpenAI.build/Objects-normal/arm64/OpenAI.SwiftFileList -DSWIFT_PACKAGE -DDEBUG -DSWIFT_MODULE_RESOURCE_BUNDLE_UNAVAILABLE -DXcode -plugin-path /Applications/Xcode-beta.app/Contents/Developer/Toolchains/XcodeDefault.xctoolchain/usr/lib/swift/host/plugins/testing -enable-experimental-feature DebugDescriptionMacro -sdk /Applications/Xcode-beta.app/Contents/Developer/Platforms/MacOSX.platform/Developer/SDKs/MacOSX26.0.sdk -target arm64-apple-macos10.15 -g -module-cache-path /Users/steipete/Library/Developer/Xcode/DerivedData/ModuleCache.noindex -Xfrontend -serialize-debugging-options -profile-coverage-mapping -profile-generate -enable-testing -suppress-warnings -index-store-path /Users/steipete/Library/Developer/Xcode/DerivedData/CodeLooper-crrddjihwjtfkwegrjrymctnfixv/Index.noindex/DataStore -swift-version 5 -I /Users/steipete/Library/Developer/Xcode/DerivedData/CodeLooper-crrddjihwjtfkwegrjrymctnfixv/Build/Products/Debug -I /Applications/Xcode-beta.app/Contents/Developer/Platforms/MacOSX.platform/Developer/usr/lib -F /Users/steipete/Library/Developer/Xcode/DerivedData/CodeLooper-crrddjihwjtfkwegrjrymctnfixv/Build/Products/Debug/PackageFrameworks -F /Users/steipete/Library/Developer/Xcode/DerivedData/CodeLooper-crrddjihwjtfkwegrjrymctnfixv/Build/Products/Debug/PackageFrameworks -F /Users/steipete/Library/Developer/Xcode/DerivedData/CodeLooper-crrddjihwjtfkwegrjrymctnfixv/Build/Products/Debug -F /Applications/Xcode-beta.app/Contents/Developer/Platforms/MacOSX.platform/Developer/Library/Frameworks -c -j16 -enable-batch-mode -incremental -Xcc -ivfsstatcache -Xcc /Users/steipete/Library/Developer/Xcode/DerivedData/SDKStatCaches.noindex/macosx26.0-25A5279m-5d9328ff1a6613a11d359de947506b52.sdkstatcache -output-file-map /Users/steipete/Library/Developer/Xcode/DerivedData/CodeLooper-crrddjihwjtfkwegrjrymctnfixv/Build/Intermediates.noindex/OpenAI.build/Debug/OpenAI.build/Objects-normal/arm64/OpenAI-OutputFileMap.json -use-frontend-parseable-output -save-temps -no-color-diagnostics -explicit-module-build -module-cache-path /Users/steipete/Library/Developer/Xcode/DerivedData/CodeLooper-crrddjihwjtfkwegrjrymctnfixv/Build/Intermediates.noindex/SwiftExplicitPrecompiledModules -clang-scanner-module-cache-path /Users/steipete/Library/Developer/Xcode/DerivedData/ModuleCache.noindex -sdk-module-cache-path /Users/steipete/Library/Developer/Xcode/DerivedData/ModuleCache.noindex -serialize-diagnostics -emit-dependencies -emit-module -emit-module-path /Users/steipete/Library/Developer/Xcode/DerivedData/CodeLooper-crrddjihwjtfkwegrjrymctnfixv/Build/Intermediates.noindex/OpenAI.build/Debug/OpenAI.build/Objects-normal/arm64/OpenAI.swiftmodule -validate-clang-modules-once -clang-build-session-file /Users/steipete/Library/Developer/Xcode/DerivedData/ModuleCache.noindex/Session.modulevalidation -package-name openai -Xcc -I/Users/steipete/Library/Developer/Xcode/DerivedData/CodeLooper-crrddjihwjtfkwegrjrymctnfixv/Build/Intermediates.noindex/OpenAI.build/Debug/OpenAI.build/swift-overrides.hmap -emit-const-values -Xfrontend -const-gather-protocols-file -Xfrontend /Users/steipete/Library/Developer/Xcode/DerivedData/CodeLooper-crrddjihwjtfkwegrjrymctnfixv/Build/Intermediates.noindex/OpenAI.build/Debug/OpenAI.build/Objects-normal/arm64/OpenAI_const_extract_protocols.json -Xcc -I/Users/steipete/Library/Developer/Xcode/DerivedData/CodeLooper-crrddjihwjtfkwegrjrymctnfixv/Build/Products/Debug/include -Xcc -I/Users/steipete/Library/Developer/Xcode/DerivedData/CodeLooper-crrddjihwjtfkwegrjrymctnfixv/Build/Intermediates.noindex/OpenAI.build/Debug/OpenAI.build/DerivedSources-normal/arm64 -Xcc -I/Users/steipete/Library/Developer/Xcode/DerivedData/CodeLooper-crrddjihwjtfkwegrjrymctnfixv/Build/Intermediates.noindex/OpenAI.build/Debug/OpenAI.build/DerivedSources/arm64 -Xcc -I/Users/steipete/Library/Developer/Xcode/DerivedData/CodeLooper-crrddjihwjtfkwegrjrymctnfixv/Build/Intermediates.noindex/OpenAI.build/Debug/OpenAI.build/DerivedSources -Xcc -DSWIFT_PACKAGE -Xcc -DDEBUG\=1 -emit-objc-header -emit-objc-header-path /Users/steipete/Library/Developer/Xcode/DerivedData/CodeLooper-crrddjihwjtfkwegrjrymctnfixv/Build/Intermediates.noindex/OpenAI.build/Debug/OpenAI.build/Objects-normal/arm64/OpenAI-Swift.h -working-directory /Users/steipete/Projects/CodeLooper -experimental-emit-module-separately -disable-cmo

RegisterExecutionPolicyException /Users/steipete/Library/Developer/Xcode/DerivedData/CodeLooper-crrddjihwjtfkwegrjrymctnfixv/Build/Products/Debug/NIOPosix.o (in target 'NIOPosix' from project 'swift-nio')
    cd /Users/steipete/Library/Developer/Xcode/DerivedData/CodeLooper-crrddjihwjtfkwegrjrymctnfixv/SourcePackages/checkouts/swift-nio
    builtin-RegisterExecutionPolicyException /Users/steipete/Library/Developer/Xcode/DerivedData/CodeLooper-crrddjihwjtfkwegrjrymctnfixv/Build/Products/Debug/NIOPosix.o

Ld /Users/steipete/Library/Developer/Xcode/DerivedData/CodeLooper-crrddjihwjtfkwegrjrymctnfixv/Build/Products/Debug/OpenAI.o normal (in target 'OpenAI' from project 'OpenAI')
    cd /Users/steipete/Library/Developer/Xcode/DerivedData/CodeLooper-crrddjihwjtfkwegrjrymctnfixv/SourcePackages/checkouts/OpenAI
    /Applications/Xcode-beta.app/Contents/Developer/Toolchains/XcodeDefault.xctoolchain/usr/bin/clang -Xlinker -reproducible -target arm64-apple-macos10.15 -r -isysroot /Applications/Xcode-beta.app/Contents/Developer/Platforms/MacOSX.platform/Developer/SDKs/MacOSX26.0.sdk -O0 -w -L/Users/steipete/Library/Developer/Xcode/DerivedData/CodeLooper-crrddjihwjtfkwegrjrymctnfixv/Build/Intermediates.noindex/EagerLinkingTBDs/Debug -L/Users/steipete/Library/Developer/Xcode/DerivedData/CodeLooper-crrddjihwjtfkwegrjrymctnfixv/Build/Products/Debug -L/Applications/Xcode-beta.app/Contents/Developer/Platforms/MacOSX.platform/Developer/usr/lib -F/Users/steipete/Library/Developer/Xcode/DerivedData/CodeLooper-crrddjihwjtfkwegrjrymctnfixv/Build/Intermediates.noindex/EagerLinkingTBDs/Debug -F/Users/steipete/Library/Developer/Xcode/DerivedData/CodeLooper-crrddjihwjtfkwegrjrymctnfixv/Build/Products/Debug/PackageFrameworks -F/Users/steipete/Library/Developer/Xcode/DerivedData/CodeLooper-crrddjihwjtfkwegrjrymctnfixv/Build/Products/Debug/PackageFrameworks -F/Users/steipete/Library/Developer/Xcode/DerivedData/CodeLooper-crrddjihwjtfkwegrjrymctnfixv/Build/Products/Debug -iframework /Applications/Xcode-beta.app/Contents/Developer/Platforms/MacOSX.platform/Developer/Library/Frameworks -filelist /Users/steipete/Library/Developer/Xcode/DerivedData/CodeLooper-crrddjihwjtfkwegrjrymctnfixv/Build/Intermediates.noindex/OpenAI.build/Debug/OpenAI.build/Objects-normal/arm64/OpenAI.LinkFileList -nostdlib -Xlinker -object_path_lto -Xlinker /Users/steipete/Library/Developer/Xcode/DerivedData/CodeLooper-crrddjihwjtfkwegrjrymctnfixv/Build/Intermediates.noindex/OpenAI.build/Debug/OpenAI.build/Objects-normal/arm64/OpenAI_lto.o -rdynamic -Xlinker -no_deduplicate -Xlinker -debug_variant -Xlinker -dependency_info -Xlinker /Users/steipete/Library/Developer/Xcode/DerivedData/CodeLooper-crrddjihwjtfkwegrjrymctnfixv/Build/Intermediates.noindex/OpenAI.build/Debug/OpenAI.build/Objects-normal/arm64/OpenAI_dependency_info.dat -fobjc-link-runtime -L/Applications/Xcode-beta.app/Contents/Developer/Toolchains/XcodeDefault.xctoolchain/usr/lib/swift/macosx -L/usr/lib/swift -Xlinker -add_ast_path -Xlinker /Users/steipete/Library/Developer/Xcode/DerivedData/CodeLooper-crrddjihwjtfkwegrjrymctnfixv/Build/Intermediates.noindex/OpenAI.build/Debug/OpenAI.build/Objects-normal/arm64/OpenAI.swiftmodule @/Users/steipete/Library/Developer/Xcode/DerivedData/CodeLooper-crrddjihwjtfkwegrjrymctnfixv/Build/Intermediates.noindex/OpenAI.build/Debug/OpenAI.build/Objects-normal/arm64/OpenAI-linker-args.resp -o /Users/steipete/Library/Developer/Xcode/DerivedData/CodeLooper-crrddjihwjtfkwegrjrymctnfixv/Build/Products/Debug/OpenAI.o

Ld /Users/steipete/Library/Developer/Xcode/DerivedData/CodeLooper-crrddjihwjtfkwegrjrymctnfixv/Build/Products/Debug/NIO.o normal (in target 'NIO' from project 'swift-nio')
    cd /Users/steipete/Library/Developer/Xcode/DerivedData/CodeLooper-crrddjihwjtfkwegrjrymctnfixv/SourcePackages/checkouts/swift-nio
    /Applications/Xcode-beta.app/Contents/Developer/Toolchains/XcodeDefault.xctoolchain/usr/bin/clang -Xlinker -reproducible -target arm64-apple-macos10.13 -r -isysroot /Applications/Xcode-beta.app/Contents/Developer/Platforms/MacOSX.platform/Developer/SDKs/MacOSX26.0.sdk -O0 -w -L/Users/steipete/Library/Developer/Xcode/DerivedData/CodeLooper-crrddjihwjtfkwegrjrymctnfixv/Build/Intermediates.noindex/EagerLinkingTBDs/Debug -L/Users/steipete/Library/Developer/Xcode/DerivedData/CodeLooper-crrddjihwjtfkwegrjrymctnfixv/Build/Products/Debug -L/Applications/Xcode-beta.app/Contents/Developer/Platforms/MacOSX.platform/Developer/usr/lib -F/Users/steipete/Library/Developer/Xcode/DerivedData/CodeLooper-crrddjihwjtfkwegrjrymctnfixv/Build/Intermediates.noindex/EagerLinkingTBDs/Debug -F/Users/steipete/Library/Developer/Xcode/DerivedData/CodeLooper-crrddjihwjtfkwegrjrymctnfixv/Build/Products/Debug/PackageFrameworks -F/Users/steipete/Library/Developer/Xcode/DerivedData/CodeLooper-crrddjihwjtfkwegrjrymctnfixv/Build/Products/Debug/PackageFrameworks -F/Users/steipete/Library/Developer/Xcode/DerivedData/CodeLooper-crrddjihwjtfkwegrjrymctnfixv/Build/Products/Debug/PackageFrameworks -F/Users/steipete/Library/Developer/Xcode/DerivedData/CodeLooper-crrddjihwjtfkwegrjrymctnfixv/Build/Products/Debug/PackageFrameworks -F/Users/steipete/Library/Developer/Xcode/DerivedData/CodeLooper-crrddjihwjtfkwegrjrymctnfixv/Build/Products/Debug/PackageFrameworks -F/Users/steipete/Library/Developer/Xcode/DerivedData/CodeLooper-crrddjihwjtfkwegrjrymctnfixv/Build/Products/Debug/PackageFrameworks -F/Users/steipete/Library/Developer/Xcode/DerivedData/CodeLooper-crrddjihwjtfkwegrjrymctnfixv/Build/Products/Debug/PackageFrameworks -F/Users/steipete/Library/Developer/Xcode/DerivedData/CodeLooper-crrddjihwjtfkwegrjrymctnfixv/Build/Products/Debug/PackageFrameworks -F/Users/steipete/Library/Developer/Xcode/DerivedData/CodeLooper-crrddjihwjtfkwegrjrymctnfixv/Build/Products/Debug/PackageFrameworks -F/Users/steipete/Library/Developer/Xcode/DerivedData/CodeLooper-crrddjihwjtfkwegrjrymctnfixv/Build/Products/Debug/PackageFrameworks -F/Users/steipete/Library/Developer/Xcode/DerivedData/CodeLooper-crrddjihwjtfkwegrjrymctnfixv/Build/Products/Debug/PackageFrameworks -F/Users/steipete/Library/Developer/Xcode/DerivedData/CodeLooper-crrddjihwjtfkwegrjrymctnfixv/Build/Products/Debug/PackageFrameworks -F/Users/steipete/Library/Developer/Xcode/DerivedData/CodeLooper-crrddjihwjtfkwegrjrymctnfixv/Build/Products/Debug/PackageFrameworks -F/Users/steipete/Library/Developer/Xcode/DerivedData/CodeLooper-crrddjihwjtfkwegrjrymctnfixv/Build/Products/Debug/PackageFrameworks -F/Users/steipete/Library/Developer/Xcode/DerivedData/CodeLooper-crrddjihwjtfkwegrjrymctnfixv/Build/Products/Debug/PackageFrameworks -F/Users/steipete/Library/Developer/Xcode/DerivedData/CodeLooper-crrddjihwjtfkwegrjrymctnfixv/Build/Products/Debug -iframework /Applications/Xcode-beta.app/Contents/Developer/Platforms/MacOSX.platform/Developer/Library/Frameworks -filelist /Users/steipete/Library/Developer/Xcode/DerivedData/CodeLooper-crrddjihwjtfkwegrjrymctnfixv/Build/Intermediates.noindex/swift-nio.build/Debug/NIO.build/Objects-normal/arm64/NIO.LinkFileList -nostdlib -Xlinker -object_path_lto -Xlinker /Users/steipete/Library/Developer/Xcode/DerivedData/CodeLooper-crrddjihwjtfkwegrjrymctnfixv/Build/Intermediates.noindex/swift-nio.build/Debug/NIO.build/Objects-normal/arm64/NIO_lto.o -rdynamic -Xlinker -no_deduplicate -Xlinker -debug_variant -Xlinker -dependency_info -Xlinker /Users/steipete/Library/Developer/Xcode/DerivedData/CodeLooper-crrddjihwjtfkwegrjrymctnfixv/Build/Intermediates.noindex/swift-nio.build/Debug/NIO.build/Objects-normal/arm64/NIO_dependency_info.dat -fobjc-link-runtime -L/Applications/Xcode-beta.app/Contents/Developer/Toolchains/XcodeDefault.xctoolchain/usr/lib/swift/macosx -L/usr/lib/swift -Xlinker -add_ast_path -Xlinker /Users/steipete/Library/Developer/Xcode/DerivedData/CodeLooper-crrddjihwjtfkwegrjrymctnfixv/Build/Intermediates.noindex/swift-nio.build/Debug/NIO.build/Objects-normal/arm64/NIO.swiftmodule @/Users/steipete/Library/Developer/Xcode/DerivedData/CodeLooper-crrddjihwjtfkwegrjrymctnfixv/Build/Intermediates.noindex/swift-nio.build/Debug/NIO.build/Objects-normal/arm64/NIO-linker-args.resp -o /Users/steipete/Library/Developer/Xcode/DerivedData/CodeLooper-crrddjihwjtfkwegrjrymctnfixv/Build/Products/Debug/NIO.o

SwiftDriverJobDiscovery normal arm64 Compiling NIOCore+HTTPResponseError.swift, Exports.swift, CacheControl.swift, FileIO.swift, FileProvider.swift (in target 'Hummingbird' from project 'hummingbird')

SwiftDriverJobDiscovery normal arm64 Compiling Application.swift, CodableProtocols.swift, JSONCoding.swift, ResponseEncodable.swift, URLEncodedForm+Request.swift (in target 'Hummingbird' from project 'hummingbird')

SwiftDriverJobDiscovery normal arm64 Compiling RouterResponder.swift, TransformingRouterGroup.swift, RouterTrie.swift, Trie+resolve.swift (in target 'Hummingbird' from project 'hummingbird')

SwiftDriverJobDiscovery normal arm64 Compiling _OptionalMiddleware.swift, _SpreadMiddleware.swift, TracingMiddleware.swift, EndpointResponder.swift, Parameters+UUID.swift (in target 'Hummingbird' from project 'hummingbird')

SwiftDriverJobDiscovery normal arm64 Compiling Parameters.swift, ResponseGenerator.swift, RouteCollection.swift, Router+validation.swift (in target 'Hummingbird' from project 'hummingbird')

SwiftDriverJobDiscovery normal arm64 Compiling Trie+serialize.swift, TrieRouter.swift, ChildRequestContext.swift, Request.swift (in target 'Hummingbird' from project 'hummingbird')

ExtractAppIntentsMetadata (in target 'NIO' from project 'swift-nio')
    cd /Users/steipete/Library/Developer/Xcode/DerivedData/CodeLooper-crrddjihwjtfkwegrjrymctnfixv/SourcePackages/checkouts/swift-nio
    /Applications/Xcode-beta.app/Contents/Developer/Toolchains/XcodeDefault.xctoolchain/usr/bin/appintentsmetadataprocessor --toolchain-dir /Applications/Xcode-beta.app/Contents/Developer/Toolchains/XcodeDefault.xctoolchain --module-name NIO --sdk-root /Applications/Xcode-beta.app/Contents/Developer/Platforms/MacOSX.platform/Developer/SDKs/MacOSX26.0.sdk --xcode-version 17A5241e --platform-family macOS --deployment-target 10.13 --bundle-identifier swift-nio.NIO --output /Users/steipete/Library/Developer/Xcode/DerivedData/CodeLooper-crrddjihwjtfkwegrjrymctnfixv/Build/Products/Debug/NIO.appintents --target-triple arm64-apple-macos10.13 --binary-file /Users/steipete/Library/Developer/Xcode/DerivedData/CodeLooper-crrddjihwjtfkwegrjrymctnfixv/Build/Products/Debug/NIO.o --dependency-file /Users/steipete/Library/Developer/Xcode/DerivedData/CodeLooper-crrddjihwjtfkwegrjrymctnfixv/Build/Intermediates.noindex/swift-nio.build/Debug/NIO.build/Objects-normal/arm64/NIO_dependency_info.dat --stringsdata-file /Users/steipete/Library/Developer/Xcode/DerivedData/CodeLooper-crrddjihwjtfkwegrjrymctnfixv/Build/Intermediates.noindex/swift-nio.build/Debug/NIO.build/Objects-normal/arm64/ExtractedAppShortcutsMetadata.stringsdata --source-file-list /Users/steipete/Library/Developer/Xcode/DerivedData/CodeLooper-crrddjihwjtfkwegrjrymctnfixv/Build/Intermediates.noindex/swift-nio.build/Debug/NIO.build/Objects-normal/arm64/NIO.SwiftFileList --metadata-file-list /Users/steipete/Library/Developer/Xcode/DerivedData/CodeLooper-crrddjihwjtfkwegrjrymctnfixv/Build/Intermediates.noindex/swift-nio.build/Debug/NIO.build/NIO.DependencyMetadataFileList --static-metadata-file-list /Users/steipete/Library/Developer/Xcode/DerivedData/CodeLooper-crrddjihwjtfkwegrjrymctnfixv/Build/Intermediates.noindex/swift-nio.build/Debug/NIO.build/NIO.DependencyStaticMetadataFileList --swift-const-vals-list /Users/steipete/Library/Developer/Xcode/DerivedData/CodeLooper-crrddjihwjtfkwegrjrymctnfixv/Build/Intermediates.noindex/swift-nio.build/Debug/NIO.build/Objects-normal/arm64/NIO.SwiftConstValuesFileList --force --compile-time-extraction --deployment-aware-processing --validate-assistant-intents --no-app-shortcuts-localization
2025-06-10 00:10:45.217 appintentsmetadataprocessor[99014:11271446] Starting appintentsmetadataprocessor export
2025-06-10 00:10:45.250 appintentsmetadataprocessor[99014:11271446] Extracted no relevant App Intents symbols, skipping writing output

RegisterExecutionPolicyException /Users/steipete/Library/Developer/Xcode/DerivedData/CodeLooper-crrddjihwjtfkwegrjrymctnfixv/Build/Products/Debug/NIO.o (in target 'NIO' from project 'swift-nio')
    cd /Users/steipete/Library/Developer/Xcode/DerivedData/CodeLooper-crrddjihwjtfkwegrjrymctnfixv/SourcePackages/checkouts/swift-nio
    builtin-RegisterExecutionPolicyException /Users/steipete/Library/Developer/Xcode/DerivedData/CodeLooper-crrddjihwjtfkwegrjrymctnfixv/Build/Products/Debug/NIO.o

Ld /Users/steipete/Library/Developer/Xcode/DerivedData/CodeLooper-crrddjihwjtfkwegrjrymctnfixv/Build/Products/Debug/NIOTLS.o normal (in target 'NIOTLS' from project 'swift-nio')
    cd /Users/steipete/Library/Developer/Xcode/DerivedData/CodeLooper-crrddjihwjtfkwegrjrymctnfixv/SourcePackages/checkouts/swift-nio
    /Applications/Xcode-beta.app/Contents/Developer/Toolchains/XcodeDefault.xctoolchain/usr/bin/clang -Xlinker -reproducible -target arm64-apple-macos10.13 -r -isysroot /Applications/Xcode-beta.app/Contents/Developer/Platforms/MacOSX.platform/Developer/SDKs/MacOSX26.0.sdk -O0 -w -L/Users/steipete/Library/Developer/Xcode/DerivedData/CodeLooper-crrddjihwjtfkwegrjrymctnfixv/Build/Intermediates.noindex/EagerLinkingTBDs/Debug -L/Users/steipete/Library/Developer/Xcode/DerivedData/CodeLooper-crrddjihwjtfkwegrjrymctnfixv/Build/Products/Debug -L/Applications/Xcode-beta.app/Contents/Developer/Platforms/MacOSX.platform/Developer/usr/lib -F/Users/steipete/Library/Developer/Xcode/DerivedData/CodeLooper-crrddjihwjtfkwegrjrymctnfixv/Build/Intermediates.noindex/EagerLinkingTBDs/Debug -F/Users/steipete/Library/Developer/Xcode/DerivedData/CodeLooper-crrddjihwjtfkwegrjrymctnfixv/Build/Products/Debug/PackageFrameworks -F/Users/steipete/Library/Developer/Xcode/DerivedData/CodeLooper-crrddjihwjtfkwegrjrymctnfixv/Build/Products/Debug/PackageFrameworks -F/Users/steipete/Library/Developer/Xcode/DerivedData/CodeLooper-crrddjihwjtfkwegrjrymctnfixv/Build/Products/Debug/PackageFrameworks -F/Users/steipete/Library/Developer/Xcode/DerivedData/CodeLooper-crrddjihwjtfkwegrjrymctnfixv/Build/Products/Debug/PackageFrameworks -F/Users/steipete/Library/Developer/Xcode/DerivedData/CodeLooper-crrddjihwjtfkwegrjrymctnfixv/Build/Products/Debug/PackageFrameworks -F/Users/steipete/Library/Developer/Xcode/DerivedData/CodeLooper-crrddjihwjtfkwegrjrymctnfixv/Build/Products/Debug/PackageFrameworks -F/Users/steipete/Library/Developer/Xcode/DerivedData/CodeLooper-crrddjihwjtfkwegrjrymctnfixv/Build/Products/Debug/PackageFrameworks -F/Users/steipete/Library/Developer/Xcode/DerivedData/CodeLooper-crrddjihwjtfkwegrjrymctnfixv/Build/Products/Debug/PackageFrameworks -F/Users/steipete/Library/Developer/Xcode/DerivedData/CodeLooper-crrddjihwjtfkwegrjrymctnfixv/Build/Products/Debug/PackageFrameworks -F/Users/steipete/Library/Developer/Xcode/DerivedData/CodeLooper-crrddjihwjtfkwegrjrymctnfixv/Build/Products/Debug/PackageFrameworks -F/Users/steipete/Library/Developer/Xcode/DerivedData/CodeLooper-crrddjihwjtfkwegrjrymctnfixv/Build/Products/Debug/PackageFrameworks -F/Users/steipete/Library/Developer/Xcode/DerivedData/CodeLooper-crrddjihwjtfkwegrjrymctnfixv/Build/Products/Debug/PackageFrameworks -F/Users/steipete/Library/Developer/Xcode/DerivedData/CodeLooper-crrddjihwjtfkwegrjrymctnfixv/Build/Products/Debug/PackageFrameworks -F/Users/steipete/Library/Developer/Xcode/DerivedData/CodeLooper-crrddjihwjtfkwegrjrymctnfixv/Build/Products/Debug/PackageFrameworks -F/Users/steipete/Library/Developer/Xcode/DerivedData/CodeLooper-crrddjihwjtfkwegrjrymctnfixv/Build/Products/Debug/PackageFrameworks -F/Users/steipete/Library/Developer/Xcode/DerivedData/CodeLooper-crrddjihwjtfkwegrjrymctnfixv/Build/Products/Debug/PackageFrameworks -F/Users/steipete/Library/Developer/Xcode/DerivedData/CodeLooper-crrddjihwjtfkwegrjrymctnfixv/Build/Products/Debug -iframework /Applications/Xcode-beta.app/Contents/Developer/Platforms/MacOSX.platform/Developer/Library/Frameworks -filelist /Users/steipete/Library/Developer/Xcode/DerivedData/CodeLooper-crrddjihwjtfkwegrjrymctnfixv/Build/Intermediates.noindex/swift-nio.build/Debug/NIOTLS.build/Objects-normal/arm64/NIOTLS.LinkFileList -nostdlib -Xlinker -object_path_lto -Xlinker /Users/steipete/Library/Developer/Xcode/DerivedData/CodeLooper-crrddjihwjtfkwegrjrymctnfixv/Build/Intermediates.noindex/swift-nio.build/Debug/NIOTLS.build/Objects-normal/arm64/NIOTLS_lto.o -rdynamic -Xlinker -no_deduplicate -Xlinker -debug_variant -Xlinker -dependency_info -Xlinker /Users/steipete/Library/Developer/Xcode/DerivedData/CodeLooper-crrddjihwjtfkwegrjrymctnfixv/Build/Intermediates.noindex/swift-nio.build/Debug/NIOTLS.build/Objects-normal/arm64/NIOTLS_dependency_info.dat -fobjc-link-runtime -L/Applications/Xcode-beta.app/Contents/Developer/Toolchains/XcodeDefault.xctoolchain/usr/lib/swift/macosx -L/usr/lib/swift -Xlinker -add_ast_path -Xlinker /Users/steipete/Library/Developer/Xcode/DerivedData/CodeLooper-crrddjihwjtfkwegrjrymctnfixv/Build/Intermediates.noindex/swift-nio.build/Debug/NIOTLS.build/Objects-normal/arm64/NIOTLS.swiftmodule @/Users/steipete/Library/Developer/Xcode/DerivedData/CodeLooper-crrddjihwjtfkwegrjrymctnfixv/Build/Intermediates.noindex/swift-nio.build/Debug/NIOTLS.build/Objects-normal/arm64/NIOTLS-linker-args.resp -o /Users/steipete/Library/Developer/Xcode/DerivedData/CodeLooper-crrddjihwjtfkwegrjrymctnfixv/Build/Products/Debug/NIOTLS.o

Ld /Users/steipete/Library/Developer/Xcode/DerivedData/CodeLooper-crrddjihwjtfkwegrjrymctnfixv/Build/Products/Debug/NIOHTTP1.o normal (in target 'NIOHTTP1' from project 'swift-nio')
    cd /Users/steipete/Library/Developer/Xcode/DerivedData/CodeLooper-crrddjihwjtfkwegrjrymctnfixv/SourcePackages/checkouts/swift-nio
    /Applications/Xcode-beta.app/Contents/Developer/Toolchains/XcodeDefault.xctoolchain/usr/bin/clang -Xlinker -reproducible -target arm64-apple-macos10.13 -r -isysroot /Applications/Xcode-beta.app/Contents/Developer/Platforms/MacOSX.platform/Developer/SDKs/MacOSX26.0.sdk -O0 -w -L/Users/steipete/Library/Developer/Xcode/DerivedData/CodeLooper-crrddjihwjtfkwegrjrymctnfixv/Build/Intermediates.noindex/EagerLinkingTBDs/Debug -L/Users/steipete/Library/Developer/Xcode/DerivedData/CodeLooper-crrddjihwjtfkwegrjrymctnfixv/Build/Products/Debug -L/Applications/Xcode-beta.app/Contents/Developer/Platforms/MacOSX.platform/Developer/usr/lib -F/Users/steipete/Library/Developer/Xcode/DerivedData/CodeLooper-crrddjihwjtfkwegrjrymctnfixv/Build/Intermediates.noindex/EagerLinkingTBDs/Debug -F/Users/steipete/Library/Developer/Xcode/DerivedData/CodeLooper-crrddjihwjtfkwegrjrymctnfixv/Build/Products/Debug/PackageFrameworks -F/Users/steipete/Library/Developer/Xcode/DerivedData/CodeLooper-crrddjihwjtfkwegrjrymctnfixv/Build/Products/Debug/PackageFrameworks -F/Users/steipete/Library/Developer/Xcode/DerivedData/CodeLooper-crrddjihwjtfkwegrjrymctnfixv/Build/Products/Debug/PackageFrameworks -F/Users/steipete/Library/Developer/Xcode/DerivedData/CodeLooper-crrddjihwjtfkwegrjrymctnfixv/Build/Products/Debug/PackageFrameworks -F/Users/steipete/Library/Developer/Xcode/DerivedData/CodeLooper-crrddjihwjtfkwegrjrymctnfixv/Build/Products/Debug/PackageFrameworks -F/Users/steipete/Library/Developer/Xcode/DerivedData/CodeLooper-crrddjihwjtfkwegrjrymctnfixv/Build/Products/Debug/PackageFrameworks -F/Users/steipete/Library/Developer/Xcode/DerivedData/CodeLooper-crrddjihwjtfkwegrjrymctnfixv/Build/Products/Debug/PackageFrameworks -F/Users/steipete/Library/Developer/Xcode/DerivedData/CodeLooper-crrddjihwjtfkwegrjrymctnfixv/Build/Products/Debug/PackageFrameworks -F/Users/steipete/Library/Developer/Xcode/DerivedData/CodeLooper-crrddjihwjtfkwegrjrymctnfixv/Build/Products/Debug/PackageFrameworks -F/Users/steipete/Library/Developer/Xcode/DerivedData/CodeLooper-crrddjihwjtfkwegrjrymctnfixv/Build/Products/Debug/PackageFrameworks -F/Users/steipete/Library/Developer/Xcode/DerivedData/CodeLooper-crrddjihwjtfkwegrjrymctnfixv/Build/Products/Debug/PackageFrameworks -F/Users/steipete/Library/Developer/Xcode/DerivedData/CodeLooper-crrddjihwjtfkwegrjrymctnfixv/Build/Products/Debug/PackageFrameworks -F/Users/steipete/Library/Developer/Xcode/DerivedData/CodeLooper-crrddjihwjtfkwegrjrymctnfixv/Build/Products/Debug/PackageFrameworks -F/Users/steipete/Library/Developer/Xcode/DerivedData/CodeLooper-crrddjihwjtfkwegrjrymctnfixv/Build/Products/Debug/PackageFrameworks -F/Users/steipete/Library/Developer/Xcode/DerivedData/CodeLooper-crrddjihwjtfkwegrjrymctnfixv/Build/Products/Debug/PackageFrameworks -F/Users/steipete/Library/Developer/Xcode/DerivedData/CodeLooper-crrddjihwjtfkwegrjrymctnfixv/Build/Products/Debug/PackageFrameworks -F/Users/steipete/Library/Developer/Xcode/DerivedData/CodeLooper-crrddjihwjtfkwegrjrymctnfixv/Build/Products/Debug/PackageFrameworks -F/Users/steipete/Library/Developer/Xcode/DerivedData/CodeLooper-crrddjihwjtfkwegrjrymctnfixv/Build/Products/Debug -iframework /Applications/Xcode-beta.app/Contents/Developer/Platforms/MacOSX.platform/Developer/Library/Frameworks -filelist /Users/steipete/Library/Developer/Xcode/DerivedData/CodeLooper-crrddjihwjtfkwegrjrymctnfixv/Build/Intermediates.noindex/swift-nio.build/Debug/NIOHTTP1.build/Objects-normal/arm64/NIOHTTP1.LinkFileList -nostdlib -Xlinker -object_path_lto -Xlinker /Users/steipete/Library/Developer/Xcode/DerivedData/CodeLooper-crrddjihwjtfkwegrjrymctnfixv/Build/Intermediates.noindex/swift-nio.build/Debug/NIOHTTP1.build/Objects-normal/arm64/NIOHTTP1_lto.o -rdynamic -Xlinker -no_deduplicate -Xlinker -debug_variant -Xlinker -dependency_info -Xlinker /Users/steipete/Library/Developer/Xcode/DerivedData/CodeLooper-crrddjihwjtfkwegrjrymctnfixv/Build/Intermediates.noindex/swift-nio.build/Debug/NIOHTTP1.build/Objects-normal/arm64/NIOHTTP1_dependency_info.dat -fobjc-link-runtime -L/Applications/Xcode-beta.app/Contents/Developer/Toolchains/XcodeDefault.xctoolchain/usr/lib/swift/macosx -L/usr/lib/swift -Xlinker -add_ast_path -Xlinker /Users/steipete/Library/Developer/Xcode/DerivedData/CodeLooper-crrddjihwjtfkwegrjrymctnfixv/Build/Intermediates.noindex/swift-nio.build/Debug/NIOHTTP1.build/Objects-normal/arm64/NIOHTTP1.swiftmodule @/Users/steipete/Library/Developer/Xcode/DerivedData/CodeLooper-crrddjihwjtfkwegrjrymctnfixv/Build/Intermediates.noindex/swift-nio.build/Debug/NIOHTTP1.build/Objects-normal/arm64/NIOHTTP1-linker-args.resp -o /Users/steipete/Library/Developer/Xcode/DerivedData/CodeLooper-crrddjihwjtfkwegrjrymctnfixv/Build/Products/Debug/NIOHTTP1.o

Ld /Users/steipete/Library/Developer/Xcode/DerivedData/CodeLooper-crrddjihwjtfkwegrjrymctnfixv/Build/Products/Debug/NIOFoundationCompat.o normal (in target 'NIOFoundationCompat' from project 'swift-nio')
    cd /Users/steipete/Library/Developer/Xcode/DerivedData/CodeLooper-crrddjihwjtfkwegrjrymctnfixv/SourcePackages/checkouts/swift-nio
    /Applications/Xcode-beta.app/Contents/Developer/Toolchains/XcodeDefault.xctoolchain/usr/bin/clang -Xlinker -reproducible -target arm64-apple-macos10.13 -r -isysroot /Applications/Xcode-beta.app/Contents/Developer/Platforms/MacOSX.platform/Developer/SDKs/MacOSX26.0.sdk -O0 -w -L/Users/steipete/Library/Developer/Xcode/DerivedData/CodeLooper-crrddjihwjtfkwegrjrymctnfixv/Build/Intermediates.noindex/EagerLinkingTBDs/Debug -L/Users/steipete/Library/Developer/Xcode/DerivedData/CodeLooper-crrddjihwjtfkwegrjrymctnfixv/Build/Products/Debug -L/Applications/Xcode-beta.app/Contents/Developer/Platforms/MacOSX.platform/Developer/usr/lib -F/Users/steipete/Library/Developer/Xcode/DerivedData/CodeLooper-crrddjihwjtfkwegrjrymctnfixv/Build/Intermediates.noindex/EagerLinkingTBDs/Debug -F/Users/steipete/Library/Developer/Xcode/DerivedData/CodeLooper-crrddjihwjtfkwegrjrymctnfixv/Build/Products/Debug/PackageFrameworks -F/Users/steipete/Library/Developer/Xcode/DerivedData/CodeLooper-crrddjihwjtfkwegrjrymctnfixv/Build/Products/Debug/PackageFrameworks -F/Users/steipete/Library/Developer/Xcode/DerivedData/CodeLooper-crrddjihwjtfkwegrjrymctnfixv/Build/Products/Debug/PackageFrameworks -F/Users/steipete/Library/Developer/Xcode/DerivedData/CodeLooper-crrddjihwjtfkwegrjrymctnfixv/Build/Products/Debug/PackageFrameworks -F/Users/steipete/Library/Developer/Xcode/DerivedData/CodeLooper-crrddjihwjtfkwegrjrymctnfixv/Build/Products/Debug/PackageFrameworks -F/Users/steipete/Library/Developer/Xcode/DerivedData/CodeLooper-crrddjihwjtfkwegrjrymctnfixv/Build/Products/Debug/PackageFrameworks -F/Users/steipete/Library/Developer/Xcode/DerivedData/CodeLooper-crrddjihwjtfkwegrjrymctnfixv/Build/Products/Debug/PackageFrameworks -F/Users/steipete/Library/Developer/Xcode/DerivedData/CodeLooper-crrddjihwjtfkwegrjrymctnfixv/Build/Products/Debug/PackageFrameworks -F/Users/steipete/Library/Developer/Xcode/DerivedData/CodeLooper-crrddjihwjtfkwegrjrymctnfixv/Build/Products/Debug/PackageFrameworks -F/Users/steipete/Library/Developer/Xcode/DerivedData/CodeLooper-crrddjihwjtfkwegrjrymctnfixv/Build/Products/Debug/PackageFrameworks -F/Users/steipete/Library/Developer/Xcode/DerivedData/CodeLooper-crrddjihwjtfkwegrjrymctnfixv/Build/Products/Debug/PackageFrameworks -F/Users/steipete/Library/Developer/Xcode/DerivedData/CodeLooper-crrddjihwjtfkwegrjrymctnfixv/Build/Products/Debug/PackageFrameworks -F/Users/steipete/Library/Developer/Xcode/DerivedData/CodeLooper-crrddjihwjtfkwegrjrymctnfixv/Build/Products/Debug/PackageFrameworks -F/Users/steipete/Library/Developer/Xcode/DerivedData/CodeLooper-crrddjihwjtfkwegrjrymctnfixv/Build/Products/Debug/PackageFrameworks -F/Users/steipete/Library/Developer/Xcode/DerivedData/CodeLooper-crrddjihwjtfkwegrjrymctnfixv/Build/Products/Debug/PackageFrameworks -F/Users/steipete/Library/Developer/Xcode/DerivedData/CodeLooper-crrddjihwjtfkwegrjrymctnfixv/Build/Products/Debug/PackageFrameworks -F/Users/steipete/Library/Developer/Xcode/DerivedData/CodeLooper-crrddjihwjtfkwegrjrymctnfixv/Build/Products/Debug -iframework /Applications/Xcode-beta.app/Contents/Developer/Platforms/MacOSX.platform/Developer/Library/Frameworks -filelist /Users/steipete/Library/Developer/Xcode/DerivedData/CodeLooper-crrddjihwjtfkwegrjrymctnfixv/Build/Intermediates.noindex/swift-nio.build/Debug/NIOFoundationCompat.build/Objects-normal/arm64/NIOFoundationCompat.LinkFileList -nostdlib -Xlinker -object_path_lto -Xlinker /Users/steipete/Library/Developer/Xcode/DerivedData/CodeLooper-crrddjihwjtfkwegrjrymctnfixv/Build/Intermediates.noindex/swift-nio.build/Debug/NIOFoundationCompat.build/Objects-normal/arm64/NIOFoundationCompat_lto.o -rdynamic -Xlinker -no_deduplicate -Xlinker -debug_variant -Xlinker -dependency_info -Xlinker /Users/steipete/Library/Developer/Xcode/DerivedData/CodeLooper-crrddjihwjtfkwegrjrymctnfixv/Build/Intermediates.noindex/swift-nio.build/Debug/NIOFoundationCompat.build/Objects-normal/arm64/NIOFoundationCompat_dependency_info.dat -fobjc-link-runtime -L/Applications/Xcode-beta.app/Contents/Developer/Toolchains/XcodeDefault.xctoolchain/usr/lib/swift/macosx -L/usr/lib/swift -Xlinker -add_ast_path -Xlinker /Users/steipete/Library/Developer/Xcode/DerivedData/CodeLooper-crrddjihwjtfkwegrjrymctnfixv/Build/Intermediates.noindex/swift-nio.build/Debug/NIOFoundationCompat.build/Objects-normal/arm64/NIOFoundationCompat.swiftmodule @/Users/steipete/Library/Developer/Xcode/DerivedData/CodeLooper-crrddjihwjtfkwegrjrymctnfixv/Build/Intermediates.noindex/swift-nio.build/Debug/NIOFoundationCompat.build/Objects-normal/arm64/NIOFoundationCompat-linker-args.resp -o /Users/steipete/Library/Developer/Xcode/DerivedData/CodeLooper-crrddjihwjtfkwegrjrymctnfixv/Build/Products/Debug/NIOFoundationCompat.o

ExtractAppIntentsMetadata (in target 'OpenAI' from project 'OpenAI')
    cd /Users/steipete/Library/Developer/Xcode/DerivedData/CodeLooper-crrddjihwjtfkwegrjrymctnfixv/SourcePackages/checkouts/OpenAI
    /Applications/Xcode-beta.app/Contents/Developer/Toolchains/XcodeDefault.xctoolchain/usr/bin/appintentsmetadataprocessor --toolchain-dir /Applications/Xcode-beta.app/Contents/Developer/Toolchains/XcodeDefault.xctoolchain --module-name OpenAI --sdk-root /Applications/Xcode-beta.app/Contents/Developer/Platforms/MacOSX.platform/Developer/SDKs/MacOSX26.0.sdk --xcode-version 17A5241e --platform-family macOS --deployment-target 10.15 --bundle-identifier openai.OpenAI --output /Users/steipete/Library/Developer/Xcode/DerivedData/CodeLooper-crrddjihwjtfkwegrjrymctnfixv/Build/Products/Debug/OpenAI.appintents --target-triple arm64-apple-macos10.15 --binary-file /Users/steipete/Library/Developer/Xcode/DerivedData/CodeLooper-crrddjihwjtfkwegrjrymctnfixv/Build/Products/Debug/OpenAI.o --dependency-file /Users/steipete/Library/Developer/Xcode/DerivedData/CodeLooper-crrddjihwjtfkwegrjrymctnfixv/Build/Intermediates.noindex/OpenAI.build/Debug/OpenAI.build/Objects-normal/arm64/OpenAI_dependency_info.dat --stringsdata-file /Users/steipete/Library/Developer/Xcode/DerivedData/CodeLooper-crrddjihwjtfkwegrjrymctnfixv/Build/Intermediates.noindex/OpenAI.build/Debug/OpenAI.build/Objects-normal/arm64/ExtractedAppShortcutsMetadata.stringsdata --source-file-list /Users/steipete/Library/Developer/Xcode/DerivedData/CodeLooper-crrddjihwjtfkwegrjrymctnfixv/Build/Intermediates.noindex/OpenAI.build/Debug/OpenAI.build/Objects-normal/arm64/OpenAI.SwiftFileList --metadata-file-list /Users/steipete/Library/Developer/Xcode/DerivedData/CodeLooper-crrddjihwjtfkwegrjrymctnfixv/Build/Intermediates.noindex/OpenAI.build/Debug/OpenAI.build/OpenAI.DependencyMetadataFileList --static-metadata-file-list /Users/steipete/Library/Developer/Xcode/DerivedData/CodeLooper-crrddjihwjtfkwegrjrymctnfixv/Build/Intermediates.noindex/OpenAI.build/Debug/OpenAI.build/OpenAI.DependencyStaticMetadataFileList --swift-const-vals-list /Users/steipete/Library/Developer/Xcode/DerivedData/CodeLooper-crrddjihwjtfkwegrjrymctnfixv/Build/Intermediates.noindex/OpenAI.build/Debug/OpenAI.build/Objects-normal/arm64/OpenAI.SwiftConstValuesFileList --force --compile-time-extraction --deployment-aware-processing --validate-assistant-intents --no-app-shortcuts-localization
2025-06-10 00:10:45.286 appintentsmetadataprocessor[99021:11271463] Starting appintentsmetadataprocessor export
2025-06-10 00:10:45.325 appintentsmetadataprocessor[99021:11271463] Extracted no relevant App Intents symbols, skipping writing output

SwiftDriverJobDiscovery normal arm64 Emitting module for Hummingbird (in target 'Hummingbird' from project 'hummingbird')

SwiftDriver\ Compilation\ Requirements Hummingbird normal arm64 com.apple.xcode.tools.swift.compiler (in target 'Hummingbird' from project 'hummingbird')
    cd /Users/steipete/Projects/CodeLooper
    builtin-Swift-Compilation-Requirements -- /Applications/Xcode-beta.app/Contents/Developer/Toolchains/XcodeDefault.xctoolchain/usr/bin/swiftc -module-name Hummingbird -Onone -enforce-exclusivity\=checked @/Users/steipete/Library/Developer/Xcode/DerivedData/CodeLooper-crrddjihwjtfkwegrjrymctnfixv/Build/Intermediates.noindex/hummingbird.build/Debug/Hummingbird.build/Objects-normal/arm64/Hummingbird.SwiftFileList -DSWIFT_PACKAGE -DDEBUG -DSWIFT_MODULE_RESOURCE_BUNDLE_UNAVAILABLE -Xcc -fmodule-map-file\=/Users/steipete/Library/Developer/Xcode/DerivedData/CodeLooper-crrddjihwjtfkwegrjrymctnfixv/Build/Intermediates.noindex/GeneratedModuleMaps/CNIOLLHTTP.modulemap -Xcc -fmodule-map-file\=/Users/steipete/Library/Developer/Xcode/DerivedData/CodeLooper-crrddjihwjtfkwegrjrymctnfixv/Build/Intermediates.noindex/GeneratedModuleMaps/CNIOWASI.modulemap -Xcc -fmodule-map-file\=/Users/steipete/Library/Developer/Xcode/DerivedData/CodeLooper-crrddjihwjtfkwegrjrymctnfixv/Build/Intermediates.noindex/GeneratedModuleMaps/CNIOLinux.modulemap -Xcc -fmodule-map-file\=/Users/steipete/Library/Developer/Xcode/DerivedData/CodeLooper-crrddjihwjtfkwegrjrymctnfixv/Build/Intermediates.noindex/GeneratedModuleMaps/CNIODarwin.modulemap -Xcc -fmodule-map-file\=/Users/steipete/Library/Developer/Xcode/DerivedData/CodeLooper-crrddjihwjtfkwegrjrymctnfixv/Build/Intermediates.noindex/GeneratedModuleMaps/CNIOAtomics.modulemap -DXcode -enable-experimental-feature StrictConcurrency\=complete -plugin-path /Applications/Xcode-beta.app/Contents/Developer/Toolchains/XcodeDefault.xctoolchain/usr/lib/swift/host/plugins/testing -enable-experimental-feature DebugDescriptionMacro -sdk /Applications/Xcode-beta.app/Contents/Developer/Platforms/MacOSX.platform/Developer/SDKs/MacOSX26.0.sdk -target arm64-apple-macos14.0 -g -module-cache-path /Users/steipete/Library/Developer/Xcode/DerivedData/ModuleCache.noindex -Xfrontend -serialize-debugging-options -profile-coverage-mapping -profile-generate -enable-testing -suppress-warnings -index-store-path /Users/steipete/Library/Developer/Xcode/DerivedData/CodeLooper-crrddjihwjtfkwegrjrymctnfixv/Index.noindex/DataStore -swift-version 6 -I /Users/steipete/Library/Developer/Xcode/DerivedData/CodeLooper-crrddjihwjtfkwegrjrymctnfixv/Build/Products/Debug -I /Applications/Xcode-beta.app/Contents/Developer/Platforms/MacOSX.platform/Developer/usr/lib -F /Users/steipete/Library/Developer/Xcode/DerivedData/CodeLooper-crrddjihwjtfkwegrjrymctnfixv/Build/Products/Debug/PackageFrameworks -F /Users/steipete/Library/Developer/Xcode/DerivedData/CodeLooper-crrddjihwjtfkwegrjrymctnfixv/Build/Products/Debug/PackageFrameworks -F /Users/steipete/Library/Developer/Xcode/DerivedData/CodeLooper-crrddjihwjtfkwegrjrymctnfixv/Build/Products/Debug/PackageFrameworks -F /Users/steipete/Library/Developer/Xcode/DerivedData/CodeLooper-crrddjihwjtfkwegrjrymctnfixv/Build/Products/Debug/PackageFrameworks -F /Users/steipete/Library/Developer/Xcode/DerivedData/CodeLooper-crrddjihwjtfkwegrjrymctnfixv/Build/Products/Debug/PackageFrameworks -F /Users/steipete/Library/Developer/Xcode/DerivedData/CodeLooper-crrddjihwjtfkwegrjrymctnfixv/Build/Products/Debug/PackageFrameworks -F /Users/steipete/Library/Developer/Xcode/DerivedData/CodeLooper-crrddjihwjtfkwegrjrymctnfixv/Build/Products/Debug/PackageFrameworks -F /Users/steipete/Library/Developer/Xcode/DerivedData/CodeLooper-crrddjihwjtfkwegrjrymctnfixv/Build/Products/Debug/PackageFrameworks -F /Users/steipete/Library/Developer/Xcode/DerivedData/CodeLooper-crrddjihwjtfkwegrjrymctnfixv/Build/Products/Debug/PackageFrameworks -F /Users/steipete/Library/Developer/Xcode/DerivedData/CodeLooper-crrddjihwjtfkwegrjrymctnfixv/Build/Products/Debug/PackageFrameworks -F /Users/steipete/Library/Developer/Xcode/DerivedData/CodeLooper-crrddjihwjtfkwegrjrymctnfixv/Build/Products/Debug/PackageFrameworks -F /Users/steipete/Library/Developer/Xcode/DerivedData/CodeLooper-crrddjihwjtfkwegrjrymctnfixv/Build/Products/Debug/PackageFrameworks -F /Users/steipete/Library/Developer/Xcode/DerivedData/CodeLooper-crrddjihwjtfkwegrjrymctnfixv/Build/Products/Debug/PackageFrameworks -F /Users/steipete/Library/Developer/Xcode/DerivedData/CodeLooper-crrddjihwjtfkwegrjrymctnfixv/Build/Products/Debug/PackageFrameworks -F /Users/steipete/Library/Developer/Xcode/DerivedData/CodeLooper-crrddjihwjtfkwegrjrymctnfixv/Build/Products/Debug/PackageFrameworks -F /Users/steipete/Library/Developer/Xcode/DerivedData/CodeLooper-crrddjihwjtfkwegrjrymctnfixv/Build/Products/Debug/PackageFrameworks -F /Users/steipete/Library/Developer/Xcode/DerivedData/CodeLooper-crrddjihwjtfkwegrjrymctnfixv/Build/Products/Debug/PackageFrameworks -F /Users/steipete/Library/Developer/Xcode/DerivedData/CodeLooper-crrddjihwjtfkwegrjrymctnfixv/Build/Products/Debug/PackageFrameworks -F /Users/steipete/Library/Developer/Xcode/DerivedData/CodeLooper-crrddjihwjtfkwegrjrymctnfixv/Build/Products/Debug/PackageFrameworks -F /Users/steipete/Library/Developer/Xcode/DerivedData/CodeLooper-crrddjihwjtfkwegrjrymctnfixv/Build/Products/Debug/PackageFrameworks -F /Users/steipete/Library/Developer/Xcode/DerivedData/CodeLooper-crrddjihwjtfkwegrjrymctnfixv/Build/Products/Debug/PackageFrameworks -F /Users/steipete/Library/Developer/Xcode/DerivedData/CodeLooper-crrddjihwjtfkwegrjrymctnfixv/Build/Products/Debug/PackageFrameworks -F /Users/steipete/Library/Developer/Xcode/DerivedData/CodeLooper-crrddjihwjtfkwegrjrymctnfixv/Build/Products/Debug/PackageFrameworks -F /Users/steipete/Library/Developer/Xcode/DerivedData/CodeLooper-crrddjihwjtfkwegrjrymctnfixv/Build/Products/Debug/PackageFrameworks -F /Users/steipete/Library/Developer/Xcode/DerivedData/CodeLooper-crrddjihwjtfkwegrjrymctnfixv/Build/Products/Debug/PackageFrameworks -F /Users/steipete/Library/Developer/Xcode/DerivedData/CodeLooper-crrddjihwjtfkwegrjrymctnfixv/Build/Products/Debug/PackageFrameworks -F /Users/steipete/Library/Developer/Xcode/DerivedData/CodeLooper-crrddjihwjtfkwegrjrymctnfixv/Build/Products/Debug/PackageFrameworks -F /Users/steipete/Library/Developer/Xcode/DerivedData/CodeLooper-crrddjihwjtfkwegrjrymctnfixv/Build/Products/Debug/PackageFrameworks -F /Users/steipete/Library/Developer/Xcode/DerivedData/CodeLooper-crrddjihwjtfkwegrjrymctnfixv/Build/Products/Debug/PackageFrameworks -F /Users/steipete/Library/Developer/Xcode/DerivedData/CodeLooper-crrddjihwjtfkwegrjrymctnfixv/Build/Products/Debug/PackageFrameworks -F /Users/steipete/Library/Developer/Xcode/DerivedData/CodeLooper-crrddjihwjtfkwegrjrymctnfixv/Build/Products/Debug/PackageFrameworks -F /Users/steipete/Library/Developer/Xcode/DerivedData/CodeLooper-crrddjihwjtfkwegrjrymctnfixv/Build/Products/Debug/PackageFrameworks -F /Users/steipete/Library/Developer/Xcode/DerivedData/CodeLooper-crrddjihwjtfkwegrjrymctnfixv/Build/Products/Debug/PackageFrameworks -F /Users/steipete/Library/Developer/Xcode/DerivedData/CodeLooper-crrddjihwjtfkwegrjrymctnfixv/Build/Products/Debug/PackageFrameworks -F /Users/steipete/Library/Developer/Xcode/DerivedData/CodeLooper-crrddjihwjtfkwegrjrymctnfixv/Build/Products/Debug/PackageFrameworks -F /Users/steipete/Library/Developer/Xcode/DerivedData/CodeLooper-crrddjihwjtfkwegrjrymctnfixv/Build/Products/Debug/PackageFrameworks -F /Users/steipete/Library/Developer/Xcode/DerivedData/CodeLooper-crrddjihwjtfkwegrjrymctnfixv/Build/Products/Debug/PackageFrameworks -F /Users/steipete/Library/Developer/Xcode/DerivedData/CodeLooper-crrddjihwjtfkwegrjrymctnfixv/Build/Products/Debug/PackageFrameworks -F /Users/steipete/Library/Developer/Xcode/DerivedData/CodeLooper-crrddjihwjtfkwegrjrymctnfixv/Build/Products/Debug/PackageFrameworks -F /Users/steipete/Library/Developer/Xcode/DerivedData/CodeLooper-crrddjihwjtfkwegrjrymctnfixv/Build/Products/Debug/PackageFrameworks -F /Users/steipete/Library/Developer/Xcode/DerivedData/CodeLooper-crrddjihwjtfkwegrjrymctnfixv/Build/Products/Debug/PackageFrameworks -F /Users/steipete/Library/Developer/Xcode/DerivedData/CodeLooper-crrddjihwjtfkwegrjrymctnfixv/Build/Products/Debug/PackageFrameworks -F /Users/steipete/Library/Developer/Xcode/DerivedData/CodeLooper-crrddjihwjtfkwegrjrymctnfixv/Build/Products/Debug -F /Applications/Xcode-beta.app/Contents/Developer/Platforms/MacOSX.platform/Developer/Library/Frameworks -c -j16 -enable-batch-mode -incremental -Xcc -ivfsstatcache -Xcc /Users/steipete/Library/Developer/Xcode/DerivedData/SDKStatCaches.noindex/macosx26.0-25A5279m-5d9328ff1a6613a11d359de947506b52.sdkstatcache -output-file-map /Users/steipete/Library/Developer/Xcode/DerivedData/CodeLooper-crrddjihwjtfkwegrjrymctnfixv/Build/Intermediates.noindex/hummingbird.build/Debug/Hummingbird.build/Objects-normal/arm64/Hummingbird-OutputFileMap.json -use-frontend-parseable-output -save-temps -no-color-diagnostics -explicit-module-build -module-cache-path /Users/steipete/Library/Developer/Xcode/DerivedData/CodeLooper-crrddjihwjtfkwegrjrymctnfixv/Build/Intermediates.noindex/SwiftExplicitPrecompiledModules -clang-scanner-module-cache-path /Users/steipete/Library/Developer/Xcode/DerivedData/ModuleCache.noindex -sdk-module-cache-path /Users/steipete/Library/Developer/Xcode/DerivedData/ModuleCache.noindex -serialize-diagnostics -emit-dependencies -emit-module -emit-module-path /Users/steipete/Library/Developer/Xcode/DerivedData/CodeLooper-crrddjihwjtfkwegrjrymctnfixv/Build/Intermediates.noindex/hummingbird.build/Debug/Hummingbird.build/Objects-normal/arm64/Hummingbird.swiftmodule -validate-clang-modules-once -clang-build-session-file /Users/steipete/Library/Developer/Xcode/DerivedData/ModuleCache.noindex/Session.modulevalidation -package-name hummingbird -Xcc -I/Users/steipete/Library/Developer/Xcode/DerivedData/CodeLooper-crrddjihwjtfkwegrjrymctnfixv/Build/Intermediates.noindex/hummingbird.build/Debug/Hummingbird.build/swift-overrides.hmap -emit-const-values -Xfrontend -const-gather-protocols-file -Xfrontend /Users/steipete/Library/Developer/Xcode/DerivedData/CodeLooper-crrddjihwjtfkwegrjrymctnfixv/Build/Intermediates.noindex/hummingbird.build/Debug/Hummingbird.build/Objects-normal/arm64/Hummingbird_const_extract_protocols.json -Xcc -I/Users/steipete/Library/Developer/Xcode/DerivedData/CodeLooper-crrddjihwjtfkwegrjrymctnfixv/SourcePackages/checkouts/swift-nio/Sources/CNIOLLHTTP/include -Xcc -I/Users/steipete/Library/Developer/Xcode/DerivedData/CodeLooper-crrddjihwjtfkwegrjrymctnfixv/SourcePackages/checkouts/swift-nio/Sources/CNIOWASI/include -Xcc -I/Users/steipete/Library/Developer/Xcode/DerivedData/CodeLooper-crrddjihwjtfkwegrjrymctnfixv/SourcePackages/checkouts/swift-nio/Sources/CNIOWindows/include -Xcc -I/Users/steipete/Library/Developer/Xcode/DerivedData/CodeLooper-crrddjihwjtfkwegrjrymctnfixv/SourcePackages/checkouts/swift-nio/Sources/CNIOLinux/include -Xcc -I/Users/steipete/Library/Developer/Xcode/DerivedData/CodeLooper-crrddjihwjtfkwegrjrymctnfixv/SourcePackages/checkouts/swift-nio/Sources/CNIODarwin/include -Xcc -I/Users/steipete/Library/Developer/Xcode/DerivedData/CodeLooper-crrddjihwjtfkwegrjrymctnfixv/SourcePackages/checkouts/swift-nio/Sources/CNIOAtomics/include -Xcc -I/Users/steipete/Library/Developer/Xcode/DerivedData/CodeLooper-crrddjihwjtfkwegrjrymctnfixv/SourcePackages/checkouts/swift-atomics/Sources/_AtomicsShims/include -Xcc -I/Users/steipete/Library/Developer/Xcode/DerivedData/CodeLooper-crrddjihwjtfkwegrjrymctnfixv/Build/Products/Debug/include -Xcc -I/Users/steipete/Library/Developer/Xcode/DerivedData/CodeLooper-crrddjihwjtfkwegrjrymctnfixv/Build/Intermediates.noindex/hummingbird.build/Debug/Hummingbird.build/DerivedSources-normal/arm64 -Xcc -I/Users/steipete/Library/Developer/Xcode/DerivedData/CodeLooper-crrddjihwjtfkwegrjrymctnfixv/Build/Intermediates.noindex/hummingbird.build/Debug/Hummingbird.build/DerivedSources/arm64 -Xcc -I/Users/steipete/Library/Developer/Xcode/DerivedData/CodeLooper-crrddjihwjtfkwegrjrymctnfixv/Build/Intermediates.noindex/hummingbird.build/Debug/Hummingbird.build/DerivedSources -Xcc -DSWIFT_PACKAGE -Xcc -DDEBUG\=1 -emit-objc-header -emit-objc-header-path /Users/steipete/Library/Developer/Xcode/DerivedData/CodeLooper-crrddjihwjtfkwegrjrymctnfixv/Build/Intermediates.noindex/hummingbird.build/Debug/Hummingbird.build/Objects-normal/arm64/Hummingbird-Swift.h -working-directory /Users/steipete/Projects/CodeLooper -experimental-emit-module-separately -disable-cmo

SwiftMergeGeneratedHeaders /Users/steipete/Library/Developer/Xcode/DerivedData/CodeLooper-crrddjihwjtfkwegrjrymctnfixv/Build/Intermediates.noindex/GeneratedModuleMaps/Hummingbird-Swift.h /Users/steipete/Library/Developer/Xcode/DerivedData/CodeLooper-crrddjihwjtfkwegrjrymctnfixv/Build/Intermediates.noindex/hummingbird.build/Debug/Hummingbird.build/Objects-normal/arm64/Hummingbird-Swift.h (in target 'Hummingbird' from project 'hummingbird')
    cd /Users/steipete/Library/Developer/Xcode/DerivedData/CodeLooper-crrddjihwjtfkwegrjrymctnfixv/SourcePackages/checkouts/hummingbird
    builtin-swiftHeaderTool -arch arm64 /Users/steipete/Library/Developer/Xcode/DerivedData/CodeLooper-crrddjihwjtfkwegrjrymctnfixv/Build/Intermediates.noindex/hummingbird.build/Debug/Hummingbird.build/Objects-normal/arm64/Hummingbird-Swift.h -o /Users/steipete/Library/Developer/Xcode/DerivedData/CodeLooper-crrddjihwjtfkwegrjrymctnfixv/Build/Intermediates.noindex/GeneratedModuleMaps/Hummingbird-Swift.h

Copy /Users/steipete/Library/Developer/Xcode/DerivedData/CodeLooper-crrddjihwjtfkwegrjrymctnfixv/Build/Products/Debug/Hummingbird.swiftmodule/arm64-apple-macos.swiftdoc /Users/steipete/Library/Developer/Xcode/DerivedData/CodeLooper-crrddjihwjtfkwegrjrymctnfixv/Build/Intermediates.noindex/hummingbird.build/Debug/Hummingbird.build/Objects-normal/arm64/Hummingbird.swiftdoc (in target 'Hummingbird' from project 'hummingbird')
    cd /Users/steipete/Library/Developer/Xcode/DerivedData/CodeLooper-crrddjihwjtfkwegrjrymctnfixv/SourcePackages/checkouts/hummingbird
    builtin-copy -exclude .DS_Store -exclude CVS -exclude .svn -exclude .git -exclude .hg -resolve-src-symlinks -rename /Users/steipete/Library/Developer/Xcode/DerivedData/CodeLooper-crrddjihwjtfkwegrjrymctnfixv/Build/Intermediates.noindex/hummingbird.build/Debug/Hummingbird.build/Objects-normal/arm64/Hummingbird.swiftdoc /Users/steipete/Library/Developer/Xcode/DerivedData/CodeLooper-crrddjihwjtfkwegrjrymctnfixv/Build/Products/Debug/Hummingbird.swiftmodule/arm64-apple-macos.swiftdoc

Copy /Users/steipete/Library/Developer/Xcode/DerivedData/CodeLooper-crrddjihwjtfkwegrjrymctnfixv/Build/Products/Debug/Hummingbird.swiftmodule/arm64-apple-macos.abi.json /Users/steipete/Library/Developer/Xcode/DerivedData/CodeLooper-crrddjihwjtfkwegrjrymctnfixv/Build/Intermediates.noindex/hummingbird.build/Debug/Hummingbird.build/Objects-normal/arm64/Hummingbird.abi.json (in target 'Hummingbird' from project 'hummingbird')
    cd /Users/steipete/Library/Developer/Xcode/DerivedData/CodeLooper-crrddjihwjtfkwegrjrymctnfixv/SourcePackages/checkouts/hummingbird
    builtin-copy -exclude .DS_Store -exclude CVS -exclude .svn -exclude .git -exclude .hg -resolve-src-symlinks -rename /Users/steipete/Library/Developer/Xcode/DerivedData/CodeLooper-crrddjihwjtfkwegrjrymctnfixv/Build/Intermediates.noindex/hummingbird.build/Debug/Hummingbird.build/Objects-normal/arm64/Hummingbird.abi.json /Users/steipete/Library/Developer/Xcode/DerivedData/CodeLooper-crrddjihwjtfkwegrjrymctnfixv/Build/Products/Debug/Hummingbird.swiftmodule/arm64-apple-macos.abi.json

Copy /Users/steipete/Library/Developer/Xcode/DerivedData/CodeLooper-crrddjihwjtfkwegrjrymctnfixv/Build/Products/Debug/Hummingbird.swiftmodule/Project/arm64-apple-macos.swiftsourceinfo /Users/steipete/Library/Developer/Xcode/DerivedData/CodeLooper-crrddjihwjtfkwegrjrymctnfixv/Build/Intermediates.noindex/hummingbird.build/Debug/Hummingbird.build/Objects-normal/arm64/Hummingbird.swiftsourceinfo (in target 'Hummingbird' from project 'hummingbird')
    cd /Users/steipete/Library/Developer/Xcode/DerivedData/CodeLooper-crrddjihwjtfkwegrjrymctnfixv/SourcePackages/checkouts/hummingbird
    builtin-copy -exclude .DS_Store -exclude CVS -exclude .svn -exclude .git -exclude .hg -resolve-src-symlinks -rename /Users/steipete/Library/Developer/Xcode/DerivedData/CodeLooper-crrddjihwjtfkwegrjrymctnfixv/Build/Intermediates.noindex/hummingbird.build/Debug/Hummingbird.build/Objects-normal/arm64/Hummingbird.swiftsourceinfo /Users/steipete/Library/Developer/Xcode/DerivedData/CodeLooper-crrddjihwjtfkwegrjrymctnfixv/Build/Products/Debug/Hummingbird.swiftmodule/Project/arm64-apple-macos.swiftsourceinfo

Copy /Users/steipete/Library/Developer/Xcode/DerivedData/CodeLooper-crrddjihwjtfkwegrjrymctnfixv/Build/Products/Debug/Hummingbird.swiftmodule/arm64-apple-macos.swiftmodule /Users/steipete/Library/Developer/Xcode/DerivedData/CodeLooper-crrddjihwjtfkwegrjrymctnfixv/Build/Intermediates.noindex/hummingbird.build/Debug/Hummingbird.build/Objects-normal/arm64/Hummingbird.swiftmodule (in target 'Hummingbird' from project 'hummingbird')
    cd /Users/steipete/Library/Developer/Xcode/DerivedData/CodeLooper-crrddjihwjtfkwegrjrymctnfixv/SourcePackages/checkouts/hummingbird
    builtin-copy -exclude .DS_Store -exclude CVS -exclude .svn -exclude .git -exclude .hg -resolve-src-symlinks -rename /Users/steipete/Library/Developer/Xcode/DerivedData/CodeLooper-crrddjihwjtfkwegrjrymctnfixv/Build/Intermediates.noindex/hummingbird.build/Debug/Hummingbird.build/Objects-normal/arm64/Hummingbird.swiftmodule /Users/steipete/Library/Developer/Xcode/DerivedData/CodeLooper-crrddjihwjtfkwegrjrymctnfixv/Build/Products/Debug/Hummingbird.swiftmodule/arm64-apple-macos.swiftmodule

ExtractAppIntentsMetadata (in target 'NIOFoundationCompat' from project 'swift-nio')
    cd /Users/steipete/Library/Developer/Xcode/DerivedData/CodeLooper-crrddjihwjtfkwegrjrymctnfixv/SourcePackages/checkouts/swift-nio
    /Applications/Xcode-beta.app/Contents/Developer/Toolchains/XcodeDefault.xctoolchain/usr/bin/appintentsmetadataprocessor --toolchain-dir /Applications/Xcode-beta.app/Contents/Developer/Toolchains/XcodeDefault.xctoolchain --module-name NIOFoundationCompat --sdk-root /Applications/Xcode-beta.app/Contents/Developer/Platforms/MacOSX.platform/Developer/SDKs/MacOSX26.0.sdk --xcode-version 17A5241e --platform-family macOS --deployment-target 10.13 --bundle-identifier swift-nio.NIOFoundationCompat --output /Users/steipete/Library/Developer/Xcode/DerivedData/CodeLooper-crrddjihwjtfkwegrjrymctnfixv/Build/Products/Debug/NIOFoundationCompat.appintents --target-triple arm64-apple-macos10.13 --binary-file /Users/steipete/Library/Developer/Xcode/DerivedData/CodeLooper-crrddjihwjtfkwegrjrymctnfixv/Build/Products/Debug/NIOFoundationCompat.o --dependency-file /Users/steipete/Library/Developer/Xcode/DerivedData/CodeLooper-crrddjihwjtfkwegrjrymctnfixv/Build/Intermediates.noindex/swift-nio.build/Debug/NIOFoundationCompat.build/Objects-normal/arm64/NIOFoundationCompat_dependency_info.dat --stringsdata-file /Users/steipete/Library/Developer/Xcode/DerivedData/CodeLooper-crrddjihwjtfkwegrjrymctnfixv/Build/Intermediates.noindex/swift-nio.build/Debug/NIOFoundationCompat.build/Objects-normal/arm64/ExtractedAppShortcutsMetadata.stringsdata --source-file-list /Users/steipete/Library/Developer/Xcode/DerivedData/CodeLooper-crrddjihwjtfkwegrjrymctnfixv/Build/Intermediates.noindex/swift-nio.build/Debug/NIOFoundationCompat.build/Objects-normal/arm64/NIOFoundationCompat.SwiftFileList --metadata-file-list /Users/steipete/Library/Developer/Xcode/DerivedData/CodeLooper-crrddjihwjtfkwegrjrymctnfixv/Build/Intermediates.noindex/swift-nio.build/Debug/NIOFoundationCompat.build/NIOFoundationCompat.DependencyMetadataFileList --static-metadata-file-list /Users/steipete/Library/Developer/Xcode/DerivedData/CodeLooper-crrddjihwjtfkwegrjrymctnfixv/Build/Intermediates.noindex/swift-nio.build/Debug/NIOFoundationCompat.build/NIOFoundationCompat.DependencyStaticMetadataFileList --swift-const-vals-list /Users/steipete/Library/Developer/Xcode/DerivedData/CodeLooper-crrddjihwjtfkwegrjrymctnfixv/Build/Intermediates.noindex/swift-nio.build/Debug/NIOFoundationCompat.build/Objects-normal/arm64/NIOFoundationCompat.SwiftConstValuesFileList --force --compile-time-extraction --deployment-aware-processing --validate-assistant-intents --no-app-shortcuts-localization
2025-06-10 00:10:45.301 appintentsmetadataprocessor[99022:11271517] Starting appintentsmetadataprocessor export
2025-06-10 00:10:45.337 appintentsmetadataprocessor[99022:11271517] Extracted no relevant App Intents symbols, skipping writing output

ExtractAppIntentsMetadata (in target 'NIOTLS' from project 'swift-nio')
    cd /Users/steipete/Library/Developer/Xcode/DerivedData/CodeLooper-crrddjihwjtfkwegrjrymctnfixv/SourcePackages/checkouts/swift-nio
    /Applications/Xcode-beta.app/Contents/Developer/Toolchains/XcodeDefault.xctoolchain/usr/bin/appintentsmetadataprocessor --toolchain-dir /Applications/Xcode-beta.app/Contents/Developer/Toolchains/XcodeDefault.xctoolchain --module-name NIOTLS --sdk-root /Applications/Xcode-beta.app/Contents/Developer/Platforms/MacOSX.platform/Developer/SDKs/MacOSX26.0.sdk --xcode-version 17A5241e --platform-family macOS --deployment-target 10.13 --bundle-identifier swift-nio.NIOTLS --output /Users/steipete/Library/Developer/Xcode/DerivedData/CodeLooper-crrddjihwjtfkwegrjrymctnfixv/Build/Products/Debug/NIOTLS.appintents --target-triple arm64-apple-macos10.13 --binary-file /Users/steipete/Library/Developer/Xcode/DerivedData/CodeLooper-crrddjihwjtfkwegrjrymctnfixv/Build/Products/Debug/NIOTLS.o --dependency-file /Users/steipete/Library/Developer/Xcode/DerivedData/CodeLooper-crrddjihwjtfkwegrjrymctnfixv/Build/Intermediates.noindex/swift-nio.build/Debug/NIOTLS.build/Objects-normal/arm64/NIOTLS_dependency_info.dat --stringsdata-file /Users/steipete/Library/Developer/Xcode/DerivedData/CodeLooper-crrddjihwjtfkwegrjrymctnfixv/Build/Intermediates.noindex/swift-nio.build/Debug/NIOTLS.build/Objects-normal/arm64/ExtractedAppShortcutsMetadata.stringsdata --source-file-list /Users/steipete/Library/Developer/Xcode/DerivedData/CodeLooper-crrddjihwjtfkwegrjrymctnfixv/Build/Intermediates.noindex/swift-nio.build/Debug/NIOTLS.build/Objects-normal/arm64/NIOTLS.SwiftFileList --metadata-file-list /Users/steipete/Library/Developer/Xcode/DerivedData/CodeLooper-crrddjihwjtfkwegrjrymctnfixv/Build/Intermediates.noindex/swift-nio.build/Debug/NIOTLS.build/NIOTLS.DependencyMetadataFileList --static-metadata-file-list /Users/steipete/Library/Developer/Xcode/DerivedData/CodeLooper-crrddjihwjtfkwegrjrymctnfixv/Build/Intermediates.noindex/swift-nio.build/Debug/NIOTLS.build/NIOTLS.DependencyStaticMetadataFileList --swift-const-vals-list /Users/steipete/Library/Developer/Xcode/DerivedData/CodeLooper-crrddjihwjtfkwegrjrymctnfixv/Build/Intermediates.noindex/swift-nio.build/Debug/NIOTLS.build/Objects-normal/arm64/NIOTLS.SwiftConstValuesFileList --force --compile-time-extraction --deployment-aware-processing --validate-assistant-intents --no-app-shortcuts-localization
2025-06-10 00:10:45.301 appintentsmetadataprocessor[99023:11271518] Starting appintentsmetadataprocessor export
2025-06-10 00:10:45.337 appintentsmetadataprocessor[99023:11271518] Extracted no relevant App Intents symbols, skipping writing output

ProcessProductPackaging /Users/steipete/Projects/CodeLooper/App/Resources/Entitlements/CodeLooper.entitlements /Users/steipete/Library/Developer/Xcode/DerivedData/CodeLooper-crrddjihwjtfkwegrjrymctnfixv/Build/Intermediates.noindex/CodeLooper.build/Debug/CodeLooper.build/CodeLooper.app.xcent (in target 'CodeLooper' from project 'CodeLooper')
    cd /Users/steipete/Projects/CodeLooper
    
    Entitlements:
    
    {
    "com.apple.security.accessibility" = 1;
    "com.apple.security.automation.apple-events" = 1;
    "com.apple.security.cs.allow-jit" = 1;
    "com.apple.security.cs.allow-unsigned-executable-memory" = 1;
    "com.apple.security.cs.disable-library-validation" = 1;
    "com.apple.security.files.downloads.read-write" = 1;
    "com.apple.security.files.user-selected.read-write" = 1;
    "com.apple.security.get-task-allow" = 1;
    "com.apple.security.network.client" = 1;
}
    
    builtin-productPackagingUtility /Users/steipete/Projects/CodeLooper/App/Resources/Entitlements/CodeLooper.entitlements -entitlements -format xml -o /Users/steipete/Library/Developer/Xcode/DerivedData/CodeLooper-crrddjihwjtfkwegrjrymctnfixv/Build/Intermediates.noindex/CodeLooper.build/Debug/CodeLooper.build/CodeLooper.app.xcent

ProcessProductPackagingDER /Users/steipete/Library/Developer/Xcode/DerivedData/CodeLooper-crrddjihwjtfkwegrjrymctnfixv/Build/Intermediates.noindex/CodeLooper.build/Debug/CodeLooper.build/CodeLooper.app.xcent /Users/steipete/Library/Developer/Xcode/DerivedData/CodeLooper-crrddjihwjtfkwegrjrymctnfixv/Build/Intermediates.noindex/CodeLooper.build/Debug/CodeLooper.build/CodeLooper.app.xcent.der (in target 'CodeLooper' from project 'CodeLooper')
    cd /Users/steipete/Projects/CodeLooper
    /usr/bin/derq query -f xml -i /Users/steipete/Library/Developer/Xcode/DerivedData/CodeLooper-crrddjihwjtfkwegrjrymctnfixv/Build/Intermediates.noindex/CodeLooper.build/Debug/CodeLooper.build/CodeLooper.app.xcent -o /Users/steipete/Library/Developer/Xcode/DerivedData/CodeLooper-crrddjihwjtfkwegrjrymctnfixv/Build/Intermediates.noindex/CodeLooper.build/Debug/CodeLooper.build/CodeLooper.app.xcent.der --raw

ExtractAppIntentsMetadata (in target 'NIOHTTP1' from project 'swift-nio')
    cd /Users/steipete/Library/Developer/Xcode/DerivedData/CodeLooper-crrddjihwjtfkwegrjrymctnfixv/SourcePackages/checkouts/swift-nio
    /Applications/Xcode-beta.app/Contents/Developer/Toolchains/XcodeDefault.xctoolchain/usr/bin/appintentsmetadataprocessor --toolchain-dir /Applications/Xcode-beta.app/Contents/Developer/Toolchains/XcodeDefault.xctoolchain --module-name NIOHTTP1 --sdk-root /Applications/Xcode-beta.app/Contents/Developer/Platforms/MacOSX.platform/Developer/SDKs/MacOSX26.0.sdk --xcode-version 17A5241e --platform-family macOS --deployment-target 10.13 --bundle-identifier swift-nio.NIOHTTP1 --output /Users/steipete/Library/Developer/Xcode/DerivedData/CodeLooper-crrddjihwjtfkwegrjrymctnfixv/Build/Products/Debug/NIOHTTP1.appintents --target-triple arm64-apple-macos10.13 --binary-file /Users/steipete/Library/Developer/Xcode/DerivedData/CodeLooper-crrddjihwjtfkwegrjrymctnfixv/Build/Products/Debug/NIOHTTP1.o --dependency-file /Users/steipete/Library/Developer/Xcode/DerivedData/CodeLooper-crrddjihwjtfkwegrjrymctnfixv/Build/Intermediates.noindex/swift-nio.build/Debug/NIOHTTP1.build/Objects-normal/arm64/NIOHTTP1_dependency_info.dat --stringsdata-file /Users/steipete/Library/Developer/Xcode/DerivedData/CodeLooper-crrddjihwjtfkwegrjrymctnfixv/Build/Intermediates.noindex/swift-nio.build/Debug/NIOHTTP1.build/Objects-normal/arm64/ExtractedAppShortcutsMetadata.stringsdata --source-file-list /Users/steipete/Library/Developer/Xcode/DerivedData/CodeLooper-crrddjihwjtfkwegrjrymctnfixv/Build/Intermediates.noindex/swift-nio.build/Debug/NIOHTTP1.build/Objects-normal/arm64/NIOHTTP1.SwiftFileList --metadata-file-list /Users/steipete/Library/Developer/Xcode/DerivedData/CodeLooper-crrddjihwjtfkwegrjrymctnfixv/Build/Intermediates.noindex/swift-nio.build/Debug/NIOHTTP1.build/NIOHTTP1.DependencyMetadataFileList --static-metadata-file-list /Users/steipete/Library/Developer/Xcode/DerivedData/CodeLooper-crrddjihwjtfkwegrjrymctnfixv/Build/Intermediates.noindex/swift-nio.build/Debug/NIOHTTP1.build/NIOHTTP1.DependencyStaticMetadataFileList --swift-const-vals-list /Users/steipete/Library/Developer/Xcode/DerivedData/CodeLooper-crrddjihwjtfkwegrjrymctnfixv/Build/Intermediates.noindex/swift-nio.build/Debug/NIOHTTP1.build/Objects-normal/arm64/NIOHTTP1.SwiftConstValuesFileList --force --compile-time-extraction --deployment-aware-processing --validate-assistant-intents --no-app-shortcuts-localization
2025-06-10 00:10:45.305 appintentsmetadataprocessor[99025:11271523] Starting appintentsmetadataprocessor export
2025-06-10 00:10:45.341 appintentsmetadataprocessor[99025:11271523] Extracted no relevant App Intents symbols, skipping writing output

MkDir /Users/steipete/Library/Developer/Xcode/DerivedData/CodeLooper-crrddjihwjtfkwegrjrymctnfixv/Build/Intermediates.noindex/CodeLooper.build/Debug/CodeLooper.build/assetcatalog_output/unthinned (in target 'CodeLooper' from project 'CodeLooper')
    cd /Users/steipete/Projects/CodeLooper
    /bin/mkdir -p /Users/steipete/Library/Developer/Xcode/DerivedData/CodeLooper-crrddjihwjtfkwegrjrymctnfixv/Build/Intermediates.noindex/CodeLooper.build/Debug/CodeLooper.build/assetcatalog_output/unthinned

MkDir /Users/steipete/Library/Developer/Xcode/DerivedData/CodeLooper-crrddjihwjtfkwegrjrymctnfixv/Build/Intermediates.noindex/CodeLooper.build/Debug/CodeLooper.build/assetcatalog_output/thinned (in target 'CodeLooper' from project 'CodeLooper')
    cd /Users/steipete/Projects/CodeLooper
    /bin/mkdir -p /Users/steipete/Library/Developer/Xcode/DerivedData/CodeLooper-crrddjihwjtfkwegrjrymctnfixv/Build/Intermediates.noindex/CodeLooper.build/Debug/CodeLooper.build/assetcatalog_output/thinned

GenerateAssetSymbols /Users/steipete/Projects/CodeLooper/App/Resources/Assets.xcassets (in target 'CodeLooper' from project 'CodeLooper')
    cd /Users/steipete/Projects/CodeLooper
    /Applications/Xcode-beta.app/Contents/Developer/usr/bin/actool /Users/steipete/Projects/CodeLooper/App/Resources/Assets.xcassets --compile /Users/steipete/Library/Developer/Xcode/DerivedData/CodeLooper-crrddjihwjtfkwegrjrymctnfixv/Build/Products/Debug/CodeLooper.app/Contents/Resources --output-format human-readable-text --notices --warnings --lightweight-asset-runtime-mode enabled --export-dependency-info /Users/steipete/Library/Developer/Xcode/DerivedData/CodeLooper-crrddjihwjtfkwegrjrymctnfixv/Build/Intermediates.noindex/CodeLooper.build/Debug/CodeLooper.build/assetcatalog_dependencies --output-partial-info-plist /Users/steipete/Library/Developer/Xcode/DerivedData/CodeLooper-crrddjihwjtfkwegrjrymctnfixv/Build/Intermediates.noindex/CodeLooper.build/Debug/CodeLooper.build/assetcatalog_generated_info.plist --app-icon AppIcon --accent-color AccentColor --enable-on-demand-resources NO --development-region en --target-device mac --minimum-deployment-target 14.0 --platform macosx --bundle-identifier me.steipete.codelooper --generate-swift-asset-symbols /Users/steipete/Library/Developer/Xcode/DerivedData/CodeLooper-crrddjihwjtfkwegrjrymctnfixv/Build/Intermediates.noindex/CodeLooper.build/Debug/CodeLooper.build/DerivedSources/GeneratedAssetSymbols.swift --generate-objc-asset-symbols /Users/steipete/Library/Developer/Xcode/DerivedData/CodeLooper-crrddjihwjtfkwegrjrymctnfixv/Build/Intermediates.noindex/CodeLooper.build/Debug/CodeLooper.build/DerivedSources/GeneratedAssetSymbols.h --generate-asset-symbol-index /Users/steipete/Library/Developer/Xcode/DerivedData/CodeLooper-crrddjihwjtfkwegrjrymctnfixv/Build/Intermediates.noindex/CodeLooper.build/Debug/CodeLooper.build/DerivedSources/GeneratedAssetSymbols-Index.plist
/* com.apple.actool.compilation-results */
/Users/steipete/Library/Developer/Xcode/DerivedData/CodeLooper-crrddjihwjtfkwegrjrymctnfixv/Build/Intermediates.noindex/CodeLooper.build/Debug/CodeLooper.build/DerivedSources/GeneratedAssetSymbols-Index.plist
/Users/steipete/Library/Developer/Xcode/DerivedData/CodeLooper-crrddjihwjtfkwegrjrymctnfixv/Build/Intermediates.noindex/CodeLooper.build/Debug/CodeLooper.build/DerivedSources/GeneratedAssetSymbols.h
/Users/steipete/Library/Developer/Xcode/DerivedData/CodeLooper-crrddjihwjtfkwegrjrymctnfixv/Build/Intermediates.noindex/CodeLooper.build/Debug/CodeLooper.build/DerivedSources/GeneratedAssetSymbols.swift


CompileAssetCatalogVariant thinned /Users/steipete/Library/Developer/Xcode/DerivedData/CodeLooper-crrddjihwjtfkwegrjrymctnfixv/Build/Products/Debug/CodeLooper.app/Contents/Resources /Users/steipete/Projects/CodeLooper/App/Resources/Assets.xcassets (in target 'CodeLooper' from project 'CodeLooper')
    cd /Users/steipete/Projects/CodeLooper
    /Applications/Xcode-beta.app/Contents/Developer/usr/bin/actool /Users/steipete/Projects/CodeLooper/App/Resources/Assets.xcassets --compile /Users/steipete/Library/Developer/Xcode/DerivedData/CodeLooper-crrddjihwjtfkwegrjrymctnfixv/Build/Intermediates.noindex/CodeLooper.build/Debug/CodeLooper.build/assetcatalog_output/thinned --output-format human-readable-text --notices --warnings --lightweight-asset-runtime-mode enabled --export-dependency-info /Users/steipete/Library/Developer/Xcode/DerivedData/CodeLooper-crrddjihwjtfkwegrjrymctnfixv/Build/Intermediates.noindex/CodeLooper.build/Debug/CodeLooper.build/assetcatalog_dependencies_thinned --output-partial-info-plist /Users/steipete/Library/Developer/Xcode/DerivedData/CodeLooper-crrddjihwjtfkwegrjrymctnfixv/Build/Intermediates.noindex/CodeLooper.build/Debug/CodeLooper.build/assetcatalog_generated_info.plist_thinned --app-icon AppIcon --accent-color AccentColor --enable-on-demand-resources NO --development-region en --target-device mac --minimum-deployment-target 14.0 --platform macosx
dyld[99028]: symbol '_kFigCaptionRegionDisplayAlign_Before' missing from root that overrides /System/Library/Frameworks/CoreMedia.framework/Versions/A/CoreMedia. Use of that symbol in /System/Library/PrivateFrameworks/AVFCore.framework/Versions/A/AVFCore is being set to 0xBAD4007.
dyld[99028]: symbol '_kFigCaptionRegionDisplayAlign_After' missing from root that overrides /System/Library/Frameworks/CoreMedia.framework/Versions/A/CoreMedia. Use of that symbol in /System/Library/PrivateFrameworks/AVFCore.framework/Versions/A/AVFCore is being set to 0xBAD4007.
dyld[99028]: symbol '_kFigCaptionRegionDisplayAlign_Center' missing from root that overrides /System/Library/Frameworks/CoreMedia.framework/Versions/A/CoreMedia. Use of that symbol in /System/Library/PrivateFrameworks/AVFCore.framework/Versions/A/AVFCore is being set to 0xBAD4007.
dyld[99028]: symbol '_kFigCaptionTextAlign_Start' missing from root that overrides /System/Library/Frameworks/CoreMedia.framework/Versions/A/CoreMedia. Use of that symbol in /System/Library/PrivateFrameworks/AVFCore.framework/Versions/A/AVFCore is being set to 0xBAD4007.
dyld[99028]: symbol '_kFigCaptionTextAlign_End' missing from root that overrides /System/Library/Frameworks/CoreMedia.framework/Versions/A/CoreMedia. Use of that symbol in /System/Library/PrivateFrameworks/AVFCore.framework/Versions/A/AVFCore is being set to 0xBAD4007.
dyld[99028]: symbol '_kFigCaptionTextAlign_Center' missing from root that overrides /System/Library/Frameworks/CoreMedia.framework/Versions/A/CoreMedia. Use of that symbol in /System/Library/PrivateFrameworks/AVFCore.framework/Versions/A/AVFCore is being set to 0xBAD4007.
dyld[99028]: symbol '_kFigCaptionTextAlign_Left' missing from root that overrides /System/Library/Frameworks/CoreMedia.framework/Versions/A/CoreMedia. Use of that symbol in /System/Library/PrivateFrameworks/AVFCore.framework/Versions/A/AVFCore is being set to 0xBAD4007.
dyld[99028]: symbol '_kFigCaptionTextAlign_Right' missing from root that overrides /System/Library/Frameworks/CoreMedia.framework/Versions/A/CoreMedia. Use of that symbol in /System/Library/PrivateFrameworks/AVFCore.framework/Versions/A/AVFCore is being set to 0xBAD4007.
dyld[99028]: symbol '_kFigEndpointNotification_AuthenticationSucceeded' missing from root that overrides /System/Library/Frameworks/CoreMedia.framework/Versions/A/CoreMedia. Use of that symbol in /System/Library/PrivateFrameworks/AVFCore.framework/Versions/A/AVFCore is being set to 0xBAD4007.
dyld[99028]: symbol '_kFigEndpointNotification_iOSUIRequested' missing from root that overrides /System/Library/Frameworks/CoreMedia.framework/Versions/A/CoreMedia. Use of that symbol in /System/Library/PrivateFrameworks/AVFCore.framework/Versions/A/AVFCore is being set to 0xBAD4007.
dyld[99028]: symbol '_kFigEndpointNotification_SiriRequested' missing from root that overrides /System/Library/Frameworks/CoreMedia.framework/Versions/A/CoreMedia. Use of that symbol in /System/Library/PrivateFrameworks/AVFCore.framework/Versions/A/AVFCore is being set to 0xBAD4007.
dyld[99028]: symbol '_kFigEndPointNotification_EnhancedSiriParametersChanged' missing from root that overrides /System/Library/Frameworks/CoreMedia.framework/Versions/A/CoreMedia. Use of that symbol in /System/Library/PrivateFrameworks/AVFCore.framework/Versions/A/AVFCore is being set to 0xBAD4007.
dyld[99028]: symbol '_kFigEndpointNotification_NightModeChanged' missing from root that overrides /System/Library/Frameworks/CoreMedia.framework/Versions/A/CoreMedia. Use of that symbol in /System/Library/PrivateFrameworks/AVFCore.framework/Versions/A/AVFCore is being set to 0xBAD4007.
dyld[99028]: symbol '_kFigEndpointNotification_LimitedUIChanged' missing from root that overrides /System/Library/Frameworks/CoreMedia.framework/Versions/A/CoreMedia. Use of that symbol in /System/Library/PrivateFrameworks/AVFCore.framework/Versions/A/AVFCore is being set to 0xBAD4007.
dyld[99028]: symbol '_kFigEndpointNotification_PerformanceReportPosted' missing from root that overrides /System/Library/Frameworks/CoreMedia.framework/Versions/A/CoreMedia. Use of that symbol in /System/Library/PrivateFrameworks/AVFCore.framework/Versions/A/AVFCore is being set to 0xBAD4007.
dyld[99028]: symbol '_kFigEndpointNotification_UnhandledRemoteEvent' missing from root that overrides /System/Library/Frameworks/CoreMedia.framework/Versions/A/CoreMedia. Use of that symbol in /System/Library/PrivateFrameworks/AVFCore.framework/Versions/A/AVFCore is being set to 0xBAD4007.
dyld[99028]: symbol '_kFigEndpointNotification_CarPlayTest' missing from root that overrides /System/Library/Frameworks/CoreMedia.framework/Versions/A/CoreMedia. Use of that symbol in /System/Library/PrivateFrameworks/AVFCore.framework/Versions/A/AVFCore is being set to 0xBAD4007.
dyld[99028]: symbol '_kFigVideoQueueNotification_NowBelowLowWaterLevel' missing from root that overrides /System/Library/Frameworks/MediaToolbox.framework/Versions/A/MediaToolbox. Use of that symbol in /System/Library/PrivateFrameworks/AVFCore.framework/Versions/A/AVFCore is being set to 0xBAD4007.
dyld[99028]: symbol '_kFigVideoQueueNotification_DecodeError' missing from root that overrides /System/Library/Frameworks/MediaToolbox.framework/Versions/A/MediaToolbox. Use of that symbol in /System/Library/PrivateFrameworks/AVFCore.framework/Versions/A/AVFCore is being set to 0xBAD4007.
dyld[99028]: symbol '_kFigVideoQueueNotification_Failed' missing from root that overrides /System/Library/Frameworks/MediaToolbox.framework/Versions/A/MediaToolbox. Use of that symbol in /System/Library/PrivateFrameworks/AVFCore.framework/Versions/A/AVFCore is being set to 0xBAD4007.
dyld[99028]: symbol '_kFigVideoQueueNotification_ExternalProtectionStatusChanged' missing from root that overrides /System/Library/Frameworks/MediaToolbox.framework/Versions/A/MediaToolbox. Use of that symbol in /System/Library/PrivateFrameworks/AVFCore.framework/Versions/A/AVFCore is being set to 0xBAD4007.
dyld[99028]: symbol '_kFigVideoQueueNotification_FlushComplete' missing from root that overrides /System/Library/Frameworks/MediaToolbox.framework/Versions/A/MediaToolbox. Use of that symbol in /System/Library/PrivateFrameworks/AVFCore.framework/Versions/A/AVFCore is being set to 0xBAD4007.
dyld[99028]: symbol '_kFigVideoQueueNotification_CompletedDecodeForPreroll' missing from root that overrides /System/Library/Frameworks/MediaToolbox.framework/Versions/A/MediaToolbox. Use of that symbol in /System/Library/PrivateFrameworks/AVFCore.framework/Versions/A/AVFCore is being set to 0xBAD4007.
dyld[99028]: symbol '_kFigVideoQueueNotification_FirstVideoFrameEnqueued' missing from root that overrides /System/Library/Frameworks/MediaToolbox.framework/Versions/A/MediaToolbox. Use of that symbol in /System/Library/PrivateFrameworks/AVFCore.framework/Versions/A/AVFCore is being set to 0xBAD4007.
dyld[99028]: symbol '_kFigVideoQueueNotification_LostDecoderState' missing from root that overrides /System/Library/Frameworks/MediaToolbox.framework/Versions/A/MediaToolbox. Use of that symbol in /System/Library/PrivateFrameworks/AVFCore.framework/Versions/A/AVFCore is being set to 0xBAD4007.
dyld[99028]: symbol '_OBJC_CLASS_$_FigBaseCALayer' missing from root that overrides /System/Library/Frameworks/MediaToolbox.framework/Versions/A/MediaToolbox. Use of that symbol in /System/Library/PrivateFrameworks/AVFCore.framework/Versions/A/AVFCore is being set to 0xBAD4007.
dyld[99028]: symbol '_OBJC_METACLASS_$_FigBaseCALayer' missing from root that overrides /System/Library/Frameworks/MediaToolbox.framework/Versions/A/MediaToolbox. Use of that symbol in /System/Library/PrivateFrameworks/AVFCore.framework/Versions/A/AVFCore is being set to 0xBAD4007.
/* com.apple.actool.compilation-results */
/Users/steipete/Library/Developer/Xcode/DerivedData/CodeLooper-crrddjihwjtfkwegrjrymctnfixv/Build/Intermediates.noindex/CodeLooper.build/Debug/CodeLooper.build/assetcatalog_generated_info.plist_thinned
/Users/steipete/Library/Developer/Xcode/DerivedData/CodeLooper-crrddjihwjtfkwegrjrymctnfixv/Build/Intermediates.noindex/CodeLooper.build/Debug/CodeLooper.build/assetcatalog_output/thinned/AppIcon.icns
/Users/steipete/Library/Developer/Xcode/DerivedData/CodeLooper-crrddjihwjtfkwegrjrymctnfixv/Build/Intermediates.noindex/CodeLooper.build/Debug/CodeLooper.build/assetcatalog_output/thinned/Assets.car


SwiftDriverJobDiscovery normal arm64 Compiling PersistError.swift, ByteBuffer+foundation.swift, DateCache.swift, HTTPHeaderDateFormatStyle.swift (in target 'Hummingbird' from project 'hummingbird')

SwiftDriver CodeLooper normal arm64 com.apple.xcode.tools.swift.compiler (in target 'CodeLooper' from project 'CodeLooper')
    cd /Users/steipete/Projects/CodeLooper
    builtin-SwiftDriver -- /Applications/Xcode-beta.app/Contents/Developer/Toolchains/XcodeDefault.xctoolchain/usr/bin/swiftc -module-name CodeLooper -Onone -enforce-exclusivity\=checked @/Users/steipete/Library/Developer/Xcode/DerivedData/CodeLooper-crrddjihwjtfkwegrjrymctnfixv/Build/Intermediates.noindex/CodeLooper.build/Debug/CodeLooper.build/Objects-normal/arm64/CodeLooper.SwiftFileList -DDEBUG -Xcc -fmodule-map-file\=/Users/steipete/Library/Developer/Xcode/DerivedData/CodeLooper-crrddjihwjtfkwegrjrymctnfixv/Build/Intermediates.noindex/GeneratedModuleMaps/CNIOLLHTTP.modulemap -Xcc -fmodule-map-file\=/Users/steipete/Library/Developer/Xcode/DerivedData/CodeLooper-crrddjihwjtfkwegrjrymctnfixv/Build/Intermediates.noindex/GeneratedModuleMaps/CNIOWASI.modulemap -Xcc -fmodule-map-file\=/Users/steipete/Library/Developer/Xcode/DerivedData/CodeLooper-crrddjihwjtfkwegrjrymctnfixv/Build/Intermediates.noindex/GeneratedModuleMaps/CNIOLinux.modulemap -Xcc -fmodule-map-file\=/Users/steipete/Library/Developer/Xcode/DerivedData/CodeLooper-crrddjihwjtfkwegrjrymctnfixv/Build/Intermediates.noindex/GeneratedModuleMaps/CNIODarwin.modulemap -Xcc -fmodule-map-file\=/Users/steipete/Library/Developer/Xcode/DerivedData/CodeLooper-crrddjihwjtfkwegrjrymctnfixv/Build/Intermediates.noindex/GeneratedModuleMaps/CNIOAtomics.modulemap -warn-concurrency -enable-actor-data-race-checks -strict-concurrency\=complete -enable-experimental-feature DebugDescriptionMacro -sdk /Applications/Xcode-beta.app/Contents/Developer/Platforms/MacOSX.platform/Developer/SDKs/MacOSX26.0.sdk -target arm64-apple-macos14.0 -g -module-cache-path /Users/steipete/Library/Developer/Xcode/DerivedData/ModuleCache.noindex -Xfrontend -serialize-debugging-options -profile-coverage-mapping -profile-generate -enable-testing -index-store-path /Users/steipete/Library/Developer/Xcode/DerivedData/CodeLooper-crrddjihwjtfkwegrjrymctnfixv/Index.noindex/DataStore -swift-version 6 -I /Users/steipete/Library/Developer/Xcode/DerivedData/CodeLooper-crrddjihwjtfkwegrjrymctnfixv/Build/Products/Debug -F /Users/steipete/Library/Developer/Xcode/DerivedData/CodeLooper-crrddjihwjtfkwegrjrymctnfixv/Build/Products/Debug/PackageFrameworks -F /Users/steipete/Library/Developer/Xcode/DerivedData/CodeLooper-crrddjihwjtfkwegrjrymctnfixv/Build/Products/Debug/PackageFrameworks -F /Users/steipete/Library/Developer/Xcode/DerivedData/CodeLooper-crrddjihwjtfkwegrjrymctnfixv/Build/Products/Debug/PackageFrameworks -F /Users/steipete/Library/Developer/Xcode/DerivedData/CodeLooper-crrddjihwjtfkwegrjrymctnfixv/Build/Products/Debug/PackageFrameworks -F /Users/steipete/Library/Developer/Xcode/DerivedData/CodeLooper-crrddjihwjtfkwegrjrymctnfixv/Build/Products/Debug/PackageFrameworks -F /Users/steipete/Library/Developer/Xcode/DerivedData/CodeLooper-crrddjihwjtfkwegrjrymctnfixv/Build/Products/Debug/PackageFrameworks -F /Users/steipete/Library/Developer/Xcode/DerivedData/CodeLooper-crrddjihwjtfkwegrjrymctnfixv/Build/Products/Debug/PackageFrameworks -F /Users/steipete/Library/Developer/Xcode/DerivedData/CodeLooper-crrddjihwjtfkwegrjrymctnfixv/Build/Products/Debug/PackageFrameworks -F /Users/steipete/Library/Developer/Xcode/DerivedData/CodeLooper-crrddjihwjtfkwegrjrymctnfixv/Build/Products/Debug/PackageFrameworks -F /Users/steipete/Library/Developer/Xcode/DerivedData/CodeLooper-crrddjihwjtfkwegrjrymctnfixv/Build/Products/Debug/PackageFrameworks -F /Users/steipete/Library/Developer/Xcode/DerivedData/CodeLooper-crrddjihwjtfkwegrjrymctnfixv/Build/Products/Debug/PackageFrameworks -F /Users/steipete/Library/Developer/Xcode/DerivedData/CodeLooper-crrddjihwjtfkwegrjrymctnfixv/Build/Products/Debug/PackageFrameworks -F /Users/steipete/Library/Developer/Xcode/DerivedData/CodeLooper-crrddjihwjtfkwegrjrymctnfixv/Build/Products/Debug/PackageFrameworks -F /Users/steipete/Library/Developer/Xcode/DerivedData/CodeLooper-crrddjihwjtfkwegrjrymctnfixv/Build/Products/Debug/PackageFrameworks -F /Users/steipete/Library/Developer/Xcode/DerivedData/CodeLooper-crrddjihwjtfkwegrjrymctnfixv/Build/Products/Debug/PackageFrameworks -F /Users/steipete/Library/Developer/Xcode/DerivedData/CodeLooper-crrddjihwjtfkwegrjrymctnfixv/Build/Products/Debug/PackageFrameworks -F /Users/steipete/Library/Developer/Xcode/DerivedData/CodeLooper-crrddjihwjtfkwegrjrymctnfixv/Build/Products/Debug/PackageFrameworks -F /Users/steipete/Library/Developer/Xcode/DerivedData/CodeLooper-crrddjihwjtfkwegrjrymctnfixv/Build/Products/Debug/PackageFrameworks -F /Users/steipete/Library/Developer/Xcode/DerivedData/CodeLooper-crrddjihwjtfkwegrjrymctnfixv/Build/Products/Debug/PackageFrameworks -F /Users/steipete/Library/Developer/Xcode/DerivedData/CodeLooper-crrddjihwjtfkwegrjrymctnfixv/Build/Products/Debug/PackageFrameworks -F /Users/steipete/Library/Developer/Xcode/DerivedData/CodeLooper-crrddjihwjtfkwegrjrymctnfixv/Build/Products/Debug/PackageFrameworks -F /Users/steipete/Library/Developer/Xcode/DerivedData/CodeLooper-crrddjihwjtfkwegrjrymctnfixv/Build/Products/Debug/PackageFrameworks -F /Users/steipete/Library/Developer/Xcode/DerivedData/CodeLooper-crrddjihwjtfkwegrjrymctnfixv/Build/Products/Debug/PackageFrameworks -F /Users/steipete/Library/Developer/Xcode/DerivedData/CodeLooper-crrddjihwjtfkwegrjrymctnfixv/Build/Products/Debug/PackageFrameworks -F /Users/steipete/Library/Developer/Xcode/DerivedData/CodeLooper-crrddjihwjtfkwegrjrymctnfixv/Build/Products/Debug/PackageFrameworks -F /Users/steipete/Library/Developer/Xcode/DerivedData/CodeLooper-crrddjihwjtfkwegrjrymctnfixv/Build/Products/Debug/PackageFrameworks -F /Users/steipete/Library/Developer/Xcode/DerivedData/CodeLooper-crrddjihwjtfkwegrjrymctnfixv/Build/Products/Debug/PackageFrameworks -F /Users/steipete/Library/Developer/Xcode/DerivedData/CodeLooper-crrddjihwjtfkwegrjrymctnfixv/Build/Products/Debug/PackageFrameworks -F /Users/steipete/Library/Developer/Xcode/DerivedData/CodeLooper-crrddjihwjtfkwegrjrymctnfixv/Build/Products/Debug/PackageFrameworks -F /Users/steipete/Library/Developer/Xcode/DerivedData/CodeLooper-crrddjihwjtfkwegrjrymctnfixv/Build/Products/Debug/PackageFrameworks -F /Users/steipete/Library/Developer/Xcode/DerivedData/CodeLooper-crrddjihwjtfkwegrjrymctnfixv/Build/Products/Debug/PackageFrameworks -F /Users/steipete/Library/Developer/Xcode/DerivedData/CodeLooper-crrddjihwjtfkwegrjrymctnfixv/Build/Products/Debug/PackageFrameworks -F /Users/steipete/Library/Developer/Xcode/DerivedData/CodeLooper-crrddjihwjtfkwegrjrymctnfixv/Build/Products/Debug/PackageFrameworks -F /Users/steipete/Library/Developer/Xcode/DerivedData/CodeLooper-crrddjihwjtfkwegrjrymctnfixv/Build/Products/Debug/PackageFrameworks -F /Users/steipete/Library/Developer/Xcode/DerivedData/CodeLooper-crrddjihwjtfkwegrjrymctnfixv/Build/Products/Debug/PackageFrameworks -F /Users/steipete/Library/Developer/Xcode/DerivedData/CodeLooper-crrddjihwjtfkwegrjrymctnfixv/Build/Products/Debug/PackageFrameworks -F /Users/steipete/Library/Developer/Xcode/DerivedData/CodeLooper-crrddjihwjtfkwegrjrymctnfixv/Build/Products/Debug/PackageFrameworks -F /Users/steipete/Library/Developer/Xcode/DerivedData/CodeLooper-crrddjihwjtfkwegrjrymctnfixv/Build/Products/Debug/PackageFrameworks -F /Users/steipete/Library/Developer/Xcode/DerivedData/CodeLooper-crrddjihwjtfkwegrjrymctnfixv/Build/Products/Debug/PackageFrameworks -F /Users/steipete/Library/Developer/Xcode/DerivedData/CodeLooper-crrddjihwjtfkwegrjrymctnfixv/Build/Products/Debug/PackageFrameworks -F /Users/steipete/Library/Developer/Xcode/DerivedData/CodeLooper-crrddjihwjtfkwegrjrymctnfixv/Build/Products/Debug/PackageFrameworks -F /Users/steipete/Library/Developer/Xcode/DerivedData/CodeLooper-crrddjihwjtfkwegrjrymctnfixv/Build/Products/Debug/PackageFrameworks -F /Users/steipete/Library/Developer/Xcode/DerivedData/CodeLooper-crrddjihwjtfkwegrjrymctnfixv/Build/Products/Debug/PackageFrameworks -F /Users/steipete/Library/Developer/Xcode/DerivedData/CodeLooper-crrddjihwjtfkwegrjrymctnfixv/Build/Products/Debug/PackageFrameworks -F /Users/steipete/Library/Developer/Xcode/DerivedData/CodeLooper-crrddjihwjtfkwegrjrymctnfixv/Build/Products/Debug/PackageFrameworks -F /Users/steipete/Library/Developer/Xcode/DerivedData/CodeLooper-crrddjihwjtfkwegrjrymctnfixv/Build/Products/Debug/PackageFrameworks -F /Users/steipete/Library/Developer/Xcode/DerivedData/CodeLooper-crrddjihwjtfkwegrjrymctnfixv/Build/Products/Debug/PackageFrameworks -F /Users/steipete/Library/Developer/Xcode/DerivedData/CodeLooper-crrddjihwjtfkwegrjrymctnfixv/Build/Products/Debug/PackageFrameworks -F /Users/steipete/Library/Developer/Xcode/DerivedData/CodeLooper-crrddjihwjtfkwegrjrymctnfixv/Build/Products/Debug/PackageFrameworks -F /Users/steipete/Library/Developer/Xcode/DerivedData/CodeLooper-crrddjihwjtfkwegrjrymctnfixv/Build/Products/Debug/PackageFrameworks -F /Users/steipete/Library/Developer/Xcode/DerivedData/CodeLooper-crrddjihwjtfkwegrjrymctnfixv/Build/Products/Debug/PackageFrameworks -F /Users/steipete/Library/Developer/Xcode/DerivedData/CodeLooper-crrddjihwjtfkwegrjrymctnfixv/Build/Products/Debug/PackageFrameworks -F /Users/steipete/Library/Developer/Xcode/DerivedData/CodeLooper-crrddjihwjtfkwegrjrymctnfixv/Build/Products/Debug/PackageFrameworks -F /Users/steipete/Library/Developer/Xcode/DerivedData/CodeLooper-crrddjihwjtfkwegrjrymctnfixv/Build/Products/Debug/PackageFrameworks -F /Users/steipete/Library/Developer/Xcode/DerivedData/CodeLooper-crrddjihwjtfkwegrjrymctnfixv/Build/Products/Debug/PackageFrameworks -F /Users/steipete/Library/Developer/Xcode/DerivedData/CodeLooper-crrddjihwjtfkwegrjrymctnfixv/Build/Products/Debug -c -j16 -enable-batch-mode -incremental -Xcc -ivfsstatcache -Xcc /Users/steipete/Library/Developer/Xcode/DerivedData/SDKStatCaches.noindex/macosx26.0-25A5279m-5d9328ff1a6613a11d359de947506b52.sdkstatcache -output-file-map /Users/steipete/Library/Developer/Xcode/DerivedData/CodeLooper-crrddjihwjtfkwegrjrymctnfixv/Build/Intermediates.noindex/CodeLooper.build/Debug/CodeLooper.build/Objects-normal/arm64/CodeLooper-OutputFileMap.json -use-frontend-parseable-output -save-temps -no-color-diagnostics -explicit-module-build -module-cache-path /Users/steipete/Library/Developer/Xcode/DerivedData/CodeLooper-crrddjihwjtfkwegrjrymctnfixv/Build/Intermediates.noindex/SwiftExplicitPrecompiledModules -clang-scanner-module-cache-path /Users/steipete/Library/Developer/Xcode/DerivedData/ModuleCache.noindex -sdk-module-cache-path /Users/steipete/Library/Developer/Xcode/DerivedData/ModuleCache.noindex -serialize-diagnostics -emit-dependencies -emit-module -emit-module-path /Users/steipete/Library/Developer/Xcode/DerivedData/CodeLooper-crrddjihwjtfkwegrjrymctnfixv/Build/Intermediates.noindex/CodeLooper.build/Debug/CodeLooper.build/Objects-normal/arm64/CodeLooper.swiftmodule -validate-clang-modules-once -clang-build-session-file /Users/steipete/Library/Developer/Xcode/DerivedData/ModuleCache.noindex/Session.modulevalidation -Xcc -I/Users/steipete/Library/Developer/Xcode/DerivedData/CodeLooper-crrddjihwjtfkwegrjrymctnfixv/Build/Intermediates.noindex/CodeLooper.build/Debug/CodeLooper.build/swift-overrides.hmap -emit-const-values -Xfrontend -const-gather-protocols-file -Xfrontend /Users/steipete/Library/Developer/Xcode/DerivedData/CodeLooper-crrddjihwjtfkwegrjrymctnfixv/Build/Intermediates.noindex/CodeLooper.build/Debug/CodeLooper.build/Objects-normal/arm64/CodeLooper_const_extract_protocols.json -Xcc -iquote -Xcc /Users/steipete/Library/Developer/Xcode/DerivedData/CodeLooper-crrddjihwjtfkwegrjrymctnfixv/Build/Intermediates.noindex/CodeLooper.build/Debug/CodeLooper.build/CodeLooper-generated-files.hmap -Xcc -I/Users/steipete/Library/Developer/Xcode/DerivedData/CodeLooper-crrddjihwjtfkwegrjrymctnfixv/Build/Intermediates.noindex/CodeLooper.build/Debug/CodeLooper.build/CodeLooper-own-target-headers.hmap -Xcc -I/Users/steipete/Library/Developer/Xcode/DerivedData/CodeLooper-crrddjihwjtfkwegrjrymctnfixv/Build/Intermediates.noindex/CodeLooper.build/Debug/CodeLooper.build/CodeLooper-all-non-framework-target-headers.hmap -Xcc -ivfsoverlay -Xcc /Users/steipete/Library/Developer/Xcode/DerivedData/CodeLooper-crrddjihwjtfkwegrjrymctnfixv/Build/Intermediates.noindex/CodeLooper.build/Debug/CodeLooper-de2ef41cd89caf5bcf7af683064774d7-VFS/all-product-headers.yaml -Xcc -iquote -Xcc /Users/steipete/Library/Developer/Xcode/DerivedData/CodeLooper-crrddjihwjtfkwegrjrymctnfixv/Build/Intermediates.noindex/CodeLooper.build/Debug/CodeLooper.build/CodeLooper-project-headers.hmap -Xcc -I/Users/steipete/Library/Developer/Xcode/DerivedData/CodeLooper-crrddjihwjtfkwegrjrymctnfixv/SourcePackages/checkouts/swift-nio/Sources/CNIOLLHTTP/include -Xcc -I/Users/steipete/Library/Developer/Xcode/DerivedData/CodeLooper-crrddjihwjtfkwegrjrymctnfixv/SourcePackages/checkouts/swift-nio/Sources/CNIOWASI/include -Xcc -I/Users/steipete/Library/Developer/Xcode/DerivedData/CodeLooper-crrddjihwjtfkwegrjrymctnfixv/SourcePackages/checkouts/swift-nio/Sources/CNIOWindows/include -Xcc -I/Users/steipete/Library/Developer/Xcode/DerivedData/CodeLooper-crrddjihwjtfkwegrjrymctnfixv/SourcePackages/checkouts/swift-nio/Sources/CNIOLinux/include -Xcc -I/Users/steipete/Library/Developer/Xcode/DerivedData/CodeLooper-crrddjihwjtfkwegrjrymctnfixv/SourcePackages/checkouts/swift-nio/Sources/CNIODarwin/include -Xcc -I/Users/steipete/Library/Developer/Xcode/DerivedData/CodeLooper-crrddjihwjtfkwegrjrymctnfixv/SourcePackages/checkouts/swift-nio/Sources/CNIOAtomics/include -Xcc -I/Users/steipete/Library/Developer/Xcode/DerivedData/CodeLooper-crrddjihwjtfkwegrjrymctnfixv/SourcePackages/checkouts/swift-atomics/Sources/_AtomicsShims/include -Xcc -I/Users/steipete/Library/Developer/Xcode/DerivedData/CodeLooper-crrddjihwjtfkwegrjrymctnfixv/Build/Products/Debug/include -Xcc -I/Users/steipete/Library/Developer/Xcode/DerivedData/CodeLooper-crrddjihwjtfkwegrjrymctnfixv/Build/Intermediates.noindex/CodeLooper.build/Debug/CodeLooper.build/DerivedSources-normal/arm64 -Xcc -I/Users/steipete/Library/Developer/Xcode/DerivedData/CodeLooper-crrddjihwjtfkwegrjrymctnfixv/Build/Intermediates.noindex/CodeLooper.build/Debug/CodeLooper.build/DerivedSources/arm64 -Xcc -I/Users/steipete/Library/Developer/Xcode/DerivedData/CodeLooper-crrddjihwjtfkwegrjrymctnfixv/Build/Intermediates.noindex/CodeLooper.build/Debug/CodeLooper.build/DerivedSources -Xcc -DDEBUG\=1 -emit-objc-header -emit-objc-header-path /Users/steipete/Library/Developer/Xcode/DerivedData/CodeLooper-crrddjihwjtfkwegrjrymctnfixv/Build/Intermediates.noindex/CodeLooper.build/Debug/CodeLooper.build/Objects-normal/arm64/CodeLooper-Swift.h -working-directory /Users/steipete/Projects/CodeLooper -experimental-emit-module-separately -disable-cmo

RegisterExecutionPolicyException /Users/steipete/Library/Developer/Xcode/DerivedData/CodeLooper-crrddjihwjtfkwegrjrymctnfixv/Build/Products/Debug/OpenAI.o (in target 'OpenAI' from project 'OpenAI')
    cd /Users/steipete/Library/Developer/Xcode/DerivedData/CodeLooper-crrddjihwjtfkwegrjrymctnfixv/SourcePackages/checkouts/OpenAI
    builtin-RegisterExecutionPolicyException /Users/steipete/Library/Developer/Xcode/DerivedData/CodeLooper-crrddjihwjtfkwegrjrymctnfixv/Build/Products/Debug/OpenAI.o

RegisterExecutionPolicyException /Users/steipete/Library/Developer/Xcode/DerivedData/CodeLooper-crrddjihwjtfkwegrjrymctnfixv/Build/Products/Debug/NIOFoundationCompat.o (in target 'NIOFoundationCompat' from project 'swift-nio')
    cd /Users/steipete/Library/Developer/Xcode/DerivedData/CodeLooper-crrddjihwjtfkwegrjrymctnfixv/SourcePackages/checkouts/swift-nio
    builtin-RegisterExecutionPolicyException /Users/steipete/Library/Developer/Xcode/DerivedData/CodeLooper-crrddjihwjtfkwegrjrymctnfixv/Build/Products/Debug/NIOFoundationCompat.o

RegisterExecutionPolicyException /Users/steipete/Library/Developer/Xcode/DerivedData/CodeLooper-crrddjihwjtfkwegrjrymctnfixv/Build/Products/Debug/NIOTLS.o (in target 'NIOTLS' from project 'swift-nio')
    cd /Users/steipete/Library/Developer/Xcode/DerivedData/CodeLooper-crrddjihwjtfkwegrjrymctnfixv/SourcePackages/checkouts/swift-nio
    builtin-RegisterExecutionPolicyException /Users/steipete/Library/Developer/Xcode/DerivedData/CodeLooper-crrddjihwjtfkwegrjrymctnfixv/Build/Products/Debug/NIOTLS.o

RegisterExecutionPolicyException /Users/steipete/Library/Developer/Xcode/DerivedData/CodeLooper-crrddjihwjtfkwegrjrymctnfixv/Build/Products/Debug/NIOHTTP1.o (in target 'NIOHTTP1' from project 'swift-nio')
    cd /Users/steipete/Library/Developer/Xcode/DerivedData/CodeLooper-crrddjihwjtfkwegrjrymctnfixv/SourcePackages/checkouts/swift-nio
    builtin-RegisterExecutionPolicyException /Users/steipete/Library/Developer/Xcode/DerivedData/CodeLooper-crrddjihwjtfkwegrjrymctnfixv/Build/Products/Debug/NIOHTTP1.o

Ld /Users/steipete/Library/Developer/Xcode/DerivedData/CodeLooper-crrddjihwjtfkwegrjrymctnfixv/Build/Products/Debug/NIOTransportServices.o normal (in target 'NIOTransportServices' from project 'swift-nio-transport-services')
    cd /Users/steipete/Library/Developer/Xcode/DerivedData/CodeLooper-crrddjihwjtfkwegrjrymctnfixv/SourcePackages/checkouts/swift-nio-transport-services
    /Applications/Xcode-beta.app/Contents/Developer/Toolchains/XcodeDefault.xctoolchain/usr/bin/clang -Xlinker -reproducible -target arm64-apple-macos10.13 -r -isysroot /Applications/Xcode-beta.app/Contents/Developer/Platforms/MacOSX.platform/Developer/SDKs/MacOSX26.0.sdk -O0 -w -L/Users/steipete/Library/Developer/Xcode/DerivedData/CodeLooper-crrddjihwjtfkwegrjrymctnfixv/Build/Intermediates.noindex/EagerLinkingTBDs/Debug -L/Users/steipete/Library/Developer/Xcode/DerivedData/CodeLooper-crrddjihwjtfkwegrjrymctnfixv/Build/Products/Debug -L/Applications/Xcode-beta.app/Contents/Developer/Platforms/MacOSX.platform/Developer/usr/lib -F/Users/steipete/Library/Developer/Xcode/DerivedData/CodeLooper-crrddjihwjtfkwegrjrymctnfixv/Build/Intermediates.noindex/EagerLinkingTBDs/Debug -F/Users/steipete/Library/Developer/Xcode/DerivedData/CodeLooper-crrddjihwjtfkwegrjrymctnfixv/Build/Products/Debug/PackageFrameworks -F/Users/steipete/Library/Developer/Xcode/DerivedData/CodeLooper-crrddjihwjtfkwegrjrymctnfixv/Build/Products/Debug/PackageFrameworks -F/Users/steipete/Library/Developer/Xcode/DerivedData/CodeLooper-crrddjihwjtfkwegrjrymctnfixv/Build/Products/Debug/PackageFrameworks -F/Users/steipete/Library/Developer/Xcode/DerivedData/CodeLooper-crrddjihwjtfkwegrjrymctnfixv/Build/Products/Debug/PackageFrameworks -F/Users/steipete/Library/Developer/Xcode/DerivedData/CodeLooper-crrddjihwjtfkwegrjrymctnfixv/Build/Products/Debug/PackageFrameworks -F/Users/steipete/Library/Developer/Xcode/DerivedData/CodeLooper-crrddjihwjtfkwegrjrymctnfixv/Build/Products/Debug/PackageFrameworks -F/Users/steipete/Library/Developer/Xcode/DerivedData/CodeLooper-crrddjihwjtfkwegrjrymctnfixv/Build/Products/Debug/PackageFrameworks -F/Users/steipete/Library/Developer/Xcode/DerivedData/CodeLooper-crrddjihwjtfkwegrjrymctnfixv/Build/Products/Debug/PackageFrameworks -F/Users/steipete/Library/Developer/Xcode/DerivedData/CodeLooper-crrddjihwjtfkwegrjrymctnfixv/Build/Products/Debug/PackageFrameworks -F/Users/steipete/Library/Developer/Xcode/DerivedData/CodeLooper-crrddjihwjtfkwegrjrymctnfixv/Build/Products/Debug/PackageFrameworks -F/Users/steipete/Library/Developer/Xcode/DerivedData/CodeLooper-crrddjihwjtfkwegrjrymctnfixv/Build/Products/Debug/PackageFrameworks -F/Users/steipete/Library/Developer/Xcode/DerivedData/CodeLooper-crrddjihwjtfkwegrjrymctnfixv/Build/Products/Debug/PackageFrameworks -F/Users/steipete/Library/Developer/Xcode/DerivedData/CodeLooper-crrddjihwjtfkwegrjrymctnfixv/Build/Products/Debug/PackageFrameworks -F/Users/steipete/Library/Developer/Xcode/DerivedData/CodeLooper-crrddjihwjtfkwegrjrymctnfixv/Build/Products/Debug/PackageFrameworks -F/Users/steipete/Library/Developer/Xcode/DerivedData/CodeLooper-crrddjihwjtfkwegrjrymctnfixv/Build/Products/Debug/PackageFrameworks -F/Users/steipete/Library/Developer/Xcode/DerivedData/CodeLooper-crrddjihwjtfkwegrjrymctnfixv/Build/Products/Debug/PackageFrameworks -F/Users/steipete/Library/Developer/Xcode/DerivedData/CodeLooper-crrddjihwjtfkwegrjrymctnfixv/Build/Products/Debug/PackageFrameworks -F/Users/steipete/Library/Developer/Xcode/DerivedData/CodeLooper-crrddjihwjtfkwegrjrymctnfixv/Build/Products/Debug/PackageFrameworks -F/Users/steipete/Library/Developer/Xcode/DerivedData/CodeLooper-crrddjihwjtfkwegrjrymctnfixv/Build/Products/Debug -iframework /Applications/Xcode-beta.app/Contents/Developer/Platforms/MacOSX.platform/Developer/Library/Frameworks -filelist /Users/steipete/Library/Developer/Xcode/DerivedData/CodeLooper-crrddjihwjtfkwegrjrymctnfixv/Build/Intermediates.noindex/swift-nio-transport-services.build/Debug/NIOTransportServices.build/Objects-normal/arm64/NIOTransportServices.LinkFileList -nostdlib -Xlinker -object_path_lto -Xlinker /Users/steipete/Library/Developer/Xcode/DerivedData/CodeLooper-crrddjihwjtfkwegrjrymctnfixv/Build/Intermediates.noindex/swift-nio-transport-services.build/Debug/NIOTransportServices.build/Objects-normal/arm64/NIOTransportServices_lto.o -rdynamic -Xlinker -no_deduplicate -Xlinker -debug_variant -Xlinker -dependency_info -Xlinker /Users/steipete/Library/Developer/Xcode/DerivedData/CodeLooper-crrddjihwjtfkwegrjrymctnfixv/Build/Intermediates.noindex/swift-nio-transport-services.build/Debug/NIOTransportServices.build/Objects-normal/arm64/NIOTransportServices_dependency_info.dat -fobjc-link-runtime -L/Applications/Xcode-beta.app/Contents/Developer/Toolchains/XcodeDefault.xctoolchain/usr/lib/swift/macosx -L/usr/lib/swift -Xlinker -add_ast_path -Xlinker /Users/steipete/Library/Developer/Xcode/DerivedData/CodeLooper-crrddjihwjtfkwegrjrymctnfixv/Build/Intermediates.noindex/swift-nio-transport-services.build/Debug/NIOTransportServices.build/Objects-normal/arm64/NIOTransportServices.swiftmodule @/Users/steipete/Library/Developer/Xcode/DerivedData/CodeLooper-crrddjihwjtfkwegrjrymctnfixv/Build/Intermediates.noindex/swift-nio-transport-services.build/Debug/NIOTransportServices.build/Objects-normal/arm64/NIOTransportServices-linker-args.resp -o /Users/steipete/Library/Developer/Xcode/DerivedData/CodeLooper-crrddjihwjtfkwegrjrymctnfixv/Build/Products/Debug/NIOTransportServices.o

SwiftDriverJobDiscovery normal arm64 Compiling LocalFileSystem.swift, Cookie.swift, Cookies.swift, MediaType+FileExtension.swift, MediaType.swift (in target 'Hummingbird' from project 'hummingbird')

Ld /Users/steipete/Library/Developer/Xcode/DerivedData/CodeLooper-crrddjihwjtfkwegrjrymctnfixv/Build/Products/Debug/NIOHTTPTypesHTTP1.o normal (in target 'NIOHTTPTypesHTTP1' from project 'swift-nio-extras')
    cd /Users/steipete/Library/Developer/Xcode/DerivedData/CodeLooper-crrddjihwjtfkwegrjrymctnfixv/SourcePackages/checkouts/swift-nio-extras
    /Applications/Xcode-beta.app/Contents/Developer/Toolchains/XcodeDefault.xctoolchain/usr/bin/clang -Xlinker -reproducible -target arm64-apple-macos10.13 -r -isysroot /Applications/Xcode-beta.app/Contents/Developer/Platforms/MacOSX.platform/Developer/SDKs/MacOSX26.0.sdk -O0 -w -L/Users/steipete/Library/Developer/Xcode/DerivedData/CodeLooper-crrddjihwjtfkwegrjrymctnfixv/Build/Intermediates.noindex/EagerLinkingTBDs/Debug -L/Users/steipete/Library/Developer/Xcode/DerivedData/CodeLooper-crrddjihwjtfkwegrjrymctnfixv/Build/Products/Debug -L/Applications/Xcode-beta.app/Contents/Developer/Platforms/MacOSX.platform/Developer/usr/lib -F/Users/steipete/Library/Developer/Xcode/DerivedData/CodeLooper-crrddjihwjtfkwegrjrymctnfixv/Build/Intermediates.noindex/EagerLinkingTBDs/Debug -F/Users/steipete/Library/Developer/Xcode/DerivedData/CodeLooper-crrddjihwjtfkwegrjrymctnfixv/Build/Products/Debug/PackageFrameworks -F/Users/steipete/Library/Developer/Xcode/DerivedData/CodeLooper-crrddjihwjtfkwegrjrymctnfixv/Build/Products/Debug/PackageFrameworks -F/Users/steipete/Library/Developer/Xcode/DerivedData/CodeLooper-crrddjihwjtfkwegrjrymctnfixv/Build/Products/Debug/PackageFrameworks -F/Users/steipete/Library/Developer/Xcode/DerivedData/CodeLooper-crrddjihwjtfkwegrjrymctnfixv/Build/Products/Debug/PackageFrameworks -F/Users/steipete/Library/Developer/Xcode/DerivedData/CodeLooper-crrddjihwjtfkwegrjrymctnfixv/Build/Products/Debug/PackageFrameworks -F/Users/steipete/Library/Developer/Xcode/DerivedData/CodeLooper-crrddjihwjtfkwegrjrymctnfixv/Build/Products/Debug/PackageFrameworks -F/Users/steipete/Library/Developer/Xcode/DerivedData/CodeLooper-crrddjihwjtfkwegrjrymctnfixv/Build/Products/Debug/PackageFrameworks -F/Users/steipete/Library/Developer/Xcode/DerivedData/CodeLooper-crrddjihwjtfkwegrjrymctnfixv/Build/Products/Debug/PackageFrameworks -F/Users/steipete/Library/Developer/Xcode/DerivedData/CodeLooper-crrddjihwjtfkwegrjrymctnfixv/Build/Products/Debug/PackageFrameworks -F/Users/steipete/Library/Developer/Xcode/DerivedData/CodeLooper-crrddjihwjtfkwegrjrymctnfixv/Build/Products/Debug/PackageFrameworks -F/Users/steipete/Library/Developer/Xcode/DerivedData/CodeLooper-crrddjihwjtfkwegrjrymctnfixv/Build/Products/Debug/PackageFrameworks -F/Users/steipete/Library/Developer/Xcode/DerivedData/CodeLooper-crrddjihwjtfkwegrjrymctnfixv/Build/Products/Debug/PackageFrameworks -F/Users/steipete/Library/Developer/Xcode/DerivedData/CodeLooper-crrddjihwjtfkwegrjrymctnfixv/Build/Products/Debug/PackageFrameworks -F/Users/steipete/Library/Developer/Xcode/DerivedData/CodeLooper-crrddjihwjtfkwegrjrymctnfixv/Build/Products/Debug/PackageFrameworks -F/Users/steipete/Library/Developer/Xcode/DerivedData/CodeLooper-crrddjihwjtfkwegrjrymctnfixv/Build/Products/Debug/PackageFrameworks -F/Users/steipete/Library/Developer/Xcode/DerivedData/CodeLooper-crrddjihwjtfkwegrjrymctnfixv/Build/Products/Debug/PackageFrameworks -F/Users/steipete/Library/Developer/Xcode/DerivedData/CodeLooper-crrddjihwjtfkwegrjrymctnfixv/Build/Products/Debug/PackageFrameworks -F/Users/steipete/Library/Developer/Xcode/DerivedData/CodeLooper-crrddjihwjtfkwegrjrymctnfixv/Build/Products/Debug/PackageFrameworks -F/Users/steipete/Library/Developer/Xcode/DerivedData/CodeLooper-crrddjihwjtfkwegrjrymctnfixv/Build/Products/Debug/PackageFrameworks -F/Users/steipete/Library/Developer/Xcode/DerivedData/CodeLooper-crrddjihwjtfkwegrjrymctnfixv/Build/Products/Debug/PackageFrameworks -F/Users/steipete/Library/Developer/Xcode/DerivedData/CodeLooper-crrddjihwjtfkwegrjrymctnfixv/Build/Products/Debug -iframework /Applications/Xcode-beta.app/Contents/Developer/Platforms/MacOSX.platform/Developer/Library/Frameworks -filelist /Users/steipete/Library/Developer/Xcode/DerivedData/CodeLooper-crrddjihwjtfkwegrjrymctnfixv/Build/Intermediates.noindex/swift-nio-extras.build/Debug/NIOHTTPTypesHTTP1.build/Objects-normal/arm64/NIOHTTPTypesHTTP1.LinkFileList -nostdlib -Xlinker -object_path_lto -Xlinker /Users/steipete/Library/Developer/Xcode/DerivedData/CodeLooper-crrddjihwjtfkwegrjrymctnfixv/Build/Intermediates.noindex/swift-nio-extras.build/Debug/NIOHTTPTypesHTTP1.build/Objects-normal/arm64/NIOHTTPTypesHTTP1_lto.o -rdynamic -Xlinker -no_deduplicate -Xlinker -debug_variant -Xlinker -dependency_info -Xlinker /Users/steipete/Library/Developer/Xcode/DerivedData/CodeLooper-crrddjihwjtfkwegrjrymctnfixv/Build/Intermediates.noindex/swift-nio-extras.build/Debug/NIOHTTPTypesHTTP1.build/Objects-normal/arm64/NIOHTTPTypesHTTP1_dependency_info.dat -fobjc-link-runtime -L/Applications/Xcode-beta.app/Contents/Developer/Toolchains/XcodeDefault.xctoolchain/usr/lib/swift/macosx -L/usr/lib/swift -Xlinker -add_ast_path -Xlinker /Users/steipete/Library/Developer/Xcode/DerivedData/CodeLooper-crrddjihwjtfkwegrjrymctnfixv/Build/Intermediates.noindex/swift-nio-extras.build/Debug/NIOHTTPTypesHTTP1.build/Objects-normal/arm64/NIOHTTPTypesHTTP1.swiftmodule @/Users/steipete/Library/Developer/Xcode/DerivedData/CodeLooper-crrddjihwjtfkwegrjrymctnfixv/Build/Intermediates.noindex/swift-nio-extras.build/Debug/NIOHTTPTypesHTTP1.build/Objects-normal/arm64/NIOHTTPTypesHTTP1-linker-args.resp -o /Users/steipete/Library/Developer/Xcode/DerivedData/CodeLooper-crrddjihwjtfkwegrjrymctnfixv/Build/Products/Debug/NIOHTTPTypesHTTP1.o

Ld /Users/steipete/Library/Developer/Xcode/DerivedData/CodeLooper-crrddjihwjtfkwegrjrymctnfixv/Build/Products/Debug/NIOExtras.o normal (in target 'NIOExtras' from project 'swift-nio-extras')
    cd /Users/steipete/Library/Developer/Xcode/DerivedData/CodeLooper-crrddjihwjtfkwegrjrymctnfixv/SourcePackages/checkouts/swift-nio-extras
    /Applications/Xcode-beta.app/Contents/Developer/Toolchains/XcodeDefault.xctoolchain/usr/bin/clang -Xlinker -reproducible -target arm64-apple-macos10.13 -r -isysroot /Applications/Xcode-beta.app/Contents/Developer/Platforms/MacOSX.platform/Developer/SDKs/MacOSX26.0.sdk -O0 -w -L/Users/steipete/Library/Developer/Xcode/DerivedData/CodeLooper-crrddjihwjtfkwegrjrymctnfixv/Build/Intermediates.noindex/EagerLinkingTBDs/Debug -L/Users/steipete/Library/Developer/Xcode/DerivedData/CodeLooper-crrddjihwjtfkwegrjrymctnfixv/Build/Products/Debug -L/Applications/Xcode-beta.app/Contents/Developer/Platforms/MacOSX.platform/Developer/usr/lib -F/Users/steipete/Library/Developer/Xcode/DerivedData/CodeLooper-crrddjihwjtfkwegrjrymctnfixv/Build/Intermediates.noindex/EagerLinkingTBDs/Debug -F/Users/steipete/Library/Developer/Xcode/DerivedData/CodeLooper-crrddjihwjtfkwegrjrymctnfixv/Build/Products/Debug/PackageFrameworks -F/Users/steipete/Library/Developer/Xcode/DerivedData/CodeLooper-crrddjihwjtfkwegrjrymctnfixv/Build/Products/Debug/PackageFrameworks -F/Users/steipete/Library/Developer/Xcode/DerivedData/CodeLooper-crrddjihwjtfkwegrjrymctnfixv/Build/Products/Debug/PackageFrameworks -F/Users/steipete/Library/Developer/Xcode/DerivedData/CodeLooper-crrddjihwjtfkwegrjrymctnfixv/Build/Products/Debug/PackageFrameworks -F/Users/steipete/Library/Developer/Xcode/DerivedData/CodeLooper-crrddjihwjtfkwegrjrymctnfixv/Build/Products/Debug/PackageFrameworks -F/Users/steipete/Library/Developer/Xcode/DerivedData/CodeLooper-crrddjihwjtfkwegrjrymctnfixv/Build/Products/Debug/PackageFrameworks -F/Users/steipete/Library/Developer/Xcode/DerivedData/CodeLooper-crrddjihwjtfkwegrjrymctnfixv/Build/Products/Debug/PackageFrameworks -F/Users/steipete/Library/Developer/Xcode/DerivedData/CodeLooper-crrddjihwjtfkwegrjrymctnfixv/Build/Products/Debug/PackageFrameworks -F/Users/steipete/Library/Developer/Xcode/DerivedData/CodeLooper-crrddjihwjtfkwegrjrymctnfixv/Build/Products/Debug/PackageFrameworks -F/Users/steipete/Library/Developer/Xcode/DerivedData/CodeLooper-crrddjihwjtfkwegrjrymctnfixv/Build/Products/Debug/PackageFrameworks -F/Users/steipete/Library/Developer/Xcode/DerivedData/CodeLooper-crrddjihwjtfkwegrjrymctnfixv/Build/Products/Debug/PackageFrameworks -F/Users/steipete/Library/Developer/Xcode/DerivedData/CodeLooper-crrddjihwjtfkwegrjrymctnfixv/Build/Products/Debug/PackageFrameworks -F/Users/steipete/Library/Developer/Xcode/DerivedData/CodeLooper-crrddjihwjtfkwegrjrymctnfixv/Build/Products/Debug/PackageFrameworks -F/Users/steipete/Library/Developer/Xcode/DerivedData/CodeLooper-crrddjihwjtfkwegrjrymctnfixv/Build/Products/Debug/PackageFrameworks -F/Users/steipete/Library/Developer/Xcode/DerivedData/CodeLooper-crrddjihwjtfkwegrjrymctnfixv/Build/Products/Debug/PackageFrameworks -F/Users/steipete/Library/Developer/Xcode/DerivedData/CodeLooper-crrddjihwjtfkwegrjrymctnfixv/Build/Products/Debug/PackageFrameworks -F/Users/steipete/Library/Developer/Xcode/DerivedData/CodeLooper-crrddjihwjtfkwegrjrymctnfixv/Build/Products/Debug/PackageFrameworks -F/Users/steipete/Library/Developer/Xcode/DerivedData/CodeLooper-crrddjihwjtfkwegrjrymctnfixv/Build/Products/Debug/PackageFrameworks -F/Users/steipete/Library/Developer/Xcode/DerivedData/CodeLooper-crrddjihwjtfkwegrjrymctnfixv/Build/Products/Debug -iframework /Applications/Xcode-beta.app/Contents/Developer/Platforms/MacOSX.platform/Developer/Library/Frameworks -filelist /Users/steipete/Library/Developer/Xcode/DerivedData/CodeLooper-crrddjihwjtfkwegrjrymctnfixv/Build/Intermediates.noindex/swift-nio-extras.build/Debug/NIOExtras.build/Objects-normal/arm64/NIOExtras.LinkFileList -nostdlib -Xlinker -object_path_lto -Xlinker /Users/steipete/Library/Developer/Xcode/DerivedData/CodeLooper-crrddjihwjtfkwegrjrymctnfixv/Build/Intermediates.noindex/swift-nio-extras.build/Debug/NIOExtras.build/Objects-normal/arm64/NIOExtras_lto.o -rdynamic -Xlinker -no_deduplicate -Xlinker -debug_variant -Xlinker -dependency_info -Xlinker /Users/steipete/Library/Developer/Xcode/DerivedData/CodeLooper-crrddjihwjtfkwegrjrymctnfixv/Build/Intermediates.noindex/swift-nio-extras.build/Debug/NIOExtras.build/Objects-normal/arm64/NIOExtras_dependency_info.dat -fobjc-link-runtime -L/Applications/Xcode-beta.app/Contents/Developer/Toolchains/XcodeDefault.xctoolchain/usr/lib/swift/macosx -L/usr/lib/swift -Xlinker -add_ast_path -Xlinker /Users/steipete/Library/Developer/Xcode/DerivedData/CodeLooper-crrddjihwjtfkwegrjrymctnfixv/Build/Intermediates.noindex/swift-nio-extras.build/Debug/NIOExtras.build/Objects-normal/arm64/NIOExtras.swiftmodule @/Users/steipete/Library/Developer/Xcode/DerivedData/CodeLooper-crrddjihwjtfkwegrjrymctnfixv/Build/Intermediates.noindex/swift-nio-extras.build/Debug/NIOExtras.build/Objects-normal/arm64/NIOExtras-linker-args.resp -o /Users/steipete/Library/Developer/Xcode/DerivedData/CodeLooper-crrddjihwjtfkwegrjrymctnfixv/Build/Products/Debug/NIOExtras.o

ExtractAppIntentsMetadata (in target 'NIOTransportServices' from project 'swift-nio-transport-services')
    cd /Users/steipete/Library/Developer/Xcode/DerivedData/CodeLooper-crrddjihwjtfkwegrjrymctnfixv/SourcePackages/checkouts/swift-nio-transport-services
    /Applications/Xcode-beta.app/Contents/Developer/Toolchains/XcodeDefault.xctoolchain/usr/bin/appintentsmetadataprocessor --toolchain-dir /Applications/Xcode-beta.app/Contents/Developer/Toolchains/XcodeDefault.xctoolchain --module-name NIOTransportServices --sdk-root /Applications/Xcode-beta.app/Contents/Developer/Platforms/MacOSX.platform/Developer/SDKs/MacOSX26.0.sdk --xcode-version 17A5241e --platform-family macOS --deployment-target 10.13 --bundle-identifier swift-nio-transport-services.NIOTransportServices --output /Users/steipete/Library/Developer/Xcode/DerivedData/CodeLooper-crrddjihwjtfkwegrjrymctnfixv/Build/Products/Debug/NIOTransportServices.appintents --target-triple arm64-apple-macos10.13 --binary-file /Users/steipete/Library/Developer/Xcode/DerivedData/CodeLooper-crrddjihwjtfkwegrjrymctnfixv/Build/Products/Debug/NIOTransportServices.o --dependency-file /Users/steipete/Library/Developer/Xcode/DerivedData/CodeLooper-crrddjihwjtfkwegrjrymctnfixv/Build/Intermediates.noindex/swift-nio-transport-services.build/Debug/NIOTransportServices.build/Objects-normal/arm64/NIOTransportServices_dependency_info.dat --stringsdata-file /Users/steipete/Library/Developer/Xcode/DerivedData/CodeLooper-crrddjihwjtfkwegrjrymctnfixv/Build/Intermediates.noindex/swift-nio-transport-services.build/Debug/NIOTransportServices.build/Objects-normal/arm64/ExtractedAppShortcutsMetadata.stringsdata --source-file-list /Users/steipete/Library/Developer/Xcode/DerivedData/CodeLooper-crrddjihwjtfkwegrjrymctnfixv/Build/Intermediates.noindex/swift-nio-transport-services.build/Debug/NIOTransportServices.build/Objects-normal/arm64/NIOTransportServices.SwiftFileList --metadata-file-list /Users/steipete/Library/Developer/Xcode/DerivedData/CodeLooper-crrddjihwjtfkwegrjrymctnfixv/Build/Intermediates.noindex/swift-nio-transport-services.build/Debug/NIOTransportServices.build/NIOTransportServices.DependencyMetadataFileList --static-metadata-file-list /Users/steipete/Library/Developer/Xcode/DerivedData/CodeLooper-crrddjihwjtfkwegrjrymctnfixv/Build/Intermediates.noindex/swift-nio-transport-services.build/Debug/NIOTransportServices.build/NIOTransportServices.DependencyStaticMetadataFileList --swift-const-vals-list /Users/steipete/Library/Developer/Xcode/DerivedData/CodeLooper-crrddjihwjtfkwegrjrymctnfixv/Build/Intermediates.noindex/swift-nio-transport-services.build/Debug/NIOTransportServices.build/Objects-normal/arm64/NIOTransportServices.SwiftConstValuesFileList --force --compile-time-extraction --deployment-aware-processing --validate-assistant-intents --no-app-shortcuts-localization
2025-06-10 00:10:45.403 appintentsmetadataprocessor[99036:11271582] Starting appintentsmetadataprocessor export
2025-06-10 00:10:45.447 appintentsmetadataprocessor[99036:11271582] Extracted no relevant App Intents symbols, skipping writing output

SwiftDriverJobDiscovery normal arm64 Compiling Router.swift, RouterGroup.swift, RouterMethods.swift, RouterPath.swift (in target 'Hummingbird' from project 'hummingbird')

ExtractAppIntentsMetadata (in target 'NIOHTTPTypesHTTP1' from project 'swift-nio-extras')
    cd /Users/steipete/Library/Developer/Xcode/DerivedData/CodeLooper-crrddjihwjtfkwegrjrymctnfixv/SourcePackages/checkouts/swift-nio-extras
    /Applications/Xcode-beta.app/Contents/Developer/Toolchains/XcodeDefault.xctoolchain/usr/bin/appintentsmetadataprocessor --toolchain-dir /Applications/Xcode-beta.app/Contents/Developer/Toolchains/XcodeDefault.xctoolchain --module-name NIOHTTPTypesHTTP1 --sdk-root /Applications/Xcode-beta.app/Contents/Developer/Platforms/MacOSX.platform/Developer/SDKs/MacOSX26.0.sdk --xcode-version 17A5241e --platform-family macOS --deployment-target 10.13 --bundle-identifier swift-nio-extras.NIOHTTPTypesHTTP1 --output /Users/steipete/Library/Developer/Xcode/DerivedData/CodeLooper-crrddjihwjtfkwegrjrymctnfixv/Build/Products/Debug/NIOHTTPTypesHTTP1.appintents --target-triple arm64-apple-macos10.13 --binary-file /Users/steipete/Library/Developer/Xcode/DerivedData/CodeLooper-crrddjihwjtfkwegrjrymctnfixv/Build/Products/Debug/NIOHTTPTypesHTTP1.o --dependency-file /Users/steipete/Library/Developer/Xcode/DerivedData/CodeLooper-crrddjihwjtfkwegrjrymctnfixv/Build/Intermediates.noindex/swift-nio-extras.build/Debug/NIOHTTPTypesHTTP1.build/Objects-normal/arm64/NIOHTTPTypesHTTP1_dependency_info.dat --stringsdata-file /Users/steipete/Library/Developer/Xcode/DerivedData/CodeLooper-crrddjihwjtfkwegrjrymctnfixv/Build/Intermediates.noindex/swift-nio-extras.build/Debug/NIOHTTPTypesHTTP1.build/Objects-normal/arm64/ExtractedAppShortcutsMetadata.stringsdata --source-file-list /Users/steipete/Library/Developer/Xcode/DerivedData/CodeLooper-crrddjihwjtfkwegrjrymctnfixv/Build/Intermediates.noindex/swift-nio-extras.build/Debug/NIOHTTPTypesHTTP1.build/Objects-normal/arm64/NIOHTTPTypesHTTP1.SwiftFileList --metadata-file-list /Users/steipete/Library/Developer/Xcode/DerivedData/CodeLooper-crrddjihwjtfkwegrjrymctnfixv/Build/Intermediates.noindex/swift-nio-extras.build/Debug/NIOHTTPTypesHTTP1.build/NIOHTTPTypesHTTP1.DependencyMetadataFileList --static-metadata-file-list /Users/steipete/Library/Developer/Xcode/DerivedData/CodeLooper-crrddjihwjtfkwegrjrymctnfixv/Build/Intermediates.noindex/swift-nio-extras.build/Debug/NIOHTTPTypesHTTP1.build/NIOHTTPTypesHTTP1.DependencyStaticMetadataFileList --swift-const-vals-list /Users/steipete/Library/Developer/Xcode/DerivedData/CodeLooper-crrddjihwjtfkwegrjrymctnfixv/Build/Intermediates.noindex/swift-nio-extras.build/Debug/NIOHTTPTypesHTTP1.build/Objects-normal/arm64/NIOHTTPTypesHTTP1.SwiftConstValuesFileList --force --compile-time-extraction --deployment-aware-processing --validate-assistant-intents --no-app-shortcuts-localization
2025-06-10 00:10:45.434 appintentsmetadataprocessor[99039:11271622] Starting appintentsmetadataprocessor export
2025-06-10 00:10:45.467 appintentsmetadataprocessor[99039:11271622] Extracted no relevant App Intents symbols, skipping writing output

ExtractAppIntentsMetadata (in target 'NIOExtras' from project 'swift-nio-extras')
    cd /Users/steipete/Library/Developer/Xcode/DerivedData/CodeLooper-crrddjihwjtfkwegrjrymctnfixv/SourcePackages/checkouts/swift-nio-extras
    /Applications/Xcode-beta.app/Contents/Developer/Toolchains/XcodeDefault.xctoolchain/usr/bin/appintentsmetadataprocessor --toolchain-dir /Applications/Xcode-beta.app/Contents/Developer/Toolchains/XcodeDefault.xctoolchain --module-name NIOExtras --sdk-root /Applications/Xcode-beta.app/Contents/Developer/Platforms/MacOSX.platform/Developer/SDKs/MacOSX26.0.sdk --xcode-version 17A5241e --platform-family macOS --deployment-target 10.13 --bundle-identifier swift-nio-extras.NIOExtras --output /Users/steipete/Library/Developer/Xcode/DerivedData/CodeLooper-crrddjihwjtfkwegrjrymctnfixv/Build/Products/Debug/NIOExtras.appintents --target-triple arm64-apple-macos10.13 --binary-file /Users/steipete/Library/Developer/Xcode/DerivedData/CodeLooper-crrddjihwjtfkwegrjrymctnfixv/Build/Products/Debug/NIOExtras.o --dependency-file /Users/steipete/Library/Developer/Xcode/DerivedData/CodeLooper-crrddjihwjtfkwegrjrymctnfixv/Build/Intermediates.noindex/swift-nio-extras.build/Debug/NIOExtras.build/Objects-normal/arm64/NIOExtras_dependency_info.dat --stringsdata-file /Users/steipete/Library/Developer/Xcode/DerivedData/CodeLooper-crrddjihwjtfkwegrjrymctnfixv/Build/Intermediates.noindex/swift-nio-extras.build/Debug/NIOExtras.build/Objects-normal/arm64/ExtractedAppShortcutsMetadata.stringsdata --source-file-list /Users/steipete/Library/Developer/Xcode/DerivedData/CodeLooper-crrddjihwjtfkwegrjrymctnfixv/Build/Intermediates.noindex/swift-nio-extras.build/Debug/NIOExtras.build/Objects-normal/arm64/NIOExtras.SwiftFileList --metadata-file-list /Users/steipete/Library/Developer/Xcode/DerivedData/CodeLooper-crrddjihwjtfkwegrjrymctnfixv/Build/Intermediates.noindex/swift-nio-extras.build/Debug/NIOExtras.build/NIOExtras.DependencyMetadataFileList --static-metadata-file-list /Users/steipete/Library/Developer/Xcode/DerivedData/CodeLooper-crrddjihwjtfkwegrjrymctnfixv/Build/Intermediates.noindex/swift-nio-extras.build/Debug/NIOExtras.build/NIOExtras.DependencyStaticMetadataFileList --swift-const-vals-list /Users/steipete/Library/Developer/Xcode/DerivedData/CodeLooper-crrddjihwjtfkwegrjrymctnfixv/Build/Intermediates.noindex/swift-nio-extras.build/Debug/NIOExtras.build/Objects-normal/arm64/NIOExtras.SwiftConstValuesFileList --force --compile-time-extraction --deployment-aware-processing --validate-assistant-intents --no-app-shortcuts-localization
2025-06-10 00:10:45.434 appintentsmetadataprocessor[99040:11271623] Starting appintentsmetadataprocessor export
2025-06-10 00:10:45.467 appintentsmetadataprocessor[99040:11271623] Extracted no relevant App Intents symbols, skipping writing output

RegisterExecutionPolicyException /Users/steipete/Library/Developer/Xcode/DerivedData/CodeLooper-crrddjihwjtfkwegrjrymctnfixv/Build/Products/Debug/NIOTransportServices.o (in target 'NIOTransportServices' from project 'swift-nio-transport-services')
    cd /Users/steipete/Library/Developer/Xcode/DerivedData/CodeLooper-crrddjihwjtfkwegrjrymctnfixv/SourcePackages/checkouts/swift-nio-transport-services
    builtin-RegisterExecutionPolicyException /Users/steipete/Library/Developer/Xcode/DerivedData/CodeLooper-crrddjihwjtfkwegrjrymctnfixv/Build/Products/Debug/NIOTransportServices.o

RegisterExecutionPolicyException /Users/steipete/Library/Developer/Xcode/DerivedData/CodeLooper-crrddjihwjtfkwegrjrymctnfixv/Build/Products/Debug/NIOHTTPTypesHTTP1.o (in target 'NIOHTTPTypesHTTP1' from project 'swift-nio-extras')
    cd /Users/steipete/Library/Developer/Xcode/DerivedData/CodeLooper-crrddjihwjtfkwegrjrymctnfixv/SourcePackages/checkouts/swift-nio-extras
    builtin-RegisterExecutionPolicyException /Users/steipete/Library/Developer/Xcode/DerivedData/CodeLooper-crrddjihwjtfkwegrjrymctnfixv/Build/Products/Debug/NIOHTTPTypesHTTP1.o

RegisterExecutionPolicyException /Users/steipete/Library/Developer/Xcode/DerivedData/CodeLooper-crrddjihwjtfkwegrjrymctnfixv/Build/Products/Debug/NIOExtras.o (in target 'NIOExtras' from project 'swift-nio-extras')
    cd /Users/steipete/Library/Developer/Xcode/DerivedData/CodeLooper-crrddjihwjtfkwegrjrymctnfixv/SourcePackages/checkouts/swift-nio-extras
    builtin-RegisterExecutionPolicyException /Users/steipete/Library/Developer/Xcode/DerivedData/CodeLooper-crrddjihwjtfkwegrjrymctnfixv/Build/Products/Debug/NIOExtras.o

Ld /Users/steipete/Library/Developer/Xcode/DerivedData/CodeLooper-crrddjihwjtfkwegrjrymctnfixv/Build/Products/Debug/HummingbirdCore.o normal (in target 'HummingbirdCore' from project 'hummingbird')
    cd /Users/steipete/Library/Developer/Xcode/DerivedData/CodeLooper-crrddjihwjtfkwegrjrymctnfixv/SourcePackages/checkouts/hummingbird
    /Applications/Xcode-beta.app/Contents/Developer/Toolchains/XcodeDefault.xctoolchain/usr/bin/clang -Xlinker -reproducible -target arm64-apple-macos14.0 -r -isysroot /Applications/Xcode-beta.app/Contents/Developer/Platforms/MacOSX.platform/Developer/SDKs/MacOSX26.0.sdk -O0 -w -L/Users/steipete/Library/Developer/Xcode/DerivedData/CodeLooper-crrddjihwjtfkwegrjrymctnfixv/Build/Intermediates.noindex/EagerLinkingTBDs/Debug -L/Users/steipete/Library/Developer/Xcode/DerivedData/CodeLooper-crrddjihwjtfkwegrjrymctnfixv/Build/Products/Debug -L/Applications/Xcode-beta.app/Contents/Developer/Platforms/MacOSX.platform/Developer/usr/lib -F/Users/steipete/Library/Developer/Xcode/DerivedData/CodeLooper-crrddjihwjtfkwegrjrymctnfixv/Build/Intermediates.noindex/EagerLinkingTBDs/Debug -F/Users/steipete/Library/Developer/Xcode/DerivedData/CodeLooper-crrddjihwjtfkwegrjrymctnfixv/Build/Products/Debug/PackageFrameworks -F/Users/steipete/Library/Developer/Xcode/DerivedData/CodeLooper-crrddjihwjtfkwegrjrymctnfixv/Build/Products/Debug/PackageFrameworks -F/Users/steipete/Library/Developer/Xcode/DerivedData/CodeLooper-crrddjihwjtfkwegrjrymctnfixv/Build/Products/Debug/PackageFrameworks -F/Users/steipete/Library/Developer/Xcode/DerivedData/CodeLooper-crrddjihwjtfkwegrjrymctnfixv/Build/Products/Debug/PackageFrameworks -F/Users/steipete/Library/Developer/Xcode/DerivedData/CodeLooper-crrddjihwjtfkwegrjrymctnfixv/Build/Products/Debug/PackageFrameworks -F/Users/steipete/Library/Developer/Xcode/DerivedData/CodeLooper-crrddjihwjtfkwegrjrymctnfixv/Build/Products/Debug/PackageFrameworks -F/Users/steipete/Library/Developer/Xcode/DerivedData/CodeLooper-crrddjihwjtfkwegrjrymctnfixv/Build/Products/Debug/PackageFrameworks -F/Users/steipete/Library/Developer/Xcode/DerivedData/CodeLooper-crrddjihwjtfkwegrjrymctnfixv/Build/Products/Debug/PackageFrameworks -F/Users/steipete/Library/Developer/Xcode/DerivedData/CodeLooper-crrddjihwjtfkwegrjrymctnfixv/Build/Products/Debug/PackageFrameworks -F/Users/steipete/Library/Developer/Xcode/DerivedData/CodeLooper-crrddjihwjtfkwegrjrymctnfixv/Build/Products/Debug/PackageFrameworks -F/Users/steipete/Library/Developer/Xcode/DerivedData/CodeLooper-crrddjihwjtfkwegrjrymctnfixv/Build/Products/Debug/PackageFrameworks -F/Users/steipete/Library/Developer/Xcode/DerivedData/CodeLooper-crrddjihwjtfkwegrjrymctnfixv/Build/Products/Debug/PackageFrameworks -F/Users/steipete/Library/Developer/Xcode/DerivedData/CodeLooper-crrddjihwjtfkwegrjrymctnfixv/Build/Products/Debug/PackageFrameworks -F/Users/steipete/Library/Developer/Xcode/DerivedData/CodeLooper-crrddjihwjtfkwegrjrymctnfixv/Build/Products/Debug/PackageFrameworks -F/Users/steipete/Library/Developer/Xcode/DerivedData/CodeLooper-crrddjihwjtfkwegrjrymctnfixv/Build/Products/Debug/PackageFrameworks -F/Users/steipete/Library/Developer/Xcode/DerivedData/CodeLooper-crrddjihwjtfkwegrjrymctnfixv/Build/Products/Debug/PackageFrameworks -F/Users/steipete/Library/Developer/Xcode/DerivedData/CodeLooper-crrddjihwjtfkwegrjrymctnfixv/Build/Products/Debug/PackageFrameworks -F/Users/steipete/Library/Developer/Xcode/DerivedData/CodeLooper-crrddjihwjtfkwegrjrymctnfixv/Build/Products/Debug/PackageFrameworks -F/Users/steipete/Library/Developer/Xcode/DerivedData/CodeLooper-crrddjihwjtfkwegrjrymctnfixv/Build/Products/Debug/PackageFrameworks -F/Users/steipete/Library/Developer/Xcode/DerivedData/CodeLooper-crrddjihwjtfkwegrjrymctnfixv/Build/Products/Debug/PackageFrameworks -F/Users/steipete/Library/Developer/Xcode/DerivedData/CodeLooper-crrddjihwjtfkwegrjrymctnfixv/Build/Products/Debug/PackageFrameworks -F/Users/steipete/Library/Developer/Xcode/DerivedData/CodeLooper-crrddjihwjtfkwegrjrymctnfixv/Build/Products/Debug/PackageFrameworks -F/Users/steipete/Library/Developer/Xcode/DerivedData/CodeLooper-crrddjihwjtfkwegrjrymctnfixv/Build/Products/Debug/PackageFrameworks -F/Users/steipete/Library/Developer/Xcode/DerivedData/CodeLooper-crrddjihwjtfkwegrjrymctnfixv/Build/Products/Debug/PackageFrameworks -F/Users/steipete/Library/Developer/Xcode/DerivedData/CodeLooper-crrddjihwjtfkwegrjrymctnfixv/Build/Products/Debug/PackageFrameworks -F/Users/steipete/Library/Developer/Xcode/DerivedData/CodeLooper-crrddjihwjtfkwegrjrymctnfixv/Build/Products/Debug/PackageFrameworks -F/Users/steipete/Library/Developer/Xcode/DerivedData/CodeLooper-crrddjihwjtfkwegrjrymctnfixv/Build/Products/Debug/PackageFrameworks -F/Users/steipete/Library/Developer/Xcode/DerivedData/CodeLooper-crrddjihwjtfkwegrjrymctnfixv/Build/Products/Debug/PackageFrameworks -F/Users/steipete/Library/Developer/Xcode/DerivedData/CodeLooper-crrddjihwjtfkwegrjrymctnfixv/Build/Products/Debug/PackageFrameworks -F/Users/steipete/Library/Developer/Xcode/DerivedData/CodeLooper-crrddjihwjtfkwegrjrymctnfixv/Build/Products/Debug/PackageFrameworks -F/Users/steipete/Library/Developer/Xcode/DerivedData/CodeLooper-crrddjihwjtfkwegrjrymctnfixv/Build/Products/Debug/PackageFrameworks -F/Users/steipete/Library/Developer/Xcode/DerivedData/CodeLooper-crrddjihwjtfkwegrjrymctnfixv/Build/Products/Debug/PackageFrameworks -F/Users/steipete/Library/Developer/Xcode/DerivedData/CodeLooper-crrddjihwjtfkwegrjrymctnfixv/Build/Products/Debug/PackageFrameworks -F/Users/steipete/Library/Developer/Xcode/DerivedData/CodeLooper-crrddjihwjtfkwegrjrymctnfixv/Build/Products/Debug/PackageFrameworks -F/Users/steipete/Library/Developer/Xcode/DerivedData/CodeLooper-crrddjihwjtfkwegrjrymctnfixv/Build/Products/Debug/PackageFrameworks -F/Users/steipete/Library/Developer/Xcode/DerivedData/CodeLooper-crrddjihwjtfkwegrjrymctnfixv/Build/Products/Debug/PackageFrameworks -F/Users/steipete/Library/Developer/Xcode/DerivedData/CodeLooper-crrddjihwjtfkwegrjrymctnfixv/Build/Products/Debug -iframework /Applications/Xcode-beta.app/Contents/Developer/Platforms/MacOSX.platform/Developer/Library/Frameworks -filelist /Users/steipete/Library/Developer/Xcode/DerivedData/CodeLooper-crrddjihwjtfkwegrjrymctnfixv/Build/Intermediates.noindex/hummingbird.build/Debug/HummingbirdCore.build/Objects-normal/arm64/HummingbirdCore.LinkFileList -nostdlib -Xlinker -object_path_lto -Xlinker /Users/steipete/Library/Developer/Xcode/DerivedData/CodeLooper-crrddjihwjtfkwegrjrymctnfixv/Build/Intermediates.noindex/hummingbird.build/Debug/HummingbirdCore.build/Objects-normal/arm64/HummingbirdCore_lto.o -rdynamic -Xlinker -no_deduplicate -Xlinker -debug_variant -Xlinker -dependency_info -Xlinker /Users/steipete/Library/Developer/Xcode/DerivedData/CodeLooper-crrddjihwjtfkwegrjrymctnfixv/Build/Intermediates.noindex/hummingbird.build/Debug/HummingbirdCore.build/Objects-normal/arm64/HummingbirdCore_dependency_info.dat -fobjc-link-runtime -L/Applications/Xcode-beta.app/Contents/Developer/Toolchains/XcodeDefault.xctoolchain/usr/lib/swift/macosx -L/usr/lib/swift -Xlinker -add_ast_path -Xlinker /Users/steipete/Library/Developer/Xcode/DerivedData/CodeLooper-crrddjihwjtfkwegrjrymctnfixv/Build/Intermediates.noindex/hummingbird.build/Debug/HummingbirdCore.build/Objects-normal/arm64/HummingbirdCore.swiftmodule @/Users/steipete/Library/Developer/Xcode/DerivedData/CodeLooper-crrddjihwjtfkwegrjrymctnfixv/Build/Intermediates.noindex/hummingbird.build/Debug/HummingbirdCore.build/Objects-normal/arm64/HummingbirdCore-linker-args.resp -o /Users/steipete/Library/Developer/Xcode/DerivedData/CodeLooper-crrddjihwjtfkwegrjrymctnfixv/Build/Products/Debug/HummingbirdCore.o

SwiftDriverJobDiscovery normal arm64 Compiling URLEncodedForm.swift, URLEncodedFormDecoder.swift, URLEncodedFormEncoder.swift, URLEncodedFormNode.swift, Configuration.swift (in target 'Hummingbird' from project 'hummingbird')

ExtractAppIntentsMetadata (in target 'HummingbirdCore' from project 'hummingbird')
    cd /Users/steipete/Library/Developer/Xcode/DerivedData/CodeLooper-crrddjihwjtfkwegrjrymctnfixv/SourcePackages/checkouts/hummingbird
    /Applications/Xcode-beta.app/Contents/Developer/Toolchains/XcodeDefault.xctoolchain/usr/bin/appintentsmetadataprocessor --toolchain-dir /Applications/Xcode-beta.app/Contents/Developer/Toolchains/XcodeDefault.xctoolchain --module-name HummingbirdCore --sdk-root /Applications/Xcode-beta.app/Contents/Developer/Platforms/MacOSX.platform/Developer/SDKs/MacOSX26.0.sdk --xcode-version 17A5241e --platform-family macOS --deployment-target 14.0 --bundle-identifier hummingbird.HummingbirdCore --output /Users/steipete/Library/Developer/Xcode/DerivedData/CodeLooper-crrddjihwjtfkwegrjrymctnfixv/Build/Products/Debug/HummingbirdCore.appintents --target-triple arm64-apple-macos14.0 --binary-file /Users/steipete/Library/Developer/Xcode/DerivedData/CodeLooper-crrddjihwjtfkwegrjrymctnfixv/Build/Products/Debug/HummingbirdCore.o --dependency-file /Users/steipete/Library/Developer/Xcode/DerivedData/CodeLooper-crrddjihwjtfkwegrjrymctnfixv/Build/Intermediates.noindex/hummingbird.build/Debug/HummingbirdCore.build/Objects-normal/arm64/HummingbirdCore_dependency_info.dat --stringsdata-file /Users/steipete/Library/Developer/Xcode/DerivedData/CodeLooper-crrddjihwjtfkwegrjrymctnfixv/Build/Intermediates.noindex/hummingbird.build/Debug/HummingbirdCore.build/Objects-normal/arm64/ExtractedAppShortcutsMetadata.stringsdata --source-file-list /Users/steipete/Library/Developer/Xcode/DerivedData/CodeLooper-crrddjihwjtfkwegrjrymctnfixv/Build/Intermediates.noindex/hummingbird.build/Debug/HummingbirdCore.build/Objects-normal/arm64/HummingbirdCore.SwiftFileList --metadata-file-list /Users/steipete/Library/Developer/Xcode/DerivedData/CodeLooper-crrddjihwjtfkwegrjrymctnfixv/Build/Intermediates.noindex/hummingbird.build/Debug/HummingbirdCore.build/HummingbirdCore.DependencyMetadataFileList --static-metadata-file-list /Users/steipete/Library/Developer/Xcode/DerivedData/CodeLooper-crrddjihwjtfkwegrjrymctnfixv/Build/Intermediates.noindex/hummingbird.build/Debug/HummingbirdCore.build/HummingbirdCore.DependencyStaticMetadataFileList --swift-const-vals-list /Users/steipete/Library/Developer/Xcode/DerivedData/CodeLooper-crrddjihwjtfkwegrjrymctnfixv/Build/Intermediates.noindex/hummingbird.build/Debug/HummingbirdCore.build/Objects-normal/arm64/HummingbirdCore.SwiftConstValuesFileList --force --compile-time-extraction --deployment-aware-processing --validate-assistant-intents --no-app-shortcuts-localization
2025-06-10 00:10:45.518 appintentsmetadataprocessor[99043:11271653] Starting appintentsmetadataprocessor export
2025-06-10 00:10:45.554 appintentsmetadataprocessor[99043:11271653] Extracted no relevant App Intents symbols, skipping writing output

RegisterExecutionPolicyException /Users/steipete/Library/Developer/Xcode/DerivedData/CodeLooper-crrddjihwjtfkwegrjrymctnfixv/Build/Products/Debug/HummingbirdCore.o (in target 'HummingbirdCore' from project 'hummingbird')
    cd /Users/steipete/Library/Developer/Xcode/DerivedData/CodeLooper-crrddjihwjtfkwegrjrymctnfixv/SourcePackages/checkouts/hummingbird
    builtin-RegisterExecutionPolicyException /Users/steipete/Library/Developer/Xcode/DerivedData/CodeLooper-crrddjihwjtfkwegrjrymctnfixv/Build/Products/Debug/HummingbirdCore.o

SwiftDriverJobDiscovery normal arm64 Compiling Request+Cookies.swift, Response+Cookies.swift, CORSMiddleware.swift, FileMiddleware.swift, LogRequestMiddleware.swift (in target 'Hummingbird' from project 'hummingbird')

SwiftDriver\ Compilation Hummingbird normal arm64 com.apple.xcode.tools.swift.compiler (in target 'Hummingbird' from project 'hummingbird')
    cd /Users/steipete/Projects/CodeLooper
    builtin-Swift-Compilation -- /Applications/Xcode-beta.app/Contents/Developer/Toolchains/XcodeDefault.xctoolchain/usr/bin/swiftc -module-name Hummingbird -Onone -enforce-exclusivity\=checked @/Users/steipete/Library/Developer/Xcode/DerivedData/CodeLooper-crrddjihwjtfkwegrjrymctnfixv/Build/Intermediates.noindex/hummingbird.build/Debug/Hummingbird.build/Objects-normal/arm64/Hummingbird.SwiftFileList -DSWIFT_PACKAGE -DDEBUG -DSWIFT_MODULE_RESOURCE_BUNDLE_UNAVAILABLE -Xcc -fmodule-map-file\=/Users/steipete/Library/Developer/Xcode/DerivedData/CodeLooper-crrddjihwjtfkwegrjrymctnfixv/Build/Intermediates.noindex/GeneratedModuleMaps/CNIOLLHTTP.modulemap -Xcc -fmodule-map-file\=/Users/steipete/Library/Developer/Xcode/DerivedData/CodeLooper-crrddjihwjtfkwegrjrymctnfixv/Build/Intermediates.noindex/GeneratedModuleMaps/CNIOWASI.modulemap -Xcc -fmodule-map-file\=/Users/steipete/Library/Developer/Xcode/DerivedData/CodeLooper-crrddjihwjtfkwegrjrymctnfixv/Build/Intermediates.noindex/GeneratedModuleMaps/CNIOLinux.modulemap -Xcc -fmodule-map-file\=/Users/steipete/Library/Developer/Xcode/DerivedData/CodeLooper-crrddjihwjtfkwegrjrymctnfixv/Build/Intermediates.noindex/GeneratedModuleMaps/CNIODarwin.modulemap -Xcc -fmodule-map-file\=/Users/steipete/Library/Developer/Xcode/DerivedData/CodeLooper-crrddjihwjtfkwegrjrymctnfixv/Build/Intermediates.noindex/GeneratedModuleMaps/CNIOAtomics.modulemap -DXcode -enable-experimental-feature StrictConcurrency\=complete -plugin-path /Applications/Xcode-beta.app/Contents/Developer/Toolchains/XcodeDefault.xctoolchain/usr/lib/swift/host/plugins/testing -enable-experimental-feature DebugDescriptionMacro -sdk /Applications/Xcode-beta.app/Contents/Developer/Platforms/MacOSX.platform/Developer/SDKs/MacOSX26.0.sdk -target arm64-apple-macos14.0 -g -module-cache-path /Users/steipete/Library/Developer/Xcode/DerivedData/ModuleCache.noindex -Xfrontend -serialize-debugging-options -profile-coverage-mapping -profile-generate -enable-testing -suppress-warnings -index-store-path /Users/steipete/Library/Developer/Xcode/DerivedData/CodeLooper-crrddjihwjtfkwegrjrymctnfixv/Index.noindex/DataStore -swift-version 6 -I /Users/steipete/Library/Developer/Xcode/DerivedData/CodeLooper-crrddjihwjtfkwegrjrymctnfixv/Build/Products/Debug -I /Applications/Xcode-beta.app/Contents/Developer/Platforms/MacOSX.platform/Developer/usr/lib -F /Users/steipete/Library/Developer/Xcode/DerivedData/CodeLooper-crrddjihwjtfkwegrjrymctnfixv/Build/Products/Debug/PackageFrameworks -F /Users/steipete/Library/Developer/Xcode/DerivedData/CodeLooper-crrddjihwjtfkwegrjrymctnfixv/Build/Products/Debug/PackageFrameworks -F /Users/steipete/Library/Developer/Xcode/DerivedData/CodeLooper-crrddjihwjtfkwegrjrymctnfixv/Build/Products/Debug/PackageFrameworks -F /Users/steipete/Library/Developer/Xcode/DerivedData/CodeLooper-crrddjihwjtfkwegrjrymctnfixv/Build/Products/Debug/PackageFrameworks -F /Users/steipete/Library/Developer/Xcode/DerivedData/CodeLooper-crrddjihwjtfkwegrjrymctnfixv/Build/Products/Debug/PackageFrameworks -F /Users/steipete/Library/Developer/Xcode/DerivedData/CodeLooper-crrddjihwjtfkwegrjrymctnfixv/Build/Products/Debug/PackageFrameworks -F /Users/steipete/Library/Developer/Xcode/DerivedData/CodeLooper-crrddjihwjtfkwegrjrymctnfixv/Build/Products/Debug/PackageFrameworks -F /Users/steipete/Library/Developer/Xcode/DerivedData/CodeLooper-crrddjihwjtfkwegrjrymctnfixv/Build/Products/Debug/PackageFrameworks -F /Users/steipete/Library/Developer/Xcode/DerivedData/CodeLooper-crrddjihwjtfkwegrjrymctnfixv/Build/Products/Debug/PackageFrameworks -F /Users/steipete/Library/Developer/Xcode/DerivedData/CodeLooper-crrddjihwjtfkwegrjrymctnfixv/Build/Products/Debug/PackageFrameworks -F /Users/steipete/Library/Developer/Xcode/DerivedData/CodeLooper-crrddjihwjtfkwegrjrymctnfixv/Build/Products/Debug/PackageFrameworks -F /Users/steipete/Library/Developer/Xcode/DerivedData/CodeLooper-crrddjihwjtfkwegrjrymctnfixv/Build/Products/Debug/PackageFrameworks -F /Users/steipete/Library/Developer/Xcode/DerivedData/CodeLooper-crrddjihwjtfkwegrjrymctnfixv/Build/Products/Debug/PackageFrameworks -F /Users/steipete/Library/Developer/Xcode/DerivedData/CodeLooper-crrddjihwjtfkwegrjrymctnfixv/Build/Products/Debug/PackageFrameworks -F /Users/steipete/Library/Developer/Xcode/DerivedData/CodeLooper-crrddjihwjtfkwegrjrymctnfixv/Build/Products/Debug/PackageFrameworks -F /Users/steipete/Library/Developer/Xcode/DerivedData/CodeLooper-crrddjihwjtfkwegrjrymctnfixv/Build/Products/Debug/PackageFrameworks -F /Users/steipete/Library/Developer/Xcode/DerivedData/CodeLooper-crrddjihwjtfkwegrjrymctnfixv/Build/Products/Debug/PackageFrameworks -F /Users/steipete/Library/Developer/Xcode/DerivedData/CodeLooper-crrddjihwjtfkwegrjrymctnfixv/Build/Products/Debug/PackageFrameworks -F /Users/steipete/Library/Developer/Xcode/DerivedData/CodeLooper-crrddjihwjtfkwegrjrymctnfixv/Build/Products/Debug/PackageFrameworks -F /Users/steipete/Library/Developer/Xcode/DerivedData/CodeLooper-crrddjihwjtfkwegrjrymctnfixv/Build/Products/Debug/PackageFrameworks -F /Users/steipete/Library/Developer/Xcode/DerivedData/CodeLooper-crrddjihwjtfkwegrjrymctnfixv/Build/Products/Debug/PackageFrameworks -F /Users/steipete/Library/Developer/Xcode/DerivedData/CodeLooper-crrddjihwjtfkwegrjrymctnfixv/Build/Products/Debug/PackageFrameworks -F /Users/steipete/Library/Developer/Xcode/DerivedData/CodeLooper-crrddjihwjtfkwegrjrymctnfixv/Build/Products/Debug/PackageFrameworks -F /Users/steipete/Library/Developer/Xcode/DerivedData/CodeLooper-crrddjihwjtfkwegrjrymctnfixv/Build/Products/Debug/PackageFrameworks -F /Users/steipete/Library/Developer/Xcode/DerivedData/CodeLooper-crrddjihwjtfkwegrjrymctnfixv/Build/Products/Debug/PackageFrameworks -F /Users/steipete/Library/Developer/Xcode/DerivedData/CodeLooper-crrddjihwjtfkwegrjrymctnfixv/Build/Products/Debug/PackageFrameworks -F /Users/steipete/Library/Developer/Xcode/DerivedData/CodeLooper-crrddjihwjtfkwegrjrymctnfixv/Build/Products/Debug/PackageFrameworks -F /Users/steipete/Library/Developer/Xcode/DerivedData/CodeLooper-crrddjihwjtfkwegrjrymctnfixv/Build/Products/Debug/PackageFrameworks -F /Users/steipete/Library/Developer/Xcode/DerivedData/CodeLooper-crrddjihwjtfkwegrjrymctnfixv/Build/Products/Debug/PackageFrameworks -F /Users/steipete/Library/Developer/Xcode/DerivedData/CodeLooper-crrddjihwjtfkwegrjrymctnfixv/Build/Products/Debug/PackageFrameworks -F /Users/steipete/Library/Developer/Xcode/DerivedData/CodeLooper-crrddjihwjtfkwegrjrymctnfixv/Build/Products/Debug/PackageFrameworks -F /Users/steipete/Library/Developer/Xcode/DerivedData/CodeLooper-crrddjihwjtfkwegrjrymctnfixv/Build/Products/Debug/PackageFrameworks -F /Users/steipete/Library/Developer/Xcode/DerivedData/CodeLooper-crrddjihwjtfkwegrjrymctnfixv/Build/Products/Debug/PackageFrameworks -F /Users/steipete/Library/Developer/Xcode/DerivedData/CodeLooper-crrddjihwjtfkwegrjrymctnfixv/Build/Products/Debug/PackageFrameworks -F /Users/steipete/Library/Developer/Xcode/DerivedData/CodeLooper-crrddjihwjtfkwegrjrymctnfixv/Build/Products/Debug/PackageFrameworks -F /Users/steipete/Library/Developer/Xcode/DerivedData/CodeLooper-crrddjihwjtfkwegrjrymctnfixv/Build/Products/Debug/PackageFrameworks -F /Users/steipete/Library/Developer/Xcode/DerivedData/CodeLooper-crrddjihwjtfkwegrjrymctnfixv/Build/Products/Debug/PackageFrameworks -F /Users/steipete/Library/Developer/Xcode/DerivedData/CodeLooper-crrddjihwjtfkwegrjrymctnfixv/Build/Products/Debug/PackageFrameworks -F /Users/steipete/Library/Developer/Xcode/DerivedData/CodeLooper-crrddjihwjtfkwegrjrymctnfixv/Build/Products/Debug/PackageFrameworks -F /Users/steipete/Library/Developer/Xcode/DerivedData/CodeLooper-crrddjihwjtfkwegrjrymctnfixv/Build/Products/Debug/PackageFrameworks -F /Users/steipete/Library/Developer/Xcode/DerivedData/CodeLooper-crrddjihwjtfkwegrjrymctnfixv/Build/Products/Debug/PackageFrameworks -F /Users/steipete/Library/Developer/Xcode/DerivedData/CodeLooper-crrddjihwjtfkwegrjrymctnfixv/Build/Products/Debug/PackageFrameworks -F /Users/steipete/Library/Developer/Xcode/DerivedData/CodeLooper-crrddjihwjtfkwegrjrymctnfixv/Build/Products/Debug -F /Applications/Xcode-beta.app/Contents/Developer/Platforms/MacOSX.platform/Developer/Library/Frameworks -c -j16 -enable-batch-mode -incremental -Xcc -ivfsstatcache -Xcc /Users/steipete/Library/Developer/Xcode/DerivedData/SDKStatCaches.noindex/macosx26.0-25A5279m-5d9328ff1a6613a11d359de947506b52.sdkstatcache -output-file-map /Users/steipete/Library/Developer/Xcode/DerivedData/CodeLooper-crrddjihwjtfkwegrjrymctnfixv/Build/Intermediates.noindex/hummingbird.build/Debug/Hummingbird.build/Objects-normal/arm64/Hummingbird-OutputFileMap.json -use-frontend-parseable-output -save-temps -no-color-diagnostics -explicit-module-build -module-cache-path /Users/steipete/Library/Developer/Xcode/DerivedData/CodeLooper-crrddjihwjtfkwegrjrymctnfixv/Build/Intermediates.noindex/SwiftExplicitPrecompiledModules -clang-scanner-module-cache-path /Users/steipete/Library/Developer/Xcode/DerivedData/ModuleCache.noindex -sdk-module-cache-path /Users/steipete/Library/Developer/Xcode/DerivedData/ModuleCache.noindex -serialize-diagnostics -emit-dependencies -emit-module -emit-module-path /Users/steipete/Library/Developer/Xcode/DerivedData/CodeLooper-crrddjihwjtfkwegrjrymctnfixv/Build/Intermediates.noindex/hummingbird.build/Debug/Hummingbird.build/Objects-normal/arm64/Hummingbird.swiftmodule -validate-clang-modules-once -clang-build-session-file /Users/steipete/Library/Developer/Xcode/DerivedData/ModuleCache.noindex/Session.modulevalidation -package-name hummingbird -Xcc -I/Users/steipete/Library/Developer/Xcode/DerivedData/CodeLooper-crrddjihwjtfkwegrjrymctnfixv/Build/Intermediates.noindex/hummingbird.build/Debug/Hummingbird.build/swift-overrides.hmap -emit-const-values -Xfrontend -const-gather-protocols-file -Xfrontend /Users/steipete/Library/Developer/Xcode/DerivedData/CodeLooper-crrddjihwjtfkwegrjrymctnfixv/Build/Intermediates.noindex/hummingbird.build/Debug/Hummingbird.build/Objects-normal/arm64/Hummingbird_const_extract_protocols.json -Xcc -I/Users/steipete/Library/Developer/Xcode/DerivedData/CodeLooper-crrddjihwjtfkwegrjrymctnfixv/SourcePackages/checkouts/swift-nio/Sources/CNIOLLHTTP/include -Xcc -I/Users/steipete/Library/Developer/Xcode/DerivedData/CodeLooper-crrddjihwjtfkwegrjrymctnfixv/SourcePackages/checkouts/swift-nio/Sources/CNIOWASI/include -Xcc -I/Users/steipete/Library/Developer/Xcode/DerivedData/CodeLooper-crrddjihwjtfkwegrjrymctnfixv/SourcePackages/checkouts/swift-nio/Sources/CNIOWindows/include -Xcc -I/Users/steipete/Library/Developer/Xcode/DerivedData/CodeLooper-crrddjihwjtfkwegrjrymctnfixv/SourcePackages/checkouts/swift-nio/Sources/CNIOLinux/include -Xcc -I/Users/steipete/Library/Developer/Xcode/DerivedData/CodeLooper-crrddjihwjtfkwegrjrymctnfixv/SourcePackages/checkouts/swift-nio/Sources/CNIODarwin/include -Xcc -I/Users/steipete/Library/Developer/Xcode/DerivedData/CodeLooper-crrddjihwjtfkwegrjrymctnfixv/SourcePackages/checkouts/swift-nio/Sources/CNIOAtomics/include -Xcc -I/Users/steipete/Library/Developer/Xcode/DerivedData/CodeLooper-crrddjihwjtfkwegrjrymctnfixv/SourcePackages/checkouts/swift-atomics/Sources/_AtomicsShims/include -Xcc -I/Users/steipete/Library/Developer/Xcode/DerivedData/CodeLooper-crrddjihwjtfkwegrjrymctnfixv/Build/Products/Debug/include -Xcc -I/Users/steipete/Library/Developer/Xcode/DerivedData/CodeLooper-crrddjihwjtfkwegrjrymctnfixv/Build/Intermediates.noindex/hummingbird.build/Debug/Hummingbird.build/DerivedSources-normal/arm64 -Xcc -I/Users/steipete/Library/Developer/Xcode/DerivedData/CodeLooper-crrddjihwjtfkwegrjrymctnfixv/Build/Intermediates.noindex/hummingbird.build/Debug/Hummingbird.build/DerivedSources/arm64 -Xcc -I/Users/steipete/Library/Developer/Xcode/DerivedData/CodeLooper-crrddjihwjtfkwegrjrymctnfixv/Build/Intermediates.noindex/hummingbird.build/Debug/Hummingbird.build/DerivedSources -Xcc -DSWIFT_PACKAGE -Xcc -DDEBUG\=1 -emit-objc-header -emit-objc-header-path /Users/steipete/Library/Developer/Xcode/DerivedData/CodeLooper-crrddjihwjtfkwegrjrymctnfixv/Build/Intermediates.noindex/hummingbird.build/Debug/Hummingbird.build/Objects-normal/arm64/Hummingbird-Swift.h -working-directory /Users/steipete/Projects/CodeLooper -experimental-emit-module-separately -disable-cmo

Ld /Users/steipete/Library/Developer/Xcode/DerivedData/CodeLooper-crrddjihwjtfkwegrjrymctnfixv/Build/Products/Debug/Hummingbird.o normal (in target 'Hummingbird' from project 'hummingbird')
    cd /Users/steipete/Library/Developer/Xcode/DerivedData/CodeLooper-crrddjihwjtfkwegrjrymctnfixv/SourcePackages/checkouts/hummingbird
    /Applications/Xcode-beta.app/Contents/Developer/Toolchains/XcodeDefault.xctoolchain/usr/bin/clang -Xlinker -reproducible -target arm64-apple-macos14.0 -r -isysroot /Applications/Xcode-beta.app/Contents/Developer/Platforms/MacOSX.platform/Developer/SDKs/MacOSX26.0.sdk -O0 -w -L/Users/steipete/Library/Developer/Xcode/DerivedData/CodeLooper-crrddjihwjtfkwegrjrymctnfixv/Build/Intermediates.noindex/EagerLinkingTBDs/Debug -L/Users/steipete/Library/Developer/Xcode/DerivedData/CodeLooper-crrddjihwjtfkwegrjrymctnfixv/Build/Products/Debug -L/Applications/Xcode-beta.app/Contents/Developer/Platforms/MacOSX.platform/Developer/usr/lib -F/Users/steipete/Library/Developer/Xcode/DerivedData/CodeLooper-crrddjihwjtfkwegrjrymctnfixv/Build/Intermediates.noindex/EagerLinkingTBDs/Debug -F/Users/steipete/Library/Developer/Xcode/DerivedData/CodeLooper-crrddjihwjtfkwegrjrymctnfixv/Build/Products/Debug/PackageFrameworks -F/Users/steipete/Library/Developer/Xcode/DerivedData/CodeLooper-crrddjihwjtfkwegrjrymctnfixv/Build/Products/Debug/PackageFrameworks -F/Users/steipete/Library/Developer/Xcode/DerivedData/CodeLooper-crrddjihwjtfkwegrjrymctnfixv/Build/Products/Debug/PackageFrameworks -F/Users/steipete/Library/Developer/Xcode/DerivedData/CodeLooper-crrddjihwjtfkwegrjrymctnfixv/Build/Products/Debug/PackageFrameworks -F/Users/steipete/Library/Developer/Xcode/DerivedData/CodeLooper-crrddjihwjtfkwegrjrymctnfixv/Build/Products/Debug/PackageFrameworks -F/Users/steipete/Library/Developer/Xcode/DerivedData/CodeLooper-crrddjihwjtfkwegrjrymctnfixv/Build/Products/Debug/PackageFrameworks -F/Users/steipete/Library/Developer/Xcode/DerivedData/CodeLooper-crrddjihwjtfkwegrjrymctnfixv/Build/Products/Debug/PackageFrameworks -F/Users/steipete/Library/Developer/Xcode/DerivedData/CodeLooper-crrddjihwjtfkwegrjrymctnfixv/Build/Products/Debug/PackageFrameworks -F/Users/steipete/Library/Developer/Xcode/DerivedData/CodeLooper-crrddjihwjtfkwegrjrymctnfixv/Build/Products/Debug/PackageFrameworks -F/Users/steipete/Library/Developer/Xcode/DerivedData/CodeLooper-crrddjihwjtfkwegrjrymctnfixv/Build/Products/Debug/PackageFrameworks -F/Users/steipete/Library/Developer/Xcode/DerivedData/CodeLooper-crrddjihwjtfkwegrjrymctnfixv/Build/Products/Debug/PackageFrameworks -F/Users/steipete/Library/Developer/Xcode/DerivedData/CodeLooper-crrddjihwjtfkwegrjrymctnfixv/Build/Products/Debug/PackageFrameworks -F/Users/steipete/Library/Developer/Xcode/DerivedData/CodeLooper-crrddjihwjtfkwegrjrymctnfixv/Build/Products/Debug/PackageFrameworks -F/Users/steipete/Library/Developer/Xcode/DerivedData/CodeLooper-crrddjihwjtfkwegrjrymctnfixv/Build/Products/Debug/PackageFrameworks -F/Users/steipete/Library/Developer/Xcode/DerivedData/CodeLooper-crrddjihwjtfkwegrjrymctnfixv/Build/Products/Debug/PackageFrameworks -F/Users/steipete/Library/Developer/Xcode/DerivedData/CodeLooper-crrddjihwjtfkwegrjrymctnfixv/Build/Products/Debug/PackageFrameworks -F/Users/steipete/Library/Developer/Xcode/DerivedData/CodeLooper-crrddjihwjtfkwegrjrymctnfixv/Build/Products/Debug/PackageFrameworks -F/Users/steipete/Library/Developer/Xcode/DerivedData/CodeLooper-crrddjihwjtfkwegrjrymctnfixv/Build/Products/Debug/PackageFrameworks -F/Users/steipete/Library/Developer/Xcode/DerivedData/CodeLooper-crrddjihwjtfkwegrjrymctnfixv/Build/Products/Debug/PackageFrameworks -F/Users/steipete/Library/Developer/Xcode/DerivedData/CodeLooper-crrddjihwjtfkwegrjrymctnfixv/Build/Products/Debug/PackageFrameworks -F/Users/steipete/Library/Developer/Xcode/DerivedData/CodeLooper-crrddjihwjtfkwegrjrymctnfixv/Build/Products/Debug/PackageFrameworks -F/Users/steipete/Library/Developer/Xcode/DerivedData/CodeLooper-crrddjihwjtfkwegrjrymctnfixv/Build/Products/Debug/PackageFrameworks -F/Users/steipete/Library/Developer/Xcode/DerivedData/CodeLooper-crrddjihwjtfkwegrjrymctnfixv/Build/Products/Debug/PackageFrameworks -F/Users/steipete/Library/Developer/Xcode/DerivedData/CodeLooper-crrddjihwjtfkwegrjrymctnfixv/Build/Products/Debug/PackageFrameworks -F/Users/steipete/Library/Developer/Xcode/DerivedData/CodeLooper-crrddjihwjtfkwegrjrymctnfixv/Build/Products/Debug/PackageFrameworks -F/Users/steipete/Library/Developer/Xcode/DerivedData/CodeLooper-crrddjihwjtfkwegrjrymctnfixv/Build/Products/Debug/PackageFrameworks -F/Users/steipete/Library/Developer/Xcode/DerivedData/CodeLooper-crrddjihwjtfkwegrjrymctnfixv/Build/Products/Debug/PackageFrameworks -F/Users/steipete/Library/Developer/Xcode/DerivedData/CodeLooper-crrddjihwjtfkwegrjrymctnfixv/Build/Products/Debug/PackageFrameworks -F/Users/steipete/Library/Developer/Xcode/DerivedData/CodeLooper-crrddjihwjtfkwegrjrymctnfixv/Build/Products/Debug/PackageFrameworks -F/Users/steipete/Library/Developer/Xcode/DerivedData/CodeLooper-crrddjihwjtfkwegrjrymctnfixv/Build/Products/Debug/PackageFrameworks -F/Users/steipete/Library/Developer/Xcode/DerivedData/CodeLooper-crrddjihwjtfkwegrjrymctnfixv/Build/Products/Debug/PackageFrameworks -F/Users/steipete/Library/Developer/Xcode/DerivedData/CodeLooper-crrddjihwjtfkwegrjrymctnfixv/Build/Products/Debug/PackageFrameworks -F/Users/steipete/Library/Developer/Xcode/DerivedData/CodeLooper-crrddjihwjtfkwegrjrymctnfixv/Build/Products/Debug/PackageFrameworks -F/Users/steipete/Library/Developer/Xcode/DerivedData/CodeLooper-crrddjihwjtfkwegrjrymctnfixv/Build/Products/Debug/PackageFrameworks -F/Users/steipete/Library/Developer/Xcode/DerivedData/CodeLooper-crrddjihwjtfkwegrjrymctnfixv/Build/Products/Debug/PackageFrameworks -F/Users/steipete/Library/Developer/Xcode/DerivedData/CodeLooper-crrddjihwjtfkwegrjrymctnfixv/Build/Products/Debug/PackageFrameworks -F/Users/steipete/Library/Developer/Xcode/DerivedData/CodeLooper-crrddjihwjtfkwegrjrymctnfixv/Build/Products/Debug/PackageFrameworks -F/Users/steipete/Library/Developer/Xcode/DerivedData/CodeLooper-crrddjihwjtfkwegrjrymctnfixv/Build/Products/Debug/PackageFrameworks -F/Users/steipete/Library/Developer/Xcode/DerivedData/CodeLooper-crrddjihwjtfkwegrjrymctnfixv/Build/Products/Debug/PackageFrameworks -F/Users/steipete/Library/Developer/Xcode/DerivedData/CodeLooper-crrddjihwjtfkwegrjrymctnfixv/Build/Products/Debug/PackageFrameworks -F/Users/steipete/Library/Developer/Xcode/DerivedData/CodeLooper-crrddjihwjtfkwegrjrymctnfixv/Build/Products/Debug/PackageFrameworks -F/Users/steipete/Library/Developer/Xcode/DerivedData/CodeLooper-crrddjihwjtfkwegrjrymctnfixv/Build/Products/Debug/PackageFrameworks -F/Users/steipete/Library/Developer/Xcode/DerivedData/CodeLooper-crrddjihwjtfkwegrjrymctnfixv/Build/Products/Debug -iframework /Applications/Xcode-beta.app/Contents/Developer/Platforms/MacOSX.platform/Developer/Library/Frameworks -filelist /Users/steipete/Library/Developer/Xcode/DerivedData/CodeLooper-crrddjihwjtfkwegrjrymctnfixv/Build/Intermediates.noindex/hummingbird.build/Debug/Hummingbird.build/Objects-normal/arm64/Hummingbird.LinkFileList -nostdlib -Xlinker -object_path_lto -Xlinker /Users/steipete/Library/Developer/Xcode/DerivedData/CodeLooper-crrddjihwjtfkwegrjrymctnfixv/Build/Intermediates.noindex/hummingbird.build/Debug/Hummingbird.build/Objects-normal/arm64/Hummingbird_lto.o -rdynamic -Xlinker -no_deduplicate -Xlinker -debug_variant -Xlinker -dependency_info -Xlinker /Users/steipete/Library/Developer/Xcode/DerivedData/CodeLooper-crrddjihwjtfkwegrjrymctnfixv/Build/Intermediates.noindex/hummingbird.build/Debug/Hummingbird.build/Objects-normal/arm64/Hummingbird_dependency_info.dat -fobjc-link-runtime -L/Applications/Xcode-beta.app/Contents/Developer/Toolchains/XcodeDefault.xctoolchain/usr/lib/swift/macosx -L/usr/lib/swift -Xlinker -add_ast_path -Xlinker /Users/steipete/Library/Developer/Xcode/DerivedData/CodeLooper-crrddjihwjtfkwegrjrymctnfixv/Build/Intermediates.noindex/hummingbird.build/Debug/Hummingbird.build/Objects-normal/arm64/Hummingbird.swiftmodule @/Users/steipete/Library/Developer/Xcode/DerivedData/CodeLooper-crrddjihwjtfkwegrjrymctnfixv/Build/Intermediates.noindex/hummingbird.build/Debug/Hummingbird.build/Objects-normal/arm64/Hummingbird-linker-args.resp -o /Users/steipete/Library/Developer/Xcode/DerivedData/CodeLooper-crrddjihwjtfkwegrjrymctnfixv/Build/Products/Debug/Hummingbird.o

ExtractAppIntentsMetadata (in target 'Hummingbird' from project 'hummingbird')
    cd /Users/steipete/Library/Developer/Xcode/DerivedData/CodeLooper-crrddjihwjtfkwegrjrymctnfixv/SourcePackages/checkouts/hummingbird
    /Applications/Xcode-beta.app/Contents/Developer/Toolchains/XcodeDefault.xctoolchain/usr/bin/appintentsmetadataprocessor --toolchain-dir /Applications/Xcode-beta.app/Contents/Developer/Toolchains/XcodeDefault.xctoolchain --module-name Hummingbird --sdk-root /Applications/Xcode-beta.app/Contents/Developer/Platforms/MacOSX.platform/Developer/SDKs/MacOSX26.0.sdk --xcode-version 17A5241e --platform-family macOS --deployment-target 14.0 --bundle-identifier hummingbird.Hummingbird --output /Users/steipete/Library/Developer/Xcode/DerivedData/CodeLooper-crrddjihwjtfkwegrjrymctnfixv/Build/Products/Debug/Hummingbird.appintents --target-triple arm64-apple-macos14.0 --binary-file /Users/steipete/Library/Developer/Xcode/DerivedData/CodeLooper-crrddjihwjtfkwegrjrymctnfixv/Build/Products/Debug/Hummingbird.o --dependency-file /Users/steipete/Library/Developer/Xcode/DerivedData/CodeLooper-crrddjihwjtfkwegrjrymctnfixv/Build/Intermediates.noindex/hummingbird.build/Debug/Hummingbird.build/Objects-normal/arm64/Hummingbird_dependency_info.dat --stringsdata-file /Users/steipete/Library/Developer/Xcode/DerivedData/CodeLooper-crrddjihwjtfkwegrjrymctnfixv/Build/Intermediates.noindex/hummingbird.build/Debug/Hummingbird.build/Objects-normal/arm64/ExtractedAppShortcutsMetadata.stringsdata --source-file-list /Users/steipete/Library/Developer/Xcode/DerivedData/CodeLooper-crrddjihwjtfkwegrjrymctnfixv/Build/Intermediates.noindex/hummingbird.build/Debug/Hummingbird.build/Objects-normal/arm64/Hummingbird.SwiftFileList --metadata-file-list /Users/steipete/Library/Developer/Xcode/DerivedData/CodeLooper-crrddjihwjtfkwegrjrymctnfixv/Build/Intermediates.noindex/hummingbird.build/Debug/Hummingbird.build/Hummingbird.DependencyMetadataFileList --static-metadata-file-list /Users/steipete/Library/Developer/Xcode/DerivedData/CodeLooper-crrddjihwjtfkwegrjrymctnfixv/Build/Intermediates.noindex/hummingbird.build/Debug/Hummingbird.build/Hummingbird.DependencyStaticMetadataFileList --swift-const-vals-list /Users/steipete/Library/Developer/Xcode/DerivedData/CodeLooper-crrddjihwjtfkwegrjrymctnfixv/Build/Intermediates.noindex/hummingbird.build/Debug/Hummingbird.build/Objects-normal/arm64/Hummingbird.SwiftConstValuesFileList --force --compile-time-extraction --deployment-aware-processing --validate-assistant-intents --no-app-shortcuts-localization
2025-06-10 00:10:45.664 appintentsmetadataprocessor[99048:11271734] Starting appintentsmetadataprocessor export
2025-06-10 00:10:45.704 appintentsmetadataprocessor[99048:11271734] Extracted no relevant App Intents symbols, skipping writing output

RegisterExecutionPolicyException /Users/steipete/Library/Developer/Xcode/DerivedData/CodeLooper-crrddjihwjtfkwegrjrymctnfixv/Build/Products/Debug/Hummingbird.o (in target 'Hummingbird' from project 'hummingbird')
    cd /Users/steipete/Library/Developer/Xcode/DerivedData/CodeLooper-crrddjihwjtfkwegrjrymctnfixv/SourcePackages/checkouts/hummingbird
    builtin-RegisterExecutionPolicyException /Users/steipete/Library/Developer/Xcode/DerivedData/CodeLooper-crrddjihwjtfkwegrjrymctnfixv/Build/Products/Debug/Hummingbird.o

StripNIB /Users/steipete/Projects/CodeLooper/Resources/MainMenu.nib (in target 'CodeLooper' from project 'CodeLooper')
    cd /Users/steipete/Projects/CodeLooper
    /Applications/Xcode-beta.app/Contents/Developer/usr/bin/ibtool --strip /Users/steipete/Library/Developer/Xcode/DerivedData/CodeLooper-crrddjihwjtfkwegrjrymctnfixv/Build/Products/Debug/CodeLooper.app/Contents/Resources/MainMenu.nib --output-format human-readable-text /Users/steipete/Projects/CodeLooper/Resources/MainMenu.nib

Ld /Users/steipete/Library/Developer/Xcode/DerivedData/CodeLooper-crrddjihwjtfkwegrjrymctnfixv/Build/Products/Debug/CodeLooper.app/Contents/MacOS/__preview.dylib normal (in target 'CodeLooper' from project 'CodeLooper')
    cd /Users/steipete/Projects/CodeLooper
    /Applications/Xcode-beta.app/Contents/Developer/Toolchains/XcodeDefault.xctoolchain/usr/bin/clang -Xlinker -reproducible -target arm64-apple-macos14.0 -dynamiclib -isysroot /Applications/Xcode-beta.app/Contents/Developer/Platforms/MacOSX.platform/Developer/SDKs/MacOSX26.0.sdk -O0 -L/Users/steipete/Library/Developer/Xcode/DerivedData/CodeLooper-crrddjihwjtfkwegrjrymctnfixv/Build/Products/Debug -F/Users/steipete/Library/Developer/Xcode/DerivedData/CodeLooper-crrddjihwjtfkwegrjrymctnfixv/Build/Products/Debug/PackageFrameworks -F/Users/steipete/Library/Developer/Xcode/DerivedData/CodeLooper-crrddjihwjtfkwegrjrymctnfixv/Build/Products/Debug/PackageFrameworks -F/Users/steipete/Library/Developer/Xcode/DerivedData/CodeLooper-crrddjihwjtfkwegrjrymctnfixv/Build/Products/Debug/PackageFrameworks -F/Users/steipete/Library/Developer/Xcode/DerivedData/CodeLooper-crrddjihwjtfkwegrjrymctnfixv/Build/Products/Debug/PackageFrameworks -F/Users/steipete/Library/Developer/Xcode/DerivedData/CodeLooper-crrddjihwjtfkwegrjrymctnfixv/Build/Products/Debug/PackageFrameworks -F/Users/steipete/Library/Developer/Xcode/DerivedData/CodeLooper-crrddjihwjtfkwegrjrymctnfixv/Build/Products/Debug/PackageFrameworks -F/Users/steipete/Library/Developer/Xcode/DerivedData/CodeLooper-crrddjihwjtfkwegrjrymctnfixv/Build/Products/Debug/PackageFrameworks -F/Users/steipete/Library/Developer/Xcode/DerivedData/CodeLooper-crrddjihwjtfkwegrjrymctnfixv/Build/Products/Debug/PackageFrameworks -F/Users/steipete/Library/Developer/Xcode/DerivedData/CodeLooper-crrddjihwjtfkwegrjrymctnfixv/Build/Products/Debug/PackageFrameworks -F/Users/steipete/Library/Developer/Xcode/DerivedData/CodeLooper-crrddjihwjtfkwegrjrymctnfixv/Build/Products/Debug/PackageFrameworks -F/Users/steipete/Library/Developer/Xcode/DerivedData/CodeLooper-crrddjihwjtfkwegrjrymctnfixv/Build/Products/Debug/PackageFrameworks -F/Users/steipete/Library/Developer/Xcode/DerivedData/CodeLooper-crrddjihwjtfkwegrjrymctnfixv/Build/Products/Debug/PackageFrameworks -F/Users/steipete/Library/Developer/Xcode/DerivedData/CodeLooper-crrddjihwjtfkwegrjrymctnfixv/Build/Products/Debug/PackageFrameworks -F/Users/steipete/Library/Developer/Xcode/DerivedData/CodeLooper-crrddjihwjtfkwegrjrymctnfixv/Build/Products/Debug/PackageFrameworks -F/Users/steipete/Library/Developer/Xcode/DerivedData/CodeLooper-crrddjihwjtfkwegrjrymctnfixv/Build/Products/Debug/PackageFrameworks -F/Users/steipete/Library/Developer/Xcode/DerivedData/CodeLooper-crrddjihwjtfkwegrjrymctnfixv/Build/Products/Debug/PackageFrameworks -F/Users/steipete/Library/Developer/Xcode/DerivedData/CodeLooper-crrddjihwjtfkwegrjrymctnfixv/Build/Products/Debug/PackageFrameworks -F/Users/steipete/Library/Developer/Xcode/DerivedData/CodeLooper-crrddjihwjtfkwegrjrymctnfixv/Build/Products/Debug/PackageFrameworks -F/Users/steipete/Library/Developer/Xcode/DerivedData/CodeLooper-crrddjihwjtfkwegrjrymctnfixv/Build/Products/Debug/PackageFrameworks -F/Users/steipete/Library/Developer/Xcode/DerivedData/CodeLooper-crrddjihwjtfkwegrjrymctnfixv/Build/Products/Debug/PackageFrameworks -F/Users/steipete/Library/Developer/Xcode/DerivedData/CodeLooper-crrddjihwjtfkwegrjrymctnfixv/Build/Products/Debug/PackageFrameworks -F/Users/steipete/Library/Developer/Xcode/DerivedData/CodeLooper-crrddjihwjtfkwegrjrymctnfixv/Build/Products/Debug/PackageFrameworks -F/Users/steipete/Library/Developer/Xcode/DerivedData/CodeLooper-crrddjihwjtfkwegrjrymctnfixv/Build/Products/Debug/PackageFrameworks -F/Users/steipete/Library/Developer/Xcode/DerivedData/CodeLooper-crrddjihwjtfkwegrjrymctnfixv/Build/Products/Debug/PackageFrameworks -F/Users/steipete/Library/Developer/Xcode/DerivedData/CodeLooper-crrddjihwjtfkwegrjrymctnfixv/Build/Products/Debug/PackageFrameworks -F/Users/steipete/Library/Developer/Xcode/DerivedData/CodeLooper-crrddjihwjtfkwegrjrymctnfixv/Build/Products/Debug/PackageFrameworks -F/Users/steipete/Library/Developer/Xcode/DerivedData/CodeLooper-crrddjihwjtfkwegrjrymctnfixv/Build/Products/Debug/PackageFrameworks -F/Users/steipete/Library/Developer/Xcode/DerivedData/CodeLooper-crrddjihwjtfkwegrjrymctnfixv/Build/Products/Debug/PackageFrameworks -F/Users/steipete/Library/Developer/Xcode/DerivedData/CodeLooper-crrddjihwjtfkwegrjrymctnfixv/Build/Products/Debug/PackageFrameworks -F/Users/steipete/Library/Developer/Xcode/DerivedData/CodeLooper-crrddjihwjtfkwegrjrymctnfixv/Build/Products/Debug/PackageFrameworks -F/Users/steipete/Library/Developer/Xcode/DerivedData/CodeLooper-crrddjihwjtfkwegrjrymctnfixv/Build/Products/Debug/PackageFrameworks -F/Users/steipete/Library/Developer/Xcode/DerivedData/CodeLooper-crrddjihwjtfkwegrjrymctnfixv/Build/Products/Debug/PackageFrameworks -F/Users/steipete/Library/Developer/Xcode/DerivedData/CodeLooper-crrddjihwjtfkwegrjrymctnfixv/Build/Products/Debug/PackageFrameworks -F/Users/steipete/Library/Developer/Xcode/DerivedData/CodeLooper-crrddjihwjtfkwegrjrymctnfixv/Build/Products/Debug/PackageFrameworks -F/Users/steipete/Library/Developer/Xcode/DerivedData/CodeLooper-crrddjihwjtfkwegrjrymctnfixv/Build/Products/Debug/PackageFrameworks -F/Users/steipete/Library/Developer/Xcode/DerivedData/CodeLooper-crrddjihwjtfkwegrjrymctnfixv/Build/Products/Debug/PackageFrameworks -F/Users/steipete/Library/Developer/Xcode/DerivedData/CodeLooper-crrddjihwjtfkwegrjrymctnfixv/Build/Products/Debug/PackageFrameworks -F/Users/steipete/Library/Developer/Xcode/DerivedData/CodeLooper-crrddjihwjtfkwegrjrymctnfixv/Build/Products/Debug/PackageFrameworks -F/Users/steipete/Library/Developer/Xcode/DerivedData/CodeLooper-crrddjihwjtfkwegrjrymctnfixv/Build/Products/Debug/PackageFrameworks -F/Users/steipete/Library/Developer/Xcode/DerivedData/CodeLooper-crrddjihwjtfkwegrjrymctnfixv/Build/Products/Debug/PackageFrameworks -F/Users/steipete/Library/Developer/Xcode/DerivedData/CodeLooper-crrddjihwjtfkwegrjrymctnfixv/Build/Products/Debug/PackageFrameworks -F/Users/steipete/Library/Developer/Xcode/DerivedData/CodeLooper-crrddjihwjtfkwegrjrymctnfixv/Build/Products/Debug/PackageFrameworks -F/Users/steipete/Library/Developer/Xcode/DerivedData/CodeLooper-crrddjihwjtfkwegrjrymctnfixv/Build/Products/Debug/PackageFrameworks -F/Users/steipete/Library/Developer/Xcode/DerivedData/CodeLooper-crrddjihwjtfkwegrjrymctnfixv/Build/Products/Debug/PackageFrameworks -F/Users/steipete/Library/Developer/Xcode/DerivedData/CodeLooper-crrddjihwjtfkwegrjrymctnfixv/Build/Products/Debug/PackageFrameworks -F/Users/steipete/Library/Developer/Xcode/DerivedData/CodeLooper-crrddjihwjtfkwegrjrymctnfixv/Build/Products/Debug/PackageFrameworks -F/Users/steipete/Library/Developer/Xcode/DerivedData/CodeLooper-crrddjihwjtfkwegrjrymctnfixv/Build/Products/Debug/PackageFrameworks -F/Users/steipete/Library/Developer/Xcode/DerivedData/CodeLooper-crrddjihwjtfkwegrjrymctnfixv/Build/Products/Debug/PackageFrameworks -F/Users/steipete/Library/Developer/Xcode/DerivedData/CodeLooper-crrddjihwjtfkwegrjrymctnfixv/Build/Products/Debug/PackageFrameworks -F/Users/steipete/Library/Developer/Xcode/DerivedData/CodeLooper-crrddjihwjtfkwegrjrymctnfixv/Build/Products/Debug/PackageFrameworks -F/Users/steipete/Library/Developer/Xcode/DerivedData/CodeLooper-crrddjihwjtfkwegrjrymctnfixv/Build/Products/Debug/PackageFrameworks -F/Users/steipete/Library/Developer/Xcode/DerivedData/CodeLooper-crrddjihwjtfkwegrjrymctnfixv/Build/Products/Debug/PackageFrameworks -F/Users/steipete/Library/Developer/Xcode/DerivedData/CodeLooper-crrddjihwjtfkwegrjrymctnfixv/Build/Products/Debug/PackageFrameworks -F/Users/steipete/Library/Developer/Xcode/DerivedData/CodeLooper-crrddjihwjtfkwegrjrymctnfixv/Build/Products/Debug/PackageFrameworks -F/Users/steipete/Library/Developer/Xcode/DerivedData/CodeLooper-crrddjihwjtfkwegrjrymctnfixv/Build/Products/Debug/PackageFrameworks -F/Users/steipete/Library/Developer/Xcode/DerivedData/CodeLooper-crrddjihwjtfkwegrjrymctnfixv/Build/Products/Debug -install_name @rpath/CodeLooper.debug.dylib -dead_strip -rdynamic -Xlinker -no_deduplicate -Xlinker -debug_variant -Xlinker -dependency_info -Xlinker /Users/steipete/Library/Developer/Xcode/DerivedData/CodeLooper-crrddjihwjtfkwegrjrymctnfixv/Build/Intermediates.noindex/CodeLooper.build/Debug/CodeLooper.build/Objects-normal/arm64/CodeLooper_dependency_info.dat -Xlinker -no_adhoc_codesign -o /Users/steipete/Library/Developer/Xcode/DerivedData/CodeLooper-crrddjihwjtfkwegrjrymctnfixv/Build/Products/Debug/CodeLooper.app/Contents/MacOS/__preview.dylib

CpResource /Users/steipete/Library/Developer/Xcode/DerivedData/CodeLooper-crrddjihwjtfkwegrjrymctnfixv/Build/Products/Debug/CodeLooper.app/Contents/Resources/cursor-hook.js /Users/steipete/Projects/CodeLooper/Resources/JavaScript/cursor-hook.js (in target 'CodeLooper' from project 'CodeLooper')
    cd /Users/steipete/Projects/CodeLooper
    builtin-copy -exclude .DS_Store -exclude CVS -exclude .svn -exclude .git -exclude .hg -resolve-src-symlinks /Users/steipete/Projects/CodeLooper/Resources/JavaScript/cursor-hook.js /Users/steipete/Library/Developer/Xcode/DerivedData/CodeLooper-crrddjihwjtfkwegrjrymctnfixv/Build/Products/Debug/CodeLooper.app/Contents/Resources

CpResource /Users/steipete/Library/Developer/Xcode/DerivedData/CodeLooper-crrddjihwjtfkwegrjrymctnfixv/Build/Products/Debug/CodeLooper.app/Contents/Resources/CodeLooper.sdef /Users/steipete/Projects/CodeLooper/Resources/CodeLooper.sdef (in target 'CodeLooper' from project 'CodeLooper')
    cd /Users/steipete/Projects/CodeLooper
    builtin-copy -exclude .DS_Store -exclude CVS -exclude .svn -exclude .git -exclude .hg -resolve-src-symlinks /Users/steipete/Projects/CodeLooper/Resources/CodeLooper.sdef /Users/steipete/Library/Developer/Xcode/DerivedData/CodeLooper-crrddjihwjtfkwegrjrymctnfixv/Build/Products/Debug/CodeLooper.app/Contents/Resources

Copy /Users/steipete/Library/Developer/Xcode/DerivedData/CodeLooper-crrddjihwjtfkwegrjrymctnfixv/Build/Products/Debug/CodeLooper.app/Contents/Resources/swift-nio_NIOPosix.bundle /Users/steipete/Library/Developer/Xcode/DerivedData/CodeLooper-crrddjihwjtfkwegrjrymctnfixv/Build/Products/Debug/swift-nio_NIOPosix.bundle (in target 'CodeLooper' from project 'CodeLooper')
    cd /Users/steipete/Projects/CodeLooper
    builtin-copy -exclude .DS_Store -exclude CVS -exclude .svn -exclude .git -exclude .hg -resolve-src-symlinks /Users/steipete/Library/Developer/Xcode/DerivedData/CodeLooper-crrddjihwjtfkwegrjrymctnfixv/Build/Products/Debug/swift-nio_NIOPosix.bundle /Users/steipete/Library/Developer/Xcode/DerivedData/CodeLooper-crrddjihwjtfkwegrjrymctnfixv/Build/Products/Debug/CodeLooper.app/Contents/Resources

Copy /Users/steipete/Library/Developer/Xcode/DerivedData/CodeLooper-crrddjihwjtfkwegrjrymctnfixv/Build/Products/Debug/CodeLooper.app/Contents/Resources/Demark_Demark.bundle /Users/steipete/Library/Developer/Xcode/DerivedData/CodeLooper-crrddjihwjtfkwegrjrymctnfixv/Build/Products/Debug/Demark_Demark.bundle (in target 'CodeLooper' from project 'CodeLooper')
    cd /Users/steipete/Projects/CodeLooper
    builtin-copy -exclude .DS_Store -exclude CVS -exclude .svn -exclude .git -exclude .hg -resolve-src-symlinks /Users/steipete/Library/Developer/Xcode/DerivedData/CodeLooper-crrddjihwjtfkwegrjrymctnfixv/Build/Products/Debug/Demark_Demark.bundle /Users/steipete/Library/Developer/Xcode/DerivedData/CodeLooper-crrddjihwjtfkwegrjrymctnfixv/Build/Products/Debug/CodeLooper.app/Contents/Resources

Copy /Users/steipete/Library/Developer/Xcode/DerivedData/CodeLooper-crrddjihwjtfkwegrjrymctnfixv/Build/Products/Debug/CodeLooper.app/Contents/Resources/Defaults_Defaults.bundle /Users/steipete/Library/Developer/Xcode/DerivedData/CodeLooper-crrddjihwjtfkwegrjrymctnfixv/Build/Products/Debug/Defaults_Defaults.bundle (in target 'CodeLooper' from project 'CodeLooper')
    cd /Users/steipete/Projects/CodeLooper
    builtin-copy -exclude .DS_Store -exclude CVS -exclude .svn -exclude .git -exclude .hg -resolve-src-symlinks /Users/steipete/Library/Developer/Xcode/DerivedData/CodeLooper-crrddjihwjtfkwegrjrymctnfixv/Build/Products/Debug/Defaults_Defaults.bundle /Users/steipete/Library/Developer/Xcode/DerivedData/CodeLooper-crrddjihwjtfkwegrjrymctnfixv/Build/Products/Debug/CodeLooper.app/Contents/Resources

Copy /Users/steipete/Library/Developer/Xcode/DerivedData/CodeLooper-crrddjihwjtfkwegrjrymctnfixv/Build/Products/Debug/CodeLooper.app/Contents/Resources/KeyboardShortcuts_KeyboardShortcuts.bundle /Users/steipete/Library/Developer/Xcode/DerivedData/CodeLooper-crrddjihwjtfkwegrjrymctnfixv/Build/Products/Debug/KeyboardShortcuts_KeyboardShortcuts.bundle (in target 'CodeLooper' from project 'CodeLooper')
    cd /Users/steipete/Projects/CodeLooper
    builtin-copy -exclude .DS_Store -exclude CVS -exclude .svn -exclude .git -exclude .hg -resolve-src-symlinks /Users/steipete/Library/Developer/Xcode/DerivedData/CodeLooper-crrddjihwjtfkwegrjrymctnfixv/Build/Products/Debug/KeyboardShortcuts_KeyboardShortcuts.bundle /Users/steipete/Library/Developer/Xcode/DerivedData/CodeLooper-crrddjihwjtfkwegrjrymctnfixv/Build/Products/Debug/CodeLooper.app/Contents/Resources

CompileStoryboard /Users/steipete/Projects/CodeLooper/CodeLooper/Base.lproj/Main.storyboard (in target 'CodeLooper' from project 'CodeLooper')
    cd /Users/steipete/Projects/CodeLooper
    /Applications/Xcode-beta.app/Contents/Developer/usr/bin/ibtool --errors --warnings --notices --module CodeLooper --output-partial-info-plist /Users/steipete/Library/Developer/Xcode/DerivedData/CodeLooper-crrddjihwjtfkwegrjrymctnfixv/Build/Intermediates.noindex/CodeLooper.build/Debug/CodeLooper.build/Base.lproj/Main-SBPartialInfo.plist --auto-activate-custom-fonts --target-device mac --minimum-deployment-target 14.0 --output-format human-readable-text /Users/steipete/Projects/CodeLooper/CodeLooper/Base.lproj/Main.storyboard --compilation-directory /Users/steipete/Library/Developer/Xcode/DerivedData/CodeLooper-crrddjihwjtfkwegrjrymctnfixv/Build/Intermediates.noindex/CodeLooper.build/Debug/CodeLooper.build/Base.lproj

Copy /Users/steipete/Library/Developer/Xcode/DerivedData/CodeLooper-crrddjihwjtfkwegrjrymctnfixv/Build/Products/Debug/CodeLooper.app/Contents/Frameworks/Sparkle.framework /Users/steipete/Library/Developer/Xcode/DerivedData/CodeLooper-crrddjihwjtfkwegrjrymctnfixv/SourcePackages/artifacts/sparkle/Sparkle/Sparkle.xcframework/macos-arm64_x86_64/Sparkle.framework (in target 'CodeLooper' from project 'CodeLooper')
    cd /Users/steipete/Projects/CodeLooper
    builtin-copy -exclude .DS_Store -exclude CVS -exclude .svn -exclude .git -exclude .hg -exclude Headers -exclude PrivateHeaders -exclude Modules -exclude \*.tbd -resolve-src-symlinks -remove-static-executable /Users/steipete/Library/Developer/Xcode/DerivedData/CodeLooper-crrddjihwjtfkwegrjrymctnfixv/SourcePackages/artifacts/sparkle/Sparkle/Sparkle.xcframework/macos-arm64_x86_64/Sparkle.framework /Users/steipete/Library/Developer/Xcode/DerivedData/CodeLooper-crrddjihwjtfkwegrjrymctnfixv/Build/Products/Debug/CodeLooper.app/Contents/Frameworks

CodeSign /Users/steipete/Library/Developer/Xcode/DerivedData/CodeLooper-crrddjihwjtfkwegrjrymctnfixv/Build/Products/Debug/CodeLooper.app/Contents/Frameworks/Sparkle.framework/Versions/B (in target 'CodeLooper' from project 'CodeLooper')
    cd /Users/steipete/Projects/CodeLooper
    
    Signing Identity:     "Apple Development: Peter Steinberger (2ZAC4GM7GD)"
    
    /usr/bin/codesign --force --sign B8053E95F02A30D9FDD79E993FCF83E74F94B66E -o runtime --timestamp\=none --preserve-metadata\=identifier,entitlements,flags --generate-entitlement-der /Users/steipete/Library/Developer/Xcode/DerivedData/CodeLooper-crrddjihwjtfkwegrjrymctnfixv/Build/Products/Debug/CodeLooper.app/Contents/Frameworks/Sparkle.framework/Versions/B
/Users/steipete/Library/Developer/Xcode/DerivedData/CodeLooper-crrddjihwjtfkwegrjrymctnfixv/Build/Products/Debug/CodeLooper.app/Contents/Frameworks/Sparkle.framework/Versions/B: replacing existing signature

LinkAssetCatalog /Users/steipete/Projects/CodeLooper/App/Resources/Assets.xcassets (in target 'CodeLooper' from project 'CodeLooper')
    cd /Users/steipete/Projects/CodeLooper
    builtin-linkAssetCatalog --thinned /Users/steipete/Library/Developer/Xcode/DerivedData/CodeLooper-crrddjihwjtfkwegrjrymctnfixv/Build/Intermediates.noindex/CodeLooper.build/Debug/CodeLooper.build/assetcatalog_output/thinned --thinned-dependencies /Users/steipete/Library/Developer/Xcode/DerivedData/CodeLooper-crrddjihwjtfkwegrjrymctnfixv/Build/Intermediates.noindex/CodeLooper.build/Debug/CodeLooper.build/assetcatalog_dependencies_thinned --thinned-info-plist-content /Users/steipete/Library/Developer/Xcode/DerivedData/CodeLooper-crrddjihwjtfkwegrjrymctnfixv/Build/Intermediates.noindex/CodeLooper.build/Debug/CodeLooper.build/assetcatalog_generated_info.plist_thinned --unthinned /Users/steipete/Library/Developer/Xcode/DerivedData/CodeLooper-crrddjihwjtfkwegrjrymctnfixv/Build/Intermediates.noindex/CodeLooper.build/Debug/CodeLooper.build/assetcatalog_output/unthinned --unthinned-dependencies /Users/steipete/Library/Developer/Xcode/DerivedData/CodeLooper-crrddjihwjtfkwegrjrymctnfixv/Build/Intermediates.noindex/CodeLooper.build/Debug/CodeLooper.build/assetcatalog_dependencies_unthinned --unthinned-info-plist-content /Users/steipete/Library/Developer/Xcode/DerivedData/CodeLooper-crrddjihwjtfkwegrjrymctnfixv/Build/Intermediates.noindex/CodeLooper.build/Debug/CodeLooper.build/assetcatalog_generated_info.plist_unthinned --output /Users/steipete/Library/Developer/Xcode/DerivedData/CodeLooper-crrddjihwjtfkwegrjrymctnfixv/Build/Products/Debug/CodeLooper.app/Contents/Resources --plist-output /Users/steipete/Library/Developer/Xcode/DerivedData/CodeLooper-crrddjihwjtfkwegrjrymctnfixv/Build/Intermediates.noindex/CodeLooper.build/Debug/CodeLooper.build/assetcatalog_generated_info.plist
note: Emplaced /Users/steipete/Library/Developer/Xcode/DerivedData/CodeLooper-crrddjihwjtfkwegrjrymctnfixv/Build/Products/Debug/CodeLooper.app/Contents/Resources/Assets.car (in target 'CodeLooper' from project 'CodeLooper')
note: Emplaced /Users/steipete/Library/Developer/Xcode/DerivedData/CodeLooper-crrddjihwjtfkwegrjrymctnfixv/Build/Products/Debug/CodeLooper.app/Contents/Resources/AppIcon.icns (in target 'CodeLooper' from project 'CodeLooper')

SwiftExplicitDependencyGeneratePcm arm64 /Users/steipete/Library/Developer/Xcode/DerivedData/CodeLooper-crrddjihwjtfkwegrjrymctnfixv/Build/Intermediates.noindex/SwiftExplicitPrecompiledModules/Sparkle-EEN9RRNU1HLT8SAC3BX6XEQ8Y.pcm

SwiftCompile normal arm64 Compiling\ SettingsSection.swift,\ SettingsTabExtensions.swift,\ SettingsToolbarDelegate.swift,\ ToolbarTabButtonView.swift,\ WelcomeScreenToggle.swift,\ CursorInputWatcherView.swift,\ CursorRuleSetsSettingsView.swift,\ CursorSupervisionSettingsView.swift,\ CursorWindowsList.swift,\ MacAutomatorConfigView.swift,\ NativeToolbarSettingsWindow.swift,\ SettingsContainerView.swift /Users/steipete/Projects/CodeLooper/Features/Settings/UI/Components/SettingsSection.swift /Users/steipete/Projects/CodeLooper/Features/Settings/UI/Components/SettingsTabExtensions.swift /Users/steipete/Projects/CodeLooper/Features/Settings/UI/Components/SettingsToolbarDelegate.swift /Users/steipete/Projects/CodeLooper/Features/Settings/UI/Components/ToolbarTabButtonView.swift /Users/steipete/Projects/CodeLooper/Features/Settings/UI/Components/WelcomeScreenToggle.swift /Users/steipete/Projects/CodeLooper/Features/Settings/UI/CursorInputWatcherView.swift /Users/steipete/Projects/CodeLooper/Features/Settings/UI/CursorRuleSetsSettingsView.swift /Users/steipete/Projects/CodeLooper/Features/Settings/UI/CursorSupervisionSettingsView.swift /Users/steipete/Projects/CodeLooper/Features/Settings/UI/CursorWindowsList.swift /Users/steipete/Projects/CodeLooper/Features/Settings/UI/MacAutomatorConfigView.swift /Users/steipete/Projects/CodeLooper/Features/Settings/UI/NativeToolbarSettingsWindow.swift /Users/steipete/Projects/CodeLooper/Features/Settings/UI/SettingsContainerView.swift (in target 'CodeLooper' from project 'CodeLooper')
SwiftCompile normal arm64 /Users/steipete/Projects/CodeLooper/Features/Settings/UI/Components/SettingsSection.swift (in target 'CodeLooper' from project 'CodeLooper')
    cd /Users/steipete/Projects/CodeLooper
    

SwiftCompile normal arm64 /Users/steipete/Projects/CodeLooper/Features/Settings/UI/Components/SettingsTabExtensions.swift (in target 'CodeLooper' from project 'CodeLooper')
    cd /Users/steipete/Projects/CodeLooper
    

SwiftCompile normal arm64 /Users/steipete/Projects/CodeLooper/Features/Settings/UI/Components/SettingsToolbarDelegate.swift (in target 'CodeLooper' from project 'CodeLooper')
    cd /Users/steipete/Projects/CodeLooper
    

SwiftCompile normal arm64 /Users/steipete/Projects/CodeLooper/Features/Settings/UI/Components/ToolbarTabButtonView.swift (in target 'CodeLooper' from project 'CodeLooper')
    cd /Users/steipete/Projects/CodeLooper
    

SwiftCompile normal arm64 /Users/steipete/Projects/CodeLooper/Features/Settings/UI/Components/WelcomeScreenToggle.swift (in target 'CodeLooper' from project 'CodeLooper')
    cd /Users/steipete/Projects/CodeLooper
    

SwiftCompile normal arm64 /Users/steipete/Projects/CodeLooper/Features/Settings/UI/CursorInputWatcherView.swift (in target 'CodeLooper' from project 'CodeLooper')
    cd /Users/steipete/Projects/CodeLooper
    

SwiftCompile normal arm64 /Users/steipete/Projects/CodeLooper/Features/Settings/UI/CursorRuleSetsSettingsView.swift (in target 'CodeLooper' from project 'CodeLooper')
    cd /Users/steipete/Projects/CodeLooper
    

SwiftCompile normal arm64 /Users/steipete/Projects/CodeLooper/Features/Settings/UI/CursorSupervisionSettingsView.swift (in target 'CodeLooper' from project 'CodeLooper')
    cd /Users/steipete/Projects/CodeLooper
    

SwiftCompile normal arm64 /Users/steipete/Projects/CodeLooper/Features/Settings/UI/CursorWindowsList.swift (in target 'CodeLooper' from project 'CodeLooper')
    cd /Users/steipete/Projects/CodeLooper
    

SwiftCompile normal arm64 /Users/steipete/Projects/CodeLooper/Features/Settings/UI/MacAutomatorConfigView.swift (in target 'CodeLooper' from project 'CodeLooper')
    cd /Users/steipete/Projects/CodeLooper
    

SwiftCompile normal arm64 /Users/steipete/Projects/CodeLooper/Features/Settings/UI/NativeToolbarSettingsWindow.swift (in target 'CodeLooper' from project 'CodeLooper')
    cd /Users/steipete/Projects/CodeLooper
    

SwiftCompile normal arm64 /Users/steipete/Projects/CodeLooper/Features/Settings/UI/SettingsContainerView.swift (in target 'CodeLooper' from project 'CodeLooper')
    cd /Users/steipete/Projects/CodeLooper
    

SwiftEmitModule normal arm64 Emitting\ module\ for\ CodeLooper (in target 'CodeLooper' from project 'CodeLooper')

EmitSwiftModule normal arm64 (in target 'CodeLooper' from project 'CodeLooper')
    cd /Users/steipete/Projects/CodeLooper
    
/Users/steipete/Projects/CodeLooper/Core/Utilities/Helpers/Constants.swift:110:23: warning: static property 'constants' is not concurrency-safe because non-'Sendable' type 'any UIConstantsProvider.Type' may have shared mutable state
    public static let constants: UIConstantsProvider.Type = Constants.self
                      ^
/Users/steipete/Projects/CodeLooper/Core/Utilities/Helpers/Constants.swift:110:23: note: add '@MainActor' to make static property 'constants' part of global actor 'MainActor'
    public static let constants: UIConstantsProvider.Type = Constants.self
                      ^
    @MainActor 
/Users/steipete/Projects/CodeLooper/Core/Utilities/Helpers/Constants.swift:110:23: note: disable concurrency-safety checks if accesses are protected by an external synchronization mechanism
    public static let constants: UIConstantsProvider.Type = Constants.self
                      ^
    nonisolated(unsafe) 

SwiftCompile normal arm64 Compiling\ WelcomeViewModel.swift,\ WelcomeWindowView.swift,\ StopAfter25LoopsRule.swift,\ RuleCounterManager.swift,\ RuleExecutor.swift,\ RuleExecutionStatsView.swift,\ CursorWindowInfo.swift,\ DefaultsKeys.swift,\ QueryManager.swift,\ SettingsTab.swift,\ SettingsService.swift,\ UserDefaultsStorage.swift /Users/steipete/Projects/CodeLooper/Features/Onboarding/UI/WelcomeViewModel.swift /Users/steipete/Projects/CodeLooper/Features/Onboarding/UI/WelcomeWindowView.swift /Users/steipete/Projects/CodeLooper/Features/Rules/Domain/Rules/StopAfter25LoopsRule.swift /Users/steipete/Projects/CodeLooper/Features/Rules/Domain/Services/RuleCounterManager.swift /Users/steipete/Projects/CodeLooper/Features/Rules/Domain/Services/RuleExecutor.swift /Users/steipete/Projects/CodeLooper/Features/Rules/UI/RuleExecutionStatsView.swift /Users/steipete/Projects/CodeLooper/Features/Settings/Domain/Models/CursorWindowInfo.swift /Users/steipete/Projects/CodeLooper/Features/Settings/Domain/Models/DefaultsKeys.swift /Users/steipete/Projects/CodeLooper/Features/Settings/Domain/Models/QueryManager.swift /Users/steipete/Projects/CodeLooper/Features/Settings/Domain/Models/SettingsTab.swift /Users/steipete/Projects/CodeLooper/Features/Settings/Domain/SettingsService.swift /Users/steipete/Projects/CodeLooper/Features/Settings/Infrastructure/UserDefaultsStorage.swift (in target 'CodeLooper' from project 'CodeLooper')

SwiftCompile normal arm64 /Users/steipete/Projects/CodeLooper/Features/Onboarding/UI/WelcomeViewModel.swift (in target 'CodeLooper' from project 'CodeLooper')
    cd /Users/steipete/Projects/CodeLooper
    

SwiftCompile normal arm64 /Users/steipete/Projects/CodeLooper/Features/Onboarding/UI/WelcomeWindowView.swift (in target 'CodeLooper' from project 'CodeLooper')
    cd /Users/steipete/Projects/CodeLooper
    

SwiftCompile normal arm64 /Users/steipete/Projects/CodeLooper/Features/Rules/Domain/Rules/StopAfter25LoopsRule.swift (in target 'CodeLooper' from project 'CodeLooper')
    cd /Users/steipete/Projects/CodeLooper
    

SwiftCompile normal arm64 /Users/steipete/Projects/CodeLooper/Features/Rules/Domain/Services/RuleCounterManager.swift (in target 'CodeLooper' from project 'CodeLooper')
    cd /Users/steipete/Projects/CodeLooper
    

SwiftCompile normal arm64 /Users/steipete/Projects/CodeLooper/Features/Rules/Domain/Services/RuleExecutor.swift (in target 'CodeLooper' from project 'CodeLooper')
    cd /Users/steipete/Projects/CodeLooper
    

SwiftCompile normal arm64 /Users/steipete/Projects/CodeLooper/Features/Rules/UI/RuleExecutionStatsView.swift (in target 'CodeLooper' from project 'CodeLooper')
    cd /Users/steipete/Projects/CodeLooper
    

SwiftCompile normal arm64 /Users/steipete/Projects/CodeLooper/Features/Settings/Domain/Models/CursorWindowInfo.swift (in target 'CodeLooper' from project 'CodeLooper')
    cd /Users/steipete/Projects/CodeLooper
    

SwiftCompile normal arm64 /Users/steipete/Projects/CodeLooper/Features/Settings/Domain/Models/DefaultsKeys.swift (in target 'CodeLooper' from project 'CodeLooper')
    cd /Users/steipete/Projects/CodeLooper
    

SwiftCompile normal arm64 /Users/steipete/Projects/CodeLooper/Features/Settings/Domain/Models/QueryManager.swift (in target 'CodeLooper' from project 'CodeLooper')
    cd /Users/steipete/Projects/CodeLooper
    

SwiftCompile normal arm64 /Users/steipete/Projects/CodeLooper/Features/Settings/Domain/Models/SettingsTab.swift (in target 'CodeLooper' from project 'CodeLooper')
    cd /Users/steipete/Projects/CodeLooper
    

SwiftCompile normal arm64 /Users/steipete/Projects/CodeLooper/Features/Settings/Domain/SettingsService.swift (in target 'CodeLooper' from project 'CodeLooper')
    cd /Users/steipete/Projects/CodeLooper
    

SwiftCompile normal arm64 /Users/steipete/Projects/CodeLooper/Features/Settings/Infrastructure/UserDefaultsStorage.swift (in target 'CodeLooper' from project 'CodeLooper')
    cd /Users/steipete/Projects/CodeLooper
    

SwiftCompile normal arm64 Compiling\ MCPConfigurationView.swift,\ MarkdownContentPopover.swift,\ ClaudeInstanceModels.swift,\ CursorInstanceModels.swift,\ MonitoredInstance.swift,\ MonitoredInstanceInfo.swift,\ AIWindowAnalyzer.swift,\ ClaudeMonitorService.swift,\ ClaudeProcessDetector.swift,\ ClaudeStatusExtractor.swift,\ ClaudeTerminalTitleManager.swift,\ CursorInputWatcherViewModel.swift,\ CursorInstanceStateManager.swift /Users/steipete/Projects/CodeLooper/Features/MCPIntegration/UI/MCPConfigurationView.swift /Users/steipete/Projects/CodeLooper/Features/Markdown/UI/MarkdownContentPopover.swift /Users/steipete/Projects/CodeLooper/Features/Monitoring/Domain/Models/ClaudeInstanceModels.swift /Users/steipete/Projects/CodeLooper/Features/Monitoring/Domain/Models/CursorInstanceModels.swift /Users/steipete/Projects/CodeLooper/Features/Monitoring/Domain/Models/MonitoredInstance.swift /Users/steipete/Projects/CodeLooper/Features/Monitoring/Domain/Models/MonitoredInstanceInfo.swift /Users/steipete/Projects/CodeLooper/Features/Monitoring/Domain/Services/AIWindowAnalyzer.swift /Users/steipete/Projects/CodeLooper/Features/Monitoring/Domain/Services/ClaudeMonitorService.swift /Users/steipete/Projects/CodeLooper/Features/Monitoring/Domain/Services/ClaudeProcessDetector.swift /Users/steipete/Projects/CodeLooper/Features/Monitoring/Domain/Services/ClaudeStatusExtractor.swift /Users/steipete/Projects/CodeLooper/Features/Monitoring/Domain/Services/ClaudeTerminalTitleManager.swift /Users/steipete/Projects/CodeLooper/Features/Monitoring/Domain/Services/CursorInputWatcherViewModel.swift /Users/steipete/Projects/CodeLooper/Features/Monitoring/Domain/Services/CursorInstanceStateManager.swift (in target 'CodeLooper' from project 'CodeLooper')

SwiftCompile normal arm64 /Users/steipete/Projects/CodeLooper/Features/MCPIntegration/UI/MCPConfigurationView.swift (in target 'CodeLooper' from project 'CodeLooper')
    cd /Users/steipete/Projects/CodeLooper
    

SwiftCompile normal arm64 /Users/steipete/Projects/CodeLooper/Features/Markdown/UI/MarkdownContentPopover.swift (in target 'CodeLooper' from project 'CodeLooper')
    cd /Users/steipete/Projects/CodeLooper
    

SwiftCompile normal arm64 /Users/steipete/Projects/CodeLooper/Features/Monitoring/Domain/Models/ClaudeInstanceModels.swift (in target 'CodeLooper' from project 'CodeLooper')
    cd /Users/steipete/Projects/CodeLooper
    

SwiftCompile normal arm64 /Users/steipete/Projects/CodeLooper/Features/Monitoring/Domain/Models/CursorInstanceModels.swift (in target 'CodeLooper' from project 'CodeLooper')
    cd /Users/steipete/Projects/CodeLooper
    

SwiftCompile normal arm64 /Users/steipete/Projects/CodeLooper/Features/Monitoring/Domain/Models/MonitoredInstance.swift (in target 'CodeLooper' from project 'CodeLooper')
    cd /Users/steipete/Projects/CodeLooper
    

SwiftCompile normal arm64 /Users/steipete/Projects/CodeLooper/Features/Monitoring/Domain/Models/MonitoredInstanceInfo.swift (in target 'CodeLooper' from project 'CodeLooper')
    cd /Users/steipete/Projects/CodeLooper
    

SwiftCompile normal arm64 /Users/steipete/Projects/CodeLooper/Features/Monitoring/Domain/Services/AIWindowAnalyzer.swift (in target 'CodeLooper' from project 'CodeLooper')
    cd /Users/steipete/Projects/CodeLooper
    

SwiftCompile normal arm64 /Users/steipete/Projects/CodeLooper/Features/Monitoring/Domain/Services/ClaudeMonitorService.swift (in target 'CodeLooper' from project 'CodeLooper')
    cd /Users/steipete/Projects/CodeLooper
    

SwiftCompile normal arm64 /Users/steipete/Projects/CodeLooper/Features/Monitoring/Domain/Services/ClaudeProcessDetector.swift (in target 'CodeLooper' from project 'CodeLooper')
    cd /Users/steipete/Projects/CodeLooper
    

SwiftCompile normal arm64 /Users/steipete/Projects/CodeLooper/Features/Monitoring/Domain/Services/ClaudeStatusExtractor.swift (in target 'CodeLooper' from project 'CodeLooper')
    cd /Users/steipete/Projects/CodeLooper
    

SwiftCompile normal arm64 /Users/steipete/Projects/CodeLooper/Features/Monitoring/Domain/Services/ClaudeTerminalTitleManager.swift (in target 'CodeLooper' from project 'CodeLooper')
    cd /Users/steipete/Projects/CodeLooper
    

SwiftCompile normal arm64 /Users/steipete/Projects/CodeLooper/Features/Monitoring/Domain/Services/CursorInputWatcherViewModel.swift (in target 'CodeLooper' from project 'CodeLooper')
    cd /Users/steipete/Projects/CodeLooper
    

SwiftCompile normal arm64 /Users/steipete/Projects/CodeLooper/Features/Monitoring/Domain/Services/CursorInstanceStateManager.swift (in target 'CodeLooper' from project 'CodeLooper')
    cd /Users/steipete/Projects/CodeLooper
    

SwiftCompile normal arm64 Compiling\ XcodeBuildConfigView.swift,\ AnimatedLoopIcon.swift,\ IconAnimator.swift,\ MenuBarIconManager+Debug.swift,\ MenuBarIconManager.swift,\ NSImage+ResourceLoader.swift,\ StatusIconState.swift,\ UploadCompletionFeedback.swift,\ AppIconStateController.swift,\ ClaudeInstancesList.swift,\ MainPopoverView.swift,\ GeneratedAssetSymbols.swift /Users/steipete/Projects/CodeLooper/Features/Settings/UI/XcodeBuildConfigView.swift /Users/steipete/Projects/CodeLooper/Features/StatusBar/Infrastructure/AnimatedLoopIcon.swift /Users/steipete/Projects/CodeLooper/Features/StatusBar/Infrastructure/IconAnimator.swift /Users/steipete/Projects/CodeLooper/Features/StatusBar/Infrastructure/MenuBarIconManager+Debug.swift /Users/steipete/Projects/CodeLooper/Features/StatusBar/Infrastructure/MenuBarIconManager.swift /Users/steipete/Projects/CodeLooper/Features/StatusBar/Infrastructure/NSImage+ResourceLoader.swift /Users/steipete/Projects/CodeLooper/Features/StatusBar/Infrastructure/StatusIconState.swift /Users/steipete/Projects/CodeLooper/Features/StatusBar/Infrastructure/UploadCompletionFeedback.swift /Users/steipete/Projects/CodeLooper/Features/StatusBar/UI/AppIconStateController.swift /Users/steipete/Projects/CodeLooper/Features/StatusBar/UI/ClaudeInstancesList.swift /Users/steipete/Projects/CodeLooper/Features/StatusBar/UI/MainPopoverView.swift /Users/steipete/Library/Developer/Xcode/DerivedData/CodeLooper-crrddjihwjtfkwegrjrymctnfixv/Build/Intermediates.noindex/CodeLooper.build/Debug/CodeLooper.build/DerivedSources/GeneratedAssetSymbols.swift (in target 'CodeLooper' from project 'CodeLooper')

SwiftCompile normal arm64 /Users/steipete/Projects/CodeLooper/Features/Settings/UI/XcodeBuildConfigView.swift (in target 'CodeLooper' from project 'CodeLooper')
    cd /Users/steipete/Projects/CodeLooper
    
/Users/steipete/Projects/CodeLooper/Features/StatusBar/Infrastructure/UploadCompletionFeedback.swift:136:36: warning: capture of 'successIcon' with non-sendable type 'NSImage' in a '@Sendable' closure
                    button.image = successIcon
                                   ^
/Applications/Xcode-beta.app/Contents/Developer/Platforms/MacOSX.platform/Developer/SDKs/MacOSX26.0.sdk/System/Library/Frameworks/AppKit.framework/Headers/NSImage.h:66:12: note: class 'NSImage' does not conform to the 'Sendable' protocol
@interface NSImage : NSObject
           ^
/Users/steipete/Projects/CodeLooper/Features/StatusBar/Infrastructure/UploadCompletionFeedback.swift:167:36: warning: capture of 'originalImage' with non-sendable type 'NSImage' in a '@Sendable' closure
                    button.image = originalImage
                                   ^
/Applications/Xcode-beta.app/Contents/Developer/Platforms/MacOSX.platform/Developer/SDKs/MacOSX26.0.sdk/System/Library/Frameworks/AppKit.framework/Headers/NSImage.h:66:12: note: class 'NSImage' does not conform to the 'Sendable' protocol
@interface NSImage : NSObject
           ^

SwiftCompile normal arm64 /Users/steipete/Projects/CodeLooper/Features/StatusBar/Infrastructure/AnimatedLoopIcon.swift (in target 'CodeLooper' from project 'CodeLooper')
    cd /Users/steipete/Projects/CodeLooper
    
/Users/steipete/Projects/CodeLooper/Features/StatusBar/Infrastructure/UploadCompletionFeedback.swift:136:36: warning: capture of 'successIcon' with non-sendable type 'NSImage' in a '@Sendable' closure
                    button.image = successIcon
                                   ^
/Applications/Xcode-beta.app/Contents/Developer/Platforms/MacOSX.platform/Developer/SDKs/MacOSX26.0.sdk/System/Library/Frameworks/AppKit.framework/Headers/NSImage.h:66:12: note: class 'NSImage' does not conform to the 'Sendable' protocol
@interface NSImage : NSObject
           ^
/Users/steipete/Projects/CodeLooper/Features/StatusBar/Infrastructure/UploadCompletionFeedback.swift:167:36: warning: capture of 'originalImage' with non-sendable type 'NSImage' in a '@Sendable' closure
                    button.image = originalImage
                                   ^
/Applications/Xcode-beta.app/Contents/Developer/Platforms/MacOSX.platform/Developer/SDKs/MacOSX26.0.sdk/System/Library/Frameworks/AppKit.framework/Headers/NSImage.h:66:12: note: class 'NSImage' does not conform to the 'Sendable' protocol
@interface NSImage : NSObject
           ^

SwiftCompile normal arm64 /Users/steipete/Projects/CodeLooper/Features/StatusBar/Infrastructure/IconAnimator.swift (in target 'CodeLooper' from project 'CodeLooper')
    cd /Users/steipete/Projects/CodeLooper
    
/Users/steipete/Projects/CodeLooper/Features/StatusBar/Infrastructure/UploadCompletionFeedback.swift:136:36: warning: capture of 'successIcon' with non-sendable type 'NSImage' in a '@Sendable' closure
                    button.image = successIcon
                                   ^
/Applications/Xcode-beta.app/Contents/Developer/Platforms/MacOSX.platform/Developer/SDKs/MacOSX26.0.sdk/System/Library/Frameworks/AppKit.framework/Headers/NSImage.h:66:12: note: class 'NSImage' does not conform to the 'Sendable' protocol
@interface NSImage : NSObject
           ^
/Users/steipete/Projects/CodeLooper/Features/StatusBar/Infrastructure/UploadCompletionFeedback.swift:167:36: warning: capture of 'originalImage' with non-sendable type 'NSImage' in a '@Sendable' closure
                    button.image = originalImage
                                   ^
/Applications/Xcode-beta.app/Contents/Developer/Platforms/MacOSX.platform/Developer/SDKs/MacOSX26.0.sdk/System/Library/Frameworks/AppKit.framework/Headers/NSImage.h:66:12: note: class 'NSImage' does not conform to the 'Sendable' protocol
@interface NSImage : NSObject
           ^

SwiftCompile normal arm64 /Users/steipete/Projects/CodeLooper/Features/StatusBar/Infrastructure/MenuBarIconManager+Debug.swift (in target 'CodeLooper' from project 'CodeLooper')
    cd /Users/steipete/Projects/CodeLooper
    
/Users/steipete/Projects/CodeLooper/Features/StatusBar/Infrastructure/UploadCompletionFeedback.swift:136:36: warning: capture of 'successIcon' with non-sendable type 'NSImage' in a '@Sendable' closure
                    button.image = successIcon
                                   ^
/Applications/Xcode-beta.app/Contents/Developer/Platforms/MacOSX.platform/Developer/SDKs/MacOSX26.0.sdk/System/Library/Frameworks/AppKit.framework/Headers/NSImage.h:66:12: note: class 'NSImage' does not conform to the 'Sendable' protocol
@interface NSImage : NSObject
           ^
/Users/steipete/Projects/CodeLooper/Features/StatusBar/Infrastructure/UploadCompletionFeedback.swift:167:36: warning: capture of 'originalImage' with non-sendable type 'NSImage' in a '@Sendable' closure
                    button.image = originalImage
                                   ^
/Applications/Xcode-beta.app/Contents/Developer/Platforms/MacOSX.platform/Developer/SDKs/MacOSX26.0.sdk/System/Library/Frameworks/AppKit.framework/Headers/NSImage.h:66:12: note: class 'NSImage' does not conform to the 'Sendable' protocol
@interface NSImage : NSObject
           ^

SwiftCompile normal arm64 /Users/steipete/Projects/CodeLooper/Features/StatusBar/Infrastructure/MenuBarIconManager.swift (in target 'CodeLooper' from project 'CodeLooper')
    cd /Users/steipete/Projects/CodeLooper
    
/Users/steipete/Projects/CodeLooper/Features/StatusBar/Infrastructure/UploadCompletionFeedback.swift:136:36: warning: capture of 'successIcon' with non-sendable type 'NSImage' in a '@Sendable' closure
                    button.image = successIcon
                                   ^
/Applications/Xcode-beta.app/Contents/Developer/Platforms/MacOSX.platform/Developer/SDKs/MacOSX26.0.sdk/System/Library/Frameworks/AppKit.framework/Headers/NSImage.h:66:12: note: class 'NSImage' does not conform to the 'Sendable' protocol
@interface NSImage : NSObject
           ^
/Users/steipete/Projects/CodeLooper/Features/StatusBar/Infrastructure/UploadCompletionFeedback.swift:167:36: warning: capture of 'originalImage' with non-sendable type 'NSImage' in a '@Sendable' closure
                    button.image = originalImage
                                   ^
/Applications/Xcode-beta.app/Contents/Developer/Platforms/MacOSX.platform/Developer/SDKs/MacOSX26.0.sdk/System/Library/Frameworks/AppKit.framework/Headers/NSImage.h:66:12: note: class 'NSImage' does not conform to the 'Sendable' protocol
@interface NSImage : NSObject
           ^

SwiftCompile normal arm64 /Users/steipete/Projects/CodeLooper/Features/StatusBar/Infrastructure/NSImage+ResourceLoader.swift (in target 'CodeLooper' from project 'CodeLooper')
    cd /Users/steipete/Projects/CodeLooper
    
/Users/steipete/Projects/CodeLooper/Features/StatusBar/Infrastructure/UploadCompletionFeedback.swift:136:36: warning: capture of 'successIcon' with non-sendable type 'NSImage' in a '@Sendable' closure
                    button.image = successIcon
                                   ^
/Applications/Xcode-beta.app/Contents/Developer/Platforms/MacOSX.platform/Developer/SDKs/MacOSX26.0.sdk/System/Library/Frameworks/AppKit.framework/Headers/NSImage.h:66:12: note: class 'NSImage' does not conform to the 'Sendable' protocol
@interface NSImage : NSObject
           ^
/Users/steipete/Projects/CodeLooper/Features/StatusBar/Infrastructure/UploadCompletionFeedback.swift:167:36: warning: capture of 'originalImage' with non-sendable type 'NSImage' in a '@Sendable' closure
                    button.image = originalImage
                                   ^
/Applications/Xcode-beta.app/Contents/Developer/Platforms/MacOSX.platform/Developer/SDKs/MacOSX26.0.sdk/System/Library/Frameworks/AppKit.framework/Headers/NSImage.h:66:12: note: class 'NSImage' does not conform to the 'Sendable' protocol
@interface NSImage : NSObject
           ^

SwiftCompile normal arm64 /Users/steipete/Projects/CodeLooper/Features/StatusBar/Infrastructure/StatusIconState.swift (in target 'CodeLooper' from project 'CodeLooper')
    cd /Users/steipete/Projects/CodeLooper
    
/Users/steipete/Projects/CodeLooper/Features/StatusBar/Infrastructure/UploadCompletionFeedback.swift:136:36: warning: capture of 'successIcon' with non-sendable type 'NSImage' in a '@Sendable' closure
                    button.image = successIcon
                                   ^
/Applications/Xcode-beta.app/Contents/Developer/Platforms/MacOSX.platform/Developer/SDKs/MacOSX26.0.sdk/System/Library/Frameworks/AppKit.framework/Headers/NSImage.h:66:12: note: class 'NSImage' does not conform to the 'Sendable' protocol
@interface NSImage : NSObject
           ^
/Users/steipete/Projects/CodeLooper/Features/StatusBar/Infrastructure/UploadCompletionFeedback.swift:167:36: warning: capture of 'originalImage' with non-sendable type 'NSImage' in a '@Sendable' closure
                    button.image = originalImage
                                   ^
/Applications/Xcode-beta.app/Contents/Developer/Platforms/MacOSX.platform/Developer/SDKs/MacOSX26.0.sdk/System/Library/Frameworks/AppKit.framework/Headers/NSImage.h:66:12: note: class 'NSImage' does not conform to the 'Sendable' protocol
@interface NSImage : NSObject
           ^

SwiftCompile normal arm64 /Users/steipete/Projects/CodeLooper/Features/StatusBar/Infrastructure/UploadCompletionFeedback.swift (in target 'CodeLooper' from project 'CodeLooper')
    cd /Users/steipete/Projects/CodeLooper
    
/Users/steipete/Projects/CodeLooper/Features/StatusBar/Infrastructure/UploadCompletionFeedback.swift:136:36: warning: capture of 'successIcon' with non-sendable type 'NSImage' in a '@Sendable' closure
                    button.image = successIcon
                                   ^
/Applications/Xcode-beta.app/Contents/Developer/Platforms/MacOSX.platform/Developer/SDKs/MacOSX26.0.sdk/System/Library/Frameworks/AppKit.framework/Headers/NSImage.h:66:12: note: class 'NSImage' does not conform to the 'Sendable' protocol
@interface NSImage : NSObject
           ^
/Users/steipete/Projects/CodeLooper/Features/StatusBar/Infrastructure/UploadCompletionFeedback.swift:167:36: warning: capture of 'originalImage' with non-sendable type 'NSImage' in a '@Sendable' closure
                    button.image = originalImage
                                   ^
/Applications/Xcode-beta.app/Contents/Developer/Platforms/MacOSX.platform/Developer/SDKs/MacOSX26.0.sdk/System/Library/Frameworks/AppKit.framework/Headers/NSImage.h:66:12: note: class 'NSImage' does not conform to the 'Sendable' protocol
@interface NSImage : NSObject
           ^

SwiftCompile normal arm64 /Users/steipete/Projects/CodeLooper/Features/StatusBar/UI/AppIconStateController.swift (in target 'CodeLooper' from project 'CodeLooper')
    cd /Users/steipete/Projects/CodeLooper
    
/Users/steipete/Projects/CodeLooper/Features/StatusBar/Infrastructure/UploadCompletionFeedback.swift:136:36: warning: capture of 'successIcon' with non-sendable type 'NSImage' in a '@Sendable' closure
                    button.image = successIcon
                                   ^
/Applications/Xcode-beta.app/Contents/Developer/Platforms/MacOSX.platform/Developer/SDKs/MacOSX26.0.sdk/System/Library/Frameworks/AppKit.framework/Headers/NSImage.h:66:12: note: class 'NSImage' does not conform to the 'Sendable' protocol
@interface NSImage : NSObject
           ^
/Users/steipete/Projects/CodeLooper/Features/StatusBar/Infrastructure/UploadCompletionFeedback.swift:167:36: warning: capture of 'originalImage' with non-sendable type 'NSImage' in a '@Sendable' closure
                    button.image = originalImage
                                   ^
/Applications/Xcode-beta.app/Contents/Developer/Platforms/MacOSX.platform/Developer/SDKs/MacOSX26.0.sdk/System/Library/Frameworks/AppKit.framework/Headers/NSImage.h:66:12: note: class 'NSImage' does not conform to the 'Sendable' protocol
@interface NSImage : NSObject
           ^

SwiftCompile normal arm64 /Users/steipete/Projects/CodeLooper/Features/StatusBar/UI/ClaudeInstancesList.swift (in target 'CodeLooper' from project 'CodeLooper')
    cd /Users/steipete/Projects/CodeLooper
    
/Users/steipete/Projects/CodeLooper/Features/StatusBar/Infrastructure/UploadCompletionFeedback.swift:136:36: warning: capture of 'successIcon' with non-sendable type 'NSImage' in a '@Sendable' closure
                    button.image = successIcon
                                   ^
/Applications/Xcode-beta.app/Contents/Developer/Platforms/MacOSX.platform/Developer/SDKs/MacOSX26.0.sdk/System/Library/Frameworks/AppKit.framework/Headers/NSImage.h:66:12: note: class 'NSImage' does not conform to the 'Sendable' protocol
@interface NSImage : NSObject
           ^
/Users/steipete/Projects/CodeLooper/Features/StatusBar/Infrastructure/UploadCompletionFeedback.swift:167:36: warning: capture of 'originalImage' with non-sendable type 'NSImage' in a '@Sendable' closure
                    button.image = originalImage
                                   ^
/Applications/Xcode-beta.app/Contents/Developer/Platforms/MacOSX.platform/Developer/SDKs/MacOSX26.0.sdk/System/Library/Frameworks/AppKit.framework/Headers/NSImage.h:66:12: note: class 'NSImage' does not conform to the 'Sendable' protocol
@interface NSImage : NSObject
           ^

SwiftCompile normal arm64 /Users/steipete/Projects/CodeLooper/Features/StatusBar/UI/MainPopoverView.swift (in target 'CodeLooper' from project 'CodeLooper')
    cd /Users/steipete/Projects/CodeLooper
    
/Users/steipete/Projects/CodeLooper/Features/StatusBar/Infrastructure/UploadCompletionFeedback.swift:136:36: warning: capture of 'successIcon' with non-sendable type 'NSImage' in a '@Sendable' closure
                    button.image = successIcon
                                   ^
/Applications/Xcode-beta.app/Contents/Developer/Platforms/MacOSX.platform/Developer/SDKs/MacOSX26.0.sdk/System/Library/Frameworks/AppKit.framework/Headers/NSImage.h:66:12: note: class 'NSImage' does not conform to the 'Sendable' protocol
@interface NSImage : NSObject
           ^
/Users/steipete/Projects/CodeLooper/Features/StatusBar/Infrastructure/UploadCompletionFeedback.swift:167:36: warning: capture of 'originalImage' with non-sendable type 'NSImage' in a '@Sendable' closure
                    button.image = originalImage
                                   ^
/Applications/Xcode-beta.app/Contents/Developer/Platforms/MacOSX.platform/Developer/SDKs/MacOSX26.0.sdk/System/Library/Frameworks/AppKit.framework/Headers/NSImage.h:66:12: note: class 'NSImage' does not conform to the 'Sendable' protocol
@interface NSImage : NSObject
           ^

SwiftCompile normal arm64 /Users/steipete/Library/Developer/Xcode/DerivedData/CodeLooper-crrddjihwjtfkwegrjrymctnfixv/Build/Intermediates.noindex/CodeLooper.build/Debug/CodeLooper.build/DerivedSources/GeneratedAssetSymbols.swift (in target 'CodeLooper' from project 'CodeLooper')
    cd /Users/steipete/Projects/CodeLooper
    
/Users/steipete/Projects/CodeLooper/Features/StatusBar/Infrastructure/UploadCompletionFeedback.swift:136:36: warning: capture of 'successIcon' with non-sendable type 'NSImage' in a '@Sendable' closure
                    button.image = successIcon
                                   ^
/Applications/Xcode-beta.app/Contents/Developer/Platforms/MacOSX.platform/Developer/SDKs/MacOSX26.0.sdk/System/Library/Frameworks/AppKit.framework/Headers/NSImage.h:66:12: note: class 'NSImage' does not conform to the 'Sendable' protocol
@interface NSImage : NSObject
           ^
/Users/steipete/Projects/CodeLooper/Features/StatusBar/Infrastructure/UploadCompletionFeedback.swift:167:36: warning: capture of 'originalImage' with non-sendable type 'NSImage' in a '@Sendable' closure
                    button.image = originalImage
                                   ^
/Applications/Xcode-beta.app/Contents/Developer/Platforms/MacOSX.platform/Developer/SDKs/MacOSX26.0.sdk/System/Library/Frameworks/AppKit.framework/Headers/NSImage.h:66:12: note: class 'NSImage' does not conform to the 'Sendable' protocol
@interface NSImage : NSObject
           ^

SwiftCompile normal arm64 Compiling\ CompactSoundPicker.swift,\ DebugJSPopover.swift,\ DraggableView.swift,\ InterventionRuleCard.swift,\ MainSettingsViewModel.swift,\ PassThroughImageView.swift,\ PassThroughStackView.swift,\ PassThroughTextField.swift,\ RadioButtonRow.swift,\ RuleCard.swift,\ RuleInfoPopover.swift,\ SettingsContentView.swift /Users/steipete/Projects/CodeLooper/Features/Settings/UI/Components/CompactSoundPicker.swift /Users/steipete/Projects/CodeLooper/Features/Settings/UI/Components/DebugJSPopover.swift /Users/steipete/Projects/CodeLooper/Features/Settings/UI/Components/DraggableView.swift /Users/steipete/Projects/CodeLooper/Features/Settings/UI/Components/InterventionRuleCard.swift /Users/steipete/Projects/CodeLooper/Features/Settings/UI/Components/MainSettingsViewModel.swift /Users/steipete/Projects/CodeLooper/Features/Settings/UI/Components/PassThroughImageView.swift /Users/steipete/Projects/CodeLooper/Features/Settings/UI/Components/PassThroughStackView.swift /Users/steipete/Projects/CodeLooper/Features/Settings/UI/Components/PassThroughTextField.swift /Users/steipete/Projects/CodeLooper/Features/Settings/UI/Components/RadioButtonRow.swift /Users/steipete/Projects/CodeLooper/Features/Settings/UI/Components/RuleCard.swift /Users/steipete/Projects/CodeLooper/Features/Settings/UI/Components/RuleInfoPopover.swift /Users/steipete/Projects/CodeLooper/Features/Settings/UI/Components/SettingsContentView.swift (in target 'CodeLooper' from project 'CodeLooper')

SwiftCompile normal arm64 /Users/steipete/Projects/CodeLooper/Features/Settings/UI/Components/CompactSoundPicker.swift (in target 'CodeLooper' from project 'CodeLooper')
    cd /Users/steipete/Projects/CodeLooper
    

SwiftCompile normal arm64 /Users/steipete/Projects/CodeLooper/Features/Settings/UI/Components/DebugJSPopover.swift (in target 'CodeLooper' from project 'CodeLooper')
    cd /Users/steipete/Projects/CodeLooper
    

SwiftCompile normal arm64 /Users/steipete/Projects/CodeLooper/Features/Settings/UI/Components/DraggableView.swift (in target 'CodeLooper' from project 'CodeLooper')
    cd /Users/steipete/Projects/CodeLooper
    

SwiftCompile normal arm64 /Users/steipete/Projects/CodeLooper/Features/Settings/UI/Components/InterventionRuleCard.swift (in target 'CodeLooper' from project 'CodeLooper')
    cd /Users/steipete/Projects/CodeLooper
    

SwiftCompile normal arm64 /Users/steipete/Projects/CodeLooper/Features/Settings/UI/Components/MainSettingsViewModel.swift (in target 'CodeLooper' from project 'CodeLooper')
    cd /Users/steipete/Projects/CodeLooper
    

SwiftCompile normal arm64 /Users/steipete/Projects/CodeLooper/Features/Settings/UI/Components/PassThroughImageView.swift (in target 'CodeLooper' from project 'CodeLooper')
    cd /Users/steipete/Projects/CodeLooper
    

SwiftCompile normal arm64 /Users/steipete/Projects/CodeLooper/Features/Settings/UI/Components/PassThroughStackView.swift (in target 'CodeLooper' from project 'CodeLooper')
    cd /Users/steipete/Projects/CodeLooper
    

SwiftCompile normal arm64 /Users/steipete/Projects/CodeLooper/Features/Settings/UI/Components/PassThroughTextField.swift (in target 'CodeLooper' from project 'CodeLooper')
    cd /Users/steipete/Projects/CodeLooper
    

SwiftCompile normal arm64 /Users/steipete/Projects/CodeLooper/Features/Settings/UI/Components/RadioButtonRow.swift (in target 'CodeLooper' from project 'CodeLooper')
    cd /Users/steipete/Projects/CodeLooper
    

SwiftCompile normal arm64 /Users/steipete/Projects/CodeLooper/Features/Settings/UI/Components/RuleCard.swift (in target 'CodeLooper' from project 'CodeLooper')
    cd /Users/steipete/Projects/CodeLooper
    

SwiftCompile normal arm64 /Users/steipete/Projects/CodeLooper/Features/Settings/UI/Components/RuleInfoPopover.swift (in target 'CodeLooper' from project 'CodeLooper')
    cd /Users/steipete/Projects/CodeLooper
    

SwiftCompile normal arm64 /Users/steipete/Projects/CodeLooper/Features/Settings/UI/Components/SettingsContentView.swift (in target 'CodeLooper' from project 'CodeLooper')
    cd /Users/steipete/Projects/CodeLooper
    

SwiftCompile normal arm64 Compiling\ SettingsCoordinator.swift,\ SettingsPanesContainerView.swift,\ StatsView.swift,\ AISettingsView.swift,\ AboutSettingsTab.swift,\ AdvancedSettingsTab.swift,\ AdvancedSettingsView.swift,\ ClaudeCodeConfigView.swift,\ DebugSettingsView.swift,\ GeneralSettingsTab.swift,\ GeneralSettingsView.swift,\ MacOSAutomatorConfigView.swift /Users/steipete/Projects/CodeLooper/Features/Settings/UI/SettingsCoordinator.swift /Users/steipete/Projects/CodeLooper/Features/Settings/UI/SettingsPanesContainerView.swift /Users/steipete/Projects/CodeLooper/Features/Settings/UI/StatsView.swift /Users/steipete/Projects/CodeLooper/Features/Settings/UI/Tabs/AISettingsView.swift /Users/steipete/Projects/CodeLooper/Features/Settings/UI/Tabs/AboutSettingsTab.swift /Users/steipete/Projects/CodeLooper/Features/Settings/UI/Tabs/AdvancedSettingsTab.swift /Users/steipete/Projects/CodeLooper/Features/Settings/UI/Tabs/AdvancedSettingsView.swift /Users/steipete/Projects/CodeLooper/Features/Settings/UI/Tabs/ClaudeCodeConfigView.swift /Users/steipete/Projects/CodeLooper/Features/Settings/UI/Tabs/DebugSettingsView.swift /Users/steipete/Projects/CodeLooper/Features/Settings/UI/Tabs/GeneralSettingsTab.swift /Users/steipete/Projects/CodeLooper/Features/Settings/UI/Tabs/GeneralSettingsView.swift /Users/steipete/Projects/CodeLooper/Features/Settings/UI/Tabs/MacOSAutomatorConfigView.swift (in target 'CodeLooper' from project 'CodeLooper')
SwiftCompile normal arm64 /Users/steipete/Projects/CodeLooper/Features/Settings/UI/SettingsCoordinator.swift (in target 'CodeLooper' from project 'CodeLooper')
    cd /Users/steipete/Projects/CodeLooper
    

SwiftCompile normal arm64 /Users/steipete/Projects/CodeLooper/Features/Settings/UI/SettingsPanesContainerView.swift (in target 'CodeLooper' from project 'CodeLooper')
    cd /Users/steipete/Projects/CodeLooper
    

SwiftCompile normal arm64 /Users/steipete/Projects/CodeLooper/Features/Settings/UI/StatsView.swift (in target 'CodeLooper' from project 'CodeLooper')
    cd /Users/steipete/Projects/CodeLooper
    

SwiftCompile normal arm64 /Users/steipete/Projects/CodeLooper/Features/Settings/UI/Tabs/AISettingsView.swift (in target 'CodeLooper' from project 'CodeLooper')
    cd /Users/steipete/Projects/CodeLooper
    

SwiftCompile normal arm64 /Users/steipete/Projects/CodeLooper/Features/Settings/UI/Tabs/AboutSettingsTab.swift (in target 'CodeLooper' from project 'CodeLooper')
    cd /Users/steipete/Projects/CodeLooper
    

SwiftCompile normal arm64 /Users/steipete/Projects/CodeLooper/Features/Settings/UI/Tabs/AdvancedSettingsTab.swift (in target 'CodeLooper' from project 'CodeLooper')
    cd /Users/steipete/Projects/CodeLooper
    

SwiftCompile normal arm64 /Users/steipete/Projects/CodeLooper/Features/Settings/UI/Tabs/AdvancedSettingsView.swift (in target 'CodeLooper' from project 'CodeLooper')
    cd /Users/steipete/Projects/CodeLooper
    

SwiftCompile normal arm64 /Users/steipete/Projects/CodeLooper/Features/Settings/UI/Tabs/ClaudeCodeConfigView.swift (in target 'CodeLooper' from project 'CodeLooper')
    cd /Users/steipete/Projects/CodeLooper
    

SwiftCompile normal arm64 /Users/steipete/Projects/CodeLooper/Features/Settings/UI/Tabs/DebugSettingsView.swift (in target 'CodeLooper' from project 'CodeLooper')
    cd /Users/steipete/Projects/CodeLooper
    

SwiftCompile normal arm64 /Users/steipete/Projects/CodeLooper/Features/Settings/UI/Tabs/GeneralSettingsTab.swift (in target 'CodeLooper' from project 'CodeLooper')
    cd /Users/steipete/Projects/CodeLooper
    

SwiftCompile normal arm64 /Users/steipete/Projects/CodeLooper/Features/Settings/UI/Tabs/GeneralSettingsView.swift (in target 'CodeLooper' from project 'CodeLooper')
    cd /Users/steipete/Projects/CodeLooper
    

SwiftCompile normal arm64 /Users/steipete/Projects/CodeLooper/Features/Settings/UI/Tabs/MacOSAutomatorConfigView.swift (in target 'CodeLooper' from project 'CodeLooper')
    cd /Users/steipete/Projects/CodeLooper
    

SwiftCompile normal arm64 Compiling\ CursorMonitorLifecycle.swift,\ CursorMonitorService.swift,\ CursorMonitoringLoop.swift,\ HeartbeatMonitor.swift,\ PortManager.swift,\ ProcessMonitorService.swift,\ QueryDataModels.swift,\ TTYWindowMappingService.swift,\ CursorAppLifecycleManager.swift,\ CursorWindowManager.swift,\ AllPermissionsView.swift,\ AutomationPermissionsView.swift,\ AccessibilityStepView.swift /Users/steipete/Projects/CodeLooper/Features/Monitoring/Domain/Services/CursorMonitorLifecycle.swift /Users/steipete/Projects/CodeLooper/Features/Monitoring/Domain/Services/CursorMonitorService.swift /Users/steipete/Projects/CodeLooper/Features/Monitoring/Domain/Services/CursorMonitoringLoop.swift /Users/steipete/Projects/CodeLooper/Features/Monitoring/Domain/Services/HeartbeatMonitor.swift /Users/steipete/Projects/CodeLooper/Features/Monitoring/Domain/Services/PortManager.swift /Users/steipete/Projects/CodeLooper/Features/Monitoring/Domain/Services/ProcessMonitorService.swift /Users/steipete/Projects/CodeLooper/Features/Monitoring/Domain/Services/QueryDataModels.swift /Users/steipete/Projects/CodeLooper/Features/Monitoring/Domain/Services/TTYWindowMappingService.swift /Users/steipete/Projects/CodeLooper/Features/Monitoring/Infrastructure/CursorAppLifecycleManager.swift /Users/steipete/Projects/CodeLooper/Features/Monitoring/Infrastructure/CursorWindowManager.swift /Users/steipete/Projects/CodeLooper/Features/Onboarding/UI/AllPermissionsView.swift /Users/steipete/Projects/CodeLooper/Features/Onboarding/UI/AutomationPermissionsView.swift /Users/steipete/Projects/CodeLooper/Features/Onboarding/UI/Components/AccessibilityStepView.swift (in target 'CodeLooper' from project 'CodeLooper')

SwiftCompile normal arm64 /Users/steipete/Projects/CodeLooper/Features/Monitoring/Domain/Services/CursorMonitorLifecycle.swift (in target 'CodeLooper' from project 'CodeLooper')
    cd /Users/steipete/Projects/CodeLooper
    

SwiftCompile normal arm64 /Users/steipete/Projects/CodeLooper/Features/Monitoring/Domain/Services/CursorMonitorService.swift (in target 'CodeLooper' from project 'CodeLooper')
    cd /Users/steipete/Projects/CodeLooper
    

SwiftCompile normal arm64 /Users/steipete/Projects/CodeLooper/Features/Monitoring/Domain/Services/CursorMonitoringLoop.swift (in target 'CodeLooper' from project 'CodeLooper')
    cd /Users/steipete/Projects/CodeLooper
    

SwiftCompile normal arm64 /Users/steipete/Projects/CodeLooper/Features/Monitoring/Domain/Services/HeartbeatMonitor.swift (in target 'CodeLooper' from project 'CodeLooper')
    cd /Users/steipete/Projects/CodeLooper
    

SwiftCompile normal arm64 /Users/steipete/Projects/CodeLooper/Features/Monitoring/Domain/Services/PortManager.swift (in target 'CodeLooper' from project 'CodeLooper')
    cd /Users/steipete/Projects/CodeLooper
    

SwiftCompile normal arm64 /Users/steipete/Projects/CodeLooper/Features/Monitoring/Domain/Services/ProcessMonitorService.swift (in target 'CodeLooper' from project 'CodeLooper')
    cd /Users/steipete/Projects/CodeLooper
    

SwiftCompile normal arm64 /Users/steipete/Projects/CodeLooper/Features/Monitoring/Domain/Services/QueryDataModels.swift (in target 'CodeLooper' from project 'CodeLooper')
    cd /Users/steipete/Projects/CodeLooper
    

SwiftCompile normal arm64 /Users/steipete/Projects/CodeLooper/Features/Monitoring/Domain/Services/TTYWindowMappingService.swift (in target 'CodeLooper' from project 'CodeLooper')
    cd /Users/steipete/Projects/CodeLooper
    

SwiftCompile normal arm64 /Users/steipete/Projects/CodeLooper/Features/Monitoring/Infrastructure/CursorAppLifecycleManager.swift (in target 'CodeLooper' from project 'CodeLooper')
    cd /Users/steipete/Projects/CodeLooper
    

SwiftCompile normal arm64 /Users/steipete/Projects/CodeLooper/Features/Monitoring/Infrastructure/CursorWindowManager.swift (in target 'CodeLooper' from project 'CodeLooper')
    cd /Users/steipete/Projects/CodeLooper
    

SwiftCompile normal arm64 /Users/steipete/Projects/CodeLooper/Features/Onboarding/UI/AllPermissionsView.swift (in target 'CodeLooper' from project 'CodeLooper')
    cd /Users/steipete/Projects/CodeLooper
    

SwiftCompile normal arm64 /Users/steipete/Projects/CodeLooper/Features/Onboarding/UI/AutomationPermissionsView.swift (in target 'CodeLooper' from project 'CodeLooper')
    cd /Users/steipete/Projects/CodeLooper
    

SwiftCompile normal arm64 /Users/steipete/Projects/CodeLooper/Features/Onboarding/UI/Components/AccessibilityStepView.swift (in target 'CodeLooper' from project 'CodeLooper')
    cd /Users/steipete/Projects/CodeLooper
    

SwiftCompile normal arm64 Compiling\ ForceStopResumeLinkHeuristic.swift,\ GeneratingIndicatorTextHeuristic.swift,\ MainInputFieldHeuristic.swift,\ ResumeConnectionButtonHeuristic.swift,\ SidebarActivityAreaHeuristic.swift,\ StopGeneratingButtonHeuristic.swift,\ InterventionConstants.swift,\ InterventionEngine.swift,\ InterventionRecoveryHandler.swift,\ InterventionStateChecker.swift,\ InterventionExecutor.swift,\ MCPConfigurationService.swift,\ MCPVersionService.swift /Users/steipete/Projects/CodeLooper/Features/Intervention/Domain/Heuristics/ForceStopResumeLinkHeuristic.swift /Users/steipete/Projects/CodeLooper/Features/Intervention/Domain/Heuristics/GeneratingIndicatorTextHeuristic.swift /Users/steipete/Projects/CodeLooper/Features/Intervention/Domain/Heuristics/MainInputFieldHeuristic.swift /Users/steipete/Projects/CodeLooper/Features/Intervention/Domain/Heuristics/ResumeConnectionButtonHeuristic.swift /Users/steipete/Projects/CodeLooper/Features/Intervention/Domain/Heuristics/SidebarActivityAreaHeuristic.swift /Users/steipete/Projects/CodeLooper/Features/Intervention/Domain/Heuristics/StopGeneratingButtonHeuristic.swift /Users/steipete/Projects/CodeLooper/Features/Intervention/Domain/InterventionConstants.swift /Users/steipete/Projects/CodeLooper/Features/Intervention/Domain/InterventionEngine.swift /Users/steipete/Projects/CodeLooper/Features/Intervention/Domain/InterventionRecoveryHandler.swift /Users/steipete/Projects/CodeLooper/Features/Intervention/Domain/InterventionStateChecker.swift /Users/steipete/Projects/CodeLooper/Features/Intervention/Infrastructure/InterventionExecutor.swift /Users/steipete/Projects/CodeLooper/Features/MCPIntegration/Domain/MCPConfigurationService.swift /Users/steipete/Projects/CodeLooper/Features/MCPIntegration/Domain/MCPVersionService.swift (in target 'CodeLooper' from project 'CodeLooper')

SwiftCompile normal arm64 /Users/steipete/Projects/CodeLooper/Features/Intervention/Domain/Heuristics/ForceStopResumeLinkHeuristic.swift (in target 'CodeLooper' from project 'CodeLooper')
    cd /Users/steipete/Projects/CodeLooper
    

SwiftCompile normal arm64 /Users/steipete/Projects/CodeLooper/Features/Intervention/Domain/Heuristics/GeneratingIndicatorTextHeuristic.swift (in target 'CodeLooper' from project 'CodeLooper')
    cd /Users/steipete/Projects/CodeLooper
    

SwiftCompile normal arm64 /Users/steipete/Projects/CodeLooper/Features/Intervention/Domain/Heuristics/MainInputFieldHeuristic.swift (in target 'CodeLooper' from project 'CodeLooper')
    cd /Users/steipete/Projects/CodeLooper
    

SwiftCompile normal arm64 /Users/steipete/Projects/CodeLooper/Features/Intervention/Domain/Heuristics/ResumeConnectionButtonHeuristic.swift (in target 'CodeLooper' from project 'CodeLooper')
    cd /Users/steipete/Projects/CodeLooper
    

SwiftCompile normal arm64 /Users/steipete/Projects/CodeLooper/Features/Intervention/Domain/Heuristics/SidebarActivityAreaHeuristic.swift (in target 'CodeLooper' from project 'CodeLooper')
    cd /Users/steipete/Projects/CodeLooper
    

SwiftCompile normal arm64 /Users/steipete/Projects/CodeLooper/Features/Intervention/Domain/Heuristics/StopGeneratingButtonHeuristic.swift (in target 'CodeLooper' from project 'CodeLooper')
    cd /Users/steipete/Projects/CodeLooper
    

SwiftCompile normal arm64 /Users/steipete/Projects/CodeLooper/Features/Intervention/Domain/InterventionConstants.swift (in target 'CodeLooper' from project 'CodeLooper')
    cd /Users/steipete/Projects/CodeLooper
    

SwiftCompile normal arm64 /Users/steipete/Projects/CodeLooper/Features/Intervention/Domain/InterventionEngine.swift (in target 'CodeLooper' from project 'CodeLooper')
    cd /Users/steipete/Projects/CodeLooper
    

SwiftCompile normal arm64 /Users/steipete/Projects/CodeLooper/Features/Intervention/Domain/InterventionRecoveryHandler.swift (in target 'CodeLooper' from project 'CodeLooper')
    cd /Users/steipete/Projects/CodeLooper
    

SwiftCompile normal arm64 /Users/steipete/Projects/CodeLooper/Features/Intervention/Domain/InterventionStateChecker.swift (in target 'CodeLooper' from project 'CodeLooper')
    cd /Users/steipete/Projects/CodeLooper
    

SwiftCompile normal arm64 /Users/steipete/Projects/CodeLooper/Features/Intervention/Infrastructure/InterventionExecutor.swift (in target 'CodeLooper' from project 'CodeLooper')
    cd /Users/steipete/Projects/CodeLooper
    

SwiftCompile normal arm64 /Users/steipete/Projects/CodeLooper/Features/MCPIntegration/Domain/MCPConfigurationService.swift (in target 'CodeLooper' from project 'CodeLooper')
    cd /Users/steipete/Projects/CodeLooper
    

SwiftCompile normal arm64 /Users/steipete/Projects/CodeLooper/Features/MCPIntegration/Domain/MCPVersionService.swift (in target 'CodeLooper' from project 'CodeLooper')
    cd /Users/steipete/Projects/CodeLooper
    

SwiftCompile normal arm64 Compiling\ NotificationName.swift,\ Operations.swift,\ ResourceLoader.swift,\ SoundEngine.swift,\ SymbolGenerator.swift,\ ThreadSafeBox.swift,\ TimingConfiguration.swift,\ UserNotificationManager.swift,\ TuistAssets+CodeLooper.swift,\ TuistBundle+CodeLooper.swift,\ AIAnalysisStatus.swift,\ AIAnalysisService.swift,\ ScreenshotAnalyzer.swift /Users/steipete/Projects/CodeLooper/Core/Utilities/Helpers/NotificationName.swift /Users/steipete/Projects/CodeLooper/Core/Utilities/Helpers/Operations.swift /Users/steipete/Projects/CodeLooper/Core/Utilities/Helpers/ResourceLoader.swift /Users/steipete/Projects/CodeLooper/Core/Utilities/Helpers/SoundEngine.swift /Users/steipete/Projects/CodeLooper/Core/Utilities/Helpers/SymbolGenerator.swift /Users/steipete/Projects/CodeLooper/Core/Utilities/Helpers/ThreadSafeBox.swift /Users/steipete/Projects/CodeLooper/Core/Utilities/Helpers/TimingConfiguration.swift /Users/steipete/Projects/CodeLooper/Core/Utilities/Helpers/UserNotificationManager.swift /Users/steipete/Projects/CodeLooper/Derived/Sources/TuistAssets+CodeLooper.swift /Users/steipete/Projects/CodeLooper/Derived/Sources/TuistBundle+CodeLooper.swift /Users/steipete/Projects/CodeLooper/Features/AIAnalysis/Domain/Models/AIAnalysisStatus.swift /Users/steipete/Projects/CodeLooper/Features/AIAnalysis/Domain/Services/AIAnalysisService.swift /Users/steipete/Projects/CodeLooper/Features/AIAnalysis/Domain/Services/ScreenshotAnalyzer.swift (in target 'CodeLooper' from project 'CodeLooper')

SwiftCompile normal arm64 /Users/steipete/Projects/CodeLooper/Core/Utilities/Helpers/NotificationName.swift (in target 'CodeLooper' from project 'CodeLooper')
    cd /Users/steipete/Projects/CodeLooper
    

SwiftCompile normal arm64 /Users/steipete/Projects/CodeLooper/Core/Utilities/Helpers/Operations.swift (in target 'CodeLooper' from project 'CodeLooper')
    cd /Users/steipete/Projects/CodeLooper
    

SwiftCompile normal arm64 /Users/steipete/Projects/CodeLooper/Core/Utilities/Helpers/ResourceLoader.swift (in target 'CodeLooper' from project 'CodeLooper')
    cd /Users/steipete/Projects/CodeLooper
    

SwiftCompile normal arm64 /Users/steipete/Projects/CodeLooper/Core/Utilities/Helpers/SoundEngine.swift (in target 'CodeLooper' from project 'CodeLooper')
    cd /Users/steipete/Projects/CodeLooper
    

SwiftCompile normal arm64 /Users/steipete/Projects/CodeLooper/Core/Utilities/Helpers/SymbolGenerator.swift (in target 'CodeLooper' from project 'CodeLooper')
    cd /Users/steipete/Projects/CodeLooper
    

SwiftCompile normal arm64 /Users/steipete/Projects/CodeLooper/Core/Utilities/Helpers/ThreadSafeBox.swift (in target 'CodeLooper' from project 'CodeLooper')
    cd /Users/steipete/Projects/CodeLooper
    

SwiftCompile normal arm64 /Users/steipete/Projects/CodeLooper/Core/Utilities/Helpers/TimingConfiguration.swift (in target 'CodeLooper' from project 'CodeLooper')
    cd /Users/steipete/Projects/CodeLooper
    

SwiftCompile normal arm64 /Users/steipete/Projects/CodeLooper/Core/Utilities/Helpers/UserNotificationManager.swift (in target 'CodeLooper' from project 'CodeLooper')
    cd /Users/steipete/Projects/CodeLooper
    

SwiftCompile normal arm64 /Users/steipete/Projects/CodeLooper/Derived/Sources/TuistAssets+CodeLooper.swift (in target 'CodeLooper' from project 'CodeLooper')
    cd /Users/steipete/Projects/CodeLooper
    

SwiftCompile normal arm64 /Users/steipete/Projects/CodeLooper/Derived/Sources/TuistBundle+CodeLooper.swift (in target 'CodeLooper' from project 'CodeLooper')
    cd /Users/steipete/Projects/CodeLooper
    

SwiftCompile normal arm64 /Users/steipete/Projects/CodeLooper/Features/AIAnalysis/Domain/Models/AIAnalysisStatus.swift (in target 'CodeLooper' from project 'CodeLooper')
    cd /Users/steipete/Projects/CodeLooper
    

SwiftCompile normal arm64 /Users/steipete/Projects/CodeLooper/Features/AIAnalysis/Domain/Services/AIAnalysisService.swift (in target 'CodeLooper' from project 'CodeLooper')
    cd /Users/steipete/Projects/CodeLooper
    

SwiftCompile normal arm64 /Users/steipete/Projects/CodeLooper/Features/AIAnalysis/Domain/Services/ScreenshotAnalyzer.swift (in target 'CodeLooper' from project 'CodeLooper')
    cd /Users/steipete/Projects/CodeLooper
    

SwiftCompile normal arm64 Compiling\ CompletionStepView.swift,\ ModernFeatureCard.swift,\ ModernFooterView.swift,\ PermissionCard.swift,\ ProgressBar.swift,\ SettingsStepView.swift,\ WelcomeStepView.swift,\ NotificationPermissionsView.swift,\ OnboardingCoordinator.swift,\ PermissionsView.swift,\ ScreenRecordingPermissionsView.swift,\ WelcomeGuideView.swift,\ WelcomeView.swift /Users/steipete/Projects/CodeLooper/Features/Onboarding/UI/Components/CompletionStepView.swift /Users/steipete/Projects/CodeLooper/Features/Onboarding/UI/Components/ModernFeatureCard.swift /Users/steipete/Projects/CodeLooper/Features/Onboarding/UI/Components/ModernFooterView.swift /Users/steipete/Projects/CodeLooper/Features/Onboarding/UI/Components/PermissionCard.swift /Users/steipete/Projects/CodeLooper/Features/Onboarding/UI/Components/ProgressBar.swift /Users/steipete/Projects/CodeLooper/Features/Onboarding/UI/Components/SettingsStepView.swift /Users/steipete/Projects/CodeLooper/Features/Onboarding/UI/Components/WelcomeStepView.swift /Users/steipete/Projects/CodeLooper/Features/Onboarding/UI/NotificationPermissionsView.swift /Users/steipete/Projects/CodeLooper/Features/Onboarding/UI/OnboardingCoordinator.swift /Users/steipete/Projects/CodeLooper/Features/Onboarding/UI/PermissionsView.swift /Users/steipete/Projects/CodeLooper/Features/Onboarding/UI/ScreenRecordingPermissionsView.swift /Users/steipete/Projects/CodeLooper/Features/Onboarding/UI/WelcomeGuideView.swift /Users/steipete/Projects/CodeLooper/Features/Onboarding/UI/WelcomeView.swift (in target 'CodeLooper' from project 'CodeLooper')
SwiftCompile normal arm64 /Users/steipete/Projects/CodeLooper/Features/Onboarding/UI/Components/CompletionStepView.swift (in target 'CodeLooper' from project 'CodeLooper')
    cd /Users/steipete/Projects/CodeLooper
    

SwiftCompile normal arm64 /Users/steipete/Projects/CodeLooper/Features/Onboarding/UI/Components/ModernFeatureCard.swift (in target 'CodeLooper' from project 'CodeLooper')
    cd /Users/steipete/Projects/CodeLooper
    

SwiftCompile normal arm64 /Users/steipete/Projects/CodeLooper/Features/Onboarding/UI/Components/ModernFooterView.swift (in target 'CodeLooper' from project 'CodeLooper')
    cd /Users/steipete/Projects/CodeLooper
    

SwiftCompile normal arm64 /Users/steipete/Projects/CodeLooper/Features/Onboarding/UI/Components/PermissionCard.swift (in target 'CodeLooper' from project 'CodeLooper')
    cd /Users/steipete/Projects/CodeLooper
    

SwiftCompile normal arm64 /Users/steipete/Projects/CodeLooper/Features/Onboarding/UI/Components/ProgressBar.swift (in target 'CodeLooper' from project 'CodeLooper')
    cd /Users/steipete/Projects/CodeLooper
    

SwiftCompile normal arm64 /Users/steipete/Projects/CodeLooper/Features/Onboarding/UI/Components/SettingsStepView.swift (in target 'CodeLooper' from project 'CodeLooper')
    cd /Users/steipete/Projects/CodeLooper
    

SwiftCompile normal arm64 /Users/steipete/Projects/CodeLooper/Features/Onboarding/UI/Components/WelcomeStepView.swift (in target 'CodeLooper' from project 'CodeLooper')
    cd /Users/steipete/Projects/CodeLooper
    

SwiftCompile normal arm64 /Users/steipete/Projects/CodeLooper/Features/Onboarding/UI/NotificationPermissionsView.swift (in target 'CodeLooper' from project 'CodeLooper')
    cd /Users/steipete/Projects/CodeLooper
    

SwiftCompile normal arm64 /Users/steipete/Projects/CodeLooper/Features/Onboarding/UI/OnboardingCoordinator.swift (in target 'CodeLooper' from project 'CodeLooper')
    cd /Users/steipete/Projects/CodeLooper
    

SwiftCompile normal arm64 /Users/steipete/Projects/CodeLooper/Features/Onboarding/UI/PermissionsView.swift (in target 'CodeLooper' from project 'CodeLooper')
    cd /Users/steipete/Projects/CodeLooper
    

SwiftCompile normal arm64 /Users/steipete/Projects/CodeLooper/Features/Onboarding/UI/ScreenRecordingPermissionsView.swift (in target 'CodeLooper' from project 'CodeLooper')
    cd /Users/steipete/Projects/CodeLooper
    

SwiftCompile normal arm64 /Users/steipete/Projects/CodeLooper/Features/Onboarding/UI/WelcomeGuideView.swift (in target 'CodeLooper' from project 'CodeLooper')
    cd /Users/steipete/Projects/CodeLooper
    

SwiftCompile normal arm64 /Users/steipete/Projects/CodeLooper/Features/Onboarding/UI/WelcomeView.swift (in target 'CodeLooper' from project 'CodeLooper')
    cd /Users/steipete/Projects/CodeLooper
    

SwiftCompile normal arm64 Compiling\ Color+Swift6.swift,\ CustomObservation.swift,\ Task+Timeout.swift,\ WelcomeStep+Sendable.swift,\ AIErrorMapper.swift,\ Constants.swift,\ Debouncer.swift,\ ErrorHandlingUtility.swift,\ GitClientLauncher.swift,\ ImageProcessor.swift,\ InfoKey.swift,\ LoggerFactory.swift,\ LoginItemManager.swift /Users/steipete/Projects/CodeLooper/Core/Utilities/Extensions/Color+Swift6.swift /Users/steipete/Projects/CodeLooper/Core/Utilities/Extensions/CustomObservation.swift /Users/steipete/Projects/CodeLooper/Core/Utilities/Extensions/Task+Timeout.swift /Users/steipete/Projects/CodeLooper/Core/Utilities/Extensions/WelcomeStep+Sendable.swift /Users/steipete/Projects/CodeLooper/Core/Utilities/Helpers/AIErrorMapper.swift /Users/steipete/Projects/CodeLooper/Core/Utilities/Helpers/Constants.swift /Users/steipete/Projects/CodeLooper/Core/Utilities/Helpers/Debouncer.swift /Users/steipete/Projects/CodeLooper/Core/Utilities/Helpers/ErrorHandlingUtility.swift /Users/steipete/Projects/CodeLooper/Core/Utilities/Helpers/GitClientLauncher.swift /Users/steipete/Projects/CodeLooper/Core/Utilities/Helpers/ImageProcessor.swift /Users/steipete/Projects/CodeLooper/Core/Utilities/Helpers/InfoKey.swift /Users/steipete/Projects/CodeLooper/Core/Utilities/Helpers/LoggerFactory.swift /Users/steipete/Projects/CodeLooper/Core/Utilities/Helpers/LoginItemManager.swift (in target 'CodeLooper' from project 'CodeLooper')

SwiftCompile normal arm64 /Users/steipete/Projects/CodeLooper/Core/Utilities/Extensions/Color+Swift6.swift (in target 'CodeLooper' from project 'CodeLooper')
    cd /Users/steipete/Projects/CodeLooper
    

SwiftCompile normal arm64 /Users/steipete/Projects/CodeLooper/Core/Utilities/Extensions/CustomObservation.swift (in target 'CodeLooper' from project 'CodeLooper')
    cd /Users/steipete/Projects/CodeLooper
    

SwiftCompile normal arm64 /Users/steipete/Projects/CodeLooper/Core/Utilities/Extensions/Task+Timeout.swift (in target 'CodeLooper' from project 'CodeLooper')
    cd /Users/steipete/Projects/CodeLooper
    

SwiftCompile normal arm64 /Users/steipete/Projects/CodeLooper/Core/Utilities/Extensions/WelcomeStep+Sendable.swift (in target 'CodeLooper' from project 'CodeLooper')
    cd /Users/steipete/Projects/CodeLooper
    

SwiftCompile normal arm64 /Users/steipete/Projects/CodeLooper/Core/Utilities/Helpers/AIErrorMapper.swift (in target 'CodeLooper' from project 'CodeLooper')
    cd /Users/steipete/Projects/CodeLooper
    

SwiftCompile normal arm64 /Users/steipete/Projects/CodeLooper/Core/Utilities/Helpers/Constants.swift (in target 'CodeLooper' from project 'CodeLooper')
    cd /Users/steipete/Projects/CodeLooper
    
/Users/steipete/Projects/CodeLooper/Core/Utilities/Helpers/Constants.swift:110:23: warning: static property 'constants' is not concurrency-safe because non-'Sendable' type 'any UIConstantsProvider.Type' may have shared mutable state
    public static let constants: UIConstantsProvider.Type = Constants.self
                      ^
/Users/steipete/Projects/CodeLooper/Core/Utilities/Helpers/Constants.swift:110:23: note: add '@MainActor' to make static property 'constants' part of global actor 'MainActor'
    public static let constants: UIConstantsProvider.Type = Constants.self
                      ^
    @MainActor 
/Users/steipete/Projects/CodeLooper/Core/Utilities/Helpers/Constants.swift:110:23: note: disable concurrency-safety checks if accesses are protected by an external synchronization mechanism
    public static let constants: UIConstantsProvider.Type = Constants.self
                      ^
    nonisolated(unsafe) 

SwiftCompile normal arm64 /Users/steipete/Projects/CodeLooper/Core/Utilities/Helpers/Debouncer.swift (in target 'CodeLooper' from project 'CodeLooper')
    cd /Users/steipete/Projects/CodeLooper
    

SwiftCompile normal arm64 /Users/steipete/Projects/CodeLooper/Core/Utilities/Helpers/ErrorHandlingUtility.swift (in target 'CodeLooper' from project 'CodeLooper')
    cd /Users/steipete/Projects/CodeLooper
    

SwiftCompile normal arm64 /Users/steipete/Projects/CodeLooper/Core/Utilities/Helpers/GitClientLauncher.swift (in target 'CodeLooper' from project 'CodeLooper')
    cd /Users/steipete/Projects/CodeLooper
    

SwiftCompile normal arm64 /Users/steipete/Projects/CodeLooper/Core/Utilities/Helpers/ImageProcessor.swift (in target 'CodeLooper' from project 'CodeLooper')
    cd /Users/steipete/Projects/CodeLooper
    

SwiftCompile normal arm64 /Users/steipete/Projects/CodeLooper/Core/Utilities/Helpers/InfoKey.swift (in target 'CodeLooper' from project 'CodeLooper')
    cd /Users/steipete/Projects/CodeLooper
    

SwiftCompile normal arm64 /Users/steipete/Projects/CodeLooper/Core/Utilities/Helpers/LoggerFactory.swift (in target 'CodeLooper' from project 'CodeLooper')
    cd /Users/steipete/Projects/CodeLooper
    

SwiftCompile normal arm64 /Users/steipete/Projects/CodeLooper/Core/Utilities/Helpers/LoginItemManager.swift (in target 'CodeLooper' from project 'CodeLooper')
    cd /Users/steipete/Projects/CodeLooper
    

SwiftCompile normal arm64 Compiling\ FileLogger.swift,\ DiagnosticReportGenerator.swift,\ OperationTracker.swift,\ SystemInfoProvider.swift,\ LogCategory.swift,\ LogConfiguration.swift,\ LogLevel.swift,\ LogManager.swift,\ Logger.swift,\ SessionLogger.swift,\ AppleScriptInjector.swift,\ CommandHelpers.swift,\ JSHookDevConsoleDetector.swift /Users/steipete/Projects/CodeLooper/Core/Diagnostics/FileLogger.swift /Users/steipete/Projects/CodeLooper/Core/Diagnostics/Helpers/DiagnosticReportGenerator.swift /Users/steipete/Projects/CodeLooper/Core/Diagnostics/Helpers/OperationTracker.swift /Users/steipete/Projects/CodeLooper/Core/Diagnostics/Helpers/SystemInfoProvider.swift /Users/steipete/Projects/CodeLooper/Core/Diagnostics/LogCategory.swift /Users/steipete/Projects/CodeLooper/Core/Diagnostics/LogConfiguration.swift /Users/steipete/Projects/CodeLooper/Core/Diagnostics/LogLevel.swift /Users/steipete/Projects/CodeLooper/Core/Diagnostics/LogManager.swift /Users/steipete/Projects/CodeLooper/Core/Diagnostics/Logger.swift /Users/steipete/Projects/CodeLooper/Core/Diagnostics/SessionLogger.swift /Users/steipete/Projects/CodeLooper/Core/JSHook/Components/AppleScriptInjector.swift /Users/steipete/Projects/CodeLooper/Core/JSHook/Components/CommandHelpers.swift /Users/steipete/Projects/CodeLooper/Core/JSHook/Components/JSHookDevConsoleDetector.swift (in target 'CodeLooper' from project 'CodeLooper')

SwiftCompile normal arm64 /Users/steipete/Projects/CodeLooper/Core/Diagnostics/FileLogger.swift (in target 'CodeLooper' from project 'CodeLooper')
    cd /Users/steipete/Projects/CodeLooper
    

SwiftCompile normal arm64 /Users/steipete/Projects/CodeLooper/Core/Diagnostics/Helpers/DiagnosticReportGenerator.swift (in target 'CodeLooper' from project 'CodeLooper')
    cd /Users/steipete/Projects/CodeLooper
    

SwiftCompile normal arm64 /Users/steipete/Projects/CodeLooper/Core/Diagnostics/Helpers/OperationTracker.swift (in target 'CodeLooper' from project 'CodeLooper')
    cd /Users/steipete/Projects/CodeLooper
    

SwiftCompile normal arm64 /Users/steipete/Projects/CodeLooper/Core/Diagnostics/Helpers/SystemInfoProvider.swift (in target 'CodeLooper' from project 'CodeLooper')
    cd /Users/steipete/Projects/CodeLooper
    

SwiftCompile normal arm64 /Users/steipete/Projects/CodeLooper/Core/Diagnostics/LogCategory.swift (in target 'CodeLooper' from project 'CodeLooper')
    cd /Users/steipete/Projects/CodeLooper
    

SwiftCompile normal arm64 /Users/steipete/Projects/CodeLooper/Core/Diagnostics/LogConfiguration.swift (in target 'CodeLooper' from project 'CodeLooper')
    cd /Users/steipete/Projects/CodeLooper
    

SwiftCompile normal arm64 /Users/steipete/Projects/CodeLooper/Core/Diagnostics/LogLevel.swift (in target 'CodeLooper' from project 'CodeLooper')
    cd /Users/steipete/Projects/CodeLooper
    

SwiftCompile normal arm64 /Users/steipete/Projects/CodeLooper/Core/Diagnostics/LogManager.swift (in target 'CodeLooper' from project 'CodeLooper')
    cd /Users/steipete/Projects/CodeLooper
    

SwiftCompile normal arm64 /Users/steipete/Projects/CodeLooper/Core/Diagnostics/Logger.swift (in target 'CodeLooper' from project 'CodeLooper')
    cd /Users/steipete/Projects/CodeLooper
    

SwiftCompile normal arm64 /Users/steipete/Projects/CodeLooper/Core/Diagnostics/SessionLogger.swift (in target 'CodeLooper' from project 'CodeLooper')
    cd /Users/steipete/Projects/CodeLooper
    

SwiftCompile normal arm64 /Users/steipete/Projects/CodeLooper/Core/JSHook/Components/AppleScriptInjector.swift (in target 'CodeLooper' from project 'CodeLooper')
    cd /Users/steipete/Projects/CodeLooper
    

SwiftCompile normal arm64 /Users/steipete/Projects/CodeLooper/Core/JSHook/Components/CommandHelpers.swift (in target 'CodeLooper' from project 'CodeLooper')
    cd /Users/steipete/Projects/CodeLooper
    

SwiftCompile normal arm64 /Users/steipete/Projects/CodeLooper/Core/JSHook/Components/JSHookDevConsoleDetector.swift (in target 'CodeLooper' from project 'CodeLooper')
    cd /Users/steipete/Projects/CodeLooper
    

SwiftCompile normal arm64 Compiling\ WindowAIDiagnosticsManager.swift,\ APIKeyManager.swift,\ OllamaProvider.swift,\ OpenAIProvider.swift,\ AnalysisResultView.swift,\ GitRepositoryService.swift,\ GitRepository.swift,\ DocumentPathTracker.swift,\ HTTPServerModels.swift,\ HTTPServerService.swift,\ ConnectionErrorIndicatorHeuristic.swift,\ ElementHeuristic.swift,\ ErrorMessagePopupHeuristic.swift /Users/steipete/Projects/CodeLooper/Features/AIAnalysis/Domain/Services/WindowAIDiagnosticsManager.swift /Users/steipete/Projects/CodeLooper/Features/AIAnalysis/Infrastructure/APIKeyManager.swift /Users/steipete/Projects/CodeLooper/Features/AIAnalysis/Infrastructure/Providers/OllamaProvider.swift /Users/steipete/Projects/CodeLooper/Features/AIAnalysis/Infrastructure/Providers/OpenAIProvider.swift /Users/steipete/Projects/CodeLooper/Features/AIAnalysis/UI/AnalysisResultView.swift /Users/steipete/Projects/CodeLooper/Features/GitTracking/Domain/GitRepositoryService.swift /Users/steipete/Projects/CodeLooper/Features/GitTracking/Domain/Models/GitRepository.swift /Users/steipete/Projects/CodeLooper/Features/GitTracking/Infrastructure/DocumentPathTracker.swift /Users/steipete/Projects/CodeLooper/Features/HTTPServer/Domain/Models/HTTPServerModels.swift /Users/steipete/Projects/CodeLooper/Features/HTTPServer/Domain/Services/HTTPServerService.swift /Users/steipete/Projects/CodeLooper/Features/Intervention/Domain/Heuristics/ConnectionErrorIndicatorHeuristic.swift /Users/steipete/Projects/CodeLooper/Features/Intervention/Domain/Heuristics/ElementHeuristic.swift /Users/steipete/Projects/CodeLooper/Features/Intervention/Domain/Heuristics/ErrorMessagePopupHeuristic.swift (in target 'CodeLooper' from project 'CodeLooper')

SwiftCompile normal arm64 /Users/steipete/Projects/CodeLooper/Features/AIAnalysis/Domain/Services/WindowAIDiagnosticsManager.swift (in target 'CodeLooper' from project 'CodeLooper')
    cd /Users/steipete/Projects/CodeLooper
    

SwiftCompile normal arm64 /Users/steipete/Projects/CodeLooper/Features/AIAnalysis/Infrastructure/APIKeyManager.swift (in target 'CodeLooper' from project 'CodeLooper')
    cd /Users/steipete/Projects/CodeLooper
    

SwiftCompile normal arm64 /Users/steipete/Projects/CodeLooper/Features/AIAnalysis/Infrastructure/Providers/OllamaProvider.swift (in target 'CodeLooper' from project 'CodeLooper')
    cd /Users/steipete/Projects/CodeLooper
    

SwiftCompile normal arm64 /Users/steipete/Projects/CodeLooper/Features/AIAnalysis/Infrastructure/Providers/OpenAIProvider.swift (in target 'CodeLooper' from project 'CodeLooper')
    cd /Users/steipete/Projects/CodeLooper
    

SwiftCompile normal arm64 /Users/steipete/Projects/CodeLooper/Features/AIAnalysis/UI/AnalysisResultView.swift (in target 'CodeLooper' from project 'CodeLooper')
    cd /Users/steipete/Projects/CodeLooper
    

SwiftCompile normal arm64 /Users/steipete/Projects/CodeLooper/Features/GitTracking/Domain/GitRepositoryService.swift (in target 'CodeLooper' from project 'CodeLooper')
    cd /Users/steipete/Projects/CodeLooper
    

SwiftCompile normal arm64 /Users/steipete/Projects/CodeLooper/Features/GitTracking/Domain/Models/GitRepository.swift (in target 'CodeLooper' from project 'CodeLooper')
    cd /Users/steipete/Projects/CodeLooper
    

SwiftCompile normal arm64 /Users/steipete/Projects/CodeLooper/Features/GitTracking/Infrastructure/DocumentPathTracker.swift (in target 'CodeLooper' from project 'CodeLooper')
    cd /Users/steipete/Projects/CodeLooper
    

SwiftCompile normal arm64 /Users/steipete/Projects/CodeLooper/Features/HTTPServer/Domain/Models/HTTPServerModels.swift (in target 'CodeLooper' from project 'CodeLooper')
    cd /Users/steipete/Projects/CodeLooper
    

SwiftCompile normal arm64 /Users/steipete/Projects/CodeLooper/Features/HTTPServer/Domain/Services/HTTPServerService.swift (in target 'CodeLooper' from project 'CodeLooper')
    cd /Users/steipete/Projects/CodeLooper
    

SwiftCompile normal arm64 /Users/steipete/Projects/CodeLooper/Features/Intervention/Domain/Heuristics/ConnectionErrorIndicatorHeuristic.swift (in target 'CodeLooper' from project 'CodeLooper')
    cd /Users/steipete/Projects/CodeLooper
    

SwiftCompile normal arm64 /Users/steipete/Projects/CodeLooper/Features/Intervention/Domain/Heuristics/ElementHeuristic.swift (in target 'CodeLooper' from project 'CodeLooper')
    cd /Users/steipete/Projects/CodeLooper
    

SwiftCompile normal arm64 /Users/steipete/Projects/CodeLooper/Features/Intervention/Domain/Heuristics/ErrorMessagePopupHeuristic.swift (in target 'CodeLooper' from project 'CodeLooper')
    cd /Users/steipete/Projects/CodeLooper
    

SwiftCompile normal arm64 Compiling\ WebSocketManager.swift,\ CursorJSHook.swift,\ CursorJSHookScript.swift,\ JSHookService.swift,\ InlineBrowserPopover.swift,\ SoundPicker.swift,\ AsyncPatterns.swift,\ TaskManager.swift,\ AppError.swift,\ ErrorHandler.swift,\ ErrorRecoveryService.swift,\ RetryManager.swift,\ CNContactStore+Sendable.swift /Users/steipete/Projects/CodeLooper/Core/JSHook/Components/WebSocketManager.swift /Users/steipete/Projects/CodeLooper/Core/JSHook/CursorJSHook.swift /Users/steipete/Projects/CodeLooper/Core/JSHook/CursorJSHookScript.swift /Users/steipete/Projects/CodeLooper/Core/JSHook/JSHookService.swift /Users/steipete/Projects/CodeLooper/Core/UI/Components/InlineBrowserPopover.swift /Users/steipete/Projects/CodeLooper/Core/UI/Components/SoundPicker.swift /Users/steipete/Projects/CodeLooper/Core/Utilities/Concurrency/AsyncPatterns.swift /Users/steipete/Projects/CodeLooper/Core/Utilities/Concurrency/TaskManager.swift /Users/steipete/Projects/CodeLooper/Core/Utilities/ErrorHandling/AppError.swift /Users/steipete/Projects/CodeLooper/Core/Utilities/ErrorHandling/ErrorHandler.swift /Users/steipete/Projects/CodeLooper/Core/Utilities/ErrorHandling/ErrorRecoveryService.swift /Users/steipete/Projects/CodeLooper/Core/Utilities/ErrorHandling/RetryManager.swift /Users/steipete/Projects/CodeLooper/Core/Utilities/Extensions/CNContactStore+Sendable.swift (in target 'CodeLooper' from project 'CodeLooper')

SwiftCompile normal arm64 /Users/steipete/Projects/CodeLooper/Core/JSHook/Components/WebSocketManager.swift (in target 'CodeLooper' from project 'CodeLooper')
    cd /Users/steipete/Projects/CodeLooper
    
/Users/steipete/Projects/CodeLooper/Core/Utilities/Concurrency/AsyncPatterns.swift:164:46: warning: capture of non-sendable type 'S.AsyncIterator.Type' in an isolated closure
                    for try await element in sequence {
                                             ^

SwiftCompile normal arm64 /Users/steipete/Projects/CodeLooper/Core/JSHook/CursorJSHook.swift (in target 'CodeLooper' from project 'CodeLooper')
    cd /Users/steipete/Projects/CodeLooper
    
/Users/steipete/Projects/CodeLooper/Core/Utilities/Concurrency/AsyncPatterns.swift:164:46: warning: capture of non-sendable type 'S.AsyncIterator.Type' in an isolated closure
                    for try await element in sequence {
                                             ^

SwiftCompile normal arm64 /Users/steipete/Projects/CodeLooper/Core/JSHook/CursorJSHookScript.swift (in target 'CodeLooper' from project 'CodeLooper')
    cd /Users/steipete/Projects/CodeLooper
    
/Users/steipete/Projects/CodeLooper/Core/Utilities/Concurrency/AsyncPatterns.swift:164:46: warning: capture of non-sendable type 'S.AsyncIterator.Type' in an isolated closure
                    for try await element in sequence {
                                             ^

SwiftCompile normal arm64 /Users/steipete/Projects/CodeLooper/Core/JSHook/JSHookService.swift (in target 'CodeLooper' from project 'CodeLooper')
    cd /Users/steipete/Projects/CodeLooper
    
/Users/steipete/Projects/CodeLooper/Core/Utilities/Concurrency/AsyncPatterns.swift:164:46: warning: capture of non-sendable type 'S.AsyncIterator.Type' in an isolated closure
                    for try await element in sequence {
                                             ^

SwiftCompile normal arm64 /Users/steipete/Projects/CodeLooper/Core/UI/Components/InlineBrowserPopover.swift (in target 'CodeLooper' from project 'CodeLooper')
    cd /Users/steipete/Projects/CodeLooper
    
/Users/steipete/Projects/CodeLooper/Core/Utilities/Concurrency/AsyncPatterns.swift:164:46: warning: capture of non-sendable type 'S.AsyncIterator.Type' in an isolated closure
                    for try await element in sequence {
                                             ^

SwiftCompile normal arm64 /Users/steipete/Projects/CodeLooper/Core/UI/Components/SoundPicker.swift (in target 'CodeLooper' from project 'CodeLooper')
    cd /Users/steipete/Projects/CodeLooper
    
/Users/steipete/Projects/CodeLooper/Core/Utilities/Concurrency/AsyncPatterns.swift:164:46: warning: capture of non-sendable type 'S.AsyncIterator.Type' in an isolated closure
                    for try await element in sequence {
                                             ^

SwiftCompile normal arm64 /Users/steipete/Projects/CodeLooper/Core/Utilities/Concurrency/AsyncPatterns.swift (in target 'CodeLooper' from project 'CodeLooper')
    cd /Users/steipete/Projects/CodeLooper
    
/Users/steipete/Projects/CodeLooper/Core/Utilities/Concurrency/AsyncPatterns.swift:164:46: warning: capture of non-sendable type 'S.AsyncIterator.Type' in an isolated closure
                    for try await element in sequence {
                                             ^

SwiftCompile normal arm64 /Users/steipete/Projects/CodeLooper/Core/Utilities/Concurrency/TaskManager.swift (in target 'CodeLooper' from project 'CodeLooper')
    cd /Users/steipete/Projects/CodeLooper
    
/Users/steipete/Projects/CodeLooper/Core/Utilities/Concurrency/AsyncPatterns.swift:164:46: warning: capture of non-sendable type 'S.AsyncIterator.Type' in an isolated closure
                    for try await element in sequence {
                                             ^

SwiftCompile normal arm64 /Users/steipete/Projects/CodeLooper/Core/Utilities/ErrorHandling/AppError.swift (in target 'CodeLooper' from project 'CodeLooper')
    cd /Users/steipete/Projects/CodeLooper
    
/Users/steipete/Projects/CodeLooper/Core/Utilities/Concurrency/AsyncPatterns.swift:164:46: warning: capture of non-sendable type 'S.AsyncIterator.Type' in an isolated closure
                    for try await element in sequence {
                                             ^

SwiftCompile normal arm64 /Users/steipete/Projects/CodeLooper/Core/Utilities/ErrorHandling/ErrorHandler.swift (in target 'CodeLooper' from project 'CodeLooper')
    cd /Users/steipete/Projects/CodeLooper
    
/Users/steipete/Projects/CodeLooper/Core/Utilities/Concurrency/AsyncPatterns.swift:164:46: warning: capture of non-sendable type 'S.AsyncIterator.Type' in an isolated closure
                    for try await element in sequence {
                                             ^

SwiftCompile normal arm64 /Users/steipete/Projects/CodeLooper/Core/Utilities/ErrorHandling/ErrorRecoveryService.swift (in target 'CodeLooper' from project 'CodeLooper')
    cd /Users/steipete/Projects/CodeLooper
    
/Users/steipete/Projects/CodeLooper/Core/Utilities/Concurrency/AsyncPatterns.swift:164:46: warning: capture of non-sendable type 'S.AsyncIterator.Type' in an isolated closure
                    for try await element in sequence {
                                             ^

SwiftCompile normal arm64 /Users/steipete/Projects/CodeLooper/Core/Utilities/ErrorHandling/RetryManager.swift (in target 'CodeLooper' from project 'CodeLooper')
    cd /Users/steipete/Projects/CodeLooper
    
/Users/steipete/Projects/CodeLooper/Core/Utilities/Concurrency/AsyncPatterns.swift:164:46: warning: capture of non-sendable type 'S.AsyncIterator.Type' in an isolated closure
                    for try await element in sequence {
                                             ^

SwiftCompile normal arm64 /Users/steipete/Projects/CodeLooper/Core/Utilities/Extensions/CNContactStore+Sendable.swift (in target 'CodeLooper' from project 'CodeLooper')
    cd /Users/steipete/Projects/CodeLooper
    
/Users/steipete/Projects/CodeLooper/Core/Utilities/Concurrency/AsyncPatterns.swift:164:46: warning: capture of non-sendable type 'S.AsyncIterator.Type' in an isolated closure
                    for try await element in sequence {
                                             ^

SwiftCompile normal arm64 Compiling\ WindowPositionManager.swift,\ AXApplicationObserver.swift,\ AccessibilityPermissions.swift,\ DevConsoleDetector.swift,\ DynamicLocatorDiscoverer.swift,\ LocatorManager.swift,\ WindowTextExtractor.swift,\ AppNotificationCoordinator.swift,\ AppServiceCoordinator.swift,\ AppSupervisionCoordinator.swift,\ DiagnosticContext.swift,\ DiagnosticsLogger.swift,\ DiagnosticsOperationKeys.swift /Users/steipete/Projects/CodeLooper/App/WindowPositionManager.swift /Users/steipete/Projects/CodeLooper/Core/Accessibility/AXApplicationObserver.swift /Users/steipete/Projects/CodeLooper/Core/Accessibility/AccessibilityPermissions.swift /Users/steipete/Projects/CodeLooper/Core/Accessibility/DevConsoleDetector.swift /Users/steipete/Projects/CodeLooper/Core/Accessibility/DynamicLocatorDiscoverer.swift /Users/steipete/Projects/CodeLooper/Core/Accessibility/LocatorManager.swift /Users/steipete/Projects/CodeLooper/Core/Accessibility/WindowTextExtractor.swift /Users/steipete/Projects/CodeLooper/Core/Application/AppNotificationCoordinator.swift /Users/steipete/Projects/CodeLooper/Core/Application/AppServiceCoordinator.swift /Users/steipete/Projects/CodeLooper/Core/Application/AppSupervisionCoordinator.swift /Users/steipete/Projects/CodeLooper/Core/Diagnostics/DiagnosticContext.swift /Users/steipete/Projects/CodeLooper/Core/Diagnostics/DiagnosticsLogger.swift /Users/steipete/Projects/CodeLooper/Core/Diagnostics/Extensions/DiagnosticsOperationKeys.swift (in target 'CodeLooper' from project 'CodeLooper')

SwiftCompile normal arm64 /Users/steipete/Projects/CodeLooper/App/WindowPositionManager.swift (in target 'CodeLooper' from project 'CodeLooper')
    cd /Users/steipete/Projects/CodeLooper
    

SwiftCompile normal arm64 /Users/steipete/Projects/CodeLooper/Core/Accessibility/AXApplicationObserver.swift (in target 'CodeLooper' from project 'CodeLooper')
    cd /Users/steipete/Projects/CodeLooper
    

SwiftCompile normal arm64 /Users/steipete/Projects/CodeLooper/Core/Accessibility/AccessibilityPermissions.swift (in target 'CodeLooper' from project 'CodeLooper')
    cd /Users/steipete/Projects/CodeLooper
    

SwiftCompile normal arm64 /Users/steipete/Projects/CodeLooper/Core/Accessibility/DevConsoleDetector.swift (in target 'CodeLooper' from project 'CodeLooper')
    cd /Users/steipete/Projects/CodeLooper
    

SwiftCompile normal arm64 /Users/steipete/Projects/CodeLooper/Core/Accessibility/DynamicLocatorDiscoverer.swift (in target 'CodeLooper' from project 'CodeLooper')
    cd /Users/steipete/Projects/CodeLooper
    

SwiftCompile normal arm64 /Users/steipete/Projects/CodeLooper/Core/Accessibility/LocatorManager.swift (in target 'CodeLooper' from project 'CodeLooper')
    cd /Users/steipete/Projects/CodeLooper
    

SwiftCompile normal arm64 /Users/steipete/Projects/CodeLooper/Core/Accessibility/WindowTextExtractor.swift (in target 'CodeLooper' from project 'CodeLooper')
    cd /Users/steipete/Projects/CodeLooper
    

SwiftCompile normal arm64 /Users/steipete/Projects/CodeLooper/Core/Application/AppNotificationCoordinator.swift (in target 'CodeLooper' from project 'CodeLooper')
    cd /Users/steipete/Projects/CodeLooper
    

SwiftCompile normal arm64 /Users/steipete/Projects/CodeLooper/Core/Application/AppServiceCoordinator.swift (in target 'CodeLooper' from project 'CodeLooper')
    cd /Users/steipete/Projects/CodeLooper
    

SwiftCompile normal arm64 /Users/steipete/Projects/CodeLooper/Core/Application/AppSupervisionCoordinator.swift (in target 'CodeLooper' from project 'CodeLooper')
    cd /Users/steipete/Projects/CodeLooper
    

SwiftCompile normal arm64 /Users/steipete/Projects/CodeLooper/Core/Diagnostics/DiagnosticContext.swift (in target 'CodeLooper' from project 'CodeLooper')
    cd /Users/steipete/Projects/CodeLooper
    

SwiftCompile normal arm64 /Users/steipete/Projects/CodeLooper/Core/Diagnostics/DiagnosticsLogger.swift (in target 'CodeLooper' from project 'CodeLooper')
    cd /Users/steipete/Projects/CodeLooper
    

SwiftCompile normal arm64 /Users/steipete/Projects/CodeLooper/Core/Diagnostics/Extensions/DiagnosticsOperationKeys.swift (in target 'CodeLooper' from project 'CodeLooper')
    cd /Users/steipete/Projects/CodeLooper
    

SwiftCompile normal arm64 Compiling\ AboutView.swift,\ AppDelegate+AppleScript.swift,\ AppDelegate.swift,\ AppEnvironment.swift,\ CodeLooperApp.swift,\ NotificationManager.swift,\ ServiceManager.swift,\ ShortcutNames.swift,\ SingleInstanceLock.swift,\ SparkleUpdaterManager.swift,\ UpdateChannel.swift,\ UpdaterViewModel.swift,\ WindowManager.swift /Users/steipete/Projects/CodeLooper/App/AboutView.swift /Users/steipete/Projects/CodeLooper/App/AppDelegate+AppleScript.swift /Users/steipete/Projects/CodeLooper/App/AppDelegate.swift /Users/steipete/Projects/CodeLooper/App/AppEnvironment.swift /Users/steipete/Projects/CodeLooper/App/CodeLooperApp.swift /Users/steipete/Projects/CodeLooper/App/NotificationManager.swift /Users/steipete/Projects/CodeLooper/App/ServiceManager.swift /Users/steipete/Projects/CodeLooper/App/ShortcutNames.swift /Users/steipete/Projects/CodeLooper/App/SingleInstanceLock.swift /Users/steipete/Projects/CodeLooper/App/SparkleUpdaterManager.swift /Users/steipete/Projects/CodeLooper/App/UpdateChannel.swift /Users/steipete/Projects/CodeLooper/App/UpdaterViewModel.swift /Users/steipete/Projects/CodeLooper/App/WindowManager.swift (in target 'CodeLooper' from project 'CodeLooper')

SwiftCompile normal arm64 /Users/steipete/Projects/CodeLooper/App/AboutView.swift (in target 'CodeLooper' from project 'CodeLooper')
    cd /Users/steipete/Projects/CodeLooper
    

SwiftCompile normal arm64 /Users/steipete/Projects/CodeLooper/App/AppDelegate+AppleScript.swift (in target 'CodeLooper' from project 'CodeLooper')
    cd /Users/steipete/Projects/CodeLooper
    

SwiftCompile normal arm64 /Users/steipete/Projects/CodeLooper/App/AppDelegate.swift (in target 'CodeLooper' from project 'CodeLooper')
    cd /Users/steipete/Projects/CodeLooper
    

SwiftCompile normal arm64 /Users/steipete/Projects/CodeLooper/App/AppEnvironment.swift (in target 'CodeLooper' from project 'CodeLooper')
    cd /Users/steipete/Projects/CodeLooper
    

SwiftCompile normal arm64 /Users/steipete/Projects/CodeLooper/App/CodeLooperApp.swift (in target 'CodeLooper' from project 'CodeLooper')
    cd /Users/steipete/Projects/CodeLooper
    

SwiftCompile normal arm64 /Users/steipete/Projects/CodeLooper/App/NotificationManager.swift (in target 'CodeLooper' from project 'CodeLooper')
    cd /Users/steipete/Projects/CodeLooper
    

SwiftCompile normal arm64 /Users/steipete/Projects/CodeLooper/App/ServiceManager.swift (in target 'CodeLooper' from project 'CodeLooper')
    cd /Users/steipete/Projects/CodeLooper
    

SwiftCompile normal arm64 /Users/steipete/Projects/CodeLooper/App/ShortcutNames.swift (in target 'CodeLooper' from project 'CodeLooper')
    cd /Users/steipete/Projects/CodeLooper
    

SwiftCompile normal arm64 /Users/steipete/Projects/CodeLooper/App/SingleInstanceLock.swift (in target 'CodeLooper' from project 'CodeLooper')
    cd /Users/steipete/Projects/CodeLooper
    

SwiftCompile normal arm64 /Users/steipete/Projects/CodeLooper/App/SparkleUpdaterManager.swift (in target 'CodeLooper' from project 'CodeLooper')
    cd /Users/steipete/Projects/CodeLooper
    

SwiftCompile normal arm64 /Users/steipete/Projects/CodeLooper/App/UpdateChannel.swift (in target 'CodeLooper' from project 'CodeLooper')
    cd /Users/steipete/Projects/CodeLooper
    

SwiftCompile normal arm64 /Users/steipete/Projects/CodeLooper/App/UpdaterViewModel.swift (in target 'CodeLooper' from project 'CodeLooper')
    cd /Users/steipete/Projects/CodeLooper
    

SwiftCompile normal arm64 /Users/steipete/Projects/CodeLooper/App/WindowManager.swift (in target 'CodeLooper' from project 'CodeLooper')
    cd /Users/steipete/Projects/CodeLooper
    

SwiftDriverJobDiscovery normal arm64 Compiling Color+Swift6.swift, CustomObservation.swift, Task+Timeout.swift, WelcomeStep+Sendable.swift, AIErrorMapper.swift, Constants.swift, Debouncer.swift, ErrorHandlingUtility.swift, GitClientLauncher.swift, ImageProcessor.swift, InfoKey.swift, LoggerFactory.swift, LoginItemManager.swift (in target 'CodeLooper' from project 'CodeLooper')

ProcessInfoPlistFile /Users/steipete/Library/Developer/Xcode/DerivedData/CodeLooper-crrddjihwjtfkwegrjrymctnfixv/Build/Products/Debug/CodeLooper.app/Contents/Info.plist /Users/steipete/Projects/CodeLooper/App/Info.plist (in target 'CodeLooper' from project 'CodeLooper')
    cd /Users/steipete/Projects/CodeLooper
    builtin-infoPlistUtility /Users/steipete/Projects/CodeLooper/App/Info.plist -producttype com.apple.product-type.application -genpkginfo /Users/steipete/Library/Developer/Xcode/DerivedData/CodeLooper-crrddjihwjtfkwegrjrymctnfixv/Build/Products/Debug/CodeLooper.app/Contents/PkgInfo -expandbuildsettings -platform macosx -additionalcontentfile /Users/steipete/Library/Developer/Xcode/DerivedData/CodeLooper-crrddjihwjtfkwegrjrymctnfixv/Build/Intermediates.noindex/CodeLooper.build/Debug/CodeLooper.build/Base.lproj/Main-SBPartialInfo.plist -additionalcontentfile /Users/steipete/Library/Developer/Xcode/DerivedData/CodeLooper-crrddjihwjtfkwegrjrymctnfixv/Build/Intermediates.noindex/CodeLooper.build/Debug/CodeLooper.build/assetcatalog_generated_info.plist -scanforprivacyfile /Users/steipete/Library/Developer/Xcode/DerivedData/CodeLooper-crrddjihwjtfkwegrjrymctnfixv/Build/Products/Debug/CodeLooper.app/Contents/Frameworks/Sparkle.framework -scanforprivacyfile /Users/steipete/Library/Developer/Xcode/DerivedData/CodeLooper-crrddjihwjtfkwegrjrymctnfixv/Build/Products/Debug/CodeLooper.app/Contents/Resources/Defaults_Defaults.bundle -scanforprivacyfile /Users/steipete/Library/Developer/Xcode/DerivedData/CodeLooper-crrddjihwjtfkwegrjrymctnfixv/Build/Products/Debug/CodeLooper.app/Contents/Resources/Demark_Demark.bundle -scanforprivacyfile /Users/steipete/Library/Developer/Xcode/DerivedData/CodeLooper-crrddjihwjtfkwegrjrymctnfixv/Build/Products/Debug/CodeLooper.app/Contents/Resources/KeyboardShortcuts_KeyboardShortcuts.bundle -scanforprivacyfile /Users/steipete/Library/Developer/Xcode/DerivedData/CodeLooper-crrddjihwjtfkwegrjrymctnfixv/Build/Products/Debug/CodeLooper.app/Contents/Resources/swift-nio_NIOPosix.bundle -o /Users/steipete/Library/Developer/Xcode/DerivedData/CodeLooper-crrddjihwjtfkwegrjrymctnfixv/Build/Products/Debug/CodeLooper.app/Contents/Info.plist

SwiftDriverJobDiscovery normal arm64 Compiling FileLogger.swift, DiagnosticReportGenerator.swift, OperationTracker.swift, SystemInfoProvider.swift, LogCategory.swift, LogConfiguration.swift, LogLevel.swift, LogManager.swift, Logger.swift, SessionLogger.swift, AppleScriptInjector.swift, CommandHelpers.swift, JSHookDevConsoleDetector.swift (in target 'CodeLooper' from project 'CodeLooper')

LinkStoryboards (in target 'CodeLooper' from project 'CodeLooper')
    cd /Users/steipete/Projects/CodeLooper
    /Applications/Xcode-beta.app/Contents/Developer/usr/bin/ibtool --errors --warnings --notices --module CodeLooper --target-device mac --minimum-deployment-target 14.0 --output-format human-readable-text --link /Users/steipete/Library/Developer/Xcode/DerivedData/CodeLooper-crrddjihwjtfkwegrjrymctnfixv/Build/Products/Debug/CodeLooper.app/Contents/Resources /Users/steipete/Library/Developer/Xcode/DerivedData/CodeLooper-crrddjihwjtfkwegrjrymctnfixv/Build/Intermediates.noindex/CodeLooper.build/Debug/CodeLooper.build/Base.lproj/Main.storyboardc

SwiftDriverJobDiscovery normal arm64 Compiling ForceStopResumeLinkHeuristic.swift, GeneratingIndicatorTextHeuristic.swift, MainInputFieldHeuristic.swift, ResumeConnectionButtonHeuristic.swift, SidebarActivityAreaHeuristic.swift, StopGeneratingButtonHeuristic.swift, InterventionConstants.swift, InterventionEngine.swift, InterventionRecoveryHandler.swift, InterventionStateChecker.swift, InterventionExecutor.swift, MCPConfigurationService.swift, MCPVersionService.swift (in target 'CodeLooper' from project 'CodeLooper')

SwiftDriverJobDiscovery normal arm64 Compiling NotificationName.swift, Operations.swift, ResourceLoader.swift, SoundEngine.swift, SymbolGenerator.swift, ThreadSafeBox.swift, TimingConfiguration.swift, UserNotificationManager.swift, TuistAssets+CodeLooper.swift, TuistBundle+CodeLooper.swift, AIAnalysisStatus.swift, AIAnalysisService.swift, ScreenshotAnalyzer.swift (in target 'CodeLooper' from project 'CodeLooper')

SwiftDriverJobDiscovery normal arm64 Compiling WelcomeViewModel.swift, WelcomeWindowView.swift, StopAfter25LoopsRule.swift, RuleCounterManager.swift, RuleExecutor.swift, RuleExecutionStatsView.swift, CursorWindowInfo.swift, DefaultsKeys.swift, QueryManager.swift, SettingsTab.swift, SettingsService.swift, UserDefaultsStorage.swift (in target 'CodeLooper' from project 'CodeLooper')

SwiftDriverJobDiscovery normal arm64 Compiling CompactSoundPicker.swift, DebugJSPopover.swift, DraggableView.swift, InterventionRuleCard.swift, MainSettingsViewModel.swift, PassThroughImageView.swift, PassThroughStackView.swift, PassThroughTextField.swift, RadioButtonRow.swift, RuleCard.swift, RuleInfoPopover.swift, SettingsContentView.swift (in target 'CodeLooper' from project 'CodeLooper')

SwiftDriverJobDiscovery normal arm64 Compiling WindowAIDiagnosticsManager.swift, APIKeyManager.swift, OllamaProvider.swift, OpenAIProvider.swift, AnalysisResultView.swift, GitRepositoryService.swift, GitRepository.swift, DocumentPathTracker.swift, HTTPServerModels.swift, HTTPServerService.swift, ConnectionErrorIndicatorHeuristic.swift, ElementHeuristic.swift, ErrorMessagePopupHeuristic.swift (in target 'CodeLooper' from project 'CodeLooper')

SwiftDriverJobDiscovery normal arm64 Compiling WindowPositionManager.swift, AXApplicationObserver.swift, AccessibilityPermissions.swift, DevConsoleDetector.swift, DynamicLocatorDiscoverer.swift, LocatorManager.swift, WindowTextExtractor.swift, AppNotificationCoordinator.swift, AppServiceCoordinator.swift, AppSupervisionCoordinator.swift, DiagnosticContext.swift, DiagnosticsLogger.swift, DiagnosticsOperationKeys.swift (in target 'CodeLooper' from project 'CodeLooper')

SwiftDriverJobDiscovery normal arm64 Compiling XcodeBuildConfigView.swift, AnimatedLoopIcon.swift, IconAnimator.swift, MenuBarIconManager+Debug.swift, MenuBarIconManager.swift, NSImage+ResourceLoader.swift, StatusIconState.swift, UploadCompletionFeedback.swift, AppIconStateController.swift, ClaudeInstancesList.swift, MainPopoverView.swift, GeneratedAssetSymbols.swift (in target 'CodeLooper' from project 'CodeLooper')

SwiftDriverJobDiscovery normal arm64 Compiling WebSocketManager.swift, CursorJSHook.swift, CursorJSHookScript.swift, JSHookService.swift, InlineBrowserPopover.swift, SoundPicker.swift, AsyncPatterns.swift, TaskManager.swift, AppError.swift, ErrorHandler.swift, ErrorRecoveryService.swift, RetryManager.swift, CNContactStore+Sendable.swift (in target 'CodeLooper' from project 'CodeLooper')

SwiftDriverJobDiscovery normal arm64 Compiling MCPConfigurationView.swift, MarkdownContentPopover.swift, ClaudeInstanceModels.swift, CursorInstanceModels.swift, MonitoredInstance.swift, MonitoredInstanceInfo.swift, AIWindowAnalyzer.swift, ClaudeMonitorService.swift, ClaudeProcessDetector.swift, ClaudeStatusExtractor.swift, ClaudeTerminalTitleManager.swift, CursorInputWatcherViewModel.swift, CursorInstanceStateManager.swift (in target 'CodeLooper' from project 'CodeLooper')

SwiftDriverJobDiscovery normal arm64 Emitting module for CodeLooper (in target 'CodeLooper' from project 'CodeLooper')

SwiftDriver\ Compilation\ Requirements CodeLooper normal arm64 com.apple.xcode.tools.swift.compiler (in target 'CodeLooper' from project 'CodeLooper')
    cd /Users/steipete/Projects/CodeLooper
    builtin-Swift-Compilation-Requirements -- /Applications/Xcode-beta.app/Contents/Developer/Toolchains/XcodeDefault.xctoolchain/usr/bin/swiftc -module-name CodeLooper -Onone -enforce-exclusivity\=checked @/Users/steipete/Library/Developer/Xcode/DerivedData/CodeLooper-crrddjihwjtfkwegrjrymctnfixv/Build/Intermediates.noindex/CodeLooper.build/Debug/CodeLooper.build/Objects-normal/arm64/CodeLooper.SwiftFileList -DDEBUG -Xcc -fmodule-map-file\=/Users/steipete/Library/Developer/Xcode/DerivedData/CodeLooper-crrddjihwjtfkwegrjrymctnfixv/Build/Intermediates.noindex/GeneratedModuleMaps/CNIOLLHTTP.modulemap -Xcc -fmodule-map-file\=/Users/steipete/Library/Developer/Xcode/DerivedData/CodeLooper-crrddjihwjtfkwegrjrymctnfixv/Build/Intermediates.noindex/GeneratedModuleMaps/CNIOWASI.modulemap -Xcc -fmodule-map-file\=/Users/steipete/Library/Developer/Xcode/DerivedData/CodeLooper-crrddjihwjtfkwegrjrymctnfixv/Build/Intermediates.noindex/GeneratedModuleMaps/CNIOLinux.modulemap -Xcc -fmodule-map-file\=/Users/steipete/Library/Developer/Xcode/DerivedData/CodeLooper-crrddjihwjtfkwegrjrymctnfixv/Build/Intermediates.noindex/GeneratedModuleMaps/CNIODarwin.modulemap -Xcc -fmodule-map-file\=/Users/steipete/Library/Developer/Xcode/DerivedData/CodeLooper-crrddjihwjtfkwegrjrymctnfixv/Build/Intermediates.noindex/GeneratedModuleMaps/CNIOAtomics.modulemap -warn-concurrency -enable-actor-data-race-checks -strict-concurrency\=complete -enable-experimental-feature DebugDescriptionMacro -sdk /Applications/Xcode-beta.app/Contents/Developer/Platforms/MacOSX.platform/Developer/SDKs/MacOSX26.0.sdk -target arm64-apple-macos14.0 -g -module-cache-path /Users/steipete/Library/Developer/Xcode/DerivedData/ModuleCache.noindex -Xfrontend -serialize-debugging-options -profile-coverage-mapping -profile-generate -enable-testing -index-store-path /Users/steipete/Library/Developer/Xcode/DerivedData/CodeLooper-crrddjihwjtfkwegrjrymctnfixv/Index.noindex/DataStore -swift-version 6 -I /Users/steipete/Library/Developer/Xcode/DerivedData/CodeLooper-crrddjihwjtfkwegrjrymctnfixv/Build/Products/Debug -F /Users/steipete/Library/Developer/Xcode/DerivedData/CodeLooper-crrddjihwjtfkwegrjrymctnfixv/Build/Products/Debug/PackageFrameworks -F /Users/steipete/Library/Developer/Xcode/DerivedData/CodeLooper-crrddjihwjtfkwegrjrymctnfixv/Build/Products/Debug/PackageFrameworks -F /Users/steipete/Library/Developer/Xcode/DerivedData/CodeLooper-crrddjihwjtfkwegrjrymctnfixv/Build/Products/Debug/PackageFrameworks -F /Users/steipete/Library/Developer/Xcode/DerivedData/CodeLooper-crrddjihwjtfkwegrjrymctnfixv/Build/Products/Debug/PackageFrameworks -F /Users/steipete/Library/Developer/Xcode/DerivedData/CodeLooper-crrddjihwjtfkwegrjrymctnfixv/Build/Products/Debug/PackageFrameworks -F /Users/steipete/Library/Developer/Xcode/DerivedData/CodeLooper-crrddjihwjtfkwegrjrymctnfixv/Build/Products/Debug/PackageFrameworks -F /Users/steipete/Library/Developer/Xcode/DerivedData/CodeLooper-crrddjihwjtfkwegrjrymctnfixv/Build/Products/Debug/PackageFrameworks -F /Users/steipete/Library/Developer/Xcode/DerivedData/CodeLooper-crrddjihwjtfkwegrjrymctnfixv/Build/Products/Debug/PackageFrameworks -F /Users/steipete/Library/Developer/Xcode/DerivedData/CodeLooper-crrddjihwjtfkwegrjrymctnfixv/Build/Products/Debug/PackageFrameworks -F /Users/steipete/Library/Developer/Xcode/DerivedData/CodeLooper-crrddjihwjtfkwegrjrymctnfixv/Build/Products/Debug/PackageFrameworks -F /Users/steipete/Library/Developer/Xcode/DerivedData/CodeLooper-crrddjihwjtfkwegrjrymctnfixv/Build/Products/Debug/PackageFrameworks -F /Users/steipete/Library/Developer/Xcode/DerivedData/CodeLooper-crrddjihwjtfkwegrjrymctnfixv/Build/Products/Debug/PackageFrameworks -F /Users/steipete/Library/Developer/Xcode/DerivedData/CodeLooper-crrddjihwjtfkwegrjrymctnfixv/Build/Products/Debug/PackageFrameworks -F /Users/steipete/Library/Developer/Xcode/DerivedData/CodeLooper-crrddjihwjtfkwegrjrymctnfixv/Build/Products/Debug/PackageFrameworks -F /Users/steipete/Library/Developer/Xcode/DerivedData/CodeLooper-crrddjihwjtfkwegrjrymctnfixv/Build/Products/Debug/PackageFrameworks -F /Users/steipete/Library/Developer/Xcode/DerivedData/CodeLooper-crrddjihwjtfkwegrjrymctnfixv/Build/Products/Debug/PackageFrameworks -F /Users/steipete/Library/Developer/Xcode/DerivedData/CodeLooper-crrddjihwjtfkwegrjrymctnfixv/Build/Products/Debug/PackageFrameworks -F /Users/steipete/Library/Developer/Xcode/DerivedData/CodeLooper-crrddjihwjtfkwegrjrymctnfixv/Build/Products/Debug/PackageFrameworks -F /Users/steipete/Library/Developer/Xcode/DerivedData/CodeLooper-crrddjihwjtfkwegrjrymctnfixv/Build/Products/Debug/PackageFrameworks -F /Users/steipete/Library/Developer/Xcode/DerivedData/CodeLooper-crrddjihwjtfkwegrjrymctnfixv/Build/Products/Debug/PackageFrameworks -F /Users/steipete/Library/Developer/Xcode/DerivedData/CodeLooper-crrddjihwjtfkwegrjrymctnfixv/Build/Products/Debug/PackageFrameworks -F /Users/steipete/Library/Developer/Xcode/DerivedData/CodeLooper-crrddjihwjtfkwegrjrymctnfixv/Build/Products/Debug/PackageFrameworks -F /Users/steipete/Library/Developer/Xcode/DerivedData/CodeLooper-crrddjihwjtfkwegrjrymctnfixv/Build/Products/Debug/PackageFrameworks -F /Users/steipete/Library/Developer/Xcode/DerivedData/CodeLooper-crrddjihwjtfkwegrjrymctnfixv/Build/Products/Debug/PackageFrameworks -F /Users/steipete/Library/Developer/Xcode/DerivedData/CodeLooper-crrddjihwjtfkwegrjrymctnfixv/Build/Products/Debug/PackageFrameworks -F /Users/steipete/Library/Developer/Xcode/DerivedData/CodeLooper-crrddjihwjtfkwegrjrymctnfixv/Build/Products/Debug/PackageFrameworks -F /Users/steipete/Library/Developer/Xcode/DerivedData/CodeLooper-crrddjihwjtfkwegrjrymctnfixv/Build/Products/Debug/PackageFrameworks -F /Users/steipete/Library/Developer/Xcode/DerivedData/CodeLooper-crrddjihwjtfkwegrjrymctnfixv/Build/Products/Debug/PackageFrameworks -F /Users/steipete/Library/Developer/Xcode/DerivedData/CodeLooper-crrddjihwjtfkwegrjrymctnfixv/Build/Products/Debug/PackageFrameworks -F /Users/steipete/Library/Developer/Xcode/DerivedData/CodeLooper-crrddjihwjtfkwegrjrymctnfixv/Build/Products/Debug/PackageFrameworks -F /Users/steipete/Library/Developer/Xcode/DerivedData/CodeLooper-crrddjihwjtfkwegrjrymctnfixv/Build/Products/Debug/PackageFrameworks -F /Users/steipete/Library/Developer/Xcode/DerivedData/CodeLooper-crrddjihwjtfkwegrjrymctnfixv/Build/Products/Debug/PackageFrameworks -F /Users/steipete/Library/Developer/Xcode/DerivedData/CodeLooper-crrddjihwjtfkwegrjrymctnfixv/Build/Products/Debug/PackageFrameworks -F /Users/steipete/Library/Developer/Xcode/DerivedData/CodeLooper-crrddjihwjtfkwegrjrymctnfixv/Build/Products/Debug/PackageFrameworks -F /Users/steipete/Library/Developer/Xcode/DerivedData/CodeLooper-crrddjihwjtfkwegrjrymctnfixv/Build/Products/Debug/PackageFrameworks -F /Users/steipete/Library/Developer/Xcode/DerivedData/CodeLooper-crrddjihwjtfkwegrjrymctnfixv/Build/Products/Debug/PackageFrameworks -F /Users/steipete/Library/Developer/Xcode/DerivedData/CodeLooper-crrddjihwjtfkwegrjrymctnfixv/Build/Products/Debug/PackageFrameworks -F /Users/steipete/Library/Developer/Xcode/DerivedData/CodeLooper-crrddjihwjtfkwegrjrymctnfixv/Build/Products/Debug/PackageFrameworks -F /Users/steipete/Library/Developer/Xcode/DerivedData/CodeLooper-crrddjihwjtfkwegrjrymctnfixv/Build/Products/Debug/PackageFrameworks -F /Users/steipete/Library/Developer/Xcode/DerivedData/CodeLooper-crrddjihwjtfkwegrjrymctnfixv/Build/Products/Debug/PackageFrameworks -F /Users/steipete/Library/Developer/Xcode/DerivedData/CodeLooper-crrddjihwjtfkwegrjrymctnfixv/Build/Products/Debug/PackageFrameworks -F /Users/steipete/Library/Developer/Xcode/DerivedData/CodeLooper-crrddjihwjtfkwegrjrymctnfixv/Build/Products/Debug/PackageFrameworks -F /Users/steipete/Library/Developer/Xcode/DerivedData/CodeLooper-crrddjihwjtfkwegrjrymctnfixv/Build/Products/Debug/PackageFrameworks -F /Users/steipete/Library/Developer/Xcode/DerivedData/CodeLooper-crrddjihwjtfkwegrjrymctnfixv/Build/Products/Debug/PackageFrameworks -F /Users/steipete/Library/Developer/Xcode/DerivedData/CodeLooper-crrddjihwjtfkwegrjrymctnfixv/Build/Products/Debug/PackageFrameworks -F /Users/steipete/Library/Developer/Xcode/DerivedData/CodeLooper-crrddjihwjtfkwegrjrymctnfixv/Build/Products/Debug/PackageFrameworks -F /Users/steipete/Library/Developer/Xcode/DerivedData/CodeLooper-crrddjihwjtfkwegrjrymctnfixv/Build/Products/Debug/PackageFrameworks -F /Users/steipete/Library/Developer/Xcode/DerivedData/CodeLooper-crrddjihwjtfkwegrjrymctnfixv/Build/Products/Debug/PackageFrameworks -F /Users/steipete/Library/Developer/Xcode/DerivedData/CodeLooper-crrddjihwjtfkwegrjrymctnfixv/Build/Products/Debug/PackageFrameworks -F /Users/steipete/Library/Developer/Xcode/DerivedData/CodeLooper-crrddjihwjtfkwegrjrymctnfixv/Build/Products/Debug/PackageFrameworks -F /Users/steipete/Library/Developer/Xcode/DerivedData/CodeLooper-crrddjihwjtfkwegrjrymctnfixv/Build/Products/Debug/PackageFrameworks -F /Users/steipete/Library/Developer/Xcode/DerivedData/CodeLooper-crrddjihwjtfkwegrjrymctnfixv/Build/Products/Debug/PackageFrameworks -F /Users/steipete/Library/Developer/Xcode/DerivedData/CodeLooper-crrddjihwjtfkwegrjrymctnfixv/Build/Products/Debug/PackageFrameworks -F /Users/steipete/Library/Developer/Xcode/DerivedData/CodeLooper-crrddjihwjtfkwegrjrymctnfixv/Build/Products/Debug/PackageFrameworks -F /Users/steipete/Library/Developer/Xcode/DerivedData/CodeLooper-crrddjihwjtfkwegrjrymctnfixv/Build/Products/Debug/PackageFrameworks -F /Users/steipete/Library/Developer/Xcode/DerivedData/CodeLooper-crrddjihwjtfkwegrjrymctnfixv/Build/Products/Debug -c -j16 -enable-batch-mode -incremental -Xcc -ivfsstatcache -Xcc /Users/steipete/Library/Developer/Xcode/DerivedData/SDKStatCaches.noindex/macosx26.0-25A5279m-5d9328ff1a6613a11d359de947506b52.sdkstatcache -output-file-map /Users/steipete/Library/Developer/Xcode/DerivedData/CodeLooper-crrddjihwjtfkwegrjrymctnfixv/Build/Intermediates.noindex/CodeLooper.build/Debug/CodeLooper.build/Objects-normal/arm64/CodeLooper-OutputFileMap.json -use-frontend-parseable-output -save-temps -no-color-diagnostics -explicit-module-build -module-cache-path /Users/steipete/Library/Developer/Xcode/DerivedData/CodeLooper-crrddjihwjtfkwegrjrymctnfixv/Build/Intermediates.noindex/SwiftExplicitPrecompiledModules -clang-scanner-module-cache-path /Users/steipete/Library/Developer/Xcode/DerivedData/ModuleCache.noindex -sdk-module-cache-path /Users/steipete/Library/Developer/Xcode/DerivedData/ModuleCache.noindex -serialize-diagnostics -emit-dependencies -emit-module -emit-module-path /Users/steipete/Library/Developer/Xcode/DerivedData/CodeLooper-crrddjihwjtfkwegrjrymctnfixv/Build/Intermediates.noindex/CodeLooper.build/Debug/CodeLooper.build/Objects-normal/arm64/CodeLooper.swiftmodule -validate-clang-modules-once -clang-build-session-file /Users/steipete/Library/Developer/Xcode/DerivedData/ModuleCache.noindex/Session.modulevalidation -Xcc -I/Users/steipete/Library/Developer/Xcode/DerivedData/CodeLooper-crrddjihwjtfkwegrjrymctnfixv/Build/Intermediates.noindex/CodeLooper.build/Debug/CodeLooper.build/swift-overrides.hmap -emit-const-values -Xfrontend -const-gather-protocols-file -Xfrontend /Users/steipete/Library/Developer/Xcode/DerivedData/CodeLooper-crrddjihwjtfkwegrjrymctnfixv/Build/Intermediates.noindex/CodeLooper.build/Debug/CodeLooper.build/Objects-normal/arm64/CodeLooper_const_extract_protocols.json -Xcc -iquote -Xcc /Users/steipete/Library/Developer/Xcode/DerivedData/CodeLooper-crrddjihwjtfkwegrjrymctnfixv/Build/Intermediates.noindex/CodeLooper.build/Debug/CodeLooper.build/CodeLooper-generated-files.hmap -Xcc -I/Users/steipete/Library/Developer/Xcode/DerivedData/CodeLooper-crrddjihwjtfkwegrjrymctnfixv/Build/Intermediates.noindex/CodeLooper.build/Debug/CodeLooper.build/CodeLooper-own-target-headers.hmap -Xcc -I/Users/steipete/Library/Developer/Xcode/DerivedData/CodeLooper-crrddjihwjtfkwegrjrymctnfixv/Build/Intermediates.noindex/CodeLooper.build/Debug/CodeLooper.build/CodeLooper-all-non-framework-target-headers.hmap -Xcc -ivfsoverlay -Xcc /Users/steipete/Library/Developer/Xcode/DerivedData/CodeLooper-crrddjihwjtfkwegrjrymctnfixv/Build/Intermediates.noindex/CodeLooper.build/Debug/CodeLooper-de2ef41cd89caf5bcf7af683064774d7-VFS/all-product-headers.yaml -Xcc -iquote -Xcc /Users/steipete/Library/Developer/Xcode/DerivedData/CodeLooper-crrddjihwjtfkwegrjrymctnfixv/Build/Intermediates.noindex/CodeLooper.build/Debug/CodeLooper.build/CodeLooper-project-headers.hmap -Xcc -I/Users/steipete/Library/Developer/Xcode/DerivedData/CodeLooper-crrddjihwjtfkwegrjrymctnfixv/SourcePackages/checkouts/swift-nio/Sources/CNIOLLHTTP/include -Xcc -I/Users/steipete/Library/Developer/Xcode/DerivedData/CodeLooper-crrddjihwjtfkwegrjrymctnfixv/SourcePackages/checkouts/swift-nio/Sources/CNIOWASI/include -Xcc -I/Users/steipete/Library/Developer/Xcode/DerivedData/CodeLooper-crrddjihwjtfkwegrjrymctnfixv/SourcePackages/checkouts/swift-nio/Sources/CNIOWindows/include -Xcc -I/Users/steipete/Library/Developer/Xcode/DerivedData/CodeLooper-crrddjihwjtfkwegrjrymctnfixv/SourcePackages/checkouts/swift-nio/Sources/CNIOLinux/include -Xcc -I/Users/steipete/Library/Developer/Xcode/DerivedData/CodeLooper-crrddjihwjtfkwegrjrymctnfixv/SourcePackages/checkouts/swift-nio/Sources/CNIODarwin/include -Xcc -I/Users/steipete/Library/Developer/Xcode/DerivedData/CodeLooper-crrddjihwjtfkwegrjrymctnfixv/SourcePackages/checkouts/swift-nio/Sources/CNIOAtomics/include -Xcc -I/Users/steipete/Library/Developer/Xcode/DerivedData/CodeLooper-crrddjihwjtfkwegrjrymctnfixv/SourcePackages/checkouts/swift-atomics/Sources/_AtomicsShims/include -Xcc -I/Users/steipete/Library/Developer/Xcode/DerivedData/CodeLooper-crrddjihwjtfkwegrjrymctnfixv/Build/Products/Debug/include -Xcc -I/Users/steipete/Library/Developer/Xcode/DerivedData/CodeLooper-crrddjihwjtfkwegrjrymctnfixv/Build/Intermediates.noindex/CodeLooper.build/Debug/CodeLooper.build/DerivedSources-normal/arm64 -Xcc -I/Users/steipete/Library/Developer/Xcode/DerivedData/CodeLooper-crrddjihwjtfkwegrjrymctnfixv/Build/Intermediates.noindex/CodeLooper.build/Debug/CodeLooper.build/DerivedSources/arm64 -Xcc -I/Users/steipete/Library/Developer/Xcode/DerivedData/CodeLooper-crrddjihwjtfkwegrjrymctnfixv/Build/Intermediates.noindex/CodeLooper.build/Debug/CodeLooper.build/DerivedSources -Xcc -DDEBUG\=1 -emit-objc-header -emit-objc-header-path /Users/steipete/Library/Developer/Xcode/DerivedData/CodeLooper-crrddjihwjtfkwegrjrymctnfixv/Build/Intermediates.noindex/CodeLooper.build/Debug/CodeLooper.build/Objects-normal/arm64/CodeLooper-Swift.h -working-directory /Users/steipete/Projects/CodeLooper -experimental-emit-module-separately -disable-cmo

SwiftMergeGeneratedHeaders /Users/steipete/Library/Developer/Xcode/DerivedData/CodeLooper-crrddjihwjtfkwegrjrymctnfixv/Build/Intermediates.noindex/CodeLooper.build/Debug/CodeLooper.build/DerivedSources/CodeLooper-Swift.h /Users/steipete/Library/Developer/Xcode/DerivedData/CodeLooper-crrddjihwjtfkwegrjrymctnfixv/Build/Intermediates.noindex/CodeLooper.build/Debug/CodeLooper.build/Objects-normal/arm64/CodeLooper-Swift.h (in target 'CodeLooper' from project 'CodeLooper')
    cd /Users/steipete/Projects/CodeLooper
    builtin-swiftHeaderTool -arch arm64 /Users/steipete/Library/Developer/Xcode/DerivedData/CodeLooper-crrddjihwjtfkwegrjrymctnfixv/Build/Intermediates.noindex/CodeLooper.build/Debug/CodeLooper.build/Objects-normal/arm64/CodeLooper-Swift.h -o /Users/steipete/Library/Developer/Xcode/DerivedData/CodeLooper-crrddjihwjtfkwegrjrymctnfixv/Build/Intermediates.noindex/CodeLooper.build/Debug/CodeLooper.build/DerivedSources/CodeLooper-Swift.h

Copy /Users/steipete/Library/Developer/Xcode/DerivedData/CodeLooper-crrddjihwjtfkwegrjrymctnfixv/Build/Products/Debug/CodeLooper.swiftmodule/arm64-apple-macos.abi.json /Users/steipete/Library/Developer/Xcode/DerivedData/CodeLooper-crrddjihwjtfkwegrjrymctnfixv/Build/Intermediates.noindex/CodeLooper.build/Debug/CodeLooper.build/Objects-normal/arm64/CodeLooper.abi.json (in target 'CodeLooper' from project 'CodeLooper')
    cd /Users/steipete/Projects/CodeLooper
    builtin-copy -exclude .DS_Store -exclude CVS -exclude .svn -exclude .git -exclude .hg -resolve-src-symlinks -rename /Users/steipete/Library/Developer/Xcode/DerivedData/CodeLooper-crrddjihwjtfkwegrjrymctnfixv/Build/Intermediates.noindex/CodeLooper.build/Debug/CodeLooper.build/Objects-normal/arm64/CodeLooper.abi.json /Users/steipete/Library/Developer/Xcode/DerivedData/CodeLooper-crrddjihwjtfkwegrjrymctnfixv/Build/Products/Debug/CodeLooper.swiftmodule/arm64-apple-macos.abi.json

Copy /Users/steipete/Library/Developer/Xcode/DerivedData/CodeLooper-crrddjihwjtfkwegrjrymctnfixv/Build/Products/Debug/CodeLooper.swiftmodule/arm64-apple-macos.swiftmodule /Users/steipete/Library/Developer/Xcode/DerivedData/CodeLooper-crrddjihwjtfkwegrjrymctnfixv/Build/Intermediates.noindex/CodeLooper.build/Debug/CodeLooper.build/Objects-normal/arm64/CodeLooper.swiftmodule (in target 'CodeLooper' from project 'CodeLooper')
    cd /Users/steipete/Projects/CodeLooper
    builtin-copy -exclude .DS_Store -exclude CVS -exclude .svn -exclude .git -exclude .hg -resolve-src-symlinks -rename /Users/steipete/Library/Developer/Xcode/DerivedData/CodeLooper-crrddjihwjtfkwegrjrymctnfixv/Build/Intermediates.noindex/CodeLooper.build/Debug/CodeLooper.build/Objects-normal/arm64/CodeLooper.swiftmodule /Users/steipete/Library/Developer/Xcode/DerivedData/CodeLooper-crrddjihwjtfkwegrjrymctnfixv/Build/Products/Debug/CodeLooper.swiftmodule/arm64-apple-macos.swiftmodule

Copy /Users/steipete/Library/Developer/Xcode/DerivedData/CodeLooper-crrddjihwjtfkwegrjrymctnfixv/Build/Products/Debug/CodeLooper.swiftmodule/arm64-apple-macos.swiftdoc /Users/steipete/Library/Developer/Xcode/DerivedData/CodeLooper-crrddjihwjtfkwegrjrymctnfixv/Build/Intermediates.noindex/CodeLooper.build/Debug/CodeLooper.build/Objects-normal/arm64/CodeLooper.swiftdoc (in target 'CodeLooper' from project 'CodeLooper')
    cd /Users/steipete/Projects/CodeLooper
    builtin-copy -exclude .DS_Store -exclude CVS -exclude .svn -exclude .git -exclude .hg -resolve-src-symlinks -rename /Users/steipete/Library/Developer/Xcode/DerivedData/CodeLooper-crrddjihwjtfkwegrjrymctnfixv/Build/Intermediates.noindex/CodeLooper.build/Debug/CodeLooper.build/Objects-normal/arm64/CodeLooper.swiftdoc /Users/steipete/Library/Developer/Xcode/DerivedData/CodeLooper-crrddjihwjtfkwegrjrymctnfixv/Build/Products/Debug/CodeLooper.swiftmodule/arm64-apple-macos.swiftdoc

Copy /Users/steipete/Library/Developer/Xcode/DerivedData/CodeLooper-crrddjihwjtfkwegrjrymctnfixv/Build/Products/Debug/CodeLooper.swiftmodule/Project/arm64-apple-macos.swiftsourceinfo /Users/steipete/Library/Developer/Xcode/DerivedData/CodeLooper-crrddjihwjtfkwegrjrymctnfixv/Build/Intermediates.noindex/CodeLooper.build/Debug/CodeLooper.build/Objects-normal/arm64/CodeLooper.swiftsourceinfo (in target 'CodeLooper' from project 'CodeLooper')
    cd /Users/steipete/Projects/CodeLooper
    builtin-copy -exclude .DS_Store -exclude CVS -exclude .svn -exclude .git -exclude .hg -resolve-src-symlinks -rename /Users/steipete/Library/Developer/Xcode/DerivedData/CodeLooper-crrddjihwjtfkwegrjrymctnfixv/Build/Intermediates.noindex/CodeLooper.build/Debug/CodeLooper.build/Objects-normal/arm64/CodeLooper.swiftsourceinfo /Users/steipete/Library/Developer/Xcode/DerivedData/CodeLooper-crrddjihwjtfkwegrjrymctnfixv/Build/Products/Debug/CodeLooper.swiftmodule/Project/arm64-apple-macos.swiftsourceinfo

SwiftDriverJobDiscovery normal arm64 Compiling SettingsSection.swift, SettingsTabExtensions.swift, SettingsToolbarDelegate.swift, ToolbarTabButtonView.swift, WelcomeScreenToggle.swift, CursorInputWatcherView.swift, CursorRuleSetsSettingsView.swift, CursorSupervisionSettingsView.swift, CursorWindowsList.swift, MacAutomatorConfigView.swift, NativeToolbarSettingsWindow.swift, SettingsContainerView.swift (in target 'CodeLooper' from project 'CodeLooper')

SwiftDriverJobDiscovery normal arm64 Compiling CursorMonitorLifecycle.swift, CursorMonitorService.swift, CursorMonitoringLoop.swift, HeartbeatMonitor.swift, PortManager.swift, ProcessMonitorService.swift, QueryDataModels.swift, TTYWindowMappingService.swift, CursorAppLifecycleManager.swift, CursorWindowManager.swift, AllPermissionsView.swift, AutomationPermissionsView.swift, AccessibilityStepView.swift (in target 'CodeLooper' from project 'CodeLooper')

SwiftDriverJobDiscovery normal arm64 Compiling SettingsCoordinator.swift, SettingsPanesContainerView.swift, StatsView.swift, AISettingsView.swift, AboutSettingsTab.swift, AdvancedSettingsTab.swift, AdvancedSettingsView.swift, ClaudeCodeConfigView.swift, DebugSettingsView.swift, GeneralSettingsTab.swift, GeneralSettingsView.swift, MacOSAutomatorConfigView.swift (in target 'CodeLooper' from project 'CodeLooper')

SwiftDriverJobDiscovery normal arm64 Compiling AboutView.swift, AppDelegate+AppleScript.swift, AppDelegate.swift, AppEnvironment.swift, CodeLooperApp.swift, NotificationManager.swift, ServiceManager.swift, ShortcutNames.swift, SingleInstanceLock.swift, SparkleUpdaterManager.swift, UpdateChannel.swift, UpdaterViewModel.swift, WindowManager.swift (in target 'CodeLooper' from project 'CodeLooper')

SwiftDriverJobDiscovery normal arm64 Compiling CompletionStepView.swift, ModernFeatureCard.swift, ModernFooterView.swift, PermissionCard.swift, ProgressBar.swift, SettingsStepView.swift, WelcomeStepView.swift, NotificationPermissionsView.swift, OnboardingCoordinator.swift, PermissionsView.swift, ScreenRecordingPermissionsView.swift, WelcomeGuideView.swift, WelcomeView.swift (in target 'CodeLooper' from project 'CodeLooper')

SwiftDriver\ Compilation CodeLooper normal arm64 com.apple.xcode.tools.swift.compiler (in target 'CodeLooper' from project 'CodeLooper')
    cd /Users/steipete/Projects/CodeLooper
    builtin-Swift-Compilation -- /Applications/Xcode-beta.app/Contents/Developer/Toolchains/XcodeDefault.xctoolchain/usr/bin/swiftc -module-name CodeLooper -Onone -enforce-exclusivity\=checked @/Users/steipete/Library/Developer/Xcode/DerivedData/CodeLooper-crrddjihwjtfkwegrjrymctnfixv/Build/Intermediates.noindex/CodeLooper.build/Debug/CodeLooper.build/Objects-normal/arm64/CodeLooper.SwiftFileList -DDEBUG -Xcc -fmodule-map-file\=/Users/steipete/Library/Developer/Xcode/DerivedData/CodeLooper-crrddjihwjtfkwegrjrymctnfixv/Build/Intermediates.noindex/GeneratedModuleMaps/CNIOLLHTTP.modulemap -Xcc -fmodule-map-file\=/Users/steipete/Library/Developer/Xcode/DerivedData/CodeLooper-crrddjihwjtfkwegrjrymctnfixv/Build/Intermediates.noindex/GeneratedModuleMaps/CNIOWASI.modulemap -Xcc -fmodule-map-file\=/Users/steipete/Library/Developer/Xcode/DerivedData/CodeLooper-crrddjihwjtfkwegrjrymctnfixv/Build/Intermediates.noindex/GeneratedModuleMaps/CNIOLinux.modulemap -Xcc -fmodule-map-file\=/Users/steipete/Library/Developer/Xcode/DerivedData/CodeLooper-crrddjihwjtfkwegrjrymctnfixv/Build/Intermediates.noindex/GeneratedModuleMaps/CNIODarwin.modulemap -Xcc -fmodule-map-file\=/Users/steipete/Library/Developer/Xcode/DerivedData/CodeLooper-crrddjihwjtfkwegrjrymctnfixv/Build/Intermediates.noindex/GeneratedModuleMaps/CNIOAtomics.modulemap -warn-concurrency -enable-actor-data-race-checks -strict-concurrency\=complete -enable-experimental-feature DebugDescriptionMacro -sdk /Applications/Xcode-beta.app/Contents/Developer/Platforms/MacOSX.platform/Developer/SDKs/MacOSX26.0.sdk -target arm64-apple-macos14.0 -g -module-cache-path /Users/steipete/Library/Developer/Xcode/DerivedData/ModuleCache.noindex -Xfrontend -serialize-debugging-options -profile-coverage-mapping -profile-generate -enable-testing -index-store-path /Users/steipete/Library/Developer/Xcode/DerivedData/CodeLooper-crrddjihwjtfkwegrjrymctnfixv/Index.noindex/DataStore -swift-version 6 -I /Users/steipete/Library/Developer/Xcode/DerivedData/CodeLooper-crrddjihwjtfkwegrjrymctnfixv/Build/Products/Debug -F /Users/steipete/Library/Developer/Xcode/DerivedData/CodeLooper-crrddjihwjtfkwegrjrymctnfixv/Build/Products/Debug/PackageFrameworks -F /Users/steipete/Library/Developer/Xcode/DerivedData/CodeLooper-crrddjihwjtfkwegrjrymctnfixv/Build/Products/Debug/PackageFrameworks -F /Users/steipete/Library/Developer/Xcode/DerivedData/CodeLooper-crrddjihwjtfkwegrjrymctnfixv/Build/Products/Debug/PackageFrameworks -F /Users/steipete/Library/Developer/Xcode/DerivedData/CodeLooper-crrddjihwjtfkwegrjrymctnfixv/Build/Products/Debug/PackageFrameworks -F /Users/steipete/Library/Developer/Xcode/DerivedData/CodeLooper-crrddjihwjtfkwegrjrymctnfixv/Build/Products/Debug/PackageFrameworks -F /Users/steipete/Library/Developer/Xcode/DerivedData/CodeLooper-crrddjihwjtfkwegrjrymctnfixv/Build/Products/Debug/PackageFrameworks -F /Users/steipete/Library/Developer/Xcode/DerivedData/CodeLooper-crrddjihwjtfkwegrjrymctnfixv/Build/Products/Debug/PackageFrameworks -F /Users/steipete/Library/Developer/Xcode/DerivedData/CodeLooper-crrddjihwjtfkwegrjrymctnfixv/Build/Products/Debug/PackageFrameworks -F /Users/steipete/Library/Developer/Xcode/DerivedData/CodeLooper-crrddjihwjtfkwegrjrymctnfixv/Build/Products/Debug/PackageFrameworks -F /Users/steipete/Library/Developer/Xcode/DerivedData/CodeLooper-crrddjihwjtfkwegrjrymctnfixv/Build/Products/Debug/PackageFrameworks -F /Users/steipete/Library/Developer/Xcode/DerivedData/CodeLooper-crrddjihwjtfkwegrjrymctnfixv/Build/Products/Debug/PackageFrameworks -F /Users/steipete/Library/Developer/Xcode/DerivedData/CodeLooper-crrddjihwjtfkwegrjrymctnfixv/Build/Products/Debug/PackageFrameworks -F /Users/steipete/Library/Developer/Xcode/DerivedData/CodeLooper-crrddjihwjtfkwegrjrymctnfixv/Build/Products/Debug/PackageFrameworks -F /Users/steipete/Library/Developer/Xcode/DerivedData/CodeLooper-crrddjihwjtfkwegrjrymctnfixv/Build/Products/Debug/PackageFrameworks -F /Users/steipete/Library/Developer/Xcode/DerivedData/CodeLooper-crrddjihwjtfkwegrjrymctnfixv/Build/Products/Debug/PackageFrameworks -F /Users/steipete/Library/Developer/Xcode/DerivedData/CodeLooper-crrddjihwjtfkwegrjrymctnfixv/Build/Products/Debug/PackageFrameworks -F /Users/steipete/Library/Developer/Xcode/DerivedData/CodeLooper-crrddjihwjtfkwegrjrymctnfixv/Build/Products/Debug/PackageFrameworks -F /Users/steipete/Library/Developer/Xcode/DerivedData/CodeLooper-crrddjihwjtfkwegrjrymctnfixv/Build/Products/Debug/PackageFrameworks -F /Users/steipete/Library/Developer/Xcode/DerivedData/CodeLooper-crrddjihwjtfkwegrjrymctnfixv/Build/Products/Debug/PackageFrameworks -F /Users/steipete/Library/Developer/Xcode/DerivedData/CodeLooper-crrddjihwjtfkwegrjrymctnfixv/Build/Products/Debug/PackageFrameworks -F /Users/steipete/Library/Developer/Xcode/DerivedData/CodeLooper-crrddjihwjtfkwegrjrymctnfixv/Build/Products/Debug/PackageFrameworks -F /Users/steipete/Library/Developer/Xcode/DerivedData/CodeLooper-crrddjihwjtfkwegrjrymctnfixv/Build/Products/Debug/PackageFrameworks -F /Users/steipete/Library/Developer/Xcode/DerivedData/CodeLooper-crrddjihwjtfkwegrjrymctnfixv/Build/Products/Debug/PackageFrameworks -F /Users/steipete/Library/Developer/Xcode/DerivedData/CodeLooper-crrddjihwjtfkwegrjrymctnfixv/Build/Products/Debug/PackageFrameworks -F /Users/steipete/Library/Developer/Xcode/DerivedData/CodeLooper-crrddjihwjtfkwegrjrymctnfixv/Build/Products/Debug/PackageFrameworks -F /Users/steipete/Library/Developer/Xcode/DerivedData/CodeLooper-crrddjihwjtfkwegrjrymctnfixv/Build/Products/Debug/PackageFrameworks -F /Users/steipete/Library/Developer/Xcode/DerivedData/CodeLooper-crrddjihwjtfkwegrjrymctnfixv/Build/Products/Debug/PackageFrameworks -F /Users/steipete/Library/Developer/Xcode/DerivedData/CodeLooper-crrddjihwjtfkwegrjrymctnfixv/Build/Products/Debug/PackageFrameworks -F /Users/steipete/Library/Developer/Xcode/DerivedData/CodeLooper-crrddjihwjtfkwegrjrymctnfixv/Build/Products/Debug/PackageFrameworks -F /Users/steipete/Library/Developer/Xcode/DerivedData/CodeLooper-crrddjihwjtfkwegrjrymctnfixv/Build/Products/Debug/PackageFrameworks -F /Users/steipete/Library/Developer/Xcode/DerivedData/CodeLooper-crrddjihwjtfkwegrjrymctnfixv/Build/Products/Debug/PackageFrameworks -F /Users/steipete/Library/Developer/Xcode/DerivedData/CodeLooper-crrddjihwjtfkwegrjrymctnfixv/Build/Products/Debug/PackageFrameworks -F /Users/steipete/Library/Developer/Xcode/DerivedData/CodeLooper-crrddjihwjtfkwegrjrymctnfixv/Build/Products/Debug/PackageFrameworks -F /Users/steipete/Library/Developer/Xcode/DerivedData/CodeLooper-crrddjihwjtfkwegrjrymctnfixv/Build/Products/Debug/PackageFrameworks -F /Users/steipete/Library/Developer/Xcode/DerivedData/CodeLooper-crrddjihwjtfkwegrjrymctnfixv/Build/Products/Debug/PackageFrameworks -F /Users/steipete/Library/Developer/Xcode/DerivedData/CodeLooper-crrddjihwjtfkwegrjrymctnfixv/Build/Products/Debug/PackageFrameworks -F /Users/steipete/Library/Developer/Xcode/DerivedData/CodeLooper-crrddjihwjtfkwegrjrymctnfixv/Build/Products/Debug/PackageFrameworks -F /Users/steipete/Library/Developer/Xcode/DerivedData/CodeLooper-crrddjihwjtfkwegrjrymctnfixv/Build/Products/Debug/PackageFrameworks -F /Users/steipete/Library/Developer/Xcode/DerivedData/CodeLooper-crrddjihwjtfkwegrjrymctnfixv/Build/Products/Debug/PackageFrameworks -F /Users/steipete/Library/Developer/Xcode/DerivedData/CodeLooper-crrddjihwjtfkwegrjrymctnfixv/Build/Products/Debug/PackageFrameworks -F /Users/steipete/Library/Developer/Xcode/DerivedData/CodeLooper-crrddjihwjtfkwegrjrymctnfixv/Build/Products/Debug/PackageFrameworks -F /Users/steipete/Library/Developer/Xcode/DerivedData/CodeLooper-crrddjihwjtfkwegrjrymctnfixv/Build/Products/Debug/PackageFrameworks -F /Users/steipete/Library/Developer/Xcode/DerivedData/CodeLooper-crrddjihwjtfkwegrjrymctnfixv/Build/Products/Debug/PackageFrameworks -F /Users/steipete/Library/Developer/Xcode/DerivedData/CodeLooper-crrddjihwjtfkwegrjrymctnfixv/Build/Products/Debug/PackageFrameworks -F /Users/steipete/Library/Developer/Xcode/DerivedData/CodeLooper-crrddjihwjtfkwegrjrymctnfixv/Build/Products/Debug/PackageFrameworks -F /Users/steipete/Library/Developer/Xcode/DerivedData/CodeLooper-crrddjihwjtfkwegrjrymctnfixv/Build/Products/Debug/PackageFrameworks -F /Users/steipete/Library/Developer/Xcode/DerivedData/CodeLooper-crrddjihwjtfkwegrjrymctnfixv/Build/Products/Debug/PackageFrameworks -F /Users/steipete/Library/Developer/Xcode/DerivedData/CodeLooper-crrddjihwjtfkwegrjrymctnfixv/Build/Products/Debug/PackageFrameworks -F /Users/steipete/Library/Developer/Xcode/DerivedData/CodeLooper-crrddjihwjtfkwegrjrymctnfixv/Build/Products/Debug/PackageFrameworks -F /Users/steipete/Library/Developer/Xcode/DerivedData/CodeLooper-crrddjihwjtfkwegrjrymctnfixv/Build/Products/Debug/PackageFrameworks -F /Users/steipete/Library/Developer/Xcode/DerivedData/CodeLooper-crrddjihwjtfkwegrjrymctnfixv/Build/Products/Debug/PackageFrameworks -F /Users/steipete/Library/Developer/Xcode/DerivedData/CodeLooper-crrddjihwjtfkwegrjrymctnfixv/Build/Products/Debug/PackageFrameworks -F /Users/steipete/Library/Developer/Xcode/DerivedData/CodeLooper-crrddjihwjtfkwegrjrymctnfixv/Build/Products/Debug/PackageFrameworks -F /Users/steipete/Library/Developer/Xcode/DerivedData/CodeLooper-crrddjihwjtfkwegrjrymctnfixv/Build/Products/Debug/PackageFrameworks -F /Users/steipete/Library/Developer/Xcode/DerivedData/CodeLooper-crrddjihwjtfkwegrjrymctnfixv/Build/Products/Debug/PackageFrameworks -F /Users/steipete/Library/Developer/Xcode/DerivedData/CodeLooper-crrddjihwjtfkwegrjrymctnfixv/Build/Products/Debug -c -j16 -enable-batch-mode -incremental -Xcc -ivfsstatcache -Xcc /Users/steipete/Library/Developer/Xcode/DerivedData/SDKStatCaches.noindex/macosx26.0-25A5279m-5d9328ff1a6613a11d359de947506b52.sdkstatcache -output-file-map /Users/steipete/Library/Developer/Xcode/DerivedData/CodeLooper-crrddjihwjtfkwegrjrymctnfixv/Build/Intermediates.noindex/CodeLooper.build/Debug/CodeLooper.build/Objects-normal/arm64/CodeLooper-OutputFileMap.json -use-frontend-parseable-output -save-temps -no-color-diagnostics -explicit-module-build -module-cache-path /Users/steipete/Library/Developer/Xcode/DerivedData/CodeLooper-crrddjihwjtfkwegrjrymctnfixv/Build/Intermediates.noindex/SwiftExplicitPrecompiledModules -clang-scanner-module-cache-path /Users/steipete/Library/Developer/Xcode/DerivedData/ModuleCache.noindex -sdk-module-cache-path /Users/steipete/Library/Developer/Xcode/DerivedData/ModuleCache.noindex -serialize-diagnostics -emit-dependencies -emit-module -emit-module-path /Users/steipete/Library/Developer/Xcode/DerivedData/CodeLooper-crrddjihwjtfkwegrjrymctnfixv/Build/Intermediates.noindex/CodeLooper.build/Debug/CodeLooper.build/Objects-normal/arm64/CodeLooper.swiftmodule -validate-clang-modules-once -clang-build-session-file /Users/steipete/Library/Developer/Xcode/DerivedData/ModuleCache.noindex/Session.modulevalidation -Xcc -I/Users/steipete/Library/Developer/Xcode/DerivedData/CodeLooper-crrddjihwjtfkwegrjrymctnfixv/Build/Intermediates.noindex/CodeLooper.build/Debug/CodeLooper.build/swift-overrides.hmap -emit-const-values -Xfrontend -const-gather-protocols-file -Xfrontend /Users/steipete/Library/Developer/Xcode/DerivedData/CodeLooper-crrddjihwjtfkwegrjrymctnfixv/Build/Intermediates.noindex/CodeLooper.build/Debug/CodeLooper.build/Objects-normal/arm64/CodeLooper_const_extract_protocols.json -Xcc -iquote -Xcc /Users/steipete/Library/Developer/Xcode/DerivedData/CodeLooper-crrddjihwjtfkwegrjrymctnfixv/Build/Intermediates.noindex/CodeLooper.build/Debug/CodeLooper.build/CodeLooper-generated-files.hmap -Xcc -I/Users/steipete/Library/Developer/Xcode/DerivedData/CodeLooper-crrddjihwjtfkwegrjrymctnfixv/Build/Intermediates.noindex/CodeLooper.build/Debug/CodeLooper.build/CodeLooper-own-target-headers.hmap -Xcc -I/Users/steipete/Library/Developer/Xcode/DerivedData/CodeLooper-crrddjihwjtfkwegrjrymctnfixv/Build/Intermediates.noindex/CodeLooper.build/Debug/CodeLooper.build/CodeLooper-all-non-framework-target-headers.hmap -Xcc -ivfsoverlay -Xcc /Users/steipete/Library/Developer/Xcode/DerivedData/CodeLooper-crrddjihwjtfkwegrjrymctnfixv/Build/Intermediates.noindex/CodeLooper.build/Debug/CodeLooper-de2ef41cd89caf5bcf7af683064774d7-VFS/all-product-headers.yaml -Xcc -iquote -Xcc /Users/steipete/Library/Developer/Xcode/DerivedData/CodeLooper-crrddjihwjtfkwegrjrymctnfixv/Build/Intermediates.noindex/CodeLooper.build/Debug/CodeLooper.build/CodeLooper-project-headers.hmap -Xcc -I/Users/steipete/Library/Developer/Xcode/DerivedData/CodeLooper-crrddjihwjtfkwegrjrymctnfixv/SourcePackages/checkouts/swift-nio/Sources/CNIOLLHTTP/include -Xcc -I/Users/steipete/Library/Developer/Xcode/DerivedData/CodeLooper-crrddjihwjtfkwegrjrymctnfixv/SourcePackages/checkouts/swift-nio/Sources/CNIOWASI/include -Xcc -I/Users/steipete/Library/Developer/Xcode/DerivedData/CodeLooper-crrddjihwjtfkwegrjrymctnfixv/SourcePackages/checkouts/swift-nio/Sources/CNIOWindows/include -Xcc -I/Users/steipete/Library/Developer/Xcode/DerivedData/CodeLooper-crrddjihwjtfkwegrjrymctnfixv/SourcePackages/checkouts/swift-nio/Sources/CNIOLinux/include -Xcc -I/Users/steipete/Library/Developer/Xcode/DerivedData/CodeLooper-crrddjihwjtfkwegrjrymctnfixv/SourcePackages/checkouts/swift-nio/Sources/CNIODarwin/include -Xcc -I/Users/steipete/Library/Developer/Xcode/DerivedData/CodeLooper-crrddjihwjtfkwegrjrymctnfixv/SourcePackages/checkouts/swift-nio/Sources/CNIOAtomics/include -Xcc -I/Users/steipete/Library/Developer/Xcode/DerivedData/CodeLooper-crrddjihwjtfkwegrjrymctnfixv/SourcePackages/checkouts/swift-atomics/Sources/_AtomicsShims/include -Xcc -I/Users/steipete/Library/Developer/Xcode/DerivedData/CodeLooper-crrddjihwjtfkwegrjrymctnfixv/Build/Products/Debug/include -Xcc -I/Users/steipete/Library/Developer/Xcode/DerivedData/CodeLooper-crrddjihwjtfkwegrjrymctnfixv/Build/Intermediates.noindex/CodeLooper.build/Debug/CodeLooper.build/DerivedSources-normal/arm64 -Xcc -I/Users/steipete/Library/Developer/Xcode/DerivedData/CodeLooper-crrddjihwjtfkwegrjrymctnfixv/Build/Intermediates.noindex/CodeLooper.build/Debug/CodeLooper.build/DerivedSources/arm64 -Xcc -I/Users/steipete/Library/Developer/Xcode/DerivedData/CodeLooper-crrddjihwjtfkwegrjrymctnfixv/Build/Intermediates.noindex/CodeLooper.build/Debug/CodeLooper.build/DerivedSources -Xcc -DDEBUG\=1 -emit-objc-header -emit-objc-header-path /Users/steipete/Library/Developer/Xcode/DerivedData/CodeLooper-crrddjihwjtfkwegrjrymctnfixv/Build/Intermediates.noindex/CodeLooper.build/Debug/CodeLooper.build/Objects-normal/arm64/CodeLooper-Swift.h -working-directory /Users/steipete/Projects/CodeLooper -experimental-emit-module-separately -disable-cmo

Ld /Users/steipete/Library/Developer/Xcode/DerivedData/CodeLooper-crrddjihwjtfkwegrjrymctnfixv/Build/Products/Debug/CodeLooper.app/Contents/MacOS/CodeLooper.debug.dylib normal (in target 'CodeLooper' from project 'CodeLooper')
    cd /Users/steipete/Projects/CodeLooper
    /Applications/Xcode-beta.app/Contents/Developer/Toolchains/XcodeDefault.xctoolchain/usr/bin/clang -Xlinker -reproducible -target arm64-apple-macos14.0 -dynamiclib -isysroot /Applications/Xcode-beta.app/Contents/Developer/Platforms/MacOSX.platform/Developer/SDKs/MacOSX26.0.sdk -O0 -L/Users/steipete/Library/Developer/Xcode/DerivedData/CodeLooper-crrddjihwjtfkwegrjrymctnfixv/Build/Intermediates.noindex/EagerLinkingTBDs/Debug -L/Users/steipete/Library/Developer/Xcode/DerivedData/CodeLooper-crrddjihwjtfkwegrjrymctnfixv/Build/Products/Debug -F/Users/steipete/Library/Developer/Xcode/DerivedData/CodeLooper-crrddjihwjtfkwegrjrymctnfixv/Build/Intermediates.noindex/EagerLinkingTBDs/Debug -F/Users/steipete/Library/Developer/Xcode/DerivedData/CodeLooper-crrddjihwjtfkwegrjrymctnfixv/Build/Products/Debug/PackageFrameworks -F/Users/steipete/Library/Developer/Xcode/DerivedData/CodeLooper-crrddjihwjtfkwegrjrymctnfixv/Build/Products/Debug/PackageFrameworks -F/Users/steipete/Library/Developer/Xcode/DerivedData/CodeLooper-crrddjihwjtfkwegrjrymctnfixv/Build/Products/Debug/PackageFrameworks -F/Users/steipete/Library/Developer/Xcode/DerivedData/CodeLooper-crrddjihwjtfkwegrjrymctnfixv/Build/Products/Debug/PackageFrameworks -F/Users/steipete/Library/Developer/Xcode/DerivedData/CodeLooper-crrddjihwjtfkwegrjrymctnfixv/Build/Products/Debug/PackageFrameworks -F/Users/steipete/Library/Developer/Xcode/DerivedData/CodeLooper-crrddjihwjtfkwegrjrymctnfixv/Build/Products/Debug/PackageFrameworks -F/Users/steipete/Library/Developer/Xcode/DerivedData/CodeLooper-crrddjihwjtfkwegrjrymctnfixv/Build/Products/Debug/PackageFrameworks -F/Users/steipete/Library/Developer/Xcode/DerivedData/CodeLooper-crrddjihwjtfkwegrjrymctnfixv/Build/Products/Debug/PackageFrameworks -F/Users/steipete/Library/Developer/Xcode/DerivedData/CodeLooper-crrddjihwjtfkwegrjrymctnfixv/Build/Products/Debug/PackageFrameworks -F/Users/steipete/Library/Developer/Xcode/DerivedData/CodeLooper-crrddjihwjtfkwegrjrymctnfixv/Build/Products/Debug/PackageFrameworks -F/Users/steipete/Library/Developer/Xcode/DerivedData/CodeLooper-crrddjihwjtfkwegrjrymctnfixv/Build/Products/Debug/PackageFrameworks -F/Users/steipete/Library/Developer/Xcode/DerivedData/CodeLooper-crrddjihwjtfkwegrjrymctnfixv/Build/Products/Debug/PackageFrameworks -F/Users/steipete/Library/Developer/Xcode/DerivedData/CodeLooper-crrddjihwjtfkwegrjrymctnfixv/Build/Products/Debug/PackageFrameworks -F/Users/steipete/Library/Developer/Xcode/DerivedData/CodeLooper-crrddjihwjtfkwegrjrymctnfixv/Build/Products/Debug/PackageFrameworks -F/Users/steipete/Library/Developer/Xcode/DerivedData/CodeLooper-crrddjihwjtfkwegrjrymctnfixv/Build/Products/Debug/PackageFrameworks -F/Users/steipete/Library/Developer/Xcode/DerivedData/CodeLooper-crrddjihwjtfkwegrjrymctnfixv/Build/Products/Debug/PackageFrameworks -F/Users/steipete/Library/Developer/Xcode/DerivedData/CodeLooper-crrddjihwjtfkwegrjrymctnfixv/Build/Products/Debug/PackageFrameworks -F/Users/steipete/Library/Developer/Xcode/DerivedData/CodeLooper-crrddjihwjtfkwegrjrymctnfixv/Build/Products/Debug/PackageFrameworks -F/Users/steipete/Library/Developer/Xcode/DerivedData/CodeLooper-crrddjihwjtfkwegrjrymctnfixv/Build/Products/Debug/PackageFrameworks -F/Users/steipete/Library/Developer/Xcode/DerivedData/CodeLooper-crrddjihwjtfkwegrjrymctnfixv/Build/Products/Debug/PackageFrameworks -F/Users/steipete/Library/Developer/Xcode/DerivedData/CodeLooper-crrddjihwjtfkwegrjrymctnfixv/Build/Products/Debug/PackageFrameworks -F/Users/steipete/Library/Developer/Xcode/DerivedData/CodeLooper-crrddjihwjtfkwegrjrymctnfixv/Build/Products/Debug/PackageFrameworks -F/Users/steipete/Library/Developer/Xcode/DerivedData/CodeLooper-crrddjihwjtfkwegrjrymctnfixv/Build/Products/Debug/PackageFrameworks -F/Users/steipete/Library/Developer/Xcode/DerivedData/CodeLooper-crrddjihwjtfkwegrjrymctnfixv/Build/Products/Debug/PackageFrameworks -F/Users/steipete/Library/Developer/Xcode/DerivedData/CodeLooper-crrddjihwjtfkwegrjrymctnfixv/Build/Products/Debug/PackageFrameworks -F/Users/steipete/Library/Developer/Xcode/DerivedData/CodeLooper-crrddjihwjtfkwegrjrymctnfixv/Build/Products/Debug/PackageFrameworks -F/Users/steipete/Library/Developer/Xcode/DerivedData/CodeLooper-crrddjihwjtfkwegrjrymctnfixv/Build/Products/Debug/PackageFrameworks -F/Users/steipete/Library/Developer/Xcode/DerivedData/CodeLooper-crrddjihwjtfkwegrjrymctnfixv/Build/Products/Debug/PackageFrameworks -F/Users/steipete/Library/Developer/Xcode/DerivedData/CodeLooper-crrddjihwjtfkwegrjrymctnfixv/Build/Products/Debug/PackageFrameworks -F/Users/steipete/Library/Developer/Xcode/DerivedData/CodeLooper-crrddjihwjtfkwegrjrymctnfixv/Build/Products/Debug/PackageFrameworks -F/Users/steipete/Library/Developer/Xcode/DerivedData/CodeLooper-crrddjihwjtfkwegrjrymctnfixv/Build/Products/Debug/PackageFrameworks -F/Users/steipete/Library/Developer/Xcode/DerivedData/CodeLooper-crrddjihwjtfkwegrjrymctnfixv/Build/Products/Debug/PackageFrameworks -F/Users/steipete/Library/Developer/Xcode/DerivedData/CodeLooper-crrddjihwjtfkwegrjrymctnfixv/Build/Products/Debug/PackageFrameworks -F/Users/steipete/Library/Developer/Xcode/DerivedData/CodeLooper-crrddjihwjtfkwegrjrymctnfixv/Build/Products/Debug/PackageFrameworks -F/Users/steipete/Library/Developer/Xcode/DerivedData/CodeLooper-crrddjihwjtfkwegrjrymctnfixv/Build/Products/Debug/PackageFrameworks -F/Users/steipete/Library/Developer/Xcode/DerivedData/CodeLooper-crrddjihwjtfkwegrjrymctnfixv/Build/Products/Debug/PackageFrameworks -F/Users/steipete/Library/Developer/Xcode/DerivedData/CodeLooper-crrddjihwjtfkwegrjrymctnfixv/Build/Products/Debug/PackageFrameworks -F/Users/steipete/Library/Developer/Xcode/DerivedData/CodeLooper-crrddjihwjtfkwegrjrymctnfixv/Build/Products/Debug/PackageFrameworks -F/Users/steipete/Library/Developer/Xcode/DerivedData/CodeLooper-crrddjihwjtfkwegrjrymctnfixv/Build/Products/Debug/PackageFrameworks -F/Users/steipete/Library/Developer/Xcode/DerivedData/CodeLooper-crrddjihwjtfkwegrjrymctnfixv/Build/Products/Debug/PackageFrameworks -F/Users/steipete/Library/Developer/Xcode/DerivedData/CodeLooper-crrddjihwjtfkwegrjrymctnfixv/Build/Products/Debug/PackageFrameworks -F/Users/steipete/Library/Developer/Xcode/DerivedData/CodeLooper-crrddjihwjtfkwegrjrymctnfixv/Build/Products/Debug/PackageFrameworks -F/Users/steipete/Library/Developer/Xcode/DerivedData/CodeLooper-crrddjihwjtfkwegrjrymctnfixv/Build/Products/Debug/PackageFrameworks -F/Users/steipete/Library/Developer/Xcode/DerivedData/CodeLooper-crrddjihwjtfkwegrjrymctnfixv/Build/Products/Debug/PackageFrameworks -F/Users/steipete/Library/Developer/Xcode/DerivedData/CodeLooper-crrddjihwjtfkwegrjrymctnfixv/Build/Products/Debug/PackageFrameworks -F/Users/steipete/Library/Developer/Xcode/DerivedData/CodeLooper-crrddjihwjtfkwegrjrymctnfixv/Build/Products/Debug/PackageFrameworks -F/Users/steipete/Library/Developer/Xcode/DerivedData/CodeLooper-crrddjihwjtfkwegrjrymctnfixv/Build/Products/Debug/PackageFrameworks -F/Users/steipete/Library/Developer/Xcode/DerivedData/CodeLooper-crrddjihwjtfkwegrjrymctnfixv/Build/Products/Debug/PackageFrameworks -F/Users/steipete/Library/Developer/Xcode/DerivedData/CodeLooper-crrddjihwjtfkwegrjrymctnfixv/Build/Products/Debug/PackageFrameworks -F/Users/steipete/Library/Developer/Xcode/DerivedData/CodeLooper-crrddjihwjtfkwegrjrymctnfixv/Build/Products/Debug/PackageFrameworks -F/Users/steipete/Library/Developer/Xcode/DerivedData/CodeLooper-crrddjihwjtfkwegrjrymctnfixv/Build/Products/Debug/PackageFrameworks -F/Users/steipete/Library/Developer/Xcode/DerivedData/CodeLooper-crrddjihwjtfkwegrjrymctnfixv/Build/Products/Debug/PackageFrameworks -F/Users/steipete/Library/Developer/Xcode/DerivedData/CodeLooper-crrddjihwjtfkwegrjrymctnfixv/Build/Products/Debug/PackageFrameworks -F/Users/steipete/Library/Developer/Xcode/DerivedData/CodeLooper-crrddjihwjtfkwegrjrymctnfixv/Build/Products/Debug/PackageFrameworks -F/Users/steipete/Library/Developer/Xcode/DerivedData/CodeLooper-crrddjihwjtfkwegrjrymctnfixv/Build/Products/Debug/PackageFrameworks -F/Users/steipete/Library/Developer/Xcode/DerivedData/CodeLooper-crrddjihwjtfkwegrjrymctnfixv/Build/Products/Debug -filelist /Users/steipete/Library/Developer/Xcode/DerivedData/CodeLooper-crrddjihwjtfkwegrjrymctnfixv/Build/Intermediates.noindex/CodeLooper.build/Debug/CodeLooper.build/Objects-normal/arm64/CodeLooper.LinkFileList -install_name @rpath/CodeLooper.debug.dylib -Xlinker -rpath -Xlinker /Users/steipete/Library/Developer/Xcode/DerivedData/CodeLooper-crrddjihwjtfkwegrjrymctnfixv/Build/Products/Debug/PackageFrameworks -Xlinker -rpath -Xlinker @executable_path/../Frameworks -dead_strip -Xlinker -object_path_lto -Xlinker /Users/steipete/Library/Developer/Xcode/DerivedData/CodeLooper-crrddjihwjtfkwegrjrymctnfixv/Build/Intermediates.noindex/CodeLooper.build/Debug/CodeLooper.build/Objects-normal/arm64/CodeLooper_lto.o -rdynamic -Xlinker -no_deduplicate -Xlinker -debug_variant -Xlinker -dependency_info -Xlinker /Users/steipete/Library/Developer/Xcode/DerivedData/CodeLooper-crrddjihwjtfkwegrjrymctnfixv/Build/Intermediates.noindex/CodeLooper.build/Debug/CodeLooper.build/Objects-normal/arm64/CodeLooper_dependency_info.dat -fobjc-link-runtime -fprofile-instr-generate -L/Applications/Xcode-beta.app/Contents/Developer/Toolchains/XcodeDefault.xctoolchain/usr/lib/swift/macosx -L/usr/lib/swift -Xlinker -add_ast_path -Xlinker /Users/steipete/Library/Developer/Xcode/DerivedData/CodeLooper-crrddjihwjtfkwegrjrymctnfixv/Build/Intermediates.noindex/CodeLooper.build/Debug/CodeLooper.build/Objects-normal/arm64/CodeLooper.swiftmodule @/Users/steipete/Library/Developer/Xcode/DerivedData/CodeLooper-crrddjihwjtfkwegrjrymctnfixv/Build/Intermediates.noindex/CodeLooper.build/Debug/CodeLooper.build/Objects-normal/arm64/CodeLooper-linker-args.resp -Wl,-no_warn_duplicate_libraries -Wl,-no_warn_duplicate_libraries -Wl,-no_warn_duplicate_libraries -Wl,-no_warn_duplicate_libraries -Wl,-no_warn_duplicate_libraries -Wl,-no_warn_duplicate_libraries -Wl,-no_warn_duplicate_libraries -Wl,-no_warn_duplicate_libraries -Wl,-no_warn_duplicate_libraries -Wl,-no_warn_duplicate_libraries -Wl,-no_warn_duplicate_libraries -Wl,-no_warn_duplicate_libraries -Wl,-no_warn_duplicate_libraries -Wl,-no_warn_duplicate_libraries -Wl,-no_warn_duplicate_libraries -Wl,-no_warn_duplicate_libraries -Wl,-no_warn_duplicate_libraries -Wl,-no_warn_duplicate_libraries -Wl,-no_warn_duplicate_libraries -Wl,-no_warn_duplicate_libraries -Wl,-no_warn_duplicate_libraries -Wl,-no_warn_duplicate_libraries -Wl,-no_warn_duplicate_libraries -Wl,-no_warn_duplicate_libraries -Wl,-no_warn_duplicate_libraries -Wl,-no_warn_duplicate_libraries -Wl,-no_warn_duplicate_libraries -Wl,-no_warn_duplicate_libraries -Wl,-no_warn_duplicate_libraries -Wl,-no_warn_duplicate_libraries -Wl,-no_warn_duplicate_libraries -Wl,-no_warn_duplicate_libraries -Wl,-no_warn_duplicate_libraries -Wl,-no_warn_duplicate_libraries -Wl,-no_warn_duplicate_libraries -Wl,-no_warn_duplicate_libraries -Wl,-no_warn_duplicate_libraries -Wl,-no_warn_duplicate_libraries -Wl,-no_warn_duplicate_libraries -Wl,-no_warn_duplicate_libraries -Wl,-no_warn_duplicate_libraries -Wl,-no_warn_duplicate_libraries -Wl,-no_warn_duplicate_libraries -Wl,-no_warn_duplicate_libraries -Wl,-no_warn_duplicate_libraries -Wl,-no_warn_duplicate_libraries -Wl,-no_warn_duplicate_libraries -Wl,-no_warn_duplicate_libraries -Wl,-no_warn_duplicate_libraries -Wl,-no_warn_duplicate_libraries -Wl,-no_warn_duplicate_libraries -Wl,-no_warn_duplicate_libraries -Wl,-no_warn_duplicate_libraries -Wl,-no_warn_duplicate_libraries -Wl,-no_warn_duplicate_libraries -Xlinker -alias -Xlinker _main -Xlinker ___debug_main_executable_dylib_entry_point -framework Diagnostics -framework Sparkle -Xlinker -no_adhoc_codesign -o /Users/steipete/Library/Developer/Xcode/DerivedData/CodeLooper-crrddjihwjtfkwegrjrymctnfixv/Build/Products/Debug/CodeLooper.app/Contents/MacOS/CodeLooper.debug.dylib -Xlinker -add_ast_path -Xlinker /Users/steipete/Library/Developer/Xcode/DerivedData/CodeLooper-crrddjihwjtfkwegrjrymctnfixv/Build/Intermediates.noindex/Defaults.build/Debug/Defaults.build/Objects-normal/arm64/Defaults.swiftmodule @/Users/steipete/Library/Developer/Xcode/DerivedData/CodeLooper-crrddjihwjtfkwegrjrymctnfixv/Build/Intermediates.noindex/Defaults.build/Debug/Defaults.build/Objects-normal/arm64/Defaults-linker-args.resp -Xlinker -add_ast_path -Xlinker /Users/steipete/Library/Developer/Xcode/DerivedData/CodeLooper-crrddjihwjtfkwegrjrymctnfixv/Build/Intermediates.noindex/KeychainAccess.build/Debug/KeychainAccess.build/Objects-normal/arm64/KeychainAccess.swiftmodule @/Users/steipete/Library/Developer/Xcode/DerivedData/CodeLooper-crrddjihwjtfkwegrjrymctnfixv/Build/Intermediates.noindex/KeychainAccess.build/Debug/KeychainAccess.build/Objects-normal/arm64/KeychainAccess-linker-args.resp -Xlinker -add_ast_path -Xlinker /Users/steipete/Library/Developer/Xcode/DerivedData/CodeLooper-crrddjihwjtfkwegrjrymctnfixv/Build/Intermediates.noindex/swiftui-introspect.build/Debug/SwiftUIIntrospect.build/Objects-normal/arm64/SwiftUIIntrospect.swiftmodule @/Users/steipete/Library/Developer/Xcode/DerivedData/CodeLooper-crrddjihwjtfkwegrjrymctnfixv/Build/Intermediates.noindex/swiftui-introspect.build/Debug/SwiftUIIntrospect.build/Objects-normal/arm64/SwiftUIIntrospect-linker-args.resp -Xlinker -add_ast_path -Xlinker /Users/steipete/Library/Developer/Xcode/DerivedData/CodeLooper-crrddjihwjtfkwegrjrymctnfixv/Build/Intermediates.noindex/swift-log.build/Debug/Logging.build/Objects-normal/arm64/Logging.swiftmodule @/Users/steipete/Library/Developer/Xcode/DerivedData/CodeLooper-crrddjihwjtfkwegrjrymctnfixv/Build/Intermediates.noindex/swift-log.build/Debug/Logging.build/Objects-normal/arm64/Logging-linker-args.resp -Xlinker -add_ast_path -Xlinker /Users/steipete/Library/Developer/Xcode/DerivedData/CodeLooper-crrddjihwjtfkwegrjrymctnfixv/Build/Intermediates.noindex/axPackage.build/Debug/AXorcist.build/Objects-normal/arm64/AXorcist.swiftmodule @/Users/steipete/Library/Developer/Xcode/DerivedData/CodeLooper-crrddjihwjtfkwegrjrymctnfixv/Build/Intermediates.noindex/axPackage.build/Debug/AXorcist.build/Objects-normal/arm64/AXorcist-linker-args.resp -Xlinker -add_ast_path -Xlinker /Users/steipete/Library/Developer/Xcode/DerivedData/CodeLooper-crrddjihwjtfkwegrjrymctnfixv/Build/Intermediates.noindex/AXpector.build/Debug/AXpector.build/Objects-normal/arm64/AXpector.swiftmodule @/Users/steipete/Library/Developer/Xcode/DerivedData/CodeLooper-crrddjihwjtfkwegrjrymctnfixv/Build/Intermediates.noindex/AXpector.build/Debug/AXpector.build/Objects-normal/arm64/AXpector-linker-args.resp -Xlinker -add_ast_path -Xlinker /Users/steipete/Library/Developer/Xcode/DerivedData/CodeLooper-crrddjihwjtfkwegrjrymctnfixv/Build/Intermediates.noindex/DesignSystem.build/Debug/DesignSystem.build/Objects-normal/arm64/DesignSystem.swiftmodule @/Users/steipete/Library/Developer/Xcode/DerivedData/CodeLooper-crrddjihwjtfkwegrjrymctnfixv/Build/Intermediates.noindex/DesignSystem.build/Debug/DesignSystem.build/Objects-normal/arm64/DesignSystem-linker-args.resp -Xlinker -add_ast_path -Xlinker /Users/steipete/Library/Developer/Xcode/DerivedData/CodeLooper-crrddjihwjtfkwegrjrymctnfixv/Build/Intermediates.noindex/KeyboardShortcuts.build/Debug/KeyboardShortcuts.build/Objects-normal/arm64/KeyboardShortcuts.swiftmodule @/Users/steipete/Library/Developer/Xcode/DerivedData/CodeLooper-crrddjihwjtfkwegrjrymctnfixv/Build/Intermediates.noindex/KeyboardShortcuts.build/Debug/KeyboardShortcuts.build/Objects-normal/arm64/KeyboardShortcuts-linker-args.resp -Xlinker -add_ast_path -Xlinker /Users/steipete/Library/Developer/Xcode/DerivedData/CodeLooper-crrddjihwjtfkwegrjrymctnfixv/Build/Intermediates.noindex/MenuBarExtraAccess.build/Debug/MenuBarExtraAccess.build/Objects-normal/arm64/MenuBarExtraAccess.swiftmodule @/Users/steipete/Library/Developer/Xcode/DerivedData/CodeLooper-crrddjihwjtfkwegrjrymctnfixv/Build/Intermediates.noindex/MenuBarExtraAccess.build/Debug/MenuBarExtraAccess.build/Objects-normal/arm64/MenuBarExtraAccess-linker-args.resp -Xlinker -add_ast_path -Xlinker /Users/steipete/Library/Developer/Xcode/DerivedData/CodeLooper-crrddjihwjtfkwegrjrymctnfixv/Build/Intermediates.noindex/OpenAI.build/Debug/OpenAI.build/Objects-normal/arm64/OpenAI.swiftmodule @/Users/steipete/Library/Developer/Xcode/DerivedData/CodeLooper-crrddjihwjtfkwegrjrymctnfixv/Build/Intermediates.noindex/OpenAI.build/Debug/OpenAI.build/Objects-normal/arm64/OpenAI-linker-args.resp -Xlinker -add_ast_path -Xlinker /Users/steipete/Library/Developer/Xcode/DerivedData/CodeLooper-crrddjihwjtfkwegrjrymctnfixv/Build/Intermediates.noindex/swift-openapi-runtime.build/Debug/OpenAPIRuntime.build/Objects-normal/arm64/OpenAPIRuntime.swiftmodule @/Users/steipete/Library/Developer/Xcode/DerivedData/CodeLooper-crrddjihwjtfkwegrjrymctnfixv/Build/Intermediates.noindex/swift-openapi-runtime.build/Debug/OpenAPIRuntime.build/Objects-normal/arm64/OpenAPIRuntime-linker-args.resp -Xlinker -add_ast_path -Xlinker /Users/steipete/Library/Developer/Xcode/DerivedData/CodeLooper-crrddjihwjtfkwegrjrymctnfixv/Build/Intermediates.noindex/swift-http-types.build/Debug/HTTPTypes.build/Objects-normal/arm64/HTTPTypes.swiftmodule @/Users/steipete/Library/Developer/Xcode/DerivedData/CodeLooper-crrddjihwjtfkwegrjrymctnfixv/Build/Intermediates.noindex/swift-http-types.build/Debug/HTTPTypes.build/Objects-normal/arm64/HTTPTypes-linker-args.resp -Xlinker -add_ast_path -Xlinker /Users/steipete/Library/Developer/Xcode/DerivedData/CodeLooper-crrddjihwjtfkwegrjrymctnfixv/Build/Intermediates.noindex/Ollama.build/Debug/Ollama.build/Objects-normal/arm64/Ollama.swiftmodule @/Users/steipete/Library/Developer/Xcode/DerivedData/CodeLooper-crrddjihwjtfkwegrjrymctnfixv/Build/Intermediates.noindex/Ollama.build/Debug/Ollama.build/Objects-normal/arm64/Ollama-linker-args.resp -Xlinker -add_ast_path -Xlinker /Users/steipete/Library/Developer/Xcode/DerivedData/CodeLooper-crrddjihwjtfkwegrjrymctnfixv/Build/Intermediates.noindex/Demark.build/Debug/Demark.build/Objects-normal/arm64/Demark.swiftmodule @/Users/steipete/Library/Developer/Xcode/DerivedData/CodeLooper-crrddjihwjtfkwegrjrymctnfixv/Build/Intermediates.noindex/Demark.build/Debug/Demark.build/Objects-normal/arm64/Demark-linker-args.resp -Xlinker -add_ast_path -Xlinker /Users/steipete/Library/Developer/Xcode/DerivedData/CodeLooper-crrddjihwjtfkwegrjrymctnfixv/Build/Intermediates.noindex/hummingbird.build/Debug/Hummingbird.build/Objects-normal/arm64/Hummingbird.swiftmodule @/Users/steipete/Library/Developer/Xcode/DerivedData/CodeLooper-crrddjihwjtfkwegrjrymctnfixv/Build/Intermediates.noindex/hummingbird.build/Debug/Hummingbird.build/Objects-normal/arm64/Hummingbird-linker-args.resp -Xlinker -add_ast_path -Xlinker /Users/steipete/Library/Developer/Xcode/DerivedData/CodeLooper-crrddjihwjtfkwegrjrymctnfixv/Build/Intermediates.noindex/swift-async-algorithms.build/Debug/AsyncAlgorithms.build/Objects-normal/arm64/AsyncAlgorithms.swiftmodule @/Users/steipete/Library/Developer/Xcode/DerivedData/CodeLooper-crrddjihwjtfkwegrjrymctnfixv/Build/Intermediates.noindex/swift-async-algorithms.build/Debug/AsyncAlgorithms.build/Objects-normal/arm64/AsyncAlgorithms-linker-args.resp -Xlinker -add_ast_path -Xlinker /Users/steipete/Library/Developer/Xcode/DerivedData/CodeLooper-crrddjihwjtfkwegrjrymctnfixv/Build/Intermediates.noindex/swift-collections.build/Debug/OrderedCollections.build/Objects-normal/arm64/OrderedCollections.swiftmodule @/Users/steipete/Library/Developer/Xcode/DerivedData/CodeLooper-crrddjihwjtfkwegrjrymctnfixv/Build/Intermediates.noindex/swift-collections.build/Debug/OrderedCollections.build/Objects-normal/arm64/OrderedCollections-linker-args.resp -Xlinker -add_ast_path -Xlinker /Users/steipete/Library/Developer/Xcode/DerivedData/CodeLooper-crrddjihwjtfkwegrjrymctnfixv/Build/Intermediates.noindex/swift-collections.build/Debug/InternalCollectionsUtilities.build/Objects-normal/arm64/InternalCollectionsUtilities.swiftmodule @/Users/steipete/Library/Developer/Xcode/DerivedData/CodeLooper-crrddjihwjtfkwegrjrymctnfixv/Build/Intermediates.noindex/swift-collections.build/Debug/InternalCollectionsUtilities.build/Objects-normal/arm64/InternalCollectionsUtilities-linker-args.resp -Xlinker -add_ast_path -Xlinker /Users/steipete/Library/Developer/Xcode/DerivedData/CodeLooper-crrddjihwjtfkwegrjrymctnfixv/Build/Intermediates.noindex/swift-collections.build/Debug/DequeModule.build/Objects-normal/arm64/DequeModule.swiftmodule @/Users/steipete/Library/Developer/Xcode/DerivedData/CodeLooper-crrddjihwjtfkwegrjrymctnfixv/Build/Intermediates.noindex/swift-collections.build/Debug/DequeModule.build/Objects-normal/arm64/DequeModule-linker-args.resp -Xlinker -add_ast_path -Xlinker /Users/steipete/Library/Developer/Xcode/DerivedData/CodeLooper-crrddjihwjtfkwegrjrymctnfixv/Build/Intermediates.noindex/swift-collections.build/Debug/Collections.build/Objects-normal/arm64/Collections.swiftmodule @/Users/steipete/Library/Developer/Xcode/DerivedData/CodeLooper-crrddjihwjtfkwegrjrymctnfixv/Build/Intermediates.noindex/swift-collections.build/Debug/Collections.build/Objects-normal/arm64/Collections-linker-args.resp -Xlinker -add_ast_path -Xlinker /Users/steipete/Library/Developer/Xcode/DerivedData/CodeLooper-crrddjihwjtfkwegrjrymctnfixv/Build/Intermediates.noindex/swift-collections.build/Debug/BitCollections.build/Objects-normal/arm64/BitCollections.swiftmodule @/Users/steipete/Library/Developer/Xcode/DerivedData/CodeLooper-crrddjihwjtfkwegrjrymctnfixv/Build/Intermediates.noindex/swift-collections.build/Debug/BitCollections.build/Objects-normal/arm64/BitCollections-linker-args.resp -Xlinker -add_ast_path -Xlinker /Users/steipete/Library/Developer/Xcode/DerivedData/CodeLooper-crrddjihwjtfkwegrjrymctnfixv/Build/Intermediates.noindex/swift-collections.build/Debug/HashTreeCollections.build/Objects-normal/arm64/HashTreeCollections.swiftmodule @/Users/steipete/Library/Developer/Xcode/DerivedData/CodeLooper-crrddjihwjtfkwegrjrymctnfixv/Build/Intermediates.noindex/swift-collections.build/Debug/HashTreeCollections.build/Objects-normal/arm64/HashTreeCollections-linker-args.resp -Xlinker -add_ast_path -Xlinker /Users/steipete/Library/Developer/Xcode/DerivedData/CodeLooper-crrddjihwjtfkwegrjrymctnfixv/Build/Intermediates.noindex/swift-collections.build/Debug/HeapModule.build/Objects-normal/arm64/HeapModule.swiftmodule @/Users/steipete/Library/Developer/Xcode/DerivedData/CodeLooper-crrddjihwjtfkwegrjrymctnfixv/Build/Intermediates.noindex/swift-collections.build/Debug/HeapModule.build/Objects-normal/arm64/HeapModule-linker-args.resp -Xlinker -add_ast_path -Xlinker /Users/steipete/Library/Developer/Xcode/DerivedData/CodeLooper-crrddjihwjtfkwegrjrymctnfixv/Build/Intermediates.noindex/swift-collections.build/Debug/_RopeModule.build/Objects-normal/arm64/_RopeModule.swiftmodule @/Users/steipete/Library/Developer/Xcode/DerivedData/CodeLooper-crrddjihwjtfkwegrjrymctnfixv/Build/Intermediates.noindex/swift-collections.build/Debug/_RopeModule.build/Objects-normal/arm64/_RopeModule-linker-args.resp -Xlinker -add_ast_path -Xlinker /Users/steipete/Library/Developer/Xcode/DerivedData/CodeLooper-crrddjihwjtfkwegrjrymctnfixv/Build/Intermediates.noindex/swift-nio.build/Debug/NIOCore.build/Objects-normal/arm64/NIOCore.swiftmodule @/Users/steipete/Library/Developer/Xcode/DerivedData/CodeLooper-crrddjihwjtfkwegrjrymctnfixv/Build/Intermediates.noindex/swift-nio.build/Debug/NIOCore.build/Objects-normal/arm64/NIOCore-linker-args.resp -Xlinker -add_ast_path -Xlinker /Users/steipete/Library/Developer/Xcode/DerivedData/CodeLooper-crrddjihwjtfkwegrjrymctnfixv/Build/Intermediates.noindex/swift-nio.build/Debug/NIOConcurrencyHelpers.build/Objects-normal/arm64/NIOConcurrencyHelpers.swiftmodule @/Users/steipete/Library/Developer/Xcode/DerivedData/CodeLooper-crrddjihwjtfkwegrjrymctnfixv/Build/Intermediates.noindex/swift-nio.build/Debug/NIOConcurrencyHelpers.build/Objects-normal/arm64/NIOConcurrencyHelpers-linker-args.resp -Xlinker -add_ast_path -Xlinker /Users/steipete/Library/Developer/Xcode/DerivedData/CodeLooper-crrddjihwjtfkwegrjrymctnfixv/Build/Intermediates.noindex/swift-nio.build/Debug/_NIOBase64.build/Objects-normal/arm64/_NIOBase64.swiftmodule @/Users/steipete/Library/Developer/Xcode/DerivedData/CodeLooper-crrddjihwjtfkwegrjrymctnfixv/Build/Intermediates.noindex/swift-nio.build/Debug/_NIOBase64.build/Objects-normal/arm64/_NIOBase64-linker-args.resp -Xlinker -add_ast_path -Xlinker /Users/steipete/Library/Developer/Xcode/DerivedData/CodeLooper-crrddjihwjtfkwegrjrymctnfixv/Build/Intermediates.noindex/swift-nio.build/Debug/_NIODataStructures.build/Objects-normal/arm64/_NIODataStructures.swiftmodule @/Users/steipete/Library/Developer/Xcode/DerivedData/CodeLooper-crrddjihwjtfkwegrjrymctnfixv/Build/Intermediates.noindex/swift-nio.build/Debug/_NIODataStructures.build/Objects-normal/arm64/_NIODataStructures-linker-args.resp -Xlinker -add_ast_path -Xlinker /Users/steipete/Library/Developer/Xcode/DerivedData/CodeLooper-crrddjihwjtfkwegrjrymctnfixv/Build/Intermediates.noindex/swift-atomics.build/Debug/Atomics.build/Objects-normal/arm64/Atomics.swiftmodule @/Users/steipete/Library/Developer/Xcode/DerivedData/CodeLooper-crrddjihwjtfkwegrjrymctnfixv/Build/Intermediates.noindex/swift-atomics.build/Debug/Atomics.build/Objects-normal/arm64/Atomics-linker-args.resp -Xlinker -add_ast_path -Xlinker /Users/steipete/Library/Developer/Xcode/DerivedData/CodeLooper-crrddjihwjtfkwegrjrymctnfixv/Build/Intermediates.noindex/swift-nio-extras.build/Debug/NIOHTTPTypes.build/Objects-normal/arm64/NIOHTTPTypes.swiftmodule @/Users/steipete/Library/Developer/Xcode/DerivedData/CodeLooper-crrddjihwjtfkwegrjrymctnfixv/Build/Intermediates.noindex/swift-nio-extras.build/Debug/NIOHTTPTypes.build/Objects-normal/arm64/NIOHTTPTypes-linker-args.resp -Xlinker -add_ast_path -Xlinker /Users/steipete/Library/Developer/Xcode/DerivedData/CodeLooper-crrddjihwjtfkwegrjrymctnfixv/Build/Intermediates.noindex/swift-nio-extras.build/Debug/NIOHTTPTypesHTTP1.build/Objects-normal/arm64/NIOHTTPTypesHTTP1.swiftmodule @/Users/steipete/Library/Developer/Xcode/DerivedData/CodeLooper-crrddjihwjtfkwegrjrymctnfixv/Build/Intermediates.noindex/swift-nio-extras.build/Debug/NIOHTTPTypesHTTP1.build/Objects-normal/arm64/NIOHTTPTypesHTTP1-linker-args.resp -Xlinker -add_ast_path -Xlinker /Users/steipete/Library/Developer/Xcode/DerivedData/CodeLooper-crrddjihwjtfkwegrjrymctnfixv/Build/Intermediates.noindex/swift-nio.build/Debug/NIOHTTP1.build/Objects-normal/arm64/NIOHTTP1.swiftmodule @/Users/steipete/Library/Developer/Xcode/DerivedData/CodeLooper-crrddjihwjtfkwegrjrymctnfixv/Build/Intermediates.noindex/swift-nio.build/Debug/NIOHTTP1.build/Objects-normal/arm64/NIOHTTP1-linker-args.resp -Xlinker -add_ast_path -Xlinker /Users/steipete/Library/Developer/Xcode/DerivedData/CodeLooper-crrddjihwjtfkwegrjrymctnfixv/Build/Intermediates.noindex/swift-nio.build/Debug/NIOEmbedded.build/Objects-normal/arm64/NIOEmbedded.swiftmodule @/Users/steipete/Library/Developer/Xcode/DerivedData/CodeLooper-crrddjihwjtfkwegrjrymctnfixv/Build/Intermediates.noindex/swift-nio.build/Debug/NIOEmbedded.build/Objects-normal/arm64/NIOEmbedded-linker-args.resp -Xlinker -add_ast_path -Xlinker /Users/steipete/Library/Developer/Xcode/DerivedData/CodeLooper-crrddjihwjtfkwegrjrymctnfixv/Build/Intermediates.noindex/swift-nio.build/Debug/NIOPosix.build/Objects-normal/arm64/NIOPosix.swiftmodule @/Users/steipete/Library/Developer/Xcode/DerivedData/CodeLooper-crrddjihwjtfkwegrjrymctnfixv/Build/Intermediates.noindex/swift-nio.build/Debug/NIOPosix.build/Objects-normal/arm64/NIOPosix-linker-args.resp -Xlinker -add_ast_path -Xlinker /Users/steipete/Library/Developer/Xcode/DerivedData/CodeLooper-crrddjihwjtfkwegrjrymctnfixv/Build/Intermediates.noindex/swift-nio.build/Debug/NIO.build/Objects-normal/arm64/NIO.swiftmodule @/Users/steipete/Library/Developer/Xcode/DerivedData/CodeLooper-crrddjihwjtfkwegrjrymctnfixv/Build/Intermediates.noindex/swift-nio.build/Debug/NIO.build/Objects-normal/arm64/NIO-linker-args.resp -Xlinker -add_ast_path -Xlinker /Users/steipete/Library/Developer/Xcode/DerivedData/CodeLooper-crrddjihwjtfkwegrjrymctnfixv/Build/Intermediates.noindex/swift-nio-extras.build/Debug/NIOExtras.build/Objects-normal/arm64/NIOExtras.swiftmodule @/Users/steipete/Library/Developer/Xcode/DerivedData/CodeLooper-crrddjihwjtfkwegrjrymctnfixv/Build/Intermediates.noindex/swift-nio-extras.build/Debug/NIOExtras.build/Objects-normal/arm64/NIOExtras-linker-args.resp -Xlinker -add_ast_path -Xlinker /Users/steipete/Library/Developer/Xcode/DerivedData/CodeLooper-crrddjihwjtfkwegrjrymctnfixv/Build/Intermediates.noindex/swift-nio-transport-services.build/Debug/NIOTransportServices.build/Objects-normal/arm64/NIOTransportServices.swiftmodule @/Users/steipete/Library/Developer/Xcode/DerivedData/CodeLooper-crrddjihwjtfkwegrjrymctnfixv/Build/Intermediates.noindex/swift-nio-transport-services.build/Debug/NIOTransportServices.build/Objects-normal/arm64/NIOTransportServices-linker-args.resp -Xlinker -add_ast_path -Xlinker /Users/steipete/Library/Developer/Xcode/DerivedData/CodeLooper-crrddjihwjtfkwegrjrymctnfixv/Build/Intermediates.noindex/swift-nio.build/Debug/NIOFoundationCompat.build/Objects-normal/arm64/NIOFoundationCompat.swiftmodule @/Users/steipete/Library/Developer/Xcode/DerivedData/CodeLooper-crrddjihwjtfkwegrjrymctnfixv/Build/Intermediates.noindex/swift-nio.build/Debug/NIOFoundationCompat.build/Objects-normal/arm64/NIOFoundationCompat-linker-args.resp -Xlinker -add_ast_path -Xlinker /Users/steipete/Library/Developer/Xcode/DerivedData/CodeLooper-crrddjihwjtfkwegrjrymctnfixv/Build/Intermediates.noindex/swift-nio.build/Debug/NIOTLS.build/Objects-normal/arm64/NIOTLS.swiftmodule @/Users/steipete/Library/Developer/Xcode/DerivedData/CodeLooper-crrddjihwjtfkwegrjrymctnfixv/Build/Intermediates.noindex/swift-nio.build/Debug/NIOTLS.build/Objects-normal/arm64/NIOTLS-linker-args.resp -Xlinker -add_ast_path -Xlinker /Users/steipete/Library/Developer/Xcode/DerivedData/CodeLooper-crrddjihwjtfkwegrjrymctnfixv/Build/Intermediates.noindex/swift-service-lifecycle.build/Debug/ServiceLifecycle.build/Objects-normal/arm64/ServiceLifecycle.swiftmodule @/Users/steipete/Library/Developer/Xcode/DerivedData/CodeLooper-crrddjihwjtfkwegrjrymctnfixv/Build/Intermediates.noindex/swift-service-lifecycle.build/Debug/ServiceLifecycle.build/Objects-normal/arm64/ServiceLifecycle-linker-args.resp -Xlinker -add_ast_path -Xlinker /Users/steipete/Library/Developer/Xcode/DerivedData/CodeLooper-crrddjihwjtfkwegrjrymctnfixv/Build/Intermediates.noindex/swift-service-lifecycle.build/Debug/ConcurrencyHelpers.build/Objects-normal/arm64/ConcurrencyHelpers.swiftmodule @/Users/steipete/Library/Developer/Xcode/DerivedData/CodeLooper-crrddjihwjtfkwegrjrymctnfixv/Build/Intermediates.noindex/swift-service-lifecycle.build/Debug/ConcurrencyHelpers.build/Objects-normal/arm64/ConcurrencyHelpers-linker-args.resp -Xlinker -add_ast_path -Xlinker /Users/steipete/Library/Developer/Xcode/DerivedData/CodeLooper-crrddjihwjtfkwegrjrymctnfixv/Build/Intermediates.noindex/swift-service-lifecycle.build/Debug/UnixSignals.build/Objects-normal/arm64/UnixSignals.swiftmodule @/Users/steipete/Library/Developer/Xcode/DerivedData/CodeLooper-crrddjihwjtfkwegrjrymctnfixv/Build/Intermediates.noindex/swift-service-lifecycle.build/Debug/UnixSignals.build/Objects-normal/arm64/UnixSignals-linker-args.resp -Xlinker -add_ast_path -Xlinker /Users/steipete/Library/Developer/Xcode/DerivedData/CodeLooper-crrddjihwjtfkwegrjrymctnfixv/Build/Intermediates.noindex/hummingbird.build/Debug/HummingbirdCore.build/Objects-normal/arm64/HummingbirdCore.swiftmodule @/Users/steipete/Library/Developer/Xcode/DerivedData/CodeLooper-crrddjihwjtfkwegrjrymctnfixv/Build/Intermediates.noindex/hummingbird.build/Debug/HummingbirdCore.build/Objects-normal/arm64/HummingbirdCore-linker-args.resp -Xlinker -add_ast_path -Xlinker /Users/steipete/Library/Developer/Xcode/DerivedData/CodeLooper-crrddjihwjtfkwegrjrymctnfixv/Build/Intermediates.noindex/swift-metrics.build/Debug/Metrics.build/Objects-normal/arm64/Metrics.swiftmodule @/Users/steipete/Library/Developer/Xcode/DerivedData/CodeLooper-crrddjihwjtfkwegrjrymctnfixv/Build/Intermediates.noindex/swift-metrics.build/Debug/Metrics.build/Objects-normal/arm64/Metrics-linker-args.resp -Xlinker -add_ast_path -Xlinker /Users/steipete/Library/Developer/Xcode/DerivedData/CodeLooper-crrddjihwjtfkwegrjrymctnfixv/Build/Intermediates.noindex/swift-metrics.build/Debug/CoreMetrics.build/Objects-normal/arm64/CoreMetrics.swiftmodule @/Users/steipete/Library/Developer/Xcode/DerivedData/CodeLooper-crrddjihwjtfkwegrjrymctnfixv/Build/Intermediates.noindex/swift-metrics.build/Debug/CoreMetrics.build/Objects-normal/arm64/CoreMetrics-linker-args.resp -Xlinker -add_ast_path -Xlinker /Users/steipete/Library/Developer/Xcode/DerivedData/CodeLooper-crrddjihwjtfkwegrjrymctnfixv/Build/Intermediates.noindex/swift-distributed-tracing.build/Debug/Tracing.build/Objects-normal/arm64/Tracing.swiftmodule @/Users/steipete/Library/Developer/Xcode/DerivedData/CodeLooper-crrddjihwjtfkwegrjrymctnfixv/Build/Intermediates.noindex/swift-distributed-tracing.build/Debug/Tracing.build/Objects-normal/arm64/Tracing-linker-args.resp -Xlinker -add_ast_path -Xlinker /Users/steipete/Library/Developer/Xcode/DerivedData/CodeLooper-crrddjihwjtfkwegrjrymctnfixv/Build/Intermediates.noindex/swift-service-context.build/Debug/ServiceContextModule.build/Objects-normal/arm64/ServiceContextModule.swiftmodule @/Users/steipete/Library/Developer/Xcode/DerivedData/CodeLooper-crrddjihwjtfkwegrjrymctnfixv/Build/Intermediates.noindex/swift-service-context.build/Debug/ServiceContextModule.build/Objects-normal/arm64/ServiceContextModule-linker-args.resp -Xlinker -add_ast_path -Xlinker /Users/steipete/Library/Developer/Xcode/DerivedData/CodeLooper-crrddjihwjtfkwegrjrymctnfixv/Build/Intermediates.noindex/swift-distributed-tracing.build/Debug/Instrumentation.build/Objects-normal/arm64/Instrumentation.swiftmodule @/Users/steipete/Library/Developer/Xcode/DerivedData/CodeLooper-crrddjihwjtfkwegrjrymctnfixv/Build/Intermediates.noindex/swift-distributed-tracing.build/Debug/Instrumentation.build/Objects-normal/arm64/Instrumentation-linker-args.resp

ConstructStubExecutorLinkFileList /Users/steipete/Library/Developer/Xcode/DerivedData/CodeLooper-crrddjihwjtfkwegrjrymctnfixv/Build/Intermediates.noindex/CodeLooper.build/Debug/CodeLooper.build/CodeLooper-ExecutorLinkFileList-normal-arm64.txt (in target 'CodeLooper' from project 'CodeLooper')
    cd /Users/steipete/Projects/CodeLooper
    construct-stub-executor-link-file-list /Users/steipete/Library/Developer/Xcode/DerivedData/CodeLooper-crrddjihwjtfkwegrjrymctnfixv/Build/Products/Debug/CodeLooper.app/Contents/MacOS/CodeLooper.debug.dylib /Applications/Xcode-beta.app/Contents/Developer/Platforms/MacOSX.platform/Developer/usr/lib/libPreviewsJITStubExecutor_no_swift_entry_point.a /Applications/Xcode-beta.app/Contents/Developer/Platforms/MacOSX.platform/Developer/usr/lib/libPreviewsJITStubExecutor.a --output /Users/steipete/Library/Developer/Xcode/DerivedData/CodeLooper-crrddjihwjtfkwegrjrymctnfixv/Build/Intermediates.noindex/CodeLooper.build/Debug/CodeLooper.build/CodeLooper-ExecutorLinkFileList-normal-arm64.txt
note: Using stub executor library with Swift entry point. (in target 'CodeLooper' from project 'CodeLooper')

Ld /Users/steipete/Library/Developer/Xcode/DerivedData/CodeLooper-crrddjihwjtfkwegrjrymctnfixv/Build/Products/Debug/CodeLooper.app/Contents/MacOS/CodeLooper normal (in target 'CodeLooper' from project 'CodeLooper')
    cd /Users/steipete/Projects/CodeLooper
    /Applications/Xcode-beta.app/Contents/Developer/Toolchains/XcodeDefault.xctoolchain/usr/bin/clang -Xlinker -reproducible -target arm64-apple-macos14.0 -isysroot /Applications/Xcode-beta.app/Contents/Developer/Platforms/MacOSX.platform/Developer/SDKs/MacOSX26.0.sdk -O0 -L/Users/steipete/Library/Developer/Xcode/DerivedData/CodeLooper-crrddjihwjtfkwegrjrymctnfixv/Build/Products/Debug -F/Users/steipete/Library/Developer/Xcode/DerivedData/CodeLooper-crrddjihwjtfkwegrjrymctnfixv/Build/Products/Debug/PackageFrameworks -F/Users/steipete/Library/Developer/Xcode/DerivedData/CodeLooper-crrddjihwjtfkwegrjrymctnfixv/Build/Products/Debug/PackageFrameworks -F/Users/steipete/Library/Developer/Xcode/DerivedData/CodeLooper-crrddjihwjtfkwegrjrymctnfixv/Build/Products/Debug/PackageFrameworks -F/Users/steipete/Library/Developer/Xcode/DerivedData/CodeLooper-crrddjihwjtfkwegrjrymctnfixv/Build/Products/Debug/PackageFrameworks -F/Users/steipete/Library/Developer/Xcode/DerivedData/CodeLooper-crrddjihwjtfkwegrjrymctnfixv/Build/Products/Debug/PackageFrameworks -F/Users/steipete/Library/Developer/Xcode/DerivedData/CodeLooper-crrddjihwjtfkwegrjrymctnfixv/Build/Products/Debug/PackageFrameworks -F/Users/steipete/Library/Developer/Xcode/DerivedData/CodeLooper-crrddjihwjtfkwegrjrymctnfixv/Build/Products/Debug/PackageFrameworks -F/Users/steipete/Library/Developer/Xcode/DerivedData/CodeLooper-crrddjihwjtfkwegrjrymctnfixv/Build/Products/Debug/PackageFrameworks -F/Users/steipete/Library/Developer/Xcode/DerivedData/CodeLooper-crrddjihwjtfkwegrjrymctnfixv/Build/Products/Debug/PackageFrameworks -F/Users/steipete/Library/Developer/Xcode/DerivedData/CodeLooper-crrddjihwjtfkwegrjrymctnfixv/Build/Products/Debug/PackageFrameworks -F/Users/steipete/Library/Developer/Xcode/DerivedData/CodeLooper-crrddjihwjtfkwegrjrymctnfixv/Build/Products/Debug/PackageFrameworks -F/Users/steipete/Library/Developer/Xcode/DerivedData/CodeLooper-crrddjihwjtfkwegrjrymctnfixv/Build/Products/Debug/PackageFrameworks -F/Users/steipete/Library/Developer/Xcode/DerivedData/CodeLooper-crrddjihwjtfkwegrjrymctnfixv/Build/Products/Debug/PackageFrameworks -F/Users/steipete/Library/Developer/Xcode/DerivedData/CodeLooper-crrddjihwjtfkwegrjrymctnfixv/Build/Products/Debug/PackageFrameworks -F/Users/steipete/Library/Developer/Xcode/DerivedData/CodeLooper-crrddjihwjtfkwegrjrymctnfixv/Build/Products/Debug/PackageFrameworks -F/Users/steipete/Library/Developer/Xcode/DerivedData/CodeLooper-crrddjihwjtfkwegrjrymctnfixv/Build/Products/Debug/PackageFrameworks -F/Users/steipete/Library/Developer/Xcode/DerivedData/CodeLooper-crrddjihwjtfkwegrjrymctnfixv/Build/Products/Debug/PackageFrameworks -F/Users/steipete/Library/Developer/Xcode/DerivedData/CodeLooper-crrddjihwjtfkwegrjrymctnfixv/Build/Products/Debug/PackageFrameworks -F/Users/steipete/Library/Developer/Xcode/DerivedData/CodeLooper-crrddjihwjtfkwegrjrymctnfixv/Build/Products/Debug/PackageFrameworks -F/Users/steipete/Library/Developer/Xcode/DerivedData/CodeLooper-crrddjihwjtfkwegrjrymctnfixv/Build/Products/Debug/PackageFrameworks -F/Users/steipete/Library/Developer/Xcode/DerivedData/CodeLooper-crrddjihwjtfkwegrjrymctnfixv/Build/Products/Debug/PackageFrameworks -F/Users/steipete/Library/Developer/Xcode/DerivedData/CodeLooper-crrddjihwjtfkwegrjrymctnfixv/Build/Products/Debug/PackageFrameworks -F/Users/steipete/Library/Developer/Xcode/DerivedData/CodeLooper-crrddjihwjtfkwegrjrymctnfixv/Build/Products/Debug/PackageFrameworks -F/Users/steipete/Library/Developer/Xcode/DerivedData/CodeLooper-crrddjihwjtfkwegrjrymctnfixv/Build/Products/Debug/PackageFrameworks -F/Users/steipete/Library/Developer/Xcode/DerivedData/CodeLooper-crrddjihwjtfkwegrjrymctnfixv/Build/Products/Debug/PackageFrameworks -F/Users/steipete/Library/Developer/Xcode/DerivedData/CodeLooper-crrddjihwjtfkwegrjrymctnfixv/Build/Products/Debug/PackageFrameworks -F/Users/steipete/Library/Developer/Xcode/DerivedData/CodeLooper-crrddjihwjtfkwegrjrymctnfixv/Build/Products/Debug/PackageFrameworks -F/Users/steipete/Library/Developer/Xcode/DerivedData/CodeLooper-crrddjihwjtfkwegrjrymctnfixv/Build/Products/Debug/PackageFrameworks -F/Users/steipete/Library/Developer/Xcode/DerivedData/CodeLooper-crrddjihwjtfkwegrjrymctnfixv/Build/Products/Debug/PackageFrameworks -F/Users/steipete/Library/Developer/Xcode/DerivedData/CodeLooper-crrddjihwjtfkwegrjrymctnfixv/Build/Products/Debug/PackageFrameworks -F/Users/steipete/Library/Developer/Xcode/DerivedData/CodeLooper-crrddjihwjtfkwegrjrymctnfixv/Build/Products/Debug/PackageFrameworks -F/Users/steipete/Library/Developer/Xcode/DerivedData/CodeLooper-crrddjihwjtfkwegrjrymctnfixv/Build/Products/Debug/PackageFrameworks -F/Users/steipete/Library/Developer/Xcode/DerivedData/CodeLooper-crrddjihwjtfkwegrjrymctnfixv/Build/Products/Debug/PackageFrameworks -F/Users/steipete/Library/Developer/Xcode/DerivedData/CodeLooper-crrddjihwjtfkwegrjrymctnfixv/Build/Products/Debug/PackageFrameworks -F/Users/steipete/Library/Developer/Xcode/DerivedData/CodeLooper-crrddjihwjtfkwegrjrymctnfixv/Build/Products/Debug/PackageFrameworks -F/Users/steipete/Library/Developer/Xcode/DerivedData/CodeLooper-crrddjihwjtfkwegrjrymctnfixv/Build/Products/Debug/PackageFrameworks -F/Users/steipete/Library/Developer/Xcode/DerivedData/CodeLooper-crrddjihwjtfkwegrjrymctnfixv/Build/Products/Debug/PackageFrameworks -F/Users/steipete/Library/Developer/Xcode/DerivedData/CodeLooper-crrddjihwjtfkwegrjrymctnfixv/Build/Products/Debug/PackageFrameworks -F/Users/steipete/Library/Developer/Xcode/DerivedData/CodeLooper-crrddjihwjtfkwegrjrymctnfixv/Build/Products/Debug/PackageFrameworks -F/Users/steipete/Library/Developer/Xcode/DerivedData/CodeLooper-crrddjihwjtfkwegrjrymctnfixv/Build/Products/Debug/PackageFrameworks -F/Users/steipete/Library/Developer/Xcode/DerivedData/CodeLooper-crrddjihwjtfkwegrjrymctnfixv/Build/Products/Debug/PackageFrameworks -F/Users/steipete/Library/Developer/Xcode/DerivedData/CodeLooper-crrddjihwjtfkwegrjrymctnfixv/Build/Products/Debug/PackageFrameworks -F/Users/steipete/Library/Developer/Xcode/DerivedData/CodeLooper-crrddjihwjtfkwegrjrymctnfixv/Build/Products/Debug/PackageFrameworks -F/Users/steipete/Library/Developer/Xcode/DerivedData/CodeLooper-crrddjihwjtfkwegrjrymctnfixv/Build/Products/Debug/PackageFrameworks -F/Users/steipete/Library/Developer/Xcode/DerivedData/CodeLooper-crrddjihwjtfkwegrjrymctnfixv/Build/Products/Debug/PackageFrameworks -F/Users/steipete/Library/Developer/Xcode/DerivedData/CodeLooper-crrddjihwjtfkwegrjrymctnfixv/Build/Products/Debug/PackageFrameworks -F/Users/steipete/Library/Developer/Xcode/DerivedData/CodeLooper-crrddjihwjtfkwegrjrymctnfixv/Build/Products/Debug/PackageFrameworks -F/Users/steipete/Library/Developer/Xcode/DerivedData/CodeLooper-crrddjihwjtfkwegrjrymctnfixv/Build/Products/Debug/PackageFrameworks -F/Users/steipete/Library/Developer/Xcode/DerivedData/CodeLooper-crrddjihwjtfkwegrjrymctnfixv/Build/Products/Debug/PackageFrameworks -F/Users/steipete/Library/Developer/Xcode/DerivedData/CodeLooper-crrddjihwjtfkwegrjrymctnfixv/Build/Products/Debug/PackageFrameworks -F/Users/steipete/Library/Developer/Xcode/DerivedData/CodeLooper-crrddjihwjtfkwegrjrymctnfixv/Build/Products/Debug/PackageFrameworks -F/Users/steipete/Library/Developer/Xcode/DerivedData/CodeLooper-crrddjihwjtfkwegrjrymctnfixv/Build/Products/Debug/PackageFrameworks -F/Users/steipete/Library/Developer/Xcode/DerivedData/CodeLooper-crrddjihwjtfkwegrjrymctnfixv/Build/Products/Debug/PackageFrameworks -F/Users/steipete/Library/Developer/Xcode/DerivedData/CodeLooper-crrddjihwjtfkwegrjrymctnfixv/Build/Products/Debug/PackageFrameworks -F/Users/steipete/Library/Developer/Xcode/DerivedData/CodeLooper-crrddjihwjtfkwegrjrymctnfixv/Build/Products/Debug/PackageFrameworks -F/Users/steipete/Library/Developer/Xcode/DerivedData/CodeLooper-crrddjihwjtfkwegrjrymctnfixv/Build/Products/Debug -Xlinker -rpath -Xlinker @executable_path -Xlinker -rpath -Xlinker /Users/steipete/Library/Developer/Xcode/DerivedData/CodeLooper-crrddjihwjtfkwegrjrymctnfixv/Build/Products/Debug/PackageFrameworks -Xlinker -rpath -Xlinker @executable_path/../Frameworks -rdynamic -Xlinker -no_deduplicate -Xlinker -debug_variant -e ___debug_blank_executor_main -Xlinker -sectcreate -Xlinker __TEXT -Xlinker __debug_dylib -Xlinker /Users/steipete/Library/Developer/Xcode/DerivedData/CodeLooper-crrddjihwjtfkwegrjrymctnfixv/Build/Intermediates.noindex/CodeLooper.build/Debug/CodeLooper.build/CodeLooper-DebugDylibPath-normal-arm64.txt -Xlinker -sectcreate -Xlinker __TEXT -Xlinker __debug_instlnm -Xlinker /Users/steipete/Library/Developer/Xcode/DerivedData/CodeLooper-crrddjihwjtfkwegrjrymctnfixv/Build/Intermediates.noindex/CodeLooper.build/Debug/CodeLooper.build/CodeLooper-DebugDylibInstallName-normal-arm64.txt -Xlinker -filelist -Xlinker /Users/steipete/Library/Developer/Xcode/DerivedData/CodeLooper-crrddjihwjtfkwegrjrymctnfixv/Build/Intermediates.noindex/CodeLooper.build/Debug/CodeLooper.build/CodeLooper-ExecutorLinkFileList-normal-arm64.txt /Users/steipete/Library/Developer/Xcode/DerivedData/CodeLooper-crrddjihwjtfkwegrjrymctnfixv/Build/Products/Debug/CodeLooper.app/Contents/MacOS/CodeLooper.debug.dylib -Xlinker -no_adhoc_codesign -o /Users/steipete/Library/Developer/Xcode/DerivedData/CodeLooper-crrddjihwjtfkwegrjrymctnfixv/Build/Products/Debug/CodeLooper.app/Contents/MacOS/CodeLooper

CopySwiftLibs /Users/steipete/Library/Developer/Xcode/DerivedData/CodeLooper-crrddjihwjtfkwegrjrymctnfixv/Build/Products/Debug/CodeLooper.app (in target 'CodeLooper' from project 'CodeLooper')
    cd /Users/steipete/Projects/CodeLooper
    builtin-swiftStdLibTool --copy --verbose --sign B8053E95F02A30D9FDD79E993FCF83E74F94B66E --scan-executable /Users/steipete/Library/Developer/Xcode/DerivedData/CodeLooper-crrddjihwjtfkwegrjrymctnfixv/Build/Products/Debug/CodeLooper.app/Contents/MacOS/CodeLooper.debug.dylib --scan-folder /Users/steipete/Library/Developer/Xcode/DerivedData/CodeLooper-crrddjihwjtfkwegrjrymctnfixv/Build/Products/Debug/CodeLooper.app/Contents/Frameworks --scan-folder /Users/steipete/Library/Developer/Xcode/DerivedData/CodeLooper-crrddjihwjtfkwegrjrymctnfixv/Build/Products/Debug/CodeLooper.app/Contents/PlugIns --scan-folder /Users/steipete/Library/Developer/Xcode/DerivedData/CodeLooper-crrddjihwjtfkwegrjrymctnfixv/Build/Products/Debug/CodeLooper.app/Contents/Library/SystemExtensions --scan-folder /Users/steipete/Library/Developer/Xcode/DerivedData/CodeLooper-crrddjihwjtfkwegrjrymctnfixv/Build/Products/Debug/CodeLooper.app/Contents/Extensions --scan-folder /Users/steipete/Library/Developer/Xcode/DerivedData/CodeLooper-crrddjihwjtfkwegrjrymctnfixv/Build/Products/Debug/Diagnostics.framework --platform macosx --toolchain /Applications/Xcode-beta.app/Contents/Developer/Toolchains/XcodeDefault.xctoolchain --destination /Users/steipete/Library/Developer/Xcode/DerivedData/CodeLooper-crrddjihwjtfkwegrjrymctnfixv/Build/Products/Debug/CodeLooper.app/Contents/Frameworks --strip-bitcode --strip-bitcode-tool /Applications/Xcode-beta.app/Contents/Developer/Toolchains/XcodeDefault.xctoolchain/usr/bin/bitcode_strip --emit-dependency-info /Users/steipete/Library/Developer/Xcode/DerivedData/CodeLooper-crrddjihwjtfkwegrjrymctnfixv/Build/Intermediates.noindex/CodeLooper.build/Debug/CodeLooper.build/SwiftStdLibToolInputDependencies.dep --filter-for-swift-os

ExtractAppIntentsMetadata (in target 'CodeLooper' from project 'CodeLooper')
    cd /Users/steipete/Projects/CodeLooper
    /Applications/Xcode-beta.app/Contents/Developer/Toolchains/XcodeDefault.xctoolchain/usr/bin/appintentsmetadataprocessor --toolchain-dir /Applications/Xcode-beta.app/Contents/Developer/Toolchains/XcodeDefault.xctoolchain --module-name CodeLooper --sdk-root /Applications/Xcode-beta.app/Contents/Developer/Platforms/MacOSX.platform/Developer/SDKs/MacOSX26.0.sdk --xcode-version 17A5241e --platform-family macOS --deployment-target 14.0 --bundle-identifier me.steipete.codelooper --output /Users/steipete/Library/Developer/Xcode/DerivedData/CodeLooper-crrddjihwjtfkwegrjrymctnfixv/Build/Products/Debug/CodeLooper.app/Contents/Resources --target-triple arm64-apple-macos14.0 --binary-file /Users/steipete/Library/Developer/Xcode/DerivedData/CodeLooper-crrddjihwjtfkwegrjrymctnfixv/Build/Products/Debug/CodeLooper.app/Contents/MacOS/CodeLooper --dependency-file /Users/steipete/Library/Developer/Xcode/DerivedData/CodeLooper-crrddjihwjtfkwegrjrymctnfixv/Build/Intermediates.noindex/CodeLooper.build/Debug/CodeLooper.build/Objects-normal/arm64/CodeLooper_dependency_info.dat --stringsdata-file /Users/steipete/Library/Developer/Xcode/DerivedData/CodeLooper-crrddjihwjtfkwegrjrymctnfixv/Build/Intermediates.noindex/CodeLooper.build/Debug/CodeLooper.build/Objects-normal/arm64/ExtractedAppShortcutsMetadata.stringsdata --source-file-list /Users/steipete/Library/Developer/Xcode/DerivedData/CodeLooper-crrddjihwjtfkwegrjrymctnfixv/Build/Intermediates.noindex/CodeLooper.build/Debug/CodeLooper.build/Objects-normal/arm64/CodeLooper.SwiftFileList --metadata-file-list /Users/steipete/Library/Developer/Xcode/DerivedData/CodeLooper-crrddjihwjtfkwegrjrymctnfixv/Build/Intermediates.noindex/CodeLooper.build/Debug/CodeLooper.build/CodeLooper.DependencyMetadataFileList --static-metadata-file-list /Users/steipete/Library/Developer/Xcode/DerivedData/CodeLooper-crrddjihwjtfkwegrjrymctnfixv/Build/Intermediates.noindex/CodeLooper.build/Debug/CodeLooper.build/CodeLooper.DependencyStaticMetadataFileList --swift-const-vals-list /Users/steipete/Library/Developer/Xcode/DerivedData/CodeLooper-crrddjihwjtfkwegrjrymctnfixv/Build/Intermediates.noindex/CodeLooper.build/Debug/CodeLooper.build/Objects-normal/arm64/CodeLooper.SwiftConstValuesFileList --compile-time-extraction --deployment-aware-processing --validate-assistant-intents --no-app-shortcuts-localization
2025-06-10 00:10:50.459 appintentsmetadataprocessor[99138:11272399] Starting appintentsmetadataprocessor export
2025-06-10 00:10:50.461 appintentsmetadataprocessor[99138:11272399] warning: Metadata extraction skipped. No AppIntents.framework dependency found.

CodeSign /Users/steipete/Library/Developer/Xcode/DerivedData/CodeLooper-crrddjihwjtfkwegrjrymctnfixv/Build/Products/Debug/CodeLooper.app/Contents/MacOS/CodeLooper.debug.dylib (in target 'CodeLooper' from project 'CodeLooper')
    cd /Users/steipete/Projects/CodeLooper
    
    Signing Identity:     "Apple Development: Peter Steinberger (2ZAC4GM7GD)"
    
    /usr/bin/codesign --force --sign B8053E95F02A30D9FDD79E993FCF83E74F94B66E -o runtime --timestamp\=none --generate-entitlement-der /Users/steipete/Library/Developer/Xcode/DerivedData/CodeLooper-crrddjihwjtfkwegrjrymctnfixv/Build/Products/Debug/CodeLooper.app/Contents/MacOS/CodeLooper.debug.dylib

CodeSign /Users/steipete/Library/Developer/Xcode/DerivedData/CodeLooper-crrddjihwjtfkwegrjrymctnfixv/Build/Products/Debug/CodeLooper.app/Contents/MacOS/__preview.dylib (in target 'CodeLooper' from project 'CodeLooper')
    cd /Users/steipete/Projects/CodeLooper
    
    Signing Identity:     "Apple Development: Peter Steinberger (2ZAC4GM7GD)"
    
    /usr/bin/codesign --force --sign B8053E95F02A30D9FDD79E993FCF83E74F94B66E -o runtime --timestamp\=none --generate-entitlement-der /Users/steipete/Library/Developer/Xcode/DerivedData/CodeLooper-crrddjihwjtfkwegrjrymctnfixv/Build/Products/Debug/CodeLooper.app/Contents/MacOS/__preview.dylib

CodeSign /Users/steipete/Library/Developer/Xcode/DerivedData/CodeLooper-crrddjihwjtfkwegrjrymctnfixv/Build/Products/Debug/CodeLooper.app (in target 'CodeLooper' from project 'CodeLooper')
    cd /Users/steipete/Projects/CodeLooper
    
    Signing Identity:     "Apple Development: Peter Steinberger (2ZAC4GM7GD)"
    
    /usr/bin/codesign --force --sign B8053E95F02A30D9FDD79E993FCF83E74F94B66E -o runtime --entitlements /Users/steipete/Library/Developer/Xcode/DerivedData/CodeLooper-crrddjihwjtfkwegrjrymctnfixv/Build/Intermediates.noindex/CodeLooper.build/Debug/CodeLooper.build/CodeLooper.app.xcent --timestamp\=none --generate-entitlement-der /Users/steipete/Library/Developer/Xcode/DerivedData/CodeLooper-crrddjihwjtfkwegrjrymctnfixv/Build/Products/Debug/CodeLooper.app

RegisterExecutionPolicyException /Users/steipete/Library/Developer/Xcode/DerivedData/CodeLooper-crrddjihwjtfkwegrjrymctnfixv/Build/Products/Debug/CodeLooper.app (in target 'CodeLooper' from project 'CodeLooper')
    cd /Users/steipete/Projects/CodeLooper
    builtin-RegisterExecutionPolicyException /Users/steipete/Library/Developer/Xcode/DerivedData/CodeLooper-crrddjihwjtfkwegrjrymctnfixv/Build/Products/Debug/CodeLooper.app

Validate /Users/steipete/Library/Developer/Xcode/DerivedData/CodeLooper-crrddjihwjtfkwegrjrymctnfixv/Build/Products/Debug/CodeLooper.app (in target 'CodeLooper' from project 'CodeLooper')
    cd /Users/steipete/Projects/CodeLooper
    builtin-validationUtility /Users/steipete/Library/Developer/Xcode/DerivedData/CodeLooper-crrddjihwjtfkwegrjrymctnfixv/Build/Products/Debug/CodeLooper.app -no-validate-extension -infoplist-subpath Contents/Info.plist

Touch /Users/steipete/Library/Developer/Xcode/DerivedData/CodeLooper-crrddjihwjtfkwegrjrymctnfixv/Build/Products/Debug/CodeLooper.app (in target 'CodeLooper' from project 'CodeLooper')
    cd /Users/steipete/Projects/CodeLooper
    /usr/bin/touch -c /Users/steipete/Library/Developer/Xcode/DerivedData/CodeLooper-crrddjihwjtfkwegrjrymctnfixv/Build/Products/Debug/CodeLooper.app

RegisterWithLaunchServices /Users/steipete/Library/Developer/Xcode/DerivedData/CodeLooper-crrddjihwjtfkwegrjrymctnfixv/Build/Products/Debug/CodeLooper.app (in target 'CodeLooper' from project 'CodeLooper')
    cd /Users/steipete/Projects/CodeLooper
    /System/Library/Frameworks/CoreServices.framework/Versions/Current/Frameworks/LaunchServices.framework/Versions/Current/Support/lsregister -f -R -trusted /Users/steipete/Library/Developer/Xcode/DerivedData/CodeLooper-crrddjihwjtfkwegrjrymctnfixv/Build/Products/Debug/CodeLooper.app

** BUILD SUCCEEDED **

